#1 [internal] load local bake definitions
#1 reading from stdin 3.22kB done
#1 DONE 0.0s

#2 [internal] load build definition from web.Dockerfile
#2 transferring dockerfile: 511B done
#2 DONE 0.0s

#3 [auth] library/node:pull token for registry-1.docker.io
#3 DONE 0.0s

#4 [auth] library/nginx:pull token for registry-1.docker.io
#4 DONE 0.0s

#5 [internal] load metadata for docker.io/library/node:22-alpine
#5 ...

#6 [internal] load metadata for docker.io/library/nginx:1.27-alpine
#6 DONE 0.3s

#5 [internal] load metadata for docker.io/library/node:22-alpine
#5 DONE 0.3s

#7 [internal] load .dockerignore
#7 transferring context: 653B done
#7 DONE 0.0s

#8 [stage-1 1/3] FROM docker.io/library/nginx:1.27-alpine@sha256:65645c7bb6a0661892a8b03b89d0743208a18dd2f3f17a54ef4b76fb8e2f2a10
#8 resolve docker.io/library/nginx:1.27-alpine@sha256:65645c7bb6a0661892a8b03b89d0743208a18dd2f3f17a54ef4b76fb8e2f2a10 done
#8 ...

#9 [internal] load build context
#9 transferring context: 4.82MB 0.1s done
#9 DONE 0.1s

#8 [stage-1 1/3] FROM docker.io/library/nginx:1.27-alpine@sha256:65645c7bb6a0661892a8b03b89d0743208a18dd2f3f17a54ef4b76fb8e2f2a10
#8 extracting sha256:f18232174bc91741fdf3da96d85011092101a032a93a388b79e99e69c2d5c870 0.1s
#8 sha256:65645c7bb6a0661892a8b03b89d0743208a18dd2f3f17a54ef4b76fb8e2f2a10 10.33kB / 10.33kB done
#8 sha256:62223d644fa234c3a1cc785ee14242ec47a77364226f1c811d2f669f96dc2ac8 2.50kB / 2.50kB done
#8 sha256:6769dc3a703c719c1d2756bda113659be28ae16cf0da58dd5fd823d6b9a050ea 10.79kB / 10.79kB done
#8 sha256:f18232174bc91741fdf3da96d85011092101a032a93a388b79e99e69c2d5c870 3.64MB / 3.64MB 0.1s done
#8 sha256:61ca4f733c802afd9e05a32f0de0361b6d713b8b53292dc15fb093229f648674 1.79MB / 1.79MB 0.1s done
#8 sha256:b464cfdf2a6319875aeb27359ec549790ce14d8214fcb16ef915e4530e5ed235 0B / 629B 0.1s
#8 sha256:d7e5070240863957ebb0b5a44a5729963c3462666baa2947d00628cb5f2d5773 0B / 955B 0.1s
#8 extracting sha256:f18232174bc91741fdf3da96d85011092101a032a93a388b79e99e69c2d5c870 0.1s done
#8 sha256:b464cfdf2a6319875aeb27359ec549790ce14d8214fcb16ef915e4530e5ed235 629B / 629B 0.1s done
#8 sha256:d7e5070240863957ebb0b5a44a5729963c3462666baa2947d00628cb5f2d5773 955B / 955B 0.1s done
#8 sha256:81bd8ed7ec6789b0cb7f1b47ee731c522f6dba83201ec73cd6bca1350f582948 402B / 402B 0.1s done
#8 sha256:197eb75867ef4fcecd4724f17b0972ab0489436860a594a9445f8eaff8155053 1.21kB / 1.21kB 0.1s done
#8 sha256:34a64644b756511a2e217f0508e11d1a572085d66cd6dc9a555a082ad49a3102 1.40kB / 1.40kB 0.1s done
#8 extracting sha256:61ca4f733c802afd9e05a32f0de0361b6d713b8b53292dc15fb093229f648674
#8 extracting sha256:61ca4f733c802afd9e05a32f0de0361b6d713b8b53292dc15fb093229f648674 0.1s done
#8 sha256:39c2ddfd6010082a4a646e7ca44e95aca9bf3eaebc00f17f7ccc2954004f2a7d 15.52MB / 15.52MB 0.2s done
#8 extracting sha256:b464cfdf2a6319875aeb27359ec549790ce14d8214fcb16ef915e4530e5ed235 done
#8 extracting sha256:d7e5070240863957ebb0b5a44a5729963c3462666baa2947d00628cb5f2d5773 done
#8 extracting sha256:81bd8ed7ec6789b0cb7f1b47ee731c522f6dba83201ec73cd6bca1350f582948 done
#8 extracting sha256:197eb75867ef4fcecd4724f17b0972ab0489436860a594a9445f8eaff8155053 done
#8 extracting sha256:34a64644b756511a2e217f0508e11d1a572085d66cd6dc9a555a082ad49a3102 done
#8 extracting sha256:39c2ddfd6010082a4a646e7ca44e95aca9bf3eaebc00f17f7ccc2954004f2a7d
#8 extracting sha256:39c2ddfd6010082a4a646e7ca44e95aca9bf3eaebc00f17f7ccc2954004f2a7d 0.4s done
#8 DONE 1.1s

#10 [stage-1 2/3] COPY deploy/nginx/default.conf /etc/nginx/conf.d/default.conf
#10 DONE 0.0s

#11 [build 1/6] FROM docker.io/library/node:22-alpine@sha256:0a7108bf6c7bf5de370ffb1a3ed6be93d405b43ff159f681a8d18c0e2bc2e402
#11 resolve docker.io/library/node:22-alpine@sha256:0a7108bf6c7bf5de370ffb1a3ed6be93d405b43ff159f681a8d18c0e2bc2e402 done
#11 sha256:2c752226d477b4a886378baa95b9af252be59301b725fdb0b7e15208131505a8 1.72kB / 1.72kB done
#11 sha256:7c3b093add7c43400ee83b815ab2cda98794a10045bcf76ce9bb2f89b97cbc5c 6.48kB / 6.48kB done
#11 sha256:f7f2d304681aaa935c9cfd180850cf616ae843efce7682873d6521ded7268937 55.59MB / 55.59MB 0.2s done
#11 sha256:e554276b05e6306c5ad33cd85bfa7f0693083e21f6114db5abf60a20fb413039 1.26MB / 1.26MB 0.1s done
#11 sha256:d39db1cf9caa4f49c5a2e67111fbe6e0d5eea8ede550cb82f3dc2b79712688d6 447B / 447B 0.0s done
#11 sha256:0a7108bf6c7bf5de370ffb1a3ed6be93d405b43ff159f681a8d18c0e2bc2e402 6.41kB / 6.41kB done
#11 extracting sha256:f7f2d304681aaa935c9cfd180850cf616ae843efce7682873d6521ded7268937 0.9s
#11 extracting sha256:f7f2d304681aaa935c9cfd180850cf616ae843efce7682873d6521ded7268937 1.5s done
#11 extracting sha256:e554276b05e6306c5ad33cd85bfa7f0693083e21f6114db5abf60a20fb413039 0.0s done
#11 extracting sha256:d39db1cf9caa4f49c5a2e67111fbe6e0d5eea8ede550cb82f3dc2b79712688d6
#11 extracting sha256:d39db1cf9caa4f49c5a2e67111fbe6e0d5eea8ede550cb82f3dc2b79712688d6 done
#11 DONE 1.9s

#12 [build 2/6] WORKDIR /app
#12 DONE 0.0s

#13 [build 3/6] COPY web/package.json web/package-lock.json ./
#13 DONE 0.0s

#14 [build 4/6] RUN if [ -n "" ]; then npm config set registry ""; fi     && npm ci
#14 8.448 
#14 8.448 added 346 packages, and audited 347 packages in 8s
#14 8.448 
#14 8.448 118 packages are looking for funding
#14 8.448   run `npm fund` for details
#14 8.460 
#14 8.460 2 vulnerabilities (1 low, 1 high)
#14 8.460 
#14 8.460 To address all issues, run:
#14 8.460   npm audit fix
#14 8.460 
#14 8.460 Run `npm audit` for details.
#14 8.461 npm notice
#14 8.461 npm notice New major version of npm available! 10.9.9 -> 12.2.0
#14 8.461 npm notice Changelog: https://github.com/npm/cli/releases/tag/v12.2.0
#14 8.461 npm notice To update run: npm install -g npm@12.2.0
#14 8.461 npm notice
#14 DONE 9.1s

#15 [build 5/6] COPY web/ ./
#15 DONE 0.0s

#16 [build 6/6] RUN npm run build
#16 0.270 
#16 0.270 > mini-drop-web@0.1.0 build
#16 0.270 > vite build
#16 0.270 
#16 0.612 vite v8.2.2 building client environment for production...
#16 0.632 transforming...
#16 1.371 ✓ 4597 modules transformed.
#16 1.568 rendering chunks...
#16 1.793 computing gzip size...
#16 1.811 dist/index.html                                0.79 kB │ gzip:   0.42 kB
#16 1.811 dist/assets/parseJson.worker-mxB42-VK.js       0.83 kB
#16 1.811 dist/assets/TaskResult-BAn5yWN7.css            0.32 kB │ gzip:   0.24 kB
#16 1.811 dist/assets/flamegraph-VXIZzpiT.css            0.60 kB │ gzip:   0.32 kB
#16 1.811 dist/assets/index-IZHbRe47.css                 8.44 kB │ gzip:   2.63 kB
#16 1.811 dist/assets/AIDiagnosis-ChKDK5_y.css          90.44 kB │ gzip:  16.76 kB
#16 1.811 dist/assets/ErrorAlert-903HQ4EN.js             0.23 kB │ gzip:   0.19 kB
#16 1.811 dist/assets/ArrowLeftOutlined-D5Rce3sA.js      0.60 kB │ gzip:   0.44 kB
#16 1.811 dist/assets/rolldown-runtime-B0Z9INg1.js       0.90 kB │ gzip:   0.51 kB
#16 1.811 dist/assets/agentMetrics-CZoJGXne.js           1.09 kB │ gzip:   0.67 kB
#16 1.811 dist/assets/CloudServerOutlined-nqMoSLwN.js    1.33 kB │ gzip:   0.78 kB
#16 1.811 dist/assets/StatusTag-AVBiLPOz.js              2.03 kB │ gzip:   0.82 kB
#16 1.811 dist/assets/AuditLogs-CLKuAA5c.js              3.87 kB │ gzip:   1.88 kB
#16 1.811 dist/assets/row-D_0PZE5A.js                    5.51 kB │ gzip:   2.24 kB
#16 1.811 dist/assets/collectors-9W4-i_vQ.js             6.12 kB │ gzip:   1.78 kB
#16 1.811 dist/assets/alert-C2yT8MYA.js                  6.35 kB │ gzip:   2.66 kB
#16 1.811 dist/assets/AgentDetail-jxoIQzEZ.js            7.71 kB │ gzip:   3.15 kB
#16 1.811 dist/assets/ThunderboltOutlined-_zhhsc5p.js   10.29 kB │ gzip:   4.07 kB
#16 1.811 dist/assets/usePolling-CeSosOBk.js            16.17 kB │ gzip:   6.83 kB
#16 1.811 dist/assets/Schedules-10l6wFhc.js             17.26 kB │ gzip:   5.82 kB
#16 1.811 dist/assets/input-number-BLKstg1f.js          23.73 kB │ gzip:   8.20 kB
#16 1.811 dist/assets/modal-CGyc8tVo.js                 27.89 kB │ gzip:   9.27 kB
#16 1.811 dist/assets/TaskResult-E3zDOq9_.js            29.61 kB │ gzip:  10.78 kB
#16 1.811 dist/assets/d3-OVqjLuRP.js                    36.91 kB │ gzip:  12.52 kB
#16 1.811 dist/assets/PlayCircleOutlined-DDH4N-mk.js    37.49 kB │ gzip:  12.80 kB
#16 1.811 dist/assets/axios-B0fvnqBc.js                 49.95 kB │ gzip:  18.75 kB
#16 1.811 dist/assets/Dashboard-BffNcTwA.js             50.52 kB │ gzip:  16.62 kB
#16 1.811 dist/assets/index-B_X_9XCC.js                 92.29 kB │ gzip:  32.17 kB
#16 1.811 dist/assets/flamegraph-CSYLKD5W.js            96.97 kB │ gzip:  32.80 kB
#16 1.811 dist/assets/react-C8_Uech3.js                178.38 kB │ gzip:  58.94 kB
#16 1.811 dist/assets/table-B3EaWpvJ.js                343.42 kB │ gzip: 105.31 kB
#16 1.811 dist/assets/SafeMarkdown-DTMU3vYp.js         389.11 kB │ gzip: 122.02 kB
#16 1.811 dist/assets/client-C9stzVXG.js               397.22 kB │ gzip: 127.31 kB
#16 1.811 dist/assets/AIDiagnosis-DcyjBW3x.js          427.34 kB │ gzip: 135.21 kB
#16 1.811 dist/assets/echarts-C79zCWSK.js              612.21 kB │ gzip: 206.37 kB
#16 1.811 
#16 1.812 ✓ built in 1.20s
#16 1.813 [plugin builtin:vite-reporter] 
#16 1.813 (!) Some chunks are larger than 600 kB after minification. Consider:
#16 1.813 - Using dynamic import() to code-split the application
#16 1.813 - Use build.rolldownOptions.output.codeSplitting to improve chunking: https://rolldown.rs/reference/OutputOptions.codeSplitting
#16 1.813 - Adjust chunk size limit for this warning via build.chunkSizeWarningLimit.
#16 DONE 1.9s

#17 [stage-1 3/3] COPY --from=build /app/dist /usr/share/nginx/html
#17 DONE 0.0s

#18 exporting to image
#18 exporting layers
#18 exporting layers 0.9s done
#18 writing image sha256:30fcfa2d05c49893eb524833c95119c355a7e676b150001e94f56f84071ec737 done
#18 naming to docker.io/mini-drop-clean-e13d759899cf4851/web:exact-git done
#18 DONE 0.9s

#19 resolving provenance for metadata file
#19 DONE 0.0s

 web  Built
