2026-10-02T10:29:03.1064866Z Current runner version: '2.337.0'
2026-10-02T10:29:03.1103343Z ##[group]Runner Image Provisioner
2026-10-02T10:29:03.1105393Z Hosted Compute Agent
2026-10-02T10:29:03.1106436Z Version: 20260901.588
2026-10-02T10:29:03.1107676Z Commit: f88ec8081b781fac6c440065ac7ff9e710ce3d0b
2026-10-02T10:29:03.1109562Z Build Date: 2026-09-01T19:56:44Z
2026-10-02T10:29:03.1110843Z Worker ID: {9840c4bb-29dd-4523-97ae-d9d5054bc208}
2026-10-02T10:29:03.1112398Z Azure Region: eastus
2026-10-02T10:29:03.1113536Z ##[endgroup]
2026-10-02T10:29:03.1116075Z ##[group]Operating System
2026-10-02T10:29:03.1117291Z Ubuntu
2026-10-02T10:29:03.1118254Z 22.04.5
2026-10-02T10:29:03.1119717Z LTS
2026-10-02T10:29:03.1120771Z ##[endgroup]
2026-10-02T10:29:03.1121818Z ##[group]Runner Image
2026-10-02T10:29:03.1123254Z Image: ubuntu-22.04
2026-10-02T10:29:03.1124361Z Version: 20260927.309.1
2026-10-02T10:29:03.1126753Z Included Software: https://github.com/actions/runner-images/blob/ubuntu22/20260927.309/images/ubuntu/Ubuntu2204-Readme.md
2026-10-02T10:29:03.1129995Z Image Release: https://github.com/actions/runner-images/releases/tag/ubuntu22%2F20260927.309
2026-10-02T10:29:03.1131843Z ##[endgroup]
2026-10-02T10:29:03.1133837Z ##[group]GITHUB_TOKEN Permissions
2026-10-02T10:29:03.1137137Z Contents: read
2026-10-02T10:29:03.1138147Z Metadata: read
2026-10-02T10:29:03.1139640Z Packages: read
2026-10-02T10:29:03.1140624Z ##[endgroup]
2026-10-02T10:29:03.1143596Z Secret source: Actions
2026-10-02T10:29:03.1145557Z Cache mode: write
2026-10-02T10:29:03.1147152Z Prepare workflow directory
2026-10-02T10:29:03.1642176Z Prepare all required actions
2026-10-02T10:29:03.1714332Z Getting action download info
2026-10-02T10:29:03.3764845Z Download action repository 'actions/checkout@v4' (SHA:11d5960a326750d5838078e36cf38b85af677262)
2026-10-02T10:29:03.4763002Z Download action repository 'actions/setup-node@v4' (SHA:49933ea5288caeca8642d1e84afbd3f7d6820020)
2026-10-02T10:29:03.5666436Z Download action repository 'actions/upload-artifact@v4' (SHA:ea165f8d65b6e75b540449e92b4886f43607fa02)
2026-10-02T10:29:03.7950247Z Complete job name: Web (real Chromium, synthetic fixtures)
2026-10-02T10:29:03.8773845Z ##[group]Run actions/checkout@v4
2026-10-02T10:29:03.8774752Z with:
2026-10-02T10:29:03.8775223Z   repository: llongwang751-arch/mini-drop
2026-10-02T10:29:03.8779773Z   token: ***
2026-10-02T10:29:03.8780216Z   ssh-strict: true
2026-10-02T10:29:03.8780646Z   ssh-user: git
2026-10-02T10:29:03.8781082Z   persist-credentials: true
2026-10-02T10:29:03.8781565Z   clean: true
2026-10-02T10:29:03.8782003Z   sparse-checkout-cone-mode: true
2026-10-02T10:29:03.8782515Z   fetch-depth: 1
2026-10-02T10:29:03.8782937Z   fetch-tags: false
2026-10-02T10:29:03.8783376Z   show-progress: true
2026-10-02T10:29:03.8783812Z   lfs: false
2026-10-02T10:29:03.8784216Z   submodules: false
2026-10-02T10:29:03.8784662Z   set-safe-directory: true
2026-10-02T10:29:03.8785169Z   allow-unsafe-pr-checkout: false
2026-10-02T10:29:03.8786001Z ##[endgroup]
2026-10-02T10:29:03.9893808Z Syncing repository: llongwang751-arch/mini-drop
2026-10-02T10:29:03.9896175Z ##[group]Getting Git version info
2026-10-02T10:29:03.9897015Z Working directory is '/home/runner/work/mini-drop/mini-drop'
2026-10-02T10:29:03.9898236Z [command]/usr/bin/git version
2026-10-02T10:29:03.9952859Z git version 2.55.0
2026-10-02T10:29:03.9977981Z ##[endgroup]
2026-10-02T10:29:03.9995164Z Temporarily overriding HOME='/home/runner/work/_temp/49a1578a-1336-4f58-813d-0e46add55eaa' before making global git config changes
2026-10-02T10:29:03.9997509Z Adding repository directory to the temporary git global config as a safe directory
2026-10-02T10:29:04.0001126Z [command]/usr/bin/git config --global --add safe.directory /home/runner/work/mini-drop/mini-drop
2026-10-02T10:29:04.0052739Z Deleting the contents of '/home/runner/work/mini-drop/mini-drop'
2026-10-02T10:29:04.0055262Z ##[group]Initializing the repository
2026-10-02T10:29:04.0061969Z [command]/usr/bin/git init /home/runner/work/mini-drop/mini-drop
2026-10-02T10:29:04.0212922Z hint: Using 'master' as the name for the initial branch. This default branch name
2026-10-02T10:29:04.0215576Z hint: will change to "main" in Git 3.0. To configure the initial branch name
2026-10-02T10:29:04.0217572Z hint: to use in all of your new repositories, which will suppress this warning,
2026-10-02T10:29:04.0219282Z hint: call:
2026-10-02T10:29:04.0220621Z hint:
2026-10-02T10:29:04.0221836Z hint: 	git config --global init.defaultBranch <name>
2026-10-02T10:29:04.0223052Z hint:
2026-10-02T10:29:04.0224149Z hint: Names commonly chosen instead of 'master' are 'main', 'trunk' and
2026-10-02T10:29:04.0226324Z hint: 'development'. The just-created branch can be renamed via this command:
2026-10-02T10:29:04.0227811Z hint:
2026-10-02T10:29:04.0228952Z hint: 	git branch -m <name>
2026-10-02T10:29:04.0229915Z hint:
2026-10-02T10:29:04.0231118Z hint: Disable this message with "git config set advice.defaultBranchName false"
2026-10-02T10:29:04.0253262Z Initialized empty Git repository in /home/runner/work/mini-drop/mini-drop/.git/
2026-10-02T10:29:04.0256642Z [command]/usr/bin/git remote add origin https://github.com/llongwang751-arch/mini-drop
2026-10-02T10:29:04.0274594Z ##[endgroup]
2026-10-02T10:29:04.0276355Z ##[group]Disabling automatic garbage collection
2026-10-02T10:29:04.0279015Z [command]/usr/bin/git config --local gc.auto 0
2026-10-02T10:29:04.0319457Z ##[endgroup]
2026-10-02T10:29:04.0320904Z ##[group]Setting up auth
2026-10-02T10:29:04.0327952Z [command]/usr/bin/git config --local --name-only --get-regexp core\.sshCommand
2026-10-02T10:29:04.0367267Z [command]/usr/bin/git submodule foreach --recursive sh -c "git config --local --name-only --get-regexp 'core\.sshCommand' && git config --local --unset-all 'core.sshCommand' || :"
2026-10-02T10:29:04.0812428Z [command]/usr/bin/git config --local --name-only --get-regexp http\.https\:\/\/github\.com\/\.extraheader
2026-10-02T10:29:04.0857750Z [command]/usr/bin/git submodule foreach --recursive sh -c "git config --local --name-only --get-regexp 'http\.https\:\/\/github\.com\/\.extraheader' && git config --local --unset-all 'http.https://github.com/.extraheader' || :"
2026-10-02T10:29:04.1155129Z [command]/usr/bin/git config --local --name-only --get-regexp ^includeIf\.gitdir:
2026-10-02T10:29:04.1204813Z [command]/usr/bin/git submodule foreach --recursive git config --local --show-origin --name-only --get-regexp remote.origin.url
2026-10-02T10:29:04.1499493Z [command]/usr/bin/git config --local http.https://github.com/.extraheader AUTHORIZATION: basic ***
2026-10-02T10:29:04.1561811Z ##[endgroup]
2026-10-02T10:29:04.1562949Z ##[group]Fetching the repository
2026-10-02T10:29:04.1576867Z [command]/usr/bin/git -c protocol.version=2 fetch --no-tags --prune --no-recurse-submodules --depth=1 origin +4b09a6ec0f593cd54027f0980993dda3969d5cfc:refs/remotes/pull/1/merge
2026-10-02T10:29:11.2153654Z From https://github.com/llongwang751-arch/mini-drop
2026-10-02T10:29:11.2155602Z  * [new ref]         4b09a6ec0f593cd54027f0980993dda3969d5cfc -> pull/1/merge
2026-10-02T10:29:11.2161415Z ##[endgroup]
2026-10-02T10:29:11.2163384Z ##[group]Determining the checkout info
2026-10-02T10:29:11.2165475Z ##[endgroup]
2026-10-02T10:29:11.2169110Z [command]/usr/bin/git sparse-checkout disable
2026-10-02T10:29:11.2230470Z [command]/usr/bin/git config --local --unset-all extensions.worktreeConfig
2026-10-02T10:29:11.2271443Z ##[group]Checking out the ref
2026-10-02T10:29:11.2274389Z [command]/usr/bin/git checkout --progress --force refs/remotes/pull/1/merge
2026-10-02T10:29:12.2402108Z Updating files:  64% (2808/4371)
2026-10-02T10:29:12.2452968Z Updating files:  65% (2842/4371)
2026-10-02T10:29:12.2487850Z Updating files:  66% (2885/4371)
2026-10-02T10:29:12.2540791Z Updating files:  67% (2929/4371)
2026-10-02T10:29:12.2577689Z Updating files:  68% (2973/4371)
2026-10-02T10:29:12.2803216Z Updating files:  69% (3016/4371)
2026-10-02T10:29:12.3114160Z Updating files:  70% (3060/4371)
2026-10-02T10:29:12.3298174Z Updating files:  71% (3104/4371)
2026-10-02T10:29:12.3357464Z Updating files:  72% (3148/4371)
2026-10-02T10:29:12.3422324Z Updating files:  73% (3191/4371)
2026-10-02T10:29:12.3491869Z Updating files:  74% (3235/4371)
2026-10-02T10:29:12.3581606Z Updating files:  75% (3279/4371)
2026-10-02T10:29:12.3635931Z Updating files:  76% (3322/4371)
2026-10-02T10:29:12.3679907Z Updating files:  77% (3366/4371)
2026-10-02T10:29:12.3703063Z Updating files:  78% (3410/4371)
2026-10-02T10:29:12.3753239Z Updating files:  79% (3454/4371)
2026-10-02T10:29:12.3795272Z Updating files:  80% (3497/4371)
2026-10-02T10:29:12.3835754Z Updating files:  81% (3541/4371)
2026-10-02T10:29:12.3905381Z Updating files:  82% (3585/4371)
2026-10-02T10:29:12.3946307Z Updating files:  83% (3628/4371)
2026-10-02T10:29:12.4003237Z Updating files:  84% (3672/4371)
2026-10-02T10:29:12.4101462Z Updating files:  85% (3716/4371)
2026-10-02T10:29:12.4160260Z Updating files:  86% (3760/4371)
2026-10-02T10:29:12.4219610Z Updating files:  87% (3803/4371)
2026-10-02T10:29:12.4252198Z Updating files:  88% (3847/4371)
2026-10-02T10:29:12.4288030Z Updating files:  89% (3891/4371)
2026-10-02T10:29:12.4322342Z Updating files:  90% (3934/4371)
2026-10-02T10:29:12.4373196Z Updating files:  91% (3978/4371)
2026-10-02T10:29:12.4401395Z Updating files:  92% (4022/4371)
2026-10-02T10:29:12.4431786Z Updating files:  93% (4066/4371)
2026-10-02T10:29:12.4459883Z Updating files:  94% (4109/4371)
2026-10-02T10:29:12.4495475Z Updating files:  95% (4153/4371)
2026-10-02T10:29:12.4630769Z Updating files:  96% (4197/4371)
2026-10-02T10:29:12.4657243Z Updating files:  97% (4240/4371)
2026-10-02T10:29:12.4686927Z Updating files:  98% (4284/4371)
2026-10-02T10:29:12.4712903Z Updating files:  99% (4328/4371)
2026-10-02T10:29:12.4714674Z Updating files: 100% (4371/4371)
2026-10-02T10:29:12.4716420Z Updating files: 100% (4371/4371), done.
2026-10-02T10:29:12.4779079Z Note: switching to 'refs/remotes/pull/1/merge'.
2026-10-02T10:29:12.4780491Z 
2026-10-02T10:29:12.4781635Z You are in 'detached HEAD' state. You can look around, make experimental
2026-10-02T10:29:12.4784413Z changes and commit them, and you can discard any commits you make in this
2026-10-02T10:29:12.4787542Z state without impacting any branches by switching back to a branch.
2026-10-02T10:29:12.4789431Z 
2026-10-02T10:29:12.4893787Z If you want to create a new branch to retain commits you create, you may
2026-10-02T10:29:12.4896996Z do so (now or later) by using -c with the switch command. Example:
2026-10-02T10:29:12.4898803Z 
2026-10-02T10:29:12.4899508Z   git switch -c <new-branch-name>
2026-10-02T10:29:12.4900560Z 
2026-10-02T10:29:12.4901240Z Or undo this operation with:
2026-10-02T10:29:12.4902212Z 
2026-10-02T10:29:12.4902801Z   git switch -
2026-10-02T10:29:12.4903564Z 
2026-10-02T10:29:12.4904861Z Turn off this advice by setting config variable advice.detachedHead to false
2026-10-02T10:29:12.4906761Z 
2026-10-02T10:29:12.4909265Z HEAD is now at 4b09a6e Merge f2cdbe7d711a58e2042bf4ef2cc01a0fcb051cf0 into 609ea8a73f845b496b59b5cae181f515c5919850
2026-10-02T10:29:12.4930351Z ##[endgroup]
2026-10-02T10:29:12.4983348Z [command]/usr/bin/git log -1 --format=%H
2026-10-02T10:29:12.5016055Z 4b09a6ec0f593cd54027f0980993dda3969d5cfc
2026-10-02T10:29:12.5400501Z ##[group]Run actions/setup-node@v4
2026-10-02T10:29:12.5401612Z with:
2026-10-02T10:29:12.5402372Z   node-version: 22
2026-10-02T10:29:12.5403195Z   cache: npm
2026-10-02T10:29:12.5404132Z   cache-dependency-path: web/package-lock.json
2026-10-02T10:29:12.5405306Z   always-auth: false
2026-10-02T10:29:12.5406179Z   check-latest: false
2026-10-02T10:29:12.5415823Z   token: ***
2026-10-02T10:29:12.5416622Z ##[endgroup]
2026-10-02T10:29:12.6982961Z Found in cache @ /opt/hostedtoolcache/node/22.23.3/x64
2026-10-02T10:29:12.6987125Z (node:2032) [DEP0040] DeprecationWarning: The `punycode` module is deprecated. Please use a userland alternative instead.
2026-10-02T10:29:12.6990441Z (Use `node --trace-deprecation ...` to show where the warning was created)
2026-10-02T10:29:12.6993099Z ##[group]Environment details
2026-10-02T10:29:15.1613332Z node: v22.23.3
2026-10-02T10:29:15.1614514Z npm: 10.9.9
2026-10-02T10:29:15.1614970Z yarn: 1.22.22
2026-10-02T10:29:15.1616829Z ##[endgroup]
2026-10-02T10:29:15.1637910Z [command]/opt/hostedtoolcache/node/22.23.3/x64/bin/npm config get cache
2026-10-02T10:29:15.4823108Z /home/runner/.npm
2026-10-02T10:29:15.5583512Z Cache hit for: node-cache-Linux-x64-npm-a79428a48f53c819bdf3224c6f533bf526ae1b21f28f4ee918b0bcba5121d960
2026-10-02T10:29:15.5697636Z (node:2032) [DEP0169] DeprecationWarning: `url.parse()` behavior is not standardized and prone to errors that have security implications. Use the WHATWG URL API instead. CVEs are not issued for `url.parse()` vulnerabilities.
2026-10-02T10:29:15.9881113Z Received 52012766 of 52012766 (100.0%), 133.3 MBs/sec
2026-10-02T10:29:15.9897180Z Cache Size: ~50 MB (52012766 B)
2026-10-02T10:29:16.0029334Z [command]/usr/bin/tar -xf /home/runner/work/_temp/25f51742-422a-4ca5-92ed-456b11e246ac/cache.tzst -P -C /home/runner/work/mini-drop/mini-drop --use-compress-program unzstd
2026-10-02T10:29:16.1738792Z Cache restored successfully
2026-10-02T10:29:16.1861432Z Cache restored from key: node-cache-Linux-x64-npm-a79428a48f53c819bdf3224c6f533bf526ae1b21f28f4ee918b0bcba5121d960
2026-10-02T10:29:16.2037917Z ##[group]Run npm --prefix web ci
2026-10-02T10:29:16.2038687Z [36;1mnpm --prefix web ci[0m
2026-10-02T10:29:16.2401913Z shell: /usr/bin/bash -e {0}
2026-10-02T10:29:16.2402248Z ##[endgroup]
2026-10-02T10:29:24.3580962Z 
2026-10-02T10:29:24.3588069Z added 346 packages, and audited 347 packages in 8s
2026-10-02T10:29:24.3588889Z 
2026-10-02T10:29:24.3589118Z 118 packages are looking for funding
2026-10-02T10:29:24.3589450Z   run `npm fund` for details
2026-10-02T10:29:24.3742733Z 
2026-10-02T10:29:24.3743376Z 2 vulnerabilities (1 low, 1 high)
2026-10-02T10:29:24.3743682Z 
2026-10-02T10:29:24.3743884Z To address all issues, run:
2026-10-02T10:29:24.3744165Z   npm audit fix
2026-10-02T10:29:24.3744312Z 
2026-10-02T10:29:24.3744447Z Run `npm audit` for details.
2026-10-02T10:29:24.4455148Z ##[group]Run npm --prefix web run build
2026-10-02T10:29:24.4455575Z [36;1mnpm --prefix web run build[0m
2026-10-02T10:29:24.4538714Z shell: /usr/bin/bash -e {0}
2026-10-02T10:29:24.4539006Z ##[endgroup]
2026-10-02T10:29:24.5675495Z 
2026-10-02T10:29:24.5676177Z > mini-drop-web@0.1.0 build
2026-10-02T10:29:24.5676855Z > vite build
2026-10-02T10:29:24.5677135Z 
2026-10-02T10:29:24.9458232Z [36mvite v8.2.2 [32mbuilding client environment for production...[36m[39m
2026-10-02T10:29:24.9561133Z transforming...
2026-10-02T10:29:25.6132860Z ✓ 4597 modules transformed.
2026-10-02T10:29:25.8113553Z rendering chunks...
2026-10-02T10:29:26.0139801Z computing gzip size...
2026-10-02T10:29:26.0311269Z dist/index.html                                0.79 kB │ gzip:   0.42 kB
2026-10-02T10:29:26.0312193Z dist/assets/parseJson.worker-mxB42-VK.js       0.83 kB
2026-10-02T10:29:26.0313254Z dist/assets/TaskResult-BAn5yWN7.css            0.32 kB │ gzip:   0.24 kB
2026-10-02T10:29:26.0314490Z dist/assets/flamegraph-VXIZzpiT.css            0.60 kB │ gzip:   0.32 kB
2026-10-02T10:29:26.0315565Z dist/assets/index-IZHbRe47.css                 8.44 kB │ gzip:   2.63 kB
2026-10-02T10:29:26.0316228Z dist/assets/AIDiagnosis-ChKDK5_y.css          90.44 kB │ gzip:  16.76 kB
2026-10-02T10:29:26.0316870Z dist/assets/ErrorAlert-903HQ4EN.js             0.23 kB │ gzip:   0.19 kB
2026-10-02T10:29:26.0317503Z dist/assets/ArrowLeftOutlined-D5Rce3sA.js      0.60 kB │ gzip:   0.44 kB
2026-10-02T10:29:26.0318138Z dist/assets/rolldown-runtime-B0Z9INg1.js       0.90 kB │ gzip:   0.51 kB
2026-10-02T10:29:26.0319136Z dist/assets/agentMetrics-CZoJGXne.js           1.09 kB │ gzip:   0.67 kB
2026-10-02T10:29:26.0319803Z dist/assets/CloudServerOutlined-nqMoSLwN.js    1.33 kB │ gzip:   0.78 kB
2026-10-02T10:29:26.0320444Z dist/assets/StatusTag-AVBiLPOz.js              2.03 kB │ gzip:   0.82 kB
2026-10-02T10:29:26.0321167Z dist/assets/AuditLogs-CLKuAA5c.js              3.87 kB │ gzip:   1.88 kB
2026-10-02T10:29:26.0321785Z dist/assets/row-D_0PZE5A.js                    5.51 kB │ gzip:   2.24 kB
2026-10-02T10:29:26.0322887Z dist/assets/collectors-9W4-i_vQ.js             6.12 kB │ gzip:   1.78 kB
2026-10-02T10:29:26.0324034Z dist/assets/alert-C2yT8MYA.js                  6.35 kB │ gzip:   2.66 kB
2026-10-02T10:29:26.0324802Z dist/assets/AgentDetail-jxoIQzEZ.js            7.71 kB │ gzip:   3.15 kB
2026-10-02T10:29:26.0325426Z dist/assets/ThunderboltOutlined-_zhhsc5p.js   10.29 kB │ gzip:   4.07 kB
2026-10-02T10:29:26.0326053Z dist/assets/usePolling-CeSosOBk.js            16.17 kB │ gzip:   6.83 kB
2026-10-02T10:29:26.0326655Z dist/assets/Schedules-10l6wFhc.js             17.26 kB │ gzip:   5.82 kB
2026-10-02T10:29:26.0327256Z dist/assets/input-number-BLKstg1f.js          23.73 kB │ gzip:   8.20 kB
2026-10-02T10:29:26.0327855Z dist/assets/modal-CGyc8tVo.js                 27.89 kB │ gzip:   9.27 kB
2026-10-02T10:29:26.0328747Z dist/assets/TaskResult-E3zDOq9_.js            29.61 kB │ gzip:  10.78 kB
2026-10-02T10:29:26.0329413Z dist/assets/d3-OVqjLuRP.js                    36.91 kB │ gzip:  12.52 kB
2026-10-02T10:29:26.0330119Z dist/assets/PlayCircleOutlined-DDH4N-mk.js    37.49 kB │ gzip:  12.80 kB
2026-10-02T10:29:26.0330738Z dist/assets/axios-B0fvnqBc.js                 49.95 kB │ gzip:  18.75 kB
2026-10-02T10:29:26.0331335Z dist/assets/Dashboard-BffNcTwA.js             50.52 kB │ gzip:  16.62 kB
2026-10-02T10:29:26.0332166Z dist/assets/index-B_X_9XCC.js                 92.29 kB │ gzip:  32.17 kB
2026-10-02T10:29:26.0332782Z dist/assets/flamegraph-CSYLKD5W.js            96.97 kB │ gzip:  32.80 kB
2026-10-02T10:29:26.0333381Z dist/assets/react-C8_Uech3.js                178.38 kB │ gzip:  58.94 kB
2026-10-02T10:29:26.0333967Z dist/assets/table-B3EaWpvJ.js                343.42 kB │ gzip: 105.31 kB
2026-10-02T10:29:26.0334565Z dist/assets/SafeMarkdown-DTMU3vYp.js         389.11 kB │ gzip: 122.02 kB
2026-10-02T10:29:26.0335170Z dist/assets/client-C9stzVXG.js               397.22 kB │ gzip: 127.31 kB
2026-10-02T10:29:26.0336043Z dist/assets/AIDiagnosis-DcyjBW3x.js          427.34 kB │ gzip: 135.21 kB
2026-10-02T10:29:26.0336695Z dist/assets/echarts-C79zCWSK.js              612.21 kB │ gzip: 206.37 kB
2026-10-02T10:29:26.0336982Z 
2026-10-02T10:29:26.0337252Z [33m[plugin builtin:vite-reporter] 
2026-10-02T10:29:26.0337717Z (!) Some chunks are larger than 600 kB after minification. Consider:
2026-10-02T10:29:26.0338206Z - Using dynamic import() to code-split the application
2026-10-02T10:29:26.0340417Z - Use build.rolldownOptions.output.codeSplitting to improve chunking: https://rolldown.rs/reference/OutputOptions.codeSplitting
2026-10-02T10:29:26.0341403Z - Adjust chunk size limit for this warning via build.chunkSizeWarningLimit.[39m
2026-10-02T10:29:26.0341917Z [32m✓ built in 1.08s[39m
2026-10-02T10:29:26.0763304Z ##[group]Run npx --yes playwright@1.55.0 install --with-deps chromium
2026-10-02T10:29:26.0763843Z [36;1mnpx --yes playwright@1.55.0 install --with-deps chromium[0m
2026-10-02T10:29:26.0836910Z shell: /usr/bin/bash -e {0}
2026-10-02T10:29:26.0837181Z ##[endgroup]
2026-10-02T10:29:29.2270183Z ╔═══════════════════════════════════════════════════════════════════════════════╗
2026-10-02T10:29:29.2271128Z ║ WARNING: It looks like you are running 'npx playwright install' without first ║
2026-10-02T10:29:29.2271994Z ║ installing your project's dependencies.                                       ║
2026-10-02T10:29:29.2273060Z ║                                                                               ║
2026-10-02T10:29:29.2274571Z ║ To avoid unexpected behavior, please install your dependencies first, and     ║
2026-10-02T10:29:29.2275764Z ║ then run Playwright's install command:                                        ║
2026-10-02T10:29:29.2277028Z ║                                                                               ║
2026-10-02T10:29:29.2278097Z ║     npm install                                                               ║
2026-10-02T10:29:29.2279542Z ║     npx playwright install                                                    ║
2026-10-02T10:29:29.2280198Z ║                                                                               ║
2026-10-02T10:29:29.2281221Z ║ If your project does not yet depend on Playwright, first install the          ║
2026-10-02T10:29:29.2282005Z ║ applicable npm package (most commonly @playwright/test), and                  ║
2026-10-02T10:29:29.2282782Z ║ then run Playwright's install command to download the browsers:               ║
2026-10-02T10:29:29.2283442Z ║                                                                               ║
2026-10-02T10:29:29.2284071Z ║     npm install @playwright/test                                              ║
2026-10-02T10:29:29.2284768Z ║     npx playwright install                                                    ║
2026-10-02T10:29:29.2285383Z ║                                                                               ║
2026-10-02T10:29:29.2285945Z ╚═══════════════════════════════════════════════════════════════════════════════╝
2026-10-02T10:29:29.2286364Z Installing dependencies...
2026-10-02T10:29:29.2391712Z Switching to root user to install dependencies...
2026-10-02T10:29:29.3500400Z Get:1 file:/etc/apt/apt-mirrors.txt Mirrorlist [144 B]
2026-10-02T10:29:29.3742725Z Get:6 https://packages.microsoft.com/ubuntu/22.04/prod jammy InRelease [3632 B]
2026-10-02T10:29:29.3885841Z Hit:2 http://azure.archive.ubuntu.com/ubuntu jammy InRelease
2026-10-02T10:29:29.3911475Z Get:3 http://azure.archive.ubuntu.com/ubuntu jammy-updates InRelease [128 kB]
2026-10-02T10:29:29.3950365Z Get:4 http://azure.archive.ubuntu.com/ubuntu jammy-backports InRelease [127 kB]
2026-10-02T10:29:29.3959055Z Get:5 http://azure.archive.ubuntu.com/ubuntu jammy-security InRelease [129 kB]
2026-10-02T10:29:29.4650226Z Get:7 https://packages.microsoft.com/ubuntu/22.04/prod jammy/main arm64 Packages [550 kB]
2026-10-02T10:29:29.4797662Z Get:8 https://packages.microsoft.com/ubuntu/22.04/prod jammy/main amd64 Packages [792 kB]
2026-10-02T10:29:29.6698627Z Get:9 http://azure.archive.ubuntu.com/ubuntu jammy-updates/main amd64 Packages [3899 kB]
2026-10-02T10:29:29.6910149Z Get:10 http://azure.archive.ubuntu.com/ubuntu jammy-updates/main Translation-en [575 kB]
2026-10-02T10:29:29.6954434Z Get:11 http://azure.archive.ubuntu.com/ubuntu jammy-updates/restricted amd64 Packages [6701 kB]
2026-10-02T10:29:29.7303856Z Get:12 http://azure.archive.ubuntu.com/ubuntu jammy-updates/restricted Translation-en [1287 kB]
2026-10-02T10:29:29.7401426Z Get:13 http://azure.archive.ubuntu.com/ubuntu jammy-updates/universe amd64 Packages [1285 kB]
2026-10-02T10:29:29.7470549Z Get:14 http://azure.archive.ubuntu.com/ubuntu jammy-updates/universe Translation-en [325 kB]
2026-10-02T10:29:29.9210570Z Get:15 http://azure.archive.ubuntu.com/ubuntu jammy-security/main amd64 Packages [3598 kB]
2026-10-02T10:29:29.9360883Z Get:16 http://azure.archive.ubuntu.com/ubuntu jammy-security/main Translation-en [504 kB]
2026-10-02T10:29:29.9378956Z Get:17 http://azure.archive.ubuntu.com/ubuntu jammy-security/restricted amd64 Packages [6410 kB]
2026-10-02T10:29:29.9730765Z Get:18 http://azure.archive.ubuntu.com/ubuntu jammy-security/restricted Translation-en [1232 kB]
2026-10-02T10:29:30.0212479Z Get:19 http://azure.archive.ubuntu.com/ubuntu jammy-security/universe amd64 Packages [1052 kB]
2026-10-02T10:29:30.0270112Z Get:20 http://azure.archive.ubuntu.com/ubuntu jammy-security/universe Translation-en [236 kB]
2026-10-02T10:29:36.3184300Z Fetched 28.8 MB in 3s (8754 kB/s)
2026-10-02T10:29:37.7350431Z Reading package lists...
2026-10-02T10:29:37.8001785Z Reading package lists...
2026-10-02T10:29:38.0861279Z Building dependency tree...
2026-10-02T10:29:38.0873511Z Reading state information...
2026-10-02T10:29:38.2821931Z fonts-liberation is already the newest version (1:1.07.4-11).
2026-10-02T10:29:38.2822821Z fonts-liberation set to manually installed.
2026-10-02T10:29:38.2823626Z libatk-bridge2.0-0 is already the newest version (2.38.0-3).
2026-10-02T10:29:38.2824443Z libatk-bridge2.0-0 set to manually installed.
2026-10-02T10:29:38.2825311Z libatk1.0-0 is already the newest version (2.36.0-3build1).
2026-10-02T10:29:38.2826762Z libatk1.0-0 set to manually installed.
2026-10-02T10:29:38.2827459Z libatspi2.0-0 is already the newest version (2.44.0-3).
2026-10-02T10:29:38.2828118Z libatspi2.0-0 set to manually installed.
2026-10-02T10:29:38.2829176Z libfontconfig1 is already the newest version (2.13.1-4.2ubuntu5).
2026-10-02T10:29:38.2829894Z libfontconfig1 set to manually installed.
2026-10-02T10:29:38.2830532Z libxcb1 is already the newest version (1.14-3ubuntu3).
2026-10-02T10:29:38.2831155Z libxcb1 set to manually installed.
2026-10-02T10:29:38.2831589Z libxcomposite1 is already the newest version (1:0.4.5-1build2).
2026-10-02T10:29:38.2832041Z libxcomposite1 set to manually installed.
2026-10-02T10:29:38.2832472Z libxdamage1 is already the newest version (1:1.1.5-2build2).
2026-10-02T10:29:38.2832867Z libxdamage1 set to manually installed.
2026-10-02T10:29:38.2833605Z libxext6 is already the newest version (2:1.3.4-1build1).
2026-10-02T10:29:38.2834097Z libxext6 set to manually installed.
2026-10-02T10:29:38.2834490Z libxfixes3 is already the newest version (1:6.0.0-1).
2026-10-02T10:29:38.2834866Z libxfixes3 set to manually installed.
2026-10-02T10:29:38.2835248Z libxkbcommon0 is already the newest version (1.4.0-1).
2026-10-02T10:29:38.2835636Z libxkbcommon0 set to manually installed.
2026-10-02T10:29:38.2836317Z libxrandr2 is already the newest version (2:1.5.2-1build1).
2026-10-02T10:29:38.2836753Z libxrandr2 set to manually installed.
2026-10-02T10:29:38.2837234Z fonts-noto-color-emoji is already the newest version (2.047-0ubuntu0.22.04.1).
2026-10-02T10:29:38.2837781Z libasound2 is already the newest version (1.2.6.1-1ubuntu1.2).
2026-10-02T10:29:38.2838206Z libasound2 set to manually installed.
2026-10-02T10:29:38.2839288Z libcairo2 is already the newest version (1.16.0-5ubuntu2.1).
2026-10-02T10:29:38.2839967Z libcairo2 set to manually installed.
2026-10-02T10:29:38.2840709Z libcups2 is already the newest version (2.4.1op1-1ubuntu4.21).
2026-10-02T10:29:38.2841388Z libcups2 set to manually installed.
2026-10-02T10:29:38.2842082Z libdbus-1-3 is already the newest version (1.12.20-2ubuntu4.1).
2026-10-02T10:29:38.2842500Z libdbus-1-3 set to manually installed.
2026-10-02T10:29:38.2842926Z libdrm2 is already the newest version (2.4.113-2~ubuntu0.22.04.1).
2026-10-02T10:29:38.2843325Z libdrm2 set to manually installed.
2026-10-02T10:29:38.2843755Z libfreetype6 is already the newest version (2.11.1+dfsg-1ubuntu0.3).
2026-10-02T10:29:38.2844723Z libfreetype6 set to manually installed.
2026-10-02T10:29:38.2845508Z libgbm1 is already the newest version (23.2.1-1ubuntu3.1~22.04.4).
2026-10-02T10:29:38.2846205Z libgbm1 set to manually installed.
2026-10-02T10:29:38.2846880Z libglib2.0-0 is already the newest version (2.72.4-0ubuntu2.10).
2026-10-02T10:29:38.2847310Z libglib2.0-0 set to manually installed.
2026-10-02T10:29:38.2847743Z libnspr4 is already the newest version (2:4.35-0ubuntu0.22.04.1).
2026-10-02T10:29:38.2849303Z libnss3 is already the newest version (2:3.98-0ubuntu0.22.04.4).
2026-10-02T10:29:38.2850475Z libpango-1.0-0 is already the newest version (1.50.6+ds-2ubuntu1).
2026-10-02T10:29:38.2877677Z libpango-1.0-0 set to manually installed.
2026-10-02T10:29:38.2878779Z libwayland-client0 is already the newest version (1.20.0-1ubuntu0.1).
2026-10-02T10:29:38.2879607Z libwayland-client0 set to manually installed.
2026-10-02T10:29:38.2880403Z libx11-6 is already the newest version (2:1.7.5-1ubuntu0.3).
2026-10-02T10:29:38.2881095Z libx11-6 set to manually installed.
2026-10-02T10:29:38.2881838Z xvfb is already the newest version (2:21.1.4-2ubuntu1.7~22.04.16).
2026-10-02T10:29:38.2882662Z The following additional packages will be installed:
2026-10-02T10:29:38.2883392Z   xfonts-encodings xfonts-utils
2026-10-02T10:29:38.2883894Z Recommended packages:
2026-10-02T10:29:38.2884377Z   fonts-ipafont-mincho fonts-tlwg-loma
2026-10-02T10:29:38.3081838Z The following NEW packages will be installed:
2026-10-02T10:29:38.3082760Z   fonts-freefont-ttf fonts-ipafont-gothic fonts-tlwg-loma-otf fonts-unifont
2026-10-02T10:29:38.3090163Z   fonts-wqy-zenhei xfonts-cyrillic xfonts-encodings xfonts-scalable
2026-10-02T10:29:38.3090878Z   xfonts-utils
2026-10-02T10:29:38.3278611Z 0 upgraded, 9 newly installed, 0 to remove and 20 not upgraded.
2026-10-02T10:29:38.3279864Z Need to get 18.4 MB of archives.
2026-10-02T10:29:38.3280825Z After this operation, 56.8 MB of additional disk space will be used.
2026-10-02T10:29:38.3281712Z Get:1 file:/etc/apt/apt-mirrors.txt Mirrorlist [144 B]
2026-10-02T10:29:38.3670834Z Get:2 http://azure.archive.ubuntu.com/ubuntu jammy/universe amd64 fonts-ipafont-gothic all 00303-21ubuntu1 [3513 kB]
2026-10-02T10:29:38.4186883Z Get:3 http://azure.archive.ubuntu.com/ubuntu jammy/main amd64 fonts-freefont-ttf all 20120503-10build1 [2388 kB]
2026-10-02T10:29:38.4531359Z Get:4 http://azure.archive.ubuntu.com/ubuntu jammy/universe amd64 fonts-tlwg-loma-otf all 1:0.7.3-1 [107 kB]
2026-10-02T10:29:38.4682532Z Get:5 http://azure.archive.ubuntu.com/ubuntu jammy/universe amd64 fonts-unifont all 1:14.0.01-1 [3551 kB]
2026-10-02T10:29:38.5143550Z Get:6 http://azure.archive.ubuntu.com/ubuntu jammy/universe amd64 fonts-wqy-zenhei all 0.9.45-8 [7472 kB]
2026-10-02T10:29:38.6167024Z Get:7 http://azure.archive.ubuntu.com/ubuntu jammy/main amd64 xfonts-encodings all 1:1.0.5-0ubuntu2 [578 kB]
2026-10-02T10:29:38.6360827Z Get:8 http://azure.archive.ubuntu.com/ubuntu jammy/main amd64 xfonts-utils amd64 1:7.7+6build2 [94.6 kB]
2026-10-02T10:29:38.6512676Z Get:9 http://azure.archive.ubuntu.com/ubuntu jammy/universe amd64 xfonts-cyrillic all 1:1.0.5 [386 kB]
2026-10-02T10:29:38.6761109Z Get:10 http://azure.archive.ubuntu.com/ubuntu jammy/main amd64 xfonts-scalable all 1:1.0.3-1.2ubuntu1 [306 kB]
2026-10-02T10:29:39.0202453Z Fetched 18.4 MB in 0s (49.3 MB/s)
2026-10-02T10:29:39.0540401Z Selecting previously unselected package fonts-ipafont-gothic.
2026-10-02T10:29:39.0914575Z (Reading database ... 
2026-10-02T10:29:39.0915069Z (Reading database ... 5%
2026-10-02T10:29:39.0915492Z (Reading database ... 10%
2026-10-02T10:29:39.0915785Z (Reading database ... 15%
2026-10-02T10:29:39.0916031Z (Reading database ... 20%
2026-10-02T10:29:39.0916284Z (Reading database ... 25%
2026-10-02T10:29:39.0916572Z (Reading database ... 30%
2026-10-02T10:29:39.0917025Z (Reading database ... 35%
2026-10-02T10:29:39.0917490Z (Reading database ... 40%
2026-10-02T10:29:39.0917757Z (Reading database ... 45%
2026-10-02T10:29:39.0918021Z (Reading database ... 50%
2026-10-02T10:29:39.1557760Z (Reading database ... 55%
2026-10-02T10:29:39.3615056Z (Reading database ... 60%
2026-10-02T10:29:39.5081491Z (Reading database ... 65%
2026-10-02T10:29:39.7205189Z (Reading database ... 70%
2026-10-02T10:29:39.8058561Z (Reading database ... 75%
2026-10-02T10:29:39.9161386Z (Reading database ... 80%
2026-10-02T10:29:40.0518147Z (Reading database ... 85%
2026-10-02T10:29:40.2662246Z (Reading database ... 90%
2026-10-02T10:29:40.4654823Z (Reading database ... 95%
2026-10-02T10:29:40.4655498Z (Reading database ... 100%
2026-10-02T10:29:40.4656450Z (Reading database ... 260411 files and directories currently installed.)
2026-10-02T10:29:40.4709594Z Preparing to unpack .../0-fonts-ipafont-gothic_00303-21ubuntu1_all.deb ...
2026-10-02T10:29:40.4815422Z Unpacking fonts-ipafont-gothic (00303-21ubuntu1) ...
2026-10-02T10:29:40.7436469Z Selecting previously unselected package fonts-freefont-ttf.
2026-10-02T10:29:40.7643849Z Preparing to unpack .../1-fonts-freefont-ttf_20120503-10build1_all.deb ...
2026-10-02T10:29:40.7652239Z Unpacking fonts-freefont-ttf (20120503-10build1) ...
2026-10-02T10:29:40.9614057Z Selecting previously unselected package fonts-tlwg-loma-otf.
2026-10-02T10:29:40.9820914Z Preparing to unpack .../2-fonts-tlwg-loma-otf_1%3a0.7.3-1_all.deb ...
2026-10-02T10:29:40.9830067Z Unpacking fonts-tlwg-loma-otf (1:0.7.3-1) ...
2026-10-02T10:29:41.0075470Z Selecting previously unselected package fonts-unifont.
2026-10-02T10:29:41.0283088Z Preparing to unpack .../3-fonts-unifont_1%3a14.0.01-1_all.deb ...
2026-10-02T10:29:41.0289764Z Unpacking fonts-unifont (1:14.0.01-1) ...
2026-10-02T10:29:41.1244691Z Selecting previously unselected package fonts-wqy-zenhei.
2026-10-02T10:29:41.1453753Z Preparing to unpack .../4-fonts-wqy-zenhei_0.9.45-8_all.deb ...
2026-10-02T10:29:41.1575725Z Unpacking fonts-wqy-zenhei (0.9.45-8) ...
2026-10-02T10:29:41.6826964Z Selecting previously unselected package xfonts-encodings.
2026-10-02T10:29:41.7035930Z Preparing to unpack .../5-xfonts-encodings_1%3a1.0.5-0ubuntu2_all.deb ...
2026-10-02T10:29:41.7044470Z Unpacking xfonts-encodings (1:1.0.5-0ubuntu2) ...
2026-10-02T10:29:41.7385599Z Selecting previously unselected package xfonts-utils.
2026-10-02T10:29:41.7593267Z Preparing to unpack .../6-xfonts-utils_1%3a7.7+6build2_amd64.deb ...
2026-10-02T10:29:41.7600817Z Unpacking xfonts-utils (1:7.7+6build2) ...
2026-10-02T10:29:41.8019844Z Selecting previously unselected package xfonts-cyrillic.
2026-10-02T10:29:41.8226061Z Preparing to unpack .../7-xfonts-cyrillic_1%3a1.0.5_all.deb ...
2026-10-02T10:29:41.8235373Z Unpacking xfonts-cyrillic (1:1.0.5) ...
2026-10-02T10:29:41.8776076Z Selecting previously unselected package xfonts-scalable.
2026-10-02T10:29:41.8983765Z Preparing to unpack .../8-xfonts-scalable_1%3a1.0.3-1.2ubuntu1_all.deb ...
2026-10-02T10:29:41.8991920Z Unpacking xfonts-scalable (1:1.0.3-1.2ubuntu1) ...
2026-10-02T10:29:41.9555225Z Setting up fonts-wqy-zenhei (0.9.45-8) ...
2026-10-02T10:29:41.9678080Z Setting up fonts-freefont-ttf (20120503-10build1) ...
2026-10-02T10:29:41.9696475Z Setting up fonts-tlwg-loma-otf (1:0.7.3-1) ...
2026-10-02T10:29:41.9714128Z Setting up xfonts-encodings (1:1.0.5-0ubuntu2) ...
2026-10-02T10:29:41.9731968Z Setting up fonts-ipafont-gothic (00303-21ubuntu1) ...
2026-10-02T10:29:41.9812739Z update-alternatives: using /usr/share/fonts/opentype/ipafont-gothic/ipag.ttf to provide /usr/share/fonts/truetype/fonts-japanese-gothic.ttf (fonts-japanese-gothic.ttf) in auto mode
2026-10-02T10:29:41.9832756Z Setting up fonts-unifont (1:14.0.01-1) ...
2026-10-02T10:29:41.9852578Z Setting up xfonts-utils (1:7.7+6build2) ...
2026-10-02T10:29:41.9895678Z Setting up xfonts-cyrillic (1:1.0.5) ...
2026-10-02T10:29:42.0261792Z Setting up xfonts-scalable (1:1.0.3-1.2ubuntu1) ...
2026-10-02T10:29:42.0571440Z Processing triggers for man-db (2.10.2-1) ...
2026-10-02T10:29:42.0594133Z Not building database; man-db/auto-update is not 'true'.
2026-10-02T10:29:42.0606622Z Processing triggers for fontconfig (2.13.1-4.2ubuntu5) ...
2026-10-02T10:29:42.7793875Z 
2026-10-02T10:29:42.7794977Z Running kernel seems to be up-to-date.
2026-10-02T10:29:42.7795490Z 
2026-10-02T10:29:42.7795759Z No services need to be restarted.
2026-10-02T10:29:42.7795991Z 
2026-10-02T10:29:42.7796202Z No containers need to be restarted.
2026-10-02T10:29:42.7796789Z 
2026-10-02T10:29:42.7797027Z No user sessions are running outdated binaries.
2026-10-02T10:29:42.7797318Z 
2026-10-02T10:29:42.7797687Z No VM guests are running outdated hypervisor (qemu) binaries on this host.
2026-10-02T10:29:44.7246731Z Downloading Chromium 140.0.7339.16 (playwright build v1187) from https://cdn.playwright.dev/dbazure/download/playwright/builds/chromium/1187/chromium-linux.zip
2026-10-02T10:29:44.8564588Z |                                                                                |   0% of 173.7 MiB
2026-10-02T10:29:44.9834205Z |■■■■■■■■                                                                        |  10% of 173.7 MiB
2026-10-02T10:29:45.0695555Z |■■■■■■■■■■■■■■■■                                                                |  20% of 173.7 MiB
2026-10-02T10:29:45.1523610Z |■■■■■■■■■■■■■■■■■■■■■■■■                                                        |  30% of 173.7 MiB
2026-10-02T10:29:45.2155430Z |■■■■■■■■■■■■■■■■■■■■■■■■■■■■■■■■                                                |  40% of 173.7 MiB
2026-10-02T10:29:45.2823686Z |■■■■■■■■■■■■■■■■■■■■■■■■■■■■■■■■■■■■■■■■                                        |  50% of 173.7 MiB
2026-10-02T10:29:45.3489325Z |■■■■■■■■■■■■■■■■■■■■■■■■■■■■■■■■■■■■■■■■■■■■■■■■                                |  60% of 173.7 MiB
2026-10-02T10:29:45.4091838Z |■■■■■■■■■■■■■■■■■■■■■■■■■■■■■■■■■■■■■■■■■■■■■■■■■■■■■■■■                        |  70% of 173.7 MiB
2026-10-02T10:29:45.4673203Z |■■■■■■■■■■■■■■■■■■■■■■■■■■■■■■■■■■■■■■■■■■■■■■■■■■■■■■■■■■■■■■■■                |  80% of 173.7 MiB
2026-10-02T10:29:45.5296574Z |■■■■■■■■■■■■■■■■■■■■■■■■■■■■■■■■■■■■■■■■■■■■■■■■■■■■■■■■■■■■■■■■■■■■■■■■        |  90% of 173.7 MiB
2026-10-02T10:29:45.5886669Z |■■■■■■■■■■■■■■■■■■■■■■■■■■■■■■■■■■■■■■■■■■■■■■■■■■■■■■■■■■■■■■■■■■■■■■■■■■■■■■■■| 100% of 173.7 MiB
2026-10-02T10:29:48.9376910Z Chromium 140.0.7339.16 (playwright build v1187) downloaded to /home/runner/.cache/ms-playwright/chromium-1187
2026-10-02T10:29:48.9380082Z Downloading FFMPEG playwright build v1011 from https://cdn.playwright.dev/dbazure/download/playwright/builds/ffmpeg/1011/ffmpeg-linux.zip
2026-10-02T10:29:49.0678242Z |                                                                                |   0% of 2.3 MiB
2026-10-02T10:29:49.0724965Z |■■■■■■■■                                                                        |  10% of 2.3 MiB
2026-10-02T10:29:49.0750350Z |■■■■■■■■■■■■■■■■                                                                |  20% of 2.3 MiB
2026-10-02T10:29:49.0771535Z |■■■■■■■■■■■■■■■■■■■■■■■■                                                        |  30% of 2.3 MiB
2026-10-02T10:29:49.0785888Z |■■■■■■■■■■■■■■■■■■■■■■■■■■■■■■■■                                                |  40% of 2.3 MiB
2026-10-02T10:29:49.0806245Z |■■■■■■■■■■■■■■■■■■■■■■■■■■■■■■■■■■■■■■■■                                        |  50% of 2.3 MiB
2026-10-02T10:29:49.0820046Z |■■■■■■■■■■■■■■■■■■■■■■■■■■■■■■■■■■■■■■■■■■■■■■■■                                |  60% of 2.3 MiB
2026-10-02T10:29:49.0841415Z |■■■■■■■■■■■■■■■■■■■■■■■■■■■■■■■■■■■■■■■■■■■■■■■■■■■■■■■■                        |  70% of 2.3 MiB
2026-10-02T10:29:49.0863606Z |■■■■■■■■■■■■■■■■■■■■■■■■■■■■■■■■■■■■■■■■■■■■■■■■■■■■■■■■■■■■■■■■                |  80% of 2.3 MiB
2026-10-02T10:29:49.0877904Z |■■■■■■■■■■■■■■■■■■■■■■■■■■■■■■■■■■■■■■■■■■■■■■■■■■■■■■■■■■■■■■■■■■■■■■■■        |  90% of 2.3 MiB
2026-10-02T10:29:49.0893440Z |■■■■■■■■■■■■■■■■■■■■■■■■■■■■■■■■■■■■■■■■■■■■■■■■■■■■■■■■■■■■■■■■■■■■■■■■■■■■■■■■| 100% of 2.3 MiB
2026-10-02T10:29:49.1457226Z FFMPEG playwright build v1011 downloaded to /home/runner/.cache/ms-playwright/ffmpeg-1011
2026-10-02T10:29:49.1461933Z Downloading Chromium Headless Shell 140.0.7339.16 (playwright build v1187) from https://cdn.playwright.dev/dbazure/download/playwright/builds/chromium/1187/chromium-headless-shell-linux.zip
2026-10-02T10:29:49.2683583Z |                                                                                |   0% of 104.3 MiB
2026-10-02T10:29:49.3553206Z |■■■■■■■■                                                                        |  10% of 104.3 MiB
2026-10-02T10:29:49.4180096Z |■■■■■■■■■■■■■■■■                                                                |  20% of 104.3 MiB
2026-10-02T10:29:49.4720772Z |■■■■■■■■■■■■■■■■■■■■■■■■                                                        |  30% of 104.3 MiB
2026-10-02T10:29:49.5273015Z |■■■■■■■■■■■■■■■■■■■■■■■■■■■■■■■■                                                |  40% of 104.3 MiB
2026-10-02T10:29:49.5786228Z |■■■■■■■■■■■■■■■■■■■■■■■■■■■■■■■■■■■■■■■■                                        |  50% of 104.3 MiB
2026-10-02T10:29:49.6232747Z |■■■■■■■■■■■■■■■■■■■■■■■■■■■■■■■■■■■■■■■■■■■■■■■■                                |  60% of 104.3 MiB
2026-10-02T10:29:49.6682985Z |■■■■■■■■■■■■■■■■■■■■■■■■■■■■■■■■■■■■■■■■■■■■■■■■■■■■■■■■                        |  70% of 104.3 MiB
2026-10-02T10:29:49.7086582Z |■■■■■■■■■■■■■■■■■■■■■■■■■■■■■■■■■■■■■■■■■■■■■■■■■■■■■■■■■■■■■■■■                |  80% of 104.3 MiB
2026-10-02T10:29:49.7400716Z |■■■■■■■■■■■■■■■■■■■■■■■■■■■■■■■■■■■■■■■■■■■■■■■■■■■■■■■■■■■■■■■■■■■■■■■■        |  90% of 104.3 MiB
2026-10-02T10:29:49.7790885Z |■■■■■■■■■■■■■■■■■■■■■■■■■■■■■■■■■■■■■■■■■■■■■■■■■■■■■■■■■■■■■■■■■■■■■■■■■■■■■■■■| 100% of 104.3 MiB
2026-10-02T10:29:51.6270218Z Chromium Headless Shell 140.0.7339.16 (playwright build v1187) downloaded to /home/runner/.cache/ms-playwright/chromium_headless_shell-1187
2026-10-02T10:29:51.8179797Z ##[group]Run node scripts/verify_frontend_workbench.mjs --output output/web-browser
2026-10-02T10:29:51.8180443Z [36;1mnode scripts/verify_frontend_workbench.mjs --output output/web-browser[0m
2026-10-02T10:29:51.8252483Z shell: /usr/bin/bash -e {0}
2026-10-02T10:29:51.8252749Z ##[endgroup]
2026-10-02T10:30:08.3806197Z {"passed":true,"checks":["primary entry visible; example fills and focuses the visible composer","mobile no page overflow","check result visible in first viewport; persisted finding retained (top=511px)","active diagnosis fits narrow laptop and mobile","default workbench view renders the real parent-child tree","fullscreen tree canvas fills viewport (height=620px)","failed refresh retains report; retry clears warning","engineering scores 21/21, localization 6/21 and refutations 8 retain all 21 scenarios at four widths; no legacy score display or fetch despite mixed-version fixtures"],"output":"/home/runner/work/mini-drop/mini-drop/output/web-browser"}
2026-10-02T10:30:08.4472932Z ##[group]Run actions/upload-artifact@v4
2026-10-02T10:30:08.4473412Z with:
2026-10-02T10:30:08.4473845Z   name: web-browser-4b09a6ec0f593cd54027f0980993dda3969d5cfc-1
2026-10-02T10:30:08.4474423Z   path: output/web-browser/
2026-10-02T10:30:08.4474812Z   if-no-files-found: error
2026-10-02T10:30:08.4475199Z   retention-days: 14
2026-10-02T10:30:08.4475550Z   compression-level: 6
2026-10-02T10:30:08.4475897Z   overwrite: false
2026-10-02T10:30:08.4476249Z   include-hidden-files: false
2026-10-02T10:30:08.4476638Z ##[endgroup]
2026-10-02T10:30:08.6449763Z (node:3173) [DEP0040] DeprecationWarning: The `punycode` module is deprecated. Please use a userland alternative instead.
2026-10-02T10:30:08.6451207Z (Use `node --trace-deprecation ...` to show where the warning was created)
2026-10-02T10:30:08.6570354Z With the provided path, there will be 13 files uploaded
2026-10-02T10:30:08.6577860Z Artifact name is valid!
2026-10-02T10:30:08.6579103Z Root directory input is valid!
2026-10-02T10:30:08.8581001Z Beginning upload of artifact content to blob storage
2026-10-02T10:30:08.9491687Z (node:3173) [DEP0169] DeprecationWarning: `url.parse()` behavior is not standardized and prone to errors that have security implications. Use the WHATWG URL API instead. CVEs are not issued for `url.parse()` vulnerabilities.
2026-10-02T10:30:09.0135196Z Uploaded bytes 1490800
2026-10-02T10:30:09.0303534Z Finished uploading artifact content to blob storage!
2026-10-02T10:30:09.0304963Z SHA256 digest of uploaded artifact zip is 44d6f5663f552714937a26fa2776926f2e6c73f7fb7516b39100cdd6a37649fb
2026-10-02T10:30:09.0306538Z Finalizing artifact upload
2026-10-02T10:30:09.2453715Z Artifact web-browser-4b09a6ec0f593cd54027f0980993dda3969d5cfc-1.zip successfully finalized. Artifact ID 11222080313
2026-10-02T10:30:09.2455960Z Artifact web-browser-4b09a6ec0f593cd54027f0980993dda3969d5cfc-1 has been successfully uploaded! Final size is 1490800 bytes. Artifact ID is 11222080313
2026-10-02T10:30:09.2462620Z Artifact download URL: https://github.com/llongwang751-arch/mini-drop/actions/runs/36995708503/artifacts/11222080313
2026-10-02T10:30:09.2651684Z Post job cleanup.
2026-10-02T10:30:09.3996795Z (node:3185) [DEP0040] DeprecationWarning: The `punycode` module is deprecated. Please use a userland alternative instead.
2026-10-02T10:30:09.3997733Z (Use `node --trace-deprecation ...` to show where the warning was created)
2026-10-02T10:30:09.4001424Z Cache hit occurred on the primary key node-cache-Linux-x64-npm-a79428a48f53c819bdf3224c6f533bf526ae1b21f28f4ee918b0bcba5121d960, not saving cache.
2026-10-02T10:30:09.4151624Z Post job cleanup.
2026-10-02T10:30:09.5072384Z [command]/usr/bin/git version
2026-10-02T10:30:09.5119458Z git version 2.55.0
2026-10-02T10:30:09.5160973Z Temporarily overriding HOME='/home/runner/work/_temp/9dc71652-4c4e-410b-a480-732ca4da3f2e' before making global git config changes
2026-10-02T10:30:09.5162507Z Adding repository directory to the temporary git global config as a safe directory
2026-10-02T10:30:09.5166918Z [command]/usr/bin/git config --global --add safe.directory /home/runner/work/mini-drop/mini-drop
2026-10-02T10:30:09.5210312Z [command]/usr/bin/git config --local --name-only --get-regexp core\.sshCommand
2026-10-02T10:30:09.5251531Z [command]/usr/bin/git submodule foreach --recursive sh -c "git config --local --name-only --get-regexp 'core\.sshCommand' && git config --local --unset-all 'core.sshCommand' || :"
2026-10-02T10:30:09.5561325Z [command]/usr/bin/git config --local --name-only --get-regexp http\.https\:\/\/github\.com\/\.extraheader
2026-10-02T10:30:09.5592589Z http.https://github.com/.extraheader
2026-10-02T10:30:09.5607043Z [command]/usr/bin/git config --local --unset-all http.https://github.com/.extraheader
2026-10-02T10:30:09.5670089Z [command]/usr/bin/git submodule foreach --recursive sh -c "git config --local --name-only --get-regexp 'http\.https\:\/\/github\.com\/\.extraheader' && git config --local --unset-all 'http.https://github.com/.extraheader' || :"
2026-10-02T10:30:09.5982896Z [command]/usr/bin/git config --local --name-only --get-regexp ^includeIf\.gitdir:
2026-10-02T10:30:09.6077518Z [command]/usr/bin/git submodule foreach --recursive git config --local --show-origin --name-only --get-regexp remote.origin.url
2026-10-02T10:30:09.6563487Z Cleaning up orphan processes
2026-10-02T10:30:09.6922915Z ##[warning]Node.js 20 is deprecated. The following actions target Node.js 20 but are being forced to run on Node.js 24: actions/checkout@v4, actions/setup-node@v4, actions/upload-artifact@v4. For more information see: https://github.blog/changelog/2025-09-19-deprecation-of-node-20-on-github-actions-runners/
