2026-10-02T10:29:05.4118658Z Current runner version: '2.337.0'
2026-10-02T10:29:05.4143173Z ##[group]Runner Image Provisioner
2026-10-02T10:29:05.4144036Z Hosted Compute Agent
2026-10-02T10:29:05.4145209Z Version: 20260901.588
2026-10-02T10:29:05.4145911Z Commit: f88ec8081b781fac6c440065ac7ff9e710ce3d0b
2026-10-02T10:29:05.4146799Z Build Date: 2026-09-01T19:56:44Z
2026-10-02T10:29:05.4147537Z Worker ID: {738fa0a7-9ce8-4d91-9ed5-025091df9971}
2026-10-02T10:29:05.4148243Z Azure Region: westus2
2026-10-02T10:29:05.4148933Z ##[endgroup]
2026-10-02T10:29:05.4150456Z ##[group]Operating System
2026-10-02T10:29:05.4151180Z Ubuntu
2026-10-02T10:29:05.4151758Z 22.04.5
2026-10-02T10:29:05.4152284Z LTS
2026-10-02T10:29:05.4152892Z ##[endgroup]
2026-10-02T10:29:05.4153456Z ##[group]Runner Image
2026-10-02T10:29:05.4154155Z Image: ubuntu-22.04
2026-10-02T10:29:05.4155190Z Version: 20260927.309.1
2026-10-02T10:29:05.4156566Z Included Software: https://github.com/actions/runner-images/blob/ubuntu22/20260927.309/images/ubuntu/Ubuntu2204-Readme.md
2026-10-02T10:29:05.4158181Z Image Release: https://github.com/actions/runner-images/releases/tag/ubuntu22%2F20260927.309
2026-10-02T10:29:05.4159238Z ##[endgroup]
2026-10-02T10:29:05.4160440Z ##[group]GITHUB_TOKEN Permissions
2026-10-02T10:29:05.4162456Z Contents: read
2026-10-02T10:29:05.4163114Z Metadata: read
2026-10-02T10:29:05.4163710Z Packages: read
2026-10-02T10:29:05.4164577Z ##[endgroup]
2026-10-02T10:29:05.4166681Z Secret source: Actions
2026-10-02T10:29:05.4167785Z Cache mode: write
2026-10-02T10:29:05.4168482Z Prepare workflow directory
2026-10-02T10:29:05.4506832Z Prepare all required actions
2026-10-02T10:29:05.4558019Z Getting action download info
2026-10-02T10:29:05.8214601Z Download action repository 'actions/checkout@v4' (SHA:11d5960a326750d5838078e36cf38b85af677262)
2026-10-02T10:29:05.9502996Z Download action repository 'actions/setup-python@v5' (SHA:a26af69be951a213d495a4c3e4e4022e16d87065)
2026-10-02T10:29:06.0377596Z Download action repository 'actions/setup-go@v5' (SHA:40f1582b2485089dde7abd97c1529aa768e1baff)
2026-10-02T10:29:06.3175854Z Download action repository 'actions/upload-artifact@v4' (SHA:ea165f8d65b6e75b540449e92b4886f43607fa02)
2026-10-02T10:29:06.5431849Z Complete job name: Python and Go independent CPU controls
2026-10-02T10:29:06.6289587Z ##[group]Run actions/checkout@v4
2026-10-02T10:29:06.6290563Z with:
2026-10-02T10:29:06.6291077Z   repository: llongwang751-arch/mini-drop
2026-10-02T10:29:06.6295488Z   token: ***
2026-10-02T10:29:06.6295982Z   ssh-strict: true
2026-10-02T10:29:06.6296452Z   ssh-user: git
2026-10-02T10:29:06.6296943Z   persist-credentials: true
2026-10-02T10:29:06.6297473Z   clean: true
2026-10-02T10:29:06.6297958Z   sparse-checkout-cone-mode: true
2026-10-02T10:29:06.6298523Z   fetch-depth: 1
2026-10-02T10:29:06.6298977Z   fetch-tags: false
2026-10-02T10:29:06.6299456Z   show-progress: true
2026-10-02T10:29:06.6299931Z   lfs: false
2026-10-02T10:29:06.6300378Z   submodules: false
2026-10-02T10:29:06.6300873Z   set-safe-directory: true
2026-10-02T10:29:06.6301446Z   allow-unsafe-pr-checkout: false
2026-10-02T10:29:06.6302330Z ##[endgroup]
2026-10-02T10:29:06.7391244Z Syncing repository: llongwang751-arch/mini-drop
2026-10-02T10:29:06.7394263Z ##[group]Getting Git version info
2026-10-02T10:29:06.7395969Z Working directory is '/home/runner/work/mini-drop/mini-drop'
2026-10-02T10:29:06.7397971Z [command]/usr/bin/git version
2026-10-02T10:29:06.7434969Z git version 2.55.0
2026-10-02T10:29:06.7458895Z ##[endgroup]
2026-10-02T10:29:06.7474566Z Temporarily overriding HOME='/home/runner/work/_temp/caf38873-76ea-4b04-872a-cc0c6f8b607f' before making global git config changes
2026-10-02T10:29:06.7477115Z Adding repository directory to the temporary git global config as a safe directory
2026-10-02T10:29:06.7479854Z [command]/usr/bin/git config --global --add safe.directory /home/runner/work/mini-drop/mini-drop
2026-10-02T10:29:06.7520208Z Deleting the contents of '/home/runner/work/mini-drop/mini-drop'
2026-10-02T10:29:06.7525145Z ##[group]Initializing the repository
2026-10-02T10:29:06.7529155Z [command]/usr/bin/git init /home/runner/work/mini-drop/mini-drop
2026-10-02T10:29:06.7629388Z hint: Using 'master' as the name for the initial branch. This default branch name
2026-10-02T10:29:06.7631582Z hint: will change to "main" in Git 3.0. To configure the initial branch name
2026-10-02T10:29:06.7633523Z hint: to use in all of your new repositories, which will suppress this warning,
2026-10-02T10:29:06.7635401Z hint: call:
2026-10-02T10:29:06.7636315Z hint:
2026-10-02T10:29:06.7637385Z hint: 	git config --global init.defaultBranch <name>
2026-10-02T10:29:06.7638766Z hint:
2026-10-02T10:29:06.7639975Z hint: Names commonly chosen instead of 'master' are 'main', 'trunk' and
2026-10-02T10:29:06.7642819Z hint: 'development'. The just-created branch can be renamed via this command:
2026-10-02T10:29:06.7644599Z hint:
2026-10-02T10:29:06.7645627Z hint: 	git branch -m <name>
2026-10-02T10:29:06.7646680Z hint:
2026-10-02T10:29:06.7648182Z hint: Disable this message with "git config set advice.defaultBranchName false"
2026-10-02T10:29:06.7650245Z Initialized empty Git repository in /home/runner/work/mini-drop/mini-drop/.git/
2026-10-02T10:29:06.7653982Z [command]/usr/bin/git remote add origin https://github.com/llongwang751-arch/mini-drop
2026-10-02T10:29:06.7686153Z ##[endgroup]
2026-10-02T10:29:06.7687680Z ##[group]Disabling automatic garbage collection
2026-10-02T10:29:06.7691183Z [command]/usr/bin/git config --local gc.auto 0
2026-10-02T10:29:06.7729567Z ##[endgroup]
2026-10-02T10:29:06.7731093Z ##[group]Setting up auth
2026-10-02T10:29:06.7736750Z [command]/usr/bin/git config --local --name-only --get-regexp core\.sshCommand
2026-10-02T10:29:06.7774012Z [command]/usr/bin/git submodule foreach --recursive sh -c "git config --local --name-only --get-regexp 'core\.sshCommand' && git config --local --unset-all 'core.sshCommand' || :"
2026-10-02T10:29:06.8167962Z [command]/usr/bin/git config --local --name-only --get-regexp http\.https\:\/\/github\.com\/\.extraheader
2026-10-02T10:29:06.8211988Z [command]/usr/bin/git submodule foreach --recursive sh -c "git config --local --name-only --get-regexp 'http\.https\:\/\/github\.com\/\.extraheader' && git config --local --unset-all 'http.https://github.com/.extraheader' || :"
2026-10-02T10:29:06.8501698Z [command]/usr/bin/git config --local --name-only --get-regexp ^includeIf\.gitdir:
2026-10-02T10:29:06.8541083Z [command]/usr/bin/git submodule foreach --recursive git config --local --show-origin --name-only --get-regexp remote.origin.url
2026-10-02T10:29:06.8805931Z [command]/usr/bin/git config --local http.https://github.com/.extraheader AUTHORIZATION: basic ***
2026-10-02T10:29:06.8850807Z ##[endgroup]
2026-10-02T10:29:06.8852688Z ##[group]Fetching the repository
2026-10-02T10:29:06.8862407Z [command]/usr/bin/git -c protocol.version=2 fetch --no-tags --prune --no-recurse-submodules --depth=1 origin +4b09a6ec0f593cd54027f0980993dda3969d5cfc:refs/remotes/pull/1/merge
2026-10-02T10:29:14.4476108Z From https://github.com/llongwang751-arch/mini-drop
2026-10-02T10:29:14.4476864Z  * [new ref]         4b09a6ec0f593cd54027f0980993dda3969d5cfc -> pull/1/merge
2026-10-02T10:29:14.4480662Z ##[endgroup]
2026-10-02T10:29:14.4481472Z ##[group]Determining the checkout info
2026-10-02T10:29:14.4483139Z ##[endgroup]
2026-10-02T10:29:14.4488964Z [command]/usr/bin/git sparse-checkout disable
2026-10-02T10:29:14.4540650Z [command]/usr/bin/git config --local --unset-all extensions.worktreeConfig
2026-10-02T10:29:14.4583919Z ##[group]Checking out the ref
2026-10-02T10:29:14.4587924Z [command]/usr/bin/git checkout --progress --force refs/remotes/pull/1/merge
2026-10-02T10:29:15.4697371Z Updating files:  64% (2820/4371)
2026-10-02T10:29:15.4746701Z Updating files:  65% (2842/4371)
2026-10-02T10:29:15.4783018Z Updating files:  66% (2885/4371)
2026-10-02T10:29:15.4834758Z Updating files:  67% (2929/4371)
2026-10-02T10:29:15.4870805Z Updating files:  68% (2973/4371)
2026-10-02T10:29:15.5093211Z Updating files:  69% (3016/4371)
2026-10-02T10:29:15.5416537Z Updating files:  70% (3060/4371)
2026-10-02T10:29:15.5599400Z Updating files:  71% (3104/4371)
2026-10-02T10:29:15.5652087Z Updating files:  72% (3148/4371)
2026-10-02T10:29:15.5715246Z Updating files:  73% (3191/4371)
2026-10-02T10:29:15.5783286Z Updating files:  74% (3235/4371)
2026-10-02T10:29:15.5871752Z Updating files:  75% (3279/4371)
2026-10-02T10:29:15.5924462Z Updating files:  76% (3322/4371)
2026-10-02T10:29:15.5967751Z Updating files:  77% (3366/4371)
2026-10-02T10:29:15.5989392Z Updating files:  78% (3410/4371)
2026-10-02T10:29:15.6038274Z Updating files:  79% (3454/4371)
2026-10-02T10:29:15.6080036Z Updating files:  80% (3497/4371)
2026-10-02T10:29:15.6120089Z Updating files:  81% (3541/4371)
2026-10-02T10:29:15.6186269Z Updating files:  82% (3585/4371)
2026-10-02T10:29:15.6226520Z Updating files:  83% (3628/4371)
2026-10-02T10:29:15.6281948Z Updating files:  84% (3672/4371)
2026-10-02T10:29:15.6377852Z Updating files:  85% (3716/4371)
2026-10-02T10:29:15.6442806Z Updating files:  86% (3760/4371)
2026-10-02T10:29:15.6531180Z Updating files:  87% (3803/4371)
2026-10-02T10:29:15.6577999Z Updating files:  88% (3847/4371)
2026-10-02T10:29:15.6630560Z Updating files:  89% (3891/4371)
2026-10-02T10:29:15.6680110Z Updating files:  90% (3934/4371)
2026-10-02T10:29:15.6753214Z Updating files:  91% (3978/4371)
2026-10-02T10:29:15.6793013Z Updating files:  92% (4022/4371)
2026-10-02T10:29:15.6822923Z Updating files:  93% (4066/4371)
2026-10-02T10:29:15.6851196Z Updating files:  94% (4109/4371)
2026-10-02T10:29:15.6885744Z Updating files:  95% (4153/4371)
2026-10-02T10:29:15.7019607Z Updating files:  96% (4197/4371)
2026-10-02T10:29:15.7045829Z Updating files:  97% (4240/4371)
2026-10-02T10:29:15.7073555Z Updating files:  98% (4284/4371)
2026-10-02T10:29:15.7098630Z Updating files:  99% (4328/4371)
2026-10-02T10:29:15.7099098Z Updating files: 100% (4371/4371)
2026-10-02T10:29:15.7099531Z Updating files: 100% (4371/4371), done.
2026-10-02T10:29:15.7162716Z Note: switching to 'refs/remotes/pull/1/merge'.
2026-10-02T10:29:15.7163181Z 
2026-10-02T10:29:15.7163588Z You are in 'detached HEAD' state. You can look around, make experimental
2026-10-02T10:29:15.7164607Z changes and commit them, and you can discard any commits you make in this
2026-10-02T10:29:15.7165484Z state without impacting any branches by switching back to a branch.
2026-10-02T10:29:15.7165779Z 
2026-10-02T10:29:15.7165971Z If you want to create a new branch to retain commits you create, you may
2026-10-02T10:29:15.7166425Z do so (now or later) by using -c with the switch command. Example:
2026-10-02T10:29:15.7166682Z 
2026-10-02T10:29:15.7166793Z   git switch -c <new-branch-name>
2026-10-02T10:29:15.7166979Z 
2026-10-02T10:29:15.7167079Z Or undo this operation with:
2026-10-02T10:29:15.7167241Z 
2026-10-02T10:29:15.7167326Z   git switch -
2026-10-02T10:29:15.7167473Z 
2026-10-02T10:29:15.7167692Z Turn off this advice by setting config variable advice.detachedHead to false
2026-10-02T10:29:15.7168013Z 
2026-10-02T10:29:15.7168376Z HEAD is now at 4b09a6e Merge f2cdbe7d711a58e2042bf4ef2cc01a0fcb051cf0 into 609ea8a73f845b496b59b5cae181f515c5919850
2026-10-02T10:29:15.7320029Z ##[endgroup]
2026-10-02T10:29:15.7373545Z [command]/usr/bin/git log -1 --format=%H
2026-10-02T10:29:15.7406892Z 4b09a6ec0f593cd54027f0980993dda3969d5cfc
2026-10-02T10:29:15.7681267Z ##[group]Run actions/setup-python@v5
2026-10-02T10:29:15.7681570Z with:
2026-10-02T10:29:15.7681782Z   python-version: 3.11
2026-10-02T10:29:15.7682008Z   check-latest: false
2026-10-02T10:29:15.7684787Z   token: ***
2026-10-02T10:29:15.7685020Z   update-environment: true
2026-10-02T10:29:15.7685270Z   allow-prereleases: false
2026-10-02T10:29:15.7685500Z   freethreaded: false
2026-10-02T10:29:15.7685709Z ##[endgroup]
2026-10-02T10:29:15.9104947Z ##[group]Installed versions
2026-10-02T10:29:15.9197954Z (node:2015) [DEP0040] DeprecationWarning: The `punycode` module is deprecated. Please use a userland alternative instead.
2026-10-02T10:29:15.9198729Z (Use `node --trace-deprecation ...` to show where the warning was created)
2026-10-02T10:29:15.9199731Z Successfully set up CPython (3.11.16)
2026-10-02T10:29:15.9200495Z ##[endgroup]
2026-10-02T10:29:15.9468266Z ##[group]Run actions/setup-go@v5
2026-10-02T10:29:15.9468699Z with:
2026-10-02T10:29:15.9469041Z   go-version-file: demo/go-hotspot/go.mod
2026-10-02T10:29:15.9469503Z   check-latest: false
2026-10-02T10:29:15.9474623Z   token: ***
2026-10-02T10:29:15.9474945Z   cache: true
2026-10-02T10:29:15.9475248Z env:
2026-10-02T10:29:15.9475662Z   pythonLocation: /opt/hostedtoolcache/Python/3.11.16/x64
2026-10-02T10:29:15.9476411Z   PKG_CONFIG_PATH: /opt/hostedtoolcache/Python/3.11.16/x64/lib/pkgconfig
2026-10-02T10:29:15.9477133Z   Python_ROOT_DIR: /opt/hostedtoolcache/Python/3.11.16/x64
2026-10-02T10:29:15.9477777Z   Python2_ROOT_DIR: /opt/hostedtoolcache/Python/3.11.16/x64
2026-10-02T10:29:15.9478417Z   Python3_ROOT_DIR: /opt/hostedtoolcache/Python/3.11.16/x64
2026-10-02T10:29:15.9479071Z   LD_LIBRARY_PATH: /opt/hostedtoolcache/Python/3.11.16/x64/lib
2026-10-02T10:29:15.9479611Z ##[endgroup]
2026-10-02T10:29:16.0925346Z Setup go version spec 1.26.8
2026-10-02T10:29:16.0951666Z Found in cache @ /opt/hostedtoolcache/go/1.26.8/x64
2026-10-02T10:29:16.0953680Z (node:2023) [DEP0040] DeprecationWarning: The `punycode` module is deprecated. Please use a userland alternative instead.
2026-10-02T10:29:16.0954780Z (Use `node --trace-deprecation ...` to show where the warning was created)
2026-10-02T10:29:16.0957471Z Added go to the path
2026-10-02T10:29:16.0961775Z Successfully set up Go version 1.26.8
2026-10-02T10:29:16.5902739Z [command]/opt/hostedtoolcache/go/1.26.8/x64/bin/go env GOMODCACHE
2026-10-02T10:29:16.5940509Z [command]/opt/hostedtoolcache/go/1.26.8/x64/bin/go env GOCACHE
2026-10-02T10:29:16.6008553Z /home/runner/go/pkg/mod
2026-10-02T10:29:16.6027703Z /home/runner/.cache/go-build
2026-10-02T10:29:16.6056131Z ##[warning]Restore cache failed: Dependencies file is not found in /home/runner/work/mini-drop/mini-drop. Supported file pattern: go.sum
2026-10-02T10:29:16.6073176Z go version go1.26.8 linux/amd64
2026-10-02T10:29:16.6073514Z 
2026-10-02T10:29:16.6073964Z ##[group]go env
2026-10-02T10:29:16.7462398Z AR='ar'
2026-10-02T10:29:16.7462812Z CC='gcc'
2026-10-02T10:29:16.7463149Z CGO_CFLAGS='-O2 -g'
2026-10-02T10:29:16.7463531Z CGO_CPPFLAGS=''
2026-10-02T10:29:16.7463905Z CGO_CXXFLAGS='-O2 -g'
2026-10-02T10:29:16.7464266Z CGO_ENABLED='1'
2026-10-02T10:29:16.7464884Z CGO_FFLAGS='-O2 -g'
2026-10-02T10:29:16.7465228Z CGO_LDFLAGS='-O2 -g'
2026-10-02T10:29:16.7465571Z CXX='g++'
2026-10-02T10:29:16.7465884Z GCCGO='gccgo'
2026-10-02T10:29:16.7466205Z GO111MODULE=''
2026-10-02T10:29:16.7466522Z GOAMD64='v1'
2026-10-02T10:29:16.7466834Z GOARCH='amd64'
2026-10-02T10:29:16.7467134Z GOAUTH='netrc'
2026-10-02T10:29:16.7467446Z GOBIN=''
2026-10-02T10:29:16.7467810Z GOCACHE='/home/runner/.cache/go-build'
2026-10-02T10:29:16.7468293Z GOCACHEPROG=''
2026-10-02T10:29:16.7468618Z GODEBUG=''
2026-10-02T10:29:16.7468967Z GOENV='/home/runner/.config/go/env'
2026-10-02T10:29:16.7469411Z GOEXE=''
2026-10-02T10:29:16.7469728Z GOEXPERIMENT=''
2026-10-02T10:29:16.7470074Z GOFIPS140='off'
2026-10-02T10:29:16.7470389Z GOFLAGS=''
2026-10-02T10:29:16.7471493Z GOGCCFLAGS='-fPIC -m64 -pthread -Wl,--no-gc-sections -fmessage-length=0 -ffile-prefix-map=/tmp/go-build184532935=/tmp/go-build -gno-record-gcc-switches'
2026-10-02T10:29:16.7472671Z GOHOSTARCH='amd64'
2026-10-02T10:29:16.7473012Z GOHOSTOS='linux'
2026-10-02T10:29:16.7473337Z GOINSECURE=''
2026-10-02T10:29:16.7473660Z GOMOD='/dev/null'
2026-10-02T10:29:16.7474028Z GOMODCACHE='/home/runner/go/pkg/mod'
2026-10-02T10:29:16.7474696Z GONOPROXY=''
2026-10-02T10:29:16.7475025Z GONOSUMDB=''
2026-10-02T10:29:16.7475346Z GOOS='linux'
2026-10-02T10:29:16.7475699Z GOPATH='/home/runner/go'
2026-10-02T10:29:16.7476094Z GOPRIVATE=''
2026-10-02T10:29:16.7476534Z GOPROXY='https://proxy.golang.org,direct'
2026-10-02T10:29:16.7477092Z GOROOT='/opt/hostedtoolcache/go/1.26.8/x64'
2026-10-02T10:29:16.7477595Z GOSUMDB='sum.golang.org'
2026-10-02T10:29:16.7477990Z GOTELEMETRY='local'
2026-10-02T10:29:16.7478728Z GOTELEMETRYDIR='/home/runner/.config/go/telemetry'
2026-10-02T10:29:16.7479500Z GOTMPDIR=''
2026-10-02T10:29:16.7479866Z GOTOOLCHAIN='auto'
2026-10-02T10:29:16.7480424Z GOTOOLDIR='/opt/hostedtoolcache/go/1.26.8/x64/pkg/tool/linux_amd64'
2026-10-02T10:29:16.7481041Z GOVCS=''
2026-10-02T10:29:16.7481570Z GOVERSION='go1.26.8'
2026-10-02T10:29:16.7481932Z GOWORK=''
2026-10-02T10:29:16.7482278Z PKG_CONFIG='pkg-config'
2026-10-02T10:29:16.7482525Z 
2026-10-02T10:29:16.7483061Z ##[endgroup]
2026-10-02T10:29:16.7615716Z ##[group]Run python -m pip install "psutil>=7.2,<8"
2026-10-02T10:29:16.7616200Z [36;1mpython -m pip install "psutil>=7.2,<8"[0m
2026-10-02T10:29:16.7946233Z shell: /usr/bin/bash -e {0}
2026-10-02T10:29:16.7946521Z env:
2026-10-02T10:29:16.7946828Z   pythonLocation: /opt/hostedtoolcache/Python/3.11.16/x64
2026-10-02T10:29:16.7947322Z   PKG_CONFIG_PATH: /opt/hostedtoolcache/Python/3.11.16/x64/lib/pkgconfig
2026-10-02T10:29:16.7947811Z   Python_ROOT_DIR: /opt/hostedtoolcache/Python/3.11.16/x64
2026-10-02T10:29:16.7948249Z   Python2_ROOT_DIR: /opt/hostedtoolcache/Python/3.11.16/x64
2026-10-02T10:29:16.7948681Z   Python3_ROOT_DIR: /opt/hostedtoolcache/Python/3.11.16/x64
2026-10-02T10:29:16.7949111Z   LD_LIBRARY_PATH: /opt/hostedtoolcache/Python/3.11.16/x64/lib
2026-10-02T10:29:16.7949452Z ##[endgroup]
2026-10-02T10:29:19.0199553Z Collecting psutil<8,>=7.2
2026-10-02T10:29:19.0658034Z   Downloading psutil-7.2.2-cp36-abi3-manylinux2010_x86_64.manylinux_2_12_x86_64.manylinux_2_28_x86_64.whl.metadata (22 kB)
2026-10-02T10:29:19.0834189Z Downloading psutil-7.2.2-cp36-abi3-manylinux2010_x86_64.manylinux_2_12_x86_64.manylinux_2_28_x86_64.whl (155 kB)
2026-10-02T10:29:19.2282289Z Installing collected packages: psutil
2026-10-02T10:29:19.2856685Z Successfully installed psutil-7.2.2
2026-10-02T10:29:19.3301739Z ##[group]Run python scripts/run_quality_gate.py --profile hotspot-controls --output output/quality-hotspot-controls
2026-10-02T10:29:19.3302626Z [36;1mpython scripts/run_quality_gate.py --profile hotspot-controls --output output/quality-hotspot-controls[0m
2026-10-02T10:29:19.3375440Z shell: /usr/bin/bash -e {0}
2026-10-02T10:29:19.3375678Z env:
2026-10-02T10:29:19.3375936Z   pythonLocation: /opt/hostedtoolcache/Python/3.11.16/x64
2026-10-02T10:29:19.3376369Z   PKG_CONFIG_PATH: /opt/hostedtoolcache/Python/3.11.16/x64/lib/pkgconfig
2026-10-02T10:29:19.3376806Z   Python_ROOT_DIR: /opt/hostedtoolcache/Python/3.11.16/x64
2026-10-02T10:29:19.3377186Z   Python2_ROOT_DIR: /opt/hostedtoolcache/Python/3.11.16/x64
2026-10-02T10:29:19.3377562Z   Python3_ROOT_DIR: /opt/hostedtoolcache/Python/3.11.16/x64
2026-10-02T10:29:19.3377936Z   LD_LIBRARY_PATH: /opt/hostedtoolcache/Python/3.11.16/x64/lib
2026-10-02T10:29:19.3378256Z ##[endgroup]
2026-10-02T10:29:20.9564741Z [quality] hotspot-controls: RUNNING
2026-10-02T10:30:18.9553679Z [quality] hotspot-controls: PASSED
2026-10-02T10:30:19.0132688Z [quality] PASSED: /home/runner/work/mini-drop/mini-drop/output/quality-hotspot-controls/report.html
2026-10-02T10:30:19.0253190Z ##[group]Run go test -race -count=1 ./...
2026-10-02T10:30:19.0253547Z [36;1mgo test -race -count=1 ./...[0m
2026-10-02T10:30:19.0331978Z shell: /usr/bin/bash -e {0}
2026-10-02T10:30:19.0332225Z env:
2026-10-02T10:30:19.0332491Z   pythonLocation: /opt/hostedtoolcache/Python/3.11.16/x64
2026-10-02T10:30:19.0332937Z   PKG_CONFIG_PATH: /opt/hostedtoolcache/Python/3.11.16/x64/lib/pkgconfig
2026-10-02T10:30:19.0333404Z   Python_ROOT_DIR: /opt/hostedtoolcache/Python/3.11.16/x64
2026-10-02T10:30:19.0333801Z   Python2_ROOT_DIR: /opt/hostedtoolcache/Python/3.11.16/x64
2026-10-02T10:30:19.0334189Z   Python3_ROOT_DIR: /opt/hostedtoolcache/Python/3.11.16/x64
2026-10-02T10:30:19.0334864Z   LD_LIBRARY_PATH: /opt/hostedtoolcache/Python/3.11.16/x64/lib
2026-10-02T10:30:19.0335189Z ##[endgroup]
2026-10-02T10:30:41.3372855Z ok  	mini-drop/demo/go-hotspot	1.016s
2026-10-02T10:30:41.4035807Z ##[group]Run docker build -t mini-drop-go-hotspot:ci demo/go-hotspot
2026-10-02T10:30:41.4036753Z [36;1mdocker build -t mini-drop-go-hotspot:ci demo/go-hotspot[0m
2026-10-02T10:30:41.4139041Z shell: /usr/bin/bash -e {0}
2026-10-02T10:30:41.4139299Z env:
2026-10-02T10:30:41.4139570Z   pythonLocation: /opt/hostedtoolcache/Python/3.11.16/x64
2026-10-02T10:30:41.4140014Z   PKG_CONFIG_PATH: /opt/hostedtoolcache/Python/3.11.16/x64/lib/pkgconfig
2026-10-02T10:30:41.4140447Z   Python_ROOT_DIR: /opt/hostedtoolcache/Python/3.11.16/x64
2026-10-02T10:30:41.4140827Z   Python2_ROOT_DIR: /opt/hostedtoolcache/Python/3.11.16/x64
2026-10-02T10:30:41.4141203Z   Python3_ROOT_DIR: /opt/hostedtoolcache/Python/3.11.16/x64
2026-10-02T10:30:41.4141607Z   LD_LIBRARY_PATH: /opt/hostedtoolcache/Python/3.11.16/x64/lib
2026-10-02T10:30:41.4141935Z ##[endgroup]
2026-10-02T10:30:41.9107755Z #0 building with "default" instance using docker driver
2026-10-02T10:30:41.9108144Z 
2026-10-02T10:30:41.9108519Z #1 [internal] load build definition from Dockerfile
2026-10-02T10:30:41.9109293Z #1 transferring dockerfile: 318B done
2026-10-02T10:30:41.9109889Z #1 DONE 0.0s
2026-10-02T10:30:41.9110190Z 
2026-10-02T10:30:41.9110633Z #2 [internal] load metadata for docker.io/library/golang:1.26.8-alpine
2026-10-02T10:30:42.1599845Z #2 ...
2026-10-02T10:30:42.1600074Z 
2026-10-02T10:30:42.1600423Z #3 [auth] library/golang:pull token for registry-1.docker.io
2026-10-02T10:30:42.1600998Z #3 DONE 0.0s
2026-10-02T10:30:42.1601132Z 
2026-10-02T10:30:42.1601337Z #4 [auth] library/alpine:pull token for registry-1.docker.io
2026-10-02T10:30:42.1601720Z #4 DONE 0.0s
2026-10-02T10:30:42.3105817Z 
2026-10-02T10:30:42.3106176Z #5 [internal] load metadata for docker.io/library/alpine:3.24.1
2026-10-02T10:30:42.6691087Z #5 DONE 0.9s
2026-10-02T10:30:42.6691442Z 
2026-10-02T10:30:42.6691732Z #2 [internal] load metadata for docker.io/library/golang:1.26.8-alpine
2026-10-02T10:30:42.8691097Z #2 DONE 1.1s
2026-10-02T10:30:42.9864441Z 
2026-10-02T10:30:42.9865572Z #6 [internal] load .dockerignore
2026-10-02T10:30:42.9866142Z #6 transferring context: 2B done
2026-10-02T10:30:42.9866590Z #6 DONE 0.0s
2026-10-02T10:30:42.9866752Z 
2026-10-02T10:30:42.9866867Z #7 [internal] load build context
2026-10-02T10:30:42.9867182Z #7 transferring context: 13.69kB done
2026-10-02T10:30:42.9867474Z #7 DONE 0.0s
2026-10-02T10:30:42.9867599Z 
2026-10-02T10:30:42.9868085Z #8 [build 1/4] FROM docker.io/library/golang:1.26.8-alpine@sha256:8ac98ca534ac3f51e1f420a1dd2c15e74c75cfa0f23f3ad27eb5d7236c349a0c
2026-10-02T10:30:42.9869099Z #8 resolve docker.io/library/golang:1.26.8-alpine@sha256:8ac98ca534ac3f51e1f420a1dd2c15e74c75cfa0f23f3ad27eb5d7236c349a0c done
2026-10-02T10:30:42.9869981Z #8 sha256:8ac98ca534ac3f51e1f420a1dd2c15e74c75cfa0f23f3ad27eb5d7236c349a0c 10.29kB / 10.29kB done
2026-10-02T10:30:42.9870748Z #8 sha256:66f9a494af2b76ecb3eab75ff47166df61caec6d200c59d556b77327493d83a8 1.92kB / 1.92kB done
2026-10-02T10:30:42.9871420Z #8 sha256:c5fe2bbc8331458475b45686d82e0c28b1161addfe33f1ebac0a715a29587701 2.19kB / 2.19kB done
2026-10-02T10:30:42.9872068Z #8 sha256:e2de96513ba9eb53b431787ec8a65cdde380ac4772a3e4c4b714dcfde2a102b5 0B / 3.85MB 0.1s
2026-10-02T10:30:42.9872699Z #8 sha256:4009a0783f338ed55a73885b00ecad4c761c55b29337bc83f4ba5893b456a80c 0B / 247.52kB 0.1s
2026-10-02T10:30:42.9873361Z #8 sha256:2cb3e687d353c47479f7eb82d6cc1b230f1d252bfefaddbeec9d3de57edf5d49 0B / 67.31MB 0.1s
2026-10-02T10:30:43.1247441Z #8 sha256:e2de96513ba9eb53b431787ec8a65cdde380ac4772a3e4c4b714dcfde2a102b5 3.85MB / 3.85MB 0.1s done
2026-10-02T10:30:43.1248979Z #8 sha256:4009a0783f338ed55a73885b00ecad4c761c55b29337bc83f4ba5893b456a80c 247.52kB / 247.52kB 0.2s done
2026-10-02T10:30:43.1250537Z #8 extracting sha256:e2de96513ba9eb53b431787ec8a65cdde380ac4772a3e4c4b714dcfde2a102b5 0.1s done
2026-10-02T10:30:43.1251885Z #8 sha256:68ed9cc945387f62e6993f95484c65db531f4a4c6c076363d90fd1d575e36633 0B / 126B 0.2s
2026-10-02T10:30:43.1253192Z #8 sha256:4f4fb700ef54461cfa02571ae0db9a0dc1e0cdb5577484a6d75e68dc38e8acc1 0B / 32B 0.2s
2026-10-02T10:30:43.2868701Z #8 sha256:2cb3e687d353c47479f7eb82d6cc1b230f1d252bfefaddbeec9d3de57edf5d49 10.49MB / 67.31MB 0.4s
2026-10-02T10:30:43.2874944Z #8 sha256:68ed9cc945387f62e6993f95484c65db531f4a4c6c076363d90fd1d575e36633 126B / 126B 0.2s done
2026-10-02T10:30:43.2878072Z #8 sha256:4f4fb700ef54461cfa02571ae0db9a0dc1e0cdb5577484a6d75e68dc38e8acc1 32B / 32B 0.3s done
2026-10-02T10:30:43.2879618Z #8 extracting sha256:4009a0783f338ed55a73885b00ecad4c761c55b29337bc83f4ba5893b456a80c 0.0s done
2026-10-02T10:30:43.3928657Z #8 sha256:2cb3e687d353c47479f7eb82d6cc1b230f1d252bfefaddbeec9d3de57edf5d49 36.70MB / 67.31MB 0.5s
2026-10-02T10:30:43.5858483Z #8 ...
2026-10-02T10:30:43.5859364Z 
2026-10-02T10:30:43.5860180Z #9 [stage-1 1/2] FROM docker.io/library/alpine:3.24.1@sha256:28bd5fe8b56d1bd048e5babf5b10710ebe0bae67db86916198a6eec434943f8b
2026-10-02T10:30:43.5863723Z #9 resolve docker.io/library/alpine:3.24.1@sha256:28bd5fe8b56d1bd048e5babf5b10710ebe0bae67db86916198a6eec434943f8b done
2026-10-02T10:30:43.5865372Z #9 sha256:d529dd0c6e5597ac7e4a3e2dea65c3fcc6173f4cae713c409265c1dd9914a11b 611B / 611B done
2026-10-02T10:30:43.5866570Z #9 sha256:28bd5fe8b56d1bd048e5babf5b10710ebe0bae67db86916198a6eec434943f8b 9.22kB / 9.22kB done
2026-10-02T10:30:43.5867843Z #9 sha256:79ff19e9084a00eece421b2523fb93e22d730e2c0e525905de047e848e56d95f 1.02kB / 1.02kB done
2026-10-02T10:30:43.5869096Z #9 sha256:55afa1ecc21d2bb5e5045f32dafee56272ffd89860bac26f6c32123439af26a4 3.85MB / 3.85MB 0.4s done
2026-10-02T10:30:43.5869988Z #9 extracting sha256:55afa1ecc21d2bb5e5045f32dafee56272ffd89860bac26f6c32123439af26a4 0.1s done
2026-10-02T10:30:43.5870445Z #9 DONE 0.6s
2026-10-02T10:30:43.5870565Z 
2026-10-02T10:30:43.5870992Z #8 [build 1/4] FROM docker.io/library/golang:1.26.8-alpine@sha256:8ac98ca534ac3f51e1f420a1dd2c15e74c75cfa0f23f3ad27eb5d7236c349a0c
2026-10-02T10:30:43.5871819Z #8 sha256:2cb3e687d353c47479f7eb82d6cc1b230f1d252bfefaddbeec9d3de57edf5d49 67.31MB / 67.31MB 0.7s done
2026-10-02T10:30:43.7087230Z #8 extracting sha256:2cb3e687d353c47479f7eb82d6cc1b230f1d252bfefaddbeec9d3de57edf5d49 0.1s
2026-10-02T10:30:48.1628767Z #8 extracting sha256:2cb3e687d353c47479f7eb82d6cc1b230f1d252bfefaddbeec9d3de57edf5d49 4.6s done
2026-10-02T10:30:48.8611909Z #8 extracting sha256:68ed9cc945387f62e6993f95484c65db531f4a4c6c076363d90fd1d575e36633
2026-10-02T10:30:49.0577926Z #8 extracting sha256:68ed9cc945387f62e6993f95484c65db531f4a4c6c076363d90fd1d575e36633 done
2026-10-02T10:30:49.0585480Z #8 extracting sha256:4f4fb700ef54461cfa02571ae0db9a0dc1e0cdb5577484a6d75e68dc38e8acc1 done
2026-10-02T10:30:49.0590239Z #8 DONE 6.0s
2026-10-02T10:30:49.0590433Z 
2026-10-02T10:30:49.0590627Z #10 [build 2/4] WORKDIR /src
2026-10-02T10:30:49.0590953Z #10 DONE 0.0s
2026-10-02T10:30:49.0591177Z 
2026-10-02T10:30:49.0591385Z #11 [build 3/4] COPY go.mod main.go ./
2026-10-02T10:30:49.0591651Z #11 DONE 0.0s
2026-10-02T10:30:49.0591769Z 
2026-10-02T10:30:49.0592102Z #12 [build 4/4] RUN CGO_ENABLED=0 go build -trimpath -ldflags="-s -w" -o /out/go-hotspot .
2026-10-02T10:31:01.7644228Z #12 DONE 12.9s
2026-10-02T10:31:01.9454977Z 
2026-10-02T10:31:01.9455944Z #13 [stage-1 2/2] COPY --from=build /out/go-hotspot /usr/local/bin/go-hotspot
2026-10-02T10:31:01.9456604Z #13 DONE 0.0s
2026-10-02T10:31:01.9456780Z 
2026-10-02T10:31:01.9456922Z #14 exporting to image
2026-10-02T10:31:01.9457265Z #14 exporting layers
2026-10-02T10:31:02.0030314Z #14 exporting layers 0.2s done
2026-10-02T10:31:02.0031363Z #14 writing image sha256:aaf1875c50455fba6d0b55d0d2ed40845fa4c0a42163ea14c5bcec6485d758c1
2026-10-02T10:31:02.0191342Z #14 writing image sha256:aaf1875c50455fba6d0b55d0d2ed40845fa4c0a42163ea14c5bcec6485d758c1 done
2026-10-02T10:31:02.0192011Z #14 naming to docker.io/library/mini-drop-go-hotspot:ci done
2026-10-02T10:31:02.0192603Z #14 DONE 0.2s
2026-10-02T10:31:02.0333548Z ##[group]Run python scripts/verify_go_io_window.py --image mini-drop-go-hotspot:ci --output output/quality-hotspot-controls/go-io-window
2026-10-02T10:31:02.0334937Z [36;1mpython scripts/verify_go_io_window.py --image mini-drop-go-hotspot:ci --output output/quality-hotspot-controls/go-io-window[0m
2026-10-02T10:31:02.0406155Z shell: /usr/bin/bash -e {0}
2026-10-02T10:31:02.0406600Z env:
2026-10-02T10:31:02.0406867Z   pythonLocation: /opt/hostedtoolcache/Python/3.11.16/x64
2026-10-02T10:31:02.0407297Z   PKG_CONFIG_PATH: /opt/hostedtoolcache/Python/3.11.16/x64/lib/pkgconfig
2026-10-02T10:31:02.0407718Z   Python_ROOT_DIR: /opt/hostedtoolcache/Python/3.11.16/x64
2026-10-02T10:31:02.0408103Z   Python2_ROOT_DIR: /opt/hostedtoolcache/Python/3.11.16/x64
2026-10-02T10:31:02.0408483Z   Python3_ROOT_DIR: /opt/hostedtoolcache/Python/3.11.16/x64
2026-10-02T10:31:02.0408857Z   LD_LIBRARY_PATH: /opt/hostedtoolcache/Python/3.11.16/x64/lib
2026-10-02T10:31:02.0409176Z ##[endgroup]
2026-10-02T10:31:17.2077571Z {"passed": true, "cleanup": true, "operations": 721}
2026-10-02T10:31:17.2231516Z ##[group]Run actions/upload-artifact@v4
2026-10-02T10:31:17.2231813Z with:
2026-10-02T10:31:17.2232108Z   name: hotspot-controls-4b09a6ec0f593cd54027f0980993dda3969d5cfc-1
2026-10-02T10:31:17.2232498Z   path: output/quality-hotspot-controls/
2026-10-02T10:31:17.2232779Z   if-no-files-found: error
2026-10-02T10:31:17.2233021Z   retention-days: 14
2026-10-02T10:31:17.2233231Z   compression-level: 6
2026-10-02T10:31:17.2233447Z   overwrite: false
2026-10-02T10:31:17.2233659Z   include-hidden-files: false
2026-10-02T10:31:17.2233885Z env:
2026-10-02T10:31:17.2234137Z   pythonLocation: /opt/hostedtoolcache/Python/3.11.16/x64
2026-10-02T10:31:17.2234877Z   PKG_CONFIG_PATH: /opt/hostedtoolcache/Python/3.11.16/x64/lib/pkgconfig
2026-10-02T10:31:17.2235295Z   Python_ROOT_DIR: /opt/hostedtoolcache/Python/3.11.16/x64
2026-10-02T10:31:17.2235665Z   Python2_ROOT_DIR: /opt/hostedtoolcache/Python/3.11.16/x64
2026-10-02T10:31:17.2236075Z   Python3_ROOT_DIR: /opt/hostedtoolcache/Python/3.11.16/x64
2026-10-02T10:31:17.2236457Z   LD_LIBRARY_PATH: /opt/hostedtoolcache/Python/3.11.16/x64/lib
2026-10-02T10:31:17.2236777Z ##[endgroup]
2026-10-02T10:31:17.4021789Z (node:9161) [DEP0040] DeprecationWarning: The `punycode` module is deprecated. Please use a userland alternative instead.
2026-10-02T10:31:17.4023039Z (Use `node --trace-deprecation ...` to show where the warning was created)
2026-10-02T10:31:17.4133432Z With the provided path, there will be 19 files uploaded
2026-10-02T10:31:17.4145092Z Artifact name is valid!
2026-10-02T10:31:17.4145736Z Root directory input is valid!
2026-10-02T10:31:17.7898275Z Beginning upload of artifact content to blob storage
2026-10-02T10:31:18.1832514Z (node:9161) [DEP0169] DeprecationWarning: `url.parse()` behavior is not standardized and prone to errors that have security implications. Use the WHATWG URL API instead. CVEs are not issued for `url.parse()` vulnerabilities.
2026-10-02T10:31:19.0862314Z Uploaded bytes 5756588
2026-10-02T10:31:19.1651450Z Finished uploading artifact content to blob storage!
2026-10-02T10:31:19.1652734Z SHA256 digest of uploaded artifact zip is cdf6c8938b1c6f79b5a92916674ccefc8c3267f18f289f6fd36e8d7d1ce5c42c
2026-10-02T10:31:19.1655331Z Finalizing artifact upload
2026-10-02T10:31:19.4777598Z Artifact hotspot-controls-4b09a6ec0f593cd54027f0980993dda3969d5cfc-1.zip successfully finalized. Artifact ID 11221910327
2026-10-02T10:31:19.4779735Z Artifact hotspot-controls-4b09a6ec0f593cd54027f0980993dda3969d5cfc-1 has been successfully uploaded! Final size is 5756588 bytes. Artifact ID is 11221910327
2026-10-02T10:31:19.4785604Z Artifact download URL: https://github.com/llongwang751-arch/mini-drop/actions/runs/36995708503/artifacts/11221910327
2026-10-02T10:31:19.4979548Z Post job cleanup.
2026-10-02T10:31:19.6294245Z (node:9173) [DEP0040] DeprecationWarning: The `punycode` module is deprecated. Please use a userland alternative instead.
2026-10-02T10:31:19.6295448Z (Use `node --trace-deprecation ...` to show where the warning was created)
2026-10-02T10:31:19.6368156Z [command]/opt/hostedtoolcache/go/1.26.8/x64/bin/go env GOMODCACHE
2026-10-02T10:31:19.6416278Z [command]/opt/hostedtoolcache/go/1.26.8/x64/bin/go env GOCACHE
2026-10-02T10:31:19.6457975Z /home/runner/go/pkg/mod
2026-10-02T10:31:19.6485768Z /home/runner/.cache/go-build
2026-10-02T10:31:19.6490971Z [warning]Cache folder path is retrieved but doesn't exist on disk: /home/runner/go/pkg/mod
2026-10-02T10:31:19.6492598Z Primary key was not generated. Please check the log messages above for more errors or information
2026-10-02T10:31:19.6642298Z Post job cleanup.
2026-10-02T10:31:19.7979916Z (node:9196) [DEP0040] DeprecationWarning: The `punycode` module is deprecated. Please use a userland alternative instead.
2026-10-02T10:31:19.7981286Z (Use `node --trace-deprecation ...` to show where the warning was created)
2026-10-02T10:31:19.8118747Z Post job cleanup.
2026-10-02T10:31:19.9097815Z [command]/usr/bin/git version
2026-10-02T10:31:19.9146179Z git version 2.55.0
2026-10-02T10:31:19.9191180Z Temporarily overriding HOME='/home/runner/work/_temp/36ab90a3-c5d6-4dca-8873-bd436e077fe8' before making global git config changes
2026-10-02T10:31:19.9192474Z Adding repository directory to the temporary git global config as a safe directory
2026-10-02T10:31:19.9197685Z [command]/usr/bin/git config --global --add safe.directory /home/runner/work/mini-drop/mini-drop
2026-10-02T10:31:19.9243178Z [command]/usr/bin/git config --local --name-only --get-regexp core\.sshCommand
2026-10-02T10:31:19.9283738Z [command]/usr/bin/git submodule foreach --recursive sh -c "git config --local --name-only --get-regexp 'core\.sshCommand' && git config --local --unset-all 'core.sshCommand' || :"
2026-10-02T10:31:19.9595516Z [command]/usr/bin/git config --local --name-only --get-regexp http\.https\:\/\/github\.com\/\.extraheader
2026-10-02T10:31:19.9624019Z http.https://github.com/.extraheader
2026-10-02T10:31:19.9636645Z [command]/usr/bin/git config --local --unset-all http.https://github.com/.extraheader
2026-10-02T10:31:19.9674676Z [command]/usr/bin/git submodule foreach --recursive sh -c "git config --local --name-only --get-regexp 'http\.https\:\/\/github\.com\/\.extraheader' && git config --local --unset-all 'http.https://github.com/.extraheader' || :"
2026-10-02T10:31:19.9993694Z [command]/usr/bin/git config --local --name-only --get-regexp ^includeIf\.gitdir:
2026-10-02T10:31:20.0037084Z [command]/usr/bin/git submodule foreach --recursive git config --local --show-origin --name-only --get-regexp remote.origin.url
2026-10-02T10:31:20.0495284Z Cleaning up orphan processes
2026-10-02T10:31:20.0821489Z ##[warning]Node.js 20 is deprecated. The following actions target Node.js 20 but are being forced to run on Node.js 24: actions/checkout@v4, actions/setup-go@v5, actions/setup-python@v5, actions/upload-artifact@v4. For more information see: https://github.blog/changelog/2025-09-19-deprecation-of-node-20-on-github-actions-runners/
