2026-10-02T10:29:03.8913282Z Current runner version: '2.337.0'
2026-10-02T10:29:03.8937474Z ##[group]Runner Image Provisioner
2026-10-02T10:29:03.8938456Z Hosted Compute Agent
2026-10-02T10:29:03.8939156Z Version: 20260901.588
2026-10-02T10:29:03.8939818Z Commit: f88ec8081b781fac6c440065ac7ff9e710ce3d0b
2026-10-02T10:29:03.8941007Z Build Date: 2026-09-01T19:56:44Z
2026-10-02T10:29:03.8941791Z Worker ID: {c464b4a9-f651-4e68-bac3-4a0b3f7da4f0}
2026-10-02T10:29:03.8942605Z Azure Region: westus
2026-10-02T10:29:03.8943223Z ##[endgroup]
2026-10-02T10:29:03.8944750Z ##[group]Operating System
2026-10-02T10:29:03.8945523Z Ubuntu
2026-10-02T10:29:03.8946098Z 22.04.5
2026-10-02T10:29:03.8946622Z LTS
2026-10-02T10:29:03.8947298Z ##[endgroup]
2026-10-02T10:29:03.8947896Z ##[group]Runner Image
2026-10-02T10:29:03.8948584Z Image: ubuntu-22.04
2026-10-02T10:29:03.8949205Z Version: 20260927.309.1
2026-10-02T10:29:03.8950785Z Included Software: https://github.com/actions/runner-images/blob/ubuntu22/20260927.309/images/ubuntu/Ubuntu2204-Readme.md
2026-10-02T10:29:03.8952544Z Image Release: https://github.com/actions/runner-images/releases/tag/ubuntu22%2F20260927.309
2026-10-02T10:29:03.8953685Z ##[endgroup]
2026-10-02T10:29:03.8955009Z ##[group]GITHUB_TOKEN Permissions
2026-10-02T10:29:03.8957076Z Contents: read
2026-10-02T10:29:03.8957753Z Metadata: read
2026-10-02T10:29:03.8958340Z Packages: read
2026-10-02T10:29:03.8959047Z ##[endgroup]
2026-10-02T10:29:03.8961383Z Secret source: Actions
2026-10-02T10:29:03.8962563Z Cache mode: write
2026-10-02T10:29:03.8963287Z Prepare workflow directory
2026-10-02T10:29:03.9367187Z Prepare all required actions
2026-10-02T10:29:03.9416457Z Getting action download info
2026-10-02T10:29:04.3702897Z Download action repository 'actions/checkout@v4' (SHA:11d5960a326750d5838078e36cf38b85af677262)
2026-10-02T10:29:04.5251597Z Download action repository 'actions/setup-go@v5' (SHA:40f1582b2485089dde7abd97c1529aa768e1baff)
2026-10-02T10:29:04.9706763Z Download action repository 'actions/upload-artifact@v4' (SHA:ea165f8d65b6e75b540449e92b4886f43607fa02)
2026-10-02T10:29:05.2172638Z Download action repository 'golangci/golangci-lint-action@v9' (SHA:ba0d7d2ec06a0ea1cb5fa41b2e4a3ab91d21278a)
2026-10-02T10:29:05.7371620Z Complete job name: Go (apiserver)
2026-10-02T10:29:05.8137397Z ##[group]Run actions/checkout@v4
2026-10-02T10:29:05.8138047Z with:
2026-10-02T10:29:05.8138348Z   repository: llongwang751-arch/mini-drop
2026-10-02T10:29:05.8141624Z   token: ***
2026-10-02T10:29:05.8141907Z   ssh-strict: true
2026-10-02T10:29:05.8142160Z   ssh-user: git
2026-10-02T10:29:05.8142421Z   persist-credentials: true
2026-10-02T10:29:05.8142719Z   clean: true
2026-10-02T10:29:05.8142983Z   sparse-checkout-cone-mode: true
2026-10-02T10:29:05.8143293Z   fetch-depth: 1
2026-10-02T10:29:05.8143548Z   fetch-tags: false
2026-10-02T10:29:05.8143810Z   show-progress: true
2026-10-02T10:29:05.8144077Z   lfs: false
2026-10-02T10:29:05.8144329Z   submodules: false
2026-10-02T10:29:05.8144589Z   set-safe-directory: true
2026-10-02T10:29:05.8144891Z   allow-unsafe-pr-checkout: false
2026-10-02T10:29:05.8145520Z ##[endgroup]
2026-10-02T10:29:05.9230672Z Syncing repository: llongwang751-arch/mini-drop
2026-10-02T10:29:05.9232758Z ##[group]Getting Git version info
2026-10-02T10:29:05.9233551Z Working directory is '/home/runner/work/mini-drop/mini-drop'
2026-10-02T10:29:05.9234581Z [command]/usr/bin/git version
2026-10-02T10:29:05.9345579Z git version 2.55.0
2026-10-02T10:29:05.9368348Z ##[endgroup]
2026-10-02T10:29:05.9395441Z Temporarily overriding HOME='/home/runner/work/_temp/5829294b-6859-494a-b96e-b8fd482d4411' before making global git config changes
2026-10-02T10:29:05.9396873Z Adding repository directory to the temporary git global config as a safe directory
2026-10-02T10:29:05.9398078Z [command]/usr/bin/git config --global --add safe.directory /home/runner/work/mini-drop/mini-drop
2026-10-02T10:29:05.9435718Z Deleting the contents of '/home/runner/work/mini-drop/mini-drop'
2026-10-02T10:29:05.9441945Z ##[group]Initializing the repository
2026-10-02T10:29:05.9447319Z [command]/usr/bin/git init /home/runner/work/mini-drop/mini-drop
2026-10-02T10:29:05.9598911Z hint: Using 'master' as the name for the initial branch. This default branch name
2026-10-02T10:29:05.9600762Z hint: will change to "main" in Git 3.0. To configure the initial branch name
2026-10-02T10:29:05.9626970Z hint: to use in all of your new repositories, which will suppress this warning,
2026-10-02T10:29:05.9628195Z hint: call:
2026-10-02T10:29:05.9628945Z hint:
2026-10-02T10:29:05.9629834Z hint: 	git config --global init.defaultBranch <name>
2026-10-02T10:29:05.9631133Z hint:
2026-10-02T10:29:05.9632103Z hint: Names commonly chosen instead of 'master' are 'main', 'trunk' and
2026-10-02T10:29:05.9633478Z hint: 'development'. The just-created branch can be renamed via this command:
2026-10-02T10:29:05.9638042Z hint:
2026-10-02T10:29:05.9638760Z hint: 	git branch -m <name>
2026-10-02T10:29:05.9639482Z hint:
2026-10-02T10:29:05.9640353Z hint: Disable this message with "git config set advice.defaultBranchName false"
2026-10-02T10:29:05.9642163Z Initialized empty Git repository in /home/runner/work/mini-drop/mini-drop/.git/
2026-10-02T10:29:05.9644812Z [command]/usr/bin/git remote add origin https://github.com/llongwang751-arch/mini-drop
2026-10-02T10:29:05.9668890Z ##[endgroup]
2026-10-02T10:29:05.9670125Z ##[group]Disabling automatic garbage collection
2026-10-02T10:29:05.9692858Z [command]/usr/bin/git config --local gc.auto 0
2026-10-02T10:29:05.9737795Z ##[endgroup]
2026-10-02T10:29:05.9738903Z ##[group]Setting up auth
2026-10-02T10:29:05.9746165Z [command]/usr/bin/git config --local --name-only --get-regexp core\.sshCommand
2026-10-02T10:29:05.9795595Z [command]/usr/bin/git submodule foreach --recursive sh -c "git config --local --name-only --get-regexp 'core\.sshCommand' && git config --local --unset-all 'core.sshCommand' || :"
2026-10-02T10:29:06.0346227Z [command]/usr/bin/git config --local --name-only --get-regexp http\.https\:\/\/github\.com\/\.extraheader
2026-10-02T10:29:06.0387673Z [command]/usr/bin/git submodule foreach --recursive sh -c "git config --local --name-only --get-regexp 'http\.https\:\/\/github\.com\/\.extraheader' && git config --local --unset-all 'http.https://github.com/.extraheader' || :"
2026-10-02T10:29:06.0660030Z [command]/usr/bin/git config --local --name-only --get-regexp ^includeIf\.gitdir:
2026-10-02T10:29:06.0699458Z [command]/usr/bin/git submodule foreach --recursive git config --local --show-origin --name-only --get-regexp remote.origin.url
2026-10-02T10:29:06.0966172Z [command]/usr/bin/git config --local http.https://github.com/.extraheader AUTHORIZATION: basic ***
2026-10-02T10:29:06.1015720Z ##[endgroup]
2026-10-02T10:29:06.1016478Z ##[group]Fetching the repository
2026-10-02T10:29:06.1025349Z [command]/usr/bin/git -c protocol.version=2 fetch --no-tags --prune --no-recurse-submodules --depth=1 origin +4b09a6ec0f593cd54027f0980993dda3969d5cfc:refs/remotes/pull/1/merge
2026-10-02T10:29:11.9645623Z From https://github.com/llongwang751-arch/mini-drop
2026-10-02T10:29:11.9646558Z  * [new ref]         4b09a6ec0f593cd54027f0980993dda3969d5cfc -> pull/1/merge
2026-10-02T10:29:11.9654143Z ##[endgroup]
2026-10-02T10:29:11.9654796Z ##[group]Determining the checkout info
2026-10-02T10:29:11.9655614Z ##[endgroup]
2026-10-02T10:29:11.9659631Z [command]/usr/bin/git sparse-checkout disable
2026-10-02T10:29:11.9715650Z [command]/usr/bin/git config --local --unset-all extensions.worktreeConfig
2026-10-02T10:29:11.9771854Z ##[group]Checking out the ref
2026-10-02T10:29:11.9773091Z [command]/usr/bin/git checkout --progress --force refs/remotes/pull/1/merge
2026-10-02T10:29:12.9860963Z Updating files:  64% (2835/4371)
2026-10-02T10:29:12.9911585Z Updating files:  65% (2842/4371)
2026-10-02T10:29:12.9946739Z Updating files:  66% (2885/4371)
2026-10-02T10:29:13.0007245Z Updating files:  67% (2929/4371)
2026-10-02T10:29:13.0043641Z Updating files:  68% (2973/4371)
2026-10-02T10:29:13.0268032Z Updating files:  69% (3016/4371)
2026-10-02T10:29:13.0579475Z Updating files:  70% (3060/4371)
2026-10-02T10:29:13.0763403Z Updating files:  71% (3104/4371)
2026-10-02T10:29:13.0817453Z Updating files:  72% (3148/4371)
2026-10-02T10:29:13.0881615Z Updating files:  73% (3191/4371)
2026-10-02T10:29:13.0949638Z Updating files:  74% (3235/4371)
2026-10-02T10:29:13.1039893Z Updating files:  75% (3279/4371)
2026-10-02T10:29:13.1094977Z Updating files:  76% (3322/4371)
2026-10-02T10:29:13.1138689Z Updating files:  77% (3366/4371)
2026-10-02T10:29:13.1168529Z Updating files:  78% (3410/4371)
2026-10-02T10:29:13.1218604Z Updating files:  79% (3454/4371)
2026-10-02T10:29:13.1262858Z Updating files:  80% (3497/4371)
2026-10-02T10:29:13.1305178Z Updating files:  81% (3541/4371)
2026-10-02T10:29:13.1372486Z Updating files:  82% (3585/4371)
2026-10-02T10:29:13.1414150Z Updating files:  83% (3628/4371)
2026-10-02T10:29:13.1478321Z Updating files:  84% (3672/4371)
2026-10-02T10:29:13.1621365Z Updating files:  85% (3716/4371)
2026-10-02T10:29:13.1680925Z Updating files:  86% (3760/4371)
2026-10-02T10:29:13.1740535Z Updating files:  87% (3803/4371)
2026-10-02T10:29:13.1772330Z Updating files:  88% (3847/4371)
2026-10-02T10:29:13.1807654Z Updating files:  89% (3891/4371)
2026-10-02T10:29:13.1841077Z Updating files:  90% (3934/4371)
2026-10-02T10:29:13.1892032Z Updating files:  91% (3978/4371)
2026-10-02T10:29:13.1918854Z Updating files:  92% (4022/4371)
2026-10-02T10:29:13.1948503Z Updating files:  93% (4066/4371)
2026-10-02T10:29:13.1976725Z Updating files:  94% (4109/4371)
2026-10-02T10:29:13.2010857Z Updating files:  95% (4153/4371)
2026-10-02T10:29:13.2146740Z Updating files:  96% (4197/4371)
2026-10-02T10:29:13.2173637Z Updating files:  97% (4240/4371)
2026-10-02T10:29:13.2202807Z Updating files:  98% (4284/4371)
2026-10-02T10:29:13.2228040Z Updating files:  99% (4328/4371)
2026-10-02T10:29:13.2228786Z Updating files: 100% (4371/4371)
2026-10-02T10:29:13.2229289Z Updating files: 100% (4371/4371), done.
2026-10-02T10:29:13.2293764Z Note: switching to 'refs/remotes/pull/1/merge'.
2026-10-02T10:29:13.2294116Z 
2026-10-02T10:29:13.2294496Z You are in 'detached HEAD' state. You can look around, make experimental
2026-10-02T10:29:13.2295370Z changes and commit them, and you can discard any commits you make in this
2026-10-02T10:29:13.2296467Z state without impacting any branches by switching back to a branch.
2026-10-02T10:29:13.2297016Z 
2026-10-02T10:29:13.2297349Z If you want to create a new branch to retain commits you create, you may
2026-10-02T10:29:13.2298104Z do so (now or later) by using -c with the switch command. Example:
2026-10-02T10:29:13.2298364Z 
2026-10-02T10:29:13.2298476Z   git switch -c <new-branch-name>
2026-10-02T10:29:13.2298657Z 
2026-10-02T10:29:13.2298756Z Or undo this operation with:
2026-10-02T10:29:13.2298924Z 
2026-10-02T10:29:13.2299008Z   git switch -
2026-10-02T10:29:13.2299134Z 
2026-10-02T10:29:13.2299347Z Turn off this advice by setting config variable advice.detachedHead to false
2026-10-02T10:29:13.2299680Z 
2026-10-02T10:29:13.2300031Z HEAD is now at 4b09a6e Merge f2cdbe7d711a58e2042bf4ef2cc01a0fcb051cf0 into 609ea8a73f845b496b59b5cae181f515c5919850
2026-10-02T10:29:13.2409342Z ##[endgroup]
2026-10-02T10:29:13.2458847Z [command]/usr/bin/git log -1 --format=%H
2026-10-02T10:29:13.2492748Z 4b09a6ec0f593cd54027f0980993dda3969d5cfc
2026-10-02T10:29:13.2764021Z ##[group]Run actions/setup-go@v5
2026-10-02T10:29:13.2764308Z with:
2026-10-02T10:29:13.2764516Z   go-version-file: apiserver/go.mod
2026-10-02T10:29:13.2764813Z   cache-dependency-path: apiserver/go.sum
2026-10-02T10:29:13.2765081Z   cache: true
2026-10-02T10:29:13.2765278Z   check-latest: false
2026-10-02T10:29:13.2767982Z   token: ***
2026-10-02T10:29:13.2768184Z ##[endgroup]
2026-10-02T10:29:13.4134829Z Setup go version spec 1.26.8
2026-10-02T10:29:13.4170199Z Found in cache @ /opt/hostedtoolcache/go/1.26.8/x64
2026-10-02T10:29:13.4172131Z (node:2021) [DEP0040] DeprecationWarning: The `punycode` module is deprecated. Please use a userland alternative instead.
2026-10-02T10:29:13.4173392Z (Use `node --trace-deprecation ...` to show where the warning was created)
2026-10-02T10:29:13.4176350Z Added go to the path
2026-10-02T10:29:13.4180755Z Successfully set up Go version 1.26.8
2026-10-02T10:29:14.1569371Z [command]/opt/hostedtoolcache/go/1.26.8/x64/bin/go env GOMODCACHE
2026-10-02T10:29:14.1607358Z [command]/opt/hostedtoolcache/go/1.26.8/x64/bin/go env GOCACHE
2026-10-02T10:29:14.1678706Z /home/runner/go/pkg/mod
2026-10-02T10:29:14.1692337Z /home/runner/.cache/go-build
2026-10-02T10:29:14.4475011Z Cache hit for: setup-go-Linux-x64-ubuntu22-go-1.26.8-53ddbd53d793e3fffd22ee7f29b9841d7ddf0fd59f4a944399a5c4503dd61af9
2026-10-02T10:29:14.4582083Z (node:2021) [DEP0169] DeprecationWarning: `url.parse()` behavior is not standardized and prone to errors that have security implications. Use the WHATWG URL API instead. CVEs are not issued for `url.parse()` vulnerabilities.
2026-10-02T10:29:15.7216647Z Received 8388608 of 44800051 (18.7%), 8.0 MBs/sec
2026-10-02T10:29:15.9915236Z Received 44800051 of 44800051 (100.0%), 33.6 MBs/sec
2026-10-02T10:29:15.9916528Z Cache Size: ~43 MB (44800051 B)
2026-10-02T10:29:15.9955930Z [command]/usr/bin/tar -xf /home/runner/work/_temp/5c555b9f-5bca-4202-9e9e-f8b71a6d544c/cache.tzst -P -C /home/runner/work/mini-drop/mini-drop --use-compress-program unzstd
2026-10-02T10:29:16.4167985Z Cache restored successfully
2026-10-02T10:29:16.4278425Z Cache restored from key: setup-go-Linux-x64-ubuntu22-go-1.26.8-53ddbd53d793e3fffd22ee7f29b9841d7ddf0fd59f4a944399a5c4503dd61af9
2026-10-02T10:29:16.4301801Z go version go1.26.8 linux/amd64
2026-10-02T10:29:16.4302004Z 
2026-10-02T10:29:16.4302313Z ##[group]go env
2026-10-02T10:29:16.5084102Z AR='ar'
2026-10-02T10:29:16.5084459Z CC='gcc'
2026-10-02T10:29:16.5084845Z CGO_CFLAGS='-O2 -g'
2026-10-02T10:29:16.5085249Z CGO_CPPFLAGS=''
2026-10-02T10:29:16.5085633Z CGO_CXXFLAGS='-O2 -g'
2026-10-02T10:29:16.5086032Z CGO_ENABLED='1'
2026-10-02T10:29:16.5086396Z CGO_FFLAGS='-O2 -g'
2026-10-02T10:29:16.5086786Z CGO_LDFLAGS='-O2 -g'
2026-10-02T10:29:16.5087131Z CXX='g++'
2026-10-02T10:29:16.5087436Z GCCGO='gccgo'
2026-10-02T10:29:16.5087782Z GO111MODULE=''
2026-10-02T10:29:16.5088111Z GOAMD64='v1'
2026-10-02T10:29:16.5088425Z GOARCH='amd64'
2026-10-02T10:29:16.5088762Z GOAUTH='netrc'
2026-10-02T10:29:16.5089075Z GOBIN=''
2026-10-02T10:29:16.5089463Z GOCACHE='/home/runner/.cache/go-build'
2026-10-02T10:29:16.5089931Z GOCACHEPROG=''
2026-10-02T10:29:16.5090261Z GODEBUG=''
2026-10-02T10:29:16.5090881Z GOENV='/home/runner/.config/go/env'
2026-10-02T10:29:16.5091322Z GOEXE=''
2026-10-02T10:29:16.5091679Z GOEXPERIMENT=''
2026-10-02T10:29:16.5092035Z GOFIPS140='off'
2026-10-02T10:29:16.5092369Z GOFLAGS=''
2026-10-02T10:29:16.5093503Z GOGCCFLAGS='-fPIC -m64 -pthread -Wl,--no-gc-sections -fmessage-length=0 -ffile-prefix-map=/tmp/go-build906423131=/tmp/go-build -gno-record-gcc-switches'
2026-10-02T10:29:16.5094723Z GOHOSTARCH='amd64'
2026-10-02T10:29:16.5095090Z GOHOSTOS='linux'
2026-10-02T10:29:16.5095445Z GOINSECURE=''
2026-10-02T10:29:16.5095828Z GOMOD='/dev/null'
2026-10-02T10:29:16.5096227Z GOMODCACHE='/home/runner/go/pkg/mod'
2026-10-02T10:29:16.5096709Z GONOPROXY=''
2026-10-02T10:29:16.5097035Z GONOSUMDB=''
2026-10-02T10:29:16.5097342Z GOOS='linux'
2026-10-02T10:29:16.5097673Z GOPATH='/home/runner/go'
2026-10-02T10:29:16.5098051Z GOPRIVATE=''
2026-10-02T10:29:16.5098791Z GOPROXY='https://proxy.golang.org,direct'
2026-10-02T10:29:16.5099362Z GOROOT='/opt/hostedtoolcache/go/1.26.8/x64'
2026-10-02T10:29:16.5099861Z GOSUMDB='sum.golang.org'
2026-10-02T10:29:16.5100250Z GOTELEMETRY='local'
2026-10-02T10:29:16.5100919Z GOTELEMETRYDIR='/home/runner/.config/go/telemetry'
2026-10-02T10:29:16.5101436Z GOTMPDIR=''
2026-10-02T10:29:16.5101766Z GOTOOLCHAIN='auto'
2026-10-02T10:29:16.5102280Z GOTOOLDIR='/opt/hostedtoolcache/go/1.26.8/x64/pkg/tool/linux_amd64'
2026-10-02T10:29:16.5102887Z GOVCS=''
2026-10-02T10:29:16.5103203Z GOVERSION='go1.26.8'
2026-10-02T10:29:16.5103556Z GOWORK=''
2026-10-02T10:29:16.5103914Z PKG_CONFIG='pkg-config'
2026-10-02T10:29:16.5104155Z 
2026-10-02T10:29:16.5104617Z ##[endgroup]
2026-10-02T10:29:16.5278998Z ##[group]Run go vet ./...
2026-10-02T10:29:16.5279564Z [36;1mgo vet ./...[0m
2026-10-02T10:29:16.5658493Z shell: /usr/bin/bash -e {0}
2026-10-02T10:29:16.5658766Z ##[endgroup]
2026-10-02T10:29:17.0239207Z go: downloading google.golang.org/grpc v1.83.2
2026-10-02T10:29:17.0260908Z go: downloading github.com/minio/minio-go/v7 v7.0.95
2026-10-02T10:29:17.2367969Z go: downloading google.golang.org/protobuf v1.36.11
2026-10-02T10:29:17.4848636Z go: downloading github.com/dustin/go-humanize v1.0.1
2026-10-02T10:29:17.4854637Z go: downloading github.com/google/uuid v1.6.0
2026-10-02T10:29:17.4855083Z go: downloading github.com/klauspost/compress v1.18.7
2026-10-02T10:29:17.4952582Z go: downloading github.com/minio/crc64nvme v1.0.2
2026-10-02T10:29:17.4961513Z go: downloading github.com/minio/md5-simd v1.1.2
2026-10-02T10:29:17.5023353Z go: downloading golang.org/x/net v0.58.0
2026-10-02T10:29:17.5997424Z go: downloading github.com/go-ini/ini v1.67.0
2026-10-02T10:29:17.7371831Z go: downloading google.golang.org/genproto/googleapis/rpc v0.0.0-20260526163538-3dc84a4a5aaa
2026-10-02T10:29:17.7546194Z go: downloading github.com/klauspost/cpuid/v2 v2.2.11
2026-10-02T10:29:17.7551372Z go: downloading github.com/goccy/go-json v0.10.5
2026-10-02T10:29:17.7624882Z go: downloading golang.org/x/crypto v0.56.0
2026-10-02T10:29:17.7699732Z go: downloading github.com/rs/xid v1.6.0
2026-10-02T10:29:17.8811675Z go: downloading golang.org/x/sys v0.47.0
2026-10-02T10:29:17.9536867Z go: downloading github.com/tinylib/msgp v1.3.0
2026-10-02T10:29:18.0573079Z go: downloading github.com/philhofer/fwd v1.2.0
2026-10-02T10:29:57.5399100Z ##[group]Run go test -race -count=1 ./...
2026-10-02T10:29:57.5399465Z [36;1mgo test -race -count=1 ./...[0m
2026-10-02T10:29:57.5471136Z shell: /usr/bin/bash -e {0}
2026-10-02T10:29:57.5471400Z ##[endgroup]
2026-10-02T10:30:23.3433462Z ?   	mini-drop/apiserver/cmd/apiserver	[no test files]
2026-10-02T10:30:24.3699948Z ok  	mini-drop/apiserver/internal/config	1.025s
2026-10-02T10:30:24.6997773Z ok  	mini-drop/apiserver/internal/cron	1.355s
2026-10-02T10:30:24.6998517Z ?   	mini-drop/apiserver/internal/errorcode	[no test files]
2026-10-02T10:30:24.6998974Z ?   	mini-drop/apiserver/internal/gen/mini_drop	[no test files]
2026-10-02T10:30:25.7654832Z ok  	mini-drop/apiserver/internal/httpapi	1.057s
2026-10-02T10:30:25.7655378Z ok  	mini-drop/apiserver/internal/objectstore	1.026s
2026-10-02T10:30:25.7655883Z ok  	mini-drop/apiserver/internal/repository	1.021s
2026-10-02T10:30:25.7656361Z ok  	mini-drop/apiserver/internal/scheduler	1.021s
2026-10-02T10:30:26.7401444Z ok  	mini-drop/apiserver/internal/taskkind	1.015s
2026-10-02T10:30:26.7402168Z ?   	mini-drop/apiserver/internal/taskstatus	[no test files]
2026-10-02T10:30:26.8175339Z ##[group]Run go install golang.org/x/vuln/cmd/govulncheck@v1.8.0
2026-10-02T10:30:26.8175869Z [36;1mgo install golang.org/x/vuln/cmd/govulncheck@v1.8.0[0m
2026-10-02T10:30:26.8247078Z shell: /usr/bin/bash -e {0}
2026-10-02T10:30:26.8247355Z ##[endgroup]
2026-10-02T10:30:26.8735235Z go: downloading golang.org/x/vuln v1.8.0
2026-10-02T10:30:27.1154991Z go: downloading golang.org/x/telemetry v0.0.0-20260908163034-4bcc4b2ee518
2026-10-02T10:30:27.1218432Z go: downloading golang.org/x/mod v0.41.0
2026-10-02T10:30:27.1225243Z go: downloading golang.org/x/tools v0.50.0
2026-10-02T10:30:27.2380765Z go: downloading golang.org/x/sync v0.23.0
2026-10-02T10:30:33.4012591Z ##[group]Run set -euo pipefail
2026-10-02T10:30:33.4013167Z [36;1mset -euo pipefail[0m
2026-10-02T10:30:33.4013662Z [36;1mmkdir -p ../output/go-security[0m
2026-10-02T10:30:33.4014357Z [36;1mgovulncheck -json ./... > ../output/go-security/source.json[0m
2026-10-02T10:30:33.4015184Z [36;1mgovulncheck ./... | tee ../output/go-security/source.txt[0m
2026-10-02T10:30:33.4016165Z [36;1mCGO_ENABLED=0 go build -trimpath -o ../output/go-security/apiserver ./cmd/apiserver[0m
2026-10-02T10:30:33.4017364Z [36;1mgo version -m ../output/go-security/apiserver > ../output/go-security/binary-build.txt[0m
2026-10-02T10:30:33.4018620Z [36;1mgovulncheck -mode=binary ../output/go-security/apiserver | tee ../output/go-security/binary.txt[0m
2026-10-02T10:30:33.4020126Z [36;1msha256sum ../output/go-security/apiserver > ../output/go-security/binary.sha256[0m
2026-10-02T10:30:33.4097754Z shell: /usr/bin/bash --noprofile --norc -e -o pipefail {0}
2026-10-02T10:30:33.4098121Z ##[endgroup]
2026-10-02T10:30:39.2701872Z === Symbol Results ===
2026-10-02T10:30:39.2702193Z 
2026-10-02T10:30:39.2704961Z No vulnerabilities found.
2026-10-02T10:30:39.2705172Z 
2026-10-02T10:30:39.2705320Z Your code is affected by 0 vulnerabilities.
2026-10-02T10:30:39.2705757Z This scan also found 0 vulnerabilities in packages you import and 1
2026-10-02T10:30:39.2706301Z vulnerability in modules you require, but your code doesn't appear to call these
2026-10-02T10:30:39.2706714Z vulnerabilities.
2026-10-02T10:30:39.2706966Z Use '-show verbose' for more details.
2026-10-02T10:31:13.2092464Z === Symbol Results ===
2026-10-02T10:31:13.2092792Z 
2026-10-02T10:31:13.2092976Z No vulnerabilities found.
2026-10-02T10:31:13.2093312Z 
2026-10-02T10:31:13.2093535Z Your code is affected by 0 vulnerabilities.
2026-10-02T10:31:13.2094266Z This scan also found 0 vulnerabilities in packages you import and 1
2026-10-02T10:31:13.2094925Z vulnerability in modules you require, but your code doesn't appear to call these
2026-10-02T10:31:13.2095414Z vulnerabilities.
2026-10-02T10:31:13.2095675Z Use '-show verbose' for more details.
2026-10-02T10:31:13.3520890Z ##[group]Run actions/upload-artifact@v4
2026-10-02T10:31:13.3521221Z with:
2026-10-02T10:31:13.3521498Z   name: go-security-4b09a6ec0f593cd54027f0980993dda3969d5cfc-1
2026-10-02T10:31:13.3521865Z   path: output/go-security/
2026-10-02T10:31:13.3522127Z   if-no-files-found: error
2026-10-02T10:31:13.3522366Z   compression-level: 6
2026-10-02T10:31:13.3522590Z   overwrite: false
2026-10-02T10:31:13.3522806Z   include-hidden-files: false
2026-10-02T10:31:13.3523047Z ##[endgroup]
2026-10-02T10:31:13.5307473Z (node:12691) [DEP0040] DeprecationWarning: The `punycode` module is deprecated. Please use a userland alternative instead.
2026-10-02T10:31:13.5308245Z (Use `node --trace-deprecation ...` to show where the warning was created)
2026-10-02T10:31:13.5377649Z With the provided path, there will be 6 files uploaded
2026-10-02T10:31:13.5384811Z Artifact name is valid!
2026-10-02T10:31:13.5385565Z Root directory input is valid!
2026-10-02T10:31:13.9180708Z Beginning upload of artifact content to blob storage
2026-10-02T10:31:14.5985728Z (node:12691) [DEP0169] DeprecationWarning: `url.parse()` behavior is not standardized and prone to errors that have security implications. Use the WHATWG URL API instead. CVEs are not issued for `url.parse()` vulnerabilities.
2026-10-02T10:31:15.5287019Z Uploaded bytes 8388608
2026-10-02T10:31:15.7624354Z Uploaded bytes 14650241
2026-10-02T10:31:15.8407384Z Finished uploading artifact content to blob storage!
2026-10-02T10:31:15.8408566Z SHA256 digest of uploaded artifact zip is d901e842e3d00e6c0a91194679c80475350c73755c6d4e3702ce76380940f359
2026-10-02T10:31:15.8417751Z Finalizing artifact upload
2026-10-02T10:31:16.0855801Z Artifact go-security-4b09a6ec0f593cd54027f0980993dda3969d5cfc-1.zip successfully finalized. Artifact ID 11221735485
2026-10-02T10:31:16.0857785Z Artifact go-security-4b09a6ec0f593cd54027f0980993dda3969d5cfc-1 has been successfully uploaded! Final size is 14650241 bytes. Artifact ID is 11221735485
2026-10-02T10:31:16.0863114Z Artifact download URL: https://github.com/llongwang751-arch/mini-drop/actions/runs/36995708503/artifacts/11221735485
2026-10-02T10:31:16.1115454Z ##[group]Run golangci/golangci-lint-action@v9
2026-10-02T10:31:16.1116016Z with:
2026-10-02T10:31:16.1116345Z   version: v2.14.0
2026-10-02T10:31:16.1116727Z   working-directory: apiserver
2026-10-02T10:31:16.1117213Z   args: --issues-exit-code=1
2026-10-02T10:31:16.1117643Z   install-mode: binary
2026-10-02T10:31:16.1118038Z   install-only: false
2026-10-02T10:31:16.1124102Z   github-token: ***
2026-10-02T10:31:16.1124509Z   verify: true
2026-10-02T10:31:16.1125156Z   only-new-issues: false
2026-10-02T10:31:16.1125557Z   skip-cache: false
2026-10-02T10:31:16.1125929Z   skip-save-cache: false
2026-10-02T10:31:16.1126344Z   cache-invalidation-interval: 7
2026-10-02T10:31:16.1126795Z   problem-matchers: false
2026-10-02T10:31:16.1127186Z ##[endgroup]
2026-10-02T10:31:16.2682627Z ##[group]Restore cache
2026-10-02T10:31:16.2687497Z Checking for go.mod: apiserver/go.mod
2026-10-02T10:31:16.5202529Z Cache hit for: golangci-lint.cache-Linux-apiserver-2961-ad8c36800235b485851ccc9662e431fc2cd54984
2026-10-02T10:31:17.4407474Z Received 412620 of 412620 (100.0%), 0.6 MBs/sec
2026-10-02T10:31:17.4408080Z Cache Size: ~0 MB (412620 B)
2026-10-02T10:31:17.4454475Z [command]/usr/bin/tar -xf /home/runner/work/_temp/caa83ea4-6cd3-4768-ae4d-a3dbace135b9/cache.tzst -P -C /home/runner/work/mini-drop/mini-drop --use-compress-program unzstd
2026-10-02T10:31:17.5622788Z Cache restored successfully
2026-10-02T10:31:17.5628242Z Restored cache for golangci-lint from key 'golangci-lint.cache-Linux-apiserver-2961-ad8c36800235b485851ccc9662e431fc2cd54984' in 1294ms
2026-10-02T10:31:17.5629696Z ##[endgroup]
2026-10-02T10:31:17.5630081Z ##[group]Install
2026-10-02T10:31:17.5631300Z Finding needed golangci-lint version...
2026-10-02T10:31:17.5635411Z Installation mode: binary
2026-10-02T10:31:17.5636550Z Installing golangci-lint binary v2.14.0...
2026-10-02T10:31:17.5638240Z Downloading binary https://github.com/golangci/golangci-lint/releases/download/v2.14.0/golangci-lint-2.14.0-linux-amd64.tar.gz ...
2026-10-02T10:31:17.8788825Z [command]/usr/bin/tar xz --overwrite --warning=no-unknown-keyword --overwrite -C /home/runner -f /home/runner/work/_temp/b22c6c82-6373-48fe-b5b3-782f5765bcc4
2026-10-02T10:31:18.1466234Z Installed golangci-lint into /home/runner/golangci-lint-2.14.0-linux-amd64/golangci-lint in 583ms
2026-10-02T10:31:18.1471082Z ##[endgroup]
2026-10-02T10:31:18.1475151Z ##[group]run golangci-lint
2026-10-02T10:31:18.1480671Z Running [/home/runner/golangci-lint-2.14.0-linux-amd64/golangci-lint config path] in [/home/runner/work/mini-drop/mini-drop/apiserver] ...
2026-10-02T10:31:18.2360755Z Running [/home/runner/golangci-lint-2.14.0-linux-amd64/golangci-lint run --path-mode=abs --issues-exit-code=1] in [/home/runner/work/mini-drop/mini-drop/apiserver] ...
2026-10-02T10:31:21.6547758Z 0 issues.
2026-10-02T10:31:21.6548047Z 
2026-10-02T10:31:21.6548298Z golangci-lint found no issues
2026-10-02T10:31:21.6548899Z Ran golangci-lint in 3419ms
2026-10-02T10:31:21.6549832Z ##[endgroup]
2026-10-02T10:31:21.6765707Z Post job cleanup.
2026-10-02T10:31:21.8353178Z Cache hit occurred on the primary key golangci-lint.cache-Linux-apiserver-2961-ad8c36800235b485851ccc9662e431fc2cd54984, not saving cache.
2026-10-02T10:31:21.8501377Z Post job cleanup.
2026-10-02T10:31:21.9907495Z (node:12905) [DEP0040] DeprecationWarning: The `punycode` module is deprecated. Please use a userland alternative instead.
2026-10-02T10:31:21.9908831Z (Use `node --trace-deprecation ...` to show where the warning was created)
2026-10-02T10:31:21.9999320Z [command]/opt/hostedtoolcache/go/1.26.8/x64/bin/go env GOMODCACHE
2026-10-02T10:31:22.0048502Z [command]/opt/hostedtoolcache/go/1.26.8/x64/bin/go env GOCACHE
2026-10-02T10:31:22.0121498Z /home/runner/go/pkg/mod
2026-10-02T10:31:22.0131327Z /home/runner/.cache/go-build
2026-10-02T10:31:22.0160399Z Cache hit occurred on the primary key setup-go-Linux-x64-ubuntu22-go-1.26.8-53ddbd53d793e3fffd22ee7f29b9841d7ddf0fd59f4a944399a5c4503dd61af9, not saving cache.
2026-10-02T10:31:22.0360142Z Post job cleanup.
2026-10-02T10:31:22.1351373Z [command]/usr/bin/git version
2026-10-02T10:31:22.1393498Z git version 2.55.0
2026-10-02T10:31:22.1437428Z Temporarily overriding HOME='/home/runner/work/_temp/d6012da2-0772-42f0-8477-6d1a8e1cf449' before making global git config changes
2026-10-02T10:31:22.1439211Z Adding repository directory to the temporary git global config as a safe directory
2026-10-02T10:31:22.1447409Z [command]/usr/bin/git config --global --add safe.directory /home/runner/work/mini-drop/mini-drop
2026-10-02T10:31:22.1493368Z [command]/usr/bin/git config --local --name-only --get-regexp core\.sshCommand
2026-10-02T10:31:22.1536889Z [command]/usr/bin/git submodule foreach --recursive sh -c "git config --local --name-only --get-regexp 'core\.sshCommand' && git config --local --unset-all 'core.sshCommand' || :"
2026-10-02T10:31:22.1860090Z [command]/usr/bin/git config --local --name-only --get-regexp http\.https\:\/\/github\.com\/\.extraheader
2026-10-02T10:31:22.1889774Z http.https://github.com/.extraheader
2026-10-02T10:31:22.1900379Z [command]/usr/bin/git config --local --unset-all http.https://github.com/.extraheader
2026-10-02T10:31:22.1940356Z [command]/usr/bin/git submodule foreach --recursive sh -c "git config --local --name-only --get-regexp 'http\.https\:\/\/github\.com\/\.extraheader' && git config --local --unset-all 'http.https://github.com/.extraheader' || :"
2026-10-02T10:31:22.2245426Z [command]/usr/bin/git config --local --name-only --get-regexp ^includeIf\.gitdir:
2026-10-02T10:31:22.2291179Z [command]/usr/bin/git submodule foreach --recursive git config --local --show-origin --name-only --get-regexp remote.origin.url
2026-10-02T10:31:22.2729411Z Cleaning up orphan processes
2026-10-02T10:31:22.3024945Z ##[warning]Node.js 20 is deprecated. The following actions target Node.js 20 but are being forced to run on Node.js 24: actions/checkout@v4, actions/setup-go@v5, actions/upload-artifact@v4. For more information see: https://github.blog/changelog/2025-09-19-deprecation-of-node-20-on-github-actions-runners/
