#1 [internal] load local bake definitions
#1 reading from stdin 1.38kB done
#1 DONE 0.0s

#2 [internal] load build definition from native-control.Dockerfile
#2 transferring dockerfile: 1.38kB done
#2 DONE 0.0s

#3 [internal] load metadata for docker.io/library/ubuntu:22.04
#3 ...

#4 [auth] library/ubuntu:pull token for registry-1.docker.io
#4 DONE 0.0s

#3 [internal] load metadata for docker.io/library/ubuntu:22.04
#3 DONE 0.8s

#5 [internal] load .dockerignore
#5 transferring context: 653B done
#5 DONE 0.0s

#6 [internal] load build context
#6 transferring context: 84.60kB 0.0s done
#6 DONE 0.0s

#7 [builder 1/7] FROM docker.io/library/ubuntu:22.04@sha256:b1066385161d28ddf6bc7e7b28a9170eec11484c821d1a5150d176cbde41d7f7
#7 resolve docker.io/library/ubuntu:22.04@sha256:b1066385161d28ddf6bc7e7b28a9170eec11484c821d1a5150d176cbde41d7f7 done
#7 sha256:98c4455a98982b35380ec62f90d5cf0edff02eeb4b3bb18595d871fdeb0c0c67 5.94MB / 29.75MB 0.1s
#7 sha256:b1066385161d28ddf6bc7e7b28a9170eec11484c821d1a5150d176cbde41d7f7 6.69kB / 6.69kB done
#7 sha256:08ea48a03a3e78ebc7cd526e6a275053223aadd88bfc09cc49b06d5281525fde 424B / 424B done
#7 sha256:e8df6c74f650ad385efe2e20103eca9b0ad50690fb3c63d49fa00762412bbf55 2.05kB / 2.05kB done
#7 sha256:98c4455a98982b35380ec62f90d5cf0edff02eeb4b3bb18595d871fdeb0c0c67 29.75MB / 29.75MB 0.2s done
#7 extracting sha256:98c4455a98982b35380ec62f90d5cf0edff02eeb4b3bb18595d871fdeb0c0c67
#7 extracting sha256:98c4455a98982b35380ec62f90d5cf0edff02eeb4b3bb18595d871fdeb0c0c67 0.9s done
#7 DONE 1.2s

#8 [builder 2/7] RUN sed -i     -e "s|http://archive.ubuntu.com/ubuntu|http://archive.ubuntu.com/ubuntu|g"     -e "s|http://security.ubuntu.com/ubuntu|http://archive.ubuntu.com/ubuntu|g"     /etc/apt/sources.list     && apt-get update && apt-get install -y --no-install-recommends     build-essential cmake libgrpc++-dev libprotobuf-dev libpqxx-dev libssl-dev     nlohmann-json3-dev pkg-config protobuf-compiler protobuf-compiler-grpc     && rm -rf /var/lib/apt/lists/*
#8 0.621 Get:1 http://archive.ubuntu.com/ubuntu jammy InRelease [270 kB]
#8 1.369 Get:2 http://archive.ubuntu.com/ubuntu jammy-updates InRelease [128 kB]
#8 1.549 Get:3 http://archive.ubuntu.com/ubuntu jammy-backports InRelease [127 kB]
#8 1.728 Get:4 http://archive.ubuntu.com/ubuntu jammy-security InRelease [129 kB]
#8 1.911 Get:5 http://archive.ubuntu.com/ubuntu jammy/universe amd64 Packages [17.5 MB]
#8 2.898 Get:6 http://archive.ubuntu.com/ubuntu jammy/main amd64 Packages [1792 kB]
#8 2.952 Get:7 http://archive.ubuntu.com/ubuntu jammy/multiverse amd64 Packages [266 kB]
#8 2.961 Get:8 http://archive.ubuntu.com/ubuntu jammy/restricted amd64 Packages [164 kB]
#8 2.964 Get:9 http://archive.ubuntu.com/ubuntu jammy-updates/multiverse amd64 Packages [93.2 kB]
#8 2.966 Get:10 http://archive.ubuntu.com/ubuntu jammy-updates/restricted amd64 Packages [8198 kB]
#8 3.222 Get:11 http://archive.ubuntu.com/ubuntu jammy-updates/universe amd64 Packages [1623 kB]
#8 3.269 Get:12 http://archive.ubuntu.com/ubuntu jammy-updates/main amd64 Packages [4747 kB]
#8 3.417 Get:13 http://archive.ubuntu.com/ubuntu jammy-backports/main amd64 Packages [82.9 kB]
#8 3.420 Get:14 http://archive.ubuntu.com/ubuntu jammy-backports/universe amd64 Packages [35.6 kB]
#8 3.420 Get:15 http://archive.ubuntu.com/ubuntu jammy-security/main amd64 Packages [4376 kB]
#8 3.555 Get:16 http://archive.ubuntu.com/ubuntu jammy-security/multiverse amd64 Packages [84.6 kB]
#8 3.557 Get:17 http://archive.ubuntu.com/ubuntu jammy-security/universe amd64 Packages [1321 kB]
#8 3.598 Get:18 http://archive.ubuntu.com/ubuntu jammy-security/restricted amd64 Packages [7843 kB]
#8 4.558 Fetched 48.8 MB in 4s (11.2 MB/s)
#8 4.558 Reading package lists...
#8 5.630 Reading package lists...
#8 6.731 Building dependency tree...
#8 6.944 Reading state information...
#8 7.111 The following additional packages will be installed:
#8 7.111   binutils binutils-common binutils-x86-64-linux-gnu bzip2 cmake-data cpp
#8 7.111   cpp-11 dh-elpa-helper dpkg-dev emacsen-common g++ g++-11 gcc gcc-11
#8 7.111   gcc-11-base libabsl20210324 libarchive13 libasan6 libatomic1 libbinutils
#8 7.111   libbrotli1 libc-ares2 libc-dev-bin libc6-dev libcc1-0 libcrypt-dev
#8 7.111   libctf-nobfd0 libctf0 libcurl4 libdpkg-perl libexpat1 libgcc-11-dev
#8 7.111   libgdbm-compat4 libgdbm6 libglib2.0-0 libgomp1 libgrpc++1 libgrpc-dev
#8 7.111   libgrpc10 libicu70 libisl23 libitm1 libjsoncpp25 libldap-2.5-0 liblsan0
#8 7.111   libmpc3 libmpfr6 libnghttp2-14 libnsl-dev libperl5.34 libpq-dev libpq5
#8 7.111   libpqxx-6.4 libprotobuf-lite23 libprotobuf23 libprotoc23 libpsl5
#8 7.111   libquadmath0 librhash0 librtmp1 libsasl2-2 libsasl2-modules-db libssh-4
#8 7.111   libssl3 libstdc++-11-dev libtirpc-dev libtsan0 libubsan1 libuv1 libxml2
#8 7.112   linux-libc-dev lto-disabled-list make patch perl perl-modules-5.34
#8 7.112   rpcsvc-proto xz-utils zlib1g-dev
#8 7.113 Suggested packages:
#8 7.113   binutils-doc bzip2-doc cmake-doc ninja-build cmake-format cpp-doc
#8 7.113   gcc-11-locales debian-keyring g++-multilib g++-11-multilib gcc-11-doc
#8 7.113   gcc-multilib manpages-dev autoconf automake libtool flex bison gdb gcc-doc
#8 7.113   gcc-11-multilib lrzip glibc-doc gnupg git bzr gdbm-l10n postgresql-doc-14
#8 7.113   libpqxx-doc libssl-doc libstdc++-11-doc make-doc ed diffutils-doc perl-doc
#8 7.113   libterm-readline-gnu-perl | libterm-readline-perl-perl
#8 7.113   libtap-harness-archive-perl protobuf-mode-el
#8 7.113 Recommended packages:
#8 7.113   fakeroot gnupg libalgorithm-merge-perl manpages manpages-dev libc-devtools
#8 7.113   ca-certificates libfile-fcntllock-perl liblocale-gettext-perl
#8 7.113   libglib2.0-data shared-mime-info xdg-user-dirs libldap-common publicsuffix
#8 7.113   libsasl2-modules netbase
#8 7.312 The following NEW packages will be installed:
#8 7.312   binutils binutils-common binutils-x86-64-linux-gnu build-essential bzip2
#8 7.312   cmake cmake-data cpp cpp-11 dh-elpa-helper dpkg-dev emacsen-common g++
#8 7.312   g++-11 gcc gcc-11 gcc-11-base libabsl20210324 libarchive13 libasan6
#8 7.312   libatomic1 libbinutils libbrotli1 libc-ares2 libc-dev-bin libc6-dev libcc1-0
#8 7.312   libcrypt-dev libctf-nobfd0 libctf0 libcurl4 libdpkg-perl libexpat1
#8 7.312   libgcc-11-dev libgdbm-compat4 libgdbm6 libglib2.0-0 libgomp1 libgrpc++-dev
#8 7.312   libgrpc++1 libgrpc-dev libgrpc10 libicu70 libisl23 libitm1 libjsoncpp25
#8 7.312   libldap-2.5-0 liblsan0 libmpc3 libmpfr6 libnghttp2-14 libnsl-dev libperl5.34
#8 7.312   libpq-dev libpq5 libpqxx-6.4 libpqxx-dev libprotobuf-dev libprotobuf-lite23
#8 7.313   libprotobuf23 libprotoc23 libpsl5 libquadmath0 librhash0 librtmp1 libsasl2-2
#8 7.313   libsasl2-modules-db libssh-4 libssl-dev libstdc++-11-dev libtirpc-dev
#8 7.313   libtsan0 libubsan1 libuv1 libxml2 linux-libc-dev lto-disabled-list make
#8 7.313   nlohmann-json3-dev patch perl perl-modules-5.34 pkg-config protobuf-compiler
#8 7.313   protobuf-compiler-grpc rpcsvc-proto xz-utils zlib1g-dev
#8 7.314 The following packages will be upgraded:
#8 7.315   libssl3
#8 7.741 1 upgraded, 88 newly installed, 0 to remove and 0 not upgraded.
#8 7.741 Need to get 107 MB of archives.
#8 7.741 After this operation, 407 MB of additional disk space will be used.
#8 7.741 Get:1 http://archive.ubuntu.com/ubuntu jammy-updates/main amd64 perl-modules-5.34 all 5.34.0-3ubuntu1.9 [2977 kB]
#8 ...

#9 [stage-1 2/3] RUN sed -i     -e "s|http://archive.ubuntu.com/ubuntu|http://archive.ubuntu.com/ubuntu|g"     -e "s|http://security.ubuntu.com/ubuntu|http://archive.ubuntu.com/ubuntu|g"     /etc/apt/sources.list     && apt-get update && apt-get install -y --no-install-recommends     ca-certificates libgrpc++1 libprotobuf23 libpqxx-6.4     && rm -rf /var/lib/apt/lists/*
#9 0.485 Get:1 http://archive.ubuntu.com/ubuntu jammy InRelease [270 kB]
#9 0.867 Get:2 http://archive.ubuntu.com/ubuntu jammy-updates InRelease [128 kB]
#9 0.959 Get:3 http://archive.ubuntu.com/ubuntu jammy-backports InRelease [127 kB]
#9 1.053 Get:4 http://archive.ubuntu.com/ubuntu jammy-security InRelease [129 kB]
#9 1.214 Get:5 http://archive.ubuntu.com/ubuntu jammy/universe amd64 Packages [17.5 MB]
#9 1.734 Get:6 http://archive.ubuntu.com/ubuntu jammy/restricted amd64 Packages [164 kB]
#9 1.735 Get:7 http://archive.ubuntu.com/ubuntu jammy/main amd64 Packages [1792 kB]
#9 1.757 Get:8 http://archive.ubuntu.com/ubuntu jammy/multiverse amd64 Packages [266 kB]
#9 1.761 Get:9 http://archive.ubuntu.com/ubuntu jammy-updates/main amd64 Packages [4747 kB]
#9 1.838 Get:10 http://archive.ubuntu.com/ubuntu jammy-updates/universe amd64 Packages [1623 kB]
#9 1.855 Get:11 http://archive.ubuntu.com/ubuntu jammy-updates/multiverse amd64 Packages [93.2 kB]
#9 1.858 Get:12 http://archive.ubuntu.com/ubuntu jammy-updates/restricted amd64 Packages [8198 kB]
#9 1.989 Get:13 http://archive.ubuntu.com/ubuntu jammy-backports/main amd64 Packages [82.9 kB]
#9 1.990 Get:14 http://archive.ubuntu.com/ubuntu jammy-backports/universe amd64 Packages [35.6 kB]
#9 1.990 Get:15 http://archive.ubuntu.com/ubuntu jammy-security/restricted amd64 Packages [7843 kB]
#9 2.115 Get:16 http://archive.ubuntu.com/ubuntu jammy-security/universe amd64 Packages [1321 kB]
#9 2.133 Get:17 http://archive.ubuntu.com/ubuntu jammy-security/multiverse amd64 Packages [84.6 kB]
#9 2.136 Get:18 http://archive.ubuntu.com/ubuntu jammy-security/main amd64 Packages [4376 kB]
#9 3.465 Fetched 48.8 MB in 3s (15.0 MB/s)
#9 3.465 Reading package lists...
#9 4.551 Reading package lists...
#9 5.607 Building dependency tree...
#9 5.845 Reading state information...
#9 6.006 The following additional packages will be installed:
#9 6.006   libabsl20210324 libc-ares2 libgrpc10 libldap-2.5-0 libpq5 libsasl2-2
#9 6.007   libsasl2-modules-db openssl
#9 6.008 Recommended packages:
#9 6.008   libldap-common libsasl2-modules
#9 6.069 The following NEW packages will be installed:
#9 6.070   ca-certificates libabsl20210324 libc-ares2 libgrpc++1 libgrpc10
#9 6.070   libldap-2.5-0 libpq5 libpqxx-6.4 libprotobuf23 libsasl2-2
#9 6.071   libsasl2-modules-db openssl
#9 6.413 0 upgraded, 12 newly installed, 0 to remove and 1 not upgraded.
#9 6.413 Need to get 5077 kB of archives.
#9 6.413 After this operation, 18.1 MB of additional disk space will be used.
#9 6.413 Get:1 http://archive.ubuntu.com/ubuntu jammy-updates/main amd64 openssl amd64 3.0.2-0ubuntu1.30 [1186 kB]
#9 7.677 Get:2 http://archive.ubuntu.com/ubuntu jammy-updates/main amd64 ca-certificates all 20260601~22.04.1 [141 kB]
#9 7.690 Get:3 http://archive.ubuntu.com/ubuntu jammy-updates/main amd64 libabsl20210324 amd64 0~20210324.2-2ubuntu0.3 [386 kB]
#9 7.727 Get:4 http://archive.ubuntu.com/ubuntu jammy-updates/main amd64 libc-ares2 amd64 1.18.1-1ubuntu0.22.04.3 [45.1 kB]
#9 7.732 Get:5 http://archive.ubuntu.com/ubuntu jammy/universe amd64 libgrpc10 amd64 1.30.2-3build6 [1470 kB]
#9 7.918 Get:6 http://archive.ubuntu.com/ubuntu jammy-updates/main amd64 libprotobuf23 amd64 3.12.4-1ubuntu7.22.04.6 [877 kB]
#9 7.993 Get:7 http://archive.ubuntu.com/ubuntu jammy/universe amd64 libgrpc++1 amd64 1.30.2-3build6 [402 kB]
#9 8.015 Get:8 http://archive.ubuntu.com/ubuntu jammy-updates/main amd64 libsasl2-modules-db amd64 2.1.27+dfsg2-3ubuntu1.2 [20.5 kB]
#9 8.016 Get:9 http://archive.ubuntu.com/ubuntu jammy-updates/main amd64 libsasl2-2 amd64 2.1.27+dfsg2-3ubuntu1.2 [53.8 kB]
#9 8.019 Get:10 http://archive.ubuntu.com/ubuntu jammy-updates/main amd64 libldap-2.5-0 amd64 2.5.20+dfsg-0ubuntu0.22.04.1 [184 kB]
#9 8.027 Get:11 http://archive.ubuntu.com/ubuntu jammy-updates/main amd64 libpq5 amd64 14.24-0ubuntu0.22.04.1 [157 kB]
#9 8.194 Get:12 http://archive.ubuntu.com/ubuntu jammy/universe amd64 libpqxx-6.4 amd64 6.4.5-2build1 [155 kB]
#9 8.294 debconf: delaying package configuration, since apt-utils is not installed
#9 8.321 Fetched 5077 kB in 2s (2397 kB/s)
#9 8.334 Selecting previously unselected package openssl.
#9 8.334 (Reading database ... 
(Reading database ... 5%
(Reading database ... 10%
(Reading database ... 15%
(Reading database ... 20%
(Reading database ... 25%
(Reading database ... 30%
(Reading database ... 35%
(Reading database ... 40%
(Reading database ... 45%
(Reading database ... 50%
(Reading database ... 55%
(Reading database ... 60%
(Reading database ... 65%
(Reading database ... 70%
(Reading database ... 75%
(Reading database ... 80%
(Reading database ... 85%
(Reading database ... 90%
(Reading database ... 95%
(Reading database ... 100%
(Reading database ... 4393 files and directories currently installed.)
#9 8.341 Preparing to unpack .../00-openssl_3.0.2-0ubuntu1.30_amd64.deb ...
#9 8.342 Unpacking openssl (3.0.2-0ubuntu1.30) ...
#9 8.378 Selecting previously unselected package ca-certificates.
#9 8.380 Preparing to unpack .../01-ca-certificates_20260601~22.04.1_all.deb ...
#9 8.381 Unpacking ca-certificates (20260601~22.04.1) ...
#9 8.422 Selecting previously unselected package libabsl20210324:amd64.
#9 8.423 Preparing to unpack .../02-libabsl20210324_0~20210324.2-2ubuntu0.3_amd64.deb ...
#9 8.425 Unpacking libabsl20210324:amd64 (0~20210324.2-2ubuntu0.3) ...
#9 8.465 Selecting previously unselected package libc-ares2:amd64.
#9 8.467 Preparing to unpack .../03-libc-ares2_1.18.1-1ubuntu0.22.04.3_amd64.deb ...
#9 8.468 Unpacking libc-ares2:amd64 (1.18.1-1ubuntu0.22.04.3) ...
#9 8.482 Selecting previously unselected package libgrpc10:amd64.
#9 8.484 Preparing to unpack .../04-libgrpc10_1.30.2-3build6_amd64.deb ...
#9 8.485 Unpacking libgrpc10:amd64 (1.30.2-3build6) ...
#9 8.524 Selecting previously unselected package libprotobuf23:amd64.
#9 8.526 Preparing to unpack .../05-libprotobuf23_3.12.4-1ubuntu7.22.04.6_amd64.deb ...
#9 8.527 Unpacking libprotobuf23:amd64 (3.12.4-1ubuntu7.22.04.6) ...
#9 8.551 Selecting previously unselected package libgrpc++1:amd64.
#9 8.553 Preparing to unpack .../06-libgrpc++1_1.30.2-3build6_amd64.deb ...
#9 8.554 Unpacking libgrpc++1:amd64 (1.30.2-3build6) ...
#9 8.577 Selecting previously unselected package libsasl2-modules-db:amd64.
#9 8.579 Preparing to unpack .../07-libsasl2-modules-db_2.1.27+dfsg2-3ubuntu1.2_amd64.deb ...
#9 8.580 Unpacking libsasl2-modules-db:amd64 (2.1.27+dfsg2-3ubuntu1.2) ...
#9 8.593 Selecting previously unselected package libsasl2-2:amd64.
#9 8.595 Preparing to unpack .../08-libsasl2-2_2.1.27+dfsg2-3ubuntu1.2_amd64.deb ...
#9 8.596 Unpacking libsasl2-2:amd64 (2.1.27+dfsg2-3ubuntu1.2) ...
#9 8.612 Selecting previously unselected package libldap-2.5-0:amd64.
#9 8.613 Preparing to unpack .../09-libldap-2.5-0_2.5.20+dfsg-0ubuntu0.22.04.1_amd64.deb ...
#9 8.614 Unpacking libldap-2.5-0:amd64 (2.5.20+dfsg-0ubuntu0.22.04.1) ...
#9 8.631 Selecting previously unselected package libpq5:amd64.
#9 8.633 Preparing to unpack .../10-libpq5_14.24-0ubuntu0.22.04.1_amd64.deb ...
#9 8.634 Unpacking libpq5:amd64 (14.24-0ubuntu0.22.04.1) ...
#9 8.649 Selecting previously unselected package libpqxx-6.4.
#9 8.651 Preparing to unpack .../11-libpqxx-6.4_6.4.5-2build1_amd64.deb ...
#9 8.652 Unpacking libpqxx-6.4 (6.4.5-2build1) ...
#9 8.682 Setting up libprotobuf23:amd64 (3.12.4-1ubuntu7.22.04.6) ...
#9 8.684 Setting up libc-ares2:amd64 (1.18.1-1ubuntu0.22.04.3) ...
#9 8.687 Setting up libsasl2-modules-db:amd64 (2.1.27+dfsg2-3ubuntu1.2) ...
#9 8.689 Setting up libabsl20210324:amd64 (0~20210324.2-2ubuntu0.3) ...
#9 8.694 Setting up libsasl2-2:amd64 (2.1.27+dfsg2-3ubuntu1.2) ...
#9 8.696 Setting up openssl (3.0.2-0ubuntu1.30) ...
#9 8.700 Setting up libldap-2.5-0:amd64 (2.5.20+dfsg-0ubuntu0.22.04.1) ...
#9 8.702 Setting up ca-certificates (20260601~22.04.1) ...
#9 8.772 debconf: unable to initialize frontend: Dialog
#9 8.772 debconf: (TERM is not set, so the dialog frontend is not usable.)
#9 8.772 debconf: falling back to frontend: Readline
#9 8.772 debconf: unable to initialize frontend: Readline
#9 8.772 debconf: (Can't locate Term/ReadLine.pm in @INC (you may need to install the Term::ReadLine module) (@INC contains: /etc/perl /usr/local/lib/x86_64-linux-gnu/perl/5.34.0 /usr/local/share/perl/5.34.0 /usr/lib/x86_64-linux-gnu/perl5/5.34 /usr/share/perl5 /usr/lib/x86_64-linux-gnu/perl-base /usr/lib/x86_64-linux-gnu/perl/5.34 /usr/share/perl/5.34 /usr/local/lib/site_perl) at /usr/share/perl5/Debconf/FrontEnd/Readline.pm line 7.)
#9 8.772 debconf: falling back to frontend: Teletype
#9 ...

#8 [builder 2/7] RUN sed -i     -e "s|http://archive.ubuntu.com/ubuntu|http://archive.ubuntu.com/ubuntu|g"     -e "s|http://security.ubuntu.com/ubuntu|http://archive.ubuntu.com/ubuntu|g"     /etc/apt/sources.list     && apt-get update && apt-get install -y --no-install-recommends     build-essential cmake libgrpc++-dev libprotobuf-dev libpqxx-dev libssl-dev     nlohmann-json3-dev pkg-config protobuf-compiler protobuf-compiler-grpc     && rm -rf /var/lib/apt/lists/*
#8 8.980 Get:2 http://archive.ubuntu.com/ubuntu jammy/main amd64 libgdbm6 amd64 1.23-1 [33.9 kB]
#8 8.982 Get:3 http://archive.ubuntu.com/ubuntu jammy/main amd64 libgdbm-compat4 amd64 1.23-1 [6606 B]
#8 8.982 Get:4 http://archive.ubuntu.com/ubuntu jammy-updates/main amd64 libperl5.34 amd64 5.34.0-3ubuntu1.9 [4796 kB]
#8 9.175 Get:5 http://archive.ubuntu.com/ubuntu jammy-updates/main amd64 perl amd64 5.34.0-3ubuntu1.9 [232 kB]
#8 9.182 Get:6 http://archive.ubuntu.com/ubuntu jammy-updates/main amd64 libssl3 amd64 3.0.2-0ubuntu1.30 [1907 kB]
#8 9.236 Get:7 http://archive.ubuntu.com/ubuntu jammy-updates/main amd64 libexpat1 amd64 2.4.7-1ubuntu0.9 [96.9 kB]
#8 9.239 Get:8 http://archive.ubuntu.com/ubuntu jammy-updates/main amd64 libglib2.0-0 amd64 2.72.4-0ubuntu2.10 [1469 kB]
#8 9.297 Get:9 http://archive.ubuntu.com/ubuntu jammy/main amd64 libicu70 amd64 70.1-2 [10.6 MB]
#8 9.638 Get:10 http://archive.ubuntu.com/ubuntu jammy-updates/main amd64 libxml2 amd64 2.9.13+dfsg-1ubuntu0.13 [764 kB]
#8 9.670 Get:11 http://archive.ubuntu.com/ubuntu jammy-updates/main amd64 libnghttp2-14 amd64 1.43.0-1ubuntu0.4 [76.9 kB]
#8 9.673 Get:12 http://archive.ubuntu.com/ubuntu jammy/main amd64 libpsl5 amd64 0.21.0-1.2build2 [58.4 kB]
#8 9.674 Get:13 http://archive.ubuntu.com/ubuntu jammy-updates/main amd64 libuv1 amd64 1.43.0-1ubuntu0.1 [92.7 kB]
#8 9.676 Get:14 http://archive.ubuntu.com/ubuntu jammy-updates/main amd64 xz-utils amd64 5.2.5-2ubuntu1.1 [84.8 kB]
#8 9.681 Get:15 http://archive.ubuntu.com/ubuntu jammy-updates/main amd64 binutils-common amd64 2.38-4ubuntu2.12 [223 kB]
#8 9.688 Get:16 http://archive.ubuntu.com/ubuntu jammy-updates/main amd64 libbinutils amd64 2.38-4ubuntu2.12 [663 kB]
#8 9.711 Get:17 http://archive.ubuntu.com/ubuntu jammy-updates/main amd64 libctf-nobfd0 amd64 2.38-4ubuntu2.12 [108 kB]
#8 9.712 Get:18 http://archive.ubuntu.com/ubuntu jammy-updates/main amd64 libctf0 amd64 2.38-4ubuntu2.12 [103 kB]
#8 9.775 Get:19 http://archive.ubuntu.com/ubuntu jammy-updates/main amd64 binutils-x86-64-linux-gnu amd64 2.38-4ubuntu2.12 [2324 kB]
#8 9.911 Get:20 http://archive.ubuntu.com/ubuntu jammy-updates/main amd64 binutils amd64 2.38-4ubuntu2.12 [3184 B]
#8 9.911 Get:21 http://archive.ubuntu.com/ubuntu jammy-updates/main amd64 libc-dev-bin amd64 2.35-0ubuntu3.15 [20.3 kB]
#8 9.911 Get:22 http://archive.ubuntu.com/ubuntu jammy-updates/main amd64 linux-libc-dev amd64 5.15.0-198.208 [1391 kB]
#8 9.955 Get:23 http://archive.ubuntu.com/ubuntu jammy/main amd64 libcrypt-dev amd64 1:4.4.27-1 [112 kB]
#8 9.960 Get:24 http://archive.ubuntu.com/ubuntu jammy/main amd64 rpcsvc-proto amd64 1.4.2-0ubuntu6 [68.5 kB]
#8 9.962 Get:25 http://archive.ubuntu.com/ubuntu jammy-updates/main amd64 libtirpc-dev amd64 1.3.2-2ubuntu0.1 [192 kB]
#8 9.969 Get:26 http://archive.ubuntu.com/ubuntu jammy/main amd64 libnsl-dev amd64 1.3.0-2build2 [71.3 kB]
#8 9.970 Get:27 http://archive.ubuntu.com/ubuntu jammy-updates/main amd64 libc6-dev amd64 2.35-0ubuntu3.15 [2100 kB]
#8 10.04 Get:28 http://archive.ubuntu.com/ubuntu jammy-updates/main amd64 gcc-11-base amd64 11.4.0-1ubuntu1~22.04.3 [216 kB]
#8 10.05 Get:29 http://archive.ubuntu.com/ubuntu jammy/main amd64 libisl23 amd64 0.24-2build1 [727 kB]
#8 10.18 Get:30 http://archive.ubuntu.com/ubuntu jammy/main amd64 libmpfr6 amd64 4.1.0-3build3 [1425 kB]
#8 10.23 Get:31 http://archive.ubuntu.com/ubuntu jammy/main amd64 libmpc3 amd64 1.2.1-2build1 [46.9 kB]
#8 10.23 Get:32 http://archive.ubuntu.com/ubuntu jammy-updates/main amd64 cpp-11 amd64 11.4.0-1ubuntu1~22.04.3 [10.0 MB]
#8 ...

#9 [stage-1 2/3] RUN sed -i     -e "s|http://archive.ubuntu.com/ubuntu|http://archive.ubuntu.com/ubuntu|g"     -e "s|http://security.ubuntu.com/ubuntu|http://archive.ubuntu.com/ubuntu|g"     /etc/apt/sources.list     && apt-get update && apt-get install -y --no-install-recommends     ca-certificates libgrpc++1 libprotobuf23 libpqxx-6.4     && rm -rf /var/lib/apt/lists/*
#9 9.149 Updating certificates in /etc/ssl/certs...
#9 9.705 121 added, 0 removed; done.
#9 9.719 Setting up libgrpc10:amd64 (1.30.2-3build6) ...
#9 9.721 Setting up libgrpc++1:amd64 (1.30.2-3build6) ...
#9 9.723 Setting up libpq5:amd64 (14.24-0ubuntu0.22.04.1) ...
#9 9.725 Setting up libpqxx-6.4 (6.4.5-2build1) ...
#9 9.727 Processing triggers for libc-bin (2.35-0ubuntu3.15) ...
#9 9.742 Processing triggers for ca-certificates (20260601~22.04.1) ...
#9 9.747 Updating certificates in /etc/ssl/certs...
#9 10.17 0 added, 0 removed; done.
#9 10.17 Running hooks in /etc/ca-certificates/update.d...
#9 10.17 done.
#9 DONE 10.4s

#8 [builder 2/7] RUN sed -i     -e "s|http://archive.ubuntu.com/ubuntu|http://archive.ubuntu.com/ubuntu|g"     -e "s|http://security.ubuntu.com/ubuntu|http://archive.ubuntu.com/ubuntu|g"     /etc/apt/sources.list     && apt-get update && apt-get install -y --no-install-recommends     build-essential cmake libgrpc++-dev libprotobuf-dev libpqxx-dev libssl-dev     nlohmann-json3-dev pkg-config protobuf-compiler protobuf-compiler-grpc     && rm -rf /var/lib/apt/lists/*
#8 10.56 Get:33 http://archive.ubuntu.com/ubuntu jammy/main amd64 cpp amd64 4:11.2.0-1ubuntu1 [27.7 kB]
#8 10.56 Get:34 http://archive.ubuntu.com/ubuntu jammy-updates/main amd64 libcc1-0 amd64 12.3.0-1ubuntu1~22.04.3 [48.3 kB]
#8 10.56 Get:35 http://archive.ubuntu.com/ubuntu jammy-updates/main amd64 libgomp1 amd64 12.3.0-1ubuntu1~22.04.3 [127 kB]
#8 10.56 Get:36 http://archive.ubuntu.com/ubuntu jammy-updates/main amd64 libitm1 amd64 12.3.0-1ubuntu1~22.04.3 [30.2 kB]
#8 10.56 Get:37 http://archive.ubuntu.com/ubuntu jammy-updates/main amd64 libatomic1 amd64 12.3.0-1ubuntu1~22.04.3 [10.5 kB]
#8 10.56 Get:38 http://archive.ubuntu.com/ubuntu jammy-updates/main amd64 libasan6 amd64 11.4.0-1ubuntu1~22.04.3 [2283 kB]
#8 10.65 Get:39 http://archive.ubuntu.com/ubuntu jammy-updates/main amd64 liblsan0 amd64 12.3.0-1ubuntu1~22.04.3 [1069 kB]
#8 10.68 Get:40 http://archive.ubuntu.com/ubuntu jammy-updates/main amd64 libtsan0 amd64 11.4.0-1ubuntu1~22.04.3 [2260 kB]
#8 10.76 Get:41 http://archive.ubuntu.com/ubuntu jammy-updates/main amd64 libubsan1 amd64 12.3.0-1ubuntu1~22.04.3 [976 kB]
#8 10.79 Get:42 http://archive.ubuntu.com/ubuntu jammy-updates/main amd64 libquadmath0 amd64 12.3.0-1ubuntu1~22.04.3 [154 kB]
#8 10.83 Get:43 http://archive.ubuntu.com/ubuntu jammy-updates/main amd64 libgcc-11-dev amd64 11.4.0-1ubuntu1~22.04.3 [2517 kB]
#8 10.90 Get:44 http://archive.ubuntu.com/ubuntu jammy-updates/main amd64 gcc-11 amd64 11.4.0-1ubuntu1~22.04.3 [20.1 MB]
#8 11.57 Get:45 http://archive.ubuntu.com/ubuntu jammy/main amd64 gcc amd64 4:11.2.0-1ubuntu1 [5112 B]
#8 11.57 Get:46 http://archive.ubuntu.com/ubuntu jammy-updates/main amd64 libstdc++-11-dev amd64 11.4.0-1ubuntu1~22.04.3 [2101 kB]
#8 11.64 Get:47 http://archive.ubuntu.com/ubuntu jammy-updates/main amd64 g++-11 amd64 11.4.0-1ubuntu1~22.04.3 [11.4 MB]
#8 12.01 Get:48 http://archive.ubuntu.com/ubuntu jammy/main amd64 g++ amd64 4:11.2.0-1ubuntu1 [1412 B]
#8 12.01 Get:49 http://archive.ubuntu.com/ubuntu jammy/main amd64 make amd64 4.3-4.1build1 [180 kB]
#8 12.01 Get:50 http://archive.ubuntu.com/ubuntu jammy-updates/main amd64 libdpkg-perl all 1.21.1ubuntu2.6 [237 kB]
#8 12.02 Get:51 http://archive.ubuntu.com/ubuntu jammy-updates/main amd64 bzip2 amd64 1.0.8-5ubuntu0.1 [34.8 kB]
#8 12.02 Get:52 http://archive.ubuntu.com/ubuntu jammy/main amd64 patch amd64 2.7.6-7build2 [109 kB]
#8 12.02 Get:53 http://archive.ubuntu.com/ubuntu jammy/main amd64 lto-disabled-list all 24 [12.5 kB]
#8 12.02 Get:54 http://archive.ubuntu.com/ubuntu jammy-updates/main amd64 dpkg-dev all 1.21.1ubuntu2.6 [922 kB]
#8 12.07 Get:55 http://archive.ubuntu.com/ubuntu jammy/main amd64 build-essential amd64 12.9ubuntu3 [4744 B]
#8 12.07 Get:56 http://archive.ubuntu.com/ubuntu jammy-updates/main amd64 libarchive13 amd64 3.6.0-1ubuntu1.8 [368 kB]
#8 12.15 Get:57 http://archive.ubuntu.com/ubuntu jammy/main amd64 libbrotli1 amd64 1.0.9-2build6 [315 kB]
#8 12.15 Get:58 http://archive.ubuntu.com/ubuntu jammy-updates/main amd64 libsasl2-modules-db amd64 2.1.27+dfsg2-3ubuntu1.2 [20.5 kB]
#8 12.28 Get:59 http://archive.ubuntu.com/ubuntu jammy-updates/main amd64 libsasl2-2 amd64 2.1.27+dfsg2-3ubuntu1.2 [53.8 kB]
#8 12.28 Get:60 http://archive.ubuntu.com/ubuntu jammy-updates/main amd64 libldap-2.5-0 amd64 2.5.20+dfsg-0ubuntu0.22.04.1 [184 kB]
#8 12.29 Get:61 http://archive.ubuntu.com/ubuntu jammy/main amd64 librtmp1 amd64 2.4+20151223.gitfa8646d.1-2build4 [58.2 kB]
#8 12.29 Get:62 http://archive.ubuntu.com/ubuntu jammy-updates/main amd64 libssh-4 amd64 0.9.6-2ubuntu0.22.04.8 [189 kB]
#8 12.29 Get:63 http://archive.ubuntu.com/ubuntu jammy-updates/main amd64 libcurl4 amd64 7.81.0-1ubuntu1.29 [292 kB]
#8 12.30 Get:64 http://archive.ubuntu.com/ubuntu jammy/main amd64 libjsoncpp25 amd64 1.9.5-3 [80.0 kB]
#8 12.30 Get:65 http://archive.ubuntu.com/ubuntu jammy/main amd64 librhash0 amd64 1.4.2-1ubuntu1 [125 kB]
#8 12.31 Get:66 http://archive.ubuntu.com/ubuntu jammy/main amd64 dh-elpa-helper all 2.0.9ubuntu1 [7610 B]
#8 12.42 Get:67 http://archive.ubuntu.com/ubuntu jammy/main amd64 emacsen-common all 3.0.4 [14.9 kB]
#8 12.42 Get:68 http://archive.ubuntu.com/ubuntu jammy-updates/main amd64 cmake-data all 3.22.1-1ubuntu1.22.04.2 [1913 kB]
#8 12.55 Get:69 http://archive.ubuntu.com/ubuntu jammy-updates/main amd64 cmake amd64 3.22.1-1ubuntu1.22.04.2 [5010 kB]
#8 12.71 Get:70 http://archive.ubuntu.com/ubuntu jammy-updates/main amd64 libabsl20210324 amd64 0~20210324.2-2ubuntu0.3 [386 kB]
#8 12.72 Get:71 http://archive.ubuntu.com/ubuntu jammy-updates/main amd64 libc-ares2 amd64 1.18.1-1ubuntu0.22.04.3 [45.1 kB]
#8 12.72 Get:72 http://archive.ubuntu.com/ubuntu jammy/universe amd64 libgrpc10 amd64 1.30.2-3build6 [1470 kB]
#8 12.76 Get:73 http://archive.ubuntu.com/ubuntu jammy-updates/main amd64 libprotobuf23 amd64 3.12.4-1ubuntu7.22.04.6 [877 kB]
#8 12.78 Get:74 http://archive.ubuntu.com/ubuntu jammy/universe amd64 libgrpc++1 amd64 1.30.2-3build6 [402 kB]
#8 12.79 Get:75 http://archive.ubuntu.com/ubuntu jammy/universe amd64 libgrpc-dev amd64 1.30.2-3build6 [1066 kB]
#8 12.85 Get:76 http://archive.ubuntu.com/ubuntu jammy/universe amd64 libgrpc++-dev amd64 1.30.2-3build6 [564 kB]
#8 12.86 Get:77 http://archive.ubuntu.com/ubuntu jammy-updates/main amd64 libpq5 amd64 14.24-0ubuntu0.22.04.1 [157 kB]
#8 12.87 Get:78 http://archive.ubuntu.com/ubuntu jammy-updates/main amd64 libssl-dev amd64 3.0.2-0ubuntu1.30 [2377 kB]
#8 12.93 Get:79 http://archive.ubuntu.com/ubuntu jammy-updates/main amd64 libpq-dev amd64 14.24-0ubuntu0.22.04.1 [149 kB]
#8 12.98 Get:80 http://archive.ubuntu.com/ubuntu jammy/universe amd64 libpqxx-6.4 amd64 6.4.5-2build1 [155 kB]
#8 12.99 Get:81 http://archive.ubuntu.com/ubuntu jammy/main amd64 pkg-config amd64 0.29.2-1ubuntu3 [48.2 kB]
#8 12.99 Get:82 http://archive.ubuntu.com/ubuntu jammy/universe amd64 libpqxx-dev amd64 6.4.5-2build1 [243 kB]
#8 12.99 Get:83 http://archive.ubuntu.com/ubuntu jammy-updates/main amd64 libprotobuf-lite23 amd64 3.12.4-1ubuntu7.22.04.6 [209 kB]
#8 13.00 Get:84 http://archive.ubuntu.com/ubuntu jammy-updates/main amd64 libprotoc23 amd64 3.12.4-1ubuntu7.22.04.6 [662 kB]
#8 13.12 Get:85 http://archive.ubuntu.com/ubuntu jammy/universe amd64 nlohmann-json3-dev all 3.10.5-2 [167 kB]
#8 13.12 Get:86 http://archive.ubuntu.com/ubuntu jammy-updates/universe amd64 protobuf-compiler amd64 3.12.4-1ubuntu7.22.04.6 [29.2 kB]
#8 13.12 Get:87 http://archive.ubuntu.com/ubuntu jammy/universe amd64 protobuf-compiler-grpc amd64 1.30.2-3build6 [185 kB]
#8 13.13 Get:88 http://archive.ubuntu.com/ubuntu jammy-updates/main amd64 zlib1g-dev amd64 1:1.2.11.dfsg-2ubuntu9.2 [164 kB]
#8 13.13 Get:89 http://archive.ubuntu.com/ubuntu jammy-updates/main amd64 libprotobuf-dev amd64 3.12.4-1ubuntu7.22.04.6 [1347 kB]
#8 13.28 debconf: delaying package configuration, since apt-utils is not installed
#8 13.30 Fetched 107 MB in 6s (18.3 MB/s)
#8 13.32 Selecting previously unselected package perl-modules-5.34.
#8 13.32 (Reading database ... 
(Reading database ... 5%
(Reading database ... 10%
(Reading database ... 15%
(Reading database ... 20%
(Reading database ... 25%
(Reading database ... 30%
(Reading database ... 35%
(Reading database ... 40%
(Reading database ... 45%
(Reading database ... 50%
(Reading database ... 55%
(Reading database ... 60%
(Reading database ... 65%
(Reading database ... 70%
(Reading database ... 75%
(Reading database ... 80%
(Reading database ... 85%
(Reading database ... 90%
(Reading database ... 95%
(Reading database ... 100%
(Reading database ... 4393 files and directories currently installed.)
#8 13.33 Preparing to unpack .../0-perl-modules-5.34_5.34.0-3ubuntu1.9_all.deb ...
#8 13.33 Unpacking perl-modules-5.34 (5.34.0-3ubuntu1.9) ...
#8 13.62 Selecting previously unselected package libgdbm6:amd64.
#8 13.62 Preparing to unpack .../1-libgdbm6_1.23-1_amd64.deb ...
#8 13.63 Unpacking libgdbm6:amd64 (1.23-1) ...
#8 13.64 Selecting previously unselected package libgdbm-compat4:amd64.
#8 13.64 Preparing to unpack .../2-libgdbm-compat4_1.23-1_amd64.deb ...
#8 13.64 Unpacking libgdbm-compat4:amd64 (1.23-1) ...
#8 13.66 Selecting previously unselected package libperl5.34:amd64.
#8 13.66 Preparing to unpack .../3-libperl5.34_5.34.0-3ubuntu1.9_amd64.deb ...
#8 13.66 Unpacking libperl5.34:amd64 (5.34.0-3ubuntu1.9) ...
#8 13.85 Selecting previously unselected package perl.
#8 13.86 Preparing to unpack .../4-perl_5.34.0-3ubuntu1.9_amd64.deb ...
#8 13.86 Unpacking perl (5.34.0-3ubuntu1.9) ...
#8 13.89 Preparing to unpack .../5-libssl3_3.0.2-0ubuntu1.30_amd64.deb ...
#8 13.89 Unpacking libssl3:amd64 (3.0.2-0ubuntu1.30) over (3.0.2-0ubuntu1.29) ...
#8 13.95 Setting up libssl3:amd64 (3.0.2-0ubuntu1.30) ...
#8 14.01 debconf: unable to initialize frontend: Dialog
#8 14.01 debconf: (TERM is not set, so the dialog frontend is not usable.)
#8 14.01 debconf: falling back to frontend: Readline
#8 14.05 Selecting previously unselected package libexpat1:amd64.
#8 14.05 (Reading database ... 
(Reading database ... 5%
(Reading database ... 10%
(Reading database ... 15%
(Reading database ... 20%
(Reading database ... 25%
(Reading database ... 30%
(Reading database ... 35%
(Reading database ... 40%
(Reading database ... 45%
(Reading database ... 50%
(Reading database ... 55%
(Reading database ... 60%
(Reading database ... 65%
(Reading database ... 70%
(Reading database ... 75%
(Reading database ... 80%
(Reading database ... 85%
(Reading database ... 90%
(Reading database ... 95%
(Reading database ... 100%
(Reading database ... 6381 files and directories currently installed.)
#8 14.06 Preparing to unpack .../00-libexpat1_2.4.7-1ubuntu0.9_amd64.deb ...
#8 14.06 Unpacking libexpat1:amd64 (2.4.7-1ubuntu0.9) ...
#8 14.08 Selecting previously unselected package libglib2.0-0:amd64.
#8 14.08 Preparing to unpack .../01-libglib2.0-0_2.72.4-0ubuntu2.10_amd64.deb ...
#8 14.08 Unpacking libglib2.0-0:amd64 (2.72.4-0ubuntu2.10) ...
#8 14.11 Selecting previously unselected package libicu70:amd64.
#8 14.12 Preparing to unpack .../02-libicu70_70.1-2_amd64.deb ...
#8 14.12 Unpacking libicu70:amd64 (70.1-2) ...
#8 14.25 Selecting previously unselected package libxml2:amd64.
#8 14.25 Preparing to unpack .../03-libxml2_2.9.13+dfsg-1ubuntu0.13_amd64.deb ...
#8 14.25 Unpacking libxml2:amd64 (2.9.13+dfsg-1ubuntu0.13) ...
#8 14.27 Selecting previously unselected package libnghttp2-14:amd64.
#8 14.27 Preparing to unpack .../04-libnghttp2-14_1.43.0-1ubuntu0.4_amd64.deb ...
#8 14.27 Unpacking libnghttp2-14:amd64 (1.43.0-1ubuntu0.4) ...
#8 14.29 Selecting previously unselected package libpsl5:amd64.
#8 14.29 Preparing to unpack .../05-libpsl5_0.21.0-1.2build2_amd64.deb ...
#8 14.29 Unpacking libpsl5:amd64 (0.21.0-1.2build2) ...
#8 14.30 Selecting previously unselected package libuv1:amd64.
#8 14.30 Preparing to unpack .../06-libuv1_1.43.0-1ubuntu0.1_amd64.deb ...
#8 14.30 Unpacking libuv1:amd64 (1.43.0-1ubuntu0.1) ...
#8 14.32 Selecting previously unselected package xz-utils.
#8 14.32 Preparing to unpack .../07-xz-utils_5.2.5-2ubuntu1.1_amd64.deb ...
#8 14.32 Unpacking xz-utils (5.2.5-2ubuntu1.1) ...
#8 14.34 Selecting previously unselected package binutils-common:amd64.
#8 14.34 Preparing to unpack .../08-binutils-common_2.38-4ubuntu2.12_amd64.deb ...
#8 14.34 Unpacking binutils-common:amd64 (2.38-4ubuntu2.12) ...
#8 14.35 Selecting previously unselected package libbinutils:amd64.
#8 14.35 Preparing to unpack .../09-libbinutils_2.38-4ubuntu2.12_amd64.deb ...
#8 14.36 Unpacking libbinutils:amd64 (2.38-4ubuntu2.12) ...
#8 14.38 Selecting previously unselected package libctf-nobfd0:amd64.
#8 14.38 Preparing to unpack .../10-libctf-nobfd0_2.38-4ubuntu2.12_amd64.deb ...
#8 14.38 Unpacking libctf-nobfd0:amd64 (2.38-4ubuntu2.12) ...
#8 14.39 Selecting previously unselected package libctf0:amd64.
#8 14.40 Preparing to unpack .../11-libctf0_2.38-4ubuntu2.12_amd64.deb ...
#8 14.40 Unpacking libctf0:amd64 (2.38-4ubuntu2.12) ...
#8 14.41 Selecting previously unselected package binutils-x86-64-linux-gnu.
#8 14.41 Preparing to unpack .../12-binutils-x86-64-linux-gnu_2.38-4ubuntu2.12_amd64.deb ...
#8 14.41 Unpacking binutils-x86-64-linux-gnu (2.38-4ubuntu2.12) ...
#8 14.50 Selecting previously unselected package binutils.
#8 14.50 Preparing to unpack .../13-binutils_2.38-4ubuntu2.12_amd64.deb ...
#8 14.50 Unpacking binutils (2.38-4ubuntu2.12) ...
#8 14.51 Selecting previously unselected package libc-dev-bin.
#8 14.51 Preparing to unpack .../14-libc-dev-bin_2.35-0ubuntu3.15_amd64.deb ...
#8 14.52 Unpacking libc-dev-bin (2.35-0ubuntu3.15) ...
#8 14.53 Selecting previously unselected package linux-libc-dev:amd64.
#8 14.53 Preparing to unpack .../15-linux-libc-dev_5.15.0-198.208_amd64.deb ...
#8 14.54 Unpacking linux-libc-dev:amd64 (5.15.0-198.208) ...
#8 14.73 Selecting previously unselected package libcrypt-dev:amd64.
#8 14.73 Preparing to unpack .../16-libcrypt-dev_1%3a4.4.27-1_amd64.deb ...
#8 14.73 Unpacking libcrypt-dev:amd64 (1:4.4.27-1) ...
#8 14.74 Selecting previously unselected package rpcsvc-proto.
#8 14.75 Preparing to unpack .../17-rpcsvc-proto_1.4.2-0ubuntu6_amd64.deb ...
#8 14.75 Unpacking rpcsvc-proto (1.4.2-0ubuntu6) ...
#8 14.76 Selecting previously unselected package libtirpc-dev:amd64.
#8 14.77 Preparing to unpack .../18-libtirpc-dev_1.3.2-2ubuntu0.1_amd64.deb ...
#8 14.77 Unpacking libtirpc-dev:amd64 (1.3.2-2ubuntu0.1) ...
#8 14.79 Selecting previously unselected package libnsl-dev:amd64.
#8 14.79 Preparing to unpack .../19-libnsl-dev_1.3.0-2build2_amd64.deb ...
#8 14.79 Unpacking libnsl-dev:amd64 (1.3.0-2build2) ...
#8 14.81 Selecting previously unselected package libc6-dev:amd64.
#8 14.81 Preparing to unpack .../20-libc6-dev_2.35-0ubuntu3.15_amd64.deb ...
#8 14.81 Unpacking libc6-dev:amd64 (2.35-0ubuntu3.15) ...
#8 14.95 Selecting previously unselected package gcc-11-base:amd64.
#8 14.95 Preparing to unpack .../21-gcc-11-base_11.4.0-1ubuntu1~22.04.3_amd64.deb ...
#8 14.95 Unpacking gcc-11-base:amd64 (11.4.0-1ubuntu1~22.04.3) ...
#8 14.97 Selecting previously unselected package libisl23:amd64.
#8 14.97 Preparing to unpack .../22-libisl23_0.24-2build1_amd64.deb ...
#8 14.97 Unpacking libisl23:amd64 (0.24-2build1) ...
#8 14.99 Selecting previously unselected package libmpfr6:amd64.
#8 14.99 Preparing to unpack .../23-libmpfr6_4.1.0-3build3_amd64.deb ...
#8 14.99 Unpacking libmpfr6:amd64 (4.1.0-3build3) ...
#8 15.02 Selecting previously unselected package libmpc3:amd64.
#8 15.02 Preparing to unpack .../24-libmpc3_1.2.1-2build1_amd64.deb ...
#8 15.02 Unpacking libmpc3:amd64 (1.2.1-2build1) ...
#8 15.03 Selecting previously unselected package cpp-11.
#8 15.04 Preparing to unpack .../25-cpp-11_11.4.0-1ubuntu1~22.04.3_amd64.deb ...
#8 15.04 Unpacking cpp-11 (11.4.0-1ubuntu1~22.04.3) ...
#8 15.15 Selecting previously unselected package cpp.
#8 15.16 Preparing to unpack .../26-cpp_4%3a11.2.0-1ubuntu1_amd64.deb ...
#8 15.16 Unpacking cpp (4:11.2.0-1ubuntu1) ...
#8 15.17 Selecting previously unselected package libcc1-0:amd64.
#8 15.17 Preparing to unpack .../27-libcc1-0_12.3.0-1ubuntu1~22.04.3_amd64.deb ...
#8 15.17 Unpacking libcc1-0:amd64 (12.3.0-1ubuntu1~22.04.3) ...
#8 15.19 Selecting previously unselected package libgomp1:amd64.
#8 15.19 Preparing to unpack .../28-libgomp1_12.3.0-1ubuntu1~22.04.3_amd64.deb ...
#8 15.19 Unpacking libgomp1:amd64 (12.3.0-1ubuntu1~22.04.3) ...
#8 15.20 Selecting previously unselected package libitm1:amd64.
#8 15.20 Preparing to unpack .../29-libitm1_12.3.0-1ubuntu1~22.04.3_amd64.deb ...
#8 15.21 Unpacking libitm1:amd64 (12.3.0-1ubuntu1~22.04.3) ...
#8 15.22 Selecting previously unselected package libatomic1:amd64.
#8 15.22 Preparing to unpack .../30-libatomic1_12.3.0-1ubuntu1~22.04.3_amd64.deb ...
#8 15.22 Unpacking libatomic1:amd64 (12.3.0-1ubuntu1~22.04.3) ...
#8 15.23 Selecting previously unselected package libasan6:amd64.
#8 15.23 Preparing to unpack .../31-libasan6_11.4.0-1ubuntu1~22.04.3_amd64.deb ...
#8 15.24 Unpacking libasan6:amd64 (11.4.0-1ubuntu1~22.04.3) ...
#8 15.28 Selecting previously unselected package liblsan0:amd64.
#8 15.28 Preparing to unpack .../32-liblsan0_12.3.0-1ubuntu1~22.04.3_amd64.deb ...
#8 15.28 Unpacking liblsan0:amd64 (12.3.0-1ubuntu1~22.04.3) ...
#8 15.31 Selecting previously unselected package libtsan0:amd64.
#8 15.31 Preparing to unpack .../33-libtsan0_11.4.0-1ubuntu1~22.04.3_amd64.deb ...
#8 15.31 Unpacking libtsan0:amd64 (11.4.0-1ubuntu1~22.04.3) ...
#8 15.35 Selecting previously unselected package libubsan1:amd64.
#8 15.35 Preparing to unpack .../34-libubsan1_12.3.0-1ubuntu1~22.04.3_amd64.deb ...
#8 15.35 Unpacking libubsan1:amd64 (12.3.0-1ubuntu1~22.04.3) ...
#8 15.38 Selecting previously unselected package libquadmath0:amd64.
#8 15.38 Preparing to unpack .../35-libquadmath0_12.3.0-1ubuntu1~22.04.3_amd64.deb ...
#8 15.38 Unpacking libquadmath0:amd64 (12.3.0-1ubuntu1~22.04.3) ...
#8 15.39 Selecting previously unselected package libgcc-11-dev:amd64.
#8 15.39 Preparing to unpack .../36-libgcc-11-dev_11.4.0-1ubuntu1~22.04.3_amd64.deb ...
#8 15.39 Unpacking libgcc-11-dev:amd64 (11.4.0-1ubuntu1~22.04.3) ...
#8 15.48 Selecting previously unselected package gcc-11.
#8 15.48 Preparing to unpack .../37-gcc-11_11.4.0-1ubuntu1~22.04.3_amd64.deb ...
#8 15.48 Unpacking gcc-11 (11.4.0-1ubuntu1~22.04.3) ...
#8 15.69 Selecting previously unselected package gcc.
#8 15.69 Preparing to unpack .../38-gcc_4%3a11.2.0-1ubuntu1_amd64.deb ...
#8 15.69 Unpacking gcc (4:11.2.0-1ubuntu1) ...
#8 15.70 Selecting previously unselected package libstdc++-11-dev:amd64.
#8 15.71 Preparing to unpack .../39-libstdc++-11-dev_11.4.0-1ubuntu1~22.04.3_amd64.deb ...
#8 15.71 Unpacking libstdc++-11-dev:amd64 (11.4.0-1ubuntu1~22.04.3) ...
#8 15.92 Selecting previously unselected package g++-11.
#8 15.92 Preparing to unpack .../40-g++-11_11.4.0-1ubuntu1~22.04.3_amd64.deb ...
#8 15.92 Unpacking g++-11 (11.4.0-1ubuntu1~22.04.3) ...
#8 16.05 Selecting previously unselected package g++.
#8 16.06 Preparing to unpack .../41-g++_4%3a11.2.0-1ubuntu1_amd64.deb ...
#8 16.06 Unpacking g++ (4:11.2.0-1ubuntu1) ...
#8 16.07 Selecting previously unselected package make.
#8 16.07 Preparing to unpack .../42-make_4.3-4.1build1_amd64.deb ...
#8 16.07 Unpacking make (4.3-4.1build1) ...
#8 16.09 Selecting previously unselected package libdpkg-perl.
#8 16.09 Preparing to unpack .../43-libdpkg-perl_1.21.1ubuntu2.6_all.deb ...
#8 16.09 Unpacking libdpkg-perl (1.21.1ubuntu2.6) ...
#8 16.12 Selecting previously unselected package bzip2.
#8 16.13 Preparing to unpack .../44-bzip2_1.0.8-5ubuntu0.1_amd64.deb ...
#8 16.13 Unpacking bzip2 (1.0.8-5ubuntu0.1) ...
#8 16.14 Selecting previously unselected package patch.
#8 16.14 Preparing to unpack .../45-patch_2.7.6-7build2_amd64.deb ...
#8 16.14 Unpacking patch (2.7.6-7build2) ...
#8 16.16 Selecting previously unselected package lto-disabled-list.
#8 16.16 Preparing to unpack .../46-lto-disabled-list_24_all.deb ...
#8 16.16 Unpacking lto-disabled-list (24) ...
#8 16.17 Selecting previously unselected package dpkg-dev.
#8 16.17 Preparing to unpack .../47-dpkg-dev_1.21.1ubuntu2.6_all.deb ...
#8 16.17 Unpacking dpkg-dev (1.21.1ubuntu2.6) ...
#8 16.21 Selecting previously unselected package build-essential.
#8 16.21 Preparing to unpack .../48-build-essential_12.9ubuntu3_amd64.deb ...
#8 16.21 Unpacking build-essential (12.9ubuntu3) ...
#8 16.22 Selecting previously unselected package libarchive13:amd64.
#8 16.23 Preparing to unpack .../49-libarchive13_3.6.0-1ubuntu1.8_amd64.deb ...
#8 16.23 Unpacking libarchive13:amd64 (3.6.0-1ubuntu1.8) ...
#8 16.24 Selecting previously unselected package libbrotli1:amd64.
#8 16.24 Preparing to unpack .../50-libbrotli1_1.0.9-2build6_amd64.deb ...
#8 16.25 Unpacking libbrotli1:amd64 (1.0.9-2build6) ...
#8 16.26 Selecting previously unselected package libsasl2-modules-db:amd64.
#8 16.26 Preparing to unpack .../51-libsasl2-modules-db_2.1.27+dfsg2-3ubuntu1.2_amd64.deb ...
#8 16.26 Unpacking libsasl2-modules-db:amd64 (2.1.27+dfsg2-3ubuntu1.2) ...
#8 16.28 Selecting previously unselected package libsasl2-2:amd64.
#8 16.28 Preparing to unpack .../52-libsasl2-2_2.1.27+dfsg2-3ubuntu1.2_amd64.deb ...
#8 16.28 Unpacking libsasl2-2:amd64 (2.1.27+dfsg2-3ubuntu1.2) ...
#8 16.30 Selecting previously unselected package libldap-2.5-0:amd64.
#8 16.30 Preparing to unpack .../53-libldap-2.5-0_2.5.20+dfsg-0ubuntu0.22.04.1_amd64.deb ...
#8 16.30 Unpacking libldap-2.5-0:amd64 (2.5.20+dfsg-0ubuntu0.22.04.1) ...
#8 16.31 Selecting previously unselected package librtmp1:amd64.
#8 16.32 Preparing to unpack .../54-librtmp1_2.4+20151223.gitfa8646d.1-2build4_amd64.deb ...
#8 16.32 Unpacking librtmp1:amd64 (2.4+20151223.gitfa8646d.1-2build4) ...
#8 16.33 Selecting previously unselected package libssh-4:amd64.
#8 16.33 Preparing to unpack .../55-libssh-4_0.9.6-2ubuntu0.22.04.8_amd64.deb ...
#8 16.33 Unpacking libssh-4:amd64 (0.9.6-2ubuntu0.22.04.8) ...
#8 16.35 Selecting previously unselected package libcurl4:amd64.
#8 16.35 Preparing to unpack .../56-libcurl4_7.81.0-1ubuntu1.29_amd64.deb ...
#8 16.35 Unpacking libcurl4:amd64 (7.81.0-1ubuntu1.29) ...
#8 16.37 Selecting previously unselected package libjsoncpp25:amd64.
#8 16.37 Preparing to unpack .../57-libjsoncpp25_1.9.5-3_amd64.deb ...
#8 16.37 Unpacking libjsoncpp25:amd64 (1.9.5-3) ...
#8 16.39 Selecting previously unselected package librhash0:amd64.
#8 16.39 Preparing to unpack .../58-librhash0_1.4.2-1ubuntu1_amd64.deb ...
#8 16.39 Unpacking librhash0:amd64 (1.4.2-1ubuntu1) ...
#8 16.41 Selecting previously unselected package dh-elpa-helper.
#8 16.41 Preparing to unpack .../59-dh-elpa-helper_2.0.9ubuntu1_all.deb ...
#8 16.41 Unpacking dh-elpa-helper (2.0.9ubuntu1) ...
#8 16.43 Selecting previously unselected package emacsen-common.
#8 16.43 Preparing to unpack .../60-emacsen-common_3.0.4_all.deb ...
#8 16.44 Unpacking emacsen-common (3.0.4) ...
#8 16.46 Selecting previously unselected package cmake-data.
#8 16.46 Preparing to unpack .../61-cmake-data_3.22.1-1ubuntu1.22.04.2_all.deb ...
#8 16.46 Unpacking cmake-data (3.22.1-1ubuntu1.22.04.2) ...
#8 17.00 Selecting previously unselected package cmake.
#8 17.00 Preparing to unpack .../62-cmake_3.22.1-1ubuntu1.22.04.2_amd64.deb ...
#8 17.00 Unpacking cmake (3.22.1-1ubuntu1.22.04.2) ...
#8 17.08 Selecting previously unselected package libabsl20210324:amd64.
#8 17.08 Preparing to unpack .../63-libabsl20210324_0~20210324.2-2ubuntu0.3_amd64.deb ...
#8 17.09 Unpacking libabsl20210324:amd64 (0~20210324.2-2ubuntu0.3) ...
#8 17.12 Selecting previously unselected package libc-ares2:amd64.
#8 17.12 Preparing to unpack .../64-libc-ares2_1.18.1-1ubuntu0.22.04.3_amd64.deb ...
#8 17.12 Unpacking libc-ares2:amd64 (1.18.1-1ubuntu0.22.04.3) ...
#8 17.14 Selecting previously unselected package libgrpc10:amd64.
#8 17.14 Preparing to unpack .../65-libgrpc10_1.30.2-3build6_amd64.deb ...
#8 17.14 Unpacking libgrpc10:amd64 (1.30.2-3build6) ...
#8 17.18 Selecting previously unselected package libprotobuf23:amd64.
#8 17.18 Preparing to unpack .../66-libprotobuf23_3.12.4-1ubuntu7.22.04.6_amd64.deb ...
#8 17.18 Unpacking libprotobuf23:amd64 (3.12.4-1ubuntu7.22.04.6) ...
#8 17.21 Selecting previously unselected package libgrpc++1:amd64.
#8 17.21 Preparing to unpack .../67-libgrpc++1_1.30.2-3build6_amd64.deb ...
#8 17.21 Unpacking libgrpc++1:amd64 (1.30.2-3build6) ...
#8 17.23 Selecting previously unselected package libgrpc-dev:amd64.
#8 17.23 Preparing to unpack .../68-libgrpc-dev_1.30.2-3build6_amd64.deb ...
#8 17.23 Unpacking libgrpc-dev:amd64 (1.30.2-3build6) ...
#8 17.29 Selecting previously unselected package libgrpc++-dev:amd64.
#8 17.30 Preparing to unpack .../69-libgrpc++-dev_1.30.2-3build6_amd64.deb ...
#8 17.30 Unpacking libgrpc++-dev:amd64 (1.30.2-3build6) ...
#8 17.37 Selecting previously unselected package libpq5:amd64.
#8 17.37 Preparing to unpack .../70-libpq5_14.24-0ubuntu0.22.04.1_amd64.deb ...
#8 17.38 Unpacking libpq5:amd64 (14.24-0ubuntu0.22.04.1) ...
#8 17.39 Selecting previously unselected package libssl-dev:amd64.
#8 17.39 Preparing to unpack .../71-libssl-dev_3.0.2-0ubuntu1.30_amd64.deb ...
#8 17.39 Unpacking libssl-dev:amd64 (3.0.2-0ubuntu1.30) ...
#8 17.47 Selecting previously unselected package libpq-dev.
#8 17.47 Preparing to unpack .../72-libpq-dev_14.24-0ubuntu0.22.04.1_amd64.deb ...
#8 17.47 Unpacking libpq-dev (14.24-0ubuntu0.22.04.1) ...
#8 17.49 Selecting previously unselected package libpqxx-6.4.
#8 17.49 Preparing to unpack .../73-libpqxx-6.4_6.4.5-2build1_amd64.deb ...
#8 17.49 Unpacking libpqxx-6.4 (6.4.5-2build1) ...
#8 17.52 Selecting previously unselected package pkg-config.
#8 17.52 Preparing to unpack .../74-pkg-config_0.29.2-1ubuntu3_amd64.deb ...
#8 17.52 Unpacking pkg-config (0.29.2-1ubuntu3) ...
#8 17.54 Selecting previously unselected package libpqxx-dev.
#8 17.54 Preparing to unpack .../75-libpqxx-dev_6.4.5-2build1_amd64.deb ...
#8 17.54 Unpacking libpqxx-dev (6.4.5-2build1) ...
#8 17.59 Selecting previously unselected package libprotobuf-lite23:amd64.
#8 17.59 Preparing to unpack .../76-libprotobuf-lite23_3.12.4-1ubuntu7.22.04.6_amd64.deb ...
#8 17.59 Unpacking libprotobuf-lite23:amd64 (3.12.4-1ubuntu7.22.04.6) ...
#8 17.61 Selecting previously unselected package libprotoc23:amd64.
#8 17.61 Preparing to unpack .../77-libprotoc23_3.12.4-1ubuntu7.22.04.6_amd64.deb ...
#8 17.61 Unpacking libprotoc23:amd64 (3.12.4-1ubuntu7.22.04.6) ...
#8 17.63 Selecting previously unselected package nlohmann-json3-dev.
#8 17.63 Preparing to unpack .../78-nlohmann-json3-dev_3.10.5-2_all.deb ...
#8 17.63 Unpacking nlohmann-json3-dev (3.10.5-2) ...
#8 17.67 Selecting previously unselected package protobuf-compiler.
#8 17.68 Preparing to unpack .../79-protobuf-compiler_3.12.4-1ubuntu7.22.04.6_amd64.deb ...
#8 17.68 Unpacking protobuf-compiler (3.12.4-1ubuntu7.22.04.6) ...
#8 17.69 Selecting previously unselected package protobuf-compiler-grpc.
#8 17.69 Preparing to unpack .../80-protobuf-compiler-grpc_1.30.2-3build6_amd64.deb ...
#8 17.69 Unpacking protobuf-compiler-grpc (1.30.2-3build6) ...
#8 17.71 Selecting previously unselected package zlib1g-dev:amd64.
#8 17.71 Preparing to unpack .../81-zlib1g-dev_1%3a1.2.11.dfsg-2ubuntu9.2_amd64.deb ...
#8 17.71 Unpacking zlib1g-dev:amd64 (1:1.2.11.dfsg-2ubuntu9.2) ...
#8 17.73 Selecting previously unselected package libprotobuf-dev:amd64.
#8 17.73 Preparing to unpack .../82-libprotobuf-dev_3.12.4-1ubuntu7.22.04.6_amd64.deb ...
#8 17.73 Unpacking libprotobuf-dev:amd64 (3.12.4-1ubuntu7.22.04.6) ...
#8 17.82 Setting up libexpat1:amd64 (2.4.7-1ubuntu0.9) ...
#8 17.82 Setting up gcc-11-base:amd64 (11.4.0-1ubuntu1~22.04.3) ...
#8 17.83 Setting up lto-disabled-list (24) ...
#8 17.83 Setting up libpsl5:amd64 (0.21.0-1.2build2) ...
#8 17.83 Setting up libglib2.0-0:amd64 (2.72.4-0ubuntu2.10) ...
#8 17.84 No schema files found: doing nothing.
#8 17.84 Setting up libbrotli1:amd64 (1.0.9-2build6) ...
#8 17.84 Setting up binutils-common:amd64 (2.38-4ubuntu2.12) ...
#8 17.84 Setting up libnghttp2-14:amd64 (1.43.0-1ubuntu0.4) ...
#8 17.84 Setting up linux-libc-dev:amd64 (5.15.0-198.208) ...
#8 17.85 Setting up libctf-nobfd0:amd64 (2.38-4ubuntu2.12) ...
#8 17.85 Setting up libprotobuf23:amd64 (3.12.4-1ubuntu7.22.04.6) ...
#8 17.85 Setting up libc-ares2:amd64 (1.18.1-1ubuntu0.22.04.3) ...
#8 17.85 Setting up libgomp1:amd64 (12.3.0-1ubuntu1~22.04.3) ...
#8 17.85 Setting up perl-modules-5.34 (5.34.0-3ubuntu1.9) ...
#8 17.86 Setting up bzip2 (1.0.8-5ubuntu0.1) ...
#8 17.86 Setting up libasan6:amd64 (11.4.0-1ubuntu1~22.04.3) ...
#8 17.86 Setting up libsasl2-modules-db:amd64 (2.1.27+dfsg2-3ubuntu1.2) ...
#8 17.86 Setting up libprotobuf-lite23:amd64 (3.12.4-1ubuntu7.22.04.6) ...
#8 17.86 Setting up libtirpc-dev:amd64 (1.3.2-2ubuntu0.1) ...
#8 17.87 Setting up libuv1:amd64 (1.43.0-1ubuntu0.1) ...
#8 17.87 Setting up rpcsvc-proto (1.4.2-0ubuntu6) ...
#8 17.87 Setting up emacsen-common (3.0.4) ...
#8 17.90 Setting up make (4.3-4.1build1) ...
#8 17.90 Setting up libmpfr6:amd64 (4.1.0-3build3) ...
#8 17.91 Setting up librtmp1:amd64 (2.4+20151223.gitfa8646d.1-2build4) ...
#8 17.91 Setting up dh-elpa-helper (2.0.9ubuntu1) ...
#8 17.91 Setting up libprotoc23:amd64 (3.12.4-1ubuntu7.22.04.6) ...
#8 17.91 Setting up xz-utils (5.2.5-2ubuntu1.1) ...
#8 17.92 update-alternatives: using /usr/bin/xz to provide /usr/bin/lzma (lzma) in auto mode
#8 17.92 update-alternatives: warning: skip creation of /usr/share/man/man1/lzma.1.gz because associated file /usr/share/man/man1/xz.1.gz (of link group lzma) doesn't exist
#8 17.92 update-alternatives: warning: skip creation of /usr/share/man/man1/unlzma.1.gz because associated file /usr/share/man/man1/unxz.1.gz (of link group lzma) doesn't exist
#8 17.92 update-alternatives: warning: skip creation of /usr/share/man/man1/lzcat.1.gz because associated file /usr/share/man/man1/xzcat.1.gz (of link group lzma) doesn't exist
#8 17.92 update-alternatives: warning: skip creation of /usr/share/man/man1/lzmore.1.gz because associated file /usr/share/man/man1/xzmore.1.gz (of link group lzma) doesn't exist
#8 17.92 update-alternatives: warning: skip creation of /usr/share/man/man1/lzless.1.gz because associated file /usr/share/man/man1/xzless.1.gz (of link group lzma) doesn't exist
#8 17.92 update-alternatives: warning: skip creation of /usr/share/man/man1/lzdiff.1.gz because associated file /usr/share/man/man1/xzdiff.1.gz (of link group lzma) doesn't exist
#8 17.92 update-alternatives: warning: skip creation of /usr/share/man/man1/lzcmp.1.gz because associated file /usr/share/man/man1/xzcmp.1.gz (of link group lzma) doesn't exist
#8 17.92 update-alternatives: warning: skip creation of /usr/share/man/man1/lzgrep.1.gz because associated file /usr/share/man/man1/xzgrep.1.gz (of link group lzma) doesn't exist
#8 17.92 update-alternatives: warning: skip creation of /usr/share/man/man1/lzegrep.1.gz because associated file /usr/share/man/man1/xzegrep.1.gz (of link group lzma) doesn't exist
#8 17.92 update-alternatives: warning: skip creation of /usr/share/man/man1/lzfgrep.1.gz because associated file /usr/share/man/man1/xzfgrep.1.gz (of link group lzma) doesn't exist
#8 17.92 Setting up libquadmath0:amd64 (12.3.0-1ubuntu1~22.04.3) ...
#8 17.92 Setting up libssl-dev:amd64 (3.0.2-0ubuntu1.30) ...
#8 17.92 Setting up libmpc3:amd64 (1.2.1-2build1) ...
#8 17.93 Setting up libatomic1:amd64 (12.3.0-1ubuntu1~22.04.3) ...
#8 17.93 Setting up patch (2.7.6-7build2) ...
#8 17.93 Setting up libjsoncpp25:amd64 (1.9.5-3) ...
#8 17.93 Setting up libabsl20210324:amd64 (0~20210324.2-2ubuntu0.3) ...
#8 17.93 Setting up libsasl2-2:amd64 (2.1.27+dfsg2-3ubuntu1.2) ...
#8 17.94 Setting up libssh-4:amd64 (0.9.6-2ubuntu0.22.04.8) ...
#8 17.94 Setting up libubsan1:amd64 (12.3.0-1ubuntu1~22.04.3) ...
#8 17.94 Setting up libnsl-dev:amd64 (1.3.0-2build2) ...
#8 17.95 Setting up librhash0:amd64 (1.4.2-1ubuntu1) ...
#8 17.95 Setting up libcrypt-dev:amd64 (1:4.4.27-1) ...
#8 17.95 Setting up cmake-data (3.22.1-1ubuntu1.22.04.2) ...
#8 17.98 Setting up nlohmann-json3-dev (3.10.5-2) ...
#8 17.98 Setting up libbinutils:amd64 (2.38-4ubuntu2.12) ...
#8 17.99 Setting up libisl23:amd64 (0.24-2build1) ...
#8 17.99 Setting up libc-dev-bin (2.35-0ubuntu3.15) ...
#8 17.99 Setting up libcc1-0:amd64 (12.3.0-1ubuntu1~22.04.3) ...
#8 17.99 Setting up liblsan0:amd64 (12.3.0-1ubuntu1~22.04.3) ...
#8 17.99 Setting up libitm1:amd64 (12.3.0-1ubuntu1~22.04.3) ...
#8 18.00 Setting up libgdbm6:amd64 (1.23-1) ...
#8 18.00 Setting up libicu70:amd64 (70.1-2) ...
#8 18.00 Setting up libtsan0:amd64 (11.4.0-1ubuntu1~22.04.3) ...
#8 18.00 Setting up libctf0:amd64 (2.38-4ubuntu2.12) ...
#8 18.01 Setting up cpp-11 (11.4.0-1ubuntu1~22.04.3) ...
#8 18.01 Setting up protobuf-compiler (3.12.4-1ubuntu7.22.04.6) ...
#8 18.01 Setting up libldap-2.5-0:amd64 (2.5.20+dfsg-0ubuntu0.22.04.1) ...
#8 18.01 Setting up protobuf-compiler-grpc (1.30.2-3build6) ...
#8 18.02 Setting up libgrpc10:amd64 (1.30.2-3build6) ...
#8 18.02 Setting up libgdbm-compat4:amd64 (1.23-1) ...
#8 18.02 Setting up libgcc-11-dev:amd64 (11.4.0-1ubuntu1~22.04.3) ...
#8 18.02 Setting up cpp (4:11.2.0-1ubuntu1) ...
#8 18.03 Setting up libcurl4:amd64 (7.81.0-1ubuntu1.29) ...
#8 18.03 Setting up libc6-dev:amd64 (2.35-0ubuntu3.15) ...
#8 18.03 Setting up libgrpc++1:amd64 (1.30.2-3build6) ...
#8 18.03 Setting up libxml2:amd64 (2.9.13+dfsg-1ubuntu0.13) ...
#8 18.04 Setting up binutils-x86-64-linux-gnu (2.38-4ubuntu2.12) ...
#8 18.04 Setting up libperl5.34:amd64 (5.34.0-3ubuntu1.9) ...
#8 18.04 Setting up libarchive13:amd64 (3.6.0-1ubuntu1.8) ...
#8 18.04 Setting up libpq5:amd64 (14.24-0ubuntu0.22.04.1) ...
#8 18.04 Setting up libpq-dev (14.24-0ubuntu0.22.04.1) ...
#8 18.05 Setting up binutils (2.38-4ubuntu2.12) ...
#8 18.05 Setting up libgrpc-dev:amd64 (1.30.2-3build6) ...
#8 18.05 Setting up perl (5.34.0-3ubuntu1.9) ...
#8 18.06 Setting up libdpkg-perl (1.21.1ubuntu2.6) ...
#8 18.06 Setting up libstdc++-11-dev:amd64 (11.4.0-1ubuntu1~22.04.3) ...
#8 18.06 Setting up zlib1g-dev:amd64 (1:1.2.11.dfsg-2ubuntu9.2) ...
#8 18.07 Setting up libpqxx-6.4 (6.4.5-2build1) ...
#8 18.07 Setting up gcc-11 (11.4.0-1ubuntu1~22.04.3) ...
#8 18.07 Setting up libgrpc++-dev:amd64 (1.30.2-3build6) ...
#8 18.07 Setting up cmake (3.22.1-1ubuntu1.22.04.2) ...
#8 18.08 Setting up g++-11 (11.4.0-1ubuntu1~22.04.3) ...
#8 18.08 Setting up gcc (4:11.2.0-1ubuntu1) ...
#8 18.09 Setting up dpkg-dev (1.21.1ubuntu2.6) ...
#8 18.11 Setting up libprotobuf-dev:amd64 (3.12.4-1ubuntu7.22.04.6) ...
#8 18.11 Setting up pkg-config (0.29.2-1ubuntu3) ...
#8 18.13 Setting up g++ (4:11.2.0-1ubuntu1) ...
#8 18.15 update-alternatives: using /usr/bin/g++ to provide /usr/bin/c++ (c++) in auto mode
#8 18.15 update-alternatives: warning: skip creation of /usr/share/man/man1/c++.1.gz because associated file /usr/share/man/man1/g++.1.gz (of link group c++) doesn't exist
#8 18.15 Setting up build-essential (12.9ubuntu3) ...
#8 18.15 Setting up libpqxx-dev (6.4.5-2build1) ...
#8 18.15 Processing triggers for libc-bin (2.35-0ubuntu3.15) ...
#8 DONE 19.0s

#10 [builder 3/7] WORKDIR /src
#10 DONE 0.0s

#11 [builder 4/7] COPY proto/ ./proto/
#11 DONE 0.0s

#12 [builder 5/7] COPY native/control/ ./native/control/
#12 DONE 0.0s

#13 [builder 6/7] COPY native/generated/ ./native/generated/
#13 DONE 0.0s

#14 [builder 7/7] RUN cmake -S native/control -B /build -DCMAKE_BUILD_TYPE=Release     && cmake --build /build --parallel "1"
#14 0.186 -- The CXX compiler identification is GNU 11.4.0
#14 0.194 -- Detecting CXX compiler ABI info
#14 0.274 -- Detecting CXX compiler ABI info - done
#14 0.281 -- Check for working CXX compiler: /usr/bin/c++ - skipped
#14 0.281 -- Detecting CXX compile features
#14 0.282 -- Detecting CXX compile features - done
#14 0.287 -- Found PkgConfig: /usr/bin/pkg-config (found version "0.29.2") 
#14 0.288 -- Checking for module 'grpc++'
#14 0.300 --   Found grpc++, version 1.30.2
#14 0.332 -- Checking for module 'protobuf'
#14 0.344 --   Found protobuf, version 3.12.4
#14 0.372 -- Checking for module 'libpqxx'
#14 0.383 --   Found libpqxx, version 6.4.5
#14 0.460 -- Found OpenSSL: /usr/lib/x86_64-linux-gnu/libcrypto.so (found version "3.0.2")  
#14 0.460 -- Configuring done
#14 0.465 -- Generating done
#14 0.466 -- Build files have been written to: /build
#14 0.507 [  5%] Generating generated/common.pb.cc, generated/common.grpc.pb.cc, generated/errorcode.pb.cc, generated/errorcode.grpc.pb.cc, generated/taskkind.pb.cc, generated/taskkind.grpc.pb.cc, generated/hotmethod.pb.cc, generated/hotmethod.grpc.pb.cc, generated/healthcheck.pb.cc, generated/healthcheck.grpc.pb.cc, generated/init.pb.cc, generated/init.grpc.pb.cc, generated/control.pb.cc, generated/control.grpc.pb.cc
#14 0.565 [ 11%] Building CXX object CMakeFiles/mini-drop-native-control.dir/src/main.cpp.o
#14 1.646 In file included from /build/generated/healthcheck.pb.h:37,
#14 1.646                  from /build/generated/healthcheck.grpc.pb.h:15,
#14 1.646                  from /src/native/control/src/main.cpp:10:
#14 1.646 /build/generated/hotmethod.pb.h: In member function 'mini_drop::RecordArgv* mini_drop::TaskDesc::release_sample_argv()':
#14 1.646 /build/generated/hotmethod.pb.h:3159:47: warning: 'mini_drop::RecordArgv* mini_drop::TaskDesc::unsafe_arena_release_sample_argv()' is deprecated [-Wdeprecated-declarations]
#14 1.646  3159 |   auto temp = unsafe_arena_release_sample_argv();
#14 1.646       |               ~~~~~~~~~~~~~~~~~~~~~~~~~~~~~~~~^~
#14 1.646 /build/generated/hotmethod.pb.h:449:48: note: declared here
#14 1.646   449 |   PROTOBUF_DEPRECATED ::mini_drop::RecordArgv* unsafe_arena_release_sample_argv();
#14 1.646       |                                                ^~~~~~~~~~~~~~~~~~~~~~~~~~~~~~~~
#14 1.649 /build/generated/hotmethod.pb.h: In member function 'mini_drop::CosConfig* mini_drop::TaskDesc::release_cos_config()':
#14 1.649 /build/generated/hotmethod.pb.h:3355:46: warning: 'mini_drop::CosConfig* mini_drop::TaskDesc::unsafe_arena_release_cos_config()' is deprecated [-Wdeprecated-declarations]
#14 1.649  3355 |   auto temp = unsafe_arena_release_cos_config();
#14 1.649       |               ~~~~~~~~~~~~~~~~~~~~~~~~~~~~~~~^~
#14 1.649 /build/generated/hotmethod.pb.h:467:47: note: declared here
#14 1.649   467 |   PROTOBUF_DEPRECATED ::mini_drop::CosConfig* unsafe_arena_release_cos_config();
#14 1.649       |                                               ^~~~~~~~~~~~~~~~~~~~~~~~~~~~~~~
#14 2.723 /src/native/control/src/main.cpp: In member function 'virtual grpc::Status {anonymous}::HealthService::Do(grpc::ServerContext*, const mini_drop::HealthCheckRequest*, mini_drop::HealthCheckResponse*)':
#14 2.723 /src/native/control/src/main.cpp:894:47: warning: 'mini_drop::RecordArgv* mini_drop::TaskDesc::mutable_sample_argv()' is deprecated [-Wdeprecated-declarations]
#14 2.723   894 |       auto* sample = desc->mutable_sample_argv();
#14 2.723       |                      ~~~~~~~~~~~~~~~~~~~~~~~~~^~
#14 2.724 In file included from /build/generated/healthcheck.pb.h:37,
#14 2.724                  from /build/generated/healthcheck.grpc.pb.h:15,
#14 2.724                  from /src/native/control/src/main.cpp:10:
#14 2.724 /build/generated/hotmethod.pb.h:3180:33: note: declared here
#14 2.724  3180 | inline ::mini_drop::RecordArgv* TaskDesc::mutable_sample_argv() {
#14 2.724       |                                 ^~~~~~~~
#14 9.808 [ 17%] Building CXX object CMakeFiles/mini-drop-native-control.dir/generated/common.pb.cc.o
#14 10.47 /build/generated/common.pb.cc: In member function 'virtual google::protobuf::uint8* mini_drop::CosConfig::_InternalSerialize(google::protobuf::uint8*, google::protobuf::io::EpsCopyOutputStream*) const':
#14 10.47 /build/generated/common.pb.cc:664:23: warning: 'const string& mini_drop::CosConfig::access_key() const' is deprecated [-Wdeprecated-declarations]
#14 10.47   664 |   if (this->access_key().size() > 0) {
#14 10.47       |       ~~~~~~~~~~~~~~~~^~
#14 10.47 In file included from /build/generated/common.pb.cc:4:
#14 10.47 /build/generated/common.pb.h:1130:27: note: declared here
#14 10.47  1130 | inline const std::string& CosConfig::access_key() const {
#14 10.47       |                           ^~~~~~~~~
#14 10.47 /build/generated/common.pb.cc:674:23: warning: 'const string& mini_drop::CosConfig::secret_key() const' is deprecated [-Wdeprecated-declarations]
#14 10.47   674 |   if (this->secret_key().size() > 0) {
#14 10.47       |       ~~~~~~~~~~~~~~~~^~
#14 10.47 In file included from /build/generated/common.pb.cc:4:
#14 10.47 /build/generated/common.pb.h:1211:27: note: declared here
#14 10.47  1211 | inline const std::string& CosConfig::secret_key() const {
#14 10.47       |                           ^~~~~~~~~
#14 10.47 /build/generated/common.pb.cc: In member function 'virtual size_t mini_drop::CosConfig::ByteSizeLong() const':
#14 10.47 /build/generated/common.pb.cc:727:23: warning: 'const string& mini_drop::CosConfig::access_key() const' is deprecated [-Wdeprecated-declarations]
#14 10.47   727 |   if (this->access_key().size() > 0) {
#14 10.47       |       ~~~~~~~~~~~~~~~~^~
#14 10.47 In file included from /build/generated/common.pb.cc:4:
#14 10.47 /build/generated/common.pb.h:1130:27: note: declared here
#14 10.47  1130 | inline const std::string& CosConfig::access_key() const {
#14 10.47       |                           ^~~~~~~~~
#14 10.47 /build/generated/common.pb.cc:734:23: warning: 'const string& mini_drop::CosConfig::secret_key() const' is deprecated [-Wdeprecated-declarations]
#14 10.47   734 |   if (this->secret_key().size() > 0) {
#14 10.47       |       ~~~~~~~~~~~~~~~~^~
#14 10.47 In file included from /build/generated/common.pb.cc:4:
#14 10.47 /build/generated/common.pb.h:1211:27: note: declared here
#14 10.47  1211 | inline const std::string& CosConfig::secret_key() const {
#14 10.47       |                           ^~~~~~~~~
#14 10.47 /build/generated/common.pb.cc: In member function 'void mini_drop::CosConfig::MergeFrom(const mini_drop::CosConfig&)':
#14 10.47 /build/generated/common.pb.cc:788:22: warning: 'const string& mini_drop::CosConfig::access_key() const' is deprecated [-Wdeprecated-declarations]
#14 10.47   788 |   if (from.access_key().size() > 0) {
#14 10.47       |       ~~~~~~~~~~~~~~~^~
#14 10.47 In file included from /build/generated/common.pb.cc:4:
#14 10.47 /build/generated/common.pb.h:1130:27: note: declared here
#14 10.47  1130 | inline const std::string& CosConfig::access_key() const {
#14 10.47       |                           ^~~~~~~~~
#14 10.47 /build/generated/common.pb.cc:791:22: warning: 'const string& mini_drop::CosConfig::secret_key() const' is deprecated [-Wdeprecated-declarations]
#14 10.47   791 |   if (from.secret_key().size() > 0) {
#14 10.47       |       ~~~~~~~~~~~~~~~^~
#14 10.47 In file included from /build/generated/common.pb.cc:4:
#14 10.47 /build/generated/common.pb.h:1211:27: note: declared here
#14 10.47  1211 | inline const std::string& CosConfig::secret_key() const {
#14 10.47       |                           ^~~~~~~~~
#14 11.09 [ 23%] Building CXX object CMakeFiles/mini-drop-native-control.dir/generated/common.grpc.pb.cc.o
#14 12.36 [ 29%] Building CXX object CMakeFiles/mini-drop-native-control.dir/generated/errorcode.pb.cc.o
#14 13.07 [ 35%] Building CXX object CMakeFiles/mini-drop-native-control.dir/generated/errorcode.grpc.pb.cc.o
#14 14.33 [ 41%] Building CXX object CMakeFiles/mini-drop-native-control.dir/generated/taskkind.pb.cc.o
#14 15.05 [ 47%] Building CXX object CMakeFiles/mini-drop-native-control.dir/generated/taskkind.grpc.pb.cc.o
#14 16.30 [ 52%] Building CXX object CMakeFiles/mini-drop-native-control.dir/generated/hotmethod.pb.cc.o
#14 17.01 In file included from /build/generated/hotmethod.pb.cc:4:
#14 17.01 /build/generated/hotmethod.pb.h: In member function 'mini_drop::RecordArgv* mini_drop::TaskDesc::release_sample_argv()':
#14 17.01 /build/generated/hotmethod.pb.h:3159:47: warning: 'mini_drop::RecordArgv* mini_drop::TaskDesc::unsafe_arena_release_sample_argv()' is deprecated [-Wdeprecated-declarations]
#14 17.01  3159 |   auto temp = unsafe_arena_release_sample_argv();
#14 17.01       |               ~~~~~~~~~~~~~~~~~~~~~~~~~~~~~~~~^~
#14 17.01 /build/generated/hotmethod.pb.h:449:48: note: declared here
#14 17.01   449 |   PROTOBUF_DEPRECATED ::mini_drop::RecordArgv* unsafe_arena_release_sample_argv();
#14 17.01       |                                                ^~~~~~~~~~~~~~~~~~~~~~~~~~~~~~~~
#14 17.01 /build/generated/hotmethod.pb.h: In member function 'mini_drop::CosConfig* mini_drop::TaskDesc::release_cos_config()':
#14 17.01 /build/generated/hotmethod.pb.h:3355:46: warning: 'mini_drop::CosConfig* mini_drop::TaskDesc::unsafe_arena_release_cos_config()' is deprecated [-Wdeprecated-declarations]
#14 17.01  3355 |   auto temp = unsafe_arena_release_cos_config();
#14 17.01       |               ~~~~~~~~~~~~~~~~~~~~~~~~~~~~~~~^~
#14 17.01 /build/generated/hotmethod.pb.h:467:47: note: declared here
#14 17.01   467 |   PROTOBUF_DEPRECATED ::mini_drop::CosConfig* unsafe_arena_release_cos_config();
#14 17.01       |                                               ^~~~~~~~~~~~~~~~~~~~~~~~~~~~~~~
#14 17.06 /build/generated/hotmethod.pb.cc: In member function 'virtual google::protobuf::uint8* mini_drop::TaskDesc::_InternalSerialize(google::protobuf::uint8*, google::protobuf::io::EpsCopyOutputStream*) const':
#14 17.06 /build/generated/hotmethod.pb.cc:1228:28: warning: 'bool mini_drop::TaskDesc::has_sample_argv() const' is deprecated [-Wdeprecated-declarations]
#14 17.06  1228 |   if (this->has_sample_argv()) {
#14 17.06       |       ~~~~~~~~~~~~~~~~~~~~~^~
#14 17.06 In file included from /build/generated/hotmethod.pb.cc:4:
#14 17.06 /build/generated/hotmethod.pb.h:3127:13: note: declared here
#14 17.06  3127 | inline bool TaskDesc::has_sample_argv() const {
#14 17.06       |             ^~~~~~~~
#14 17.06 /build/generated/hotmethod.pb.cc:1258:27: warning: 'bool mini_drop::TaskDesc::has_cos_config() const' is deprecated [-Wdeprecated-declarations]
#14 17.06  1258 |   if (this->has_cos_config()) {
#14 17.06       |       ~~~~~~~~~~~~~~~~~~~~^~
#14 17.06 In file included from /build/generated/hotmethod.pb.cc:4:
#14 17.06 /build/generated/hotmethod.pb.h:3329:13: note: declared here
#14 17.06  3329 | inline bool TaskDesc::has_cos_config() const {
#14 17.06       |             ^~~~~~~~
#14 17.06 /build/generated/hotmethod.pb.cc: In member function 'virtual size_t mini_drop::TaskDesc::ByteSizeLong() const':
#14 17.06 /build/generated/hotmethod.pb.cc:1451:28: warning: 'bool mini_drop::TaskDesc::has_sample_argv() const' is deprecated [-Wdeprecated-declarations]
#14 17.06  1451 |   if (this->has_sample_argv()) {
#14 17.06       |       ~~~~~~~~~~~~~~~~~~~~~^~
#14 17.06 In file included from /build/generated/hotmethod.pb.cc:4:
#14 17.06 /build/generated/hotmethod.pb.h:3127:13: note: declared here
#14 17.06  3127 | inline bool TaskDesc::has_sample_argv() const {
#14 17.06       |             ^~~~~~~~
#14 17.06 /build/generated/hotmethod.pb.cc:1458:27: warning: 'bool mini_drop::TaskDesc::has_cos_config() const' is deprecated [-Wdeprecated-declarations]
#14 17.06  1458 |   if (this->has_cos_config()) {
#14 17.06       |       ~~~~~~~~~~~~~~~~~~~~^~
#14 17.06 In file included from /build/generated/hotmethod.pb.cc:4:
#14 17.06 /build/generated/hotmethod.pb.h:3329:13: note: declared here
#14 17.06  3329 | inline bool TaskDesc::has_cos_config() const {
#14 17.06       |             ^~~~~~~~
#14 17.06 /build/generated/hotmethod.pb.cc: In member function 'void mini_drop::TaskDesc::MergeFrom(const mini_drop::TaskDesc&)':
#14 17.06 /build/generated/hotmethod.pb.cc:1609:27: warning: 'bool mini_drop::TaskDesc::has_sample_argv() const' is deprecated [-Wdeprecated-declarations]
#14 17.06  1609 |   if (from.has_sample_argv()) {
#14 17.06       |       ~~~~~~~~~~~~~~~~~~~~^~
#14 17.06 In file included from /build/generated/hotmethod.pb.cc:4:
#14 17.06 /build/generated/hotmethod.pb.h:3127:13: note: declared here
#14 17.06  3127 | inline bool TaskDesc::has_sample_argv() const {
#14 17.06       |             ^~~~~~~~
#14 17.06 /build/generated/hotmethod.pb.cc:1612:26: warning: 'bool mini_drop::TaskDesc::has_cos_config() const' is deprecated [-Wdeprecated-declarations]
#14 17.06  1612 |   if (from.has_cos_config()) {
#14 17.06       |       ~~~~~~~~~~~~~~~~~~~^~
#14 17.06 In file included from /build/generated/hotmethod.pb.cc:4:
#14 17.06 /build/generated/hotmethod.pb.h:3329:13: note: declared here
#14 17.06  3329 | inline bool TaskDesc::has_cos_config() const {
#14 17.06       |             ^~~~~~~~
#14 18.99 [ 58%] Building CXX object CMakeFiles/mini-drop-native-control.dir/generated/hotmethod.grpc.pb.cc.o
#14 19.73 In file included from /build/generated/hotmethod.grpc.pb.cc:5:
#14 19.73 /build/generated/hotmethod.pb.h: In member function 'mini_drop::RecordArgv* mini_drop::TaskDesc::release_sample_argv()':
#14 19.73 /build/generated/hotmethod.pb.h:3159:47: warning: 'mini_drop::RecordArgv* mini_drop::TaskDesc::unsafe_arena_release_sample_argv()' is deprecated [-Wdeprecated-declarations]
#14 19.73  3159 |   auto temp = unsafe_arena_release_sample_argv();
#14 19.73       |               ~~~~~~~~~~~~~~~~~~~~~~~~~~~~~~~~^~
#14 19.73 /build/generated/hotmethod.pb.h:449:48: note: declared here
#14 19.73   449 |   PROTOBUF_DEPRECATED ::mini_drop::RecordArgv* unsafe_arena_release_sample_argv();
#14 19.73       |                                                ^~~~~~~~~~~~~~~~~~~~~~~~~~~~~~~~
#14 19.73 /build/generated/hotmethod.pb.h: In member function 'mini_drop::CosConfig* mini_drop::TaskDesc::release_cos_config()':
#14 19.73 /build/generated/hotmethod.pb.h:3355:46: warning: 'mini_drop::CosConfig* mini_drop::TaskDesc::unsafe_arena_release_cos_config()' is deprecated [-Wdeprecated-declarations]
#14 19.73  3355 |   auto temp = unsafe_arena_release_cos_config();
#14 19.73       |               ~~~~~~~~~~~~~~~~~~~~~~~~~~~~~~~^~
#14 19.73 /build/generated/hotmethod.pb.h:467:47: note: declared here
#14 19.73   467 |   PROTOBUF_DEPRECATED ::mini_drop::CosConfig* unsafe_arena_release_cos_config();
#14 19.73       |                                               ^~~~~~~~~~~~~~~~~~~~~~~~~~~~~~~
#14 21.88 [ 64%] Building CXX object CMakeFiles/mini-drop-native-control.dir/generated/healthcheck.pb.cc.o
#14 22.59 In file included from /build/generated/healthcheck.pb.h:37,
#14 22.59                  from /build/generated/healthcheck.pb.cc:4:
#14 22.59 /build/generated/hotmethod.pb.h: In member function 'mini_drop::RecordArgv* mini_drop::TaskDesc::release_sample_argv()':
#14 22.59 /build/generated/hotmethod.pb.h:3159:47: warning: 'mini_drop::RecordArgv* mini_drop::TaskDesc::unsafe_arena_release_sample_argv()' is deprecated [-Wdeprecated-declarations]
#14 22.59  3159 |   auto temp = unsafe_arena_release_sample_argv();
#14 22.59       |               ~~~~~~~~~~~~~~~~~~~~~~~~~~~~~~~~^~
#14 22.59 /build/generated/hotmethod.pb.h:449:48: note: declared here
#14 22.59   449 |   PROTOBUF_DEPRECATED ::mini_drop::RecordArgv* unsafe_arena_release_sample_argv();
#14 22.59       |                                                ^~~~~~~~~~~~~~~~~~~~~~~~~~~~~~~~
#14 22.59 /build/generated/hotmethod.pb.h: In member function 'mini_drop::CosConfig* mini_drop::TaskDesc::release_cos_config()':
#14 22.59 /build/generated/hotmethod.pb.h:3355:46: warning: 'mini_drop::CosConfig* mini_drop::TaskDesc::unsafe_arena_release_cos_config()' is deprecated [-Wdeprecated-declarations]
#14 22.59  3355 |   auto temp = unsafe_arena_release_cos_config();
#14 22.59       |               ~~~~~~~~~~~~~~~~~~~~~~~~~~~~~~~^~
#14 22.59 /build/generated/hotmethod.pb.h:467:47: note: declared here
#14 22.59   467 |   PROTOBUF_DEPRECATED ::mini_drop::CosConfig* unsafe_arena_release_cos_config();
#14 22.59       |                                               ^~~~~~~~~~~~~~~~~~~~~~~~~~~~~~~
#14 23.59 [ 70%] Building CXX object CMakeFiles/mini-drop-native-control.dir/generated/healthcheck.grpc.pb.cc.o
#14 24.35 In file included from /build/generated/healthcheck.pb.h:37,
#14 24.35                  from /build/generated/healthcheck.grpc.pb.cc:5:
#14 24.35 /build/generated/hotmethod.pb.h: In member function 'mini_drop::RecordArgv* mini_drop::TaskDesc::release_sample_argv()':
#14 24.35 /build/generated/hotmethod.pb.h:3159:47: warning: 'mini_drop::RecordArgv* mini_drop::TaskDesc::unsafe_arena_release_sample_argv()' is deprecated [-Wdeprecated-declarations]
#14 24.35  3159 |   auto temp = unsafe_arena_release_sample_argv();
#14 24.35       |               ~~~~~~~~~~~~~~~~~~~~~~~~~~~~~~~~^~
#14 24.35 /build/generated/hotmethod.pb.h:449:48: note: declared here
#14 24.35   449 |   PROTOBUF_DEPRECATED ::mini_drop::RecordArgv* unsafe_arena_release_sample_argv();
#14 24.35       |                                                ^~~~~~~~~~~~~~~~~~~~~~~~~~~~~~~~
#14 24.35 /build/generated/hotmethod.pb.h: In member function 'mini_drop::CosConfig* mini_drop::TaskDesc::release_cos_config()':
#14 24.35 /build/generated/hotmethod.pb.h:3355:46: warning: 'mini_drop::CosConfig* mini_drop::TaskDesc::unsafe_arena_release_cos_config()' is deprecated [-Wdeprecated-declarations]
#14 24.35  3355 |   auto temp = unsafe_arena_release_cos_config();
#14 24.35       |               ~~~~~~~~~~~~~~~~~~~~~~~~~~~~~~~^~
#14 24.35 /build/generated/hotmethod.pb.h:467:47: note: declared here
#14 24.35   467 |   PROTOBUF_DEPRECATED ::mini_drop::CosConfig* unsafe_arena_release_cos_config();
#14 24.35       |                                               ^~~~~~~~~~~~~~~~~~~~~~~~~~~~~~~
#14 26.55 [ 76%] Building CXX object CMakeFiles/mini-drop-native-control.dir/generated/init.pb.cc.o
#14 27.81 [ 82%] Building CXX object CMakeFiles/mini-drop-native-control.dir/generated/init.grpc.pb.cc.o
#14 31.17 [ 88%] Building CXX object CMakeFiles/mini-drop-native-control.dir/generated/control.pb.cc.o
#14 31.89 In file included from /build/generated/control.pb.h:36,
#14 31.89                  from /build/generated/control.pb.cc:4:
#14 31.89 /build/generated/hotmethod.pb.h: In member function 'mini_drop::RecordArgv* mini_drop::TaskDesc::release_sample_argv()':
#14 31.89 /build/generated/hotmethod.pb.h:3159:47: warning: 'mini_drop::RecordArgv* mini_drop::TaskDesc::unsafe_arena_release_sample_argv()' is deprecated [-Wdeprecated-declarations]
#14 31.89  3159 |   auto temp = unsafe_arena_release_sample_argv();
#14 31.89       |               ~~~~~~~~~~~~~~~~~~~~~~~~~~~~~~~~^~
#14 31.89 /build/generated/hotmethod.pb.h:449:48: note: declared here
#14 31.89   449 |   PROTOBUF_DEPRECATED ::mini_drop::RecordArgv* unsafe_arena_release_sample_argv();
#14 31.89       |                                                ^~~~~~~~~~~~~~~~~~~~~~~~~~~~~~~~
#14 31.89 /build/generated/hotmethod.pb.h: In member function 'mini_drop::CosConfig* mini_drop::TaskDesc::release_cos_config()':
#14 31.89 /build/generated/hotmethod.pb.h:3355:46: warning: 'mini_drop::CosConfig* mini_drop::TaskDesc::unsafe_arena_release_cos_config()' is deprecated [-Wdeprecated-declarations]
#14 31.89  3355 |   auto temp = unsafe_arena_release_cos_config();
#14 31.89       |               ~~~~~~~~~~~~~~~~~~~~~~~~~~~~~~~^~
#14 31.89 /build/generated/hotmethod.pb.h:467:47: note: declared here
#14 31.89   467 |   PROTOBUF_DEPRECATED ::mini_drop::CosConfig* unsafe_arena_release_cos_config();
#14 31.89       |                                               ^~~~~~~~~~~~~~~~~~~~~~~~~~~~~~~
#14 32.55 [ 94%] Building CXX object CMakeFiles/mini-drop-native-control.dir/generated/control.grpc.pb.cc.o
#14 33.30 In file included from /build/generated/control.pb.h:36,
#14 33.30                  from /build/generated/control.grpc.pb.cc:5:
#14 33.30 /build/generated/hotmethod.pb.h: In member function 'mini_drop::RecordArgv* mini_drop::TaskDesc::release_sample_argv()':
#14 33.30 /build/generated/hotmethod.pb.h:3159:47: warning: 'mini_drop::RecordArgv* mini_drop::TaskDesc::unsafe_arena_release_sample_argv()' is deprecated [-Wdeprecated-declarations]
#14 33.30  3159 |   auto temp = unsafe_arena_release_sample_argv();
#14 33.30       |               ~~~~~~~~~~~~~~~~~~~~~~~~~~~~~~~~^~
#14 33.30 /build/generated/hotmethod.pb.h:449:48: note: declared here
#14 33.30   449 |   PROTOBUF_DEPRECATED ::mini_drop::RecordArgv* unsafe_arena_release_sample_argv();
#14 33.30       |                                                ^~~~~~~~~~~~~~~~~~~~~~~~~~~~~~~~
#14 33.30 /build/generated/hotmethod.pb.h: In member function 'mini_drop::CosConfig* mini_drop::TaskDesc::release_cos_config()':
#14 33.30 /build/generated/hotmethod.pb.h:3355:46: warning: 'mini_drop::CosConfig* mini_drop::TaskDesc::unsafe_arena_release_cos_config()' is deprecated [-Wdeprecated-declarations]
#14 33.30  3355 |   auto temp = unsafe_arena_release_cos_config();
#14 33.30       |               ~~~~~~~~~~~~~~~~~~~~~~~~~~~~~~~^~
#14 33.30 /build/generated/hotmethod.pb.h:467:47: note: declared here
#14 33.30   467 |   PROTOBUF_DEPRECATED ::mini_drop::CosConfig* unsafe_arena_release_cos_config();
#14 33.30       |                                               ^~~~~~~~~~~~~~~~~~~~~~~~~~~~~~~
#14 35.95 [100%] Linking CXX executable mini-drop-native-control
#14 36.16 [100%] Built target mini-drop-native-control
#14 DONE 36.2s

#15 [stage-1 3/3] COPY --from=builder /build/mini-drop-native-control /usr/local/bin/
#15 DONE 0.0s

#16 exporting to image
#16 exporting layers
#16 exporting layers 0.3s done
#16 writing image sha256:110a1d50d3403e90d50f1b8b68e92d1dfcd43eec37d29b1611e4905f3d38ce21 done
#16 naming to docker.io/mini-drop-clean-014a1b13822fc869/control-plane:exact-git done
#16 DONE 0.3s

#17 resolving provenance for metadata file
#17 DONE 0.0s

 control-plane  Built
