#1 [internal] load local bake definitions
#1 reading from stdin 759B done
#1 DONE 0.0s

#2 [internal] load build definition from Dockerfile
#2 transferring dockerfile: 140B done
#2 DONE 0.0s

#3 [internal] load metadata for docker.io/library/python:3.12-slim
#3 DONE 0.6s

#4 [internal] load .dockerignore
#4 transferring context: 2B done
#4 DONE 0.0s

#5 [internal] load build context
#5 transferring context: 33.94kB done
#5 DONE 0.0s

#6 [1/3] FROM docker.io/library/python:3.12-slim@sha256:dddfd7e07f9d15aeeca61529320492139d21cac7f0070c00609243e51e4e0016
#6 resolve docker.io/library/python:3.12-slim@sha256:dddfd7e07f9d15aeeca61529320492139d21cac7f0070c00609243e51e4e0016 done
#6 sha256:414a398990af718f018ff9c23cea0e7489b7986eb54f2b1d7cc874c99ebc7364 5.66kB / 5.66kB done
#6 sha256:a510a9ea6d60786b7cefdbf9577945344c72879881de8d32ef07ec38111fb045 0B / 4.27MB 0.1s
#6 sha256:a510a9ea6d60786b7cefdbf9577945344c72879881de8d32ef07ec38111fb045 4.27MB / 4.27MB 0.2s done
#6 sha256:e360d85fdc0f3910a4fe48ba2bb0865d5e618392ea8abfa424e66575e45273c0 0B / 12.12MB 0.2s
#6 sha256:5e62c0470a0973ad9561440c8a37984c3252eda1dd19e00ca7e76a37b62b5dc7 249B / 249B 0.1s done
#6 sha256:dddfd7e07f9d15aeeca61529320492139d21cac7f0070c00609243e51e4e0016 10.37kB / 10.37kB done
#6 sha256:6b1f85a08c199d29d5b6d71ab9c27bd5b3b393492e01216a15758ff69c4be8b8 1.75kB / 1.75kB done
#6 extracting sha256:a510a9ea6d60786b7cefdbf9577945344c72879881de8d32ef07ec38111fb045 0.1s
#6 sha256:e360d85fdc0f3910a4fe48ba2bb0865d5e618392ea8abfa424e66575e45273c0 12.12MB / 12.12MB 0.3s done
#6 extracting sha256:a510a9ea6d60786b7cefdbf9577945344c72879881de8d32ef07ec38111fb045 0.2s done
#6 extracting sha256:e360d85fdc0f3910a4fe48ba2bb0865d5e618392ea8abfa424e66575e45273c0 0.1s
#6 extracting sha256:e360d85fdc0f3910a4fe48ba2bb0865d5e618392ea8abfa424e66575e45273c0 0.5s done
#6 extracting sha256:5e62c0470a0973ad9561440c8a37984c3252eda1dd19e00ca7e76a37b62b5dc7 done
#6 DONE 1.0s

#7 [2/3] WORKDIR /app
#7 DONE 0.0s

#8 [3/3] COPY app.py /app/app.py
#8 DONE 0.0s

#9 exporting to image
#9 exporting layers
#9 exporting layers 0.2s done
#9 writing image sha256:f5a4b5e802263d31a62f2644906906f3239d548005f080deeeb727fb80c94f5b done
#9 naming to docker.io/mini-drop-clean-014a1b13822fc869/python-hotspot:exact-git done
#9 DONE 0.2s

#10 resolving provenance for metadata file
#10 DONE 0.0s

 python-hotspot  Built
