The files belonging to this database system will be owned by user "postgres".
This user must also own the server process.

The database cluster will be initialized with locale "en_US.utf8".
The default database encoding has accordingly been set to "UTF8".
The default text search configuration will be set to "english".

Data page checksums are disabled.

fixing permissions on existing directory /var/lib/postgresql/data ... ok
creating subdirectories ... ok
selecting dynamic shared memory implementation ... posix
selecting default max_connections ... 100
selecting default shared_buffers ... 128MB
selecting default time zone ... Etc/UTC
creating configuration files ... ok
running bootstrap script ... ok
performing post-bootstrap initialization ... ok
syncing data to disk ... ok
initdb: warning: enabling "trust" authentication for local connections
initdb: hint: You can change this by editing pg_hba.conf or using the option -A, or --auth-local and --auth-host, the next time you run initdb.


Success. You can now start the database server using:

    pg_ctl -D /var/lib/postgresql/data -l logfile start

waiting for server to start....2026-10-01 17:10:13.886 UTC [48] LOG:  starting PostgreSQL 16.15 (Debian 16.15-1.pgdg13+2) on x86_64-pc-linux-gnu, compiled by gcc (Debian 14.2.0-19) 14.2.0, 64-bit
2026-10-01 17:10:13.886 UTC [48] LOG:  listening on Unix socket "/var/run/postgresql/.s.PGSQL.5432"
2026-10-01 17:10:13.889 UTC [51] LOG:  database system was shut down at 2026-10-01 17:10:13 UTC
2026-10-01 17:10:13.893 UTC [48] LOG:  database system is ready to accept connections
 done
server started
CREATE DATABASE


/usr/local/bin/docker-entrypoint.sh: ignoring /docker-entrypoint-initdb.d/*

waiting for server to shut down...2026-10-01 17:10:14.078 UTC [48] LOG:  received fast shutdown request
.2026-10-01 17:10:14.078 UTC [48] LOG:  aborting any active transactions
2026-10-01 17:10:14.081 UTC [48] LOG:  background worker "logical replication launcher" (PID 54) exited with exit code 1
2026-10-01 17:10:14.081 UTC [49] LOG:  shutting down
2026-10-01 17:10:14.081 UTC [49] LOG:  checkpoint starting: shutdown immediate
2026-10-01 17:10:14.098 UTC [49] LOG:  checkpoint complete: wrote 926 buffers (5.7%); 0 WAL file(s) added, 0 removed, 0 recycled; write=0.015 s, sync=0.002 s, total=0.018 s; sync files=301, longest=0.001 s, average=0.001 s; distance=4273 kB, estimate=4273 kB; lsn=0/191F0F8, redo lsn=0/191F0F8
2026-10-01 17:10:14.106 UTC [48] LOG:  database system is shut down
 done
server stopped

PostgreSQL init process complete; ready for start up.

2026-10-01 17:10:14.203 UTC [1] LOG:  starting PostgreSQL 16.15 (Debian 16.15-1.pgdg13+2) on x86_64-pc-linux-gnu, compiled by gcc (Debian 14.2.0-19) 14.2.0, 64-bit
2026-10-01 17:10:14.204 UTC [1] LOG:  listening on IPv4 address "0.0.0.0", port 5432
2026-10-01 17:10:14.204 UTC [1] LOG:  listening on IPv6 address "::", port 5432
2026-10-01 17:10:14.204 UTC [1] LOG:  listening on Unix socket "/var/run/postgresql/.s.PGSQL.5432"
2026-10-01 17:10:14.207 UTC [64] LOG:  database system was shut down at 2026-10-01 17:10:14 UTC
2026-10-01 17:10:14.212 UTC [1] LOG:  database system is ready to accept connections
2026-10-01 17:11:10.755 UTC [178] ERROR:  duplicate key value violates unique constraint "uq_drop_insight_report_identity"
2026-10-01 17:11:10.755 UTC [178] DETAIL:  Key (diagnosis_id, hypothesis_id)=(diagnosis-report-postgres-identity-seed, hypothesis-report-postgres-identity-seed) already exists.
2026-10-01 17:11:10.755 UTC [178] STATEMENT:  INSERT INTO drop_insight_reports (id, diagnosis_id, hypothesis_id, conclusion, confidence, evidence_refs_json, counter_evidence_refs_json, assumptions_json, limitations_json, next_actions_json, claims_json, verification_json, effects_status, effects_phase, effects_owner, effects_lease_expires_at, effects_fencing_token, effects_applied_at, created_at) VALUES ($1::VARCHAR, $2::VARCHAR, $3::VARCHAR, $4::VARCHAR, $5::INTEGER, $6::JSON, $7::JSON, $8::JSON, $9::JSON, $10::JSON, $11::JSON, $12::JSON, $13::VARCHAR, $14::VARCHAR, $15::VARCHAR, $16::TIMESTAMP WITH TIME ZONE, $17::INTEGER, $18::TIMESTAMP WITH TIME ZONE, $19::TIMESTAMP WITH TIME ZONE)
2026-10-01 17:11:10.762 UTC [179] ERROR:  duplicate key value violates unique constraint "uq_drop_insight_report_identity"
2026-10-01 17:11:10.762 UTC [179] DETAIL:  Key (diagnosis_id, hypothesis_id)=(diagnosis-report-postgres-identity-seed, hypothesis-report-postgres-identity-seed) already exists.
2026-10-01 17:11:10.762 UTC [179] STATEMENT:  INSERT INTO drop_insight_reports (id, diagnosis_id, hypothesis_id, conclusion, confidence, evidence_refs_json, counter_evidence_refs_json, assumptions_json, limitations_json, next_actions_json, claims_json, verification_json, effects_status, effects_phase, effects_owner, effects_lease_expires_at, effects_fencing_token, effects_applied_at, created_at) VALUES ($1::VARCHAR, $2::VARCHAR, $3::VARCHAR, $4::VARCHAR, $5::INTEGER, $6::JSON, $7::JSON, $8::JSON, $9::JSON, $10::JSON, $11::JSON, $12::JSON, $13::VARCHAR, $14::VARCHAR, $15::VARCHAR, $16::TIMESTAMP WITH TIME ZONE, $17::INTEGER, $18::TIMESTAMP WITH TIME ZONE, $19::TIMESTAMP WITH TIME ZONE)
2026-10-01 17:11:10.766 UTC [178] ERROR:  duplicate key value violates unique constraint "uq_drop_insight_event_effect"
2026-10-01 17:11:10.766 UTC [178] DETAIL:  Key (diagnosis_id, effect_key)=(diagnosis-report-postgres-identity-seed, report:postgres:route:event) already exists.
2026-10-01 17:11:10.766 UTC [178] STATEMENT:  INSERT INTO drop_insight_events (id, diagnosis_id, sequence, event_type, actor, payload_json, effect_key, occurred_at) VALUES ($1::VARCHAR, $2::VARCHAR, $3::INTEGER, $4::VARCHAR, $5::VARCHAR, $6::JSON, $7::VARCHAR, $8::TIMESTAMP WITH TIME ZONE)
2026-10-01 17:11:13.077 UTC [194] LOG:  unexpected EOF on client connection with an open transaction
2026-10-01 17:11:22.292 UTC [223] ERROR:  duplicate key value violates unique constraint "tasks_creator_id_idempotency_key_key"
2026-10-01 17:11:22.292 UTC [223] DETAIL:  Key (creator_id, idempotency_key)=(test, same-request-key) already exists.
2026-10-01 17:11:22.292 UTC [223] STATEMENT:  
			INSERT INTO tasks (
				id, name, agent_id, target_pid, collector_type, sample_rate, duration_sec,
				status, status_reason, collection_status, analysis_status, request_params,
				creator_id, idempotency_key, process_snapshot_id, process_binding_json, created_at
			) VALUES ($1,$2,$3,$4,$5,$6,$7,'PENDING',$8,$9,$10,$11::jsonb,$12,$13,$14,$15::json,$16)
