============================= test session starts ==============================
platform linux -- Python 3.11.16, pytest-9.1.1, pluggy-1.6.0 -- /opt/hostedtoolcache/Python/3.11.16/x64/bin/python
cachedir: .pytest-cache
hypothesis profile 'ci' -> database=None, deadline=None, print_blob=True, derandomize=True, suppress_health_check=(HealthCheck.too_slow,)
rootdir: /home/runner/work/mini-drop/mini-drop
configfile: pyproject.toml
plugins: langsmith-0.14.2, hypothesis-6.168.3, cov-7.1.0, anyio-4.15.1
collecting ... collected 14 items

tests/test_drop_insight_report_effects_postgres.py::test_postgres_competing_cancellations_fence_late_planner PASSED [  7%]
tests/test_drop_insight_report_effects_postgres.py::test_postgres_cancellation_fences_late_analyzer_commit PASSED [ 14%]
tests/test_drop_insight_report_effects_postgres.py::test_postgres_skill_activation_serializes_competing_planners PASSED [ 21%]
tests/test_drop_insight_report_effects_postgres.py::test_postgres_claim_lease_takeover_and_fencing PASSED [ 28%]
tests/test_drop_insight_report_effects_postgres.py::test_postgres_session_lock_serializes_event_effect_identity PASSED [ 35%]
tests/test_drop_insight_report_effects_postgres.py::test_postgres_report_and_event_constraints_reject_concurrent_duplicates PASSED [ 42%]
tests/test_outbox_postgres.py::test_outbox_finalize_locks_out_expired_lease_takeover[published] PASSED [ 50%]
tests/test_outbox_postgres.py::test_outbox_finalize_locks_out_expired_lease_takeover[failed] PASSED [ 57%]
tests/test_health_check_postgres.py::test_concurrent_completion_waits_for_parent_lock_and_commits_once PASSED [ 64%]
tests/test_health_check_postgres.py::test_exception_rolls_back_event_terminal_status_and_call_phase PASSED [ 71%]
tests/test_health_check_postgres.py::test_process_death_and_fresh_process_retry_preserve_atomic_completion[before] PASSED [ 78%]
tests/test_health_check_postgres.py::test_process_death_and_fresh_process_retry_preserve_atomic_completion[after] PASSED [ 85%]
tests/test_health_check_postgres.py::test_cancellation_wins_against_a_waiting_completion PASSED [ 92%]
tests/test_health_check_postgres.py::test_running_sample_cannot_finish_and_import_requires_durable_phase PASSED [100%]

- generated xml file: /home/runner/work/mini-drop/mini-drop/output/postgres-ci/python.junit.xml -
============================== 14 passed in 9.15s ==============================
