2026-10-01T08:53:21.5506604Z Current runner version: '2.337.0'
2026-10-01T08:53:21.5533767Z ##[group]Runner Image Provisioner
2026-10-01T08:53:21.5534766Z Hosted Compute Agent
2026-10-01T08:53:21.5535404Z Version: 20260828.587
2026-10-01T08:53:21.5536440Z Commit: abac92662cab4cc7352de4f9f9d2e2419aad9c29
2026-10-01T08:53:21.5537235Z Build Date: 2026-08-28T16:44:25Z
2026-10-01T08:53:21.5538046Z Worker ID: {edab1ce2-28df-4b0c-a0a2-7d7a59621c91}
2026-10-01T08:53:21.5538832Z Azure Region: centralus
2026-10-01T08:53:21.5539479Z ##[endgroup]
2026-10-01T08:53:21.5540984Z ##[group]Operating System
2026-10-01T08:53:21.5541664Z Ubuntu
2026-10-01T08:53:21.5542369Z 22.04.5
2026-10-01T08:53:21.5542956Z LTS
2026-10-01T08:53:21.5543557Z ##[endgroup]
2026-10-01T08:53:21.5544217Z ##[group]Runner Image
2026-10-01T08:53:21.5544898Z Image: ubuntu-22.04
2026-10-01T08:53:21.5545493Z Version: 20260920.303.1
2026-10-01T08:53:21.5547273Z Included Software: https://github.com/actions/runner-images/blob/ubuntu22/20260920.303/images/ubuntu/Ubuntu2204-Readme.md
2026-10-01T08:53:21.5549008Z Image Release: https://github.com/actions/runner-images/releases/tag/ubuntu22%2F20260920.303
2026-10-01T08:53:21.5550039Z ##[endgroup]
2026-10-01T08:53:21.5551406Z ##[group]GITHUB_TOKEN Permissions
2026-10-01T08:53:21.5553747Z Contents: read
2026-10-01T08:53:21.5554450Z Metadata: read
2026-10-01T08:53:21.5555080Z Packages: read
2026-10-01T08:53:21.5555704Z ##[endgroup]
2026-10-01T08:53:21.5558317Z Secret source: Actions
2026-10-01T08:53:21.5559321Z Cache mode: write
2026-10-01T08:53:21.5560402Z Prepare workflow directory
2026-10-01T08:53:21.5905011Z Prepare all required actions
2026-10-01T08:53:21.5959640Z Getting action download info
2026-10-01T08:53:21.9030191Z Download action repository 'actions/checkout@v4' (SHA:11d5960a326750d5838078e36cf38b85af677262)
2026-10-01T08:53:22.0115716Z Download action repository 'actions/setup-python@v5' (SHA:a26af69be951a213d495a4c3e4e4022e16d87065)
2026-10-01T08:53:22.1415051Z Download action repository 'actions/setup-go@v5' (SHA:40f1582b2485089dde7abd97c1529aa768e1baff)
2026-10-01T08:53:22.5965167Z Download action repository 'actions/upload-artifact@v4' (SHA:ea165f8d65b6e75b540449e92b4886f43607fa02)
2026-10-01T08:53:22.8685463Z Complete job name: Python and Go independent CPU controls
2026-10-01T08:53:22.9511790Z ##[group]Run actions/checkout@v4
2026-10-01T08:53:22.9512643Z with:
2026-10-01T08:53:22.9513106Z   repository: llongwang751-arch/mini-drop
2026-10-01T08:53:22.9517267Z   token: ***
2026-10-01T08:53:22.9517707Z   ssh-strict: true
2026-10-01T08:53:22.9518148Z   ssh-user: git
2026-10-01T08:53:22.9518590Z   persist-credentials: true
2026-10-01T08:53:22.9519065Z   clean: true
2026-10-01T08:53:22.9519507Z   sparse-checkout-cone-mode: true
2026-10-01T08:53:22.9520015Z   fetch-depth: 1
2026-10-01T08:53:22.9520458Z   fetch-tags: false
2026-10-01T08:53:22.9520899Z   show-progress: true
2026-10-01T08:53:22.9521351Z   lfs: false
2026-10-01T08:53:22.9521772Z   submodules: false
2026-10-01T08:53:22.9522213Z   set-safe-directory: true
2026-10-01T08:53:22.9522748Z   allow-unsafe-pr-checkout: false
2026-10-01T08:53:22.9523513Z ##[endgroup]
2026-10-01T08:53:23.0651765Z Syncing repository: llongwang751-arch/mini-drop
2026-10-01T08:53:23.0654174Z ##[group]Getting Git version info
2026-10-01T08:53:23.0655174Z Working directory is '/home/runner/work/mini-drop/mini-drop'
2026-10-01T08:53:23.0656664Z [command]/usr/bin/git version
2026-10-01T08:53:23.0730311Z git version 2.55.0
2026-10-01T08:53:23.0759908Z ##[endgroup]
2026-10-01T08:53:23.0769239Z Temporarily overriding HOME='/home/runner/work/_temp/6a925fc0-4fa9-4cec-aacd-59a7caba54c6' before making global git config changes
2026-10-01T08:53:23.0771959Z Adding repository directory to the temporary git global config as a safe directory
2026-10-01T08:53:23.0774325Z [command]/usr/bin/git config --global --add safe.directory /home/runner/work/mini-drop/mini-drop
2026-10-01T08:53:23.0817265Z Deleting the contents of '/home/runner/work/mini-drop/mini-drop'
2026-10-01T08:53:23.0828839Z ##[group]Initializing the repository
2026-10-01T08:53:23.0830474Z [command]/usr/bin/git init /home/runner/work/mini-drop/mini-drop
2026-10-01T08:53:23.0927642Z hint: Using 'master' as the name for the initial branch. This default branch name
2026-10-01T08:53:23.0928948Z hint: will change to "main" in Git 3.0. To configure the initial branch name
2026-10-01T08:53:23.0930040Z hint: to use in all of your new repositories, which will suppress this warning,
2026-10-01T08:53:23.0931118Z hint: call:
2026-10-01T08:53:23.0931767Z hint:
2026-10-01T08:53:23.0932342Z hint: 	git config --global init.defaultBranch <name>
2026-10-01T08:53:23.0933308Z hint:
2026-10-01T08:53:23.0934203Z hint: Names commonly chosen instead of 'master' are 'main', 'trunk' and
2026-10-01T08:53:23.0935661Z hint: 'development'. The just-created branch can be renamed via this command:
2026-10-01T08:53:23.0936983Z hint:
2026-10-01T08:53:23.0937622Z hint: 	git branch -m <name>
2026-10-01T08:53:23.0938260Z hint:
2026-10-01T08:53:23.0938877Z hint: Disable this message with "git config set advice.defaultBranchName false"
2026-10-01T08:53:23.0940024Z Initialized empty Git repository in /home/runner/work/mini-drop/mini-drop/.git/
2026-10-01T08:53:23.0942212Z [command]/usr/bin/git remote add origin https://github.com/llongwang751-arch/mini-drop
2026-10-01T08:53:23.0979120Z ##[endgroup]
2026-10-01T08:53:23.0979909Z ##[group]Disabling automatic garbage collection
2026-10-01T08:53:23.0983901Z [command]/usr/bin/git config --local gc.auto 0
2026-10-01T08:53:23.1022291Z ##[endgroup]
2026-10-01T08:53:23.1023259Z ##[group]Setting up auth
2026-10-01T08:53:23.1030183Z [command]/usr/bin/git config --local --name-only --get-regexp core\.sshCommand
2026-10-01T08:53:23.1073394Z [command]/usr/bin/git submodule foreach --recursive sh -c "git config --local --name-only --get-regexp 'core\.sshCommand' && git config --local --unset-all 'core.sshCommand' || :"
2026-10-01T08:53:23.1460752Z [command]/usr/bin/git config --local --name-only --get-regexp http\.https\:\/\/github\.com\/\.extraheader
2026-10-01T08:53:23.1518446Z [command]/usr/bin/git submodule foreach --recursive sh -c "git config --local --name-only --get-regexp 'http\.https\:\/\/github\.com\/\.extraheader' && git config --local --unset-all 'http.https://github.com/.extraheader' || :"
2026-10-01T08:53:23.1822724Z [command]/usr/bin/git config --local --name-only --get-regexp ^includeIf\.gitdir:
2026-10-01T08:53:23.1863887Z [command]/usr/bin/git submodule foreach --recursive git config --local --show-origin --name-only --get-regexp remote.origin.url
2026-10-01T08:53:23.2144646Z [command]/usr/bin/git config --local http.https://github.com/.extraheader AUTHORIZATION: basic ***
2026-10-01T08:53:23.2191733Z ##[endgroup]
2026-10-01T08:53:23.2192628Z ##[group]Fetching the repository
2026-10-01T08:53:23.2201401Z [command]/usr/bin/git -c protocol.version=2 fetch --no-tags --prune --no-recurse-submodules --depth=1 origin +fc4484c33cc1862651fefdf8ab846d2d79f99022:refs/remotes/pull/1/merge
2026-10-01T08:53:25.3853368Z From https://github.com/llongwang751-arch/mini-drop
2026-10-01T08:53:25.3855275Z  * [new ref]         fc4484c33cc1862651fefdf8ab846d2d79f99022 -> pull/1/merge
2026-10-01T08:53:25.3857877Z ##[endgroup]
2026-10-01T08:53:25.3858595Z ##[group]Determining the checkout info
2026-10-01T08:53:25.3860857Z ##[endgroup]
2026-10-01T08:53:25.3868279Z [command]/usr/bin/git sparse-checkout disable
2026-10-01T08:53:25.3924046Z [command]/usr/bin/git config --local --unset-all extensions.worktreeConfig
2026-10-01T08:53:25.3971155Z ##[group]Checking out the ref
2026-10-01T08:53:25.3974894Z [command]/usr/bin/git checkout --progress --force refs/remotes/pull/1/merge
2026-10-01T08:53:26.0444655Z Note: switching to 'refs/remotes/pull/1/merge'.
2026-10-01T08:53:26.0445352Z 
2026-10-01T08:53:26.0445767Z You are in 'detached HEAD' state. You can look around, make experimental
2026-10-01T08:53:26.0446816Z changes and commit them, and you can discard any commits you make in this
2026-10-01T08:53:26.0447684Z state without impacting any branches by switching back to a branch.
2026-10-01T08:53:26.0448681Z 
2026-10-01T08:53:26.0449060Z If you want to create a new branch to retain commits you create, you may
2026-10-01T08:53:26.0449866Z do so (now or later) by using -c with the switch command. Example:
2026-10-01T08:53:26.0450326Z 
2026-10-01T08:53:26.0450559Z   git switch -c <new-branch-name>
2026-10-01T08:53:26.0450873Z 
2026-10-01T08:53:26.0451093Z Or undo this operation with:
2026-10-01T08:53:26.0451396Z 
2026-10-01T08:53:26.0451578Z   git switch -
2026-10-01T08:53:26.0451834Z 
2026-10-01T08:53:26.0452225Z Turn off this advice by setting config variable advice.detachedHead to false
2026-10-01T08:53:26.0452825Z 
2026-10-01T08:53:26.0453421Z HEAD is now at fc4484c Merge 3c3c87881124526605272818d8ff384bc0151fc3 into 609ea8a73f845b496b59b5cae181f515c5919850
2026-10-01T08:53:26.0510260Z ##[endgroup]
2026-10-01T08:53:26.0560170Z [command]/usr/bin/git log -1 --format=%H
2026-10-01T08:53:26.0593449Z fc4484c33cc1862651fefdf8ab846d2d79f99022
2026-10-01T08:53:26.0878585Z ##[group]Run actions/setup-python@v5
2026-10-01T08:53:26.0878929Z with:
2026-10-01T08:53:26.0879183Z   python-version: 3.11
2026-10-01T08:53:26.0879449Z   check-latest: false
2026-10-01T08:53:26.0881840Z   token: ***
2026-10-01T08:53:26.0882096Z   update-environment: true
2026-10-01T08:53:26.0882379Z   allow-prereleases: false
2026-10-01T08:53:26.0882666Z   freethreaded: false
2026-10-01T08:53:26.0882913Z ##[endgroup]
2026-10-01T08:53:26.2311446Z ##[group]Installed versions
2026-10-01T08:53:26.2396636Z (node:1970) [DEP0040] DeprecationWarning: The `punycode` module is deprecated. Please use a userland alternative instead.
2026-10-01T08:53:26.2397388Z (Use `node --trace-deprecation ...` to show where the warning was created)
2026-10-01T08:53:26.2398117Z Successfully set up CPython (3.11.16)
2026-10-01T08:53:26.2398854Z ##[endgroup]
2026-10-01T08:53:26.2640783Z ##[group]Run actions/setup-go@v5
2026-10-01T08:53:26.2641228Z with:
2026-10-01T08:53:26.2641578Z   go-version-file: demo/go-hotspot/go.mod
2026-10-01T08:53:26.2642045Z   check-latest: false
2026-10-01T08:53:26.2646696Z   token: ***
2026-10-01T08:53:26.2647020Z   cache: true
2026-10-01T08:53:26.2647328Z env:
2026-10-01T08:53:26.2647752Z   pythonLocation: /opt/hostedtoolcache/Python/3.11.16/x64
2026-10-01T08:53:26.2648504Z   PKG_CONFIG_PATH: /opt/hostedtoolcache/Python/3.11.16/x64/lib/pkgconfig
2026-10-01T08:53:26.2649228Z   Python_ROOT_DIR: /opt/hostedtoolcache/Python/3.11.16/x64
2026-10-01T08:53:26.2649863Z   Python2_ROOT_DIR: /opt/hostedtoolcache/Python/3.11.16/x64
2026-10-01T08:53:26.2650496Z   Python3_ROOT_DIR: /opt/hostedtoolcache/Python/3.11.16/x64
2026-10-01T08:53:26.2651132Z   LD_LIBRARY_PATH: /opt/hostedtoolcache/Python/3.11.16/x64/lib
2026-10-01T08:53:26.2651673Z ##[endgroup]
2026-10-01T08:53:26.4170953Z Setup go version spec 1.26.8
2026-10-01T08:53:26.4247575Z Found in cache @ /opt/hostedtoolcache/go/1.26.8/x64
2026-10-01T08:53:26.4249351Z (node:1978) [DEP0040] DeprecationWarning: The `punycode` module is deprecated. Please use a userland alternative instead.
2026-10-01T08:53:26.4250058Z (Use `node --trace-deprecation ...` to show where the warning was created)
2026-10-01T08:53:26.4252978Z Added go to the path
2026-10-01T08:53:26.4257784Z Successfully set up Go version 1.26.8
2026-10-01T08:53:27.0416261Z [command]/opt/hostedtoolcache/go/1.26.8/x64/bin/go env GOMODCACHE
2026-10-01T08:53:27.0454332Z [command]/opt/hostedtoolcache/go/1.26.8/x64/bin/go env GOCACHE
2026-10-01T08:53:27.0522856Z /home/runner/go/pkg/mod
2026-10-01T08:53:27.0534909Z /home/runner/.cache/go-build
2026-10-01T08:53:27.0571667Z ##[warning]Restore cache failed: Dependencies file is not found in /home/runner/work/mini-drop/mini-drop. Supported file pattern: go.sum
2026-10-01T08:53:27.0591591Z go version go1.26.8 linux/amd64
2026-10-01T08:53:27.0591812Z 
2026-10-01T08:53:27.0592243Z ##[group]go env
2026-10-01T08:53:27.1969289Z AR='ar'
2026-10-01T08:53:27.1969661Z CC='gcc'
2026-10-01T08:53:27.1969995Z CGO_CFLAGS='-O2 -g'
2026-10-01T08:53:27.1970378Z CGO_CPPFLAGS=''
2026-10-01T08:53:27.1970750Z CGO_CXXFLAGS='-O2 -g'
2026-10-01T08:53:27.1971426Z CGO_ENABLED='1'
2026-10-01T08:53:27.1971770Z CGO_FFLAGS='-O2 -g'
2026-10-01T08:53:27.1972115Z CGO_LDFLAGS='-O2 -g'
2026-10-01T08:53:27.1972455Z CXX='g++'
2026-10-01T08:53:27.1972766Z GCCGO='gccgo'
2026-10-01T08:53:27.1973136Z GO111MODULE=''
2026-10-01T08:53:27.1973447Z GOAMD64='v1'
2026-10-01T08:53:27.1973718Z GOARCH='amd64'
2026-10-01T08:53:27.1973917Z GOAUTH='netrc'
2026-10-01T08:53:27.1974113Z GOBIN=''
2026-10-01T08:53:27.1974347Z GOCACHE='/home/runner/.cache/go-build'
2026-10-01T08:53:27.1974659Z GOCACHEPROG=''
2026-10-01T08:53:27.1974875Z GODEBUG=''
2026-10-01T08:53:27.1975095Z GOENV='/home/runner/.config/go/env'
2026-10-01T08:53:27.1975357Z GOEXE=''
2026-10-01T08:53:27.1975566Z GOEXPERIMENT=''
2026-10-01T08:53:27.1975779Z GOFIPS140='off'
2026-10-01T08:53:27.1976222Z GOFLAGS=''
2026-10-01T08:53:27.1976937Z GOGCCFLAGS='-fPIC -m64 -pthread -Wl,--no-gc-sections -fmessage-length=0 -ffile-prefix-map=/tmp/go-build3106141921=/tmp/go-build -gno-record-gcc-switches'
2026-10-01T08:53:27.1977594Z GOHOSTARCH='amd64'
2026-10-01T08:53:27.1977824Z GOHOSTOS='linux'
2026-10-01T08:53:27.1978035Z GOINSECURE=''
2026-10-01T08:53:27.1978246Z GOMOD='/dev/null'
2026-10-01T08:53:27.1978490Z GOMODCACHE='/home/runner/go/pkg/mod'
2026-10-01T08:53:27.1978763Z GONOPROXY=''
2026-10-01T08:53:27.1978961Z GONOSUMDB=''
2026-10-01T08:53:27.1979154Z GOOS='linux'
2026-10-01T08:53:27.1979375Z GOPATH='/home/runner/go'
2026-10-01T08:53:27.1979607Z GOPRIVATE=''
2026-10-01T08:53:27.1979893Z GOPROXY='https://proxy.golang.org,direct'
2026-10-01T08:53:27.1980241Z GOROOT='/opt/hostedtoolcache/go/1.26.8/x64'
2026-10-01T08:53:27.1980550Z GOSUMDB='sum.golang.org'
2026-10-01T08:53:27.1980793Z GOTELEMETRY='local'
2026-10-01T08:53:27.1981071Z GOTELEMETRYDIR='/home/runner/.config/go/telemetry'
2026-10-01T08:53:27.1981594Z GOTMPDIR=''
2026-10-01T08:53:27.1981806Z GOTOOLCHAIN='auto'
2026-10-01T08:53:27.1982137Z GOTOOLDIR='/opt/hostedtoolcache/go/1.26.8/x64/pkg/tool/linux_amd64'
2026-10-01T08:53:27.1982504Z GOVCS=''
2026-10-01T08:53:27.1982712Z GOVERSION='go1.26.8'
2026-10-01T08:53:27.1982936Z GOWORK=''
2026-10-01T08:53:27.1983148Z PKG_CONFIG='pkg-config'
2026-10-01T08:53:27.1983296Z 
2026-10-01T08:53:27.1983723Z ##[endgroup]
2026-10-01T08:53:27.2128403Z ##[group]Run python -m pip install "psutil>=7.2,<8"
2026-10-01T08:53:27.2128888Z [36;1mpython -m pip install "psutil>=7.2,<8"[0m
2026-10-01T08:53:27.2616372Z shell: /usr/bin/bash -e {0}
2026-10-01T08:53:27.2616652Z env:
2026-10-01T08:53:27.2616943Z   pythonLocation: /opt/hostedtoolcache/Python/3.11.16/x64
2026-10-01T08:53:27.2617413Z   PKG_CONFIG_PATH: /opt/hostedtoolcache/Python/3.11.16/x64/lib/pkgconfig
2026-10-01T08:53:27.2617866Z   Python_ROOT_DIR: /opt/hostedtoolcache/Python/3.11.16/x64
2026-10-01T08:53:27.2618262Z   Python2_ROOT_DIR: /opt/hostedtoolcache/Python/3.11.16/x64
2026-10-01T08:53:27.2618652Z   Python3_ROOT_DIR: /opt/hostedtoolcache/Python/3.11.16/x64
2026-10-01T08:53:27.2619037Z   LD_LIBRARY_PATH: /opt/hostedtoolcache/Python/3.11.16/x64/lib
2026-10-01T08:53:27.2619364Z ##[endgroup]
2026-10-01T08:53:29.9103097Z Collecting psutil<8,>=7.2
2026-10-01T08:53:29.9735587Z   Downloading psutil-7.2.2-cp36-abi3-manylinux2010_x86_64.manylinux_2_12_x86_64.manylinux_2_28_x86_64.whl.metadata (22 kB)
2026-10-01T08:53:29.9969813Z Downloading psutil-7.2.2-cp36-abi3-manylinux2010_x86_64.manylinux_2_12_x86_64.manylinux_2_28_x86_64.whl (155 kB)
2026-10-01T08:53:30.1824763Z Installing collected packages: psutil
2026-10-01T08:53:30.2418668Z Successfully installed psutil-7.2.2
2026-10-01T08:53:30.2923329Z ##[group]Run python scripts/run_quality_gate.py --profile hotspot-controls --output output/quality-hotspot-controls
2026-10-01T08:53:30.2924219Z [36;1mpython scripts/run_quality_gate.py --profile hotspot-controls --output output/quality-hotspot-controls[0m
2026-10-01T08:53:30.3002938Z shell: /usr/bin/bash -e {0}
2026-10-01T08:53:30.3003202Z env:
2026-10-01T08:53:30.3003479Z   pythonLocation: /opt/hostedtoolcache/Python/3.11.16/x64
2026-10-01T08:53:30.3003943Z   PKG_CONFIG_PATH: /opt/hostedtoolcache/Python/3.11.16/x64/lib/pkgconfig
2026-10-01T08:53:30.3004587Z   Python_ROOT_DIR: /opt/hostedtoolcache/Python/3.11.16/x64
2026-10-01T08:53:30.3004984Z   Python2_ROOT_DIR: /opt/hostedtoolcache/Python/3.11.16/x64
2026-10-01T08:53:30.3005367Z   Python3_ROOT_DIR: /opt/hostedtoolcache/Python/3.11.16/x64
2026-10-01T08:53:30.3005746Z   LD_LIBRARY_PATH: /opt/hostedtoolcache/Python/3.11.16/x64/lib
2026-10-01T08:53:30.3006308Z ##[endgroup]
2026-10-01T08:53:30.5647009Z [quality] hotspot-controls: RUNNING
2026-10-01T08:54:28.5567543Z [quality] hotspot-controls: PASSED
2026-10-01T08:54:28.5961901Z [quality] PASSED: /home/runner/work/mini-drop/mini-drop/output/quality-hotspot-controls/report.html
2026-10-01T08:54:28.6078736Z ##[group]Run go test -race -count=1 ./...
2026-10-01T08:54:28.6079090Z [36;1mgo test -race -count=1 ./...[0m
2026-10-01T08:54:28.6154577Z shell: /usr/bin/bash -e {0}
2026-10-01T08:54:28.6154831Z env:
2026-10-01T08:54:28.6155102Z   pythonLocation: /opt/hostedtoolcache/Python/3.11.16/x64
2026-10-01T08:54:28.6155559Z   PKG_CONFIG_PATH: /opt/hostedtoolcache/Python/3.11.16/x64/lib/pkgconfig
2026-10-01T08:54:28.6156134Z   Python_ROOT_DIR: /opt/hostedtoolcache/Python/3.11.16/x64
2026-10-01T08:54:28.6156510Z   Python2_ROOT_DIR: /opt/hostedtoolcache/Python/3.11.16/x64
2026-10-01T08:54:28.6156890Z   Python3_ROOT_DIR: /opt/hostedtoolcache/Python/3.11.16/x64
2026-10-01T08:54:28.6157267Z   LD_LIBRARY_PATH: /opt/hostedtoolcache/Python/3.11.16/x64/lib
2026-10-01T08:54:28.6157588Z ##[endgroup]
2026-10-01T08:54:50.6385566Z ok  	mini-drop/demo/go-hotspot	1.017s
2026-10-01T08:54:50.7074870Z ##[group]Run docker build -t mini-drop-go-hotspot:ci demo/go-hotspot
2026-10-01T08:54:50.7075394Z [36;1mdocker build -t mini-drop-go-hotspot:ci demo/go-hotspot[0m
2026-10-01T08:54:50.7152744Z shell: /usr/bin/bash -e {0}
2026-10-01T08:54:50.7153019Z env:
2026-10-01T08:54:50.7153304Z   pythonLocation: /opt/hostedtoolcache/Python/3.11.16/x64
2026-10-01T08:54:50.7153759Z   PKG_CONFIG_PATH: /opt/hostedtoolcache/Python/3.11.16/x64/lib/pkgconfig
2026-10-01T08:54:50.7154208Z   Python_ROOT_DIR: /opt/hostedtoolcache/Python/3.11.16/x64
2026-10-01T08:54:50.7154584Z   Python2_ROOT_DIR: /opt/hostedtoolcache/Python/3.11.16/x64
2026-10-01T08:54:50.7154960Z   Python3_ROOT_DIR: /opt/hostedtoolcache/Python/3.11.16/x64
2026-10-01T08:54:50.7155335Z   LD_LIBRARY_PATH: /opt/hostedtoolcache/Python/3.11.16/x64/lib
2026-10-01T08:54:50.7155655Z ##[endgroup]
2026-10-01T08:54:51.1395770Z #0 building with "default" instance using docker driver
2026-10-01T08:54:51.1396404Z 
2026-10-01T08:54:51.1396749Z #1 [internal] load build definition from Dockerfile
2026-10-01T08:54:51.1397142Z #1 transferring dockerfile: 318B done
2026-10-01T08:54:51.1397565Z #1 DONE 0.0s
2026-10-01T08:54:51.1397743Z 
2026-10-01T08:54:51.1398039Z #2 [auth] library/alpine:pull token for registry-1.docker.io
2026-10-01T08:54:51.2907911Z #2 DONE 0.0s
2026-10-01T08:54:51.2908179Z 
2026-10-01T08:54:51.2908501Z #3 [auth] library/golang:pull token for registry-1.docker.io
2026-10-01T08:54:51.2909074Z #3 DONE 0.0s
2026-10-01T08:54:51.2909295Z 
2026-10-01T08:54:51.2909642Z #4 [internal] load metadata for docker.io/library/golang:1.26.8-alpine
2026-10-01T08:54:51.6152193Z #4 ...
2026-10-01T08:54:51.6152634Z 
2026-10-01T08:54:51.6153068Z #5 [internal] load metadata for docker.io/library/alpine:3.24.1
2026-10-01T08:54:51.6153646Z #5 DONE 0.6s
2026-10-01T08:54:51.7302732Z 
2026-10-01T08:54:51.7304800Z #4 [internal] load metadata for docker.io/library/golang:1.26.8-alpine
2026-10-01T08:54:51.7305539Z #4 DONE 0.6s
2026-10-01T08:54:51.7305667Z 
2026-10-01T08:54:51.7305820Z #6 [internal] load .dockerignore
2026-10-01T08:54:51.7306326Z #6 transferring context: 2B done
2026-10-01T08:54:51.7306574Z #6 DONE 0.0s
2026-10-01T08:54:51.7306702Z 
2026-10-01T08:54:51.7306810Z #7 [internal] load build context
2026-10-01T08:54:51.7307091Z #7 transferring context: 13.61kB done
2026-10-01T08:54:51.7307491Z #7 DONE 0.0s
2026-10-01T08:54:51.7307677Z 
2026-10-01T08:54:51.7308434Z #8 [stage-1 1/2] FROM docker.io/library/alpine:3.24.1@sha256:28bd5fe8b56d1bd048e5babf5b10710ebe0bae67db86916198a6eec434943f8b
2026-10-01T08:54:51.7309616Z #8 resolve docker.io/library/alpine:3.24.1@sha256:28bd5fe8b56d1bd048e5babf5b10710ebe0bae67db86916198a6eec434943f8b done
2026-10-01T08:54:51.7310346Z #8 sha256:79ff19e9084a00eece421b2523fb93e22d730e2c0e525905de047e848e56d95f 1.02kB / 1.02kB done
2026-10-01T08:54:51.7310995Z #8 sha256:d529dd0c6e5597ac7e4a3e2dea65c3fcc6173f4cae713c409265c1dd9914a11b 611B / 611B done
2026-10-01T08:54:51.7312021Z #8 sha256:28bd5fe8b56d1bd048e5babf5b10710ebe0bae67db86916198a6eec434943f8b 9.22kB / 9.22kB done
2026-10-01T08:54:51.8480643Z #8 sha256:55afa1ecc21d2bb5e5045f32dafee56272ffd89860bac26f6c32123439af26a4 0B / 3.85MB 0.2s
2026-10-01T08:54:52.0143375Z #8 sha256:55afa1ecc21d2bb5e5045f32dafee56272ffd89860bac26f6c32123439af26a4 3.85MB / 3.85MB 0.3s done
2026-10-01T08:54:52.0146660Z #8 extracting sha256:55afa1ecc21d2bb5e5045f32dafee56272ffd89860bac26f6c32123439af26a4 0.1s
2026-10-01T08:54:52.1300177Z #8 extracting sha256:55afa1ecc21d2bb5e5045f32dafee56272ffd89860bac26f6c32123439af26a4 0.1s done
2026-10-01T08:54:52.3083470Z #8 DONE 0.5s
2026-10-01T08:54:52.3083729Z 
2026-10-01T08:54:52.3084427Z #9 [build 1/4] FROM docker.io/library/golang:1.26.8-alpine@sha256:8ac98ca534ac3f51e1f420a1dd2c15e74c75cfa0f23f3ad27eb5d7236c349a0c
2026-10-01T08:54:52.3086306Z #9 resolve docker.io/library/golang:1.26.8-alpine@sha256:8ac98ca534ac3f51e1f420a1dd2c15e74c75cfa0f23f3ad27eb5d7236c349a0c done
2026-10-01T08:54:52.3087975Z #9 sha256:8ac98ca534ac3f51e1f420a1dd2c15e74c75cfa0f23f3ad27eb5d7236c349a0c 10.29kB / 10.29kB done
2026-10-01T08:54:52.3088679Z #9 sha256:66f9a494af2b76ecb3eab75ff47166df61caec6d200c59d556b77327493d83a8 1.92kB / 1.92kB done
2026-10-01T08:54:52.3089324Z #9 sha256:c5fe2bbc8331458475b45686d82e0c28b1161addfe33f1ebac0a715a29587701 2.19kB / 2.19kB done
2026-10-01T08:54:52.3090001Z #9 sha256:e2de96513ba9eb53b431787ec8a65cdde380ac4772a3e4c4b714dcfde2a102b5 3.85MB / 3.85MB 0.1s done
2026-10-01T08:54:52.3090712Z #9 sha256:4009a0783f338ed55a73885b00ecad4c761c55b29337bc83f4ba5893b456a80c 247.52kB / 247.52kB 0.1s done
2026-10-01T08:54:52.3091443Z #9 sha256:2cb3e687d353c47479f7eb82d6cc1b230f1d252bfefaddbeec9d3de57edf5d49 67.31MB / 67.31MB 0.4s done
2026-10-01T08:54:52.3092138Z #9 extracting sha256:e2de96513ba9eb53b431787ec8a65cdde380ac4772a3e4c4b714dcfde2a102b5 0.1s done
2026-10-01T08:54:52.3092811Z #9 sha256:4f4fb700ef54461cfa02571ae0db9a0dc1e0cdb5577484a6d75e68dc38e8acc1 32B / 32B 0.2s done
2026-10-01T08:54:52.3093462Z #9 sha256:68ed9cc945387f62e6993f95484c65db531f4a4c6c076363d90fd1d575e36633 126B / 126B 0.2s done
2026-10-01T08:54:52.3094092Z #9 extracting sha256:4009a0783f338ed55a73885b00ecad4c761c55b29337bc83f4ba5893b456a80c 0.0s done
2026-10-01T08:54:52.3432075Z #9 extracting sha256:2cb3e687d353c47479f7eb82d6cc1b230f1d252bfefaddbeec9d3de57edf5d49
2026-10-01T08:54:56.9238667Z #9 extracting sha256:2cb3e687d353c47479f7eb82d6cc1b230f1d252bfefaddbeec9d3de57edf5d49 4.6s done
2026-10-01T08:54:57.6251353Z #9 extracting sha256:68ed9cc945387f62e6993f95484c65db531f4a4c6c076363d90fd1d575e36633
2026-10-01T08:54:57.8203691Z #9 extracting sha256:68ed9cc945387f62e6993f95484c65db531f4a4c6c076363d90fd1d575e36633 done
2026-10-01T08:54:57.8204822Z #9 extracting sha256:4f4fb700ef54461cfa02571ae0db9a0dc1e0cdb5577484a6d75e68dc38e8acc1 done
2026-10-01T08:54:57.8205585Z #9 DONE 6.0s
2026-10-01T08:54:57.8205773Z 
2026-10-01T08:54:57.8205925Z #10 [build 2/4] WORKDIR /src
2026-10-01T08:54:57.8206504Z #10 DONE 0.0s
2026-10-01T08:54:57.8206689Z 
2026-10-01T08:54:57.8206882Z #11 [build 3/4] COPY go.mod main.go ./
2026-10-01T08:54:57.8207342Z #11 DONE 0.0s
2026-10-01T08:54:57.8207513Z 
2026-10-01T08:54:57.8208193Z #12 [build 4/4] RUN CGO_ENABLED=0 go build -trimpath -ldflags="-s -w" -o /out/go-hotspot .
2026-10-01T08:55:10.4891089Z #12 DONE 12.8s
2026-10-01T08:55:10.6729893Z 
2026-10-01T08:55:10.6730746Z #13 [stage-1 2/2] COPY --from=build /out/go-hotspot /usr/local/bin/go-hotspot
2026-10-01T08:55:10.6731391Z #13 DONE 0.0s
2026-10-01T08:55:10.6731529Z 
2026-10-01T08:55:10.6731646Z #14 exporting to image
2026-10-01T08:55:10.6732439Z #14 exporting layers
2026-10-01T08:55:11.0052944Z #14 exporting layers 0.5s done
2026-10-01T08:55:11.0210548Z #14 writing image sha256:431b83d6e1f431b6e4224462909259b2c478cc7bd37ebb6d5bb3a7d87ce16a87 done
2026-10-01T08:55:11.0211436Z #14 naming to docker.io/library/mini-drop-go-hotspot:ci done
2026-10-01T08:55:11.0211919Z #14 DONE 0.5s
2026-10-01T08:55:11.0381618Z ##[group]Run actions/upload-artifact@v4
2026-10-01T08:55:11.0381919Z with:
2026-10-01T08:55:11.0382228Z   name: hotspot-controls-fc4484c33cc1862651fefdf8ab846d2d79f99022-1
2026-10-01T08:55:11.0382626Z   path: output/quality-hotspot-controls/
2026-10-01T08:55:11.0382907Z   if-no-files-found: error
2026-10-01T08:55:11.0383146Z   retention-days: 14
2026-10-01T08:55:11.0383375Z   compression-level: 6
2026-10-01T08:55:11.0383607Z   overwrite: false
2026-10-01T08:55:11.0383842Z   include-hidden-files: false
2026-10-01T08:55:11.0384089Z env:
2026-10-01T08:55:11.0384358Z   pythonLocation: /opt/hostedtoolcache/Python/3.11.16/x64
2026-10-01T08:55:11.0384850Z   PKG_CONFIG_PATH: /opt/hostedtoolcache/Python/3.11.16/x64/lib/pkgconfig
2026-10-01T08:55:11.0385283Z   Python_ROOT_DIR: /opt/hostedtoolcache/Python/3.11.16/x64
2026-10-01T08:55:11.0385667Z   Python2_ROOT_DIR: /opt/hostedtoolcache/Python/3.11.16/x64
2026-10-01T08:55:11.0386323Z   Python3_ROOT_DIR: /opt/hostedtoolcache/Python/3.11.16/x64
2026-10-01T08:55:11.0386706Z   LD_LIBRARY_PATH: /opt/hostedtoolcache/Python/3.11.16/x64/lib
2026-10-01T08:55:11.0387032Z ##[endgroup]
2026-10-01T08:55:11.2278129Z (node:8560) [DEP0040] DeprecationWarning: The `punycode` module is deprecated. Please use a userland alternative instead.
2026-10-01T08:55:11.2279073Z (Use `node --trace-deprecation ...` to show where the warning was created)
2026-10-01T08:55:11.2428342Z With the provided path, there will be 18 files uploaded
2026-10-01T08:55:11.2429768Z Artifact name is valid!
2026-10-01T08:55:11.2430448Z Root directory input is valid!
2026-10-01T08:55:11.5161008Z Beginning upload of artifact content to blob storage
2026-10-01T08:55:11.9361901Z (node:8560) [DEP0169] DeprecationWarning: `url.parse()` behavior is not standardized and prone to errors that have security implications. Use the WHATWG URL API instead. CVEs are not issued for `url.parse()` vulnerabilities.
2026-10-01T08:55:12.4349566Z Uploaded bytes 5755358
2026-10-01T08:55:12.4791608Z Finished uploading artifact content to blob storage!
2026-10-01T08:55:12.4792585Z SHA256 digest of uploaded artifact zip is 9c93dd553982e636e2a368306be45cb6f244870212f47a0d7bd343602a2a72a0
2026-10-01T08:55:12.4794325Z Finalizing artifact upload
2026-10-01T08:55:12.7118914Z Artifact hotspot-controls-fc4484c33cc1862651fefdf8ab846d2d79f99022-1.zip successfully finalized. Artifact ID 11150690704
2026-10-01T08:55:12.7120617Z Artifact hotspot-controls-fc4484c33cc1862651fefdf8ab846d2d79f99022-1 has been successfully uploaded! Final size is 5755358 bytes. Artifact ID is 11150690704
2026-10-01T08:55:12.7125434Z Artifact download URL: https://github.com/llongwang751-arch/mini-drop/actions/runs/36839153126/artifacts/11150690704
2026-10-01T08:55:12.7325907Z Post job cleanup.
2026-10-01T08:55:12.8709220Z (node:8572) [DEP0040] DeprecationWarning: The `punycode` module is deprecated. Please use a userland alternative instead.
2026-10-01T08:55:12.8710062Z (Use `node --trace-deprecation ...` to show where the warning was created)
2026-10-01T08:55:12.8799221Z [command]/opt/hostedtoolcache/go/1.26.8/x64/bin/go env GOMODCACHE
2026-10-01T08:55:12.8849772Z [command]/opt/hostedtoolcache/go/1.26.8/x64/bin/go env GOCACHE
2026-10-01T08:55:12.8916342Z /home/runner/go/pkg/mod
2026-10-01T08:55:12.8918304Z /home/runner/.cache/go-build
2026-10-01T08:55:12.8925172Z [warning]Cache folder path is retrieved but doesn't exist on disk: /home/runner/go/pkg/mod
2026-10-01T08:55:12.8926587Z Primary key was not generated. Please check the log messages above for more errors or information
2026-10-01T08:55:12.9075812Z Post job cleanup.
2026-10-01T08:55:13.0552142Z (node:8595) [DEP0040] DeprecationWarning: The `punycode` module is deprecated. Please use a userland alternative instead.
2026-10-01T08:55:13.0553357Z (Use `node --trace-deprecation ...` to show where the warning was created)
2026-10-01T08:55:13.0727126Z Post job cleanup.
2026-10-01T08:55:13.1732083Z [command]/usr/bin/git version
2026-10-01T08:55:13.1788896Z git version 2.55.0
2026-10-01T08:55:13.1833364Z Temporarily overriding HOME='/home/runner/work/_temp/16a2aeed-18e2-4f8d-bcd0-127ac74be66d' before making global git config changes
2026-10-01T08:55:13.1834985Z Adding repository directory to the temporary git global config as a safe directory
2026-10-01T08:55:13.1839969Z [command]/usr/bin/git config --global --add safe.directory /home/runner/work/mini-drop/mini-drop
2026-10-01T08:55:13.1895311Z [command]/usr/bin/git config --local --name-only --get-regexp core\.sshCommand
2026-10-01T08:55:13.1956232Z [command]/usr/bin/git submodule foreach --recursive sh -c "git config --local --name-only --get-regexp 'core\.sshCommand' && git config --local --unset-all 'core.sshCommand' || :"
2026-10-01T08:55:13.2290335Z [command]/usr/bin/git config --local --name-only --get-regexp http\.https\:\/\/github\.com\/\.extraheader
2026-10-01T08:55:13.2322031Z http.https://github.com/.extraheader
2026-10-01T08:55:13.2335571Z [command]/usr/bin/git config --local --unset-all http.https://github.com/.extraheader
2026-10-01T08:55:13.2378696Z [command]/usr/bin/git submodule foreach --recursive sh -c "git config --local --name-only --get-regexp 'http\.https\:\/\/github\.com\/\.extraheader' && git config --local --unset-all 'http.https://github.com/.extraheader' || :"
2026-10-01T08:55:13.2713577Z [command]/usr/bin/git config --local --name-only --get-regexp ^includeIf\.gitdir:
2026-10-01T08:55:13.2766400Z [command]/usr/bin/git submodule foreach --recursive git config --local --show-origin --name-only --get-regexp remote.origin.url
2026-10-01T08:55:13.3248043Z Cleaning up orphan processes
2026-10-01T08:55:13.3625233Z ##[warning]Node.js 20 is deprecated. The following actions target Node.js 20 but are being forced to run on Node.js 24: actions/checkout@v4, actions/setup-go@v5, actions/setup-python@v5, actions/upload-artifact@v4. For more information see: https://github.blog/changelog/2025-09-19-deprecation-of-node-20-on-github-actions-runners/
