2026-10-02T06:24:15.9854976Z Current runner version: '2.337.0'
2026-10-02T06:24:15.9880377Z ##[group]Runner Image Provisioner
2026-10-02T06:24:15.9881300Z Hosted Compute Agent
2026-10-02T06:24:15.9881918Z Version: 20260901.588
2026-10-02T06:24:15.9882677Z Commit: f88ec8081b781fac6c440065ac7ff9e710ce3d0b
2026-10-02T06:24:15.9883718Z Build Date: 2026-09-01T19:56:44Z
2026-10-02T06:24:15.9884525Z Worker ID: {91529c5f-d0d8-451d-ab2e-884d293ed598}
2026-10-02T06:24:15.9885298Z Azure Region: westus2
2026-10-02T06:24:15.9885924Z ##[endgroup]
2026-10-02T06:24:15.9887615Z ##[group]Operating System
2026-10-02T06:24:15.9888315Z Ubuntu
2026-10-02T06:24:15.9888920Z 22.04.5
2026-10-02T06:24:15.9889471Z LTS
2026-10-02T06:24:15.9890017Z ##[endgroup]
2026-10-02T06:24:15.9890646Z ##[group]Runner Image
2026-10-02T06:24:15.9891276Z Image: ubuntu-22.04
2026-10-02T06:24:15.9891842Z Version: 20260927.309.1
2026-10-02T06:24:15.9893267Z Included Software: https://github.com/actions/runner-images/blob/ubuntu22/20260927.309/images/ubuntu/Ubuntu2204-Readme.md
2026-10-02T06:24:15.9895233Z Image Release: https://github.com/actions/runner-images/releases/tag/ubuntu22%2F20260927.309
2026-10-02T06:24:15.9896281Z ##[endgroup]
2026-10-02T06:24:15.9897491Z ##[group]GITHUB_TOKEN Permissions
2026-10-02T06:24:15.9899384Z Contents: read
2026-10-02T06:24:15.9899997Z Metadata: read
2026-10-02T06:24:15.9900770Z ##[endgroup]
2026-10-02T06:24:15.9902797Z Secret source: Actions
2026-10-02T06:24:15.9904133Z Cache mode: write
2026-10-02T06:24:15.9904878Z Prepare workflow directory
2026-10-02T06:24:16.0279920Z Prepare all required actions
2026-10-02T06:24:16.0346588Z Getting action download info
2026-10-02T06:24:16.3792144Z Download action repository 'actions/checkout@v4' (SHA:11d5960a326750d5838078e36cf38b85af677262)
2026-10-02T06:24:16.4798862Z Download action repository 'actions/setup-python@v5' (SHA:a26af69be951a213d495a4c3e4e4022e16d87065)
2026-10-02T06:24:16.5642599Z Download action repository 'actions/upload-artifact@v4' (SHA:ea165f8d65b6e75b540449e92b4886f43607fa02)
2026-10-02T06:24:16.7878477Z Complete job name: Exact Git core stack, mTLS and real Agent artifact
2026-10-02T06:24:16.8692781Z ##[group]Run actions/checkout@v4
2026-10-02T06:24:16.8693927Z with:
2026-10-02T06:24:16.8694383Z   persist-credentials: false
2026-10-02T06:24:16.8694941Z   repository: llongwang751-arch/mini-drop
2026-10-02T06:24:16.8698959Z   token: ***
2026-10-02T06:24:16.8699405Z   ssh-strict: true
2026-10-02T06:24:16.8699846Z   ssh-user: git
2026-10-02T06:24:16.8700270Z   clean: true
2026-10-02T06:24:16.8700718Z   sparse-checkout-cone-mode: true
2026-10-02T06:24:16.8701262Z   fetch-depth: 1
2026-10-02T06:24:16.8701693Z   fetch-tags: false
2026-10-02T06:24:16.8702141Z   show-progress: true
2026-10-02T06:24:16.8702592Z   lfs: false
2026-10-02T06:24:16.8703009Z   submodules: false
2026-10-02T06:24:16.8703651Z   set-safe-directory: true
2026-10-02T06:24:16.8704175Z   allow-unsafe-pr-checkout: false
2026-10-02T06:24:16.8704978Z ##[endgroup]
2026-10-02T06:24:16.9847069Z Syncing repository: llongwang751-arch/mini-drop
2026-10-02T06:24:16.9849666Z ##[group]Getting Git version info
2026-10-02T06:24:16.9850889Z Working directory is '/home/runner/work/mini-drop/mini-drop'
2026-10-02T06:24:16.9852549Z [command]/usr/bin/git version
2026-10-02T06:24:16.9917701Z git version 2.55.0
2026-10-02T06:24:16.9939192Z ##[endgroup]
2026-10-02T06:24:16.9954377Z Temporarily overriding HOME='/home/runner/work/_temp/bab70dd7-841d-45bc-bd4f-93681c8b5872' before making global git config changes
2026-10-02T06:24:16.9956656Z Adding repository directory to the temporary git global config as a safe directory
2026-10-02T06:24:16.9960850Z [command]/usr/bin/git config --global --add safe.directory /home/runner/work/mini-drop/mini-drop
2026-10-02T06:24:17.0009950Z Deleting the contents of '/home/runner/work/mini-drop/mini-drop'
2026-10-02T06:24:17.0017082Z ##[group]Initializing the repository
2026-10-02T06:24:17.0026581Z [command]/usr/bin/git init /home/runner/work/mini-drop/mini-drop
2026-10-02T06:24:17.0163804Z hint: Using 'master' as the name for the initial branch. This default branch name
2026-10-02T06:24:17.0166239Z hint: will change to "main" in Git 3.0. To configure the initial branch name
2026-10-02T06:24:17.0168040Z hint: to use in all of your new repositories, which will suppress this warning,
2026-10-02T06:24:17.0170834Z hint: call:
2026-10-02T06:24:17.0172124Z hint:
2026-10-02T06:24:17.0173184Z hint: 	git config --global init.defaultBranch <name>
2026-10-02T06:24:17.0174662Z hint:
2026-10-02T06:24:17.0176651Z hint: Names commonly chosen instead of 'master' are 'main', 'trunk' and
2026-10-02T06:24:17.0178502Z hint: 'development'. The just-created branch can be renamed via this command:
2026-10-02T06:24:17.0179462Z hint:
2026-10-02T06:24:17.0180031Z hint: 	git branch -m <name>
2026-10-02T06:24:17.0180649Z hint:
2026-10-02T06:24:17.0181434Z hint: Disable this message with "git config set advice.defaultBranchName false"
2026-10-02T06:24:17.0183317Z Initialized empty Git repository in /home/runner/work/mini-drop/mini-drop/.git/
2026-10-02T06:24:17.0187027Z [command]/usr/bin/git remote add origin https://github.com/llongwang751-arch/mini-drop
2026-10-02T06:24:17.0221776Z ##[endgroup]
2026-10-02T06:24:17.0223280Z ##[group]Disabling automatic garbage collection
2026-10-02T06:24:17.0224950Z [command]/usr/bin/git config --local gc.auto 0
2026-10-02T06:24:17.0261504Z ##[endgroup]
2026-10-02T06:24:17.0262941Z ##[group]Setting up auth
2026-10-02T06:24:17.0267230Z [command]/usr/bin/git config --local --name-only --get-regexp core\.sshCommand
2026-10-02T06:24:17.0307313Z [command]/usr/bin/git submodule foreach --recursive sh -c "git config --local --name-only --get-regexp 'core\.sshCommand' && git config --local --unset-all 'core.sshCommand' || :"
2026-10-02T06:24:17.0892522Z [command]/usr/bin/git config --local --name-only --get-regexp http\.https\:\/\/github\.com\/\.extraheader
2026-10-02T06:24:17.0946272Z [command]/usr/bin/git submodule foreach --recursive sh -c "git config --local --name-only --get-regexp 'http\.https\:\/\/github\.com\/\.extraheader' && git config --local --unset-all 'http.https://github.com/.extraheader' || :"
2026-10-02T06:24:17.1262353Z [command]/usr/bin/git config --local --name-only --get-regexp ^includeIf\.gitdir:
2026-10-02T06:24:17.1304678Z [command]/usr/bin/git submodule foreach --recursive git config --local --show-origin --name-only --get-regexp remote.origin.url
2026-10-02T06:24:17.1569439Z [command]/usr/bin/git config --local http.https://github.com/.extraheader AUTHORIZATION: basic ***
2026-10-02T06:24:17.1616261Z ##[endgroup]
2026-10-02T06:24:17.1618285Z ##[group]Fetching the repository
2026-10-02T06:24:17.1626881Z [command]/usr/bin/git -c protocol.version=2 fetch --no-tags --prune --no-recurse-submodules --depth=1 origin +e3b630716eb6f18f16c521b91e11f133b67da88f:refs/remotes/pull/1/merge
2026-10-02T06:24:25.1318804Z From https://github.com/llongwang751-arch/mini-drop
2026-10-02T06:24:25.1320651Z  * [new ref]         e3b630716eb6f18f16c521b91e11f133b67da88f -> pull/1/merge
2026-10-02T06:24:25.1324171Z ##[endgroup]
2026-10-02T06:24:25.1325745Z ##[group]Determining the checkout info
2026-10-02T06:24:25.1327108Z ##[endgroup]
2026-10-02T06:24:25.1331029Z [command]/usr/bin/git sparse-checkout disable
2026-10-02T06:24:25.1391539Z [command]/usr/bin/git config --local --unset-all extensions.worktreeConfig
2026-10-02T06:24:25.1428144Z ##[group]Checking out the ref
2026-10-02T06:24:25.1431558Z [command]/usr/bin/git checkout --progress --force refs/remotes/pull/1/merge
2026-10-02T06:24:26.1762337Z Updating files:  67% (2659/3961)
2026-10-02T06:24:26.2036247Z Updating files:  68% (2694/3961)
2026-10-02T06:24:26.2082384Z Updating files:  69% (2734/3961)
2026-10-02T06:24:26.2126649Z Updating files:  70% (2773/3961)
2026-10-02T06:24:26.2206595Z Updating files:  71% (2813/3961)
2026-10-02T06:24:26.2278997Z Updating files:  72% (2852/3961)
2026-10-02T06:24:26.2346475Z Updating files:  73% (2892/3961)
2026-10-02T06:24:26.2394666Z Updating files:  74% (2932/3961)
2026-10-02T06:24:26.2434291Z Updating files:  75% (2971/3961)
2026-10-02T06:24:26.2455680Z Updating files:  76% (3011/3961)
2026-10-02T06:24:26.2501152Z Updating files:  77% (3050/3961)
2026-10-02T06:24:26.2546681Z Updating files:  78% (3090/3961)
2026-10-02T06:24:26.2579153Z Updating files:  79% (3130/3961)
2026-10-02T06:24:26.2629550Z Updating files:  80% (3169/3961)
2026-10-02T06:24:26.2680057Z Updating files:  81% (3209/3961)
2026-10-02T06:24:26.2714658Z Updating files:  82% (3249/3961)
2026-10-02T06:24:26.2792548Z Updating files:  83% (3288/3961)
2026-10-02T06:24:26.2872004Z Updating files:  84% (3328/3961)
2026-10-02T06:24:26.2926684Z Updating files:  85% (3367/3961)
2026-10-02T06:24:26.2982604Z Updating files:  86% (3407/3961)
2026-10-02T06:24:26.3010835Z Updating files:  87% (3447/3961)
2026-10-02T06:24:26.3044518Z Updating files:  88% (3486/3961)
2026-10-02T06:24:26.3070380Z Updating files:  89% (3526/3961)
2026-10-02T06:24:26.3119433Z Updating files:  90% (3565/3961)
2026-10-02T06:24:26.3144888Z Updating files:  91% (3605/3961)
2026-10-02T06:24:26.3169899Z Updating files:  92% (3645/3961)
2026-10-02T06:24:26.3196002Z Updating files:  93% (3684/3961)
2026-10-02T06:24:26.3221045Z Updating files:  94% (3724/3961)
2026-10-02T06:24:26.3261925Z Updating files:  95% (3763/3961)
2026-10-02T06:24:26.3383639Z Updating files:  96% (3803/3961)
2026-10-02T06:24:26.3407738Z Updating files:  97% (3843/3961)
2026-10-02T06:24:26.3434821Z Updating files:  98% (3882/3961)
2026-10-02T06:24:26.3457010Z Updating files:  99% (3922/3961)
2026-10-02T06:24:26.3457582Z Updating files: 100% (3961/3961)
2026-10-02T06:24:26.3458116Z Updating files: 100% (3961/3961), done.
2026-10-02T06:24:26.3520050Z Note: switching to 'refs/remotes/pull/1/merge'.
2026-10-02T06:24:26.3520650Z 
2026-10-02T06:24:26.3521323Z You are in 'detached HEAD' state. You can look around, make experimental
2026-10-02T06:24:26.3522402Z changes and commit them, and you can discard any commits you make in this
2026-10-02T06:24:26.3523605Z state without impacting any branches by switching back to a branch.
2026-10-02T06:24:26.3524185Z 
2026-10-02T06:24:26.3524629Z If you want to create a new branch to retain commits you create, you may
2026-10-02T06:24:26.3525856Z do so (now or later) by using -c with the switch command. Example:
2026-10-02T06:24:26.3526317Z 
2026-10-02T06:24:26.3526480Z   git switch -c <new-branch-name>
2026-10-02T06:24:26.3526722Z 
2026-10-02T06:24:26.3526870Z Or undo this operation with:
2026-10-02T06:24:26.3527094Z 
2026-10-02T06:24:26.3527221Z   git switch -
2026-10-02T06:24:26.3527454Z 
2026-10-02T06:24:26.3527742Z Turn off this advice by setting config variable advice.detachedHead to false
2026-10-02T06:24:26.3528144Z 
2026-10-02T06:24:26.3528605Z HEAD is now at e3b6307 Merge 77638ddec882520c9262aff2f95d2dfa499ad0ef into 609ea8a73f845b496b59b5cae181f515c5919850
2026-10-02T06:24:26.3633553Z ##[endgroup]
2026-10-02T06:24:26.3683026Z [command]/usr/bin/git log -1 --format=%H
2026-10-02T06:24:26.3715912Z e3b630716eb6f18f16c521b91e11f133b67da88f
2026-10-02T06:24:26.3726920Z ##[group]Removing auth
2026-10-02T06:24:26.3730277Z [command]/usr/bin/git config --local --name-only --get-regexp core\.sshCommand
2026-10-02T06:24:26.3769033Z [command]/usr/bin/git submodule foreach --recursive sh -c "git config --local --name-only --get-regexp 'core\.sshCommand' && git config --local --unset-all 'core.sshCommand' || :"
2026-10-02T06:24:26.4073631Z [command]/usr/bin/git config --local --name-only --get-regexp http\.https\:\/\/github\.com\/\.extraheader
2026-10-02T06:24:26.4106568Z http.https://github.com/.extraheader
2026-10-02T06:24:26.4118751Z [command]/usr/bin/git config --local --unset-all http.https://github.com/.extraheader
2026-10-02T06:24:26.4173227Z [command]/usr/bin/git submodule foreach --recursive sh -c "git config --local --name-only --get-regexp 'http\.https\:\/\/github\.com\/\.extraheader' && git config --local --unset-all 'http.https://github.com/.extraheader' || :"
2026-10-02T06:24:26.4442366Z [command]/usr/bin/git config --local --name-only --get-regexp ^includeIf\.gitdir:
2026-10-02T06:24:26.4481566Z [command]/usr/bin/git submodule foreach --recursive git config --local --show-origin --name-only --get-regexp remote.origin.url
2026-10-02T06:24:26.4759849Z ##[endgroup]
2026-10-02T06:24:26.5022930Z ##[group]Run actions/setup-python@v5
2026-10-02T06:24:26.5023256Z with:
2026-10-02T06:24:26.5023668Z   python-version: 3.11
2026-10-02T06:24:26.5023907Z   check-latest: false
2026-10-02T06:24:26.5026337Z   token: ***
2026-10-02T06:24:26.5026561Z   update-environment: true
2026-10-02T06:24:26.5026814Z   allow-prereleases: false
2026-10-02T06:24:26.5027053Z   freethreaded: false
2026-10-02T06:24:26.5027287Z ##[endgroup]
2026-10-02T06:24:26.6505002Z ##[group]Installed versions
2026-10-02T06:24:26.6639318Z (node:2162) [DEP0040] DeprecationWarning: The `punycode` module is deprecated. Please use a userland alternative instead.
2026-10-02T06:24:26.6640528Z (Use `node --trace-deprecation ...` to show where the warning was created)
2026-10-02T06:24:26.6641247Z Successfully set up CPython (3.11.16)
2026-10-02T06:24:26.6642023Z ##[endgroup]
2026-10-02T06:24:26.6817604Z ##[group]Run python -m pip install 'PyYAML>=6,<7' 'pytest>=8,<9'
2026-10-02T06:24:26.6818426Z [36;1mpython -m pip install 'PyYAML>=6,<7' 'pytest>=8,<9'[0m
2026-10-02T06:24:26.6819533Z [36;1mpython -m pytest --noconftest tests/test_clean_stack_acceptance.py -q --junitxml=output/quality/clean-stack-gates.xml[0m
2026-10-02T06:24:26.7289888Z shell: /usr/bin/bash -e {0}
2026-10-02T06:24:26.7290232Z env:
2026-10-02T06:24:26.7290530Z   pythonLocation: /opt/hostedtoolcache/Python/3.11.16/x64
2026-10-02T06:24:26.7290994Z   PKG_CONFIG_PATH: /opt/hostedtoolcache/Python/3.11.16/x64/lib/pkgconfig
2026-10-02T06:24:26.7291434Z   Python_ROOT_DIR: /opt/hostedtoolcache/Python/3.11.16/x64
2026-10-02T06:24:26.7291841Z   Python2_ROOT_DIR: /opt/hostedtoolcache/Python/3.11.16/x64
2026-10-02T06:24:26.7292259Z   Python3_ROOT_DIR: /opt/hostedtoolcache/Python/3.11.16/x64
2026-10-02T06:24:26.7292654Z   LD_LIBRARY_PATH: /opt/hostedtoolcache/Python/3.11.16/x64/lib
2026-10-02T06:24:26.7292986Z ##[endgroup]
2026-10-02T06:24:28.2952010Z Collecting PyYAML<7,>=6
2026-10-02T06:24:28.3470341Z   Downloading pyyaml-6.0.3-cp311-cp311-manylinux2014_x86_64.manylinux_2_17_x86_64.manylinux_2_28_x86_64.whl.metadata (2.4 kB)
2026-10-02T06:24:28.3892455Z Collecting pytest<9,>=8
2026-10-02T06:24:28.3968915Z   Downloading pytest-8.4.2-py3-none-any.whl.metadata (7.7 kB)
2026-10-02T06:24:28.4139483Z Collecting iniconfig>=1 (from pytest<9,>=8)
2026-10-02T06:24:28.4213678Z   Downloading iniconfig-2.3.0-py3-none-any.whl.metadata (2.5 kB)
2026-10-02T06:24:28.4394828Z Collecting packaging>=20 (from pytest<9,>=8)
2026-10-02T06:24:28.4473779Z   Downloading packaging-26.3-py3-none-any.whl.metadata (3.5 kB)
2026-10-02T06:24:28.4630440Z Collecting pluggy<2,>=1.5 (from pytest<9,>=8)
2026-10-02T06:24:28.4703418Z   Downloading pluggy-1.6.0-py3-none-any.whl.metadata (4.8 kB)
2026-10-02T06:24:28.4926829Z Collecting pygments>=2.7.2 (from pytest<9,>=8)
2026-10-02T06:24:28.5003534Z   Downloading pygments-2.21.0-py3-none-any.whl.metadata (2.5 kB)
2026-10-02T06:24:28.5121816Z Downloading pyyaml-6.0.3-cp311-cp311-manylinux2014_x86_64.manylinux_2_17_x86_64.manylinux_2_28_x86_64.whl (806 kB)
2026-10-02T06:24:28.5421203Z    ━━━━━━━━━━━━━━━━━━━━━━━━━━━━━━━━━━━━━━━━ 806.6/806.6 kB 50.6 MB/s  0:00:00
2026-10-02T06:24:28.5499941Z Downloading pytest-8.4.2-py3-none-any.whl (365 kB)
2026-10-02T06:24:28.5625075Z Downloading pluggy-1.6.0-py3-none-any.whl (20 kB)
2026-10-02T06:24:28.5719793Z Downloading iniconfig-2.3.0-py3-none-any.whl (7.5 kB)
2026-10-02T06:24:28.5814377Z Downloading packaging-26.3-py3-none-any.whl (129 kB)
2026-10-02T06:24:28.5918115Z Downloading pygments-2.21.0-py3-none-any.whl (1.3 MB)
2026-10-02T06:24:28.6051708Z    ━━━━━━━━━━━━━━━━━━━━━━━━━━━━━━━━━━━━━━━━ 1.3/1.3 MB 97.2 MB/s  0:00:00
2026-10-02T06:24:28.7107448Z Installing collected packages: PyYAML, pygments, pluggy, packaging, iniconfig, pytest
2026-10-02T06:24:29.7450218Z 
2026-10-02T06:24:29.7460601Z Successfully installed PyYAML-6.0.3 iniconfig-2.3.0 packaging-26.3 pluggy-1.6.0 pygments-2.21.0 pytest-8.4.2
2026-10-02T06:24:30.2644551Z .................................................................        [100%]
2026-10-02T06:24:30.2646166Z - generated xml file: /home/runner/work/mini-drop/mini-drop/output/quality/clean-stack-gates.xml -
2026-10-02T06:24:30.2647238Z 65 passed in 0.18s
2026-10-02T06:24:30.2931544Z ##[group]Run python scripts/verify_clean_stack.py --expected-head 'e3b630716eb6f18f16c521b91e11f133b67da88f' --output output/quality/clean-stack
2026-10-02T06:24:30.2932657Z [36;1mpython scripts/verify_clean_stack.py --expected-head 'e3b630716eb6f18f16c521b91e11f133b67da88f' --output output/quality/clean-stack[0m
2026-10-02T06:24:30.3007612Z shell: /usr/bin/bash -e {0}
2026-10-02T06:24:30.3007901Z env:
2026-10-02T06:24:30.3008183Z   pythonLocation: /opt/hostedtoolcache/Python/3.11.16/x64
2026-10-02T06:24:30.3008650Z   PKG_CONFIG_PATH: /opt/hostedtoolcache/Python/3.11.16/x64/lib/pkgconfig
2026-10-02T06:24:30.3009091Z   Python_ROOT_DIR: /opt/hostedtoolcache/Python/3.11.16/x64
2026-10-02T06:24:30.3009485Z   Python2_ROOT_DIR: /opt/hostedtoolcache/Python/3.11.16/x64
2026-10-02T06:24:30.3009925Z   Python3_ROOT_DIR: /opt/hostedtoolcache/Python/3.11.16/x64
2026-10-02T06:24:30.3010326Z   LD_LIBRARY_PATH: /opt/hostedtoolcache/Python/3.11.16/x64/lib
2026-10-02T06:24:30.3010693Z ##[endgroup]
2026-10-02T06:24:30.3858765Z clean-stack: preflight
2026-10-02T06:24:30.3888126Z clean-stack command 1 completed in 0.0s
2026-10-02T06:24:30.7286314Z clean-stack command 2 completed in 0.3s
2026-10-02T06:24:30.7314187Z clean-stack command 3 completed in 0.0s
2026-10-02T06:24:31.0290808Z clean-stack command 4 completed in 0.3s
2026-10-02T06:24:31.1042244Z clean-stack command 5 completed in 0.1s
2026-10-02T06:24:31.1215357Z clean-stack command 6 completed in 0.0s
2026-10-02T06:24:31.1377938Z clean-stack command 7 completed in 0.0s
2026-10-02T06:24:31.1550665Z clean-stack command 8 completed in 0.0s
2026-10-02T06:24:31.1565624Z clean-stack: configuration
2026-10-02T06:24:33.2611854Z clean-stack command 9 completed in 2.1s
2026-10-02T06:24:33.2705788Z clean-stack command 10 completed in 0.0s
2026-10-02T06:24:33.2791758Z clean-stack command 11 completed in 0.0s
2026-10-02T06:24:33.2880785Z clean-stack command 12 completed in 0.0s
2026-10-02T06:24:33.2964966Z clean-stack command 13 completed in 0.0s
2026-10-02T06:24:33.4626870Z clean-stack command 14 completed in 0.1s
2026-10-02T06:24:33.5762758Z clean-stack command 15 completed in 0.1s
2026-10-02T06:24:33.5766124Z clean-stack: cleanup
2026-10-02T06:24:33.5923789Z clean-stack command 16 completed in 0.0s
2026-10-02T06:24:33.6075095Z clean-stack command 17 completed in 0.0s
2026-10-02T06:24:33.6240622Z clean-stack command 18 completed in 0.0s
2026-10-02T06:24:33.6402325Z clean-stack command 19 completed in 0.0s
2026-10-02T06:24:33.6507266Z clean-stack command 20 completed in 0.0s
2026-10-02T06:24:33.6520560Z {"status": "FAILED", "report": "/home/runner/work/mini-drop/mini-drop/output/quality/clean-stack/report.json", "failure": "AcceptanceError: MinIO real ready HTTP healthcheck required"}
2026-10-02T06:24:33.6654610Z ##[error]Process completed with exit code 1.
2026-10-02T06:24:33.6741015Z ##[group]Run actions/upload-artifact@v4
2026-10-02T06:24:33.6741320Z with:
2026-10-02T06:24:33.6741618Z   name: clean-core-stack-e3b630716eb6f18f16c521b91e11f133b67da88f-1
2026-10-02T06:24:33.6742109Z   path: output/quality/clean-stack/
output/quality/clean-stack-gates.xml

2026-10-02T06:24:33.6742501Z   if-no-files-found: error
2026-10-02T06:24:33.6742734Z   retention-days: 14
2026-10-02T06:24:33.6742955Z   compression-level: 6
2026-10-02T06:24:33.6743185Z   overwrite: false
2026-10-02T06:24:33.6743718Z   include-hidden-files: false
2026-10-02T06:24:33.6743965Z env:
2026-10-02T06:24:33.6744219Z   pythonLocation: /opt/hostedtoolcache/Python/3.11.16/x64
2026-10-02T06:24:33.6744646Z   PKG_CONFIG_PATH: /opt/hostedtoolcache/Python/3.11.16/x64/lib/pkgconfig
2026-10-02T06:24:33.6745073Z   Python_ROOT_DIR: /opt/hostedtoolcache/Python/3.11.16/x64
2026-10-02T06:24:33.6745457Z   Python2_ROOT_DIR: /opt/hostedtoolcache/Python/3.11.16/x64
2026-10-02T06:24:33.6746080Z   Python3_ROOT_DIR: /opt/hostedtoolcache/Python/3.11.16/x64
2026-10-02T06:24:33.6746470Z   LD_LIBRARY_PATH: /opt/hostedtoolcache/Python/3.11.16/x64/lib
2026-10-02T06:24:33.6746790Z ##[endgroup]
2026-10-02T06:24:33.8598535Z (node:2396) [DEP0040] DeprecationWarning: The `punycode` module is deprecated. Please use a userland alternative instead.
2026-10-02T06:24:33.8599475Z (Use `node --trace-deprecation ...` to show where the warning was created)
2026-10-02T06:24:33.8727582Z Multiple search paths detected. Calculating the least common ancestor of all paths
2026-10-02T06:24:33.8729141Z The least common ancestor is /home/runner/work/mini-drop/mini-drop/output/quality. This will be the root directory of the artifact
2026-10-02T06:24:33.8730072Z With the provided path, there will be 15 files uploaded
2026-10-02T06:24:33.8730942Z Artifact name is valid!
2026-10-02T06:24:33.8731220Z Root directory input is valid!
2026-10-02T06:24:34.2274417Z Beginning upload of artifact content to blob storage
2026-10-02T06:24:34.2656440Z (node:2396) [DEP0169] DeprecationWarning: `url.parse()` behavior is not standardized and prone to errors that have security implications. Use the WHATWG URL API instead. CVEs are not issued for `url.parse()` vulnerabilities.
2026-10-02T06:24:34.5431577Z Uploaded bytes 5718
2026-10-02T06:24:34.6172202Z Finished uploading artifact content to blob storage!
2026-10-02T06:24:34.6173589Z SHA256 digest of uploaded artifact zip is ae12e2261d783fcd01a824c50ee30c721440fbac339ce1cd8e356cb47497c6e4
2026-10-02T06:24:34.6176205Z Finalizing artifact upload
2026-10-02T06:24:34.9575016Z Artifact clean-core-stack-e3b630716eb6f18f16c521b91e11f133b67da88f-1.zip successfully finalized. Artifact ID 11211639618
2026-10-02T06:24:34.9576390Z Artifact clean-core-stack-e3b630716eb6f18f16c521b91e11f133b67da88f-1 has been successfully uploaded! Final size is 5718 bytes. Artifact ID is 11211639618
2026-10-02T06:24:34.9582165Z Artifact download URL: https://github.com/llongwang751-arch/mini-drop/actions/runs/36973371776/artifacts/11211639618
2026-10-02T06:24:34.9809469Z Post job cleanup.
2026-10-02T06:24:35.0734116Z [command]/usr/bin/git version
2026-10-02T06:24:35.0784141Z git version 2.55.0
2026-10-02T06:24:35.0824007Z Temporarily overriding HOME='/home/runner/work/_temp/ec24d51a-9c2d-4554-9037-14c36a905701' before making global git config changes
2026-10-02T06:24:35.0825451Z Adding repository directory to the temporary git global config as a safe directory
2026-10-02T06:24:35.0831075Z [command]/usr/bin/git config --global --add safe.directory /home/runner/work/mini-drop/mini-drop
2026-10-02T06:24:35.0876327Z [command]/usr/bin/git config --local --name-only --get-regexp core\.sshCommand
2026-10-02T06:24:35.0919986Z [command]/usr/bin/git submodule foreach --recursive sh -c "git config --local --name-only --get-regexp 'core\.sshCommand' && git config --local --unset-all 'core.sshCommand' || :"
2026-10-02T06:24:35.1232971Z [command]/usr/bin/git config --local --name-only --get-regexp http\.https\:\/\/github\.com\/\.extraheader
2026-10-02T06:24:35.1281450Z [command]/usr/bin/git submodule foreach --recursive sh -c "git config --local --name-only --get-regexp 'http\.https\:\/\/github\.com\/\.extraheader' && git config --local --unset-all 'http.https://github.com/.extraheader' || :"
2026-10-02T06:24:35.1596949Z [command]/usr/bin/git config --local --name-only --get-regexp ^includeIf\.gitdir:
2026-10-02T06:24:35.1639328Z [command]/usr/bin/git submodule foreach --recursive git config --local --show-origin --name-only --get-regexp remote.origin.url
2026-10-02T06:24:35.2136431Z Cleaning up orphan processes
2026-10-02T06:24:35.2462774Z ##[warning]Node.js 20 is deprecated. The following actions target Node.js 20 but are being forced to run on Node.js 24: actions/checkout@v4, actions/setup-python@v5, actions/upload-artifact@v4. For more information see: https://github.blog/changelog/2025-09-19-deprecation-of-node-20-on-github-actions-runners/
