
> mini-drop-web@0.1.0 build:check
> vite build && node ../scripts/check_web_bundle.mjs

vite v8.2.2 building client environment for production...
transforming...
✓ 4583 modules transformed.
rendering chunks...
computing gzip size...
dist/index.html                                0.79 kB │ gzip:   0.42 kB
dist/assets/parseJson.worker-mxB42-VK.js       0.83 kB
dist/assets/TaskResult-ZXpTL1P2.css            0.33 kB │ gzip:   0.24 kB
dist/assets/flamegraph-VXIZzpiT.css            0.60 kB │ gzip:   0.32 kB
dist/assets/index-LYBKOQvt.css                 4.42 kB │ gzip:   1.55 kB
dist/assets/AIDiagnosis-exkpyPD1.css          81.60 kB │ gzip:  15.69 kB
dist/assets/ErrorAlert-D7Dx6o03.js             0.24 kB │ gzip:   0.19 kB
dist/assets/ArrowLeftOutlined-BBKJYJRT.js      0.60 kB │ gzip:   0.44 kB
dist/assets/rolldown-runtime-B0Z9INg1.js       0.90 kB │ gzip:   0.51 kB
dist/assets/StatusTag-KD8RG8hw.js              2.03 kB │ gzip:   0.82 kB
dist/assets/agentMetrics-Cj9KoerT.js           2.25 kB │ gzip:   1.15 kB
dist/assets/AuditLogs-DXZpzbZs.js              3.90 kB │ gzip:   1.92 kB
dist/assets/row-DL8UlvGR.js                    5.51 kB │ gzip:   2.24 kB
dist/assets/collectors-9W4-i_vQ.js             6.12 kB │ gzip:   1.78 kB
dist/assets/theme-C_uZ1PmH.js                  6.96 kB │ gzip:   2.98 kB
dist/assets/AgentDetail-BEaevJo2.js            7.71 kB │ gzip:   3.16 kB
dist/assets/ThunderboltOutlined-WnzBg5vm.js   10.29 kB │ gzip:   4.07 kB
dist/assets/usePolling-D3uxrl9q.js            16.17 kB │ gzip:   6.83 kB
dist/assets/Schedules-CcFY7rdW.js             16.96 kB │ gzip:   5.69 kB
dist/assets/input-number-9vQpm4CQ.js          23.73 kB │ gzip:   8.20 kB
dist/assets/modal-C_RM2DcL.js                 27.89 kB │ gzip:   9.26 kB
dist/assets/TaskResult-CPB9vvX-.js            29.63 kB │ gzip:  10.79 kB
dist/assets/d3-OVqjLuRP.js                    36.91 kB │ gzip:  12.52 kB
dist/assets/PlayCircleOutlined-B9RY7e-J.js    37.49 kB │ gzip:  12.82 kB
dist/assets/axios-D0LAdKsD.js                 44.20 kB │ gzip:  16.94 kB
dist/assets/Dashboard-Dl3L_OP-.js             50.48 kB │ gzip:  16.61 kB
dist/assets/flamegraph-CSYLKD5W.js            96.97 kB │ gzip:  32.80 kB
dist/assets/index-CEpFfCRz.js                110.95 kB │ gzip:  38.29 kB
dist/assets/react-C8_Uech3.js                178.38 kB │ gzip:  58.94 kB
dist/assets/table-BdLrC1uv.js                343.46 kB │ gzip: 105.31 kB
dist/assets/client-vsHbxvAi.js               375.37 kB │ gzip: 120.19 kB
dist/assets/SafeMarkdown-Mb3RwPDw.js         389.11 kB │ gzip: 122.02 kB
dist/assets/AIDiagnosis-CzZH7_oj.js          404.22 kB │ gzip: 127.78 kB
dist/assets/echarts-B5SDNyZy.js              612.21 kB │ gzip: 206.37 kB

✓ built in 1.53s
[plugin builtin:vite-reporter] 
(!) Some chunks are larger than 600 kB after minification. Consider:
- Using dynamic import() to code-split the application
- Use build.rolldownOptions.output.codeSplitting to improve chunking: https://rolldown.rs/reference/OutputOptions.codeSplitting
- Adjust chunk size limit for this warning via build.chunkSizeWarningLimit.
web bundle check passed: entry 693.2 KiB across 5 files; largest chunk echarts-B5SDNyZy.js 597.9 KiB
