2026-10-02T11:45:50.3357514Z Current runner version: '2.337.0'
2026-10-02T11:45:50.3375453Z ##[group]Runner Image Provisioner
2026-10-02T11:45:50.3376172Z Hosted Compute Agent
2026-10-02T11:45:50.3376718Z Version: 20260901.588
2026-10-02T11:45:50.3377250Z Commit: f88ec8081b781fac6c440065ac7ff9e710ce3d0b
2026-10-02T11:45:50.3377860Z Build Date: 2026-09-01T19:56:44Z
2026-10-02T11:45:50.3378468Z Worker ID: {a4ac94bc-3761-4e76-8a67-ffa5cd2258bb}
2026-10-02T11:45:50.3379335Z Azure Region: centralus
2026-10-02T11:45:50.3379942Z ##[endgroup]
2026-10-02T11:45:50.3381101Z ##[group]Operating System
2026-10-02T11:45:50.3381621Z Ubuntu
2026-10-02T11:45:50.3382076Z 22.04.5
2026-10-02T11:45:50.3382504Z LTS
2026-10-02T11:45:50.3382929Z ##[endgroup]
2026-10-02T11:45:50.3383415Z ##[group]Runner Image
2026-10-02T11:45:50.3383915Z Image: ubuntu-22.04
2026-10-02T11:45:50.3384396Z Version: 20260927.309.1
2026-10-02T11:45:50.3385456Z Included Software: https://github.com/actions/runner-images/blob/ubuntu22/20260927.309/images/ubuntu/Ubuntu2204-Readme.md
2026-10-02T11:45:50.3386727Z Image Release: https://github.com/actions/runner-images/releases/tag/ubuntu22%2F20260927.309
2026-10-02T11:45:50.3387522Z ##[endgroup]
2026-10-02T11:45:50.3388460Z ##[group]GITHUB_TOKEN Permissions
2026-10-02T11:45:50.3390225Z Contents: read
2026-10-02T11:45:50.3390766Z Metadata: read
2026-10-02T11:45:50.3391230Z ##[endgroup]
2026-10-02T11:45:50.3392797Z Secret source: Actions
2026-10-02T11:45:50.3393582Z Cache mode: write
2026-10-02T11:45:50.3394146Z Prepare workflow directory
2026-10-02T11:45:50.3655538Z Prepare all required actions
2026-10-02T11:45:50.3695600Z Getting action download info
2026-10-02T11:45:50.6663753Z Download action repository 'actions/checkout@v4' (SHA:11d5960a326750d5838078e36cf38b85af677262)
2026-10-02T11:45:50.7542056Z Download action repository 'actions/setup-python@v5' (SHA:a26af69be951a213d495a4c3e4e4022e16d87065)
2026-10-02T11:45:50.8471368Z Download action repository 'actions/upload-artifact@v4' (SHA:ea165f8d65b6e75b540449e92b4886f43607fa02)
2026-10-02T11:45:51.0569275Z Complete job name: Exact Git core stack, mTLS and real Agent artifact
2026-10-02T11:45:51.1124080Z ##[group]Run actions/checkout@v4
2026-10-02T11:45:51.1124851Z with:
2026-10-02T11:45:51.1125329Z   persist-credentials: false
2026-10-02T11:45:51.1125886Z   repository: llongwang751-arch/mini-drop
2026-10-02T11:45:51.1129354Z   token: ***
2026-10-02T11:45:51.1129796Z   ssh-strict: true
2026-10-02T11:45:51.1130262Z   ssh-user: git
2026-10-02T11:45:51.1130689Z   clean: true
2026-10-02T11:45:51.1131179Z   sparse-checkout-cone-mode: true
2026-10-02T11:45:51.1131678Z   fetch-depth: 1
2026-10-02T11:45:51.1132082Z   fetch-tags: false
2026-10-02T11:45:51.1132550Z   show-progress: true
2026-10-02T11:45:51.1132979Z   lfs: false
2026-10-02T11:45:51.1133389Z   submodules: false
2026-10-02T11:45:51.1133841Z   set-safe-directory: true
2026-10-02T11:45:51.1134323Z   allow-unsafe-pr-checkout: false
2026-10-02T11:45:51.1134998Z ##[endgroup]
2026-10-02T11:45:51.1960944Z Syncing repository: llongwang751-arch/mini-drop
2026-10-02T11:45:51.1962621Z ##[group]Getting Git version info
2026-10-02T11:45:51.1963318Z Working directory is '/home/runner/work/mini-drop/mini-drop'
2026-10-02T11:45:51.1964258Z [command]/usr/bin/git version
2026-10-02T11:45:51.2004069Z git version 2.55.0
2026-10-02T11:45:51.2020208Z ##[endgroup]
2026-10-02T11:45:51.2030373Z Temporarily overriding HOME='/home/runner/work/_temp/6c5de5ea-8c07-485e-ab91-d3db002f1099' before making global git config changes
2026-10-02T11:45:51.2032436Z Adding repository directory to the temporary git global config as a safe directory
2026-10-02T11:45:51.2034193Z [command]/usr/bin/git config --global --add safe.directory /home/runner/work/mini-drop/mini-drop
2026-10-02T11:45:51.2059616Z Deleting the contents of '/home/runner/work/mini-drop/mini-drop'
2026-10-02T11:45:51.2062969Z ##[group]Initializing the repository
2026-10-02T11:45:51.2065688Z [command]/usr/bin/git init /home/runner/work/mini-drop/mini-drop
2026-10-02T11:45:51.2144071Z hint: Using 'master' as the name for the initial branch. This default branch name
2026-10-02T11:45:51.2146005Z hint: will change to "main" in Git 3.0. To configure the initial branch name
2026-10-02T11:45:51.2147538Z hint: to use in all of your new repositories, which will suppress this warning,
2026-10-02T11:45:51.2148762Z hint: call:
2026-10-02T11:45:51.2149938Z hint:
2026-10-02T11:45:51.2150786Z hint: 	git config --global init.defaultBranch <name>
2026-10-02T11:45:51.2152154Z hint:
2026-10-02T11:45:51.2153033Z hint: Names commonly chosen instead of 'master' are 'main', 'trunk' and
2026-10-02T11:45:51.2154441Z hint: 'development'. The just-created branch can be renamed via this command:
2026-10-02T11:45:51.2155540Z hint:
2026-10-02T11:45:51.2156226Z hint: 	git branch -m <name>
2026-10-02T11:45:51.2156996Z hint:
2026-10-02T11:45:51.2157889Z hint: Disable this message with "git config set advice.defaultBranchName false"
2026-10-02T11:45:51.2159508Z Initialized empty Git repository in /home/runner/work/mini-drop/mini-drop/.git/
2026-10-02T11:45:51.2162395Z [command]/usr/bin/git remote add origin https://github.com/llongwang751-arch/mini-drop
2026-10-02T11:45:51.2230150Z ##[endgroup]
2026-10-02T11:45:51.2231301Z ##[group]Disabling automatic garbage collection
2026-10-02T11:45:51.2232463Z [command]/usr/bin/git config --local gc.auto 0
2026-10-02T11:45:51.2256589Z ##[endgroup]
2026-10-02T11:45:51.2257583Z ##[group]Setting up auth
2026-10-02T11:45:51.2261442Z [command]/usr/bin/git config --local --name-only --get-regexp core\.sshCommand
2026-10-02T11:45:51.2287454Z [command]/usr/bin/git submodule foreach --recursive sh -c "git config --local --name-only --get-regexp 'core\.sshCommand' && git config --local --unset-all 'core.sshCommand' || :"
2026-10-02T11:45:51.2550716Z [command]/usr/bin/git config --local --name-only --get-regexp http\.https\:\/\/github\.com\/\.extraheader
2026-10-02T11:45:51.2559523Z [command]/usr/bin/git submodule foreach --recursive sh -c "git config --local --name-only --get-regexp 'http\.https\:\/\/github\.com\/\.extraheader' && git config --local --unset-all 'http.https://github.com/.extraheader' || :"
2026-10-02T11:45:51.2738440Z [command]/usr/bin/git config --local --name-only --get-regexp ^includeIf\.gitdir:
2026-10-02T11:45:51.2765142Z [command]/usr/bin/git submodule foreach --recursive git config --local --show-origin --name-only --get-regexp remote.origin.url
2026-10-02T11:45:51.2931188Z [command]/usr/bin/git config --local http.https://github.com/.extraheader AUTHORIZATION: basic ***
2026-10-02T11:45:51.2960164Z ##[endgroup]
2026-10-02T11:45:51.2961082Z ##[group]Fetching the repository
2026-10-02T11:45:51.2966930Z [command]/usr/bin/git -c protocol.version=2 fetch --no-tags --prune --no-recurse-submodules --depth=1 origin +38060bf0d07d57837bf3a9692e9b1a256a85134e:refs/remotes/pull/1/merge
2026-10-02T11:45:54.9626129Z From https://github.com/llongwang751-arch/mini-drop
2026-10-02T11:45:54.9628748Z  * [new ref]         38060bf0d07d57837bf3a9692e9b1a256a85134e -> pull/1/merge
2026-10-02T11:45:54.9634339Z ##[endgroup]
2026-10-02T11:45:54.9636340Z ##[group]Determining the checkout info
2026-10-02T11:45:54.9638282Z ##[endgroup]
2026-10-02T11:45:54.9640975Z [command]/usr/bin/git sparse-checkout disable
2026-10-02T11:45:54.9684000Z [command]/usr/bin/git config --local --unset-all extensions.worktreeConfig
2026-10-02T11:45:54.9710371Z ##[group]Checking out the ref
2026-10-02T11:45:54.9712543Z [command]/usr/bin/git checkout --progress --force refs/remotes/pull/1/merge
2026-10-02T11:45:55.9851385Z Updating files:  73% (4533/6162)
2026-10-02T11:45:56.0289809Z Updating files:  74% (4560/6162)
2026-10-02T11:45:56.0327264Z Updating files:  75% (4622/6162)
2026-10-02T11:45:56.0366883Z Updating files:  76% (4684/6162)
2026-10-02T11:45:56.0391923Z Updating files:  77% (4745/6162)
2026-10-02T11:45:56.0782617Z Updating files:  78% (4807/6162)
2026-10-02T11:45:56.1102297Z Updating files:  79% (4868/6162)
2026-10-02T11:45:56.1138597Z Updating files:  80% (4930/6162)
2026-10-02T11:45:56.1235492Z Updating files:  81% (4992/6162)
2026-10-02T11:45:56.1316582Z Updating files:  82% (5053/6162)
2026-10-02T11:45:56.1358279Z Updating files:  83% (5115/6162)
2026-10-02T11:45:56.1374427Z Updating files:  84% (5177/6162)
2026-10-02T11:45:56.1400573Z Updating files:  85% (5238/6162)
2026-10-02T11:45:56.1420596Z Updating files:  86% (5300/6162)
2026-10-02T11:45:56.1463639Z Updating files:  87% (5361/6162)
2026-10-02T11:45:56.1485178Z Updating files:  88% (5423/6162)
2026-10-02T11:45:56.1548110Z Updating files:  89% (5485/6162)
2026-10-02T11:45:56.1608729Z Updating files:  90% (5546/6162)
2026-10-02T11:45:56.1643743Z Updating files:  91% (5608/6162)
2026-10-02T11:45:56.1675018Z Updating files:  92% (5670/6162)
2026-10-02T11:45:56.1723973Z Updating files:  93% (5731/6162)
2026-10-02T11:45:56.1746307Z Updating files:  94% (5793/6162)
2026-10-02T11:45:56.1772542Z Updating files:  95% (5854/6162)
2026-10-02T11:45:56.1800772Z Updating files:  96% (5916/6162)
2026-10-02T11:45:56.1928706Z Updating files:  97% (5978/6162)
2026-10-02T11:45:56.1954622Z Updating files:  98% (6039/6162)
2026-10-02T11:45:56.1976176Z Updating files:  99% (6101/6162)
2026-10-02T11:45:56.1976853Z Updating files: 100% (6162/6162)
2026-10-02T11:45:56.1977243Z Updating files: 100% (6162/6162), done.
2026-10-02T11:45:56.2042262Z Note: switching to 'refs/remotes/pull/1/merge'.
2026-10-02T11:45:56.2042761Z 
2026-10-02T11:45:56.2043180Z You are in 'detached HEAD' state. You can look around, make experimental
2026-10-02T11:45:56.2043723Z changes and commit them, and you can discard any commits you make in this
2026-10-02T11:45:56.2044260Z state without impacting any branches by switching back to a branch.
2026-10-02T11:45:56.2044582Z 
2026-10-02T11:45:56.2044797Z If you want to create a new branch to retain commits you create, you may
2026-10-02T11:45:56.2045294Z do so (now or later) by using -c with the switch command. Example:
2026-10-02T11:45:56.2045630Z 
2026-10-02T11:45:56.2045838Z   git switch -c <new-branch-name>
2026-10-02T11:45:56.2046030Z 
2026-10-02T11:45:56.2046206Z Or undo this operation with:
2026-10-02T11:45:56.2046402Z 
2026-10-02T11:45:56.2046588Z   git switch -
2026-10-02T11:45:56.2046930Z 
2026-10-02T11:45:56.2047209Z Turn off this advice by setting config variable advice.detachedHead to false
2026-10-02T11:45:56.2047527Z 
2026-10-02T11:45:56.2047880Z HEAD is now at 38060bf Merge e17f287ee7ab7270ffc73534c90c14af297d3228 into 609ea8a73f845b496b59b5cae181f515c5919850
2026-10-02T11:45:56.2092443Z ##[endgroup]
2026-10-02T11:45:56.2126876Z [command]/usr/bin/git log -1 --format=%H
2026-10-02T11:45:56.2146369Z 38060bf0d07d57837bf3a9692e9b1a256a85134e
2026-10-02T11:45:56.2154142Z ##[group]Removing auth
2026-10-02T11:45:56.2157459Z [command]/usr/bin/git config --local --name-only --get-regexp core\.sshCommand
2026-10-02T11:45:56.2181848Z [command]/usr/bin/git submodule foreach --recursive sh -c "git config --local --name-only --get-regexp 'core\.sshCommand' && git config --local --unset-all 'core.sshCommand' || :"
2026-10-02T11:45:56.2349965Z [command]/usr/bin/git config --local --name-only --get-regexp http\.https\:\/\/github\.com\/\.extraheader
2026-10-02T11:45:56.2367940Z http.https://github.com/.extraheader
2026-10-02T11:45:56.2373685Z [command]/usr/bin/git config --local --unset-all http.https://github.com/.extraheader
2026-10-02T11:45:56.2398793Z [command]/usr/bin/git submodule foreach --recursive sh -c "git config --local --name-only --get-regexp 'http\.https\:\/\/github\.com\/\.extraheader' && git config --local --unset-all 'http.https://github.com/.extraheader' || :"
2026-10-02T11:45:56.2559753Z [command]/usr/bin/git config --local --name-only --get-regexp ^includeIf\.gitdir:
2026-10-02T11:45:56.2583931Z [command]/usr/bin/git submodule foreach --recursive git config --local --show-origin --name-only --get-regexp remote.origin.url
2026-10-02T11:45:56.2744409Z ##[endgroup]
2026-10-02T11:45:56.2955194Z ##[group]Run actions/setup-python@v5
2026-10-02T11:45:56.2955620Z with:
2026-10-02T11:45:56.2955927Z   python-version: 3.11
2026-10-02T11:45:56.2956268Z   check-latest: false
2026-10-02T11:45:56.2958421Z   token: ***
2026-10-02T11:45:56.2958855Z   update-environment: true
2026-10-02T11:45:56.2959400Z   allow-prereleases: false
2026-10-02T11:45:56.2959734Z   freethreaded: false
2026-10-02T11:45:56.2960041Z ##[endgroup]
2026-10-02T11:45:56.4047038Z ##[group]Installed versions
2026-10-02T11:45:56.4128338Z (node:2083) [DEP0040] DeprecationWarning: The `punycode` module is deprecated. Please use a userland alternative instead.
2026-10-02T11:45:56.4129291Z (Use `node --trace-deprecation ...` to show where the warning was created)
2026-10-02T11:45:56.4130087Z Successfully set up CPython (3.11.16)
2026-10-02T11:45:56.4131189Z ##[endgroup]
2026-10-02T11:45:56.4246739Z ##[group]Run python -m pip install 'PyYAML>=6,<7' 'pytest>=8,<9'
2026-10-02T11:45:56.4247351Z [36;1mpython -m pip install 'PyYAML>=6,<7' 'pytest>=8,<9'[0m
2026-10-02T11:45:56.4248073Z [36;1mpython -m pytest --noconftest tests/test_clean_stack_acceptance.py -q --junitxml=output/quality/clean-stack-gates.xml[0m
2026-10-02T11:45:56.4517138Z shell: /usr/bin/bash -e {0}
2026-10-02T11:45:56.4517562Z env:
2026-10-02T11:45:56.4517935Z   pythonLocation: /opt/hostedtoolcache/Python/3.11.16/x64
2026-10-02T11:45:56.4518476Z   PKG_CONFIG_PATH: /opt/hostedtoolcache/Python/3.11.16/x64/lib/pkgconfig
2026-10-02T11:45:56.4518987Z   Python_ROOT_DIR: /opt/hostedtoolcache/Python/3.11.16/x64
2026-10-02T11:45:56.4519679Z   Python2_ROOT_DIR: /opt/hostedtoolcache/Python/3.11.16/x64
2026-10-02T11:45:56.4520093Z   Python3_ROOT_DIR: /opt/hostedtoolcache/Python/3.11.16/x64
2026-10-02T11:45:56.4520518Z   LD_LIBRARY_PATH: /opt/hostedtoolcache/Python/3.11.16/x64/lib
2026-10-02T11:45:56.4520895Z ##[endgroup]
2026-10-02T11:45:59.4049202Z Collecting PyYAML<7,>=6
2026-10-02T11:45:59.4747452Z   Downloading pyyaml-6.0.3-cp311-cp311-manylinux2014_x86_64.manylinux_2_17_x86_64.manylinux_2_28_x86_64.whl.metadata (2.4 kB)
2026-10-02T11:45:59.5172522Z Collecting pytest<9,>=8
2026-10-02T11:45:59.5268098Z   Downloading pytest-8.4.2-py3-none-any.whl.metadata (7.7 kB)
2026-10-02T11:45:59.5479950Z Collecting iniconfig>=1 (from pytest<9,>=8)
2026-10-02T11:45:59.5577894Z   Downloading iniconfig-2.3.0-py3-none-any.whl.metadata (2.5 kB)
2026-10-02T11:45:59.5811327Z Collecting packaging>=20 (from pytest<9,>=8)
2026-10-02T11:45:59.5906495Z   Downloading packaging-26.3-py3-none-any.whl.metadata (3.5 kB)
2026-10-02T11:45:59.6108445Z Collecting pluggy<2,>=1.5 (from pytest<9,>=8)
2026-10-02T11:45:59.6204068Z   Downloading pluggy-1.6.0-py3-none-any.whl.metadata (4.8 kB)
2026-10-02T11:45:59.6455825Z Collecting pygments>=2.7.2 (from pytest<9,>=8)
2026-10-02T11:45:59.6550962Z   Downloading pygments-2.21.0-py3-none-any.whl.metadata (2.5 kB)
2026-10-02T11:45:59.6684110Z Downloading pyyaml-6.0.3-cp311-cp311-manylinux2014_x86_64.manylinux_2_17_x86_64.manylinux_2_28_x86_64.whl (806 kB)
2026-10-02T11:45:59.7118729Z    ━━━━━━━━━━━━━━━━━━━━━━━━━━━━━━━━━━━━━━━━ 806.6/806.6 kB 32.3 MB/s  0:00:00
2026-10-02T11:45:59.7214227Z Downloading pytest-8.4.2-py3-none-any.whl (365 kB)
2026-10-02T11:45:59.7344791Z Downloading pluggy-1.6.0-py3-none-any.whl (20 kB)
2026-10-02T11:45:59.7457953Z Downloading iniconfig-2.3.0-py3-none-any.whl (7.5 kB)
2026-10-02T11:45:59.7571952Z Downloading packaging-26.3-py3-none-any.whl (129 kB)
2026-10-02T11:45:59.7689747Z Downloading pygments-2.21.0-py3-none-any.whl (1.3 MB)
2026-10-02T11:45:59.7829564Z    ━━━━━━━━━━━━━━━━━━━━━━━━━━━━━━━━━━━━━━━━ 1.3/1.3 MB 84.9 MB/s  0:00:00
2026-10-02T11:45:59.9347079Z Installing collected packages: PyYAML, pygments, pluggy, packaging, iniconfig, pytest
2026-10-02T11:46:00.6306777Z 
2026-10-02T11:46:00.6317362Z Successfully installed PyYAML-6.0.3 iniconfig-2.3.0 packaging-26.3 pluggy-1.6.0 pygments-2.21.0 pytest-8.4.2
2026-10-02T11:46:01.7704138Z ........................................................................ [ 82%]
2026-10-02T11:46:01.8030904Z ...............                                                          [100%]
2026-10-02T11:46:01.8031893Z - generated xml file: /home/runner/work/mini-drop/mini-drop/output/quality/clean-stack-gates.xml -
2026-10-02T11:46:01.8032824Z 87 passed in 0.70s
2026-10-02T11:46:01.8309712Z ##[group]Run python scripts/verify_clean_stack.py --expected-head '38060bf0d07d57837bf3a9692e9b1a256a85134e' --output output/quality/clean-stack
2026-10-02T11:46:01.8310617Z [36;1mpython scripts/verify_clean_stack.py --expected-head '38060bf0d07d57837bf3a9692e9b1a256a85134e' --output output/quality/clean-stack[0m
2026-10-02T11:46:01.8349549Z shell: /usr/bin/bash -e {0}
2026-10-02T11:46:01.8349987Z env:
2026-10-02T11:46:01.8350363Z   pythonLocation: /opt/hostedtoolcache/Python/3.11.16/x64
2026-10-02T11:46:01.8350821Z   PKG_CONFIG_PATH: /opt/hostedtoolcache/Python/3.11.16/x64/lib/pkgconfig
2026-10-02T11:46:01.8351252Z   Python_ROOT_DIR: /opt/hostedtoolcache/Python/3.11.16/x64
2026-10-02T11:46:01.8351626Z   Python2_ROOT_DIR: /opt/hostedtoolcache/Python/3.11.16/x64
2026-10-02T11:46:01.8352050Z   Python3_ROOT_DIR: /opt/hostedtoolcache/Python/3.11.16/x64
2026-10-02T11:46:01.8352462Z   LD_LIBRARY_PATH: /opt/hostedtoolcache/Python/3.11.16/x64/lib
2026-10-02T11:46:01.8352952Z ##[endgroup]
2026-10-02T11:46:01.8980318Z clean-stack: preflight
2026-10-02T11:46:01.8997964Z clean-stack command 1 completed in 0.0s
2026-10-02T11:46:02.1256275Z clean-stack command 2 completed in 0.2s
2026-10-02T11:46:02.1270981Z clean-stack command 3 completed in 0.0s
2026-10-02T11:46:02.2862467Z clean-stack command 4 completed in 0.2s
2026-10-02T11:46:02.3316197Z clean-stack command 5 completed in 0.0s
2026-10-02T11:46:02.3430933Z clean-stack command 6 completed in 0.0s
2026-10-02T11:46:02.3539922Z clean-stack command 7 completed in 0.0s
2026-10-02T11:46:02.3647911Z clean-stack command 8 completed in 0.0s
2026-10-02T11:46:02.3661196Z clean-stack: configuration
2026-10-02T11:46:04.4971826Z clean-stack command 9 completed in 2.1s
2026-10-02T11:46:04.5031435Z clean-stack command 10 completed in 0.0s
2026-10-02T11:46:04.5085312Z clean-stack command 11 completed in 0.0s
2026-10-02T11:46:04.5140268Z clean-stack command 12 completed in 0.0s
2026-10-02T11:46:04.5191074Z clean-stack command 13 completed in 0.0s
2026-10-02T11:46:04.6065358Z clean-stack command 14 completed in 0.1s
2026-10-02T11:46:04.6098153Z clean-stack: build
2026-10-02T11:46:04.6215236Z clean-stack command 15 completed in 0.0s
2026-10-02T11:48:48.4258154Z clean-stack command 16 completed in 163.8s
2026-10-02T11:48:48.4392507Z clean-stack command 17 completed in 0.0s
2026-10-02T11:49:19.7715136Z clean-stack command 18 completed in 31.3s
2026-10-02T11:49:19.7846836Z clean-stack command 19 completed in 0.0s
2026-10-02T11:50:01.0355036Z clean-stack command 20 completed in 41.3s
2026-10-02T11:50:01.0488233Z clean-stack command 21 completed in 0.0s
2026-10-02T11:50:54.2151853Z clean-stack command 22 completed in 53.2s
2026-10-02T11:50:54.2280953Z clean-stack command 23 completed in 0.0s
2026-10-02T11:51:57.0305569Z clean-stack command 24 completed in 62.8s
2026-10-02T11:51:57.0439614Z clean-stack command 25 completed in 0.0s
2026-10-02T11:52:10.0315689Z clean-stack command 26 completed in 13.0s
2026-10-02T11:52:10.0445324Z clean-stack command 27 completed in 0.0s
2026-10-02T11:52:12.0300044Z clean-stack command 28 completed in 2.0s
2026-10-02T11:52:17.6927204Z clean-stack command 29 completed in 5.7s
2026-10-02T11:52:17.7062081Z clean-stack command 30 completed in 0.0s
2026-10-02T11:52:17.7177773Z clean-stack command 31 completed in 0.0s
2026-10-02T11:52:17.7285336Z clean-stack command 32 completed in 0.0s
2026-10-02T11:52:17.7388530Z clean-stack command 33 completed in 0.0s
2026-10-02T11:52:17.7504354Z clean-stack command 34 completed in 0.0s
2026-10-02T11:52:17.7605188Z clean-stack command 35 completed in 0.0s
2026-10-02T11:52:17.7718145Z clean-stack command 36 completed in 0.0s
2026-10-02T11:52:17.7826343Z clean-stack command 37 completed in 0.0s
2026-10-02T11:52:17.7943499Z clean-stack command 38 completed in 0.0s
2026-10-02T11:52:17.8056750Z clean-stack command 39 completed in 0.0s
2026-10-02T11:52:17.8066445Z clean-stack: start
2026-10-02T11:52:52.0858004Z clean-stack command 40 completed in 34.3s
2026-10-02T11:52:52.1059908Z clean-stack command 41 completed in 0.0s
2026-10-02T11:52:52.1251919Z clean-stack command 42 completed in 0.0s
2026-10-02T11:52:55.1402107Z clean-stack command 43 completed in 0.0s
2026-10-02T11:52:55.1578325Z clean-stack command 44 completed in 0.0s
2026-10-02T11:52:58.1730813Z clean-stack command 45 completed in 0.0s
2026-10-02T11:52:58.1912083Z clean-stack command 46 completed in 0.0s
2026-10-02T11:53:01.2072949Z clean-stack command 47 completed in 0.0s
2026-10-02T11:53:01.2312189Z clean-stack command 48 completed in 0.0s
2026-10-02T11:53:04.2505062Z clean-stack command 49 completed in 0.0s
2026-10-02T11:53:04.2695108Z clean-stack command 50 completed in 0.0s
2026-10-02T11:53:04.3218962Z clean-stack command 51 completed in 0.1s
2026-10-02T11:53:04.6119734Z clean-stack command 52 completed in 0.3s
2026-10-02T11:53:04.7072597Z clean-stack command 53 completed in 0.1s
2026-10-02T11:53:04.7082132Z clean-stack: migration
2026-10-02T11:53:04.8063579Z clean-stack command 54 completed in 0.1s
2026-10-02T11:53:04.8100092Z clean-stack: heartbeat
2026-10-02T11:53:07.8216371Z clean-stack: task
2026-10-02T11:53:07.8353758Z clean-stack command 55 completed in 0.0s
2026-10-02T11:53:07.8969757Z clean-stack command 56 completed in 0.1s
2026-10-02T11:53:07.9087637Z clean-stack command 57 completed in 0.0s
2026-10-02T11:53:22.9406142Z clean-stack: artifacts
2026-10-02T11:53:23.0563901Z clean-stack command 58 completed in 0.1s
2026-10-02T11:53:23.0692661Z clean-stack command 59 completed in 0.0s
2026-10-02T11:53:23.1273026Z clean-stack command 60 completed in 0.1s
2026-10-02T11:53:23.1387848Z clean-stack command 61 completed in 0.0s
2026-10-02T11:53:23.2400691Z clean-stack command 62 completed in 0.1s
2026-10-02T11:53:23.2420659Z clean-stack: readonly
2026-10-02T11:53:23.2574171Z clean-stack command 63 completed in 0.0s
2026-10-02T11:53:23.2727480Z clean-stack command 64 completed in 0.0s
2026-10-02T11:53:23.3503697Z clean-stack command 65 completed in 0.1s
2026-10-02T11:53:23.3508098Z clean-stack: cleanup
2026-10-02T11:53:23.3634758Z clean-stack command 66 completed in 0.0s
2026-10-02T11:53:23.3807982Z clean-stack command 67 completed in 0.0s
2026-10-02T11:53:38.5476525Z clean-stack command 68 completed in 15.2s
2026-10-02T11:53:38.5863236Z clean-stack command 69 completed in 0.0s
2026-10-02T11:53:38.5986033Z clean-stack command 70 completed in 0.0s
2026-10-02T11:53:38.6102568Z clean-stack command 71 completed in 0.0s
2026-10-02T11:53:38.7116982Z clean-stack command 72 completed in 0.1s
2026-10-02T11:53:38.7231289Z clean-stack command 73 completed in 0.0s
2026-10-02T11:53:38.7347446Z clean-stack command 74 completed in 0.0s
2026-10-02T11:53:38.7425425Z clean-stack command 75 completed in 0.0s
2026-10-02T11:53:38.7448459Z {"status": "PASSED", "report": "/home/runner/work/mini-drop/mini-drop/output/quality/clean-stack/report.json", "failure": null}
2026-10-02T11:53:38.7626231Z ##[group]Run actions/upload-artifact@v4
2026-10-02T11:53:38.7626545Z with:
2026-10-02T11:53:38.7626888Z   name: clean-core-stack-38060bf0d07d57837bf3a9692e9b1a256a85134e-1
2026-10-02T11:53:38.7627383Z   path: output/quality/clean-stack/
output/quality/clean-stack-gates.xml

2026-10-02T11:53:38.7627760Z   if-no-files-found: error
2026-10-02T11:53:38.7628072Z   retention-days: 14
2026-10-02T11:53:38.7628345Z   compression-level: 6
2026-10-02T11:53:38.7628610Z   overwrite: false
2026-10-02T11:53:38.7628894Z   include-hidden-files: false
2026-10-02T11:53:38.7629390Z env:
2026-10-02T11:53:38.7629734Z   pythonLocation: /opt/hostedtoolcache/Python/3.11.16/x64
2026-10-02T11:53:38.7630148Z   PKG_CONFIG_PATH: /opt/hostedtoolcache/Python/3.11.16/x64/lib/pkgconfig
2026-10-02T11:53:38.7630567Z   Python_ROOT_DIR: /opt/hostedtoolcache/Python/3.11.16/x64
2026-10-02T11:53:38.7630972Z   Python2_ROOT_DIR: /opt/hostedtoolcache/Python/3.11.16/x64
2026-10-02T11:53:38.7631467Z   Python3_ROOT_DIR: /opt/hostedtoolcache/Python/3.11.16/x64
2026-10-02T11:53:38.7631856Z   LD_LIBRARY_PATH: /opt/hostedtoolcache/Python/3.11.16/x64/lib
2026-10-02T11:53:38.7632184Z ##[endgroup]
2026-10-02T11:53:38.9114485Z (node:33533) [DEP0040] DeprecationWarning: The `punycode` module is deprecated. Please use a userland alternative instead.
2026-10-02T11:53:38.9115999Z (Use `node --trace-deprecation ...` to show where the warning was created)
2026-10-02T11:53:38.9269979Z Multiple search paths detected. Calculating the least common ancestor of all paths
2026-10-02T11:53:38.9271881Z The least common ancestor is /home/runner/work/mini-drop/mini-drop/output/quality. This will be the root directory of the artifact
2026-10-02T11:53:38.9273000Z With the provided path, there will be 58 files uploaded
2026-10-02T11:53:38.9273923Z Artifact name is valid!
2026-10-02T11:53:38.9274507Z Root directory input is valid!
2026-10-02T11:53:39.1796245Z Beginning upload of artifact content to blob storage
2026-10-02T11:53:39.2539185Z (node:33533) [DEP0169] DeprecationWarning: `url.parse()` behavior is not standardized and prone to errors that have security implications. Use the WHATWG URL API instead. CVEs are not issued for `url.parse()` vulnerabilities.
2026-10-02T11:53:39.4647671Z Uploaded bytes 89455
2026-10-02T11:53:39.5052875Z Finished uploading artifact content to blob storage!
2026-10-02T11:53:39.5054139Z SHA256 digest of uploaded artifact zip is 41673942fc7da21437c958a856d467f9a84aa8cc99d7d8da971d366397267279
2026-10-02T11:53:39.5055639Z Finalizing artifact upload
2026-10-02T11:53:39.7362835Z Artifact clean-core-stack-38060bf0d07d57837bf3a9692e9b1a256a85134e-1.zip successfully finalized. Artifact ID 11225395248
2026-10-02T11:53:39.7363769Z Artifact clean-core-stack-38060bf0d07d57837bf3a9692e9b1a256a85134e-1 has been successfully uploaded! Final size is 89455 bytes. Artifact ID is 11225395248
2026-10-02T11:53:39.7367378Z Artifact download URL: https://github.com/llongwang751-arch/mini-drop/actions/runs/37002790727/artifacts/11225395248
2026-10-02T11:53:39.7506810Z Post job cleanup.
2026-10-02T11:53:39.8516284Z (node:33546) [DEP0040] DeprecationWarning: The `punycode` module is deprecated. Please use a userland alternative instead.
2026-10-02T11:53:39.8516931Z (Use `node --trace-deprecation ...` to show where the warning was created)
2026-10-02T11:53:39.8637847Z Post job cleanup.
2026-10-02T11:53:39.9381973Z [command]/usr/bin/git version
2026-10-02T11:53:39.9430018Z git version 2.55.0
2026-10-02T11:53:39.9445432Z Temporarily overriding HOME='/home/runner/work/_temp/1bda342d-25c3-4d24-8b3b-ddfd0dd29b1c' before making global git config changes
2026-10-02T11:53:39.9452329Z Adding repository directory to the temporary git global config as a safe directory
2026-10-02T11:53:39.9453227Z [command]/usr/bin/git config --global --add safe.directory /home/runner/work/mini-drop/mini-drop
2026-10-02T11:53:39.9495162Z [command]/usr/bin/git config --local --name-only --get-regexp core\.sshCommand
2026-10-02T11:53:39.9525681Z [command]/usr/bin/git submodule foreach --recursive sh -c "git config --local --name-only --get-regexp 'core\.sshCommand' && git config --local --unset-all 'core.sshCommand' || :"
2026-10-02T11:53:39.9762519Z [command]/usr/bin/git config --local --name-only --get-regexp http\.https\:\/\/github\.com\/\.extraheader
2026-10-02T11:53:39.9790792Z [command]/usr/bin/git submodule foreach --recursive sh -c "git config --local --name-only --get-regexp 'http\.https\:\/\/github\.com\/\.extraheader' && git config --local --unset-all 'http.https://github.com/.extraheader' || :"
2026-10-02T11:53:39.9980450Z [command]/usr/bin/git config --local --name-only --get-regexp ^includeIf\.gitdir:
2026-10-02T11:53:40.0007719Z [command]/usr/bin/git submodule foreach --recursive git config --local --show-origin --name-only --get-regexp remote.origin.url
2026-10-02T11:53:40.0286583Z Cleaning up orphan processes
2026-10-02T11:53:40.0598905Z ##[warning]Node.js 20 is deprecated. The following actions target Node.js 20 but are being forced to run on Node.js 24: actions/checkout@v4, actions/setup-python@v5, actions/upload-artifact@v4. For more information see: https://github.blog/changelog/2025-09-19-deprecation-of-node-20-on-github-actions-runners/
