2026-10-02T10:37:36.4764387Z Current runner version: '2.337.0'
2026-10-02T10:37:36.4791054Z ##[group]Runner Image Provisioner
2026-10-02T10:37:36.4792282Z Hosted Compute Agent
2026-10-02T10:37:36.4793353Z Version: 20260901.588
2026-10-02T10:37:36.4794332Z Commit: f88ec8081b781fac6c440065ac7ff9e710ce3d0b
2026-10-02T10:37:36.4795536Z Build Date: 2026-09-01T19:56:44Z
2026-10-02T10:37:36.4796686Z Worker ID: {584e26c8-7fa4-4296-87b8-aa389ac18419}
2026-10-02T10:37:36.4797728Z Azure Region: centralus
2026-10-02T10:37:36.4798695Z ##[endgroup]
2026-10-02T10:37:36.4800899Z ##[group]Operating System
2026-10-02T10:37:36.4801822Z Ubuntu
2026-10-02T10:37:36.4802706Z 22.04.5
2026-10-02T10:37:36.4803437Z LTS
2026-10-02T10:37:36.4804324Z ##[endgroup]
2026-10-02T10:37:36.4805141Z ##[group]Runner Image
2026-10-02T10:37:36.4806237Z Image: ubuntu-22.04
2026-10-02T10:37:36.4807123Z Version: 20260927.309.1
2026-10-02T10:37:36.4809092Z Included Software: https://github.com/actions/runner-images/blob/ubuntu22/20260927.309/images/ubuntu/Ubuntu2204-Readme.md
2026-10-02T10:37:36.4811650Z Image Release: https://github.com/actions/runner-images/releases/tag/ubuntu22%2F20260927.309
2026-10-02T10:37:36.4813270Z ##[endgroup]
2026-10-02T10:37:36.4815070Z ##[group]GITHUB_TOKEN Permissions
2026-10-02T10:37:36.4818044Z Contents: read
2026-10-02T10:37:36.4818942Z Metadata: read
2026-10-02T10:37:36.4819755Z Packages: read
2026-10-02T10:37:36.4820810Z ##[endgroup]
2026-10-02T10:37:36.4823520Z Secret source: Actions
2026-10-02T10:37:36.4825018Z Cache mode: write
2026-10-02T10:37:36.4826325Z Prepare workflow directory
2026-10-02T10:37:36.5152504Z Prepare all required actions
2026-10-02T10:37:36.5199609Z Getting action download info
2026-10-02T10:37:36.8287926Z Download action repository 'actions/checkout@v4' (SHA:11d5960a326750d5838078e36cf38b85af677262)
2026-10-02T10:37:36.9325329Z Download action repository 'actions/setup-python@v5' (SHA:a26af69be951a213d495a4c3e4e4022e16d87065)
2026-10-02T10:37:37.0843537Z Download action repository 'actions/setup-go@v5' (SHA:40f1582b2485089dde7abd97c1529aa768e1baff)
2026-10-02T10:37:37.5326531Z Download action repository 'actions/upload-artifact@v4' (SHA:ea165f8d65b6e75b540449e92b4886f43607fa02)
2026-10-02T10:37:37.7769758Z Complete job name: Python and Go independent CPU controls
2026-10-02T10:37:37.8586810Z ##[group]Run actions/checkout@v4
2026-10-02T10:37:37.8587704Z with:
2026-10-02T10:37:37.8588219Z   repository: llongwang751-arch/mini-drop
2026-10-02T10:37:37.8592421Z   token: ***
2026-10-02T10:37:37.8592891Z   ssh-strict: true
2026-10-02T10:37:37.8593383Z   ssh-user: git
2026-10-02T10:37:37.8593877Z   persist-credentials: true
2026-10-02T10:37:37.8594405Z   clean: true
2026-10-02T10:37:37.8594892Z   sparse-checkout-cone-mode: true
2026-10-02T10:37:37.8595460Z   fetch-depth: 1
2026-10-02T10:37:37.8595930Z   fetch-tags: false
2026-10-02T10:37:37.8596419Z   show-progress: true
2026-10-02T10:37:37.8596908Z   lfs: false
2026-10-02T10:37:37.8597369Z   submodules: false
2026-10-02T10:37:37.8597880Z   set-safe-directory: true
2026-10-02T10:37:37.8598482Z   allow-unsafe-pr-checkout: false
2026-10-02T10:37:37.8599309Z ##[endgroup]
2026-10-02T10:37:37.9579639Z Syncing repository: llongwang751-arch/mini-drop
2026-10-02T10:37:37.9583494Z ##[group]Getting Git version info
2026-10-02T10:37:37.9585206Z Working directory is '/home/runner/work/mini-drop/mini-drop'
2026-10-02T10:37:37.9587508Z [command]/usr/bin/git version
2026-10-02T10:37:37.9611588Z git version 2.55.0
2026-10-02T10:37:37.9631182Z ##[endgroup]
2026-10-02T10:37:37.9642326Z Temporarily overriding HOME='/home/runner/work/_temp/003d2715-4b4a-4e37-b2df-bbd46578f6eb' before making global git config changes
2026-10-02T10:37:37.9645698Z Adding repository directory to the temporary git global config as a safe directory
2026-10-02T10:37:37.9648504Z [command]/usr/bin/git config --global --add safe.directory /home/runner/work/mini-drop/mini-drop
2026-10-02T10:37:37.9674876Z Deleting the contents of '/home/runner/work/mini-drop/mini-drop'
2026-10-02T10:37:37.9680380Z ##[group]Initializing the repository
2026-10-02T10:37:37.9684894Z [command]/usr/bin/git init /home/runner/work/mini-drop/mini-drop
2026-10-02T10:37:37.9786946Z hint: Using 'master' as the name for the initial branch. This default branch name
2026-10-02T10:37:37.9789351Z hint: will change to "main" in Git 3.0. To configure the initial branch name
2026-10-02T10:37:37.9791819Z hint: to use in all of your new repositories, which will suppress this warning,
2026-10-02T10:37:37.9793898Z hint: call:
2026-10-02T10:37:37.9794978Z hint:
2026-10-02T10:37:37.9796349Z hint: 	git config --global init.defaultBranch <name>
2026-10-02T10:37:37.9797828Z hint:
2026-10-02T10:37:37.9799246Z hint: Names commonly chosen instead of 'master' are 'main', 'trunk' and
2026-10-02T10:37:37.9801633Z hint: 'development'. The just-created branch can be renamed via this command:
2026-10-02T10:37:37.9803539Z hint:
2026-10-02T10:37:37.9804654Z hint: 	git branch -m <name>
2026-10-02T10:37:37.9805897Z hint:
2026-10-02T10:37:37.9807448Z hint: Disable this message with "git config set advice.defaultBranchName false"
2026-10-02T10:37:37.9809946Z Initialized empty Git repository in /home/runner/work/mini-drop/mini-drop/.git/
2026-10-02T10:37:37.9814372Z [command]/usr/bin/git remote add origin https://github.com/llongwang751-arch/mini-drop
2026-10-02T10:37:37.9829619Z ##[endgroup]
2026-10-02T10:37:37.9831492Z ##[group]Disabling automatic garbage collection
2026-10-02T10:37:37.9833183Z [command]/usr/bin/git config --local gc.auto 0
2026-10-02T10:37:37.9859043Z ##[endgroup]
2026-10-02T10:37:37.9860709Z ##[group]Setting up auth
2026-10-02T10:37:37.9866253Z [command]/usr/bin/git config --local --name-only --get-regexp core\.sshCommand
2026-10-02T10:37:37.9894125Z [command]/usr/bin/git submodule foreach --recursive sh -c "git config --local --name-only --get-regexp 'core\.sshCommand' && git config --local --unset-all 'core.sshCommand' || :"
2026-10-02T10:37:38.0205471Z [command]/usr/bin/git config --local --name-only --get-regexp http\.https\:\/\/github\.com\/\.extraheader
2026-10-02T10:37:38.0233730Z [command]/usr/bin/git submodule foreach --recursive sh -c "git config --local --name-only --get-regexp 'http\.https\:\/\/github\.com\/\.extraheader' && git config --local --unset-all 'http.https://github.com/.extraheader' || :"
2026-10-02T10:37:38.0436675Z [command]/usr/bin/git config --local --name-only --get-regexp ^includeIf\.gitdir:
2026-10-02T10:37:38.0464725Z [command]/usr/bin/git submodule foreach --recursive git config --local --show-origin --name-only --get-regexp remote.origin.url
2026-10-02T10:37:38.0643070Z [command]/usr/bin/git config --local http.https://github.com/.extraheader AUTHORIZATION: basic ***
2026-10-02T10:37:38.0674246Z ##[endgroup]
2026-10-02T10:37:38.0675820Z ##[group]Fetching the repository
2026-10-02T10:37:38.0685109Z [command]/usr/bin/git -c protocol.version=2 fetch --no-tags --prune --no-recurse-submodules --depth=1 origin +4321aba043be6c2eb36580cf3b00d56c50bda914:refs/remotes/pull/1/merge
2026-10-02T10:37:45.2948219Z From https://github.com/llongwang751-arch/mini-drop
2026-10-02T10:37:45.2949248Z  * [new ref]         4321aba043be6c2eb36580cf3b00d56c50bda914 -> pull/1/merge
2026-10-02T10:37:45.2952010Z ##[endgroup]
2026-10-02T10:37:45.2952779Z ##[group]Determining the checkout info
2026-10-02T10:37:45.2953941Z ##[endgroup]
2026-10-02T10:37:45.2968489Z [command]/usr/bin/git sparse-checkout disable
2026-10-02T10:37:45.3056767Z [command]/usr/bin/git config --local --unset-all extensions.worktreeConfig
2026-10-02T10:37:45.3079592Z ##[group]Checking out the ref
2026-10-02T10:37:45.3083407Z [command]/usr/bin/git checkout --progress --force refs/remotes/pull/1/merge
2026-10-02T10:37:46.3166395Z Updating files:  93% (4085/4371)
2026-10-02T10:37:46.3188080Z Updating files:  94% (4109/4371)
2026-10-02T10:37:46.3214046Z Updating files:  95% (4153/4371)
2026-10-02T10:37:46.3328638Z Updating files:  96% (4197/4371)
2026-10-02T10:37:46.3347291Z Updating files:  97% (4240/4371)
2026-10-02T10:37:46.3367572Z Updating files:  98% (4284/4371)
2026-10-02T10:37:46.3385567Z Updating files:  99% (4328/4371)
2026-10-02T10:37:46.3387019Z Updating files: 100% (4371/4371)
2026-10-02T10:37:46.3387718Z Updating files: 100% (4371/4371), done.
2026-10-02T10:37:46.3449341Z Note: switching to 'refs/remotes/pull/1/merge'.
2026-10-02T10:37:46.3449807Z 
2026-10-02T10:37:46.3450280Z You are in 'detached HEAD' state. You can look around, make experimental
2026-10-02T10:37:46.3451087Z changes and commit them, and you can discard any commits you make in this
2026-10-02T10:37:46.3451718Z state without impacting any branches by switching back to a branch.
2026-10-02T10:37:46.3452016Z 
2026-10-02T10:37:46.3452225Z If you want to create a new branch to retain commits you create, you may
2026-10-02T10:37:46.3452649Z do so (now or later) by using -c with the switch command. Example:
2026-10-02T10:37:46.3452899Z 
2026-10-02T10:37:46.3453012Z   git switch -c <new-branch-name>
2026-10-02T10:37:46.3453184Z 
2026-10-02T10:37:46.3453317Z Or undo this operation with:
2026-10-02T10:37:46.3453501Z 
2026-10-02T10:37:46.3453585Z   git switch -
2026-10-02T10:37:46.3453728Z 
2026-10-02T10:37:46.3453950Z Turn off this advice by setting config variable advice.detachedHead to false
2026-10-02T10:37:46.3454243Z 
2026-10-02T10:37:46.3454571Z HEAD is now at 4321aba Merge 73b4b18ad83553a5012a0025dfb78bb21ff8dc7f into 609ea8a73f845b496b59b5cae181f515c5919850
2026-10-02T10:37:46.3502743Z ##[endgroup]
2026-10-02T10:37:46.3544522Z [command]/usr/bin/git log -1 --format=%H
2026-10-02T10:37:46.3565297Z 4321aba043be6c2eb36580cf3b00d56c50bda914
2026-10-02T10:37:46.3801763Z ##[group]Run actions/setup-python@v5
2026-10-02T10:37:46.3802044Z with:
2026-10-02T10:37:46.3802251Z   python-version: 3.11
2026-10-02T10:37:46.3802468Z   check-latest: false
2026-10-02T10:37:46.3804952Z   token: ***
2026-10-02T10:37:46.3805192Z   update-environment: true
2026-10-02T10:37:46.3805440Z   allow-prereleases: false
2026-10-02T10:37:46.3805670Z   freethreaded: false
2026-10-02T10:37:46.3805885Z ##[endgroup]
2026-10-02T10:37:46.5089217Z ##[group]Installed versions
2026-10-02T10:37:46.5667173Z (node:2014) [DEP0040] DeprecationWarning: The `punycode` module is deprecated. Please use a userland alternative instead.
2026-10-02T10:37:46.5668277Z (Use `node --trace-deprecation ...` to show where the warning was created)
2026-10-02T10:37:46.5668913Z Successfully set up CPython (3.11.16)
2026-10-02T10:37:46.5669809Z ##[endgroup]
2026-10-02T10:37:46.5818260Z ##[group]Run actions/setup-go@v5
2026-10-02T10:37:46.5818521Z with:
2026-10-02T10:37:46.5818734Z   go-version-file: demo/go-hotspot/go.mod
2026-10-02T10:37:46.5819003Z   check-latest: false
2026-10-02T10:37:46.5821609Z   token: ***
2026-10-02T10:37:46.5821801Z   cache: true
2026-10-02T10:37:46.5821983Z env:
2026-10-02T10:37:46.5822227Z   pythonLocation: /opt/hostedtoolcache/Python/3.11.16/x64
2026-10-02T10:37:46.5822662Z   PKG_CONFIG_PATH: /opt/hostedtoolcache/Python/3.11.16/x64/lib/pkgconfig
2026-10-02T10:37:46.5823069Z   Python_ROOT_DIR: /opt/hostedtoolcache/Python/3.11.16/x64
2026-10-02T10:37:46.5823432Z   Python2_ROOT_DIR: /opt/hostedtoolcache/Python/3.11.16/x64
2026-10-02T10:37:46.5823804Z   Python3_ROOT_DIR: /opt/hostedtoolcache/Python/3.11.16/x64
2026-10-02T10:37:46.5824163Z   LD_LIBRARY_PATH: /opt/hostedtoolcache/Python/3.11.16/x64/lib
2026-10-02T10:37:46.5824460Z ##[endgroup]
2026-10-02T10:37:46.7231200Z Setup go version spec 1.26.8
2026-10-02T10:37:46.7298218Z Found in cache @ /opt/hostedtoolcache/go/1.26.8/x64
2026-10-02T10:37:46.7300474Z (node:2023) [DEP0040] DeprecationWarning: The `punycode` module is deprecated. Please use a userland alternative instead.
2026-10-02T10:37:46.7301604Z (Use `node --trace-deprecation ...` to show where the warning was created)
2026-10-02T10:37:46.7304071Z Added go to the path
2026-10-02T10:37:46.7308779Z Successfully set up Go version 1.26.8
2026-10-02T10:37:47.5870717Z [command]/opt/hostedtoolcache/go/1.26.8/x64/bin/go env GOMODCACHE
2026-10-02T10:37:47.5942960Z [command]/opt/hostedtoolcache/go/1.26.8/x64/bin/go env GOCACHE
2026-10-02T10:37:47.5964940Z /home/runner/go/pkg/mod
2026-10-02T10:37:47.5990971Z /home/runner/.cache/go-build
2026-10-02T10:37:47.6025202Z ##[warning]Restore cache failed: Dependencies file is not found in /home/runner/work/mini-drop/mini-drop. Supported file pattern: go.sum
2026-10-02T10:37:47.6043704Z go version go1.26.8 linux/amd64
2026-10-02T10:37:47.6043943Z 
2026-10-02T10:37:47.6044239Z ##[group]go env
2026-10-02T10:37:48.3102843Z AR='ar'
2026-10-02T10:37:48.3103212Z CC='gcc'
2026-10-02T10:37:48.3103537Z CGO_CFLAGS='-O2 -g'
2026-10-02T10:37:48.3103871Z CGO_CPPFLAGS=''
2026-10-02T10:37:48.3104195Z CGO_CXXFLAGS='-O2 -g'
2026-10-02T10:37:48.3104517Z CGO_ENABLED='1'
2026-10-02T10:37:48.3104845Z CGO_FFLAGS='-O2 -g'
2026-10-02T10:37:48.3105284Z CGO_LDFLAGS='-O2 -g'
2026-10-02T10:37:48.3105581Z CXX='g++'
2026-10-02T10:37:48.3105873Z GCCGO='gccgo'
2026-10-02T10:37:48.3106145Z GO111MODULE=''
2026-10-02T10:37:48.3106448Z GOAMD64='v1'
2026-10-02T10:37:48.3106738Z GOARCH='amd64'
2026-10-02T10:37:48.3107000Z GOAUTH='netrc'
2026-10-02T10:37:48.3107302Z GOBIN=''
2026-10-02T10:37:48.3107671Z GOCACHE='/home/runner/.cache/go-build'
2026-10-02T10:37:48.3108120Z GOCACHEPROG=''
2026-10-02T10:37:48.3108398Z GODEBUG=''
2026-10-02T10:37:48.3108696Z GOENV='/home/runner/.config/go/env'
2026-10-02T10:37:48.3109062Z GOEXE=''
2026-10-02T10:37:48.3109338Z GOEXPERIMENT=''
2026-10-02T10:37:48.3109671Z GOFIPS140='off'
2026-10-02T10:37:48.3109978Z GOFLAGS=''
2026-10-02T10:37:48.3111242Z GOGCCFLAGS='-fPIC -m64 -pthread -Wl,--no-gc-sections -fmessage-length=0 -ffile-prefix-map=/tmp/go-build894361483=/tmp/go-build -gno-record-gcc-switches'
2026-10-02T10:37:48.3112243Z GOHOSTARCH='amd64'
2026-10-02T10:37:48.3112571Z GOHOSTOS='linux'
2026-10-02T10:37:48.3112907Z GOINSECURE=''
2026-10-02T10:37:48.3113226Z GOMOD='/dev/null'
2026-10-02T10:37:48.3113602Z GOMODCACHE='/home/runner/go/pkg/mod'
2026-10-02T10:37:48.3114025Z GONOPROXY=''
2026-10-02T10:37:48.3114336Z GONOSUMDB=''
2026-10-02T10:37:48.3114631Z GOOS='linux'
2026-10-02T10:37:48.3114955Z GOPATH='/home/runner/go'
2026-10-02T10:37:48.3115329Z GOPRIVATE=''
2026-10-02T10:37:48.3115758Z GOPROXY='https://proxy.golang.org,direct'
2026-10-02T10:37:48.3116286Z GOROOT='/opt/hostedtoolcache/go/1.26.8/x64'
2026-10-02T10:37:48.3116768Z GOSUMDB='sum.golang.org'
2026-10-02T10:37:48.3117160Z GOTELEMETRY='local'
2026-10-02T10:37:48.3117614Z GOTELEMETRYDIR='/home/runner/.config/go/telemetry'
2026-10-02T10:37:48.3118443Z GOTMPDIR=''
2026-10-02T10:37:48.3118816Z GOTOOLCHAIN='auto'
2026-10-02T10:37:48.3119377Z GOTOOLDIR='/opt/hostedtoolcache/go/1.26.8/x64/pkg/tool/linux_amd64'
2026-10-02T10:37:48.3120031Z GOVCS=''
2026-10-02T10:37:48.3120497Z GOVERSION='go1.26.8'
2026-10-02T10:37:48.3120820Z GOWORK=''
2026-10-02T10:37:48.3121130Z PKG_CONFIG='pkg-config'
2026-10-02T10:37:48.3121372Z 
2026-10-02T10:37:48.3121971Z ##[endgroup]
2026-10-02T10:37:48.3222128Z ##[group]Run python -m pip install "psutil>=7.2,<8"
2026-10-02T10:37:48.3222618Z [36;1mpython -m pip install "psutil>=7.2,<8"[0m
2026-10-02T10:37:48.3548726Z shell: /usr/bin/bash -e {0}
2026-10-02T10:37:48.3548986Z env:
2026-10-02T10:37:48.3549269Z   pythonLocation: /opt/hostedtoolcache/Python/3.11.16/x64
2026-10-02T10:37:48.3549678Z   PKG_CONFIG_PATH: /opt/hostedtoolcache/Python/3.11.16/x64/lib/pkgconfig
2026-10-02T10:37:48.3550252Z   Python_ROOT_DIR: /opt/hostedtoolcache/Python/3.11.16/x64
2026-10-02T10:37:48.3550618Z   Python2_ROOT_DIR: /opt/hostedtoolcache/Python/3.11.16/x64
2026-10-02T10:37:48.3550977Z   Python3_ROOT_DIR: /opt/hostedtoolcache/Python/3.11.16/x64
2026-10-02T10:37:48.3551335Z   LD_LIBRARY_PATH: /opt/hostedtoolcache/Python/3.11.16/x64/lib
2026-10-02T10:37:48.3551635Z ##[endgroup]
2026-10-02T10:37:51.3488466Z Collecting psutil<8,>=7.2
2026-10-02T10:37:51.4178891Z   Downloading psutil-7.2.2-cp36-abi3-manylinux2010_x86_64.manylinux_2_12_x86_64.manylinux_2_28_x86_64.whl.metadata (22 kB)
2026-10-02T10:37:51.4400937Z Downloading psutil-7.2.2-cp36-abi3-manylinux2010_x86_64.manylinux_2_12_x86_64.manylinux_2_28_x86_64.whl (155 kB)
2026-10-02T10:37:51.6359724Z Installing collected packages: psutil
2026-10-02T10:37:51.6849251Z Successfully installed psutil-7.2.2
2026-10-02T10:37:51.7329355Z ##[group]Run python scripts/run_quality_gate.py --profile hotspot-controls --output output/quality-hotspot-controls
2026-10-02T10:37:51.7330395Z [36;1mpython scripts/run_quality_gate.py --profile hotspot-controls --output output/quality-hotspot-controls[0m
2026-10-02T10:37:51.7368496Z shell: /usr/bin/bash -e {0}
2026-10-02T10:37:51.7368766Z env:
2026-10-02T10:37:51.7369031Z   pythonLocation: /opt/hostedtoolcache/Python/3.11.16/x64
2026-10-02T10:37:51.7369447Z   PKG_CONFIG_PATH: /opt/hostedtoolcache/Python/3.11.16/x64/lib/pkgconfig
2026-10-02T10:37:51.7369850Z   Python_ROOT_DIR: /opt/hostedtoolcache/Python/3.11.16/x64
2026-10-02T10:37:51.7370316Z   Python2_ROOT_DIR: /opt/hostedtoolcache/Python/3.11.16/x64
2026-10-02T10:37:51.7370677Z   Python3_ROOT_DIR: /opt/hostedtoolcache/Python/3.11.16/x64
2026-10-02T10:37:51.7371041Z   LD_LIBRARY_PATH: /opt/hostedtoolcache/Python/3.11.16/x64/lib
2026-10-02T10:37:51.7371346Z ##[endgroup]
2026-10-02T10:37:52.9279432Z [quality] hotspot-controls: RUNNING
2026-10-02T10:38:49.8586554Z [quality] hotspot-controls: PASSED
2026-10-02T10:38:49.8989120Z [quality] PASSED: /home/runner/work/mini-drop/mini-drop/output/quality-hotspot-controls/report.html
2026-10-02T10:38:49.9089237Z ##[group]Run go test -race -count=1 ./...
2026-10-02T10:38:49.9089550Z [36;1mgo test -race -count=1 ./...[0m
2026-10-02T10:38:49.9126216Z shell: /usr/bin/bash -e {0}
2026-10-02T10:38:49.9126469Z env:
2026-10-02T10:38:49.9126729Z   pythonLocation: /opt/hostedtoolcache/Python/3.11.16/x64
2026-10-02T10:38:49.9127154Z   PKG_CONFIG_PATH: /opt/hostedtoolcache/Python/3.11.16/x64/lib/pkgconfig
2026-10-02T10:38:49.9127559Z   Python_ROOT_DIR: /opt/hostedtoolcache/Python/3.11.16/x64
2026-10-02T10:38:49.9127924Z   Python2_ROOT_DIR: /opt/hostedtoolcache/Python/3.11.16/x64
2026-10-02T10:38:49.9128273Z   Python3_ROOT_DIR: /opt/hostedtoolcache/Python/3.11.16/x64
2026-10-02T10:38:49.9128631Z   LD_LIBRARY_PATH: /opt/hostedtoolcache/Python/3.11.16/x64/lib
2026-10-02T10:38:49.9128951Z ##[endgroup]
2026-10-02T10:39:10.1624313Z ok  	mini-drop/demo/go-hotspot	1.011s
2026-10-02T10:39:10.2029380Z ##[group]Run docker build -t mini-drop-go-hotspot:ci demo/go-hotspot
2026-10-02T10:39:10.2030400Z [36;1mdocker build -t mini-drop-go-hotspot:ci demo/go-hotspot[0m
2026-10-02T10:39:10.2089893Z shell: /usr/bin/bash -e {0}
2026-10-02T10:39:10.2090556Z env:
2026-10-02T10:39:10.2090971Z   pythonLocation: /opt/hostedtoolcache/Python/3.11.16/x64
2026-10-02T10:39:10.2091670Z   PKG_CONFIG_PATH: /opt/hostedtoolcache/Python/3.11.16/x64/lib/pkgconfig
2026-10-02T10:39:10.2092327Z   Python_ROOT_DIR: /opt/hostedtoolcache/Python/3.11.16/x64
2026-10-02T10:39:10.2092938Z   Python2_ROOT_DIR: /opt/hostedtoolcache/Python/3.11.16/x64
2026-10-02T10:39:10.2093569Z   Python3_ROOT_DIR: /opt/hostedtoolcache/Python/3.11.16/x64
2026-10-02T10:39:10.2094230Z   LD_LIBRARY_PATH: /opt/hostedtoolcache/Python/3.11.16/x64/lib
2026-10-02T10:39:10.2094784Z ##[endgroup]
2026-10-02T10:39:13.8508708Z #0 building with "default" instance using docker driver
2026-10-02T10:39:13.8509259Z 
2026-10-02T10:39:13.8509584Z #1 [internal] load build definition from Dockerfile
2026-10-02T10:39:13.8510354Z #1 transferring dockerfile: 318B done
2026-10-02T10:39:13.8510837Z #1 DONE 0.0s
2026-10-02T10:39:13.8511047Z 
2026-10-02T10:39:13.8511362Z #2 [auth] library/golang:pull token for registry-1.docker.io
2026-10-02T10:39:14.0018241Z #2 DONE 0.0s
2026-10-02T10:39:14.0018541Z 
2026-10-02T10:39:14.0018921Z #3 [auth] library/alpine:pull token for registry-1.docker.io
2026-10-02T10:39:14.0019616Z #3 DONE 0.0s
2026-10-02T10:39:14.0019841Z 
2026-10-02T10:39:14.0020395Z #4 [internal] load metadata for docker.io/library/golang:1.26.8-alpine
2026-10-02T10:39:14.2814283Z #4 ...
2026-10-02T10:39:14.2814702Z 
2026-10-02T10:39:14.2815201Z #5 [internal] load metadata for docker.io/library/alpine:3.24.1
2026-10-02T10:39:14.2815713Z #5 DONE 0.5s
2026-10-02T10:39:14.4002421Z 
2026-10-02T10:39:14.4003755Z #4 [internal] load metadata for docker.io/library/golang:1.26.8-alpine
2026-10-02T10:39:14.4005447Z #4 DONE 0.5s
2026-10-02T10:39:14.4005658Z 
2026-10-02T10:39:14.4005870Z #6 [internal] load .dockerignore
2026-10-02T10:39:14.4006475Z #6 transferring context: 2B done
2026-10-02T10:39:14.4006708Z #6 DONE 0.0s
2026-10-02T10:39:14.4006816Z 
2026-10-02T10:39:14.4006917Z #7 [internal] load build context
2026-10-02T10:39:14.4007170Z #7 transferring context: 13.69kB done
2026-10-02T10:39:14.4007456Z #7 DONE 0.0s
2026-10-02T10:39:14.4007652Z 
2026-10-02T10:39:14.4008221Z #8 [stage-1 1/2] FROM docker.io/library/alpine:3.24.1@sha256:28bd5fe8b56d1bd048e5babf5b10710ebe0bae67db86916198a6eec434943f8b
2026-10-02T10:39:14.4009705Z #8 resolve docker.io/library/alpine:3.24.1@sha256:28bd5fe8b56d1bd048e5babf5b10710ebe0bae67db86916198a6eec434943f8b done
2026-10-02T10:39:14.4010825Z #8 sha256:79ff19e9084a00eece421b2523fb93e22d730e2c0e525905de047e848e56d95f 1.02kB / 1.02kB done
2026-10-02T10:39:14.4011543Z #8 sha256:d529dd0c6e5597ac7e4a3e2dea65c3fcc6173f4cae713c409265c1dd9914a11b 611B / 611B done
2026-10-02T10:39:14.4012385Z #8 sha256:55afa1ecc21d2bb5e5045f32dafee56272ffd89860bac26f6c32123439af26a4 2.10MB / 3.85MB 0.1s
2026-10-02T10:39:14.4013094Z #8 sha256:28bd5fe8b56d1bd048e5babf5b10710ebe0bae67db86916198a6eec434943f8b 9.22kB / 9.22kB done
2026-10-02T10:39:14.5011920Z #8 sha256:55afa1ecc21d2bb5e5045f32dafee56272ffd89860bac26f6c32123439af26a4 3.85MB / 3.85MB 0.1s done
2026-10-02T10:39:14.5012920Z #8 extracting sha256:55afa1ecc21d2bb5e5045f32dafee56272ffd89860bac26f6c32123439af26a4
2026-10-02T10:39:14.7511232Z #8 extracting sha256:55afa1ecc21d2bb5e5045f32dafee56272ffd89860bac26f6c32123439af26a4 0.1s done
2026-10-02T10:39:14.7512179Z #8 DONE 0.3s
2026-10-02T10:39:14.7512346Z 
2026-10-02T10:39:14.7512919Z #9 [build 1/4] FROM docker.io/library/golang:1.26.8-alpine@sha256:8ac98ca534ac3f51e1f420a1dd2c15e74c75cfa0f23f3ad27eb5d7236c349a0c
2026-10-02T10:39:14.7514119Z #9 resolve docker.io/library/golang:1.26.8-alpine@sha256:8ac98ca534ac3f51e1f420a1dd2c15e74c75cfa0f23f3ad27eb5d7236c349a0c done
2026-10-02T10:39:14.7515515Z #9 sha256:e2de96513ba9eb53b431787ec8a65cdde380ac4772a3e4c4b714dcfde2a102b5 3.85MB / 3.85MB 0.1s done
2026-10-02T10:39:14.7516209Z #9 sha256:4009a0783f338ed55a73885b00ecad4c761c55b29337bc83f4ba5893b456a80c 247.52kB / 247.52kB 0.1s done
2026-10-02T10:39:14.7516856Z #9 sha256:8ac98ca534ac3f51e1f420a1dd2c15e74c75cfa0f23f3ad27eb5d7236c349a0c 10.29kB / 10.29kB done
2026-10-02T10:39:14.7517480Z #9 sha256:66f9a494af2b76ecb3eab75ff47166df61caec6d200c59d556b77327493d83a8 1.92kB / 1.92kB done
2026-10-02T10:39:14.7518147Z #9 sha256:c5fe2bbc8331458475b45686d82e0c28b1161addfe33f1ebac0a715a29587701 2.19kB / 2.19kB done
2026-10-02T10:39:14.7518755Z #9 extracting sha256:e2de96513ba9eb53b431787ec8a65cdde380ac4772a3e4c4b714dcfde2a102b5 0.1s done
2026-10-02T10:39:14.7519375Z #9 sha256:2cb3e687d353c47479f7eb82d6cc1b230f1d252bfefaddbeec9d3de57edf5d49 40.89MB / 67.31MB 0.3s
2026-10-02T10:39:14.7519997Z #9 sha256:68ed9cc945387f62e6993f95484c65db531f4a4c6c076363d90fd1d575e36633 126B / 126B 0.2s done
2026-10-02T10:39:14.7520831Z #9 sha256:4f4fb700ef54461cfa02571ae0db9a0dc1e0cdb5577484a6d75e68dc38e8acc1 32B / 32B 0.2s done
2026-10-02T10:39:14.7521431Z #9 extracting sha256:4009a0783f338ed55a73885b00ecad4c761c55b29337bc83f4ba5893b456a80c 0.0s done
2026-10-02T10:39:14.8008659Z #9 sha256:2cb3e687d353c47479f7eb82d6cc1b230f1d252bfefaddbeec9d3de57edf5d49 67.31MB / 67.31MB 0.4s done
2026-10-02T10:39:14.9475696Z #9 extracting sha256:2cb3e687d353c47479f7eb82d6cc1b230f1d252bfefaddbeec9d3de57edf5d49
2026-10-02T10:39:18.2743323Z #9 extracting sha256:2cb3e687d353c47479f7eb82d6cc1b230f1d252bfefaddbeec9d3de57edf5d49 3.3s done
2026-10-02T10:39:18.8812356Z #9 extracting sha256:68ed9cc945387f62e6993f95484c65db531f4a4c6c076363d90fd1d575e36633
2026-10-02T10:39:19.0658639Z #9 extracting sha256:68ed9cc945387f62e6993f95484c65db531f4a4c6c076363d90fd1d575e36633 done
2026-10-02T10:39:19.0659485Z #9 extracting sha256:4f4fb700ef54461cfa02571ae0db9a0dc1e0cdb5577484a6d75e68dc38e8acc1 done
2026-10-02T10:39:19.0660223Z #9 DONE 4.6s
2026-10-02T10:39:19.0660617Z 
2026-10-02T10:39:19.0661191Z #10 [build 2/4] WORKDIR /src
2026-10-02T10:39:19.0661502Z #10 DONE 0.0s
2026-10-02T10:39:19.0661624Z 
2026-10-02T10:39:19.0661762Z #11 [build 3/4] COPY go.mod main.go ./
2026-10-02T10:39:19.0662020Z #11 DONE 0.0s
2026-10-02T10:39:19.0662137Z 
2026-10-02T10:39:19.0662431Z #12 [build 4/4] RUN CGO_ENABLED=0 go build -trimpath -ldflags="-s -w" -o /out/go-hotspot .
2026-10-02T10:39:30.4989739Z #12 DONE 11.6s
2026-10-02T10:39:30.6727543Z 
2026-10-02T10:39:30.6728190Z #13 [stage-1 2/2] COPY --from=build /out/go-hotspot /usr/local/bin/go-hotspot
2026-10-02T10:39:30.6728660Z #13 DONE 0.0s
2026-10-02T10:39:30.6728808Z 
2026-10-02T10:39:30.6728920Z #14 exporting to image
2026-10-02T10:39:30.6729186Z #14 exporting layers
2026-10-02T10:39:31.0042395Z #14 exporting layers 0.5s done
2026-10-02T10:39:31.0195469Z #14 writing image sha256:33103d7ec24fa6eefe6bf7d394cbcc3efc4f31f0cc2e3abd72f382e720f52268 done
2026-10-02T10:39:31.0196487Z #14 naming to docker.io/library/mini-drop-go-hotspot:ci done
2026-10-02T10:39:31.0198015Z #14 DONE 0.5s
2026-10-02T10:39:31.0278184Z ##[group]Run python scripts/verify_go_io_window.py --image mini-drop-go-hotspot:ci --output output/quality-hotspot-controls/go-io-window
2026-10-02T10:39:31.0279060Z [36;1mpython scripts/verify_go_io_window.py --image mini-drop-go-hotspot:ci --output output/quality-hotspot-controls/go-io-window[0m
2026-10-02T10:39:31.0316575Z shell: /usr/bin/bash -e {0}
2026-10-02T10:39:31.0316826Z env:
2026-10-02T10:39:31.0317085Z   pythonLocation: /opt/hostedtoolcache/Python/3.11.16/x64
2026-10-02T10:39:31.0317505Z   PKG_CONFIG_PATH: /opt/hostedtoolcache/Python/3.11.16/x64/lib/pkgconfig
2026-10-02T10:39:31.0317914Z   Python_ROOT_DIR: /opt/hostedtoolcache/Python/3.11.16/x64
2026-10-02T10:39:31.0318274Z   Python2_ROOT_DIR: /opt/hostedtoolcache/Python/3.11.16/x64
2026-10-02T10:39:31.0318629Z   Python3_ROOT_DIR: /opt/hostedtoolcache/Python/3.11.16/x64
2026-10-02T10:39:31.0318984Z   LD_LIBRARY_PATH: /opt/hostedtoolcache/Python/3.11.16/x64/lib
2026-10-02T10:39:31.0319305Z ##[endgroup]
2026-10-02T10:39:46.4166568Z {"passed": true, "cleanup": true, "operations": 714}
2026-10-02T10:39:46.4307107Z ##[group]Run actions/upload-artifact@v4
2026-10-02T10:39:46.4307382Z with:
2026-10-02T10:39:46.4307673Z   name: hotspot-controls-4321aba043be6c2eb36580cf3b00d56c50bda914-1
2026-10-02T10:39:46.4308051Z   path: output/quality-hotspot-controls/
2026-10-02T10:39:46.4308328Z   if-no-files-found: error
2026-10-02T10:39:46.4308554Z   retention-days: 14
2026-10-02T10:39:46.4308761Z   compression-level: 6
2026-10-02T10:39:46.4308969Z   overwrite: false
2026-10-02T10:39:46.4309173Z   include-hidden-files: false
2026-10-02T10:39:46.4309393Z env:
2026-10-02T10:39:46.4309630Z   pythonLocation: /opt/hostedtoolcache/Python/3.11.16/x64
2026-10-02T10:39:46.4310026Z   PKG_CONFIG_PATH: /opt/hostedtoolcache/Python/3.11.16/x64/lib/pkgconfig
2026-10-02T10:39:46.4310764Z   Python_ROOT_DIR: /opt/hostedtoolcache/Python/3.11.16/x64
2026-10-02T10:39:46.4311123Z   Python2_ROOT_DIR: /opt/hostedtoolcache/Python/3.11.16/x64
2026-10-02T10:39:46.4311539Z   Python3_ROOT_DIR: /opt/hostedtoolcache/Python/3.11.16/x64
2026-10-02T10:39:46.4311897Z   LD_LIBRARY_PATH: /opt/hostedtoolcache/Python/3.11.16/x64/lib
2026-10-02T10:39:46.4312196Z ##[endgroup]
2026-10-02T10:39:46.5909886Z (node:9297) [DEP0040] DeprecationWarning: The `punycode` module is deprecated. Please use a userland alternative instead.
2026-10-02T10:39:46.5911201Z (Use `node --trace-deprecation ...` to show where the warning was created)
2026-10-02T10:39:46.6007381Z With the provided path, there will be 19 files uploaded
2026-10-02T10:39:46.6014331Z Artifact name is valid!
2026-10-02T10:39:46.6014869Z Root directory input is valid!
2026-10-02T10:39:46.9048831Z Beginning upload of artifact content to blob storage
2026-10-02T10:39:47.2694088Z (node:9297) [DEP0169] DeprecationWarning: `url.parse()` behavior is not standardized and prone to errors that have security implications. Use the WHATWG URL API instead. CVEs are not issued for `url.parse()` vulnerabilities.
2026-10-02T10:39:47.8054206Z Uploaded bytes 5756923
2026-10-02T10:39:47.8512008Z Finished uploading artifact content to blob storage!
2026-10-02T10:39:47.8513186Z SHA256 digest of uploaded artifact zip is f871d9f094f642ef2748c6a0bb96a60e1385f1802989fe53c0e88c90ba21ff58
2026-10-02T10:39:47.8514840Z Finalizing artifact upload
2026-10-02T10:39:48.0807996Z Artifact hotspot-controls-4321aba043be6c2eb36580cf3b00d56c50bda914-1.zip successfully finalized. Artifact ID 11222285888
2026-10-02T10:39:48.0810479Z Artifact hotspot-controls-4321aba043be6c2eb36580cf3b00d56c50bda914-1 has been successfully uploaded! Final size is 5756923 bytes. Artifact ID is 11222285888
2026-10-02T10:39:48.0815442Z Artifact download URL: https://github.com/llongwang751-arch/mini-drop/actions/runs/36996499159/artifacts/11222285888
2026-10-02T10:39:48.0972558Z Post job cleanup.
2026-10-02T10:39:48.2141150Z (node:9311) [DEP0040] DeprecationWarning: The `punycode` module is deprecated. Please use a userland alternative instead.
2026-10-02T10:39:48.2142373Z (Use `node --trace-deprecation ...` to show where the warning was created)
2026-10-02T10:39:48.2210023Z [command]/opt/hostedtoolcache/go/1.26.8/x64/bin/go env GOMODCACHE
2026-10-02T10:39:48.2261635Z [command]/opt/hostedtoolcache/go/1.26.8/x64/bin/go env GOCACHE
2026-10-02T10:39:48.2291250Z /home/runner/go/pkg/mod
2026-10-02T10:39:48.2301773Z /home/runner/.cache/go-build
2026-10-02T10:39:48.2309368Z [warning]Cache folder path is retrieved but doesn't exist on disk: /home/runner/go/pkg/mod
2026-10-02T10:39:48.2311720Z Primary key was not generated. Please check the log messages above for more errors or information
2026-10-02T10:39:48.2462555Z Post job cleanup.
2026-10-02T10:39:48.3667228Z (node:9333) [DEP0040] DeprecationWarning: The `punycode` module is deprecated. Please use a userland alternative instead.
2026-10-02T10:39:48.3668378Z (Use `node --trace-deprecation ...` to show where the warning was created)
2026-10-02T10:39:48.3868815Z Post job cleanup.
2026-10-02T10:39:48.4722844Z [command]/usr/bin/git version
2026-10-02T10:39:48.4759686Z git version 2.55.0
2026-10-02T10:39:48.4795288Z Temporarily overriding HOME='/home/runner/work/_temp/70a5f16f-3c10-4914-8d71-356674dae85c' before making global git config changes
2026-10-02T10:39:48.4796728Z Adding repository directory to the temporary git global config as a safe directory
2026-10-02T10:39:48.4801120Z [command]/usr/bin/git config --global --add safe.directory /home/runner/work/mini-drop/mini-drop
2026-10-02T10:39:48.4836177Z [command]/usr/bin/git config --local --name-only --get-regexp core\.sshCommand
2026-10-02T10:39:48.4865992Z [command]/usr/bin/git submodule foreach --recursive sh -c "git config --local --name-only --get-regexp 'core\.sshCommand' && git config --local --unset-all 'core.sshCommand' || :"
2026-10-02T10:39:48.5112450Z [command]/usr/bin/git config --local --name-only --get-regexp http\.https\:\/\/github\.com\/\.extraheader
2026-10-02T10:39:48.5161522Z http.https://github.com/.extraheader
2026-10-02T10:39:48.5172336Z [command]/usr/bin/git config --local --unset-all http.https://github.com/.extraheader
2026-10-02T10:39:48.5205489Z [command]/usr/bin/git submodule foreach --recursive sh -c "git config --local --name-only --get-regexp 'http\.https\:\/\/github\.com\/\.extraheader' && git config --local --unset-all 'http.https://github.com/.extraheader' || :"
2026-10-02T10:39:48.5462975Z [command]/usr/bin/git config --local --name-only --get-regexp ^includeIf\.gitdir:
2026-10-02T10:39:48.5512446Z [command]/usr/bin/git submodule foreach --recursive git config --local --show-origin --name-only --get-regexp remote.origin.url
2026-10-02T10:39:48.5972126Z Cleaning up orphan processes
2026-10-02T10:39:48.6226178Z ##[warning]Node.js 20 is deprecated. The following actions target Node.js 20 but are being forced to run on Node.js 24: actions/checkout@v4, actions/setup-go@v5, actions/setup-python@v5, actions/upload-artifact@v4. For more information see: https://github.blog/changelog/2025-09-19-deprecation-of-node-20-on-github-actions-runners/
