2026-10-02T10:37:37.0646240Z Current runner version: '2.337.0'
2026-10-02T10:37:37.0670986Z ##[group]Runner Image Provisioner
2026-10-02T10:37:37.0671798Z Hosted Compute Agent
2026-10-02T10:37:37.0672384Z Version: 20260901.588
2026-10-02T10:37:37.0672976Z Commit: f88ec8081b781fac6c440065ac7ff9e710ce3d0b
2026-10-02T10:37:37.0673641Z Build Date: 2026-09-01T19:56:44Z
2026-10-02T10:37:37.0674341Z Worker ID: {1bfa8209-7d0a-4587-8794-a3124da95094}
2026-10-02T10:37:37.0674987Z Azure Region: westus3
2026-10-02T10:37:37.0675543Z ##[endgroup]
2026-10-02T10:37:37.0676903Z ##[group]Operating System
2026-10-02T10:37:37.0677492Z Ubuntu
2026-10-02T10:37:37.0678034Z 22.04.5
2026-10-02T10:37:37.0678523Z LTS
2026-10-02T10:37:37.0679041Z ##[endgroup]
2026-10-02T10:37:37.0679847Z ##[group]Runner Image
2026-10-02T10:37:37.0680411Z Image: ubuntu-22.04
2026-10-02T10:37:37.0680988Z Version: 20260927.309.1
2026-10-02T10:37:37.0682123Z Included Software: https://github.com/actions/runner-images/blob/ubuntu22/20260927.309/images/ubuntu/Ubuntu2204-Readme.md
2026-10-02T10:37:37.0683547Z Image Release: https://github.com/actions/runner-images/releases/tag/ubuntu22%2F20260927.309
2026-10-02T10:37:37.0684414Z ##[endgroup]
2026-10-02T10:37:37.0685532Z ##[group]GITHUB_TOKEN Permissions
2026-10-02T10:37:37.0687530Z Contents: read
2026-10-02T10:37:37.0688110Z Metadata: read
2026-10-02T10:37:37.0688628Z Packages: read
2026-10-02T10:37:37.0689116Z ##[endgroup]
2026-10-02T10:37:37.0691494Z Secret source: Actions
2026-10-02T10:37:37.0692349Z Cache mode: write
2026-10-02T10:37:37.0693062Z Prepare workflow directory
2026-10-02T10:37:37.1015891Z Prepare all required actions
2026-10-02T10:37:37.1064175Z Getting action download info
2026-10-02T10:37:37.4917287Z Download action repository 'actions/checkout@v4' (SHA:11d5960a326750d5838078e36cf38b85af677262)
2026-10-02T10:37:37.5913248Z Download action repository 'actions/setup-python@v5' (SHA:a26af69be951a213d495a4c3e4e4022e16d87065)
2026-10-02T10:37:37.6548050Z Download action repository 'actions/upload-artifact@v4' (SHA:ea165f8d65b6e75b540449e92b4886f43607fa02)
2026-10-02T10:37:37.8357394Z Complete job name: HTTP load and recovery (short regression)
2026-10-02T10:37:37.9170816Z ##[group]Run actions/checkout@v4
2026-10-02T10:37:37.9171599Z with:
2026-10-02T10:37:37.9172032Z   repository: llongwang751-arch/mini-drop
2026-10-02T10:37:37.9175856Z   token: ***
2026-10-02T10:37:37.9176240Z   ssh-strict: true
2026-10-02T10:37:37.9176622Z   ssh-user: git
2026-10-02T10:37:37.9177020Z   persist-credentials: true
2026-10-02T10:37:37.9177457Z   clean: true
2026-10-02T10:37:37.9177855Z   sparse-checkout-cone-mode: true
2026-10-02T10:37:37.9178324Z   fetch-depth: 1
2026-10-02T10:37:37.9178721Z   fetch-tags: false
2026-10-02T10:37:37.9179118Z   show-progress: true
2026-10-02T10:37:37.9179692Z   lfs: false
2026-10-02T10:37:37.9180066Z   submodules: false
2026-10-02T10:37:37.9180465Z   set-safe-directory: true
2026-10-02T10:37:37.9180916Z   allow-unsafe-pr-checkout: false
2026-10-02T10:37:37.9181600Z ##[endgroup]
2026-10-02T10:37:38.0213931Z Syncing repository: llongwang751-arch/mini-drop
2026-10-02T10:37:38.0217160Z ##[group]Getting Git version info
2026-10-02T10:37:38.0218722Z Working directory is '/home/runner/work/mini-drop/mini-drop'
2026-10-02T10:37:38.0220697Z [command]/usr/bin/git version
2026-10-02T10:37:38.0233502Z git version 2.55.0
2026-10-02T10:37:38.0252572Z ##[endgroup]
2026-10-02T10:37:38.0265363Z Temporarily overriding HOME='/home/runner/work/_temp/5902d50d-ac07-419d-8f2c-bde8a9a5ca97' before making global git config changes
2026-10-02T10:37:38.0267886Z Adding repository directory to the temporary git global config as a safe directory
2026-10-02T10:37:38.0270937Z [command]/usr/bin/git config --global --add safe.directory /home/runner/work/mini-drop/mini-drop
2026-10-02T10:37:38.0303390Z Deleting the contents of '/home/runner/work/mini-drop/mini-drop'
2026-10-02T10:37:38.0311199Z ##[group]Initializing the repository
2026-10-02T10:37:38.0313776Z [command]/usr/bin/git init /home/runner/work/mini-drop/mini-drop
2026-10-02T10:37:38.0438525Z hint: Using 'master' as the name for the initial branch. This default branch name
2026-10-02T10:37:38.0441120Z hint: will change to "main" in Git 3.0. To configure the initial branch name
2026-10-02T10:37:38.0446614Z hint: to use in all of your new repositories, which will suppress this warning,
2026-10-02T10:37:38.0448664Z hint: call:
2026-10-02T10:37:38.0449957Z hint:
2026-10-02T10:37:38.0451066Z hint: 	git config --global init.defaultBranch <name>
2026-10-02T10:37:38.0452433Z hint:
2026-10-02T10:37:38.0453271Z hint: Names commonly chosen instead of 'master' are 'main', 'trunk' and
2026-10-02T10:37:38.0454230Z hint: 'development'. The just-created branch can be renamed via this command:
2026-10-02T10:37:38.0455005Z hint:
2026-10-02T10:37:38.0456123Z hint: 	git branch -m <name>
2026-10-02T10:37:38.0456987Z hint:
2026-10-02T10:37:38.0457996Z hint: Disable this message with "git config set advice.defaultBranchName false"
2026-10-02T10:37:38.0459813Z Initialized empty Git repository in /home/runner/work/mini-drop/mini-drop/.git/
2026-10-02T10:37:38.0462647Z [command]/usr/bin/git remote add origin https://github.com/llongwang751-arch/mini-drop
2026-10-02T10:37:38.0485945Z ##[endgroup]
2026-10-02T10:37:38.0487260Z ##[group]Disabling automatic garbage collection
2026-10-02T10:37:38.0491354Z [command]/usr/bin/git config --local gc.auto 0
2026-10-02T10:37:38.0518080Z ##[endgroup]
2026-10-02T10:37:38.0519648Z ##[group]Setting up auth
2026-10-02T10:37:38.0525154Z [command]/usr/bin/git config --local --name-only --get-regexp core\.sshCommand
2026-10-02T10:37:38.0553847Z [command]/usr/bin/git submodule foreach --recursive sh -c "git config --local --name-only --get-regexp 'core\.sshCommand' && git config --local --unset-all 'core.sshCommand' || :"
2026-10-02T10:37:38.0864289Z [command]/usr/bin/git config --local --name-only --get-regexp http\.https\:\/\/github\.com\/\.extraheader
2026-10-02T10:37:38.0898366Z [command]/usr/bin/git submodule foreach --recursive sh -c "git config --local --name-only --get-regexp 'http\.https\:\/\/github\.com\/\.extraheader' && git config --local --unset-all 'http.https://github.com/.extraheader' || :"
2026-10-02T10:37:38.1103277Z [command]/usr/bin/git config --local --name-only --get-regexp ^includeIf\.gitdir:
2026-10-02T10:37:38.1135049Z [command]/usr/bin/git submodule foreach --recursive git config --local --show-origin --name-only --get-regexp remote.origin.url
2026-10-02T10:37:38.1350255Z [command]/usr/bin/git config --local http.https://github.com/.extraheader AUTHORIZATION: basic ***
2026-10-02T10:37:38.1388021Z ##[endgroup]
2026-10-02T10:37:38.1402048Z ##[group]Fetching the repository
2026-10-02T10:37:38.1403318Z [command]/usr/bin/git -c protocol.version=2 fetch --no-tags --prune --no-recurse-submodules --depth=1 origin +4321aba043be6c2eb36580cf3b00d56c50bda914:refs/remotes/pull/1/merge
2026-10-02T10:37:46.0503581Z From https://github.com/llongwang751-arch/mini-drop
2026-10-02T10:37:46.0504773Z  * [new ref]         4321aba043be6c2eb36580cf3b00d56c50bda914 -> pull/1/merge
2026-10-02T10:37:46.0507191Z ##[endgroup]
2026-10-02T10:37:46.0508056Z ##[group]Determining the checkout info
2026-10-02T10:37:46.0509875Z ##[endgroup]
2026-10-02T10:37:46.0515374Z [command]/usr/bin/git sparse-checkout disable
2026-10-02T10:37:46.0563968Z [command]/usr/bin/git config --local --unset-all extensions.worktreeConfig
2026-10-02T10:37:46.0592628Z ##[group]Checking out the ref
2026-10-02T10:37:46.0593227Z [command]/usr/bin/git checkout --progress --force refs/remotes/pull/1/merge
2026-10-02T10:37:47.0679885Z Updating files:  86% (3782/4371)
2026-10-02T10:37:47.0725519Z Updating files:  87% (3803/4371)
2026-10-02T10:37:47.0748824Z Updating files:  88% (3847/4371)
2026-10-02T10:37:47.0776550Z Updating files:  89% (3891/4371)
2026-10-02T10:37:47.0801441Z Updating files:  90% (3934/4371)
2026-10-02T10:37:47.0841784Z Updating files:  91% (3978/4371)
2026-10-02T10:37:47.0859361Z Updating files:  92% (4022/4371)
2026-10-02T10:37:47.0881175Z Updating files:  93% (4066/4371)
2026-10-02T10:37:47.0900638Z Updating files:  94% (4109/4371)
2026-10-02T10:37:47.0926295Z Updating files:  95% (4153/4371)
2026-10-02T10:37:47.1042636Z Updating files:  96% (4197/4371)
2026-10-02T10:37:47.1061127Z Updating files:  97% (4240/4371)
2026-10-02T10:37:47.1081477Z Updating files:  98% (4284/4371)
2026-10-02T10:37:47.1099275Z Updating files:  99% (4328/4371)
2026-10-02T10:37:47.1100084Z Updating files: 100% (4371/4371)
2026-10-02T10:37:47.1100508Z Updating files: 100% (4371/4371), done.
2026-10-02T10:37:47.1167162Z Note: switching to 'refs/remotes/pull/1/merge'.
2026-10-02T10:37:47.1167751Z 
2026-10-02T10:37:47.1168549Z You are in 'detached HEAD' state. You can look around, make experimental
2026-10-02T10:37:47.1169862Z changes and commit them, and you can discard any commits you make in this
2026-10-02T10:37:47.1170952Z state without impacting any branches by switching back to a branch.
2026-10-02T10:37:47.1171310Z 
2026-10-02T10:37:47.1171587Z If you want to create a new branch to retain commits you create, you may
2026-10-02T10:37:47.1172198Z do so (now or later) by using -c with the switch command. Example:
2026-10-02T10:37:47.1172624Z 
2026-10-02T10:37:47.1172803Z   git switch -c <new-branch-name>
2026-10-02T10:37:47.1173042Z 
2026-10-02T10:37:47.1173193Z Or undo this operation with:
2026-10-02T10:37:47.1173410Z 
2026-10-02T10:37:47.1173527Z   git switch -
2026-10-02T10:37:47.1173670Z 
2026-10-02T10:37:47.1173965Z Turn off this advice by setting config variable advice.detachedHead to false
2026-10-02T10:37:47.1174287Z 
2026-10-02T10:37:47.1174669Z HEAD is now at 4321aba Merge 73b4b18ad83553a5012a0025dfb78bb21ff8dc7f into 609ea8a73f845b496b59b5cae181f515c5919850
2026-10-02T10:37:47.1221826Z ##[endgroup]
2026-10-02T10:37:47.1257132Z [command]/usr/bin/git log -1 --format=%H
2026-10-02T10:37:47.1278166Z 4321aba043be6c2eb36580cf3b00d56c50bda914
2026-10-02T10:37:47.1524643Z ##[group]Run actions/setup-python@v5
2026-10-02T10:37:47.1525005Z with:
2026-10-02T10:37:47.1525259Z   python-version: 3.11
2026-10-02T10:37:47.1525544Z   check-latest: false
2026-10-02T10:37:47.1528438Z   token: ***
2026-10-02T10:37:47.1528700Z   update-environment: true
2026-10-02T10:37:47.1528992Z   allow-prereleases: false
2026-10-02T10:37:47.1529269Z   freethreaded: false
2026-10-02T10:37:47.1529653Z ##[endgroup]
2026-10-02T10:37:47.2848842Z ##[group]Installed versions
2026-10-02T10:37:47.2971119Z (node:2011) [DEP0040] DeprecationWarning: The `punycode` module is deprecated. Please use a userland alternative instead.
2026-10-02T10:37:47.2973054Z (Use `node --trace-deprecation ...` to show where the warning was created)
2026-10-02T10:37:47.2973873Z Successfully set up CPython (3.11.16)
2026-10-02T10:37:47.2974743Z ##[endgroup]
2026-10-02T10:37:47.3082074Z ##[group]Run python -m pip install "psutil>=7.2,<8" "matplotlib>=3.8,<4"
2026-10-02T10:37:47.3082692Z [36;1mpython -m pip install "psutil>=7.2,<8" "matplotlib>=3.8,<4"[0m
2026-10-02T10:37:47.3394022Z shell: /usr/bin/bash -e {0}
2026-10-02T10:37:47.3394392Z env:
2026-10-02T10:37:47.3394724Z   pythonLocation: /opt/hostedtoolcache/Python/3.11.16/x64
2026-10-02T10:37:47.3395245Z   PKG_CONFIG_PATH: /opt/hostedtoolcache/Python/3.11.16/x64/lib/pkgconfig
2026-10-02T10:37:47.3395708Z   Python_ROOT_DIR: /opt/hostedtoolcache/Python/3.11.16/x64
2026-10-02T10:37:47.3396137Z   Python2_ROOT_DIR: /opt/hostedtoolcache/Python/3.11.16/x64
2026-10-02T10:37:47.3396561Z   Python3_ROOT_DIR: /opt/hostedtoolcache/Python/3.11.16/x64
2026-10-02T10:37:47.3397015Z   LD_LIBRARY_PATH: /opt/hostedtoolcache/Python/3.11.16/x64/lib
2026-10-02T10:37:47.3397414Z ##[endgroup]
2026-10-02T10:37:48.1941605Z Collecting psutil<8,>=7.2
2026-10-02T10:37:48.2422760Z   Downloading psutil-7.2.2-cp36-abi3-manylinux2010_x86_64.manylinux_2_12_x86_64.manylinux_2_28_x86_64.whl.metadata (22 kB)
2026-10-02T10:37:48.3639045Z Collecting matplotlib<4,>=3.8
2026-10-02T10:37:48.3680412Z   Downloading matplotlib-3.11.2-cp311-cp311-manylinux2014_x86_64.manylinux_2_17_x86_64.whl.metadata (80 kB)
2026-10-02T10:37:48.4418224Z Collecting contourpy>=1.0.1 (from matplotlib<4,>=3.8)
2026-10-02T10:37:48.4459087Z   Downloading contourpy-1.3.3-cp311-cp311-manylinux_2_27_x86_64.manylinux_2_28_x86_64.whl.metadata (5.5 kB)
2026-10-02T10:37:48.4570077Z Collecting cycler>=0.10 (from matplotlib<4,>=3.8)
2026-10-02T10:37:48.4604726Z   Downloading cycler-0.12.1-py3-none-any.whl.metadata (3.8 kB)
2026-10-02T10:37:48.5815893Z Collecting fonttools>=4.28.2 (from matplotlib<4,>=3.8)
2026-10-02T10:37:48.5857959Z   Downloading fonttools-4.66.1-cp311-cp311-manylinux2014_x86_64.manylinux_2_17_x86_64.whl.metadata (130 kB)
2026-10-02T10:37:48.6498386Z Collecting kiwisolver>=1.3.1 (from matplotlib<4,>=3.8)
2026-10-02T10:37:48.6536945Z   Downloading kiwisolver-1.5.1-cp311-cp311-manylinux2014_x86_64.manylinux_2_17_x86_64.whl.metadata (5.2 kB)
2026-10-02T10:37:48.8293697Z Collecting numpy>=1.25 (from matplotlib<4,>=3.8)
2026-10-02T10:37:48.8334208Z   Downloading numpy-2.4.6-cp311-cp311-manylinux_2_27_x86_64.manylinux_2_28_x86_64.whl.metadata (6.6 kB)
2026-10-02T10:37:48.8500555Z Collecting packaging>=20.0 (from matplotlib<4,>=3.8)
2026-10-02T10:37:48.8537685Z   Downloading packaging-26.3-py3-none-any.whl.metadata (3.5 kB)
2026-10-02T10:37:48.9866232Z Collecting pillow>=9 (from matplotlib<4,>=3.8)
2026-10-02T10:37:48.9905979Z   Downloading pillow-12.3.0-cp311-cp311-manylinux_2_27_x86_64.manylinux_2_28_x86_64.whl.metadata (9.1 kB)
2026-10-02T10:37:49.0115173Z Collecting pyparsing>=3 (from matplotlib<4,>=3.8)
2026-10-02T10:37:49.0152224Z   Downloading pyparsing-3.3.3-py3-none-any.whl.metadata (5.9 kB)
2026-10-02T10:37:49.0266767Z Collecting python-dateutil>=2.7 (from matplotlib<4,>=3.8)
2026-10-02T10:37:49.0302343Z   Downloading python_dateutil-2.9.0.post0-py2.py3-none-any.whl.metadata (8.4 kB)
2026-10-02T10:37:49.0453555Z Collecting six>=1.5 (from python-dateutil>=2.7->matplotlib<4,>=3.8)
2026-10-02T10:37:49.0489234Z   Downloading six-1.17.0-py2.py3-none-any.whl.metadata (1.7 kB)
2026-10-02T10:37:49.0562991Z Downloading psutil-7.2.2-cp36-abi3-manylinux2010_x86_64.manylinux_2_12_x86_64.manylinux_2_28_x86_64.whl (155 kB)
2026-10-02T10:37:49.0623483Z Downloading matplotlib-3.11.2-cp311-cp311-manylinux2014_x86_64.manylinux_2_17_x86_64.whl (9.9 MB)
2026-10-02T10:37:49.0960216Z    ━━━━━━━━━━━━━━━━━━━━━━━━━━━━━━━━━━━━━━━━ 9.9/9.9 MB 311.1 MB/s  0:00:00
2026-10-02T10:37:49.1004955Z Downloading contourpy-1.3.3-cp311-cp311-manylinux_2_27_x86_64.manylinux_2_28_x86_64.whl (355 kB)
2026-10-02T10:37:49.1069156Z Downloading cycler-0.12.1-py3-none-any.whl (8.3 kB)
2026-10-02T10:37:49.1136049Z Downloading fonttools-4.66.1-cp311-cp311-manylinux2014_x86_64.manylinux_2_17_x86_64.whl (5.4 MB)
2026-10-02T10:37:49.1379731Z    ━━━━━━━━━━━━━━━━━━━━━━━━━━━━━━━━━━━━━━━━ 5.4/5.4 MB 238.3 MB/s  0:00:00
2026-10-02T10:37:49.1420474Z Downloading kiwisolver-1.5.1-cp311-cp311-manylinux2014_x86_64.manylinux_2_17_x86_64.whl (1.4 MB)
2026-10-02T10:37:49.1501900Z    ━━━━━━━━━━━━━━━━━━━━━━━━━━━━━━━━━━━━━━━━ 1.4/1.4 MB 199.0 MB/s  0:00:00
2026-10-02T10:37:49.1540419Z Downloading numpy-2.4.6-cp311-cp311-manylinux_2_27_x86_64.manylinux_2_28_x86_64.whl (16.9 MB)
2026-10-02T10:37:49.2031274Z    ━━━━━━━━━━━━━━━━━━━━━━━━━━━━━━━━━━━━━━━━ 16.9/16.9 MB 356.0 MB/s  0:00:00
2026-10-02T10:37:49.2068350Z Downloading packaging-26.3-py3-none-any.whl (129 kB)
2026-10-02T10:37:49.2127796Z Downloading pillow-12.3.0-cp311-cp311-manylinux_2_27_x86_64.manylinux_2_28_x86_64.whl (6.9 MB)
2026-10-02T10:37:49.2366931Z    ━━━━━━━━━━━━━━━━━━━━━━━━━━━━━━━━━━━━━━━━ 6.9/6.9 MB 310.8 MB/s  0:00:00
2026-10-02T10:37:49.2406060Z Downloading pyparsing-3.3.3-py3-none-any.whl (126 kB)
2026-10-02T10:37:49.2475679Z Downloading python_dateutil-2.9.0.post0-py2.py3-none-any.whl (229 kB)
2026-10-02T10:37:49.2535312Z Downloading six-1.17.0-py2.py3-none-any.whl (11 kB)
2026-10-02T10:37:49.4300049Z Installing collected packages: six, pyparsing, psutil, pillow, packaging, numpy, kiwisolver, fonttools, cycler, python-dateutil, contourpy, matplotlib
2026-10-02T10:37:53.7823055Z 
2026-10-02T10:37:53.7834307Z Successfully installed contourpy-1.3.3 cycler-0.12.1 fonttools-4.66.1 kiwisolver-1.5.1 matplotlib-3.11.2 numpy-2.4.6 packaging-26.3 pillow-12.3.0 psutil-7.2.2 pyparsing-3.3.3 python-dateutil-2.9.0.post0 six-1.17.0
2026-10-02T10:37:53.8676169Z ##[group]Run python scripts/run_quality_gate.py --profile endurance --output output/quality-endurance
2026-10-02T10:37:53.8676880Z [36;1mpython scripts/run_quality_gate.py --profile endurance --output output/quality-endurance[0m
2026-10-02T10:37:53.8717246Z shell: /usr/bin/bash -e {0}
2026-10-02T10:37:53.8717510Z env:
2026-10-02T10:37:53.8717802Z   pythonLocation: /opt/hostedtoolcache/Python/3.11.16/x64
2026-10-02T10:37:53.8718232Z   PKG_CONFIG_PATH: /opt/hostedtoolcache/Python/3.11.16/x64/lib/pkgconfig
2026-10-02T10:37:53.8718644Z   Python_ROOT_DIR: /opt/hostedtoolcache/Python/3.11.16/x64
2026-10-02T10:37:53.8719051Z   Python2_ROOT_DIR: /opt/hostedtoolcache/Python/3.11.16/x64
2026-10-02T10:37:53.8719433Z   Python3_ROOT_DIR: /opt/hostedtoolcache/Python/3.11.16/x64
2026-10-02T10:37:53.8719939Z   LD_LIBRARY_PATH: /opt/hostedtoolcache/Python/3.11.16/x64/lib
2026-10-02T10:37:53.8720265Z ##[endgroup]
2026-10-02T10:37:54.4100173Z [quality] load-endurance-smoke: RUNNING
2026-10-02T10:38:25.0657606Z [quality] load-endurance-smoke: PASSED
2026-10-02T10:38:25.1072955Z [quality] PASSED: /home/runner/work/mini-drop/mini-drop/output/quality-endurance/report.html
2026-10-02T10:38:25.1177604Z ##[group]Run python scripts/render_load_report.py output/quality-endurance/load-endurance-smoke/measurement/report.json --output output/quality-endurance/load-endurance-smoke/measurement/report.html
2026-10-02T10:38:25.1178994Z [36;1mpython scripts/render_load_report.py output/quality-endurance/load-endurance-smoke/measurement/report.json --output output/quality-endurance/load-endurance-smoke/measurement/report.html[0m
2026-10-02T10:38:25.1216491Z shell: /usr/bin/bash -e {0}
2026-10-02T10:38:25.1216753Z env:
2026-10-02T10:38:25.1217025Z   pythonLocation: /opt/hostedtoolcache/Python/3.11.16/x64
2026-10-02T10:38:25.1217454Z   PKG_CONFIG_PATH: /opt/hostedtoolcache/Python/3.11.16/x64/lib/pkgconfig
2026-10-02T10:38:25.1217873Z   Python_ROOT_DIR: /opt/hostedtoolcache/Python/3.11.16/x64
2026-10-02T10:38:25.1218271Z   Python2_ROOT_DIR: /opt/hostedtoolcache/Python/3.11.16/x64
2026-10-02T10:38:25.1218646Z   Python3_ROOT_DIR: /opt/hostedtoolcache/Python/3.11.16/x64
2026-10-02T10:38:25.1219071Z   LD_LIBRARY_PATH: /opt/hostedtoolcache/Python/3.11.16/x64/lib
2026-10-02T10:38:25.1219390Z ##[endgroup]
2026-10-02T10:38:26.7848751Z output/quality-endurance/load-endurance-smoke/measurement/report.html
2026-10-02T10:38:26.8740308Z ##[group]Run actions/upload-artifact@v4
2026-10-02T10:38:26.8740603Z with:
2026-10-02T10:38:26.8740901Z   name: load-endurance-4321aba043be6c2eb36580cf3b00d56c50bda914-1
2026-10-02T10:38:26.8741275Z   path: output/quality-endurance/
2026-10-02T10:38:26.8741535Z   if-no-files-found: error
2026-10-02T10:38:26.8741770Z   retention-days: 14
2026-10-02T10:38:26.8741984Z   compression-level: 6
2026-10-02T10:38:26.8742193Z   overwrite: false
2026-10-02T10:38:26.8742411Z   include-hidden-files: false
2026-10-02T10:38:26.8742643Z env:
2026-10-02T10:38:26.8742920Z   pythonLocation: /opt/hostedtoolcache/Python/3.11.16/x64
2026-10-02T10:38:26.8743347Z   PKG_CONFIG_PATH: /opt/hostedtoolcache/Python/3.11.16/x64/lib/pkgconfig
2026-10-02T10:38:26.8743765Z   Python_ROOT_DIR: /opt/hostedtoolcache/Python/3.11.16/x64
2026-10-02T10:38:26.8744138Z   Python2_ROOT_DIR: /opt/hostedtoolcache/Python/3.11.16/x64
2026-10-02T10:38:26.8744508Z   Python3_ROOT_DIR: /opt/hostedtoolcache/Python/3.11.16/x64
2026-10-02T10:38:26.8744928Z   LD_LIBRARY_PATH: /opt/hostedtoolcache/Python/3.11.16/x64/lib
2026-10-02T10:38:26.8745243Z ##[endgroup]
2026-10-02T10:38:27.0380378Z (node:2133) [DEP0040] DeprecationWarning: The `punycode` module is deprecated. Please use a userland alternative instead.
2026-10-02T10:38:27.0381571Z (Use `node --trace-deprecation ...` to show where the warning was created)
2026-10-02T10:38:27.0473221Z With the provided path, there will be 12 files uploaded
2026-10-02T10:38:27.0490197Z Artifact name is valid!
2026-10-02T10:38:27.0490767Z Root directory input is valid!
2026-10-02T10:38:27.4083475Z Beginning upload of artifact content to blob storage
2026-10-02T10:38:27.4515043Z (node:2133) [DEP0169] DeprecationWarning: `url.parse()` behavior is not standardized and prone to errors that have security implications. Use the WHATWG URL API instead. CVEs are not issued for `url.parse()` vulnerabilities.
2026-10-02T10:38:27.8264036Z Uploaded bytes 178080
2026-10-02T10:38:27.8909847Z Finished uploading artifact content to blob storage!
2026-10-02T10:38:27.8910910Z SHA256 digest of uploaded artifact zip is 35042b063e3f6e9f915220a96ab9a04edc839a366a5d6a82990ba2cdebd7bbbf
2026-10-02T10:38:27.8912353Z Finalizing artifact upload
2026-10-02T10:38:28.1491598Z Artifact load-endurance-4321aba043be6c2eb36580cf3b00d56c50bda914-1.zip successfully finalized. Artifact ID 11221523630
2026-10-02T10:38:28.1492749Z Artifact load-endurance-4321aba043be6c2eb36580cf3b00d56c50bda914-1 has been successfully uploaded! Final size is 178080 bytes. Artifact ID is 11221523630
2026-10-02T10:38:28.1499693Z Artifact download URL: https://github.com/llongwang751-arch/mini-drop/actions/runs/36996499159/artifacts/11221523630
2026-10-02T10:38:28.1741190Z Post job cleanup.
2026-10-02T10:38:28.2995193Z (node:2145) [DEP0040] DeprecationWarning: The `punycode` module is deprecated. Please use a userland alternative instead.
2026-10-02T10:38:28.2996408Z (Use `node --trace-deprecation ...` to show where the warning was created)
2026-10-02T10:38:28.3205598Z Post job cleanup.
2026-10-02T10:38:28.4080531Z [command]/usr/bin/git version
2026-10-02T10:38:28.4124531Z git version 2.55.0
2026-10-02T10:38:28.4169724Z Temporarily overriding HOME='/home/runner/work/_temp/95e3b502-bf1f-4794-9969-0ad9785a2d25' before making global git config changes
2026-10-02T10:38:28.4170728Z Adding repository directory to the temporary git global config as a safe directory
2026-10-02T10:38:28.4176509Z [command]/usr/bin/git config --global --add safe.directory /home/runner/work/mini-drop/mini-drop
2026-10-02T10:38:28.4228573Z [command]/usr/bin/git config --local --name-only --get-regexp core\.sshCommand
2026-10-02T10:38:28.4254577Z [command]/usr/bin/git submodule foreach --recursive sh -c "git config --local --name-only --get-regexp 'core\.sshCommand' && git config --local --unset-all 'core.sshCommand' || :"
2026-10-02T10:38:28.4481833Z [command]/usr/bin/git config --local --name-only --get-regexp http\.https\:\/\/github\.com\/\.extraheader
2026-10-02T10:38:28.4503393Z http.https://github.com/.extraheader
2026-10-02T10:38:28.4519681Z [command]/usr/bin/git config --local --unset-all http.https://github.com/.extraheader
2026-10-02T10:38:28.4553871Z [command]/usr/bin/git submodule foreach --recursive sh -c "git config --local --name-only --get-regexp 'http\.https\:\/\/github\.com\/\.extraheader' && git config --local --unset-all 'http.https://github.com/.extraheader' || :"
2026-10-02T10:38:28.4848571Z [command]/usr/bin/git config --local --name-only --get-regexp ^includeIf\.gitdir:
2026-10-02T10:38:28.4907126Z [command]/usr/bin/git submodule foreach --recursive git config --local --show-origin --name-only --get-regexp remote.origin.url
2026-10-02T10:38:28.5373335Z Cleaning up orphan processes
2026-10-02T10:38:28.5592009Z ##[warning]Node.js 20 is deprecated. The following actions target Node.js 20 but are being forced to run on Node.js 24: actions/checkout@v4, actions/setup-python@v5, actions/upload-artifact@v4. For more information see: https://github.blog/changelog/2025-09-19-deprecation-of-node-20-on-github-actions-runners/
