2026-10-02T10:37:36.3813469Z Current runner version: '2.337.0'
2026-10-02T10:37:36.3848309Z ##[group]Runner Image Provisioner
2026-10-02T10:37:36.3849640Z Hosted Compute Agent
2026-10-02T10:37:36.3850705Z Version: 20260901.588
2026-10-02T10:37:36.3852058Z Commit: f88ec8081b781fac6c440065ac7ff9e710ce3d0b
2026-10-02T10:37:36.3853550Z Build Date: 2026-09-01T19:56:44Z
2026-10-02T10:37:36.3854807Z Worker ID: {ad81ebf4-106c-4044-9426-4efb4951bba4}
2026-10-02T10:37:36.3856002Z Azure Region: eastus
2026-10-02T10:37:36.3857141Z ##[endgroup]
2026-10-02T10:37:36.3859453Z ##[group]Operating System
2026-10-02T10:37:36.3860438Z Ubuntu
2026-10-02T10:37:36.3861509Z 22.04.5
2026-10-02T10:37:36.3862696Z LTS
2026-10-02T10:37:36.3863683Z ##[endgroup]
2026-10-02T10:37:36.3864633Z ##[group]Runner Image
2026-10-02T10:37:36.3865660Z Image: ubuntu-22.04
2026-10-02T10:37:36.3866737Z Version: 20260927.309.1
2026-10-02T10:37:36.3868974Z Included Software: https://github.com/actions/runner-images/blob/ubuntu22/20260927.309/images/ubuntu/Ubuntu2204-Readme.md
2026-10-02T10:37:36.3872035Z Image Release: https://github.com/actions/runner-images/releases/tag/ubuntu22%2F20260927.309
2026-10-02T10:37:36.3873832Z ##[endgroup]
2026-10-02T10:37:36.3875853Z ##[group]GITHUB_TOKEN Permissions
2026-10-02T10:37:36.3878989Z Contents: read
2026-10-02T10:37:36.3880036Z Metadata: read
2026-10-02T10:37:36.3881015Z Packages: read
2026-10-02T10:37:36.3882418Z ##[endgroup]
2026-10-02T10:37:36.3885905Z Secret source: Actions
2026-10-02T10:37:36.3887635Z Cache mode: write
2026-10-02T10:37:36.3888763Z Prepare workflow directory
2026-10-02T10:37:36.4462582Z Prepare all required actions
2026-10-02T10:37:36.4533318Z Getting action download info
2026-10-02T10:37:36.6698075Z Download action repository 'actions/checkout@v4' (SHA:11d5960a326750d5838078e36cf38b85af677262)
2026-10-02T10:37:36.7744850Z Download action repository 'actions/setup-node@v4' (SHA:49933ea5288caeca8642d1e84afbd3f7d6820020)
2026-10-02T10:37:36.9708240Z Complete job name: Web (React)
2026-10-02T10:37:37.0529757Z ##[group]Run actions/checkout@v4
2026-10-02T10:37:37.0530711Z with:
2026-10-02T10:37:37.0531179Z   repository: llongwang751-arch/mini-drop
2026-10-02T10:37:37.0535372Z   token: ***
2026-10-02T10:37:37.0535830Z   ssh-strict: true
2026-10-02T10:37:37.0536267Z   ssh-user: git
2026-10-02T10:37:37.0536721Z   persist-credentials: true
2026-10-02T10:37:37.0537227Z   clean: true
2026-10-02T10:37:37.0537685Z   sparse-checkout-cone-mode: true
2026-10-02T10:37:37.0538353Z   fetch-depth: 1
2026-10-02T10:37:37.0538798Z   fetch-tags: false
2026-10-02T10:37:37.0539249Z   show-progress: true
2026-10-02T10:37:37.0539709Z   lfs: false
2026-10-02T10:37:37.0540123Z   submodules: false
2026-10-02T10:37:37.0540582Z   set-safe-directory: true
2026-10-02T10:37:37.0541092Z   allow-unsafe-pr-checkout: false
2026-10-02T10:37:37.0542148Z ##[endgroup]
2026-10-02T10:37:37.1604472Z Syncing repository: llongwang751-arch/mini-drop
2026-10-02T10:37:37.1607119Z ##[group]Getting Git version info
2026-10-02T10:37:37.1608455Z Working directory is '/home/runner/work/mini-drop/mini-drop'
2026-10-02T10:37:37.1610116Z [command]/usr/bin/git version
2026-10-02T10:37:37.1669604Z git version 2.55.0
2026-10-02T10:37:37.1696244Z ##[endgroup]
2026-10-02T10:37:37.1713111Z Temporarily overriding HOME='/home/runner/work/_temp/d74b66d0-877f-48bc-bf30-a9ed5ece581a' before making global git config changes
2026-10-02T10:37:37.1715806Z Adding repository directory to the temporary git global config as a safe directory
2026-10-02T10:37:37.1718524Z [command]/usr/bin/git config --global --add safe.directory /home/runner/work/mini-drop/mini-drop
2026-10-02T10:37:37.1762624Z Deleting the contents of '/home/runner/work/mini-drop/mini-drop'
2026-10-02T10:37:37.1768398Z ##[group]Initializing the repository
2026-10-02T10:37:37.1773720Z [command]/usr/bin/git init /home/runner/work/mini-drop/mini-drop
2026-10-02T10:37:37.1910869Z hint: Using 'master' as the name for the initial branch. This default branch name
2026-10-02T10:37:37.1913213Z hint: will change to "main" in Git 3.0. To configure the initial branch name
2026-10-02T10:37:37.1914869Z hint: to use in all of your new repositories, which will suppress this warning,
2026-10-02T10:37:37.1915793Z hint: call:
2026-10-02T10:37:37.1916333Z hint:
2026-10-02T10:37:37.1917004Z hint: 	git config --global init.defaultBranch <name>
2026-10-02T10:37:37.1917781Z hint:
2026-10-02T10:37:37.1918506Z hint: Names commonly chosen instead of 'master' are 'main', 'trunk' and
2026-10-02T10:37:37.1919576Z hint: 'development'. The just-created branch can be renamed via this command:
2026-10-02T10:37:37.1920455Z hint:
2026-10-02T10:37:37.1921025Z hint: 	git branch -m <name>
2026-10-02T10:37:37.1921959Z hint:
2026-10-02T10:37:37.1922826Z hint: Disable this message with "git config set advice.defaultBranchName false"
2026-10-02T10:37:37.1924123Z Initialized empty Git repository in /home/runner/work/mini-drop/mini-drop/.git/
2026-10-02T10:37:37.1935557Z [command]/usr/bin/git remote add origin https://github.com/llongwang751-arch/mini-drop
2026-10-02T10:37:37.1980626Z ##[endgroup]
2026-10-02T10:37:37.1982116Z ##[group]Disabling automatic garbage collection
2026-10-02T10:37:37.1993882Z [command]/usr/bin/git config --local gc.auto 0
2026-10-02T10:37:37.2030729Z ##[endgroup]
2026-10-02T10:37:37.2032848Z ##[group]Setting up auth
2026-10-02T10:37:37.2040844Z [command]/usr/bin/git config --local --name-only --get-regexp core\.sshCommand
2026-10-02T10:37:37.2080369Z [command]/usr/bin/git submodule foreach --recursive sh -c "git config --local --name-only --get-regexp 'core\.sshCommand' && git config --local --unset-all 'core.sshCommand' || :"
2026-10-02T10:37:37.2513010Z [command]/usr/bin/git config --local --name-only --get-regexp http\.https\:\/\/github\.com\/\.extraheader
2026-10-02T10:37:37.2564397Z [command]/usr/bin/git submodule foreach --recursive sh -c "git config --local --name-only --get-regexp 'http\.https\:\/\/github\.com\/\.extraheader' && git config --local --unset-all 'http.https://github.com/.extraheader' || :"
2026-10-02T10:37:37.2840747Z [command]/usr/bin/git config --local --name-only --get-regexp ^includeIf\.gitdir:
2026-10-02T10:37:37.2882753Z [command]/usr/bin/git submodule foreach --recursive git config --local --show-origin --name-only --get-regexp remote.origin.url
2026-10-02T10:37:37.3150361Z [command]/usr/bin/git config --local http.https://github.com/.extraheader AUTHORIZATION: basic ***
2026-10-02T10:37:37.3198919Z ##[endgroup]
2026-10-02T10:37:37.3199710Z ##[group]Fetching the repository
2026-10-02T10:37:37.3208802Z [command]/usr/bin/git -c protocol.version=2 fetch --no-tags --prune --no-recurse-submodules --depth=1 origin +4321aba043be6c2eb36580cf3b00d56c50bda914:refs/remotes/pull/1/merge
2026-10-02T10:37:44.7768070Z From https://github.com/llongwang751-arch/mini-drop
2026-10-02T10:37:44.7770099Z  * [new ref]         4321aba043be6c2eb36580cf3b00d56c50bda914 -> pull/1/merge
2026-10-02T10:37:44.7773964Z ##[endgroup]
2026-10-02T10:37:44.7775363Z ##[group]Determining the checkout info
2026-10-02T10:37:44.7777125Z ##[endgroup]
2026-10-02T10:37:44.7781401Z [command]/usr/bin/git sparse-checkout disable
2026-10-02T10:37:44.7839330Z [command]/usr/bin/git config --local --unset-all extensions.worktreeConfig
2026-10-02T10:37:44.7876619Z ##[group]Checking out the ref
2026-10-02T10:37:44.7880202Z [command]/usr/bin/git checkout --progress --force refs/remotes/pull/1/merge
2026-10-02T10:37:45.8053569Z Updating files:  63% (2785/4371)
2026-10-02T10:37:45.8117949Z Updating files:  64% (2798/4371)
2026-10-02T10:37:45.8183247Z Updating files:  65% (2842/4371)
2026-10-02T10:37:45.8219105Z Updating files:  66% (2885/4371)
2026-10-02T10:37:45.8271904Z Updating files:  67% (2929/4371)
2026-10-02T10:37:45.8308143Z Updating files:  68% (2973/4371)
2026-10-02T10:37:45.8534987Z Updating files:  69% (3016/4371)
2026-10-02T10:37:45.8848740Z Updating files:  70% (3060/4371)
2026-10-02T10:37:45.9035180Z Updating files:  71% (3104/4371)
2026-10-02T10:37:45.9088177Z Updating files:  72% (3148/4371)
2026-10-02T10:37:45.9151664Z Updating files:  73% (3191/4371)
2026-10-02T10:37:45.9233038Z Updating files:  74% (3235/4371)
2026-10-02T10:37:45.9351389Z Updating files:  75% (3279/4371)
2026-10-02T10:37:45.9405218Z Updating files:  76% (3322/4371)
2026-10-02T10:37:45.9448831Z Updating files:  77% (3366/4371)
2026-10-02T10:37:45.9469961Z Updating files:  78% (3410/4371)
2026-10-02T10:37:45.9519571Z Updating files:  79% (3454/4371)
2026-10-02T10:37:45.9561541Z Updating files:  80% (3497/4371)
2026-10-02T10:37:45.9601442Z Updating files:  81% (3541/4371)
2026-10-02T10:37:45.9667847Z Updating files:  82% (3585/4371)
2026-10-02T10:37:45.9707896Z Updating files:  83% (3628/4371)
2026-10-02T10:37:45.9763362Z Updating files:  84% (3672/4371)
2026-10-02T10:37:45.9859838Z Updating files:  85% (3716/4371)
2026-10-02T10:37:45.9917394Z Updating files:  86% (3760/4371)
2026-10-02T10:37:45.9976075Z Updating files:  87% (3803/4371)
2026-10-02T10:37:46.0007172Z Updating files:  88% (3847/4371)
2026-10-02T10:37:46.0042204Z Updating files:  89% (3891/4371)
2026-10-02T10:37:46.0075759Z Updating files:  90% (3934/4371)
2026-10-02T10:37:46.0125567Z Updating files:  91% (3978/4371)
2026-10-02T10:37:46.0152719Z Updating files:  92% (4022/4371)
2026-10-02T10:37:46.0181715Z Updating files:  93% (4066/4371)
2026-10-02T10:37:46.0209799Z Updating files:  94% (4109/4371)
2026-10-02T10:37:46.0243796Z Updating files:  95% (4153/4371)
2026-10-02T10:37:46.0376630Z Updating files:  96% (4197/4371)
2026-10-02T10:37:46.0403494Z Updating files:  97% (4240/4371)
2026-10-02T10:37:46.0432010Z Updating files:  98% (4284/4371)
2026-10-02T10:37:46.0457412Z Updating files:  99% (4328/4371)
2026-10-02T10:37:46.0458349Z Updating files: 100% (4371/4371)
2026-10-02T10:37:46.0459028Z Updating files: 100% (4371/4371), done.
2026-10-02T10:37:46.0521199Z Note: switching to 'refs/remotes/pull/1/merge'.
2026-10-02T10:37:46.0522179Z 
2026-10-02T10:37:46.0522830Z You are in 'detached HEAD' state. You can look around, make experimental
2026-10-02T10:37:46.0524493Z changes and commit them, and you can discard any commits you make in this
2026-10-02T10:37:46.0525846Z state without impacting any branches by switching back to a branch.
2026-10-02T10:37:46.0526661Z 
2026-10-02T10:37:46.0527306Z If you want to create a new branch to retain commits you create, you may
2026-10-02T10:37:46.0530140Z do so (now or later) by using -c with the switch command. Example:
2026-10-02T10:37:46.0530925Z 
2026-10-02T10:37:46.0531362Z   git switch -c <new-branch-name>
2026-10-02T10:37:46.0532032Z 
2026-10-02T10:37:46.0532263Z Or undo this operation with:
2026-10-02T10:37:46.0532617Z 
2026-10-02T10:37:46.0532832Z   git switch -
2026-10-02T10:37:46.0533120Z 
2026-10-02T10:37:46.0533580Z Turn off this advice by setting config variable advice.detachedHead to false
2026-10-02T10:37:46.0534283Z 
2026-10-02T10:37:46.0534997Z HEAD is now at 4321aba Merge 73b4b18ad83553a5012a0025dfb78bb21ff8dc7f into 609ea8a73f845b496b59b5cae181f515c5919850
2026-10-02T10:37:46.0638265Z ##[endgroup]
2026-10-02T10:37:46.0704436Z [command]/usr/bin/git log -1 --format=%H
2026-10-02T10:37:46.0739187Z 4321aba043be6c2eb36580cf3b00d56c50bda914
2026-10-02T10:37:46.1101068Z ##[group]Run actions/setup-node@v4
2026-10-02T10:37:46.1101388Z with:
2026-10-02T10:37:46.1101800Z   node-version: 22
2026-10-02T10:37:46.1102022Z   cache: npm
2026-10-02T10:37:46.1102265Z   cache-dependency-path: web/package-lock.json
2026-10-02T10:37:46.1102569Z   always-auth: false
2026-10-02T10:37:46.1102780Z   check-latest: false
2026-10-02T10:37:46.1105220Z   token: ***
2026-10-02T10:37:46.1105420Z ##[endgroup]
2026-10-02T10:37:46.2629466Z (node:2014) [DEP0040] DeprecationWarning: The `punycode` module is deprecated. Please use a userland alternative instead.
2026-10-02T10:37:46.2630504Z (Use `node --trace-deprecation ...` to show where the warning was created)
2026-10-02T10:37:46.2640156Z Found in cache @ /opt/hostedtoolcache/node/22.23.3/x64
2026-10-02T10:37:46.2640775Z ##[group]Environment details
2026-10-02T10:37:48.7940040Z node: v22.23.3
2026-10-02T10:37:48.7940540Z npm: 10.9.9
2026-10-02T10:37:48.7940897Z yarn: 1.22.22
2026-10-02T10:37:48.7943294Z ##[endgroup]
2026-10-02T10:37:48.7964812Z [command]/opt/hostedtoolcache/node/22.23.3/x64/bin/npm config get cache
2026-10-02T10:37:49.0864056Z /home/runner/.npm
2026-10-02T10:37:49.1684851Z Cache hit for: node-cache-Linux-x64-npm-a79428a48f53c819bdf3224c6f533bf526ae1b21f28f4ee918b0bcba5121d960
2026-10-02T10:37:49.1790852Z (node:2014) [DEP0169] DeprecationWarning: `url.parse()` behavior is not standardized and prone to errors that have security implications. Use the WHATWG URL API instead. CVEs are not issued for `url.parse()` vulnerabilities.
2026-10-02T10:37:49.6015727Z Received 52012766 of 52012766 (100.0%), 130.2 MBs/sec
2026-10-02T10:37:49.6016549Z Cache Size: ~50 MB (52012766 B)
2026-10-02T10:37:49.6146503Z [command]/usr/bin/tar -xf /home/runner/work/_temp/cd3d29c1-3b7b-464d-998b-0b21d6dfeb03/cache.tzst -P -C /home/runner/work/mini-drop/mini-drop --use-compress-program unzstd
2026-10-02T10:37:49.7683213Z Cache restored successfully
2026-10-02T10:37:49.7807622Z Cache restored from key: node-cache-Linux-x64-npm-a79428a48f53c819bdf3224c6f533bf526ae1b21f28f4ee918b0bcba5121d960
2026-10-02T10:37:49.7982413Z ##[group]Run npm ci
2026-10-02T10:37:49.7982802Z [36;1mnpm ci[0m
2026-10-02T10:37:49.8362918Z shell: /usr/bin/bash -e {0}
2026-10-02T10:37:49.8363246Z ##[endgroup]
2026-10-02T10:37:57.3568766Z 
2026-10-02T10:37:57.3577454Z added 346 packages, and audited 347 packages in 7s
2026-10-02T10:37:57.3577804Z 
2026-10-02T10:37:57.3578026Z 118 packages are looking for funding
2026-10-02T10:37:57.3578348Z   run `npm fund` for details
2026-10-02T10:37:57.3726018Z 
2026-10-02T10:37:57.3728381Z 2 vulnerabilities (1 low, 1 high)
2026-10-02T10:37:57.3728760Z 
2026-10-02T10:37:57.3729213Z To address all issues, run:
2026-10-02T10:37:57.3729682Z   npm audit fix
2026-10-02T10:37:57.3729924Z 
2026-10-02T10:37:57.3730148Z Run `npm audit` for details.
2026-10-02T10:37:57.4425314Z ##[group]Run npx vitest run
2026-10-02T10:37:57.4425645Z [36;1mnpx vitest run[0m
2026-10-02T10:37:57.4504409Z shell: /usr/bin/bash -e {0}
2026-10-02T10:37:57.4504701Z ##[endgroup]
2026-10-02T10:37:58.0910782Z 
2026-10-02T10:37:58.0914775Z [1m[30m[46m RUN [49m[39m[22m [36mv4.1.11 [39m[90m/home/runner/work/mini-drop/mini-drop/web[39m
2026-10-02T10:37:58.0915480Z 
2026-10-02T10:38:03.2246851Z Not implemented: Window's getComputedStyle() method: with pseudo-elements
2026-10-02T10:38:03.9511957Z Not implemented: Window's getComputedStyle() method: with pseudo-elements
2026-10-02T10:38:04.2265659Z Not implemented: Window's getComputedStyle() method: with pseudo-elements
2026-10-02T10:38:04.2637697Z [90mstderr[2m | src/components/ActualExplorationTree.test.jsx[2m > [22m[2mActualExplorationTree[2m > [22m[2mshows Skill retrieval, full-body loading and cross-round reuse inside the dynamic tree
2026-10-02T10:38:04.2640586Z [22m[39mWarning: [antd: Descriptions] Sum of column `span` in a line not match `column` of Descriptions.
2026-10-02T10:38:04.2645298Z Warning: [antd: Descriptions] Sum of column `span` in a line not match `column` of Descriptions.
2026-10-02T10:38:04.2646377Z 
2026-10-02T10:38:04.5824694Z  [32m✓[39m src/components/ActualExplorationTree.test.jsx [2m([22m[2m13 tests[22m[2m)[22m[33m 3131[2mms[22m[39m
2026-10-02T10:38:04.5826408Z      [33m[2m✓[22m[39m uses stable tool IDs and distinguishes failed probes from counter-evidence [33m 811[2mms[22m[39m
2026-10-02T10:38:04.5838118Z      [33m[2m✓[22m[39m renders server-provided LATS phase, best path and node scores without flattening the tree [33m 378[2mms[22m[39m
2026-10-02T10:38:06.3045011Z Not implemented: Window's getComputedStyle() method: with pseudo-elements
2026-10-02T10:38:08.6573484Z Not implemented: Window's getComputedStyle() method: with pseudo-elements
2026-10-02T10:38:09.1007940Z [90mstderr[2m | src/pages/AIDiagnosis.test.jsx[2m > [22m[2mAIDiagnosis V2 workspace[2m > [22m[2mdoes not submit while confirming a Chinese IME composition
2026-10-02T10:38:09.1009760Z [22m[39mWarning: An update to AIDiagnosis inside a test was not wrapped in act(...).
2026-10-02T10:38:09.1010728Z 
2026-10-02T10:38:09.1011084Z When testing, code that causes React state updates should be wrapped into act(...):
2026-10-02T10:38:09.1011432Z 
2026-10-02T10:38:09.1011528Z act(() => {
2026-10-02T10:38:09.1012202Z   /* fire events that update state */
2026-10-02T10:38:09.1012636Z });
2026-10-02T10:38:09.1012993Z /* assert on the output */
2026-10-02T10:38:09.1013252Z 
2026-10-02T10:38:09.1014235Z This ensures that you're testing the behavior the user would see in the browser. Learn more at https://reactjs.org/link/wrap-tests-with-act
2026-10-02T10:38:09.1015657Z     at AIDiagnosis (/home/runner/work/mini-drop/mini-drop/web/src/pages/AIDiagnosis.jsx:196:68)
2026-10-02T10:38:09.1016901Z Warning: An update to AIDiagnosis inside a test was not wrapped in act(...).
2026-10-02T10:38:09.1017465Z 
2026-10-02T10:38:09.1018120Z When testing, code that causes React state updates should be wrapped into act(...):
2026-10-02T10:38:09.1018772Z 
2026-10-02T10:38:09.1018961Z act(() => {
2026-10-02T10:38:09.1019437Z   /* fire events that update state */
2026-10-02T10:38:09.1019939Z });
2026-10-02T10:38:09.1020334Z /* assert on the output */
2026-10-02T10:38:09.1020626Z 
2026-10-02T10:38:09.1021922Z This ensures that you're testing the behavior the user would see in the browser. Learn more at https://reactjs.org/link/wrap-tests-with-act
2026-10-02T10:38:09.1023609Z     at AIDiagnosis (/home/runner/work/mini-drop/mini-drop/web/src/pages/AIDiagnosis.jsx:196:68)
2026-10-02T10:38:09.1024988Z Warning: An update to AIDiagnosis inside a test was not wrapped in act(...).
2026-10-02T10:38:09.1025585Z 
2026-10-02T10:38:09.1026253Z When testing, code that causes React state updates should be wrapped into act(...):
2026-10-02T10:38:09.1026876Z 
2026-10-02T10:38:09.1027072Z act(() => {
2026-10-02T10:38:09.1027956Z   /* fire events that update state */
2026-10-02T10:38:09.1028521Z });
2026-10-02T10:38:09.1028924Z /* assert on the output */
2026-10-02T10:38:09.1029221Z 
2026-10-02T10:38:09.1030338Z This ensures that you're testing the behavior the user would see in the browser. Learn more at https://reactjs.org/link/wrap-tests-with-act
2026-10-02T10:38:09.1032280Z     at AIDiagnosis (/home/runner/work/mini-drop/mini-drop/web/src/pages/AIDiagnosis.jsx:196:68)
2026-10-02T10:38:09.1033587Z Warning: An update to AIDiagnosis inside a test was not wrapped in act(...).
2026-10-02T10:38:09.1034186Z 
2026-10-02T10:38:09.1034842Z When testing, code that causes React state updates should be wrapped into act(...):
2026-10-02T10:38:09.1035472Z 
2026-10-02T10:38:09.1035654Z act(() => {
2026-10-02T10:38:09.1036106Z   /* fire events that update state */
2026-10-02T10:38:09.1036607Z });
2026-10-02T10:38:09.1037020Z /* assert on the output */
2026-10-02T10:38:09.1037325Z 
2026-10-02T10:38:09.1038462Z This ensures that you're testing the behavior the user would see in the browser. Learn more at https://reactjs.org/link/wrap-tests-with-act
2026-10-02T10:38:09.1040105Z     at AIDiagnosis (/home/runner/work/mini-drop/mini-drop/web/src/pages/AIDiagnosis.jsx:196:68)
2026-10-02T10:38:09.1041396Z Warning: An update to ForwardRef inside a test was not wrapped in act(...).
2026-10-02T10:38:09.1042239Z 
2026-10-02T10:38:09.1042844Z When testing, code that causes React state updates should be wrapped into act(...):
2026-10-02T10:38:09.1043427Z 
2026-10-02T10:38:09.1043579Z act(() => {
2026-10-02T10:38:09.1043978Z   /* fire events that update state */
2026-10-02T10:38:09.1044436Z });
2026-10-02T10:38:09.1044804Z /* assert on the output */
2026-10-02T10:38:09.1045067Z 
2026-10-02T10:38:09.1046098Z This ensures that you're testing the behavior the user would see in the browser. Learn more at https://reactjs.org/link/wrap-tests-with-act
2026-10-02T10:38:09.1047618Z     at /home/runner/work/mini-drop/mini-drop/web/node_modules/antd/lib/message/useMessage.js:52:5
2026-10-02T10:38:09.1048443Z     at div
2026-10-02T10:38:09.1049271Z     at AIDiagnosis (/home/runner/work/mini-drop/mini-drop/web/src/pages/AIDiagnosis.jsx:196:68)
2026-10-02T10:38:09.1049985Z 
2026-10-02T10:38:09.3363210Z Not implemented: Window's getComputedStyle() method: with pseudo-elements
2026-10-02T10:38:10.8919187Z Not implemented: Window's getComputedStyle() method: with pseudo-elements
2026-10-02T10:38:11.6406840Z Not implemented: Window's getComputedStyle() method: with pseudo-elements
2026-10-02T10:38:12.4434051Z  [32m✓[39m src/components/FaultPlazaPanel.test.jsx [2m([22m[2m14 tests[22m[2m)[22m[33m 4164[2mms[22m[39m
2026-10-02T10:38:12.4463244Z      [33m[2m✓[22m[39m prefers current engineering localization over a frozen strict failure [33m 759[2mms[22m[39m
2026-10-02T10:38:12.4469213Z      [33m[2m✓[22m[39m opens the engineering diagnosis rather than a legacy result without injecting a fault [33m 357[2mms[22m[39m
2026-10-02T10:38:12.4493220Z      [33m[2m✓[22m[39m keeps all 21 current engineering scenario grades independent of old failures [33m 1287[2mms[22m[39m
2026-10-02T10:38:13.2645278Z Not implemented: Window's getComputedStyle() method: with pseudo-elements
2026-10-02T10:38:14.4492785Z  [32m✓[39m src/pages/AIDiagnosis.test.jsx [2m([22m[2m20 tests[22m[2m)[22m[33m 10804[2mms[22m[39m
2026-10-02T10:38:14.4494903Z      [33m[2m✓[22m[39m finishes a measured healthy check without a root report and offers fresh sampling [33m 1609[2mms[22m[39m
2026-10-02T10:38:14.4497160Z      [33m[2m✓[22m[39m retains the requested case while React replays asynchronous state updates [33m 378[2mms[22m[39m
2026-10-02T10:38:14.4498714Z      [33m[2m✓[22m[39m confirms cancellation with session version and refreshes the terminal record [33m 811[2mms[22m[39m
2026-10-02T10:38:14.4500181Z      [33m[2m✓[22m[39m hides cancellation on completed records [33m 351[2mms[22m[39m
2026-10-02T10:38:14.4502965Z      [33m[2m✓[22m[39m preserves a same-session report on partial and core refresh failures, but clears it when switching sessions [33m 1240[2mms[22m[39m
2026-10-02T10:38:14.4513418Z      [33m[2m✓[22m[39m renders only Drop Insight V2 diagnoses [33m 1089[2mms[22m[39m
2026-10-02T10:38:14.4515184Z      [33m[2m✓[22m[39m uses a full-width primary view and only splits when the user asks [33m 736[2mms[22m[39m
2026-10-02T10:38:14.4517119Z      [33m[2m✓[22m[39m lets the user review and edit a tree intervention before starting a new round [33m 919[2mms[22m[39m
2026-10-02T10:38:14.4518884Z      [33m[2m✓[22m[39m merges the active diagnosis replay, exploration tree and Skill decision in a modal [33m 758[2mms[22m[39m
2026-10-02T10:38:14.4520508Z      [33m[2m✓[22m[39m continues a completed diagnosis as a real intervention round [33m 413[2mms[22m[39m
2026-10-02T10:38:14.4522290Z      [33m[2m✓[22m[39m lets the user challenge the current plan from the persistent composer [33m 444[2mms[22m[39m
2026-10-02T10:38:16.8707917Z Not implemented: Window's getComputedStyle() method: with pseudo-elements
2026-10-02T10:38:17.0507810Z Not implemented: Window's getComputedStyle() method: with pseudo-elements
2026-10-02T10:38:17.2375134Z Not implemented: Window's getComputedStyle() method: with pseudo-elements
2026-10-02T10:38:17.3837843Z Not implemented: Window's getComputedStyle() method: with pseudo-elements
2026-10-02T10:38:17.6153502Z Not implemented: Window's getComputedStyle() method: with pseudo-elements
2026-10-02T10:38:17.6176744Z Not implemented: Window's getComputedStyle() method: with pseudo-elements
2026-10-02T10:38:17.6482124Z [90mstderr[2m | src/components/AgentCockpit.test.jsx[2m > [22m[2mAgentCockpit[2m > [22m[2mopens 查看规划假设 in an inspectable modal
2026-10-02T10:38:17.6484968Z [22m[39mWarning: [antd: Table] `index` parameter of `rowKey` function is deprecated. There is no guarantee that it will work as expected.
2026-10-02T10:38:17.6487275Z Warning: [antd: Table] `index` parameter of `rowKey` function is deprecated. There is no guarantee that it will work as expected.
2026-10-02T10:38:17.6488375Z 
2026-10-02T10:38:17.7701433Z Not implemented: Window's getComputedStyle() method: with pseudo-elements
2026-10-02T10:38:17.7792915Z Not implemented: Window's getComputedStyle() method: with pseudo-elements
2026-10-02T10:38:17.8091353Z [90mstderr[2m | src/components/AgentCockpit.test.jsx[2m > [22m[2mAgentCockpit[2m > [22m[2mopens 查看工具调用 in an inspectable modal
2026-10-02T10:38:17.8121920Z [22m[39mWarning: [antd: Table] `index` parameter of `rowKey` function is deprecated. There is no guarantee that it will work as expected.
2026-10-02T10:38:17.8124094Z Warning: [antd: Table] `index` parameter of `rowKey` function is deprecated. There is no guarantee that it will work as expected.
2026-10-02T10:38:17.8125125Z 
2026-10-02T10:38:17.9554662Z Not implemented: Window's getComputedStyle() method: with pseudo-elements
2026-10-02T10:38:17.9652658Z Not implemented: Window's getComputedStyle() method: with pseudo-elements
2026-10-02T10:38:17.9844010Z [90mstderr[2m | src/components/AgentCockpit.test.jsx[2m > [22m[2mAgentCockpit[2m > [22m[2mopens 查看证据 in an inspectable modal
2026-10-02T10:38:17.9846657Z [22m[39mWarning: [antd: Table] `index` parameter of `rowKey` function is deprecated. There is no guarantee that it will work as expected.
2026-10-02T10:38:17.9865925Z Warning: [antd: Table] `index` parameter of `rowKey` function is deprecated. There is no guarantee that it will work as expected.
2026-10-02T10:38:17.9866866Z 
2026-10-02T10:38:18.1635806Z Not implemented: Window's getComputedStyle() method: with pseudo-elements
2026-10-02T10:38:18.4736222Z Not implemented: Window's getComputedStyle() method: with pseudo-elements
2026-10-02T10:38:18.4770647Z Not implemented: Window's getComputedStyle() method: with pseudo-elements
2026-10-02T10:38:18.5110630Z [90mstderr[2m | src/components/AgentCockpit.test.jsx[2m > [22m[2mAgentCockpit[2m > [22m[2mrenders evidence roles and gate states as Chinese labels
2026-10-02T10:38:18.5174148Z [22m[39mWarning: [antd: Table] `index` parameter of `rowKey` function is deprecated. There is no guarantee that it will work as expected.
2026-10-02T10:38:18.5183302Z Warning: [antd: Table] `index` parameter of `rowKey` function is deprecated. There is no guarantee that it will work as expected.
2026-10-02T10:38:18.5187350Z 
2026-10-02T10:38:18.6148263Z  [32m✓[39m src/components/ObservabilityOverview.test.jsx [2m([22m[2m16 tests[22m[2m)[22m[33m 734[2mms[22m[39m
2026-10-02T10:38:18.6150437Z      [33m[2m✓[22m[39m keeps the default view concise and exposes provenance on demand [33m 412[2mms[22m[39m
2026-10-02T10:38:18.8213665Z Not implemented: Window's getComputedStyle() method: with pseudo-elements
2026-10-02T10:38:18.9689005Z Not implemented: Window's getComputedStyle() method: with pseudo-elements
2026-10-02T10:38:19.1020104Z Not implemented: Window's getComputedStyle() method: with pseudo-elements
2026-10-02T10:38:19.1263613Z  [32m✓[39m src/components/AgentCockpit.test.jsx [2m([22m[2m13 tests[22m[2m)[22m[33m 3050[2mms[22m[39m
2026-10-02T10:38:19.1265507Z      [33m[2m✓[22m[39m shows eight real metric buttons, including LATS, and the persisted runtime identity [33m 590[2mms[22m[39m
2026-10-02T10:38:19.1267413Z      [33m[2m✓[22m[39m separates session context and Skill route memory from factual Evidence [33m 339[2mms[22m[39m
2026-10-02T10:38:19.1269246Z      [33m[2m✓[22m[39m shows derived evaluation rates and keeps Skill publication human-controlled [33m 377[2mms[22m[39m
2026-10-02T10:38:24.0774905Z [90mstderr[2m | src/components/ScopeCard.test.jsx[2m > [22m[2mScopeCard secure target discovery[2m > [22m[2mrequires an explicit closed selection when multiple candidates are eligible
2026-10-02T10:38:24.0803386Z [22m[39mWarning: An update to InternalFormItem inside a test was not wrapped in act(...).
2026-10-02T10:38:24.0832185Z 
2026-10-02T10:38:24.0838373Z When testing, code that causes React state updates should be wrapped into act(...):
2026-10-02T10:38:24.0839401Z 
2026-10-02T10:38:24.0839841Z act(() => {
2026-10-02T10:38:24.0840572Z   /* fire events that update state */
2026-10-02T10:38:24.0841386Z });
2026-10-02T10:38:24.0842293Z /* assert on the output */
2026-10-02T10:38:24.0843433Z 
2026-10-02T10:38:24.0844712Z This ensures that you're testing the behavior the user would see in the browser. Learn more at https://reactjs.org/link/wrap-tests-with-act
2026-10-02T10:38:24.0846689Z     at InternalFormItem (/home/runner/work/mini-drop/mini-drop/web/node_modules/antd/lib/form/FormItem/index.js:58:5)
2026-10-02T10:38:24.0847898Z     at div
2026-10-02T10:38:24.0848860Z     at /home/runner/work/mini-drop/mini-drop/web/node_modules/antd/lib/grid/col.js:40:13
2026-10-02T10:38:24.0849850Z     at div
2026-10-02T10:38:24.0850802Z     at /home/runner/work/mini-drop/mini-drop/web/node_modules/antd/lib/grid/row.js:57:18
2026-10-02T10:38:24.0852124Z     at form
2026-10-02T10:38:24.0853237Z     at Form (/home/runner/work/mini-drop/mini-drop/web/node_modules/rc-field-form/lib/Form.js:21:19)
2026-10-02T10:38:24.0854933Z     at NoFormStyle (/home/runner/work/mini-drop/mini-drop/web/node_modules/antd/lib/form/context.js:32:3)
2026-10-02T10:38:24.0856812Z     at FormProvider (/home/runner/work/mini-drop/mini-drop/web/node_modules/rc-field-form/lib/FormContext.js:19:31)
2026-10-02T10:38:24.0858197Z     at FormProvider
2026-10-02T10:38:24.0859648Z     at DisabledContextProvider (/home/runner/work/mini-drop/mini-drop/web/node_modules/antd/lib/config-provider/DisabledContext.js:12:3)
2026-10-02T10:38:24.0861539Z     at InternalForm (/home/runner/work/mini-drop/mini-drop/web/node_modules/antd/lib/form/Form.js:50:33)
2026-10-02T10:38:24.0863061Z     at div
2026-10-02T10:38:24.0864127Z     at Item (/home/runner/work/mini-drop/mini-drop/web/node_modules/antd/lib/space/Item.js:12:3)
2026-10-02T10:38:24.0865243Z     at div
2026-10-02T10:38:24.0866242Z     at /home/runner/work/mini-drop/mini-drop/web/node_modules/antd/lib/space/index.js:44:39
2026-10-02T10:38:24.0867394Z     at div
2026-10-02T10:38:24.0868389Z     at div
2026-10-02T10:38:24.0869490Z     at /home/runner/work/mini-drop/mini-drop/web/node_modules/antd/lib/card/Card.js:53:18
2026-10-02T10:38:24.0871047Z     at ScopeCard (/home/runner/work/mini-drop/mini-drop/web/src/components/ScopeCard.jsx:56:22)
2026-10-02T10:38:24.0872861Z Warning: An update to Field inside a test was not wrapped in act(...).
2026-10-02T10:38:24.0873620Z 
2026-10-02T10:38:24.0874449Z When testing, code that causes React state updates should be wrapped into act(...):
2026-10-02T10:38:24.0875272Z 
2026-10-02T10:38:24.0875630Z act(() => {
2026-10-02T10:38:24.0876261Z   /* fire events that update state */
2026-10-02T10:38:24.0876952Z });
2026-10-02T10:38:24.0877531Z /* assert on the output */
2026-10-02T10:38:24.0878031Z 
2026-10-02T10:38:24.0879270Z This ensures that you're testing the behavior the user would see in the browser. Learn more at https://reactjs.org/link/wrap-tests-with-act
2026-10-02T10:38:24.0903048Z     at Field (/home/runner/work/mini-drop/mini-drop/web/node_modules/rc-field-form/lib/Field.js:49:34)
2026-10-02T10:38:24.0904741Z     at WrapperField (/home/runner/work/mini-drop/mini-drop/web/node_modules/rc-field-form/lib/Field.js:598:20)
2026-10-02T10:38:24.0913464Z     at InternalFormItem (/home/runner/work/mini-drop/mini-drop/web/node_modules/antd/lib/form/FormItem/index.js:58:5)
2026-10-02T10:38:24.0914919Z     at div
2026-10-02T10:38:24.0915993Z     at /home/runner/work/mini-drop/mini-drop/web/node_modules/antd/lib/grid/col.js:40:13
2026-10-02T10:38:24.0917186Z     at div
2026-10-02T10:38:24.0918154Z     at /home/runner/work/mini-drop/mini-drop/web/node_modules/antd/lib/grid/row.js:57:18
2026-10-02T10:38:24.0919177Z     at form
2026-10-02T10:38:24.0920288Z     at Form (/home/runner/work/mini-drop/mini-drop/web/node_modules/rc-field-form/lib/Form.js:21:19)
2026-10-02T10:38:24.0922198Z     at NoFormStyle (/home/runner/work/mini-drop/mini-drop/web/node_modules/antd/lib/form/context.js:32:3)
2026-10-02T10:38:24.0924064Z     at FormProvider (/home/runner/work/mini-drop/mini-drop/web/node_modules/rc-field-form/lib/FormContext.js:19:31)
2026-10-02T10:38:24.0925354Z     at FormProvider
2026-10-02T10:38:24.0926777Z     at DisabledContextProvider (/home/runner/work/mini-drop/mini-drop/web/node_modules/antd/lib/config-provider/DisabledContext.js:12:3)
2026-10-02T10:38:24.0929122Z     at InternalForm (/home/runner/work/mini-drop/mini-drop/web/node_modules/antd/lib/form/Form.js:50:33)
2026-10-02T10:38:24.0930306Z     at div
2026-10-02T10:38:24.0931334Z     at Item (/home/runner/work/mini-drop/mini-drop/web/node_modules/antd/lib/space/Item.js:12:3)
2026-10-02T10:38:24.0932691Z     at div
2026-10-02T10:38:24.0933706Z     at /home/runner/work/mini-drop/mini-drop/web/node_modules/antd/lib/space/index.js:44:39
2026-10-02T10:38:24.0934961Z     at div
2026-10-02T10:38:24.0935535Z     at div
2026-10-02T10:38:24.0936525Z     at /home/runner/work/mini-drop/mini-drop/web/node_modules/antd/lib/card/Card.js:53:18
2026-10-02T10:38:24.0938049Z     at ScopeCard (/home/runner/work/mini-drop/mini-drop/web/src/components/ScopeCard.jsx:56:22)
2026-10-02T10:38:24.0939018Z 
2026-10-02T10:38:26.1380875Z [90mstderr[2m | src/components/ManagedServicesPanel.test.jsx[2m > [22m[2msubmits only the selected request ID and rejects an expired selection
2026-10-02T10:38:26.1383407Z [22m[39mWarning: An update to ForwardRef inside a test was not wrapped in act(...).
2026-10-02T10:38:26.1384330Z 
2026-10-02T10:38:26.1385263Z When testing, code that causes React state updates should be wrapped into act(...):
2026-10-02T10:38:26.1385920Z 
2026-10-02T10:38:26.1386078Z act(() => {
2026-10-02T10:38:26.1386496Z   /* fire events that update state */
2026-10-02T10:38:26.1386939Z });
2026-10-02T10:38:26.1387304Z /* assert on the output */
2026-10-02T10:38:26.1387569Z 
2026-10-02T10:38:26.1388610Z This ensures that you're testing the behavior the user would see in the browser. Learn more at https://reactjs.org/link/wrap-tests-with-act
2026-10-02T10:38:26.1390619Z     at /home/runner/work/mini-drop/mini-drop/web/node_modules/antd/lib/message/index.js:68:60
2026-10-02T10:38:26.1392251Z Warning: An update to ForwardRef inside a test was not wrapped in act(...).
2026-10-02T10:38:26.1392804Z 
2026-10-02T10:38:26.1393413Z When testing, code that causes React state updates should be wrapped into act(...):
2026-10-02T10:38:26.1394049Z 
2026-10-02T10:38:26.1394220Z act(() => {
2026-10-02T10:38:26.1394657Z   /* fire events that update state */
2026-10-02T10:38:26.1395140Z });
2026-10-02T10:38:26.1395521Z /* assert on the output */
2026-10-02T10:38:26.1395807Z 
2026-10-02T10:38:26.1396868Z This ensures that you're testing the behavior the user would see in the browser. Learn more at https://reactjs.org/link/wrap-tests-with-act
2026-10-02T10:38:26.1398421Z     at /home/runner/work/mini-drop/mini-drop/web/node_modules/antd/lib/message/useMessage.js:52:5
2026-10-02T10:38:26.1399805Z     at /home/runner/work/mini-drop/mini-drop/web/node_modules/antd/lib/message/index.js:41:5
2026-10-02T10:38:26.1401284Z     at MotionWrapper (/home/runner/work/mini-drop/mini-drop/web/node_modules/antd/lib/config-provider/MotionWrapper.js:17:30)
2026-10-02T10:38:26.1403381Z     at ProviderChildren (/home/runner/work/mini-drop/mini-drop/web/node_modules/antd/lib/config-provider/index.js:142:5)
2026-10-02T10:38:26.1405082Z     at ConfigProvider (/home/runner/work/mini-drop/mini-drop/web/node_modules/antd/lib/config-provider/index.js:444:25)
2026-10-02T10:38:26.1406543Z     at /home/runner/work/mini-drop/mini-drop/web/node_modules/antd/lib/message/index.js:68:60
2026-10-02T10:38:26.1407794Z Warning: An update to ForwardRef inside a test was not wrapped in act(...).
2026-10-02T10:38:26.1408395Z 
2026-10-02T10:38:26.1409005Z When testing, code that causes React state updates should be wrapped into act(...):
2026-10-02T10:38:26.1409600Z 
2026-10-02T10:38:26.1409758Z act(() => {
2026-10-02T10:38:26.1410191Z   /* fire events that update state */
2026-10-02T10:38:26.1410661Z });
2026-10-02T10:38:26.1411042Z /* assert on the output */
2026-10-02T10:38:26.1411341Z 
2026-10-02T10:38:26.1412680Z This ensures that you're testing the behavior the user would see in the browser. Learn more at https://reactjs.org/link/wrap-tests-with-act
2026-10-02T10:38:26.1414568Z     at /home/runner/work/mini-drop/mini-drop/web/node_modules/antd/lib/message/useMessage.js:52:5
2026-10-02T10:38:26.1415804Z     at /home/runner/work/mini-drop/mini-drop/web/node_modules/antd/lib/message/index.js:41:5
2026-10-02T10:38:26.1417296Z     at MotionWrapper (/home/runner/work/mini-drop/mini-drop/web/node_modules/antd/lib/config-provider/MotionWrapper.js:17:30)
2026-10-02T10:38:26.1418941Z     at ProviderChildren (/home/runner/work/mini-drop/mini-drop/web/node_modules/antd/lib/config-provider/index.js:142:5)
2026-10-02T10:38:26.1420604Z     at ConfigProvider (/home/runner/work/mini-drop/mini-drop/web/node_modules/antd/lib/config-provider/index.js:444:25)
2026-10-02T10:38:26.1422266Z     at /home/runner/work/mini-drop/mini-drop/web/node_modules/antd/lib/message/index.js:68:60
2026-10-02T10:38:26.1423492Z Warning: An update to Notifications inside a test was not wrapped in act(...).
2026-10-02T10:38:26.1424076Z 
2026-10-02T10:38:26.1424681Z When testing, code that causes React state updates should be wrapped into act(...):
2026-10-02T10:38:26.1425283Z 
2026-10-02T10:38:26.1425431Z act(() => {
2026-10-02T10:38:26.1425835Z   /* fire events that update state */
2026-10-02T10:38:26.1426289Z });
2026-10-02T10:38:26.1426639Z /* assert on the output */
2026-10-02T10:38:26.1426903Z 
2026-10-02T10:38:26.1427959Z This ensures that you're testing the behavior the user would see in the browser. Learn more at https://reactjs.org/link/wrap-tests-with-act
2026-10-02T10:38:26.1429557Z     at /home/runner/work/mini-drop/mini-drop/web/node_modules/rc-notification/lib/Notifications.js:19:32
2026-10-02T10:38:26.1430893Z     at /home/runner/work/mini-drop/mini-drop/web/node_modules/antd/lib/message/useMessage.js:52:5
2026-10-02T10:38:26.1432626Z     at /home/runner/work/mini-drop/mini-drop/web/node_modules/antd/lib/message/index.js:41:5
2026-10-02T10:38:26.1434178Z     at MotionWrapper (/home/runner/work/mini-drop/mini-drop/web/node_modules/antd/lib/config-provider/MotionWrapper.js:17:30)
2026-10-02T10:38:26.1435867Z     at ProviderChildren (/home/runner/work/mini-drop/mini-drop/web/node_modules/antd/lib/config-provider/index.js:142:5)
2026-10-02T10:38:26.1437479Z     at ConfigProvider (/home/runner/work/mini-drop/mini-drop/web/node_modules/antd/lib/config-provider/index.js:444:25)
2026-10-02T10:38:26.1438889Z     at /home/runner/work/mini-drop/mini-drop/web/node_modules/antd/lib/message/index.js:68:60
2026-10-02T10:38:26.1440080Z Warning: An update to ForwardRef inside a test was not wrapped in act(...).
2026-10-02T10:38:26.1440645Z 
2026-10-02T10:38:26.1441244Z When testing, code that causes React state updates should be wrapped into act(...):
2026-10-02T10:38:26.1442242Z 
2026-10-02T10:38:26.1442397Z act(() => {
2026-10-02T10:38:26.1442807Z   /* fire events that update state */
2026-10-02T10:38:26.1443263Z });
2026-10-02T10:38:26.1443622Z /* assert on the output */
2026-10-02T10:38:26.1443894Z 
2026-10-02T10:38:26.1444947Z This ensures that you're testing the behavior the user would see in the browser. Learn more at https://reactjs.org/link/wrap-tests-with-act
2026-10-02T10:38:26.1446518Z     at /home/runner/work/mini-drop/mini-drop/web/node_modules/antd/lib/message/useMessage.js:52:5
2026-10-02T10:38:26.1447729Z     at /home/runner/work/mini-drop/mini-drop/web/node_modules/antd/lib/message/index.js:41:5
2026-10-02T10:38:26.1449225Z     at MotionWrapper (/home/runner/work/mini-drop/mini-drop/web/node_modules/antd/lib/config-provider/MotionWrapper.js:17:30)
2026-10-02T10:38:26.1450962Z     at ProviderChildren (/home/runner/work/mini-drop/mini-drop/web/node_modules/antd/lib/config-provider/index.js:142:5)
2026-10-02T10:38:26.1452872Z     at ConfigProvider (/home/runner/work/mini-drop/mini-drop/web/node_modules/antd/lib/config-provider/index.js:444:25)
2026-10-02T10:38:26.1454309Z     at /home/runner/work/mini-drop/mini-drop/web/node_modules/antd/lib/message/index.js:68:60
2026-10-02T10:38:26.1454966Z 
2026-10-02T10:38:26.4160475Z  [32m✓[39m src/components/ScopeCard.test.jsx [2m([22m[2m13 tests[22m[2m)[22m[33m 4312[2mms[22m[39m
2026-10-02T10:38:26.4163098Z      [33m[2m✓[22m[39m hides raw authority clarification prompts resolved by secure discovery [33m 1020[2mms[22m[39m
2026-10-02T10:38:26.4164496Z      [33m[2m✓[22m[39m requires an explicit closed selection when multiple candidates are eligible [33m 694[2mms[22m[39m
2026-10-02T10:38:26.4165613Z      [33m[2m✓[22m[39m submits expected version and binding authority without raw agent or PID [33m 344[2mms[22m[39m
2026-10-02T10:38:26.4167254Z      [33m[2m✓[22m[39m does not resubmit an immutable server time range [33m 314[2mms[22m[39m
2026-10-02T10:38:27.1154664Z  [32m✓[39m src/components/ManagedServicesPanel.test.jsx [2m([22m[2m12 tests[22m[2m)[22m[33m 4475[2mms[22m[39m
2026-10-02T10:38:27.1157779Z    [33m[2m✓[22m[39m switches the service inspector and sends the selected service identity [33m 1302[2mms[22m[39m
2026-10-02T10:38:27.1159338Z    [33m[2m✓[22m[39m shows real RAG stages and leaves unavailable stages empty [33m 386[2mms[22m[39m
2026-10-02T10:38:27.1160671Z    [33m[2m✓[22m[39m keeps a current check separate from a selected historical request [33m 328[2mms[22m[39m
2026-10-02T10:38:27.1162576Z    [33m[2m✓[22m[39m submits only the selected request ID and rejects an expired selection [33m 437[2mms[22m[39m
2026-10-02T10:38:27.1164119Z    [33m[2m✓[22m[39m checks both original 2000ms comparisons after preparation (3507) [33m 358[2mms[22m[39m
2026-10-02T10:38:27.1165722Z    [33m[2m✓[22m[39m checks both original 2000ms comparisons after preparation (3407) [33m 324[2mms[22m[39m
2026-10-02T10:38:31.0878412Z [90mstderr[2m | src/components/SkillABPanel.test.jsx[2m > [22m[2mSkillABPanel[2m > [22m[2mcreates real AUTO and DISABLED diagnoses and reports only observed metrics
2026-10-02T10:38:31.0883434Z [22m[39mWarning: [antd: Card] `bordered` is deprecated. Please use `variant` instead.
2026-10-02T10:38:31.0897492Z Warning: [antd: Card] `bordered` is deprecated. Please use `variant` instead.
2026-10-02T10:38:31.0898930Z Warning: [antd: Card] `bordered` is deprecated. Please use `variant` instead.
2026-10-02T10:38:31.0899553Z 
2026-10-02T10:38:31.0934407Z [90mstderr[2m | src/components/SkillABPanel.test.jsx[2m > [22m[2mSkillABPanel[2m > [22m[2mcreates real AUTO and DISABLED diagnoses and reports only observed metrics
2026-10-02T10:38:31.0936636Z [22m[39mWarning: [antd: Card] `bordered` is deprecated. Please use `variant` instead.
2026-10-02T10:38:31.0937614Z 
2026-10-02T10:38:31.2606502Z [90mstderr[2m | src/components/SkillABPanel.test.jsx[2m > [22m[2mSkillABPanel[2m > [22m[2mcreates real AUTO and DISABLED diagnoses and reports only observed metrics
2026-10-02T10:38:31.2609766Z [22m[39mWarning: [antd: Card] `bordered` is deprecated. Please use `variant` instead.
2026-10-02T10:38:31.2610841Z 
2026-10-02T10:38:31.2944871Z [90mstderr[2m | src/components/SkillABPanel.test.jsx[2m > [22m[2mSkillABPanel[2m > [22m[2mcreates real AUTO and DISABLED diagnoses and reports only observed metrics
2026-10-02T10:38:31.2948371Z [22m[39mWarning: [antd: Card] `bordered` is deprecated. Please use `variant` instead.
2026-10-02T10:38:31.2949554Z 
2026-10-02T10:38:31.3579002Z [90mstderr[2m | src/components/SkillABPanel.test.jsx[2m > [22m[2mSkillABPanel[2m > [22m[2mcreates real AUTO and DISABLED diagnoses and reports only observed metrics
2026-10-02T10:38:31.3593500Z [22m[39mWarning: [antd: Card] `bordered` is deprecated. Please use `variant` instead.
2026-10-02T10:38:31.3612405Z 
2026-10-02T10:38:31.4340478Z [90mstderr[2m | src/components/SkillABPanel.test.jsx[2m > [22m[2mSkillABPanel[2m > [22m[2mcreates real AUTO and DISABLED diagnoses and reports only observed metrics
2026-10-02T10:38:31.4383466Z [22m[39mWarning: [antd: Card] `bordered` is deprecated. Please use `variant` instead.
2026-10-02T10:38:31.4384574Z 
2026-10-02T10:38:31.4804131Z [90mstderr[2m | src/components/SkillABPanel.test.jsx[2m > [22m[2mSkillABPanel[2m > [22m[2mcreates real AUTO and DISABLED diagnoses and reports only observed metrics
2026-10-02T10:38:31.4833082Z [22m[39mWarning: [antd: Card] `bordered` is deprecated. Please use `variant` instead.
2026-10-02T10:38:31.4837314Z 
2026-10-02T10:38:31.5188312Z [90mstderr[2m | src/components/SkillABPanel.test.jsx[2m > [22m[2mSkillABPanel[2m > [22m[2mcreates real AUTO and DISABLED diagnoses and reports only observed metrics
2026-10-02T10:38:31.5190674Z [22m[39mWarning: [antd: Card] `bordered` is deprecated. Please use `variant` instead.
2026-10-02T10:38:31.5192139Z 
2026-10-02T10:38:31.7788326Z  [32m✓[39m src/components/ConclusionCard.test.jsx [2m([22m[2m10 tests[22m[2m)[22m[33m 876[2mms[22m[39m
2026-10-02T10:38:31.7791514Z      [33m[2m✓[22m[39m explains that inclusive Go function shares overlap [33m 434[2mms[22m[39m
2026-10-02T10:38:31.9302226Z [90mstderr[2m | src/components/SkillABPanel.test.jsx[2m > [22m[2mSkillABPanel[2m > [22m[2mkeeps an earlier supported hypothesis visible when a later branch is insufficient
2026-10-02T10:38:31.9309433Z [22m[39mWarning: [antd: Card] `bordered` is deprecated. Please use `variant` instead.
2026-10-02T10:38:31.9310864Z Warning: [antd: Card] `bordered` is deprecated. Please use `variant` instead.
2026-10-02T10:38:31.9312582Z Warning: [antd: Card] `bordered` is deprecated. Please use `variant` instead.
2026-10-02T10:38:31.9314075Z Warning: [antd: Card] `bordered` is deprecated. Please use `variant` instead.
2026-10-02T10:38:31.9314947Z 
2026-10-02T10:38:31.9342730Z [90mstderr[2m | src/components/SkillABPanel.test.jsx[2m > [22m[2mSkillABPanel[2m > [22m[2mkeeps an earlier supported hypothesis visible when a later branch is insufficient
2026-10-02T10:38:31.9345025Z [22m[39mWarning: [antd: Card] `bordered` is deprecated. Please use `variant` instead.
2026-10-02T10:38:31.9370560Z 
2026-10-02T10:38:32.0169678Z [90mstderr[2m | src/components/SkillABPanel.test.jsx[2m > [22m[2mSkillABPanel[2m > [22m[2mkeeps an earlier supported hypothesis visible when a later branch is insufficient
2026-10-02T10:38:32.0172210Z [22m[39mWarning: [antd: Card] `bordered` is deprecated. Please use `variant` instead.
2026-10-02T10:38:32.0173101Z 
2026-10-02T10:38:32.0494580Z [90mstderr[2m | src/components/SkillABPanel.test.jsx[2m > [22m[2mSkillABPanel[2m > [22m[2mkeeps an earlier supported hypothesis visible when a later branch is insufficient
2026-10-02T10:38:32.0553189Z [22m[39mWarning: [antd: Card] `bordered` is deprecated. Please use `variant` instead.
2026-10-02T10:38:32.0581997Z 
2026-10-02T10:38:32.0812016Z [90mstderr[2m | src/components/SkillABPanel.test.jsx[2m > [22m[2mSkillABPanel[2m > [22m[2mkeeps an earlier supported hypothesis visible when a later branch is insufficient
2026-10-02T10:38:32.0814346Z [22m[39mWarning: [antd: Card] `bordered` is deprecated. Please use `variant` instead.
2026-10-02T10:38:32.0815338Z 
2026-10-02T10:38:32.1324409Z [90mstderr[2m | src/components/SkillABPanel.test.jsx[2m > [22m[2mSkillABPanel[2m > [22m[2mkeeps an earlier supported hypothesis visible when a later branch is insufficient
2026-10-02T10:38:32.1326765Z [22m[39mWarning: [antd: Card] `bordered` is deprecated. Please use `variant` instead.
2026-10-02T10:38:32.1331987Z 
2026-10-02T10:38:32.1564135Z [90mstderr[2m | src/components/SkillABPanel.test.jsx[2m > [22m[2mSkillABPanel[2m > [22m[2mkeeps an earlier supported hypothesis visible when a later branch is insufficient
2026-10-02T10:38:32.1567728Z [22m[39mWarning: [antd: Card] `bordered` is deprecated. Please use `variant` instead.
2026-10-02T10:38:32.1568687Z 
2026-10-02T10:38:32.1824543Z [90mstderr[2m | src/components/SkillABPanel.test.jsx[2m > [22m[2mSkillABPanel[2m > [22m[2mkeeps an earlier supported hypothesis visible when a later branch is insufficient
2026-10-02T10:38:32.1827693Z [22m[39mWarning: [antd: Card] `bordered` is deprecated. Please use `variant` instead.
2026-10-02T10:38:32.1828320Z 
2026-10-02T10:38:32.3636348Z [90mstderr[2m | src/components/SkillABPanel.test.jsx[2m > [22m[2mSkillABPanel[2m > [22m[2mrestores a real A/B pair after leaving and returning to the validation center
2026-10-02T10:38:32.3640380Z [22m[39mWarning: [antd: Card] `bordered` is deprecated. Please use `variant` instead.
2026-10-02T10:38:32.3642149Z Warning: [antd: Card] `bordered` is deprecated. Please use `variant` instead.
2026-10-02T10:38:32.3643618Z Warning: [antd: Card] `bordered` is deprecated. Please use `variant` instead.
2026-10-02T10:38:32.3645019Z Warning: [antd: Card] `bordered` is deprecated. Please use `variant` instead.
2026-10-02T10:38:32.3645887Z 
2026-10-02T10:38:32.3671993Z [90mstderr[2m | src/components/SkillABPanel.test.jsx[2m > [22m[2mSkillABPanel[2m > [22m[2mrestores a real A/B pair after leaving and returning to the validation center
2026-10-02T10:38:32.3675217Z [22m[39mWarning: [antd: Card] `bordered` is deprecated. Please use `variant` instead.
2026-10-02T10:38:32.3676191Z 
2026-10-02T10:38:32.4554306Z [90mstderr[2m | src/components/SkillABPanel.test.jsx[2m > [22m[2mSkillABPanel[2m > [22m[2mrestores a real A/B pair after leaving and returning to the validation center
2026-10-02T10:38:32.4556301Z [22m[39mWarning: [antd: Card] `bordered` is deprecated. Please use `variant` instead.
2026-10-02T10:38:32.4556927Z 
2026-10-02T10:38:32.4771306Z [90mstderr[2m | src/components/SkillABPanel.test.jsx[2m > [22m[2mSkillABPanel[2m > [22m[2mrestores a real A/B pair after leaving and returning to the validation center
2026-10-02T10:38:32.4773778Z [22m[39mWarning: [antd: Card] `bordered` is deprecated. Please use `variant` instead.
2026-10-02T10:38:32.4774560Z 
2026-10-02T10:38:32.5226527Z [90mstderr[2m | src/components/SkillABPanel.test.jsx[2m > [22m[2mSkillABPanel[2m > [22m[2mrestores a real A/B pair after leaving and returning to the validation center
2026-10-02T10:38:32.5229251Z [22m[39mWarning: [antd: Card] `bordered` is deprecated. Please use `variant` instead.
2026-10-02T10:38:32.5230231Z 
2026-10-02T10:38:32.5652008Z [90mstderr[2m | src/components/SkillABPanel.test.jsx[2m > [22m[2mSkillABPanel[2m > [22m[2mrestores a real A/B pair after leaving and returning to the validation center
2026-10-02T10:38:32.5654352Z [22m[39mWarning: [antd: Card] `bordered` is deprecated. Please use `variant` instead.
2026-10-02T10:38:32.5655273Z 
2026-10-02T10:38:32.5958128Z [90mstderr[2m | src/components/SkillABPanel.test.jsx[2m > [22m[2mSkillABPanel[2m > [22m[2mrestores a real A/B pair after leaving and returning to the validation center
2026-10-02T10:38:32.5960430Z [22m[39mWarning: [antd: Card] `bordered` is deprecated. Please use `variant` instead.
2026-10-02T10:38:32.5961305Z 
2026-10-02T10:38:32.6158632Z [90mstderr[2m | src/components/SkillABPanel.test.jsx[2m > [22m[2mSkillABPanel[2m > [22m[2mrestores a real A/B pair after leaving and returning to the validation center
2026-10-02T10:38:32.6160666Z [22m[39mWarning: [antd: Card] `bordered` is deprecated. Please use `variant` instead.
2026-10-02T10:38:32.6161317Z 
2026-10-02T10:38:32.8174104Z [90mstderr[2m | src/components/SkillABPanel.test.jsx[2m > [22m[2mSkillABPanel[2m > [22m[2mrestores a real A/B pair after leaving and returning to the validation center
2026-10-02T10:38:32.8176185Z [22m[39mWarning: [antd: Card] `bordered` is deprecated. Please use `variant` instead.
2026-10-02T10:38:32.8177393Z Warning: [antd: Card] `bordered` is deprecated. Please use `variant` instead.
2026-10-02T10:38:32.8177969Z 
2026-10-02T10:38:32.8196497Z [90mstderr[2m | src/components/SkillABPanel.test.jsx[2m > [22m[2mSkillABPanel[2m > [22m[2mrestores a real A/B pair after leaving and returning to the validation center
2026-10-02T10:38:32.8198699Z [22m[39mWarning: [antd: Card] `bordered` is deprecated. Please use `variant` instead.
2026-10-02T10:38:32.8199591Z 
2026-10-02T10:38:32.8404311Z [90mstderr[2m | src/components/SkillABPanel.test.jsx[2m > [22m[2mSkillABPanel[2m > [22m[2mrestores a real A/B pair after leaving and returning to the validation center
2026-10-02T10:38:32.8430444Z [22m[39mWarning: [antd: Card] `bordered` is deprecated. Please use `variant` instead.
2026-10-02T10:38:32.8492139Z 
2026-10-02T10:38:32.8733627Z [90mstderr[2m | src/components/SkillABPanel.test.jsx[2m > [22m[2mSkillABPanel[2m > [22m[2mrestores a real A/B pair after leaving and returning to the validation center
2026-10-02T10:38:32.8735797Z [22m[39mWarning: [antd: Card] `bordered` is deprecated. Please use `variant` instead.
2026-10-02T10:38:32.8736606Z 
2026-10-02T10:38:32.9175258Z  [32m✓[39m src/components/SkillABPanel.test.jsx [2m([22m[2m5 tests[22m[2m)[22m[33m 2847[2mms[22m[39m
2026-10-02T10:38:32.9177470Z      [33m[2m✓[22m[39m creates real AUTO and DISABLED diagnoses and reports only observed metrics [33m 1596[2mms[22m[39m
2026-10-02T10:38:32.9178898Z      [33m[2m✓[22m[39m keeps an earlier supported hypothesis visible when a later branch is insufficient [33m 536[2mms[22m[39m
2026-10-02T10:38:32.9180086Z      [33m[2m✓[22m[39m restores a real A/B pair after leaving and returning to the validation center [33m 709[2mms[22m[39m
2026-10-02T10:38:33.0782153Z  [32m✓[39m src/hooks/useSSE.test.jsx [2m([22m[2m13 tests[22m[2m)[22m[32m 48[2mms[22m[39m
2026-10-02T10:38:34.0738497Z  [32m✓[39m src/utils/reportPresentation.test.js [2m([22m[2m31 tests[22m[2m)[22m[32m 16[2mms[22m[39m
2026-10-02T10:38:35.1620532Z  [32m✓[39m src/utils/observationAssessment.test.js [2m([22m[2m20 tests[22m[2m)[22m[32m 10[2mms[22m[39m
2026-10-02T10:38:38.5455930Z Not implemented: Window's getComputedStyle() method: with pseudo-elements
2026-10-02T10:38:38.8972076Z  [32m✓[39m src/components/ChatThread.test.jsx [2m([22m[2m9 tests[22m[2m)[22m[33m 1405[2mms[22m[39m
2026-10-02T10:38:38.8974900Z      [33m[2m✓[22m[39m keeps fix verification disabled for an observation in simple mode [33m 491[2mms[22m[39m
2026-10-02T10:38:39.3406138Z Not implemented: Window's getComputedStyle() method: with pseudo-elements
2026-10-02T10:38:39.5583783Z Not implemented: Window's getComputedStyle() method: with pseudo-elements
2026-10-02T10:38:39.6300343Z  [32m✓[39m src/components/EngineeringDiagnosisSummary.test.jsx [2m([22m[2m5 tests[22m[2m)[22m[33m 2028[2mms[22m[39m
2026-10-02T10:38:39.6302288Z    [33m[2m✓[22m[39m shows engineering acceptance separately from localization, refutation and untouched cases [33m 1610[2mms[22m[39m
2026-10-02T10:38:40.7297815Z  [32m✓[39m src/utils/diagnosisDisplay.test.js [2m([22m[2m6 tests[22m[2m)[22m[32m 16[2mms[22m[39m
2026-10-02T10:38:43.4659896Z  [32m✓[39m src/components/LatsReplayPanel.test.jsx [2m([22m[2m2 tests[22m[2m)[22m[33m 953[2mms[22m[39m
2026-10-02T10:38:43.4662078Z      [33m[2m✓[22m[39m creates a fresh UUID session and opens the returned diagnosis immediately [33m 841[2mms[22m[39m
2026-10-02T10:38:46.4543285Z Not implemented: Window's getComputedStyle() method: with pseudo-elements
2026-10-02T10:38:46.4844916Z [90mstderr[2m | src/pages/TaskResult.test.jsx[2m > [22m[2mTaskResult collection boundary[2m > [22m[2mrejects an explicit zero-sample artifact instead of rendering an empty flamegraph
2026-10-02T10:38:46.4869789Z [22m[39mWarning: [antd: Table] `index` parameter of `rowKey` function is deprecated. There is no guarantee that it will work as expected.
2026-10-02T10:38:46.4871121Z 
2026-10-02T10:38:46.4922062Z [90mstderr[2m | src/pages/TaskResult.test.jsx[2m > [22m[2mTaskResult collection boundary[2m > [22m[2mrejects an explicit zero-sample artifact instead of rendering an empty flamegraph
2026-10-02T10:38:46.4925005Z [22m[39mWarning: [antd: Table] `index` parameter of `rowKey` function is deprecated. There is no guarantee that it will work as expected.
2026-10-02T10:38:46.4926326Z 
2026-10-02T10:38:47.0493390Z  [32m✓[39m src/components/HealthCheckActions.test.jsx [2m([22m[2m5 tests[22m[2m)[22m[33m 1091[2mms[22m[39m
2026-10-02T10:38:47.0495650Z      [33m[2m✓[22m[39m creates a fresh sampling session for NORMAL_OBSERVED [33m 735[2mms[22m[39m
2026-10-02T10:38:47.0612628Z Not implemented: Window's getComputedStyle() method: with pseudo-elements
2026-10-02T10:38:47.0993307Z Not implemented: Window's getComputedStyle() method: with pseudo-elements
2026-10-02T10:38:47.1166754Z [90mstderr[2m | src/pages/TaskResult.test.jsx[2m > [22m[2mTaskResult collection boundary[2m > [22m[2mrenders continuous window outcomes in Chinese
2026-10-02T10:38:47.1193135Z [22m[39mWarning: [antd: Table] `index` parameter of `rowKey` function is deprecated. There is no guarantee that it will work as expected.
2026-10-02T10:38:47.1194110Z 
2026-10-02T10:38:47.1506881Z [90mstderr[2m | src/pages/TaskResult.test.jsx[2m > [22m[2mTaskResult collection boundary[2m > [22m[2mrenders continuous window outcomes in Chinese
2026-10-02T10:38:47.1509617Z [22m[39mWarning: [antd: Table] `index` parameter of `rowKey` function is deprecated. There is no guarantee that it will work as expected.
2026-10-02T10:38:47.1510807Z 
2026-10-02T10:38:47.1891817Z  [32m✓[39m src/pages/TaskResult.test.jsx [2m([22m[2m4 tests[22m[2m)[22m[33m 1911[2mms[22m[39m
2026-10-02T10:38:47.1893688Z      [33m[2m✓[22m[39m renders collection results and points diagnosis to the V2 workspace [33m 779[2mms[22m[39m
2026-10-02T10:38:47.1895619Z      [33m[2m✓[22m[39m rejects an explicit zero-sample artifact instead of rendering an empty flamegraph [33m 807[2mms[22m[39m
2026-10-02T10:38:47.1897339Z      [33m[2m✓[22m[39m renders continuous window outcomes in Chinese [33m 320[2mms[22m[39m
2026-10-02T10:38:48.4089578Z  [32m✓[39m src/hooks/SSEContext.test.jsx [2m([22m[2m4 tests[22m[2m)[22m[32m 167[2mms[22m[39m
2026-10-02T10:38:52.4132919Z  [32m✓[39m src/components/EngineeringCasesPanel.test.jsx [2m([22m[2m11 tests[22m[2m)[22m[33m 1589[2mms[22m[39m
2026-10-02T10:38:52.4147039Z    [33m[2m✓[22m[39m shows actual before/after evidence and does not claim automated AI root acceptance [33m 1135[2mms[22m[39m
2026-10-02T10:38:52.7444789Z Not implemented: Window's getComputedStyle() method: with pseudo-elements
2026-10-02T10:38:53.0819296Z  [32m✓[39m src/components/ToolCallCard.test.jsx [2m([22m[2m3 tests[22m[2m)[22m[33m 1633[2mms[22m[39m
2026-10-02T10:38:53.0867098Z      [33m[2m✓[22m[39m shows approve/reject for a pending approval tool [33m 744[2mms[22m[39m
2026-10-02T10:38:53.0869038Z      [33m[2m✓[22m[39m keeps the server-bound agent and PID immutable while editing sampling parameters [33m 821[2mms[22m[39m
2026-10-02T10:38:57.5712022Z  [32m✓[39m src/components/AppLayout.test.jsx [2m([22m[2m4 tests[22m[2m)[22m[33m 993[2mms[22m[39m
2026-10-02T10:38:57.5713583Z      [33m[2m✓[22m[39m shows the fallback indicator until the shared stream opens [33m 680[2mms[22m[39m
2026-10-02T10:38:58.5167016Z  [32m✓[39m src/components/FlamegraphViewer.test.jsx [2m([22m[2m4 tests[22m[2m)[22m[33m 2430[2mms[22m[39m
2026-10-02T10:38:58.5170765Z      [33m[2m✓[22m[39m renders a 10k-node flamegraph without crashing [33m 643[2mms[22m[39m
2026-10-02T10:38:58.5173348Z      [33m[2m✓[22m[39m renders Java HTML as SVG data without inserting an executable iframe [33m 866[2mms[22m[39m
2026-10-02T10:38:58.5193215Z      [33m[2m✓[22m[39m does not show a late response from the previously selected task [33m 890[2mms[22m[39m
2026-10-02T10:39:01.9616623Z Not implemented: Window's getComputedStyle() method: with pseudo-elements
2026-10-02T10:39:02.0075175Z Not implemented: Window's getComputedStyle() method: with pseudo-elements
2026-10-02T10:39:02.2290583Z Not implemented: Window's getComputedStyle() method: with pseudo-elements
2026-10-02T10:39:02.3502106Z  [32m✓[39m src/components/BusinessAcceptancePanel.test.jsx [2m([22m[2m4 tests[22m[2m)[22m[33m 1497[2mms[22m[39m
2026-10-02T10:39:02.3504095Z    [33m[2m✓[22m[39m does not turn missing evidence into a passing result [33m 694[2mms[22m[39m
2026-10-02T10:39:02.3510001Z    [33m[2m✓[22m[39m shows fallback separately from full recovery and AI diagnosis [33m 472[2mms[22m[39m
2026-10-02T10:39:02.4206960Z Not implemented: Window's getComputedStyle() method: with pseudo-elements
2026-10-02T10:39:02.8496523Z  [32m✓[39m src/components/MentorComplexShowcase.test.jsx [2m([22m[2m2 tests[22m[2m)[22m[33m 1979[2mms[22m[39m
2026-10-02T10:39:02.8500652Z      [33m[2m✓[22m[39m replays only the diagnosis passed by the active workspace [33m 1236[2mms[22m[39m
2026-10-02T10:39:02.8502330Z      [33m[2m✓[22m[39m shows the candidate Skill produced by the same diagnosis [33m 739[2mms[22m[39m
2026-10-02T10:39:06.9866226Z Not implemented: Window's getComputedStyle() method: with pseudo-elements
2026-10-02T10:39:07.0046304Z [90mstderr[2m | src/pages/AgentDetail.test.jsx[2m > [22m[2mignores late responses from another agent and resets the trend on navigation
2026-10-02T10:39:07.0048677Z [22m[39mWarning: [antd: Descriptions] `labelStyle` is deprecated. Please use `styles={{ label: {} }}` instead.
2026-10-02T10:39:07.0050776Z Warning: [antd: Descriptions] `contentStyle` is deprecated. Please use `styles={{ content: {} }}` instead.
2026-10-02T10:39:07.0052905Z Warning: [antd: Descriptions] Sum of column `span` in a line not match `column` of Descriptions.
2026-10-02T10:39:07.0054003Z 
2026-10-02T10:39:07.0160793Z [90mstderr[2m | src/pages/AgentDetail.test.jsx[2m > [22m[2mignores late responses from another agent and resets the trend on navigation
2026-10-02T10:39:07.0163439Z [22m[39mWarning: [antd: Descriptions] `labelStyle` is deprecated. Please use `styles={{ label: {} }}` instead.
2026-10-02T10:39:07.0165318Z Warning: [antd: Descriptions] `contentStyle` is deprecated. Please use `styles={{ content: {} }}` instead.
2026-10-02T10:39:07.0167181Z Warning: [antd: Descriptions] Sum of column `span` in a line not match `column` of Descriptions.
2026-10-02T10:39:07.0168149Z 
2026-10-02T10:39:07.0350412Z [90mstderr[2m | src/pages/AgentDetail.test.jsx[2m > [22m[2mignores late responses from another agent and resets the trend on navigation
2026-10-02T10:39:07.0353418Z [22m[39mWarning: [antd: Descriptions] `labelStyle` is deprecated. Please use `styles={{ label: {} }}` instead.
2026-10-02T10:39:07.0355479Z Warning: [antd: Descriptions] `contentStyle` is deprecated. Please use `styles={{ content: {} }}` instead.
2026-10-02T10:39:07.0357309Z Warning: [antd: Descriptions] Sum of column `span` in a line not match `column` of Descriptions.
2026-10-02T10:39:07.0358381Z 
2026-10-02T10:39:07.0617141Z [90mstderr[2m | src/pages/AgentDetail.test.jsx[2m > [22m[2mignores late responses from another agent and resets the trend on navigation
2026-10-02T10:39:07.0620738Z [22m[39mWarning: [antd: Descriptions] `labelStyle` is deprecated. Please use `styles={{ label: {} }}` instead.
2026-10-02T10:39:07.0622935Z Warning: [antd: Descriptions] `contentStyle` is deprecated. Please use `styles={{ content: {} }}` instead.
2026-10-02T10:39:07.0624796Z Warning: [antd: Descriptions] Sum of column `span` in a line not match `column` of Descriptions.
2026-10-02T10:39:07.0625813Z 
2026-10-02T10:39:07.3351786Z [90mstderr[2m | src/pages/AgentDetail.test.jsx[2m > [22m[2mignores late responses from another agent and resets the trend on navigation
2026-10-02T10:39:07.3354159Z [22m[39mWarning: [antd: Descriptions] `labelStyle` is deprecated. Please use `styles={{ label: {} }}` instead.
2026-10-02T10:39:07.3356093Z Warning: [antd: Descriptions] `contentStyle` is deprecated. Please use `styles={{ content: {} }}` instead.
2026-10-02T10:39:07.3357950Z Warning: [antd: Descriptions] Sum of column `span` in a line not match `column` of Descriptions.
2026-10-02T10:39:07.3358943Z 
2026-10-02T10:39:07.5067267Z Not implemented: Window's getComputedStyle() method: with pseudo-elements
2026-10-02T10:39:07.5212845Z [90mstderr[2m | src/pages/AgentDetail.test.jsx[2m > [22m[2mignores late responses from another agent and resets the trend on navigation
2026-10-02T10:39:07.5215494Z [22m[39mWarning: [antd: Descriptions] `labelStyle` is deprecated. Please use `styles={{ label: {} }}` instead.
2026-10-02T10:39:07.5217687Z Warning: [antd: Descriptions] `contentStyle` is deprecated. Please use `styles={{ content: {} }}` instead.
2026-10-02T10:39:07.5220043Z Warning: [antd: Descriptions] Sum of column `span` in a line not match `column` of Descriptions.
2026-10-02T10:39:07.5221472Z 
2026-10-02T10:39:07.5295779Z [90mstderr[2m | src/pages/AgentDetail.test.jsx[2m > [22m[2mignores late responses from another agent and resets the trend on navigation
2026-10-02T10:39:07.5323168Z [22m[39mWarning: [antd: Descriptions] `labelStyle` is deprecated. Please use `styles={{ label: {} }}` instead.
2026-10-02T10:39:07.5372536Z Warning: [antd: Descriptions] `contentStyle` is deprecated. Please use `styles={{ content: {} }}` instead.
2026-10-02T10:39:07.5408309Z Warning: [antd: Descriptions] Sum of column `span` in a line not match `column` of Descriptions.
2026-10-02T10:39:07.5442128Z 
2026-10-02T10:39:07.8306643Z Not implemented: Window's getComputedStyle() method: with pseudo-elements
2026-10-02T10:39:07.8473756Z [90mstderr[2m | src/pages/AgentDetail.test.jsx[2m > [22m[2mshows a request error and retry instead of only claiming the agent does not exist
2026-10-02T10:39:07.8480861Z [22m[39mWarning: [antd: Descriptions] `labelStyle` is deprecated. Please use `styles={{ label: {} }}` instead.
2026-10-02T10:39:07.8490329Z Warning: [antd: Descriptions] `contentStyle` is deprecated. Please use `styles={{ content: {} }}` instead.
2026-10-02T10:39:07.8492630Z Warning: [antd: Descriptions] Sum of column `span` in a line not match `column` of Descriptions.
2026-10-02T10:39:07.8493671Z 
2026-10-02T10:39:07.8575248Z [90mstderr[2m | src/pages/AgentDetail.test.jsx[2m > [22m[2mshows a request error and retry instead of only claiming the agent does not exist
2026-10-02T10:39:07.8581008Z [22m[39mWarning: [antd: Descriptions] `labelStyle` is deprecated. Please use `styles={{ label: {} }}` instead.
2026-10-02T10:39:07.8583287Z Warning: [antd: Descriptions] `contentStyle` is deprecated. Please use `styles={{ content: {} }}` instead.
2026-10-02T10:39:07.8585133Z Warning: [antd: Descriptions] Sum of column `span` in a line not match `column` of Descriptions.
2026-10-02T10:39:07.8586150Z 
2026-10-02T10:39:07.8635708Z  [32m✓[39m src/pages/AgentDetail.test.jsx [2m([22m[2m2 tests[22m[2m)[22m[33m 1989[2mms[22m[39m
2026-10-02T10:39:07.8637820Z    [33m[2m✓[22m[39m ignores late responses from another agent and resets the trend on navigation [33m 1685[2mms[22m[39m
2026-10-02T10:39:07.8639968Z    [33m[2m✓[22m[39m shows a request error and retry instead of only claiming the agent does not exist [33m 302[2mms[22m[39m
2026-10-02T10:39:08.0764156Z  [32m✓[39m src/components/PlanningOutputCard.test.jsx [2m([22m[2m10 tests[22m[2m)[22m[33m 754[2mms[22m[39m
2026-10-02T10:39:08.0766448Z      [33m[2m✓[22m[39m shows NORMAL with the health and causation boundary [33m 316[2mms[22m[39m
2026-10-02T10:39:11.8597975Z  [32m✓[39m src/components/EvalPanel.test.jsx [2m([22m[2m2 tests[22m[2m)[22m[33m 507[2mms[22m[39m
2026-10-02T10:39:11.8623144Z      [33m[2m✓[22m[39m defaults to performance experiments and keeps engineering regressions separate [33m 429[2mms[22m[39m
2026-10-02T10:39:12.3001481Z  [32m✓[39m src/components/DiagnosisSkillOutcomeCard.test.jsx [2m([22m[2m2 tests[22m[2m)[22m[33m 1255[2mms[22m[39m
2026-10-02T10:39:12.3003701Z      [33m[2m✓[22m[39m shows the Skill produced by a verified diagnosis and exposes its gates [33m 1093[2mms[22m[39m
2026-10-02T10:39:13.4937598Z  [32m✓[39m src/hooks/usePolling.test.jsx [2m([22m[2m3 tests[22m[2m)[22m[32m 56[2mms[22m[39m
2026-10-02T10:39:15.0624738Z  [32m✓[39m src/components/DiagnosisPathPanel.test.jsx [2m([22m[2m2 tests[22m[2m)[22m[33m 625[2mms[22m[39m
2026-10-02T10:39:15.0627013Z      [33m[2m✓[22m[39m shows Chinese event and actor labels, with raw protocol codes in secondary details [33m 616[2mms[22m[39m
2026-10-02T10:39:17.6823710Z [90mstderr[2m | src/components/SkillExperimentPanel.test.jsx[2m > [22m[2mSkillExperimentPanel[2m > [22m[2muses the server-assigned arm and never asks the browser to choose one
2026-10-02T10:39:17.6826375Z [22m[39mWarning: [antd: Card] `bordered` is deprecated. Please use `variant` instead.
2026-10-02T10:39:17.6827570Z Warning: [antd: Card] `bordered` is deprecated. Please use `variant` instead.
2026-10-02T10:39:17.6828146Z 
2026-10-02T10:39:18.1245959Z Not implemented: Window's getComputedStyle() method: with pseudo-elements
2026-10-02T10:39:18.1280836Z [90mstderr[2m | src/components/SkillExperimentPanel.test.jsx[2m > [22m[2mSkillExperimentPanel[2m > [22m[2muses the server-assigned arm and never asks the browser to choose one
2026-10-02T10:39:18.1283540Z [22m[39mWarning: [antd: Card] `bordered` is deprecated. Please use `variant` instead.
2026-10-02T10:39:18.1284472Z 
2026-10-02T10:39:18.3474658Z [90mstderr[2m | src/components/SkillExperimentPanel.test.jsx[2m > [22m[2mSkillExperimentPanel[2m > [22m[2muses the server-assigned arm and never asks the browser to choose one
2026-10-02T10:39:18.3477082Z [22m[39mWarning: [antd: Card] `bordered` is deprecated. Please use `variant` instead.
2026-10-02T10:39:18.3478035Z 
2026-10-02T10:39:18.3628674Z [90mstderr[2m | src/components/SkillExperimentPanel.test.jsx[2m > [22m[2mSkillExperimentPanel[2m > [22m[2muses the server-assigned arm and never asks the browser to choose one
2026-10-02T10:39:18.3631009Z [22m[39mWarning: [antd: Card] `bordered` is deprecated. Please use `variant` instead.
2026-10-02T10:39:18.3632204Z 
2026-10-02T10:39:18.3836587Z [90mstderr[2m | src/components/SkillExperimentPanel.test.jsx[2m > [22m[2mSkillExperimentPanel[2m > [22m[2muses the server-assigned arm and never asks the browser to choose one
2026-10-02T10:39:18.3839106Z [22m[39mWarning: [antd: Card] `bordered` is deprecated. Please use `variant` instead.
2026-10-02T10:39:18.3840500Z 
2026-10-02T10:39:18.4092770Z  [32m✓[39m src/components/SkillExperimentPanel.test.jsx [2m([22m[2m1 test[22m[2m)[22m[33m 1395[2mms[22m[39m
2026-10-02T10:39:18.4095326Z      [33m[2m✓[22m[39m uses the server-assigned arm and never asks the browser to choose one [33m 1393[2mms[22m[39m
2026-10-02T10:39:19.1228895Z Not implemented: Window's getComputedStyle() method: with pseudo-elements
2026-10-02T10:39:19.2305098Z Not implemented: Window's getComputedStyle() method: with pseudo-elements
2026-10-02T10:39:19.7992269Z Not implemented: Window's getComputedStyle() method: with pseudo-elements
2026-10-02T10:39:19.8849743Z  [32m✓[39m src/components/FixVerificationPanel.test.jsx [2m([22m[2m3 tests[22m[2m)[22m[33m 1253[2mms[22m[39m
2026-10-02T10:39:19.8850735Z      [33m[2m✓[22m[39m shows an explicit unverified outcome when no repair records exist [33m 527[2mms[22m[39m
2026-10-02T10:39:19.8851999Z      [33m[2m✓[22m[39m does not mistake a load failure for an absent repair [33m 346[2mms[22m[39m
2026-10-02T10:39:19.8852804Z      [33m[2m✓[22m[39m renders past verification records [33m 377[2mms[22m[39m
2026-10-02T10:39:21.4186421Z  [32m✓[39m src/components/PlannerBlock.test.jsx [2m([22m[2m1 test[22m[2m)[22m[33m 418[2mms[22m[39m
2026-10-02T10:39:21.4188880Z      [33m[2m✓[22m[39m merges cross-round paraphrases while keeping the latest state and unique causes [33m 415[2mms[22m[39m
2026-10-02T10:39:22.5295600Z  [32m✓[39m src/components/PerformanceDiagnosisSummary.test.jsx [2m([22m[2m3 tests[22m[2m)[22m[32m 40[2mms[22m[39m
2026-10-02T10:39:23.8940820Z  [32m✓[39m src/components/EvidenceCard.test.jsx [2m([22m[2m2 tests[22m[2m)[22m[33m 471[2mms[22m[39m
2026-10-02T10:39:23.8943577Z      [33m[2m✓[22m[39m uses Chinese evidence role, gate decision, tool and observation labels [33m 417[2mms[22m[39m
2026-10-02T10:39:24.9676937Z  [32m✓[39m src/utils/asyncProfiler.test.js [2m([22m[2m8 tests[22m[2m)[22m[32m 9[2mms[22m[39m
2026-10-02T10:39:26.8481495Z Not implemented: Window's getComputedStyle() method: with pseudo-elements
2026-10-02T10:39:27.0624831Z Not implemented: Window's getComputedStyle() method: with pseudo-elements
2026-10-02T10:39:27.2193232Z Not implemented: Window's getComputedStyle() method: with pseudo-elements
2026-10-02T10:39:27.6653329Z Not implemented: Window's getComputedStyle() method: with pseudo-elements
2026-10-02T10:39:27.7156965Z  [32m✓[39m src/pages/Schedules.test.jsx [2m([22m[2m3 tests[22m[2m)[22m[33m 1585[2mms[22m[39m
2026-10-02T10:39:27.7158397Z      [33m[2m✓[22m[39m renders the schedule list [33m 839[2mms[22m[39m
2026-10-02T10:39:27.7160293Z      [33m[2m✓[22m[39m opens the creation drawer from the primary action [33m 570[2mms[22m[39m
2026-10-02T10:39:28.0206649Z  [32m✓[39m src/components/DiagnosisFinding.test.jsx [2m([22m[2m2 tests[22m[2m)[22m[32m 289[2mms[22m[39m
2026-10-02T10:39:29.1478429Z  [32m✓[39m src/utils/sysMetrics.test.js [2m([22m[2m3 tests[22m[2m)[22m[32m 7[2mms[22m[39m
2026-10-02T10:39:29.1634307Z  [32m✓[39m src/components/SafeMarkdown.test.jsx [2m([22m[2m4 tests[22m[2m)[22m[32m 109[2mms[22m[39m
2026-10-02T10:39:32.2305607Z  [32m✓[39m src/components/EngineeringDiagnosisSummary.integrity.test.jsx [2m([22m[2m4 tests[22m[2m)[22m[33m 647[2mms[22m[39m
2026-10-02T10:39:32.2307789Z    [33m[2m✓[22m[39m rejects an inconsistent refutation aggregate: inflated [33m 523[2mms[22m[39m
2026-10-02T10:39:33.2796866Z  [32m✓[39m src/components/DiagnosisCaseList.test.jsx [2m([22m[2m1 test[22m[2m)[22m[33m 667[2mms[22m[39m
2026-10-02T10:39:33.2798650Z      [33m[2m✓[22m[39m separates FULL_LATS frozen replay sessions from ordinary live diagnoses [33m 664[2mms[22m[39m
2026-10-02T10:39:33.3323858Z  [32m✓[39m src/utils/latsReplay.test.js [2m([22m[2m3 tests[22m[2m)[22m[32m 6[2mms[22m[39m
2026-10-02T10:39:34.4102704Z  [32m✓[39m src/utils/parseJsonPayload.test.js [2m([22m[2m2 tests[22m[2m)[22m[32m 6[2mms[22m[39m
2026-10-02T10:39:35.4574836Z  [32m✓[39m src/utils/agentMetrics.test.js [2m([22m[2m2 tests[22m[2m)[22m[32m 6[2mms[22m[39m
2026-10-02T10:39:36.0234952Z  [32m✓[39m src/components/RetrievalOutcomeNotice.test.jsx [2m([22m[2m3 tests[22m[2m)[22m[32m 233[2mms[22m[39m
2026-10-02T10:39:36.5523512Z  [32m✓[39m src/utils/parseJsonOffMainThread.test.js [2m([22m[2m1 test[22m[2m)[22m[32m 6[2mms[22m[39m
2026-10-02T10:39:37.1616890Z  [32m✓[39m src/utils/diagnosisQuery.test.js [2m([22m[2m3 tests[22m[2m)[22m[32m 5[2mms[22m[39m
2026-10-02T10:39:38.4869221Z  [32m✓[39m src/utils/skillBenchmark.test.js [2m([22m[2m7 tests[22m[2m)[22m[32m 6[2mms[22m[39m
2026-10-02T10:39:39.5022403Z  [32m✓[39m src/components/StatusTag.test.jsx [2m([22m[2m2 tests[22m[2m)[22m[33m 311[2mms[22m[39m
2026-10-02T10:39:39.5634499Z  [32m✓[39m src/utils/latsSearch.test.js [2m([22m[2m8 tests[22m[2m)[22m[32m 5[2mms[22m[39m
2026-10-02T10:39:39.5671635Z 
2026-10-02T10:39:39.5678875Z [2m Test Files [22m [1m[32m52 passed[39m[22m[90m (52)[39m
2026-10-02T10:39:39.5681150Z [2m      Tests [22m [1m[32m330 passed[39m[22m[90m (330)[39m
2026-10-02T10:39:39.5682337Z [2m   Start at [22m 10:37:58
2026-10-02T10:39:39.5693065Z [2m   Duration [22m 101.46s[2m (transform 2.36s, setup 6.73s, import 81.71s, tests 64.82s, environment 41.35s)[22m
2026-10-02T10:39:39.5693805Z 
2026-10-02T10:39:39.6248862Z ##[group]Run npm run audit:prod
2026-10-02T10:39:39.6249197Z [36;1mnpm run audit:prod[0m
2026-10-02T10:39:39.6321849Z shell: /usr/bin/bash -e {0}
2026-10-02T10:39:39.6322150Z ##[endgroup]
2026-10-02T10:39:39.7399838Z 
2026-10-02T10:39:39.7400384Z > mini-drop-web@0.1.0 audit:prod
2026-10-02T10:39:39.7401463Z > npm audit --omit=dev --audit-level=high --registry=https://registry.npmjs.org
2026-10-02T10:39:39.7402191Z 
2026-10-02T10:39:40.2292894Z # npm audit report
2026-10-02T10:39:40.2293217Z 
2026-10-02T10:39:40.2293441Z dompurify  3.4.13 - 3.4.15
2026-10-02T10:39:40.2295153Z DOMPurify: IN_PLACE: node-removing afterSanitize hook leaves detached subtree event handlers armed, causing DOM XSS - https://github.com/advisories/GHSA-p98j-92pf-mc4p
2026-10-02T10:39:40.2296984Z fix available via `npm audit fix`
2026-10-02T10:39:40.2297490Z node_modules/dompurify
2026-10-02T10:39:40.2297751Z 
2026-10-02T10:39:40.2297943Z 1 low severity vulnerability
2026-10-02T10:39:40.2298216Z 
2026-10-02T10:39:40.2298499Z To address all issues, run:
2026-10-02T10:39:40.2298928Z   npm audit fix
2026-10-02T10:39:40.2527263Z ##[group]Run npm run build:check
2026-10-02T10:39:40.2527588Z [36;1mnpm run build:check[0m
2026-10-02T10:39:40.2600166Z shell: /usr/bin/bash -e {0}
2026-10-02T10:39:40.2600445Z ##[endgroup]
2026-10-02T10:39:40.3655083Z 
2026-10-02T10:39:40.3655750Z > mini-drop-web@0.1.0 build:check
2026-10-02T10:39:40.3656436Z > vite build && node ../scripts/check_web_bundle.mjs
2026-10-02T10:39:40.3656742Z 
2026-10-02T10:39:40.6244161Z [36mvite v8.2.2 [32mbuilding client environment for production...[36m[39m
2026-10-02T10:39:40.6357832Z transforming...
2026-10-02T10:39:41.3291331Z ✓ 4597 modules transformed.
2026-10-02T10:39:41.5273709Z rendering chunks...
2026-10-02T10:39:41.7445188Z computing gzip size...
2026-10-02T10:39:41.7646086Z dist/index.html                                0.79 kB │ gzip:   0.42 kB
2026-10-02T10:39:41.7646980Z dist/assets/parseJson.worker-mxB42-VK.js       0.83 kB
2026-10-02T10:39:41.7647606Z dist/assets/TaskResult-BAn5yWN7.css            0.32 kB │ gzip:   0.24 kB
2026-10-02T10:39:41.7648368Z dist/assets/flamegraph-VXIZzpiT.css            0.60 kB │ gzip:   0.32 kB
2026-10-02T10:39:41.7648985Z dist/assets/index-IZHbRe47.css                 8.44 kB │ gzip:   2.63 kB
2026-10-02T10:39:41.7649596Z dist/assets/AIDiagnosis-ChKDK5_y.css          90.44 kB │ gzip:  16.76 kB
2026-10-02T10:39:41.7650202Z dist/assets/ErrorAlert-903HQ4EN.js             0.23 kB │ gzip:   0.19 kB
2026-10-02T10:39:41.7650810Z dist/assets/ArrowLeftOutlined-D5Rce3sA.js      0.60 kB │ gzip:   0.44 kB
2026-10-02T10:39:41.7651422Z dist/assets/rolldown-runtime-B0Z9INg1.js       0.90 kB │ gzip:   0.51 kB
2026-10-02T10:39:41.7652633Z dist/assets/agentMetrics-CZoJGXne.js           1.09 kB │ gzip:   0.67 kB
2026-10-02T10:39:41.7653290Z dist/assets/CloudServerOutlined-nqMoSLwN.js    1.33 kB │ gzip:   0.78 kB
2026-10-02T10:39:41.7653908Z dist/assets/StatusTag-AVBiLPOz.js              2.03 kB │ gzip:   0.82 kB
2026-10-02T10:39:41.7654503Z dist/assets/AuditLogs-CLKuAA5c.js              3.87 kB │ gzip:   1.88 kB
2026-10-02T10:39:41.7655106Z dist/assets/row-D_0PZE5A.js                    5.51 kB │ gzip:   2.24 kB
2026-10-02T10:39:41.7655711Z dist/assets/collectors-9W4-i_vQ.js             6.12 kB │ gzip:   1.78 kB
2026-10-02T10:39:41.7656310Z dist/assets/alert-C2yT8MYA.js                  6.35 kB │ gzip:   2.66 kB
2026-10-02T10:39:41.7656913Z dist/assets/AgentDetail-jxoIQzEZ.js            7.71 kB │ gzip:   3.15 kB
2026-10-02T10:39:41.7657530Z dist/assets/ThunderboltOutlined-_zhhsc5p.js   10.29 kB │ gzip:   4.07 kB
2026-10-02T10:39:41.7658552Z dist/assets/usePolling-CeSosOBk.js            16.17 kB │ gzip:   6.83 kB
2026-10-02T10:39:41.7659328Z dist/assets/Schedules-10l6wFhc.js             17.26 kB │ gzip:   5.82 kB
2026-10-02T10:39:41.7659942Z dist/assets/input-number-BLKstg1f.js          23.73 kB │ gzip:   8.20 kB
2026-10-02T10:39:41.7660537Z dist/assets/modal-CGyc8tVo.js                 27.89 kB │ gzip:   9.27 kB
2026-10-02T10:39:41.7661126Z dist/assets/TaskResult-E3zDOq9_.js            29.61 kB │ gzip:  10.78 kB
2026-10-02T10:39:41.7662038Z dist/assets/d3-OVqjLuRP.js                    36.91 kB │ gzip:  12.52 kB
2026-10-02T10:39:41.7662669Z dist/assets/PlayCircleOutlined-DDH4N-mk.js    37.49 kB │ gzip:  12.80 kB
2026-10-02T10:39:41.7663316Z dist/assets/axios-B0fvnqBc.js                 49.95 kB │ gzip:  18.75 kB
2026-10-02T10:39:41.7663896Z dist/assets/Dashboard-BffNcTwA.js             50.52 kB │ gzip:  16.62 kB
2026-10-02T10:39:41.7664476Z dist/assets/index-B_X_9XCC.js                 92.29 kB │ gzip:  32.17 kB
2026-10-02T10:39:41.7665060Z dist/assets/flamegraph-CSYLKD5W.js            96.97 kB │ gzip:  32.80 kB
2026-10-02T10:39:41.7665637Z dist/assets/react-C8_Uech3.js                178.38 kB │ gzip:  58.94 kB
2026-10-02T10:39:41.7666849Z dist/assets/table-B3EaWpvJ.js                343.42 kB │ gzip: 105.31 kB
2026-10-02T10:39:41.7667781Z dist/assets/SafeMarkdown-DTMU3vYp.js         389.11 kB │ gzip: 122.02 kB
2026-10-02T10:39:41.7669021Z dist/assets/client-C9stzVXG.js               397.22 kB │ gzip: 127.31 kB
2026-10-02T10:39:41.7670614Z dist/assets/AIDiagnosis-DcyjBW3x.js          427.34 kB │ gzip: 135.21 kB
2026-10-02T10:39:41.7672184Z dist/assets/echarts-C79zCWSK.js              612.21 kB │ gzip: 206.37 kB
2026-10-02T10:39:41.7672646Z 
2026-10-02T10:39:41.7673052Z [33m[plugin builtin:vite-reporter] 
2026-10-02T10:39:41.7676668Z (!) Some chunks are larger than 600 kB after minification. Consider:
2026-10-02T10:39:41.7677532Z - Using dynamic import() to code-split the application
2026-10-02T10:39:41.7679037Z - Use build.rolldownOptions.output.codeSplitting to improve chunking: https://rolldown.rs/reference/OutputOptions.codeSplitting
2026-10-02T10:39:41.7680727Z - Adjust chunk size limit for this warning via build.chunkSizeWarningLimit.[39m
2026-10-02T10:39:41.7681496Z [32m✓ built in 1.14s[39m
2026-10-02T10:39:41.8329682Z web bundle check passed: entry 701.9 KiB across 5 files; largest chunk echarts-C79zCWSK.js 597.9 KiB
2026-10-02T10:39:41.8539001Z Post job cleanup.
2026-10-02T10:39:41.9884971Z (node:2680) [DEP0040] DeprecationWarning: The `punycode` module is deprecated. Please use a userland alternative instead.
2026-10-02T10:39:41.9885996Z (Use `node --trace-deprecation ...` to show where the warning was created)
2026-10-02T10:39:41.9889641Z Cache hit occurred on the primary key node-cache-Linux-x64-npm-a79428a48f53c819bdf3224c6f533bf526ae1b21f28f4ee918b0bcba5121d960, not saving cache.
2026-10-02T10:39:42.0102314Z Post job cleanup.
2026-10-02T10:39:42.1042517Z [command]/usr/bin/git version
2026-10-02T10:39:42.1089741Z git version 2.55.0
2026-10-02T10:39:42.1131578Z Temporarily overriding HOME='/home/runner/work/_temp/5ae28e6e-7981-4cd6-b481-a6a1a13976fa' before making global git config changes
2026-10-02T10:39:42.1133809Z Adding repository directory to the temporary git global config as a safe directory
2026-10-02T10:39:42.1138335Z [command]/usr/bin/git config --global --add safe.directory /home/runner/work/mini-drop/mini-drop
2026-10-02T10:39:42.1186361Z [command]/usr/bin/git config --local --name-only --get-regexp core\.sshCommand
2026-10-02T10:39:42.1228185Z [command]/usr/bin/git submodule foreach --recursive sh -c "git config --local --name-only --get-regexp 'core\.sshCommand' && git config --local --unset-all 'core.sshCommand' || :"
2026-10-02T10:39:42.1549531Z [command]/usr/bin/git config --local --name-only --get-regexp http\.https\:\/\/github\.com\/\.extraheader
2026-10-02T10:39:42.1579647Z http.https://github.com/.extraheader
2026-10-02T10:39:42.1592161Z [command]/usr/bin/git config --local --unset-all http.https://github.com/.extraheader
2026-10-02T10:39:42.1631237Z [command]/usr/bin/git submodule foreach --recursive sh -c "git config --local --name-only --get-regexp 'http\.https\:\/\/github\.com\/\.extraheader' && git config --local --unset-all 'http.https://github.com/.extraheader' || :"
2026-10-02T10:39:42.1958778Z [command]/usr/bin/git config --local --name-only --get-regexp ^includeIf\.gitdir:
2026-10-02T10:39:42.2007096Z [command]/usr/bin/git submodule foreach --recursive git config --local --show-origin --name-only --get-regexp remote.origin.url
2026-10-02T10:39:42.2448507Z Cleaning up orphan processes
2026-10-02T10:39:42.2770405Z ##[warning]Node.js 20 is deprecated. The following actions target Node.js 20 but are being forced to run on Node.js 24: actions/checkout@v4, actions/setup-node@v4. For more information see: https://github.blog/changelog/2025-09-19-deprecation-of-node-20-on-github-actions-runners/
