2026-10-02T10:37:36.5059176Z Current runner version: '2.337.0'
2026-10-02T10:37:36.5076313Z ##[group]Runner Image Provisioner
2026-10-02T10:37:36.5077044Z Hosted Compute Agent
2026-10-02T10:37:36.5077533Z Version: 20260901.588
2026-10-02T10:37:36.5078304Z Commit: f88ec8081b781fac6c440065ac7ff9e710ce3d0b
2026-10-02T10:37:36.5078911Z Build Date: 2026-09-01T19:56:44Z
2026-10-02T10:37:36.5079479Z Worker ID: {059b5533-efae-4d07-9535-143762685e3e}
2026-10-02T10:37:36.5080089Z Azure Region: centralus
2026-10-02T10:37:36.5080583Z ##[endgroup]
2026-10-02T10:37:36.5081721Z ##[group]Operating System
2026-10-02T10:37:36.5082230Z Ubuntu
2026-10-02T10:37:36.5082671Z 22.04.5
2026-10-02T10:37:36.5083111Z LTS
2026-10-02T10:37:36.5083547Z ##[endgroup]
2026-10-02T10:37:36.5084012Z ##[group]Runner Image
2026-10-02T10:37:36.5084512Z Image: ubuntu-22.04
2026-10-02T10:37:36.5084966Z Version: 20260927.309.1
2026-10-02T10:37:36.5086032Z Included Software: https://github.com/actions/runner-images/blob/ubuntu22/20260927.309/images/ubuntu/Ubuntu2204-Readme.md
2026-10-02T10:37:36.5087284Z Image Release: https://github.com/actions/runner-images/releases/tag/ubuntu22%2F20260927.309
2026-10-02T10:37:36.5088229Z ##[endgroup]
2026-10-02T10:37:36.5089229Z ##[group]GITHUB_TOKEN Permissions
2026-10-02T10:37:36.5090839Z Contents: read
2026-10-02T10:37:36.5091295Z Metadata: read
2026-10-02T10:37:36.5091832Z Packages: read
2026-10-02T10:37:36.5092291Z ##[endgroup]
2026-10-02T10:37:36.5093895Z Secret source: Actions
2026-10-02T10:37:36.5094630Z Cache mode: write
2026-10-02T10:37:36.5095195Z Prepare workflow directory
2026-10-02T10:37:36.5351218Z Prepare all required actions
2026-10-02T10:37:36.5394086Z Getting action download info
2026-10-02T10:37:36.8532314Z Download action repository 'actions/checkout@v4' (SHA:11d5960a326750d5838078e36cf38b85af677262)
2026-10-02T10:37:36.9409748Z Download action repository 'actions/setup-node@v4' (SHA:49933ea5288caeca8642d1e84afbd3f7d6820020)
2026-10-02T10:37:37.0600611Z Download action repository 'actions/upload-artifact@v4' (SHA:ea165f8d65b6e75b540449e92b4886f43607fa02)
2026-10-02T10:37:37.2738097Z Complete job name: Web (real Chromium, synthetic fixtures)
2026-10-02T10:37:37.3303592Z ##[group]Run actions/checkout@v4
2026-10-02T10:37:37.3304272Z with:
2026-10-02T10:37:37.3304790Z   repository: llongwang751-arch/mini-drop
2026-10-02T10:37:37.3308199Z   token: ***
2026-10-02T10:37:37.3308645Z   ssh-strict: true
2026-10-02T10:37:37.3309094Z   ssh-user: git
2026-10-02T10:37:37.3309528Z   persist-credentials: true
2026-10-02T10:37:37.3309992Z   clean: true
2026-10-02T10:37:37.3310492Z   sparse-checkout-cone-mode: true
2026-10-02T10:37:37.3310992Z   fetch-depth: 1
2026-10-02T10:37:37.3311424Z   fetch-tags: false
2026-10-02T10:37:37.3311867Z   show-progress: true
2026-10-02T10:37:37.3312282Z   lfs: false
2026-10-02T10:37:37.3312713Z   submodules: false
2026-10-02T10:37:37.3313155Z   set-safe-directory: true
2026-10-02T10:37:37.3313639Z   allow-unsafe-pr-checkout: false
2026-10-02T10:37:37.3314286Z ##[endgroup]
2026-10-02T10:37:37.4176332Z Syncing repository: llongwang751-arch/mini-drop
2026-10-02T10:37:37.4178757Z ##[group]Getting Git version info
2026-10-02T10:37:37.4179931Z Working directory is '/home/runner/work/mini-drop/mini-drop'
2026-10-02T10:37:37.4181300Z [command]/usr/bin/git version
2026-10-02T10:37:37.4209295Z git version 2.55.0
2026-10-02T10:37:37.4225768Z ##[endgroup]
2026-10-02T10:37:37.4235162Z Temporarily overriding HOME='/home/runner/work/_temp/acc2f117-43b5-4fd1-b3a0-4ac43c53733b' before making global git config changes
2026-10-02T10:37:37.4237173Z Adding repository directory to the temporary git global config as a safe directory
2026-10-02T10:37:37.4239415Z [command]/usr/bin/git config --global --add safe.directory /home/runner/work/mini-drop/mini-drop
2026-10-02T10:37:37.4268106Z Deleting the contents of '/home/runner/work/mini-drop/mini-drop'
2026-10-02T10:37:37.4272059Z ##[group]Initializing the repository
2026-10-02T10:37:37.4275555Z [command]/usr/bin/git init /home/runner/work/mini-drop/mini-drop
2026-10-02T10:37:37.4358759Z hint: Using 'master' as the name for the initial branch. This default branch name
2026-10-02T10:37:37.4360935Z hint: will change to "main" in Git 3.0. To configure the initial branch name
2026-10-02T10:37:37.4362787Z hint: to use in all of your new repositories, which will suppress this warning,
2026-10-02T10:37:37.4364409Z hint: call:
2026-10-02T10:37:37.4365206Z hint:
2026-10-02T10:37:37.4366211Z hint: 	git config --global init.defaultBranch <name>
2026-10-02T10:37:37.4367137Z hint:
2026-10-02T10:37:37.4368268Z hint: Names commonly chosen instead of 'master' are 'main', 'trunk' and
2026-10-02T10:37:37.4369635Z hint: 'development'. The just-created branch can be renamed via this command:
2026-10-02T10:37:37.4370727Z hint:
2026-10-02T10:37:37.4371467Z hint: 	git branch -m <name>
2026-10-02T10:37:37.4372306Z hint:
2026-10-02T10:37:37.4373284Z hint: Disable this message with "git config set advice.defaultBranchName false"
2026-10-02T10:37:37.4374787Z Initialized empty Git repository in /home/runner/work/mini-drop/mini-drop/.git/
2026-10-02T10:37:37.4377377Z [command]/usr/bin/git remote add origin https://github.com/llongwang751-arch/mini-drop
2026-10-02T10:37:37.4393032Z ##[endgroup]
2026-10-02T10:37:37.4394165Z ##[group]Disabling automatic garbage collection
2026-10-02T10:37:37.4396600Z [command]/usr/bin/git config --local gc.auto 0
2026-10-02T10:37:37.4421261Z ##[endgroup]
2026-10-02T10:37:37.4422237Z ##[group]Setting up auth
2026-10-02T10:37:37.4427256Z [command]/usr/bin/git config --local --name-only --get-regexp core\.sshCommand
2026-10-02T10:37:37.4452797Z [command]/usr/bin/git submodule foreach --recursive sh -c "git config --local --name-only --get-regexp 'core\.sshCommand' && git config --local --unset-all 'core.sshCommand' || :"
2026-10-02T10:37:37.4696278Z [command]/usr/bin/git config --local --name-only --get-regexp http\.https\:\/\/github\.com\/\.extraheader
2026-10-02T10:37:37.4723475Z [command]/usr/bin/git submodule foreach --recursive sh -c "git config --local --name-only --get-regexp 'http\.https\:\/\/github\.com\/\.extraheader' && git config --local --unset-all 'http.https://github.com/.extraheader' || :"
2026-10-02T10:37:37.4919349Z [command]/usr/bin/git config --local --name-only --get-regexp ^includeIf\.gitdir:
2026-10-02T10:37:37.4943664Z [command]/usr/bin/git submodule foreach --recursive git config --local --show-origin --name-only --get-regexp remote.origin.url
2026-10-02T10:37:37.5121025Z [command]/usr/bin/git config --local http.https://github.com/.extraheader AUTHORIZATION: basic ***
2026-10-02T10:37:37.5150536Z ##[endgroup]
2026-10-02T10:37:37.5151395Z ##[group]Fetching the repository
2026-10-02T10:37:37.5157473Z [command]/usr/bin/git -c protocol.version=2 fetch --no-tags --prune --no-recurse-submodules --depth=1 origin +4321aba043be6c2eb36580cf3b00d56c50bda914:refs/remotes/pull/1/merge
2026-10-02T10:37:45.5326275Z From https://github.com/llongwang751-arch/mini-drop
2026-10-02T10:37:45.5328065Z  * [new ref]         4321aba043be6c2eb36580cf3b00d56c50bda914 -> pull/1/merge
2026-10-02T10:37:45.5332013Z ##[endgroup]
2026-10-02T10:37:45.5333352Z ##[group]Determining the checkout info
2026-10-02T10:37:45.5334799Z ##[endgroup]
2026-10-02T10:37:45.5338998Z [command]/usr/bin/git sparse-checkout disable
2026-10-02T10:37:45.5376880Z [command]/usr/bin/git config --local --unset-all extensions.worktreeConfig
2026-10-02T10:37:45.5411620Z ##[group]Checking out the ref
2026-10-02T10:37:45.5414078Z [command]/usr/bin/git checkout --progress --force refs/remotes/pull/1/merge
2026-10-02T10:37:46.5503726Z Updating files:  84% (3673/4371)
2026-10-02T10:37:46.5549628Z Updating files:  85% (3716/4371)
2026-10-02T10:37:46.5588109Z Updating files:  86% (3760/4371)
2026-10-02T10:37:46.5629227Z Updating files:  87% (3803/4371)
2026-10-02T10:37:46.5652381Z Updating files:  88% (3847/4371)
2026-10-02T10:37:46.5677795Z Updating files:  89% (3891/4371)
2026-10-02T10:37:46.5701329Z Updating files:  90% (3934/4371)
2026-10-02T10:37:46.5739257Z Updating files:  91% (3978/4371)
2026-10-02T10:37:46.5753560Z Updating files:  92% (4022/4371)
2026-10-02T10:37:46.5773548Z Updating files:  93% (4066/4371)
2026-10-02T10:37:46.5791374Z Updating files:  94% (4109/4371)
2026-10-02T10:37:46.5814604Z Updating files:  95% (4153/4371)
2026-10-02T10:37:46.5932203Z Updating files:  96% (4197/4371)
2026-10-02T10:37:46.5949395Z Updating files:  97% (4240/4371)
2026-10-02T10:37:46.5967354Z Updating files:  98% (4284/4371)
2026-10-02T10:37:46.5982988Z Updating files:  99% (4328/4371)
2026-10-02T10:37:46.5983996Z Updating files: 100% (4371/4371)
2026-10-02T10:37:46.6031863Z Updating files: 100% (4371/4371), done.
2026-10-02T10:37:46.6033148Z Note: switching to 'refs/remotes/pull/1/merge'.
2026-10-02T10:37:46.6033977Z 
2026-10-02T10:37:46.6034734Z You are in 'detached HEAD' state. You can look around, make experimental
2026-10-02T10:37:46.6036510Z changes and commit them, and you can discard any commits you make in this
2026-10-02T10:37:46.6038440Z state without impacting any branches by switching back to a branch.
2026-10-02T10:37:46.6039563Z 
2026-10-02T10:37:46.6040372Z If you want to create a new branch to retain commits you create, you may
2026-10-02T10:37:46.6042131Z do so (now or later) by using -c with the switch command. Example:
2026-10-02T10:37:46.6043105Z 
2026-10-02T10:37:46.6043598Z   git switch -c <new-branch-name>
2026-10-02T10:37:46.6044279Z 
2026-10-02T10:37:46.6044753Z Or undo this operation with:
2026-10-02T10:37:46.6045395Z 
2026-10-02T10:37:46.6045842Z   git switch -
2026-10-02T10:37:46.6046390Z 
2026-10-02T10:37:46.6047279Z Turn off this advice by setting config variable advice.detachedHead to false
2026-10-02T10:37:46.6048684Z 
2026-10-02T10:37:46.6049986Z HEAD is now at 4321aba Merge 73b4b18ad83553a5012a0025dfb78bb21ff8dc7f into 609ea8a73f845b496b59b5cae181f515c5919850
2026-10-02T10:37:46.6079802Z ##[endgroup]
2026-10-02T10:37:46.6112277Z [command]/usr/bin/git log -1 --format=%H
2026-10-02T10:37:46.6133836Z 4321aba043be6c2eb36580cf3b00d56c50bda914
2026-10-02T10:37:46.6455141Z ##[group]Run actions/setup-node@v4
2026-10-02T10:37:46.6456242Z with:
2026-10-02T10:37:46.6457054Z   node-version: 22
2026-10-02T10:37:46.6458005Z   cache: npm
2026-10-02T10:37:46.6458938Z   cache-dependency-path: web/package-lock.json
2026-10-02T10:37:46.6460168Z   always-auth: false
2026-10-02T10:37:46.6461002Z   check-latest: false
2026-10-02T10:37:46.6469309Z   token: ***
2026-10-02T10:37:46.6470150Z ##[endgroup]
2026-10-02T10:37:46.7686349Z Found in cache @ /opt/hostedtoolcache/node/22.23.3/x64
2026-10-02T10:37:46.7689872Z (node:1831) [DEP0040] DeprecationWarning: The `punycode` module is deprecated. Please use a userland alternative instead.
2026-10-02T10:37:46.7692579Z (Use `node --trace-deprecation ...` to show where the warning was created)
2026-10-02T10:37:46.7694682Z ##[group]Environment details
2026-10-02T10:37:47.0473055Z node: v22.23.3
2026-10-02T10:37:47.0473610Z npm: 10.9.9
2026-10-02T10:37:47.0473974Z yarn: 1.22.22
2026-10-02T10:37:47.0474740Z ##[endgroup]
2026-10-02T10:37:47.0489772Z [command]/opt/hostedtoolcache/node/22.23.3/x64/bin/npm config get cache
2026-10-02T10:37:47.1245173Z /home/runner/.npm
2026-10-02T10:37:47.2645880Z Cache hit for: node-cache-Linux-x64-npm-a79428a48f53c819bdf3224c6f533bf526ae1b21f28f4ee918b0bcba5121d960
2026-10-02T10:37:47.2727701Z (node:1831) [DEP0169] DeprecationWarning: `url.parse()` behavior is not standardized and prone to errors that have security implications. Use the WHATWG URL API instead. CVEs are not issued for `url.parse()` vulnerabilities.
2026-10-02T10:37:48.1585633Z Received 52012766 of 52012766 (100.0%), 66.8 MBs/sec
2026-10-02T10:37:48.1586737Z Cache Size: ~50 MB (52012766 B)
2026-10-02T10:37:48.1609919Z [command]/usr/bin/tar -xf /home/runner/work/_temp/6ea7ba37-85ec-4924-939f-ddb3c050525b/cache.tzst -P -C /home/runner/work/mini-drop/mini-drop --use-compress-program unzstd
2026-10-02T10:37:48.2405512Z Cache restored successfully
2026-10-02T10:37:48.2470231Z Cache restored from key: node-cache-Linux-x64-npm-a79428a48f53c819bdf3224c6f533bf526ae1b21f28f4ee918b0bcba5121d960
2026-10-02T10:37:48.2610431Z ##[group]Run npm --prefix web ci
2026-10-02T10:37:48.2611196Z [36;1mnpm --prefix web ci[0m
2026-10-02T10:37:48.2865259Z shell: /usr/bin/bash -e {0}
2026-10-02T10:37:48.2865633Z ##[endgroup]
2026-10-02T10:37:52.6721332Z 
2026-10-02T10:37:52.6726260Z added 346 packages, and audited 347 packages in 4s
2026-10-02T10:37:52.6726823Z 
2026-10-02T10:37:52.6727049Z 118 packages are looking for funding
2026-10-02T10:37:52.6727457Z   run `npm fund` for details
2026-10-02T10:37:52.6820657Z 
2026-10-02T10:37:52.6821751Z 2 vulnerabilities (1 low, 1 high)
2026-10-02T10:37:52.6822045Z 
2026-10-02T10:37:52.6822273Z To address all issues, run:
2026-10-02T10:37:52.6822689Z   npm audit fix
2026-10-02T10:37:52.6822849Z 
2026-10-02T10:37:52.6823029Z Run `npm audit` for details.
2026-10-02T10:37:52.7134413Z ##[group]Run npm --prefix web run build
2026-10-02T10:37:52.7134876Z [36;1mnpm --prefix web run build[0m
2026-10-02T10:37:52.7174099Z shell: /usr/bin/bash -e {0}
2026-10-02T10:37:52.7174500Z ##[endgroup]
2026-10-02T10:37:52.7972947Z 
2026-10-02T10:37:52.7973407Z > mini-drop-web@0.1.0 build
2026-10-02T10:37:52.7974005Z > vite build
2026-10-02T10:37:52.7974287Z 
2026-10-02T10:37:52.9722926Z [36mvite v8.2.2 [32mbuilding client environment for production...[36m[39m
2026-10-02T10:37:52.9801137Z transforming...
2026-10-02T10:37:53.5374950Z ✓ 4597 modules transformed.
2026-10-02T10:37:53.7102950Z rendering chunks...
2026-10-02T10:37:53.8899975Z computing gzip size...
2026-10-02T10:37:53.9099141Z dist/index.html                                0.79 kB │ gzip:   0.42 kB
2026-10-02T10:37:53.9100436Z dist/assets/parseJson.worker-mxB42-VK.js       0.83 kB
2026-10-02T10:37:53.9101456Z dist/assets/TaskResult-BAn5yWN7.css            0.32 kB │ gzip:   0.24 kB
2026-10-02T10:37:53.9102826Z dist/assets/flamegraph-VXIZzpiT.css            0.60 kB │ gzip:   0.32 kB
2026-10-02T10:37:53.9103882Z dist/assets/index-IZHbRe47.css                 8.44 kB │ gzip:   2.63 kB
2026-10-02T10:37:53.9104989Z dist/assets/AIDiagnosis-ChKDK5_y.css          90.44 kB │ gzip:  16.76 kB
2026-10-02T10:37:53.9106032Z dist/assets/ErrorAlert-903HQ4EN.js             0.23 kB │ gzip:   0.19 kB
2026-10-02T10:37:53.9107152Z dist/assets/ArrowLeftOutlined-D5Rce3sA.js      0.60 kB │ gzip:   0.44 kB
2026-10-02T10:37:53.9108361Z dist/assets/rolldown-runtime-B0Z9INg1.js       0.90 kB │ gzip:   0.51 kB
2026-10-02T10:37:53.9109417Z dist/assets/agentMetrics-CZoJGXne.js           1.09 kB │ gzip:   0.67 kB
2026-10-02T10:37:53.9110491Z [33m[plugin builtin:vite-reporter] 
2026-10-02T10:37:53.9111318Z (!) Some chunks are larger than 600 kB after minification. Consider:
2026-10-02T10:37:53.9112323Z - Using dynamic import() to code-split the application
2026-10-02T10:37:53.9113606Z - Use build.rolldownOptions.output.codeSplitting to improve chunking: https://rolldown.rs/reference/OutputOptions.codeSplitting
2026-10-02T10:37:53.9114910Z - Adjust chunk size limit for this warning via build.chunkSizeWarningLimit.[39m
2026-10-02T10:37:53.9115981Z dist/assets/CloudServerOutlined-nqMoSLwN.js    1.33 kB │ gzip:   0.78 kB
2026-10-02T10:37:53.9130675Z dist/assets/StatusTag-AVBiLPOz.js              2.03 kB │ gzip:   0.82 kB
2026-10-02T10:37:53.9131889Z dist/assets/AuditLogs-CLKuAA5c.js              3.87 kB │ gzip:   1.88 kB
2026-10-02T10:37:53.9132881Z dist/assets/row-D_0PZE5A.js                    5.51 kB │ gzip:   2.24 kB
2026-10-02T10:37:53.9133947Z dist/assets/collectors-9W4-i_vQ.js             6.12 kB │ gzip:   1.78 kB
2026-10-02T10:37:53.9134855Z dist/assets/alert-C2yT8MYA.js                  6.35 kB │ gzip:   2.66 kB
2026-10-02T10:37:53.9135699Z dist/assets/AgentDetail-jxoIQzEZ.js            7.71 kB │ gzip:   3.15 kB
2026-10-02T10:37:53.9136480Z dist/assets/ThunderboltOutlined-_zhhsc5p.js   10.29 kB │ gzip:   4.07 kB
2026-10-02T10:37:53.9137374Z dist/assets/usePolling-CeSosOBk.js            16.17 kB │ gzip:   6.83 kB
2026-10-02T10:37:53.9138343Z dist/assets/Schedules-10l6wFhc.js             17.26 kB │ gzip:   5.82 kB
2026-10-02T10:37:53.9139255Z dist/assets/input-number-BLKstg1f.js          23.73 kB │ gzip:   8.20 kB
2026-10-02T10:37:53.9140427Z dist/assets/modal-CGyc8tVo.js                 27.89 kB │ gzip:   9.27 kB
2026-10-02T10:37:53.9141276Z dist/assets/TaskResult-E3zDOq9_.js            29.61 kB │ gzip:  10.78 kB
2026-10-02T10:37:53.9142137Z dist/assets/d3-OVqjLuRP.js                    36.91 kB │ gzip:  12.52 kB
2026-10-02T10:37:53.9143010Z dist/assets/PlayCircleOutlined-DDH4N-mk.js    37.49 kB │ gzip:  12.80 kB
2026-10-02T10:37:53.9144023Z dist/assets/axios-B0fvnqBc.js                 49.95 kB │ gzip:  18.75 kB
2026-10-02T10:37:53.9144865Z dist/assets/Dashboard-BffNcTwA.js             50.52 kB │ gzip:  16.62 kB
2026-10-02T10:37:53.9145593Z dist/assets/index-B_X_9XCC.js                 92.29 kB │ gzip:  32.17 kB
2026-10-02T10:37:53.9146594Z dist/assets/flamegraph-CSYLKD5W.js            96.97 kB │ gzip:  32.80 kB
2026-10-02T10:37:53.9147346Z dist/assets/react-C8_Uech3.js                178.38 kB │ gzip:  58.94 kB
2026-10-02T10:37:53.9148268Z dist/assets/table-B3EaWpvJ.js                343.42 kB │ gzip: 105.31 kB
2026-10-02T10:37:53.9149270Z dist/assets/SafeMarkdown-DTMU3vYp.js         389.11 kB │ gzip: 122.02 kB
2026-10-02T10:37:53.9150370Z dist/assets/client-C9stzVXG.js               397.22 kB │ gzip: 127.31 kB
2026-10-02T10:37:53.9151342Z dist/assets/AIDiagnosis-DcyjBW3x.js          427.34 kB │ gzip: 135.21 kB
2026-10-02T10:37:53.9152196Z dist/assets/echarts-C79zCWSK.js              612.21 kB │ gzip: 206.37 kB
2026-10-02T10:37:53.9152484Z 
2026-10-02T10:37:53.9152707Z [32m✓ built in 937ms[39m
2026-10-02T10:37:53.9474039Z ##[group]Run npx --yes playwright@1.55.0 install --with-deps chromium
2026-10-02T10:37:53.9474569Z [36;1mnpx --yes playwright@1.55.0 install --with-deps chromium[0m
2026-10-02T10:37:53.9510748Z shell: /usr/bin/bash -e {0}
2026-10-02T10:37:53.9511083Z ##[endgroup]
2026-10-02T10:37:56.4986419Z ╔═══════════════════════════════════════════════════════════════════════════════╗
2026-10-02T10:37:56.4987777Z ║ WARNING: It looks like you are running 'npx playwright install' without first ║
2026-10-02T10:37:56.4989122Z ║ installing your project's dependencies.                                       ║
2026-10-02T10:37:56.4990105Z ║                                                                               ║
2026-10-02T10:37:56.4990991Z ║ To avoid unexpected behavior, please install your dependencies first, and     ║
2026-10-02T10:37:56.4992017Z ║ then run Playwright's install command:                                        ║
2026-10-02T10:37:56.4993019Z ║                                                                               ║
2026-10-02T10:37:56.4993825Z ║     npm install                                                               ║
2026-10-02T10:37:56.4994665Z ║     npx playwright install                                                    ║
2026-10-02T10:37:56.4995527Z ║                                                                               ║
2026-10-02T10:37:56.4996413Z ║ If your project does not yet depend on Playwright, first install the          ║
2026-10-02T10:37:56.4997369Z ║ applicable npm package (most commonly @playwright/test), and                  ║
2026-10-02T10:37:56.4998640Z ║ then run Playwright's install command to download the browsers:               ║
2026-10-02T10:37:56.4999472Z ║                                                                               ║
2026-10-02T10:37:56.5000296Z ║     npm install @playwright/test                                              ║
2026-10-02T10:37:56.5001238Z ║     npx playwright install                                                    ║
2026-10-02T10:37:56.5001981Z ║                                                                               ║
2026-10-02T10:37:56.5002931Z ╚═══════════════════════════════════════════════════════════════════════════════╝
2026-10-02T10:37:56.5003627Z Installing dependencies...
2026-10-02T10:37:56.5075481Z Switching to root user to install dependencies...
2026-10-02T10:37:56.5860879Z Get:1 file:/etc/apt/apt-mirrors.txt Mirrorlist [144 B]
2026-10-02T10:37:56.6320750Z Hit:2 http://azure.archive.ubuntu.com/ubuntu jammy InRelease
2026-10-02T10:37:56.6345176Z Get:3 http://azure.archive.ubuntu.com/ubuntu jammy-updates InRelease [128 kB]
2026-10-02T10:37:56.6366351Z Get:4 http://azure.archive.ubuntu.com/ubuntu jammy-backports InRelease [127 kB]
2026-10-02T10:37:56.6386856Z Get:5 http://azure.archive.ubuntu.com/ubuntu jammy-security InRelease [129 kB]
2026-10-02T10:37:56.6455611Z Get:6 https://packages.microsoft.com/ubuntu/22.04/prod jammy InRelease [3632 B]
2026-10-02T10:37:56.7594608Z Get:7 http://azure.archive.ubuntu.com/ubuntu jammy-updates/main amd64 Packages [3899 kB]
2026-10-02T10:37:56.7808842Z Get:8 http://azure.archive.ubuntu.com/ubuntu jammy-updates/main Translation-en [575 kB]
2026-10-02T10:37:56.7850080Z Get:9 http://azure.archive.ubuntu.com/ubuntu jammy-updates/restricted amd64 Packages [6701 kB]
2026-10-02T10:37:56.8072592Z Get:10 http://azure.archive.ubuntu.com/ubuntu jammy-updates/restricted Translation-en [1287 kB]
2026-10-02T10:37:56.8139385Z Get:11 http://azure.archive.ubuntu.com/ubuntu jammy-updates/universe amd64 Packages [1285 kB]
2026-10-02T10:37:56.8172904Z Get:12 http://azure.archive.ubuntu.com/ubuntu jammy-updates/universe Translation-en [325 kB]
2026-10-02T10:37:56.8839418Z Get:13 http://azure.archive.ubuntu.com/ubuntu jammy-security/main amd64 Packages [3598 kB]
2026-10-02T10:37:56.8986658Z Get:14 http://azure.archive.ubuntu.com/ubuntu jammy-security/main Translation-en [504 kB]
2026-10-02T10:37:56.9029404Z Get:15 http://azure.archive.ubuntu.com/ubuntu jammy-security/restricted amd64 Packages [6410 kB]
2026-10-02T10:37:56.9245480Z Get:19 https://packages.microsoft.com/ubuntu/22.04/prod jammy/main amd64 Packages [792 kB]
2026-10-02T10:37:56.9289433Z Get:16 http://azure.archive.ubuntu.com/ubuntu jammy-security/restricted Translation-en [1232 kB]
2026-10-02T10:37:56.9330012Z Get:20 https://packages.microsoft.com/ubuntu/22.04/prod jammy/main arm64 Packages [550 kB]
2026-10-02T10:37:56.9760154Z Get:17 http://azure.archive.ubuntu.com/ubuntu jammy-security/universe amd64 Packages [1052 kB]
2026-10-02T10:37:56.9801811Z Get:18 http://azure.archive.ubuntu.com/ubuntu jammy-security/universe Translation-en [236 kB]
2026-10-02T10:38:04.9474355Z Fetched 28.8 MB in 3s (10.1 MB/s)
2026-10-02T10:38:05.9744871Z Reading package lists...
2026-10-02T10:38:06.0237101Z Reading package lists...
2026-10-02T10:38:06.2087041Z Building dependency tree...
2026-10-02T10:38:06.2094457Z Reading state information...
2026-10-02T10:38:06.3730922Z fonts-liberation is already the newest version (1:1.07.4-11).
2026-10-02T10:38:06.3731816Z fonts-liberation set to manually installed.
2026-10-02T10:38:06.3732431Z libatk-bridge2.0-0 is already the newest version (2.38.0-3).
2026-10-02T10:38:06.3732885Z libatk-bridge2.0-0 set to manually installed.
2026-10-02T10:38:06.3733376Z libatk1.0-0 is already the newest version (2.36.0-3build1).
2026-10-02T10:38:06.3733816Z libatk1.0-0 set to manually installed.
2026-10-02T10:38:06.3734310Z libatspi2.0-0 is already the newest version (2.44.0-3).
2026-10-02T10:38:06.3734736Z libatspi2.0-0 set to manually installed.
2026-10-02T10:38:06.3735170Z libfontconfig1 is already the newest version (2.13.1-4.2ubuntu5).
2026-10-02T10:38:06.3735664Z libfontconfig1 set to manually installed.
2026-10-02T10:38:06.3736061Z libxcb1 is already the newest version (1.14-3ubuntu3).
2026-10-02T10:38:06.3736470Z libxcb1 set to manually installed.
2026-10-02T10:38:06.3736943Z libxcomposite1 is already the newest version (1:0.4.5-1build2).
2026-10-02T10:38:06.3737521Z libxcomposite1 set to manually installed.
2026-10-02T10:38:06.3738148Z libxdamage1 is already the newest version (1:1.1.5-2build2).
2026-10-02T10:38:06.3738579Z libxdamage1 set to manually installed.
2026-10-02T10:38:06.3739026Z libxext6 is already the newest version (2:1.3.4-1build1).
2026-10-02T10:38:06.3739416Z libxext6 set to manually installed.
2026-10-02T10:38:06.3739858Z libxfixes3 is already the newest version (1:6.0.0-1).
2026-10-02T10:38:06.3740241Z libxfixes3 set to manually installed.
2026-10-02T10:38:06.3740713Z libxkbcommon0 is already the newest version (1.4.0-1).
2026-10-02T10:38:06.3741344Z libxkbcommon0 set to manually installed.
2026-10-02T10:38:06.3741778Z libxrandr2 is already the newest version (2:1.5.2-1build1).
2026-10-02T10:38:06.3742231Z libxrandr2 set to manually installed.
2026-10-02T10:38:06.3742699Z fonts-noto-color-emoji is already the newest version (2.047-0ubuntu0.22.04.1).
2026-10-02T10:38:06.3743238Z libasound2 is already the newest version (1.2.6.1-1ubuntu1.2).
2026-10-02T10:38:06.3743692Z libasound2 set to manually installed.
2026-10-02T10:38:06.3744094Z libcairo2 is already the newest version (1.16.0-5ubuntu2.1).
2026-10-02T10:38:06.3744521Z libcairo2 set to manually installed.
2026-10-02T10:38:06.3744948Z libcups2 is already the newest version (2.4.1op1-1ubuntu4.21).
2026-10-02T10:38:06.3745390Z libcups2 set to manually installed.
2026-10-02T10:38:06.3745815Z libdbus-1-3 is already the newest version (1.12.20-2ubuntu4.1).
2026-10-02T10:38:06.3746203Z libdbus-1-3 set to manually installed.
2026-10-02T10:38:06.3746684Z libdrm2 is already the newest version (2.4.113-2~ubuntu0.22.04.1).
2026-10-02T10:38:06.3747101Z libdrm2 set to manually installed.
2026-10-02T10:38:06.3747545Z libfreetype6 is already the newest version (2.11.1+dfsg-1ubuntu0.3).
2026-10-02T10:38:06.3748095Z libfreetype6 set to manually installed.
2026-10-02T10:38:06.3748525Z libgbm1 is already the newest version (23.2.1-1ubuntu3.1~22.04.4).
2026-10-02T10:38:06.3748945Z libgbm1 set to manually installed.
2026-10-02T10:38:06.3749531Z libglib2.0-0 is already the newest version (2.72.4-0ubuntu2.10).
2026-10-02T10:38:06.3749998Z libglib2.0-0 set to manually installed.
2026-10-02T10:38:06.3750422Z libnspr4 is already the newest version (2:4.35-0ubuntu0.22.04.1).
2026-10-02T10:38:06.3750943Z libnss3 is already the newest version (2:3.98-0ubuntu0.22.04.4).
2026-10-02T10:38:06.3751414Z libpango-1.0-0 is already the newest version (1.50.6+ds-2ubuntu1).
2026-10-02T10:38:06.3751813Z libpango-1.0-0 set to manually installed.
2026-10-02T10:38:06.3752321Z libwayland-client0 is already the newest version (1.20.0-1ubuntu0.1).
2026-10-02T10:38:06.3752767Z libwayland-client0 set to manually installed.
2026-10-02T10:38:06.3753223Z libx11-6 is already the newest version (2:1.7.5-1ubuntu0.3).
2026-10-02T10:38:06.3753640Z libx11-6 set to manually installed.
2026-10-02T10:38:06.3754074Z xvfb is already the newest version (2:21.1.4-2ubuntu1.7~22.04.16).
2026-10-02T10:38:06.3754530Z The following additional packages will be installed:
2026-10-02T10:38:06.3754943Z   xfonts-encodings xfonts-utils
2026-10-02T10:38:06.3755286Z Recommended packages:
2026-10-02T10:38:06.3755609Z   fonts-ipafont-mincho fonts-tlwg-loma
2026-10-02T10:38:06.3903243Z The following NEW packages will be installed:
2026-10-02T10:38:06.3903886Z   fonts-freefont-ttf fonts-ipafont-gothic fonts-tlwg-loma-otf fonts-unifont
2026-10-02T10:38:06.3909466Z   fonts-wqy-zenhei xfonts-cyrillic xfonts-encodings xfonts-scalable
2026-10-02T10:38:06.3909992Z   xfonts-utils
2026-10-02T10:38:06.4052501Z 0 upgraded, 9 newly installed, 0 to remove and 20 not upgraded.
2026-10-02T10:38:06.4053435Z Need to get 18.4 MB of archives.
2026-10-02T10:38:06.4054114Z After this operation, 56.8 MB of additional disk space will be used.
2026-10-02T10:38:06.4054886Z Get:1 file:/etc/apt/apt-mirrors.txt Mirrorlist [144 B]
2026-10-02T10:38:06.4759169Z Get:2 http://azure.archive.ubuntu.com/ubuntu jammy/universe amd64 fonts-ipafont-gothic all 00303-21ubuntu1 [3513 kB]
2026-10-02T10:38:06.5444158Z Get:3 http://azure.archive.ubuntu.com/ubuntu jammy/main amd64 fonts-freefont-ttf all 20120503-10build1 [2388 kB]
2026-10-02T10:38:06.6298573Z Get:4 http://azure.archive.ubuntu.com/ubuntu jammy/universe amd64 fonts-tlwg-loma-otf all 1:0.7.3-1 [107 kB]
2026-10-02T10:38:06.7592001Z Get:5 http://azure.archive.ubuntu.com/ubuntu jammy/universe amd64 fonts-unifont all 1:14.0.01-1 [3551 kB]
2026-10-02T10:38:06.9555557Z Get:6 http://azure.archive.ubuntu.com/ubuntu jammy/universe amd64 fonts-wqy-zenhei all 0.9.45-8 [7472 kB]
2026-10-02T10:38:07.0570862Z Get:7 http://azure.archive.ubuntu.com/ubuntu jammy/main amd64 xfonts-encodings all 1:1.0.5-0ubuntu2 [578 kB]
2026-10-02T10:38:07.1526544Z Get:8 http://azure.archive.ubuntu.com/ubuntu jammy/main amd64 xfonts-utils amd64 1:7.7+6build2 [94.6 kB]
2026-10-02T10:38:07.1819290Z Get:9 http://azure.archive.ubuntu.com/ubuntu jammy/universe amd64 xfonts-cyrillic all 1:1.0.5 [386 kB]
2026-10-02T10:38:07.2206302Z Get:10 http://azure.archive.ubuntu.com/ubuntu jammy/main amd64 xfonts-scalable all 1:1.0.3-1.2ubuntu1 [306 kB]
2026-10-02T10:38:07.4944876Z Fetched 18.4 MB in 1s (22.1 MB/s)
2026-10-02T10:38:07.5150770Z Selecting previously unselected package fonts-ipafont-gothic.
2026-10-02T10:38:07.5403870Z (Reading database ... 
2026-10-02T10:38:07.5404453Z (Reading database ... 5%
2026-10-02T10:38:07.5404812Z (Reading database ... 10%
2026-10-02T10:38:07.5405235Z (Reading database ... 15%
2026-10-02T10:38:07.5405641Z (Reading database ... 20%
2026-10-02T10:38:07.5406189Z (Reading database ... 25%
2026-10-02T10:38:07.5406547Z (Reading database ... 30%
2026-10-02T10:38:07.5406972Z (Reading database ... 35%
2026-10-02T10:38:07.5407346Z (Reading database ... 40%
2026-10-02T10:38:07.5407699Z (Reading database ... 45%
2026-10-02T10:38:07.5408343Z (Reading database ... 50%
2026-10-02T10:38:07.5866642Z (Reading database ... 55%
2026-10-02T10:38:07.7989268Z (Reading database ... 60%
2026-10-02T10:38:07.9564466Z (Reading database ... 65%
2026-10-02T10:38:08.1476802Z (Reading database ... 70%
2026-10-02T10:38:08.2517016Z (Reading database ... 75%
2026-10-02T10:38:08.3926470Z (Reading database ... 80%
2026-10-02T10:38:08.5456618Z (Reading database ... 85%
2026-10-02T10:38:08.7440445Z (Reading database ... 90%
2026-10-02T10:38:08.9573699Z (Reading database ... 95%
2026-10-02T10:38:08.9574266Z (Reading database ... 100%
2026-10-02T10:38:08.9575168Z (Reading database ... 260411 files and directories currently installed.)
2026-10-02T10:38:08.9628381Z Preparing to unpack .../0-fonts-ipafont-gothic_00303-21ubuntu1_all.deb ...
2026-10-02T10:38:08.9700114Z Unpacking fonts-ipafont-gothic (00303-21ubuntu1) ...
2026-10-02T10:38:09.2242531Z Selecting previously unselected package fonts-freefont-ttf.
2026-10-02T10:38:09.2379663Z Preparing to unpack .../1-fonts-freefont-ttf_20120503-10build1_all.deb ...
2026-10-02T10:38:09.2389416Z Unpacking fonts-freefont-ttf (20120503-10build1) ...
2026-10-02T10:38:09.5236543Z Selecting previously unselected package fonts-tlwg-loma-otf.
2026-10-02T10:38:09.5376501Z Preparing to unpack .../2-fonts-tlwg-loma-otf_1%3a0.7.3-1_all.deb ...
2026-10-02T10:38:09.5387368Z Unpacking fonts-tlwg-loma-otf (1:0.7.3-1) ...
2026-10-02T10:38:09.5544221Z Selecting previously unselected package fonts-unifont.
2026-10-02T10:38:09.5682925Z Preparing to unpack .../3-fonts-unifont_1%3a14.0.01-1_all.deb ...
2026-10-02T10:38:09.5691259Z Unpacking fonts-unifont (1:14.0.01-1) ...
2026-10-02T10:38:09.7025918Z Selecting previously unselected package fonts-wqy-zenhei.
2026-10-02T10:38:09.7163080Z Preparing to unpack .../4-fonts-wqy-zenhei_0.9.45-8_all.deb ...
2026-10-02T10:38:09.7271873Z Unpacking fonts-wqy-zenhei (0.9.45-8) ...
2026-10-02T10:38:10.2793567Z Selecting previously unselected package xfonts-encodings.
2026-10-02T10:38:10.2937248Z Preparing to unpack .../5-xfonts-encodings_1%3a1.0.5-0ubuntu2_all.deb ...
2026-10-02T10:38:10.2945616Z Unpacking xfonts-encodings (1:1.0.5-0ubuntu2) ...
2026-10-02T10:38:10.3136554Z Selecting previously unselected package xfonts-utils.
2026-10-02T10:38:10.3276164Z Preparing to unpack .../6-xfonts-utils_1%3a7.7+6build2_amd64.deb ...
2026-10-02T10:38:10.3284273Z Unpacking xfonts-utils (1:7.7+6build2) ...
2026-10-02T10:38:10.3668660Z Selecting previously unselected package xfonts-cyrillic.
2026-10-02T10:38:10.3789335Z Preparing to unpack .../7-xfonts-cyrillic_1%3a1.0.5_all.deb ...
2026-10-02T10:38:10.3796747Z Unpacking xfonts-cyrillic (1:1.0.5) ...
2026-10-02T10:38:10.4195458Z Selecting previously unselected package xfonts-scalable.
2026-10-02T10:38:10.4311790Z Preparing to unpack .../8-xfonts-scalable_1%3a1.0.3-1.2ubuntu1_all.deb ...
2026-10-02T10:38:10.4320994Z Unpacking xfonts-scalable (1:1.0.3-1.2ubuntu1) ...
2026-10-02T10:38:10.4686183Z Setting up fonts-wqy-zenhei (0.9.45-8) ...
2026-10-02T10:38:10.4779674Z Setting up fonts-freefont-ttf (20120503-10build1) ...
2026-10-02T10:38:10.4797291Z Setting up fonts-tlwg-loma-otf (1:0.7.3-1) ...
2026-10-02T10:38:10.4815368Z Setting up xfonts-encodings (1:1.0.5-0ubuntu2) ...
2026-10-02T10:38:10.4831732Z Setting up fonts-ipafont-gothic (00303-21ubuntu1) ...
2026-10-02T10:38:10.4888102Z update-alternatives: using /usr/share/fonts/opentype/ipafont-gothic/ipag.ttf to provide /usr/share/fonts/truetype/fonts-japanese-gothic.ttf (fonts-japanese-gothic.ttf) in auto mode
2026-10-02T10:38:10.4906838Z Setting up fonts-unifont (1:14.0.01-1) ...
2026-10-02T10:38:10.4924295Z Setting up xfonts-utils (1:7.7+6build2) ...
2026-10-02T10:38:10.4959302Z Setting up xfonts-cyrillic (1:1.0.5) ...
2026-10-02T10:38:10.5192749Z Setting up xfonts-scalable (1:1.0.3-1.2ubuntu1) ...
2026-10-02T10:38:10.5392099Z Processing triggers for man-db (2.10.2-1) ...
2026-10-02T10:38:10.5413078Z Not building database; man-db/auto-update is not 'true'.
2026-10-02T10:38:10.5425307Z Processing triggers for fontconfig (2.13.1-4.2ubuntu5) ...
2026-10-02T10:38:11.0720799Z 
2026-10-02T10:38:11.0721863Z Running kernel seems to be up-to-date.
2026-10-02T10:38:11.0722340Z 
2026-10-02T10:38:11.0722590Z No services need to be restarted.
2026-10-02T10:38:11.0723015Z 
2026-10-02T10:38:11.0723333Z No containers need to be restarted.
2026-10-02T10:38:11.0723995Z 
2026-10-02T10:38:11.0724213Z No user sessions are running outdated binaries.
2026-10-02T10:38:11.0724441Z 
2026-10-02T10:38:11.0724728Z No VM guests are running outdated hypervisor (qemu) binaries on this host.
2026-10-02T10:38:12.3691925Z Downloading Chromium 140.0.7339.16 (playwright build v1187) from https://cdn.playwright.dev/dbazure/download/playwright/builds/chromium/1187/chromium-linux.zip
2026-10-02T10:38:12.5259053Z |                                                                                |   0% of 173.7 MiB
2026-10-02T10:38:12.6435536Z |■■■■■■■■                                                                        |  10% of 173.7 MiB
2026-10-02T10:38:12.6987441Z |■■■■■■■■■■■■■■■■                                                                |  20% of 173.7 MiB
2026-10-02T10:38:12.7618023Z |■■■■■■■■■■■■■■■■■■■■■■■■                                                        |  30% of 173.7 MiB
2026-10-02T10:38:12.8186905Z |■■■■■■■■■■■■■■■■■■■■■■■■■■■■■■■■                                                |  40% of 173.7 MiB
2026-10-02T10:38:12.8708915Z |■■■■■■■■■■■■■■■■■■■■■■■■■■■■■■■■■■■■■■■■                                        |  50% of 173.7 MiB
2026-10-02T10:38:12.9265040Z |■■■■■■■■■■■■■■■■■■■■■■■■■■■■■■■■■■■■■■■■■■■■■■■■                                |  60% of 173.7 MiB
2026-10-02T10:38:12.9813818Z |■■■■■■■■■■■■■■■■■■■■■■■■■■■■■■■■■■■■■■■■■■■■■■■■■■■■■■■■                        |  70% of 173.7 MiB
2026-10-02T10:38:13.0457424Z |■■■■■■■■■■■■■■■■■■■■■■■■■■■■■■■■■■■■■■■■■■■■■■■■■■■■■■■■■■■■■■■■                |  80% of 173.7 MiB
2026-10-02T10:38:13.1166253Z |■■■■■■■■■■■■■■■■■■■■■■■■■■■■■■■■■■■■■■■■■■■■■■■■■■■■■■■■■■■■■■■■■■■■■■■■        |  90% of 173.7 MiB
2026-10-02T10:38:13.1834383Z |■■■■■■■■■■■■■■■■■■■■■■■■■■■■■■■■■■■■■■■■■■■■■■■■■■■■■■■■■■■■■■■■■■■■■■■■■■■■■■■■| 100% of 173.7 MiB
2026-10-02T10:38:16.4102364Z Chromium 140.0.7339.16 (playwright build v1187) downloaded to /home/runner/.cache/ms-playwright/chromium-1187
2026-10-02T10:38:16.4104451Z Downloading FFMPEG playwright build v1011 from https://cdn.playwright.dev/dbazure/download/playwright/builds/ffmpeg/1011/ffmpeg-linux.zip
2026-10-02T10:38:16.5593593Z |                                                                                |   0% of 2.3 MiB
2026-10-02T10:38:16.5774934Z |■■■■■■■■                                                                        |  10% of 2.3 MiB
2026-10-02T10:38:16.5869072Z |■■■■■■■■■■■■■■■■                                                                |  20% of 2.3 MiB
2026-10-02T10:38:16.5920384Z |■■■■■■■■■■■■■■■■■■■■■■■■                                                        |  30% of 2.3 MiB
2026-10-02T10:38:16.5957415Z |■■■■■■■■■■■■■■■■■■■■■■■■■■■■■■■■                                                |  40% of 2.3 MiB
2026-10-02T10:38:16.5989338Z |■■■■■■■■■■■■■■■■■■■■■■■■■■■■■■■■■■■■■■■■                                        |  50% of 2.3 MiB
2026-10-02T10:38:16.6012600Z |■■■■■■■■■■■■■■■■■■■■■■■■■■■■■■■■■■■■■■■■■■■■■■■■                                |  60% of 2.3 MiB
2026-10-02T10:38:16.6035907Z |■■■■■■■■■■■■■■■■■■■■■■■■■■■■■■■■■■■■■■■■■■■■■■■■■■■■■■■■                        |  70% of 2.3 MiB
2026-10-02T10:38:16.6054446Z |■■■■■■■■■■■■■■■■■■■■■■■■■■■■■■■■■■■■■■■■■■■■■■■■■■■■■■■■■■■■■■■■                |  80% of 2.3 MiB
2026-10-02T10:38:16.6082907Z |■■■■■■■■■■■■■■■■■■■■■■■■■■■■■■■■■■■■■■■■■■■■■■■■■■■■■■■■■■■■■■■■■■■■■■■■        |  90% of 2.3 MiB
2026-10-02T10:38:16.6089668Z |■■■■■■■■■■■■■■■■■■■■■■■■■■■■■■■■■■■■■■■■■■■■■■■■■■■■■■■■■■■■■■■■■■■■■■■■■■■■■■■■| 100% of 2.3 MiB
2026-10-02T10:38:16.6531554Z FFMPEG playwright build v1011 downloaded to /home/runner/.cache/ms-playwright/ffmpeg-1011
2026-10-02T10:38:16.6533438Z Downloading Chromium Headless Shell 140.0.7339.16 (playwright build v1187) from https://cdn.playwright.dev/dbazure/download/playwright/builds/chromium/1187/chromium-headless-shell-linux.zip
2026-10-02T10:38:16.8101412Z |                                                                                |   0% of 104.3 MiB
2026-10-02T10:38:16.9185471Z |■■■■■■■■                                                                        |  10% of 104.3 MiB
2026-10-02T10:38:16.9610132Z |■■■■■■■■■■■■■■■■                                                                |  20% of 104.3 MiB
2026-10-02T10:38:17.0060887Z |■■■■■■■■■■■■■■■■■■■■■■■■                                                        |  30% of 104.3 MiB
2026-10-02T10:38:17.0523418Z |■■■■■■■■■■■■■■■■■■■■■■■■■■■■■■■■                                                |  40% of 104.3 MiB
2026-10-02T10:38:17.1009083Z |■■■■■■■■■■■■■■■■■■■■■■■■■■■■■■■■■■■■■■■■                                        |  50% of 104.3 MiB
2026-10-02T10:38:17.1486133Z |■■■■■■■■■■■■■■■■■■■■■■■■■■■■■■■■■■■■■■■■■■■■■■■■                                |  60% of 104.3 MiB
2026-10-02T10:38:17.1897655Z |■■■■■■■■■■■■■■■■■■■■■■■■■■■■■■■■■■■■■■■■■■■■■■■■■■■■■■■■                        |  70% of 104.3 MiB
2026-10-02T10:38:17.2350160Z |■■■■■■■■■■■■■■■■■■■■■■■■■■■■■■■■■■■■■■■■■■■■■■■■■■■■■■■■■■■■■■■■                |  80% of 104.3 MiB
2026-10-02T10:38:17.2779463Z |■■■■■■■■■■■■■■■■■■■■■■■■■■■■■■■■■■■■■■■■■■■■■■■■■■■■■■■■■■■■■■■■■■■■■■■■        |  90% of 104.3 MiB
2026-10-02T10:38:17.3152260Z |■■■■■■■■■■■■■■■■■■■■■■■■■■■■■■■■■■■■■■■■■■■■■■■■■■■■■■■■■■■■■■■■■■■■■■■■■■■■■■■■| 100% of 104.3 MiB
2026-10-02T10:38:19.0751165Z Chromium Headless Shell 140.0.7339.16 (playwright build v1187) downloaded to /home/runner/.cache/ms-playwright/chromium_headless_shell-1187
2026-10-02T10:38:19.2335672Z ##[group]Run node scripts/verify_frontend_workbench.mjs --output output/web-browser
2026-10-02T10:38:19.2336533Z [36;1mnode scripts/verify_frontend_workbench.mjs --output output/web-browser[0m
2026-10-02T10:38:19.2386554Z shell: /usr/bin/bash -e {0}
2026-10-02T10:38:19.2387105Z ##[endgroup]
2026-10-02T10:38:35.4913945Z {"passed":true,"checks":["primary entry visible; example fills and focuses the visible composer","mobile no page overflow","check result visible in first viewport; persisted finding retained (top=505px)","active diagnosis fits narrow laptop and mobile","default workbench view renders the real parent-child tree","fullscreen tree canvas fills viewport (height=620px)","failed refresh retains report; retry clears warning","engineering scores 21/21, localization 6/21 and refutations 8 retain all 21 scenarios at four widths; no legacy score display or fetch despite mixed-version fixtures"],"output":"/home/runner/work/mini-drop/mini-drop/output/web-browser"}
2026-10-02T10:38:35.5361357Z ##[group]Run actions/upload-artifact@v4
2026-10-02T10:38:35.5361706Z with:
2026-10-02T10:38:35.5362046Z   name: web-browser-4321aba043be6c2eb36580cf3b00d56c50bda914-1
2026-10-02T10:38:35.5362480Z   path: output/web-browser/
2026-10-02T10:38:35.5362804Z   if-no-files-found: error
2026-10-02T10:38:35.5363089Z   retention-days: 14
2026-10-02T10:38:35.5363386Z   compression-level: 6
2026-10-02T10:38:35.5363690Z   overwrite: false
2026-10-02T10:38:35.5363967Z   include-hidden-files: false
2026-10-02T10:38:35.5364274Z ##[endgroup]
2026-10-02T10:38:35.6780459Z (node:2982) [DEP0040] DeprecationWarning: The `punycode` module is deprecated. Please use a userland alternative instead.
2026-10-02T10:38:35.6781213Z (Use `node --trace-deprecation ...` to show where the warning was created)
2026-10-02T10:38:35.6848826Z With the provided path, there will be 13 files uploaded
2026-10-02T10:38:35.6852726Z Artifact name is valid!
2026-10-02T10:38:35.6853437Z Root directory input is valid!
2026-10-02T10:38:35.9999705Z Beginning upload of artifact content to blob storage
2026-10-02T10:38:36.0689483Z (node:2982) [DEP0169] DeprecationWarning: `url.parse()` behavior is not standardized and prone to errors that have security implications. Use the WHATWG URL API instead. CVEs are not issued for `url.parse()` vulnerabilities.
2026-10-02T10:38:36.4051594Z Uploaded bytes 1490848
2026-10-02T10:38:36.4460350Z Finished uploading artifact content to blob storage!
2026-10-02T10:38:36.4461487Z SHA256 digest of uploaded artifact zip is 7bc816fc625f471cd0b84eef3a34c4ff8eea6882095bd0432128a9ad52f3c164
2026-10-02T10:38:36.4462559Z Finalizing artifact upload
2026-10-02T10:38:36.6713244Z Artifact web-browser-4321aba043be6c2eb36580cf3b00d56c50bda914-1.zip successfully finalized. Artifact ID 11222390812
2026-10-02T10:38:36.6715013Z Artifact web-browser-4321aba043be6c2eb36580cf3b00d56c50bda914-1 has been successfully uploaded! Final size is 1490848 bytes. Artifact ID is 11222390812
2026-10-02T10:38:36.6720172Z Artifact download URL: https://github.com/llongwang751-arch/mini-drop/actions/runs/36996499159/artifacts/11222390812
2026-10-02T10:38:36.6862527Z Post job cleanup.
2026-10-02T10:38:36.7909298Z (node:2995) [DEP0040] DeprecationWarning: The `punycode` module is deprecated. Please use a userland alternative instead.
2026-10-02T10:38:36.7910464Z (Use `node --trace-deprecation ...` to show where the warning was created)
2026-10-02T10:38:36.7912411Z Cache hit occurred on the primary key node-cache-Linux-x64-npm-a79428a48f53c819bdf3224c6f533bf526ae1b21f28f4ee918b0bcba5121d960, not saving cache.
2026-10-02T10:38:36.8009949Z Post job cleanup.
2026-10-02T10:38:36.8746290Z [command]/usr/bin/git version
2026-10-02T10:38:36.8783367Z git version 2.55.0
2026-10-02T10:38:36.8817560Z Temporarily overriding HOME='/home/runner/work/_temp/20451a12-d221-4520-afa5-ee76a7a60937' before making global git config changes
2026-10-02T10:38:36.8818821Z Adding repository directory to the temporary git global config as a safe directory
2026-10-02T10:38:36.8823047Z [command]/usr/bin/git config --global --add safe.directory /home/runner/work/mini-drop/mini-drop
2026-10-02T10:38:36.8854273Z [command]/usr/bin/git config --local --name-only --get-regexp core\.sshCommand
2026-10-02T10:38:36.8881542Z [command]/usr/bin/git submodule foreach --recursive sh -c "git config --local --name-only --get-regexp 'core\.sshCommand' && git config --local --unset-all 'core.sshCommand' || :"
2026-10-02T10:38:36.9069039Z [command]/usr/bin/git config --local --name-only --get-regexp http\.https\:\/\/github\.com\/\.extraheader
2026-10-02T10:38:36.9085862Z http.https://github.com/.extraheader
2026-10-02T10:38:36.9093766Z [command]/usr/bin/git config --local --unset-all http.https://github.com/.extraheader
2026-10-02T10:38:36.9121163Z [command]/usr/bin/git submodule foreach --recursive sh -c "git config --local --name-only --get-regexp 'http\.https\:\/\/github\.com\/\.extraheader' && git config --local --unset-all 'http.https://github.com/.extraheader' || :"
2026-10-02T10:38:36.9304137Z [command]/usr/bin/git config --local --name-only --get-regexp ^includeIf\.gitdir:
2026-10-02T10:38:36.9330650Z [command]/usr/bin/git submodule foreach --recursive git config --local --show-origin --name-only --get-regexp remote.origin.url
2026-10-02T10:38:36.9618528Z Cleaning up orphan processes
2026-10-02T10:38:36.9837323Z ##[warning]Node.js 20 is deprecated. The following actions target Node.js 20 but are being forced to run on Node.js 24: actions/checkout@v4, actions/setup-node@v4, actions/upload-artifact@v4. For more information see: https://github.blog/changelog/2025-09-19-deprecation-of-node-20-on-github-actions-runners/
