2026-10-02T08:55:15.8465566Z Current runner version: '2.337.0'
2026-10-02T08:55:15.8485515Z ##[group]Runner Image Provisioner
2026-10-02T08:55:15.8486552Z Hosted Compute Agent
2026-10-02T08:55:15.8487162Z Version: 20260901.588
2026-10-02T08:55:15.8487698Z Commit: f88ec8081b781fac6c440065ac7ff9e710ce3d0b
2026-10-02T08:55:15.8488333Z Build Date: 2026-09-01T19:56:44Z
2026-10-02T08:55:15.8488933Z Worker ID: {a94d4e6a-c12b-4696-9c9e-624e2f88e739}
2026-10-02T08:55:15.8489542Z Azure Region: centralus
2026-10-02T08:55:15.8490066Z ##[endgroup]
2026-10-02T08:55:15.8491226Z ##[group]Operating System
2026-10-02T08:55:15.8491734Z Ubuntu
2026-10-02T08:55:15.8492242Z 22.04.5
2026-10-02T08:55:15.8492732Z LTS
2026-10-02T08:55:15.8493199Z ##[endgroup]
2026-10-02T08:55:15.8493666Z ##[group]Runner Image
2026-10-02T08:55:15.8494162Z Image: ubuntu-22.04
2026-10-02T08:55:15.8494694Z Version: 20260927.309.1
2026-10-02T08:55:15.8495764Z Included Software: https://github.com/actions/runner-images/blob/ubuntu22/20260927.309/images/ubuntu/Ubuntu2204-Readme.md
2026-10-02T08:55:15.8497223Z Image Release: https://github.com/actions/runner-images/releases/tag/ubuntu22%2F20260927.309
2026-10-02T08:55:15.8498044Z ##[endgroup]
2026-10-02T08:55:15.8499083Z ##[group]GITHUB_TOKEN Permissions
2026-10-02T08:55:15.8500772Z Contents: read
2026-10-02T08:55:15.8501298Z Metadata: read
2026-10-02T08:55:15.8501783Z Packages: read
2026-10-02T08:55:15.8502262Z ##[endgroup]
2026-10-02T08:55:15.8503926Z Secret source: Actions
2026-10-02T08:55:15.8504747Z Cache mode: write
2026-10-02T08:55:15.8505329Z Prepare workflow directory
2026-10-02T08:55:15.8785577Z Prepare all required actions
2026-10-02T08:55:15.8827400Z Getting action download info
2026-10-02T08:55:16.1997742Z Download action repository 'actions/checkout@v4' (SHA:11d5960a326750d5838078e36cf38b85af677262)
2026-10-02T08:55:16.3007408Z Download action repository 'actions/setup-python@v5' (SHA:a26af69be951a213d495a4c3e4e4022e16d87065)
2026-10-02T08:55:16.4022147Z Download action repository 'actions/setup-go@v5' (SHA:40f1582b2485089dde7abd97c1529aa768e1baff)
2026-10-02T08:55:16.8450734Z Download action repository 'actions/upload-artifact@v4' (SHA:ea165f8d65b6e75b540449e92b4886f43607fa02)
2026-10-02T08:55:17.0836448Z Complete job name: Python and Go independent CPU controls
2026-10-02T08:55:17.1601537Z ##[group]Run actions/checkout@v4
2026-10-02T08:55:17.1602557Z with:
2026-10-02T08:55:17.1603335Z   repository: llongwang751-arch/mini-drop
2026-10-02T08:55:17.1610661Z   token: ***
2026-10-02T08:55:17.1611398Z   ssh-strict: true
2026-10-02T08:55:17.1612079Z   ssh-user: git
2026-10-02T08:55:17.1612762Z   persist-credentials: true
2026-10-02T08:55:17.1613584Z   clean: true
2026-10-02T08:55:17.1614289Z   sparse-checkout-cone-mode: true
2026-10-02T08:55:17.1615100Z   fetch-depth: 1
2026-10-02T08:55:17.1615839Z   fetch-tags: false
2026-10-02T08:55:17.1616622Z   show-progress: true
2026-10-02T08:55:17.1617351Z   lfs: false
2026-10-02T08:55:17.1617970Z   submodules: false
2026-10-02T08:55:17.1618668Z   set-safe-directory: true
2026-10-02T08:55:17.1619464Z   allow-unsafe-pr-checkout: false
2026-10-02T08:55:17.1620435Z ##[endgroup]
2026-10-02T08:55:17.2548438Z Syncing repository: llongwang751-arch/mini-drop
2026-10-02T08:55:17.2551754Z ##[group]Getting Git version info
2026-10-02T08:55:17.2553703Z Working directory is '/home/runner/work/mini-drop/mini-drop'
2026-10-02T08:55:17.2556394Z [command]/usr/bin/git version
2026-10-02T08:55:17.2587283Z git version 2.55.0
2026-10-02T08:55:17.2604046Z ##[endgroup]
2026-10-02T08:55:17.2614686Z Temporarily overriding HOME='/home/runner/work/_temp/11e3b04a-d345-464c-8e97-d1a274cc1223' before making global git config changes
2026-10-02T08:55:17.2618162Z Adding repository directory to the temporary git global config as a safe directory
2026-10-02T08:55:17.2620697Z [command]/usr/bin/git config --global --add safe.directory /home/runner/work/mini-drop/mini-drop
2026-10-02T08:55:17.2647512Z Deleting the contents of '/home/runner/work/mini-drop/mini-drop'
2026-10-02T08:55:17.2650909Z ##[group]Initializing the repository
2026-10-02T08:55:17.2653453Z [command]/usr/bin/git init /home/runner/work/mini-drop/mini-drop
2026-10-02T08:55:17.2731755Z hint: Using 'master' as the name for the initial branch. This default branch name
2026-10-02T08:55:17.2734404Z hint: will change to "main" in Git 3.0. To configure the initial branch name
2026-10-02T08:55:17.2736892Z hint: to use in all of your new repositories, which will suppress this warning,
2026-10-02T08:55:17.2738821Z hint: call:
2026-10-02T08:55:17.2740188Z hint:
2026-10-02T08:55:17.2741432Z hint: 	git config --global init.defaultBranch <name>
2026-10-02T08:55:17.2742972Z hint:
2026-10-02T08:55:17.2744388Z hint: Names commonly chosen instead of 'master' are 'main', 'trunk' and
2026-10-02T08:55:17.2746862Z hint: 'development'. The just-created branch can be renamed via this command:
2026-10-02T08:55:17.2748767Z hint:
2026-10-02T08:55:17.2749840Z hint: 	git branch -m <name>
2026-10-02T08:55:17.2751076Z hint:
2026-10-02T08:55:17.2752602Z hint: Disable this message with "git config set advice.defaultBranchName false"
2026-10-02T08:55:17.2755130Z Initialized empty Git repository in /home/runner/work/mini-drop/mini-drop/.git/
2026-10-02T08:55:17.2759499Z [command]/usr/bin/git remote add origin https://github.com/llongwang751-arch/mini-drop
2026-10-02T08:55:17.2770210Z ##[endgroup]
2026-10-02T08:55:17.2771528Z ##[group]Disabling automatic garbage collection
2026-10-02T08:55:17.2774410Z [command]/usr/bin/git config --local gc.auto 0
2026-10-02T08:55:17.2800530Z ##[endgroup]
2026-10-02T08:55:17.2802070Z ##[group]Setting up auth
2026-10-02T08:55:17.2805777Z [command]/usr/bin/git config --local --name-only --get-regexp core\.sshCommand
2026-10-02T08:55:17.2833999Z [command]/usr/bin/git submodule foreach --recursive sh -c "git config --local --name-only --get-regexp 'core\.sshCommand' && git config --local --unset-all 'core.sshCommand' || :"
2026-10-02T08:55:17.3101247Z [command]/usr/bin/git config --local --name-only --get-regexp http\.https\:\/\/github\.com\/\.extraheader
2026-10-02T08:55:17.3129775Z [command]/usr/bin/git submodule foreach --recursive sh -c "git config --local --name-only --get-regexp 'http\.https\:\/\/github\.com\/\.extraheader' && git config --local --unset-all 'http.https://github.com/.extraheader' || :"
2026-10-02T08:55:17.3303368Z [command]/usr/bin/git config --local --name-only --get-regexp ^includeIf\.gitdir:
2026-10-02T08:55:17.3332243Z [command]/usr/bin/git submodule foreach --recursive git config --local --show-origin --name-only --get-regexp remote.origin.url
2026-10-02T08:55:17.3503674Z [command]/usr/bin/git config --local http.https://github.com/.extraheader AUTHORIZATION: basic ***
2026-10-02T08:55:17.3573716Z ##[endgroup]
2026-10-02T08:55:17.3574957Z ##[group]Fetching the repository
2026-10-02T08:55:17.3582255Z [command]/usr/bin/git -c protocol.version=2 fetch --no-tags --prune --no-recurse-submodules --depth=1 origin +f1e5b2106d50c06758d2b23066ab010d6f16d5de:refs/remotes/pull/1/merge
2026-10-02T08:55:25.2489021Z From https://github.com/llongwang751-arch/mini-drop
2026-10-02T08:55:25.2490015Z  * [new ref]         f1e5b2106d50c06758d2b23066ab010d6f16d5de -> pull/1/merge
2026-10-02T08:55:25.2492723Z ##[endgroup]
2026-10-02T08:55:25.2493430Z ##[group]Determining the checkout info
2026-10-02T08:55:25.2495814Z ##[endgroup]
2026-10-02T08:55:25.2502236Z [command]/usr/bin/git sparse-checkout disable
2026-10-02T08:55:25.2538925Z [command]/usr/bin/git config --local --unset-all extensions.worktreeConfig
2026-10-02T08:55:25.2578638Z ##[group]Checking out the ref
2026-10-02T08:55:25.2607356Z [command]/usr/bin/git checkout --progress --force refs/remotes/pull/1/merge
2026-10-02T08:55:26.2652990Z Updating files:  83% (3647/4368)
2026-10-02T08:55:26.2675000Z Updating files:  84% (3670/4368)
2026-10-02T08:55:26.2727133Z Updating files:  85% (3713/4368)
2026-10-02T08:55:26.2767861Z Updating files:  86% (3757/4368)
2026-10-02T08:55:26.2810470Z Updating files:  87% (3801/4368)
2026-10-02T08:55:26.2832190Z Updating files:  88% (3844/4368)
2026-10-02T08:55:26.2859307Z Updating files:  89% (3888/4368)
2026-10-02T08:55:26.2880657Z Updating files:  90% (3932/4368)
2026-10-02T08:55:26.2919431Z Updating files:  91% (3975/4368)
2026-10-02T08:55:26.2935634Z Updating files:  92% (4019/4368)
2026-10-02T08:55:26.2955256Z Updating files:  93% (4063/4368)
2026-10-02T08:55:26.2973392Z Updating files:  94% (4106/4368)
2026-10-02T08:55:26.2996998Z Updating files:  95% (4150/4368)
2026-10-02T08:55:26.3116782Z Updating files:  96% (4194/4368)
2026-10-02T08:55:26.3132574Z Updating files:  97% (4237/4368)
2026-10-02T08:55:26.3150189Z Updating files:  98% (4281/4368)
2026-10-02T08:55:26.3166290Z Updating files:  99% (4325/4368)
2026-10-02T08:55:26.3166529Z Updating files: 100% (4368/4368)
2026-10-02T08:55:26.3166832Z Updating files: 100% (4368/4368), done.
2026-10-02T08:55:26.3216226Z Note: switching to 'refs/remotes/pull/1/merge'.
2026-10-02T08:55:26.3216572Z 
2026-10-02T08:55:26.3216762Z You are in 'detached HEAD' state. You can look around, make experimental
2026-10-02T08:55:26.3217191Z changes and commit them, and you can discard any commits you make in this
2026-10-02T08:55:26.3217614Z state without impacting any branches by switching back to a branch.
2026-10-02T08:55:26.3217867Z 
2026-10-02T08:55:26.3218037Z If you want to create a new branch to retain commits you create, you may
2026-10-02T08:55:26.3218398Z do so (now or later) by using -c with the switch command. Example:
2026-10-02T08:55:26.3218594Z 
2026-10-02T08:55:26.3218699Z   git switch -c <new-branch-name>
2026-10-02T08:55:26.3218838Z 
2026-10-02T08:55:26.3218939Z Or undo this operation with:
2026-10-02T08:55:26.3219079Z 
2026-10-02T08:55:26.3219157Z   git switch -
2026-10-02T08:55:26.3219271Z 
2026-10-02T08:55:26.3219436Z Turn off this advice by setting config variable advice.detachedHead to false
2026-10-02T08:55:26.3219678Z 
2026-10-02T08:55:26.3219937Z HEAD is now at f1e5b21 Merge df0d3ef00a945e7d909f73868819799b2b7cc7f7 into 609ea8a73f845b496b59b5cae181f515c5919850
2026-10-02T08:55:26.3262520Z ##[endgroup]
2026-10-02T08:55:26.3297573Z [command]/usr/bin/git log -1 --format=%H
2026-10-02T08:55:26.3317084Z f1e5b2106d50c06758d2b23066ab010d6f16d5de
2026-10-02T08:55:26.3538364Z ##[group]Run actions/setup-python@v5
2026-10-02T08:55:26.3538610Z with:
2026-10-02T08:55:26.3538795Z   python-version: 3.11
2026-10-02T08:55:26.3538991Z   check-latest: false
2026-10-02T08:55:26.3541422Z   token: ***
2026-10-02T08:55:26.3541605Z   update-environment: true
2026-10-02T08:55:26.3541811Z   allow-prereleases: false
2026-10-02T08:55:26.3542006Z   freethreaded: false
2026-10-02T08:55:26.3542189Z ##[endgroup]
2026-10-02T08:55:26.4629036Z ##[group]Installed versions
2026-10-02T08:55:26.4720373Z (node:1844) [DEP0040] DeprecationWarning: The `punycode` module is deprecated. Please use a userland alternative instead.
2026-10-02T08:55:26.4721204Z (Use `node --trace-deprecation ...` to show where the warning was created)
2026-10-02T08:55:26.4721695Z Successfully set up CPython (3.11.16)
2026-10-02T08:55:26.4722245Z ##[endgroup]
2026-10-02T08:55:26.4881082Z ##[group]Run actions/setup-go@v5
2026-10-02T08:55:26.4881472Z with:
2026-10-02T08:55:26.4881765Z   go-version-file: demo/go-hotspot/go.mod
2026-10-02T08:55:26.4882140Z   check-latest: false
2026-10-02T08:55:26.4886408Z   token: ***
2026-10-02T08:55:26.4886728Z   cache: true
2026-10-02T08:55:26.4886984Z env:
2026-10-02T08:55:26.4887330Z   pythonLocation: /opt/hostedtoolcache/Python/3.11.16/x64
2026-10-02T08:55:26.4887937Z   PKG_CONFIG_PATH: /opt/hostedtoolcache/Python/3.11.16/x64/lib/pkgconfig
2026-10-02T08:55:26.4888512Z   Python_ROOT_DIR: /opt/hostedtoolcache/Python/3.11.16/x64
2026-10-02T08:55:26.4889029Z   Python2_ROOT_DIR: /opt/hostedtoolcache/Python/3.11.16/x64
2026-10-02T08:55:26.4889509Z   Python3_ROOT_DIR: /opt/hostedtoolcache/Python/3.11.16/x64
2026-10-02T08:55:26.4889996Z   LD_LIBRARY_PATH: /opt/hostedtoolcache/Python/3.11.16/x64/lib
2026-10-02T08:55:26.4890432Z ##[endgroup]
2026-10-02T08:55:26.6044864Z Setup go version spec 1.26.8
2026-10-02T08:55:26.6070928Z Found in cache @ /opt/hostedtoolcache/go/1.26.8/x64
2026-10-02T08:55:26.6072527Z (node:1852) [DEP0040] DeprecationWarning: The `punycode` module is deprecated. Please use a userland alternative instead.
2026-10-02T08:55:26.6073042Z (Use `node --trace-deprecation ...` to show where the warning was created)
2026-10-02T08:55:26.6075075Z Added go to the path
2026-10-02T08:55:26.6078235Z Successfully set up Go version 1.26.8
2026-10-02T08:55:26.7775315Z [command]/opt/hostedtoolcache/go/1.26.8/x64/bin/go env GOCACHE
2026-10-02T08:55:26.7802530Z [command]/opt/hostedtoolcache/go/1.26.8/x64/bin/go env GOMODCACHE
2026-10-02T08:55:26.7861087Z /home/runner/.cache/go-build
2026-10-02T08:55:26.7869427Z /home/runner/go/pkg/mod
2026-10-02T08:55:26.7897711Z ##[warning]Restore cache failed: Dependencies file is not found in /home/runner/work/mini-drop/mini-drop. Supported file pattern: go.sum
2026-10-02T08:55:26.7912495Z go version go1.26.8 linux/amd64
2026-10-02T08:55:26.7912664Z 
2026-10-02T08:55:26.7912962Z ##[group]go env
2026-10-02T08:55:26.8856888Z AR='ar'
2026-10-02T08:55:26.8857537Z CC='gcc'
2026-10-02T08:55:26.8858095Z CGO_CFLAGS='-O2 -g'
2026-10-02T08:55:26.8858621Z CGO_CPPFLAGS=''
2026-10-02T08:55:26.8859154Z CGO_CXXFLAGS='-O2 -g'
2026-10-02T08:55:26.8859623Z CGO_ENABLED='1'
2026-10-02T08:55:26.8860285Z CGO_FFLAGS='-O2 -g'
2026-10-02T08:55:26.8860528Z CGO_LDFLAGS='-O2 -g'
2026-10-02T08:55:26.8860719Z CXX='g++'
2026-10-02T08:55:26.8860900Z GCCGO='gccgo'
2026-10-02T08:55:26.8861132Z GO111MODULE=''
2026-10-02T08:55:26.8861303Z GOAMD64='v1'
2026-10-02T08:55:26.8861475Z GOARCH='amd64'
2026-10-02T08:55:26.8861639Z GOAUTH='netrc'
2026-10-02T08:55:26.8861798Z GOBIN=''
2026-10-02T08:55:26.8861984Z GOCACHE='/home/runner/.cache/go-build'
2026-10-02T08:55:26.8862230Z GOCACHEPROG=''
2026-10-02T08:55:26.8862420Z GODEBUG=''
2026-10-02T08:55:26.8862598Z GOENV='/home/runner/.config/go/env'
2026-10-02T08:55:26.8862806Z GOEXE=''
2026-10-02T08:55:26.8862966Z GOEXPERIMENT=''
2026-10-02T08:55:26.8863137Z GOFIPS140='off'
2026-10-02T08:55:26.8863323Z GOFLAGS=''
2026-10-02T08:55:26.8863860Z GOGCCFLAGS='-fPIC -m64 -pthread -Wl,--no-gc-sections -fmessage-length=0 -ffile-prefix-map=/tmp/go-build1432879515=/tmp/go-build -gno-record-gcc-switches'
2026-10-02T08:55:26.8864383Z GOHOSTARCH='amd64'
2026-10-02T08:55:26.8864562Z GOHOSTOS='linux'
2026-10-02T08:55:26.8864743Z GOINSECURE=''
2026-10-02T08:55:26.8864911Z GOMOD='/dev/null'
2026-10-02T08:55:26.8865109Z GOMODCACHE='/home/runner/go/pkg/mod'
2026-10-02T08:55:26.8865326Z GONOPROXY=''
2026-10-02T08:55:26.8865493Z GONOSUMDB=''
2026-10-02T08:55:26.8865658Z GOOS='linux'
2026-10-02T08:55:26.8865829Z GOPATH='/home/runner/go'
2026-10-02T08:55:26.8866018Z GOPRIVATE=''
2026-10-02T08:55:26.8866380Z GOPROXY='https://proxy.golang.org,direct'
2026-10-02T08:55:26.8866651Z GOROOT='/opt/hostedtoolcache/go/1.26.8/x64'
2026-10-02T08:55:26.8866900Z GOSUMDB='sum.golang.org'
2026-10-02T08:55:26.8867094Z GOTELEMETRY='local'
2026-10-02T08:55:26.8867314Z GOTELEMETRYDIR='/home/runner/.config/go/telemetry'
2026-10-02T08:55:26.8867761Z GOTMPDIR=''
2026-10-02T08:55:26.8867944Z GOTOOLCHAIN='auto'
2026-10-02T08:55:26.8868225Z GOTOOLDIR='/opt/hostedtoolcache/go/1.26.8/x64/pkg/tool/linux_amd64'
2026-10-02T08:55:26.8868510Z GOVCS=''
2026-10-02T08:55:26.8868681Z GOVERSION='go1.26.8'
2026-10-02T08:55:26.8868864Z GOWORK=''
2026-10-02T08:55:26.8869046Z PKG_CONFIG='pkg-config'
2026-10-02T08:55:26.8869175Z 
2026-10-02T08:55:26.8869546Z ##[endgroup]
2026-10-02T08:55:26.8961910Z ##[group]Run python -m pip install "psutil>=7.2,<8"
2026-10-02T08:55:26.8962293Z [36;1mpython -m pip install "psutil>=7.2,<8"[0m
2026-10-02T08:55:26.9218677Z shell: /usr/bin/bash -e {0}
2026-10-02T08:55:26.9218908Z env:
2026-10-02T08:55:26.9219144Z   pythonLocation: /opt/hostedtoolcache/Python/3.11.16/x64
2026-10-02T08:55:26.9219484Z   PKG_CONFIG_PATH: /opt/hostedtoolcache/Python/3.11.16/x64/lib/pkgconfig
2026-10-02T08:55:26.9219819Z   Python_ROOT_DIR: /opt/hostedtoolcache/Python/3.11.16/x64
2026-10-02T08:55:26.9220123Z   Python2_ROOT_DIR: /opt/hostedtoolcache/Python/3.11.16/x64
2026-10-02T08:55:26.9220432Z   Python3_ROOT_DIR: /opt/hostedtoolcache/Python/3.11.16/x64
2026-10-02T08:55:26.9220875Z   LD_LIBRARY_PATH: /opt/hostedtoolcache/Python/3.11.16/x64/lib
2026-10-02T08:55:26.9221140Z ##[endgroup]
2026-10-02T08:55:28.3933829Z Collecting psutil<8,>=7.2
2026-10-02T08:55:28.4667337Z   Downloading psutil-7.2.2-cp36-abi3-manylinux2010_x86_64.manylinux_2_12_x86_64.manylinux_2_28_x86_64.whl.metadata (22 kB)
2026-10-02T08:55:28.4874844Z Downloading psutil-7.2.2-cp36-abi3-manylinux2010_x86_64.manylinux_2_12_x86_64.manylinux_2_28_x86_64.whl (155 kB)
2026-10-02T08:55:28.5446389Z Installing collected packages: psutil
2026-10-02T08:55:28.5880895Z Successfully installed psutil-7.2.2
2026-10-02T08:55:28.6389098Z ##[group]Run python scripts/run_quality_gate.py --profile hotspot-controls --output output/quality-hotspot-controls
2026-10-02T08:55:28.6389760Z [36;1mpython scripts/run_quality_gate.py --profile hotspot-controls --output output/quality-hotspot-controls[0m
2026-10-02T08:55:28.6425313Z shell: /usr/bin/bash -e {0}
2026-10-02T08:55:28.6425537Z env:
2026-10-02T08:55:28.6425784Z   pythonLocation: /opt/hostedtoolcache/Python/3.11.16/x64
2026-10-02T08:55:28.6426354Z   PKG_CONFIG_PATH: /opt/hostedtoolcache/Python/3.11.16/x64/lib/pkgconfig
2026-10-02T08:55:28.6426705Z   Python_ROOT_DIR: /opt/hostedtoolcache/Python/3.11.16/x64
2026-10-02T08:55:28.6427005Z   Python2_ROOT_DIR: /opt/hostedtoolcache/Python/3.11.16/x64
2026-10-02T08:55:28.6427303Z   Python3_ROOT_DIR: /opt/hostedtoolcache/Python/3.11.16/x64
2026-10-02T08:55:28.6427603Z   LD_LIBRARY_PATH: /opt/hostedtoolcache/Python/3.11.16/x64/lib
2026-10-02T08:55:28.6427862Z ##[endgroup]
2026-10-02T08:55:29.4120465Z [quality] hotspot-controls: RUNNING
2026-10-02T08:56:21.8011431Z [quality] hotspot-controls: PASSED
2026-10-02T08:56:21.8360194Z [quality] PASSED: /home/runner/work/mini-drop/mini-drop/output/quality-hotspot-controls/report.html
2026-10-02T08:56:21.8460980Z ##[group]Run go test -race -count=1 ./...
2026-10-02T08:56:21.8461273Z [36;1mgo test -race -count=1 ./...[0m
2026-10-02T08:56:21.8496860Z shell: /usr/bin/bash -e {0}
2026-10-02T08:56:21.8497105Z env:
2026-10-02T08:56:21.8497340Z   pythonLocation: /opt/hostedtoolcache/Python/3.11.16/x64
2026-10-02T08:56:21.8497691Z   PKG_CONFIG_PATH: /opt/hostedtoolcache/Python/3.11.16/x64/lib/pkgconfig
2026-10-02T08:56:21.8498030Z   Python_ROOT_DIR: /opt/hostedtoolcache/Python/3.11.16/x64
2026-10-02T08:56:21.8498343Z   Python2_ROOT_DIR: /opt/hostedtoolcache/Python/3.11.16/x64
2026-10-02T08:56:21.8498661Z   Python3_ROOT_DIR: /opt/hostedtoolcache/Python/3.11.16/x64
2026-10-02T08:56:21.8498965Z   LD_LIBRARY_PATH: /opt/hostedtoolcache/Python/3.11.16/x64/lib
2026-10-02T08:56:21.8499224Z ##[endgroup]
2026-10-02T08:56:39.4345845Z ok  	mini-drop/demo/go-hotspot	1.011s
2026-10-02T08:56:39.4734168Z ##[group]Run docker build -t mini-drop-go-hotspot:ci demo/go-hotspot
2026-10-02T08:56:39.4734585Z [36;1mdocker build -t mini-drop-go-hotspot:ci demo/go-hotspot[0m
2026-10-02T08:56:39.4773527Z shell: /usr/bin/bash -e {0}
2026-10-02T08:56:39.4773759Z env:
2026-10-02T08:56:39.4773990Z   pythonLocation: /opt/hostedtoolcache/Python/3.11.16/x64
2026-10-02T08:56:39.4774368Z   PKG_CONFIG_PATH: /opt/hostedtoolcache/Python/3.11.16/x64/lib/pkgconfig
2026-10-02T08:56:39.4774705Z   Python_ROOT_DIR: /opt/hostedtoolcache/Python/3.11.16/x64
2026-10-02T08:56:39.4775021Z   Python2_ROOT_DIR: /opt/hostedtoolcache/Python/3.11.16/x64
2026-10-02T08:56:39.4775323Z   Python3_ROOT_DIR: /opt/hostedtoolcache/Python/3.11.16/x64
2026-10-02T08:56:39.4775629Z   LD_LIBRARY_PATH: /opt/hostedtoolcache/Python/3.11.16/x64/lib
2026-10-02T08:56:39.4775895Z ##[endgroup]
2026-10-02T08:56:39.7887763Z #0 building with "default" instance using docker driver
2026-10-02T08:56:39.7890021Z 
2026-10-02T08:56:39.7890358Z #1 [internal] load build definition from Dockerfile
2026-10-02T08:56:39.7890752Z #1 transferring dockerfile: 318B done
2026-10-02T08:56:39.7891145Z #1 DONE 0.0s
2026-10-02T08:56:39.7891305Z 
2026-10-02T08:56:39.7891508Z #2 [auth] library/golang:pull token for registry-1.docker.io
2026-10-02T08:56:39.9396871Z #2 DONE 0.0s
2026-10-02T08:56:39.9397431Z 
2026-10-02T08:56:39.9397829Z #3 [auth] library/alpine:pull token for registry-1.docker.io
2026-10-02T08:56:39.9398258Z #3 DONE 0.0s
2026-10-02T08:56:39.9398370Z 
2026-10-02T08:56:39.9398586Z #4 [internal] load metadata for docker.io/library/golang:1.26.8-alpine
2026-10-02T08:56:40.2625684Z #4 DONE 0.6s
2026-10-02T08:56:40.2625871Z 
2026-10-02T08:56:40.2626204Z #5 [internal] load metadata for docker.io/library/alpine:3.24.1
2026-10-02T08:56:40.3985213Z #5 DONE 0.6s
2026-10-02T08:56:40.3985434Z 
2026-10-02T08:56:40.3985556Z #6 [internal] load .dockerignore
2026-10-02T08:56:40.3987671Z #6 transferring context: 2B done
2026-10-02T08:56:40.3987978Z #6 DONE 0.0s
2026-10-02T08:56:40.3988123Z 
2026-10-02T08:56:40.3988212Z #7 [internal] load build context
2026-10-02T08:56:40.3988437Z #7 transferring context: 13.69kB done
2026-10-02T08:56:40.3988652Z #7 DONE 0.0s
2026-10-02T08:56:40.3988752Z 
2026-10-02T08:56:40.3989115Z #8 [build 1/4] FROM docker.io/library/golang:1.26.8-alpine@sha256:8ac98ca534ac3f51e1f420a1dd2c15e74c75cfa0f23f3ad27eb5d7236c349a0c
2026-10-02T08:56:40.3989834Z #8 resolve docker.io/library/golang:1.26.8-alpine@sha256:8ac98ca534ac3f51e1f420a1dd2c15e74c75cfa0f23f3ad27eb5d7236c349a0c done
2026-10-02T08:56:40.3990441Z #8 sha256:8ac98ca534ac3f51e1f420a1dd2c15e74c75cfa0f23f3ad27eb5d7236c349a0c 10.29kB / 10.29kB done
2026-10-02T08:56:40.3991913Z #8 sha256:66f9a494af2b76ecb3eab75ff47166df61caec6d200c59d556b77327493d83a8 1.92kB / 1.92kB done
2026-10-02T08:56:40.3993028Z #8 sha256:c5fe2bbc8331458475b45686d82e0c28b1161addfe33f1ebac0a715a29587701 2.19kB / 2.19kB done
2026-10-02T08:56:40.3993571Z #8 sha256:e2de96513ba9eb53b431787ec8a65cdde380ac4772a3e4c4b714dcfde2a102b5 1.05MB / 3.85MB 0.1s
2026-10-02T08:56:40.3994165Z #8 sha256:4009a0783f338ed55a73885b00ecad4c761c55b29337bc83f4ba5893b456a80c 0B / 247.52kB 0.1s
2026-10-02T08:56:40.3994856Z #8 sha256:2cb3e687d353c47479f7eb82d6cc1b230f1d252bfefaddbeec9d3de57edf5d49 0B / 67.31MB 0.1s
2026-10-02T08:56:40.5015328Z #8 sha256:e2de96513ba9eb53b431787ec8a65cdde380ac4772a3e4c4b714dcfde2a102b5 3.85MB / 3.85MB 0.1s done
2026-10-02T08:56:40.5017981Z #8 sha256:4009a0783f338ed55a73885b00ecad4c761c55b29337bc83f4ba5893b456a80c 247.52kB / 247.52kB 0.1s done
2026-10-02T08:56:40.5021005Z #8 sha256:2cb3e687d353c47479f7eb82d6cc1b230f1d252bfefaddbeec9d3de57edf5d49 31.46MB / 67.31MB 0.2s
2026-10-02T08:56:40.5023100Z #8 extracting sha256:e2de96513ba9eb53b431787ec8a65cdde380ac4772a3e4c4b714dcfde2a102b5
2026-10-02T08:56:40.5024178Z #8 sha256:68ed9cc945387f62e6993f95484c65db531f4a4c6c076363d90fd1d575e36633 126B / 126B 0.2s done
2026-10-02T08:56:40.5025168Z #8 sha256:4f4fb700ef54461cfa02571ae0db9a0dc1e0cdb5577484a6d75e68dc38e8acc1 32B / 32B 0.2s done
2026-10-02T08:56:40.6018625Z #8 sha256:2cb3e687d353c47479f7eb82d6cc1b230f1d252bfefaddbeec9d3de57edf5d49 67.31MB / 67.31MB 0.3s
2026-10-02T08:56:40.6019263Z #8 extracting sha256:e2de96513ba9eb53b431787ec8a65cdde380ac4772a3e4c4b714dcfde2a102b5 0.1s done
2026-10-02T08:56:40.6019812Z #8 extracting sha256:4009a0783f338ed55a73885b00ecad4c761c55b29337bc83f4ba5893b456a80c 0.0s done
2026-10-02T08:56:41.3492593Z #8 sha256:2cb3e687d353c47479f7eb82d6cc1b230f1d252bfefaddbeec9d3de57edf5d49 67.31MB / 67.31MB 0.8s done
2026-10-02T08:56:41.4101743Z #8 ...
2026-10-02T08:56:41.4101935Z 
2026-10-02T08:56:41.4102446Z #9 [stage-1 1/2] FROM docker.io/library/alpine:3.24.1@sha256:28bd5fe8b56d1bd048e5babf5b10710ebe0bae67db86916198a6eec434943f8b
2026-10-02T08:56:41.4103607Z #9 resolve docker.io/library/alpine:3.24.1@sha256:28bd5fe8b56d1bd048e5babf5b10710ebe0bae67db86916198a6eec434943f8b done
2026-10-02T08:56:41.4104350Z #9 sha256:79ff19e9084a00eece421b2523fb93e22d730e2c0e525905de047e848e56d95f 1.02kB / 1.02kB done
2026-10-02T08:56:41.4105021Z #9 sha256:d529dd0c6e5597ac7e4a3e2dea65c3fcc6173f4cae713c409265c1dd9914a11b 611B / 611B done
2026-10-02T08:56:41.4105588Z #9 sha256:28bd5fe8b56d1bd048e5babf5b10710ebe0bae67db86916198a6eec434943f8b 9.22kB / 9.22kB done
2026-10-02T08:56:41.4106316Z #9 sha256:55afa1ecc21d2bb5e5045f32dafee56272ffd89860bac26f6c32123439af26a4 3.85MB / 3.85MB 0.5s done
2026-10-02T08:56:41.4107309Z #9 extracting sha256:55afa1ecc21d2bb5e5045f32dafee56272ffd89860bac26f6c32123439af26a4 0.2s done
2026-10-02T08:56:41.4107691Z #9 DONE 1.1s
2026-10-02T08:56:41.5605276Z 
2026-10-02T08:56:41.5606520Z #8 [build 1/4] FROM docker.io/library/golang:1.26.8-alpine@sha256:8ac98ca534ac3f51e1f420a1dd2c15e74c75cfa0f23f3ad27eb5d7236c349a0c
2026-10-02T08:56:41.9236851Z #8 extracting sha256:2cb3e687d353c47479f7eb82d6cc1b230f1d252bfefaddbeec9d3de57edf5d49
2026-10-02T08:56:44.7261090Z #8 extracting sha256:2cb3e687d353c47479f7eb82d6cc1b230f1d252bfefaddbeec9d3de57edf5d49 2.8s done
2026-10-02T08:56:46.4049779Z #8 extracting sha256:68ed9cc945387f62e6993f95484c65db531f4a4c6c076363d90fd1d575e36633
2026-10-02T08:56:46.5973639Z #8 extracting sha256:68ed9cc945387f62e6993f95484c65db531f4a4c6c076363d90fd1d575e36633 done
2026-10-02T08:56:46.5974916Z #8 extracting sha256:4f4fb700ef54461cfa02571ae0db9a0dc1e0cdb5577484a6d75e68dc38e8acc1 done
2026-10-02T08:56:46.5976428Z #8 DONE 6.1s
2026-10-02T08:56:46.5976776Z 
2026-10-02T08:56:46.5977173Z #10 [build 2/4] WORKDIR /src
2026-10-02T08:56:46.5977602Z #10 DONE 0.0s
2026-10-02T08:56:46.5977992Z 
2026-10-02T08:56:46.5978281Z #11 [build 3/4] COPY go.mod main.go ./
2026-10-02T08:56:46.5978875Z #11 DONE 0.0s
2026-10-02T08:56:46.5979123Z 
2026-10-02T08:56:46.5979694Z #12 [build 4/4] RUN CGO_ENABLED=0 go build -trimpath -ldflags="-s -w" -o /out/go-hotspot .
2026-10-02T08:56:56.9270666Z #12 DONE 10.5s
2026-10-02T08:56:57.0232061Z 
2026-10-02T08:56:57.0233044Z #13 [stage-1 2/2] COPY --from=build /out/go-hotspot /usr/local/bin/go-hotspot
2026-10-02T08:56:57.0233570Z #13 DONE 0.0s
2026-10-02T08:56:57.0233728Z 
2026-10-02T08:56:57.0233894Z #14 exporting to image
2026-10-02T08:56:57.0234242Z #14 exporting layers 0.0s done
2026-10-02T08:56:57.0234796Z #14 writing image sha256:2765e5e94f64199abfe7a52e51b7347d7ec7b92684aeca705bdaf196a29989d9 done
2026-10-02T08:56:57.0235255Z #14 naming to docker.io/library/mini-drop-go-hotspot:ci done
2026-10-02T08:56:57.0235605Z #14 DONE 0.0s
2026-10-02T08:56:57.0337634Z ##[group]Run python scripts/verify_go_io_window.py --image mini-drop-go-hotspot:ci --output output/quality-hotspot-controls/go-io-window
2026-10-02T08:56:57.0338410Z [36;1mpython scripts/verify_go_io_window.py --image mini-drop-go-hotspot:ci --output output/quality-hotspot-controls/go-io-window[0m
2026-10-02T08:56:57.0374669Z shell: /usr/bin/bash -e {0}
2026-10-02T08:56:57.0374928Z env:
2026-10-02T08:56:57.0375241Z   pythonLocation: /opt/hostedtoolcache/Python/3.11.16/x64
2026-10-02T08:56:57.0375822Z   PKG_CONFIG_PATH: /opt/hostedtoolcache/Python/3.11.16/x64/lib/pkgconfig
2026-10-02T08:56:57.0376399Z   Python_ROOT_DIR: /opt/hostedtoolcache/Python/3.11.16/x64
2026-10-02T08:56:57.0376778Z   Python2_ROOT_DIR: /opt/hostedtoolcache/Python/3.11.16/x64
2026-10-02T08:56:57.0377140Z   Python3_ROOT_DIR: /opt/hostedtoolcache/Python/3.11.16/x64
2026-10-02T08:56:57.0377514Z   LD_LIBRARY_PATH: /opt/hostedtoolcache/Python/3.11.16/x64/lib
2026-10-02T08:56:57.0377834Z ##[endgroup]
2026-10-02T08:57:11.9510581Z {"passed": true, "cleanup": true, "operations": 717}
2026-10-02T08:57:11.9648103Z ##[group]Run actions/upload-artifact@v4
2026-10-02T08:57:11.9648359Z with:
2026-10-02T08:57:11.9648626Z   name: hotspot-controls-f1e5b2106d50c06758d2b23066ab010d6f16d5de-1
2026-10-02T08:57:11.9648961Z   path: output/quality-hotspot-controls/
2026-10-02T08:57:11.9649215Z   if-no-files-found: error
2026-10-02T08:57:11.9649542Z   retention-days: 14
2026-10-02T08:57:11.9649728Z   compression-level: 6
2026-10-02T08:57:11.9649914Z   overwrite: false
2026-10-02T08:57:11.9650099Z   include-hidden-files: false
2026-10-02T08:57:11.9650384Z env:
2026-10-02T08:57:11.9650616Z   pythonLocation: /opt/hostedtoolcache/Python/3.11.16/x64
2026-10-02T08:57:11.9650957Z   PKG_CONFIG_PATH: /opt/hostedtoolcache/Python/3.11.16/x64/lib/pkgconfig
2026-10-02T08:57:11.9651300Z   Python_ROOT_DIR: /opt/hostedtoolcache/Python/3.11.16/x64
2026-10-02T08:57:11.9651736Z   Python2_ROOT_DIR: /opt/hostedtoolcache/Python/3.11.16/x64
2026-10-02T08:57:11.9652232Z   Python3_ROOT_DIR: /opt/hostedtoolcache/Python/3.11.16/x64
2026-10-02T08:57:11.9652605Z   LD_LIBRARY_PATH: /opt/hostedtoolcache/Python/3.11.16/x64/lib
2026-10-02T08:57:11.9652884Z ##[endgroup]
2026-10-02T08:57:12.1200656Z (node:9011) [DEP0040] DeprecationWarning: The `punycode` module is deprecated. Please use a userland alternative instead.
2026-10-02T08:57:12.1201304Z (Use `node --trace-deprecation ...` to show where the warning was created)
2026-10-02T08:57:12.1293337Z With the provided path, there will be 19 files uploaded
2026-10-02T08:57:12.1298107Z Artifact name is valid!
2026-10-02T08:57:12.1298589Z Root directory input is valid!
2026-10-02T08:57:12.4202535Z Beginning upload of artifact content to blob storage
2026-10-02T08:57:12.7719021Z (node:9011) [DEP0169] DeprecationWarning: `url.parse()` behavior is not standardized and prone to errors that have security implications. Use the WHATWG URL API instead. CVEs are not issued for `url.parse()` vulnerabilities.
2026-10-02T08:57:13.2242300Z Uploaded bytes 5756086
2026-10-02T08:57:13.2678822Z Finished uploading artifact content to blob storage!
2026-10-02T08:57:13.2680066Z SHA256 digest of uploaded artifact zip is c132160f0a08be6b9fae84cfabb2ded0e0f12d0ca96c6e23880183a16ba9f85a
2026-10-02T08:57:13.2680860Z Finalizing artifact upload
2026-10-02T08:57:13.4941225Z Artifact hotspot-controls-f1e5b2106d50c06758d2b23066ab010d6f16d5de-1.zip successfully finalized. Artifact ID 11217238092
2026-10-02T08:57:13.4943037Z Artifact hotspot-controls-f1e5b2106d50c06758d2b23066ab010d6f16d5de-1 has been successfully uploaded! Final size is 5756086 bytes. Artifact ID is 11217238092
2026-10-02T08:57:13.4947846Z Artifact download URL: https://github.com/llongwang751-arch/mini-drop/actions/runs/36986787573/artifacts/11217238092
2026-10-02T08:57:13.5088885Z Post job cleanup.
2026-10-02T08:57:13.6122756Z (node:9025) [DEP0040] DeprecationWarning: The `punycode` module is deprecated. Please use a userland alternative instead.
2026-10-02T08:57:13.6123727Z (Use `node --trace-deprecation ...` to show where the warning was created)
2026-10-02T08:57:13.6183456Z [command]/opt/hostedtoolcache/go/1.26.8/x64/bin/go env GOMODCACHE
2026-10-02T08:57:13.6217329Z [command]/opt/hostedtoolcache/go/1.26.8/x64/bin/go env GOCACHE
2026-10-02T08:57:13.6267269Z /home/runner/go/pkg/mod
2026-10-02T08:57:13.6273358Z /home/runner/.cache/go-build
2026-10-02T08:57:13.6275070Z [warning]Cache folder path is retrieved but doesn't exist on disk: /home/runner/go/pkg/mod
2026-10-02T08:57:13.6276056Z Primary key was not generated. Please check the log messages above for more errors or information
2026-10-02T08:57:13.6386534Z Post job cleanup.
2026-10-02T08:57:13.7548285Z (node:9047) [DEP0040] DeprecationWarning: The `punycode` module is deprecated. Please use a userland alternative instead.
2026-10-02T08:57:13.7549462Z (Use `node --trace-deprecation ...` to show where the warning was created)
2026-10-02T08:57:13.7732664Z Post job cleanup.
2026-10-02T08:57:13.8495901Z [command]/usr/bin/git version
2026-10-02T08:57:13.8516533Z git version 2.55.0
2026-10-02T08:57:13.8545199Z Temporarily overriding HOME='/home/runner/work/_temp/d04b9aab-9242-42d8-97c9-41129697f3c5' before making global git config changes
2026-10-02T08:57:13.8546797Z Adding repository directory to the temporary git global config as a safe directory
2026-10-02T08:57:13.8548992Z [command]/usr/bin/git config --global --add safe.directory /home/runner/work/mini-drop/mini-drop
2026-10-02T08:57:13.8580734Z [command]/usr/bin/git config --local --name-only --get-regexp core\.sshCommand
2026-10-02T08:57:13.8609983Z [command]/usr/bin/git submodule foreach --recursive sh -c "git config --local --name-only --get-regexp 'core\.sshCommand' && git config --local --unset-all 'core.sshCommand' || :"
2026-10-02T08:57:13.8804327Z [command]/usr/bin/git config --local --name-only --get-regexp http\.https\:\/\/github\.com\/\.extraheader
2026-10-02T08:57:13.8823898Z http.https://github.com/.extraheader
2026-10-02T08:57:13.8832948Z [command]/usr/bin/git config --local --unset-all http.https://github.com/.extraheader
2026-10-02T08:57:13.8862499Z [command]/usr/bin/git submodule foreach --recursive sh -c "git config --local --name-only --get-regexp 'http\.https\:\/\/github\.com\/\.extraheader' && git config --local --unset-all 'http.https://github.com/.extraheader' || :"
2026-10-02T08:57:13.9061346Z [command]/usr/bin/git config --local --name-only --get-regexp ^includeIf\.gitdir:
2026-10-02T08:57:13.9087415Z [command]/usr/bin/git submodule foreach --recursive git config --local --show-origin --name-only --get-regexp remote.origin.url
2026-10-02T08:57:13.9409510Z Cleaning up orphan processes
2026-10-02T08:57:13.9672620Z ##[warning]Node.js 20 is deprecated. The following actions target Node.js 20 but are being forced to run on Node.js 24: actions/checkout@v4, actions/setup-go@v5, actions/setup-python@v5, actions/upload-artifact@v4. For more information see: https://github.blog/changelog/2025-09-19-deprecation-of-node-20-on-github-actions-runners/
