2026-10-02T08:55:15.7579965Z Current runner version: '2.337.0'
2026-10-02T08:55:15.7615107Z ##[group]Runner Image Provisioner
2026-10-02T08:55:15.7616496Z Hosted Compute Agent
2026-10-02T08:55:15.7617616Z Version: 20260901.588
2026-10-02T08:55:15.7619001Z Commit: f88ec8081b781fac6c440065ac7ff9e710ce3d0b
2026-10-02T08:55:15.7620313Z Build Date: 2026-09-01T19:56:44Z
2026-10-02T08:55:15.7621957Z Worker ID: {ea3d8733-a4d3-4196-aacf-dbbe1112fb21}
2026-10-02T08:55:15.7623289Z Azure Region: eastus2
2026-10-02T08:55:15.7624457Z ##[endgroup]
2026-10-02T08:55:15.7626753Z ##[group]Operating System
2026-10-02T08:55:15.7627854Z Ubuntu
2026-10-02T08:55:15.7629075Z 22.04.5
2026-10-02T08:55:15.7630127Z LTS
2026-10-02T08:55:15.7631612Z ##[endgroup]
2026-10-02T08:55:15.7632790Z ##[group]Runner Image
2026-10-02T08:55:15.7633887Z Image: ubuntu-22.04
2026-10-02T08:55:15.7635035Z Version: 20260927.309.1
2026-10-02T08:55:15.7637073Z Included Software: https://github.com/actions/runner-images/blob/ubuntu22/20260927.309/images/ubuntu/Ubuntu2204-Readme.md
2026-10-02T08:55:15.7640122Z Image Release: https://github.com/actions/runner-images/releases/tag/ubuntu22%2F20260927.309
2026-10-02T08:55:15.7642138Z ##[endgroup]
2026-10-02T08:55:15.7644223Z ##[group]GITHUB_TOKEN Permissions
2026-10-02T08:55:15.7647325Z Contents: read
2026-10-02T08:55:15.7648438Z Metadata: read
2026-10-02T08:55:15.7649494Z Packages: read
2026-10-02T08:55:15.7650571Z ##[endgroup]
2026-10-02T08:55:15.7653770Z Secret source: Actions
2026-10-02T08:55:15.7655522Z Cache mode: write
2026-10-02T08:55:15.7656651Z Prepare workflow directory
2026-10-02T08:55:15.8129596Z Prepare all required actions
2026-10-02T08:55:15.8199414Z Getting action download info
2026-10-02T08:55:16.0280402Z Download action repository 'actions/checkout@v4' (SHA:11d5960a326750d5838078e36cf38b85af677262)
2026-10-02T08:55:16.1597238Z Download action repository 'actions/upload-artifact@v4' (SHA:ea165f8d65b6e75b540449e92b4886f43607fa02)
2026-10-02T08:55:16.4411978Z Complete job name: Native (C++ control, build only)
2026-10-02T08:55:16.5208743Z ##[group]Run actions/checkout@v4
2026-10-02T08:55:16.5209618Z with:
2026-10-02T08:55:16.5210092Z   repository: llongwang751-arch/mini-drop
2026-10-02T08:55:16.5214378Z   token: ***
2026-10-02T08:55:16.5214815Z   ssh-strict: true
2026-10-02T08:55:16.5215256Z   ssh-user: git
2026-10-02T08:55:16.5215694Z   persist-credentials: true
2026-10-02T08:55:16.5216185Z   clean: true
2026-10-02T08:55:16.5216625Z   sparse-checkout-cone-mode: true
2026-10-02T08:55:16.5217145Z   fetch-depth: 1
2026-10-02T08:55:16.5217586Z   fetch-tags: false
2026-10-02T08:55:16.5218022Z   show-progress: true
2026-10-02T08:55:16.5218464Z   lfs: false
2026-10-02T08:55:16.5218872Z   submodules: false
2026-10-02T08:55:16.5219313Z   set-safe-directory: true
2026-10-02T08:55:16.5219813Z   allow-unsafe-pr-checkout: false
2026-10-02T08:55:16.5220593Z ##[endgroup]
2026-10-02T08:55:16.6273930Z Syncing repository: llongwang751-arch/mini-drop
2026-10-02T08:55:16.6276199Z ##[group]Getting Git version info
2026-10-02T08:55:16.6277428Z Working directory is '/home/runner/work/mini-drop/mini-drop'
2026-10-02T08:55:16.6278942Z [command]/usr/bin/git version
2026-10-02T08:55:16.6330693Z git version 2.55.0
2026-10-02T08:55:16.6362921Z ##[endgroup]
2026-10-02T08:55:16.6371476Z Temporarily overriding HOME='/home/runner/work/_temp/183567b3-8470-42a0-8623-bbea4bb61b1f' before making global git config changes
2026-10-02T08:55:16.6374048Z Adding repository directory to the temporary git global config as a safe directory
2026-10-02T08:55:16.6376179Z [command]/usr/bin/git config --global --add safe.directory /home/runner/work/mini-drop/mini-drop
2026-10-02T08:55:16.6419745Z Deleting the contents of '/home/runner/work/mini-drop/mini-drop'
2026-10-02T08:55:16.6425341Z ##[group]Initializing the repository
2026-10-02T08:55:16.6428775Z [command]/usr/bin/git init /home/runner/work/mini-drop/mini-drop
2026-10-02T08:55:16.6518050Z hint: Using 'master' as the name for the initial branch. This default branch name
2026-10-02T08:55:16.6519937Z hint: will change to "main" in Git 3.0. To configure the initial branch name
2026-10-02T08:55:16.6522492Z hint: to use in all of your new repositories, which will suppress this warning,
2026-10-02T08:55:16.6523967Z hint: call:
2026-10-02T08:55:16.6526718Z hint:
2026-10-02T08:55:16.6527901Z hint: 	git config --global init.defaultBranch <name>
2026-10-02T08:55:16.6529144Z hint:
2026-10-02T08:55:16.6531389Z hint: Names commonly chosen instead of 'master' are 'main', 'trunk' and
2026-10-02T08:55:16.6533579Z hint: 'development'. The just-created branch can be renamed via this command:
2026-10-02T08:55:16.6535018Z hint:
2026-10-02T08:55:16.6535883Z hint: 	git branch -m <name>
2026-10-02T08:55:16.6536899Z hint:
2026-10-02T08:55:16.6537844Z hint: Disable this message with "git config set advice.defaultBranchName false"
2026-10-02T08:55:16.6539847Z Initialized empty Git repository in /home/runner/work/mini-drop/mini-drop/.git/
2026-10-02T08:55:16.6543449Z [command]/usr/bin/git remote add origin https://github.com/llongwang751-arch/mini-drop
2026-10-02T08:55:16.6573584Z ##[endgroup]
2026-10-02T08:55:16.6575001Z ##[group]Disabling automatic garbage collection
2026-10-02T08:55:16.6578349Z [command]/usr/bin/git config --local gc.auto 0
2026-10-02T08:55:16.6617624Z ##[endgroup]
2026-10-02T08:55:16.6618663Z ##[group]Setting up auth
2026-10-02T08:55:16.6626282Z [command]/usr/bin/git config --local --name-only --get-regexp core\.sshCommand
2026-10-02T08:55:16.6664198Z [command]/usr/bin/git submodule foreach --recursive sh -c "git config --local --name-only --get-regexp 'core\.sshCommand' && git config --local --unset-all 'core.sshCommand' || :"
2026-10-02T08:55:16.7048888Z [command]/usr/bin/git config --local --name-only --get-regexp http\.https\:\/\/github\.com\/\.extraheader
2026-10-02T08:55:16.7092970Z [command]/usr/bin/git submodule foreach --recursive sh -c "git config --local --name-only --get-regexp 'http\.https\:\/\/github\.com\/\.extraheader' && git config --local --unset-all 'http.https://github.com/.extraheader' || :"
2026-10-02T08:55:16.7400683Z [command]/usr/bin/git config --local --name-only --get-regexp ^includeIf\.gitdir:
2026-10-02T08:55:16.7440232Z [command]/usr/bin/git submodule foreach --recursive git config --local --show-origin --name-only --get-regexp remote.origin.url
2026-10-02T08:55:16.7704409Z [command]/usr/bin/git config --local http.https://github.com/.extraheader AUTHORIZATION: basic ***
2026-10-02T08:55:16.7756340Z ##[endgroup]
2026-10-02T08:55:16.7757241Z ##[group]Fetching the repository
2026-10-02T08:55:16.7768942Z [command]/usr/bin/git -c protocol.version=2 fetch --no-tags --prune --no-recurse-submodules --depth=1 origin +f1e5b2106d50c06758d2b23066ab010d6f16d5de:refs/remotes/pull/1/merge
2026-10-02T08:55:23.7675135Z From https://github.com/llongwang751-arch/mini-drop
2026-10-02T08:55:23.7676321Z  * [new ref]         f1e5b2106d50c06758d2b23066ab010d6f16d5de -> pull/1/merge
2026-10-02T08:55:23.7679346Z ##[endgroup]
2026-10-02T08:55:23.7680180Z ##[group]Determining the checkout info
2026-10-02T08:55:23.7682367Z ##[endgroup]
2026-10-02T08:55:23.7687860Z [command]/usr/bin/git sparse-checkout disable
2026-10-02T08:55:23.7746858Z [command]/usr/bin/git config --local --unset-all extensions.worktreeConfig
2026-10-02T08:55:23.7782406Z ##[group]Checking out the ref
2026-10-02T08:55:23.7785656Z [command]/usr/bin/git checkout --progress --force refs/remotes/pull/1/merge
2026-10-02T08:55:24.7899275Z Updating files:  64% (2816/4368)
2026-10-02T08:55:24.7969389Z Updating files:  65% (2840/4368)
2026-10-02T08:55:24.8015682Z Updating files:  66% (2883/4368)
2026-10-02T08:55:24.8069831Z Updating files:  67% (2927/4368)
2026-10-02T08:55:24.8106848Z Updating files:  68% (2971/4368)
2026-10-02T08:55:24.8316541Z Updating files:  69% (3014/4368)
2026-10-02T08:55:24.8622216Z Updating files:  70% (3058/4368)
2026-10-02T08:55:24.8818585Z Updating files:  71% (3102/4368)
2026-10-02T08:55:24.8875416Z Updating files:  72% (3145/4368)
2026-10-02T08:55:24.8939536Z Updating files:  73% (3189/4368)
2026-10-02T08:55:24.9006516Z Updating files:  74% (3233/4368)
2026-10-02T08:55:24.9090122Z Updating files:  75% (3276/4368)
2026-10-02T08:55:24.9151092Z Updating files:  76% (3320/4368)
2026-10-02T08:55:24.9193581Z Updating files:  77% (3364/4368)
2026-10-02T08:55:24.9215735Z Updating files:  78% (3408/4368)
2026-10-02T08:55:24.9264865Z Updating files:  79% (3451/4368)
2026-10-02T08:55:24.9306746Z Updating files:  80% (3495/4368)
2026-10-02T08:55:24.9347719Z Updating files:  81% (3539/4368)
2026-10-02T08:55:24.9415079Z Updating files:  82% (3582/4368)
2026-10-02T08:55:24.9454802Z Updating files:  83% (3626/4368)
2026-10-02T08:55:24.9502787Z Updating files:  84% (3670/4368)
2026-10-02T08:55:24.9616693Z Updating files:  85% (3713/4368)
2026-10-02T08:55:24.9675684Z Updating files:  86% (3757/4368)
2026-10-02T08:55:24.9734575Z Updating files:  87% (3801/4368)
2026-10-02T08:55:24.9764925Z Updating files:  88% (3844/4368)
2026-10-02T08:55:24.9800605Z Updating files:  89% (3888/4368)
2026-10-02T08:55:24.9832249Z Updating files:  90% (3932/4368)
2026-10-02T08:55:24.9882269Z Updating files:  91% (3975/4368)
2026-10-02T08:55:24.9910207Z Updating files:  92% (4019/4368)
2026-10-02T08:55:24.9938991Z Updating files:  93% (4063/4368)
2026-10-02T08:55:24.9966979Z Updating files:  94% (4106/4368)
2026-10-02T08:55:25.0000342Z Updating files:  95% (4150/4368)
2026-10-02T08:55:25.0133716Z Updating files:  96% (4194/4368)
2026-10-02T08:55:25.0160675Z Updating files:  97% (4237/4368)
2026-10-02T08:55:25.0189319Z Updating files:  98% (4281/4368)
2026-10-02T08:55:25.0214345Z Updating files:  99% (4325/4368)
2026-10-02T08:55:25.0215008Z Updating files: 100% (4368/4368)
2026-10-02T08:55:25.0215613Z Updating files: 100% (4368/4368), done.
2026-10-02T08:55:25.0278260Z Note: switching to 'refs/remotes/pull/1/merge'.
2026-10-02T08:55:25.0279118Z 
2026-10-02T08:55:25.0279900Z You are in 'detached HEAD' state. You can look around, make experimental
2026-10-02T08:55:25.0281539Z changes and commit them, and you can discard any commits you make in this
2026-10-02T08:55:25.0282989Z state without impacting any branches by switching back to a branch.
2026-10-02T08:55:25.0283642Z 
2026-10-02T08:55:25.0284054Z If you want to create a new branch to retain commits you create, you may
2026-10-02T08:55:25.0285004Z do so (now or later) by using -c with the switch command. Example:
2026-10-02T08:55:25.0285537Z 
2026-10-02T08:55:25.0285814Z   git switch -c <new-branch-name>
2026-10-02T08:55:25.0286200Z 
2026-10-02T08:55:25.0286442Z Or undo this operation with:
2026-10-02T08:55:25.0286809Z 
2026-10-02T08:55:25.0287008Z   git switch -
2026-10-02T08:55:25.0287283Z 
2026-10-02T08:55:25.0287735Z Turn off this advice by setting config variable advice.detachedHead to false
2026-10-02T08:55:25.0288390Z 
2026-10-02T08:55:25.0289123Z HEAD is now at f1e5b21 Merge df0d3ef00a945e7d909f73868819799b2b7cc7f7 into 609ea8a73f845b496b59b5cae181f515c5919850
2026-10-02T08:55:25.0397301Z ##[endgroup]
2026-10-02T08:55:25.0450965Z [command]/usr/bin/git log -1 --format=%H
2026-10-02T08:55:25.0486419Z f1e5b2106d50c06758d2b23066ab010d6f16d5de
2026-10-02T08:55:25.0722996Z ##[group]Run sudo apt-get update
2026-10-02T08:55:25.0723367Z [36;1msudo apt-get update[0m
2026-10-02T08:55:25.0723714Z [36;1msudo apt-get install -y --no-install-recommends \[0m
2026-10-02T08:55:25.0724187Z [36;1m  build-essential cmake libgrpc++-dev libprotobuf-dev libpqxx-dev \[0m
2026-10-02T08:55:25.0724732Z [36;1m  nlohmann-json3-dev pkg-config protobuf-compiler protobuf-compiler-grpc[0m
2026-10-02T08:55:25.1052338Z shell: /usr/bin/bash -e {0}
2026-10-02T08:55:25.1052637Z ##[endgroup]
2026-10-02T08:55:25.2938296Z Get:1 file:/etc/apt/apt-mirrors.txt Mirrorlist [144 B]
2026-10-02T08:55:25.3389568Z Hit:2 http://azure.archive.ubuntu.com/ubuntu jammy InRelease
2026-10-02T08:55:25.3391065Z Get:6 https://packages.microsoft.com/ubuntu/22.04/prod jammy InRelease [3632 B]
2026-10-02T08:55:25.3464475Z Get:3 http://azure.archive.ubuntu.com/ubuntu jammy-updates InRelease [128 kB]
2026-10-02T08:55:25.3475633Z Get:4 http://azure.archive.ubuntu.com/ubuntu jammy-backports InRelease [127 kB]
2026-10-02T08:55:25.3477367Z Get:5 http://azure.archive.ubuntu.com/ubuntu jammy-security InRelease [129 kB]
2026-10-02T08:55:25.5426829Z Get:7 https://packages.microsoft.com/ubuntu/22.04/prod jammy/main arm64 Packages [550 kB]
2026-10-02T08:55:25.5638026Z Get:8 https://packages.microsoft.com/ubuntu/22.04/prod jammy/main amd64 Packages [792 kB]
2026-10-02T08:55:25.6305494Z Get:9 http://azure.archive.ubuntu.com/ubuntu jammy-updates/main amd64 Packages [3899 kB]
2026-10-02T08:55:25.6494313Z Get:10 http://azure.archive.ubuntu.com/ubuntu jammy-updates/main Translation-en [575 kB]
2026-10-02T08:55:25.6542433Z Get:11 http://azure.archive.ubuntu.com/ubuntu jammy-updates/restricted amd64 Packages [6701 kB]
2026-10-02T08:55:25.6870484Z Get:12 http://azure.archive.ubuntu.com/ubuntu jammy-updates/restricted Translation-en [1287 kB]
2026-10-02T08:55:25.6962831Z Get:13 http://azure.archive.ubuntu.com/ubuntu jammy-updates/universe amd64 Packages [1285 kB]
2026-10-02T08:55:25.7012645Z Get:14 http://azure.archive.ubuntu.com/ubuntu jammy-updates/universe Translation-en [325 kB]
2026-10-02T08:55:25.8514873Z Get:15 http://azure.archive.ubuntu.com/ubuntu jammy-security/main amd64 Packages [3598 kB]
2026-10-02T08:55:25.8695539Z Get:16 http://azure.archive.ubuntu.com/ubuntu jammy-security/main Translation-en [504 kB]
2026-10-02T08:55:25.8719347Z Get:17 http://azure.archive.ubuntu.com/ubuntu jammy-security/restricted amd64 Packages [6410 kB]
2026-10-02T08:55:25.9018022Z Get:18 http://azure.archive.ubuntu.com/ubuntu jammy-security/restricted Translation-en [1232 kB]
2026-10-02T08:55:25.9502223Z Get:19 http://azure.archive.ubuntu.com/ubuntu jammy-security/universe amd64 Packages [1052 kB]
2026-10-02T08:55:25.9549651Z Get:20 http://azure.archive.ubuntu.com/ubuntu jammy-security/universe Translation-en [236 kB]
2026-10-02T08:55:34.1597413Z Fetched 28.8 MB in 3s (8867 kB/s)
2026-10-02T08:55:35.4207884Z Reading package lists...
2026-10-02T08:55:35.4916633Z Reading package lists...
2026-10-02T08:55:35.7184341Z Building dependency tree...
2026-10-02T08:55:35.7211937Z Reading state information...
2026-10-02T08:55:35.8926930Z build-essential is already the newest version (12.9ubuntu3).
2026-10-02T08:55:35.8927997Z build-essential set to manually installed.
2026-10-02T08:55:35.8928687Z The following additional packages will be installed:
2026-10-02T08:55:35.8929644Z   cmake-data dh-elpa-helper libabsl20210324 libgrpc++1 libgrpc-dev libgrpc10
2026-10-02T08:55:35.8934565Z   libjsoncpp25 libpqxx-6.4 libprotobuf23 libprotoc23 librhash0
2026-10-02T08:55:35.8940251Z Suggested packages:
2026-10-02T08:55:35.8940866Z   cmake-doc ninja-build cmake-format libpqxx-doc protobuf-mode-el
2026-10-02T08:55:35.9181210Z The following packages will be REMOVED:
2026-10-02T08:55:35.9181996Z   pkgconf r-base-dev
2026-10-02T08:55:35.9182565Z The following NEW packages will be installed:
2026-10-02T08:55:35.9192701Z   cmake cmake-data dh-elpa-helper libabsl20210324 libgrpc++-dev libgrpc++1
2026-10-02T08:55:35.9194070Z   libgrpc-dev libgrpc10 libjsoncpp25 libpqxx-6.4 libpqxx-dev libprotobuf-dev
2026-10-02T08:55:35.9194993Z   libprotobuf23 libprotoc23 librhash0 nlohmann-json3-dev pkg-config
2026-10-02T08:55:35.9195682Z   protobuf-compiler protobuf-compiler-grpc
2026-10-02T08:55:35.9374412Z 0 upgraded, 19 newly installed, 2 to remove and 20 not upgraded.
2026-10-02T08:55:35.9375006Z Need to get 14.7 MB of archives.
2026-10-02T08:55:35.9375368Z After this operation, 81.5 MB of additional disk space will be used.
2026-10-02T08:55:35.9375795Z Get:1 file:/etc/apt/apt-mirrors.txt Mirrorlist [144 B]
2026-10-02T08:55:36.1562591Z Get:2 http://azure.archive.ubuntu.com/ubuntu jammy/main amd64 pkg-config amd64 0.29.2-1ubuntu3 [48.2 kB]
2026-10-02T08:55:36.2735475Z Get:3 http://azure.archive.ubuntu.com/ubuntu jammy/main amd64 libjsoncpp25 amd64 1.9.5-3 [80.0 kB]
2026-10-02T08:55:36.3833596Z Get:4 http://azure.archive.ubuntu.com/ubuntu jammy/main amd64 librhash0 amd64 1.4.2-1ubuntu1 [125 kB]
2026-10-02T08:55:36.4927028Z Get:5 http://azure.archive.ubuntu.com/ubuntu jammy/main amd64 dh-elpa-helper all 2.0.9ubuntu1 [7610 B]
2026-10-02T08:55:36.6003651Z Get:6 http://azure.archive.ubuntu.com/ubuntu jammy-updates/main amd64 cmake-data all 3.22.1-1ubuntu1.22.04.2 [1913 kB]
2026-10-02T08:55:36.7525353Z Get:7 http://azure.archive.ubuntu.com/ubuntu jammy-updates/main amd64 cmake amd64 3.22.1-1ubuntu1.22.04.2 [5010 kB]
2026-10-02T08:55:37.0099834Z Get:8 http://azure.archive.ubuntu.com/ubuntu jammy-updates/main amd64 libabsl20210324 amd64 0~20210324.2-2ubuntu0.3 [386 kB]
2026-10-02T08:55:37.1278486Z Get:9 http://azure.archive.ubuntu.com/ubuntu jammy/universe amd64 libgrpc10 amd64 1.30.2-3build6 [1470 kB]
2026-10-02T08:55:37.2580254Z Get:10 http://azure.archive.ubuntu.com/ubuntu jammy-updates/main amd64 libprotobuf23 amd64 3.12.4-1ubuntu7.22.04.6 [877 kB]
2026-10-02T08:55:37.4208569Z Get:11 http://azure.archive.ubuntu.com/ubuntu jammy/universe amd64 libgrpc++1 amd64 1.30.2-3build6 [402 kB]
2026-10-02T08:55:37.5398389Z Get:12 http://azure.archive.ubuntu.com/ubuntu jammy/universe amd64 libgrpc-dev amd64 1.30.2-3build6 [1066 kB]
2026-10-02T08:55:37.6653412Z Get:13 http://azure.archive.ubuntu.com/ubuntu jammy/universe amd64 libgrpc++-dev amd64 1.30.2-3build6 [564 kB]
2026-10-02T08:55:37.7833428Z Get:14 http://azure.archive.ubuntu.com/ubuntu jammy/universe amd64 libpqxx-6.4 amd64 6.4.5-2build1 [155 kB]
2026-10-02T08:55:37.8980162Z Get:15 http://azure.archive.ubuntu.com/ubuntu jammy/universe amd64 libpqxx-dev amd64 6.4.5-2build1 [243 kB]
2026-10-02T08:55:38.0178776Z Get:16 http://azure.archive.ubuntu.com/ubuntu jammy-updates/main amd64 libprotoc23 amd64 3.12.4-1ubuntu7.22.04.6 [662 kB]
2026-10-02T08:55:38.1376278Z Get:17 http://azure.archive.ubuntu.com/ubuntu jammy/universe amd64 nlohmann-json3-dev all 3.10.5-2 [167 kB]
2026-10-02T08:55:38.2513238Z Get:18 http://azure.archive.ubuntu.com/ubuntu jammy-updates/universe amd64 protobuf-compiler amd64 3.12.4-1ubuntu7.22.04.6 [29.2 kB]
2026-10-02T08:55:38.3639036Z Get:19 http://azure.archive.ubuntu.com/ubuntu jammy/universe amd64 protobuf-compiler-grpc amd64 1.30.2-3build6 [185 kB]
2026-10-02T08:55:38.4779877Z Get:20 http://azure.archive.ubuntu.com/ubuntu jammy-updates/main amd64 libprotobuf-dev amd64 3.12.4-1ubuntu7.22.04.6 [1347 kB]
2026-10-02T08:55:38.8609770Z Fetched 14.7 MB in 3s (5727 kB/s)
2026-10-02T08:55:38.9420130Z (Reading database ... 
2026-10-02T08:55:38.9420407Z (Reading database ... 5%
2026-10-02T08:55:38.9420646Z (Reading database ... 10%
2026-10-02T08:55:38.9420875Z (Reading database ... 15%
2026-10-02T08:55:38.9421395Z (Reading database ... 20%
2026-10-02T08:55:38.9421824Z (Reading database ... 25%
2026-10-02T08:55:38.9422211Z (Reading database ... 30%
2026-10-02T08:55:38.9422594Z (Reading database ... 35%
2026-10-02T08:55:38.9422979Z (Reading database ... 40%
2026-10-02T08:55:38.9423357Z (Reading database ... 45%
2026-10-02T08:55:38.9423748Z (Reading database ... 50%
2026-10-02T08:55:39.2536722Z (Reading database ... 55%
2026-10-02T08:55:39.6754381Z (Reading database ... 60%
2026-10-02T08:55:39.9437956Z (Reading database ... 65%
2026-10-02T08:55:40.2781053Z (Reading database ... 70%
2026-10-02T08:55:40.7021936Z (Reading database ... 75%
2026-10-02T08:55:41.3387332Z (Reading database ... 80%
2026-10-02T08:55:41.9883811Z (Reading database ... 85%
2026-10-02T08:55:42.7449629Z (Reading database ... 90%
2026-10-02T08:55:43.6087095Z (Reading database ... 95%
2026-10-02T08:55:43.6087652Z (Reading database ... 100%
2026-10-02T08:55:43.6088366Z (Reading database ... 260410 files and directories currently installed.)
2026-10-02T08:55:43.6137145Z Removing r-base-dev (4.6.1-6.2204.0) ...
2026-10-02T08:55:43.6875702Z dpkg: pkgconf: dependency problems, but removing anyway as you requested:
2026-10-02T08:55:43.6876442Z  php8.1-dev depends on pkg-config; however:
2026-10-02T08:55:43.6876940Z   Package pkg-config is not installed.
2026-10-02T08:55:43.6877552Z   Package pkgconf which provides pkg-config is to be removed.
2026-10-02T08:55:43.6878172Z  mono-devel depends on pkg-config; however:
2026-10-02T08:55:43.6878696Z   Package pkg-config is not installed.
2026-10-02T08:55:43.6879292Z   Package pkgconf which provides pkg-config is to be removed.
2026-10-02T08:55:43.6880345Z  libmagickwand-6.q16-dev:amd64 depends on pkg-config; however:
2026-10-02T08:55:43.6880935Z   Package pkg-config is not installed.
2026-10-02T08:55:43.6881723Z   Package pkgconf which provides pkg-config is to be removed.
2026-10-02T08:55:43.6882404Z  libmagickcore-6.q16-dev:amd64 depends on pkg-config; however:
2026-10-02T08:55:43.6882991Z   Package pkg-config is not installed.
2026-10-02T08:55:43.6883540Z   Package pkgconf which provides pkg-config is to be removed.
2026-10-02T08:55:43.6884160Z  libglib2.0-dev:amd64 depends on pkg-config; however:
2026-10-02T08:55:43.6884694Z   Package pkg-config is not installed.
2026-10-02T08:55:43.6885234Z   Package pkgconf which provides pkg-config is to be removed.
2026-10-02T08:55:43.6885875Z  libfontconfig-dev:amd64 depends on pkg-config; however:
2026-10-02T08:55:43.6886424Z   Package pkg-config is not installed.
2026-10-02T08:55:43.6886970Z   Package pkgconf which provides pkg-config is to be removed.
2026-10-02T08:55:43.6887393Z 
2026-10-02T08:55:43.6933088Z Removing pkgconf (1.8.0-1) ...
2026-10-02T08:55:43.8486766Z Removing 'diversion of /usr/bin/pkg-config to /usr/bin/pkg-config.real by pkgconf'
2026-10-02T08:55:43.8623020Z Removing 'diversion of /usr/share/aclocal/pkg.m4 to /usr/share/aclocal/pkg.real.m4 by pkgconf'
2026-10-02T08:55:43.8757747Z Removing 'diversion of /usr/share/man/man1/pkg-config.1.gz to /usr/share/man/man1/pkg-config.real.1.gz by pkgconf'
2026-10-02T08:55:43.8892456Z Removing 'diversion of /usr/share/pkg-config-crosswrapper to /usr/share/pkg-config-crosswrapper.real by pkgconf'
2026-10-02T08:55:43.9554211Z Selecting previously unselected package pkg-config.
2026-10-02T08:55:43.9635303Z (Reading database ... 
2026-10-02T08:55:43.9635742Z (Reading database ... 5%
2026-10-02T08:55:43.9636164Z (Reading database ... 10%
2026-10-02T08:55:43.9636571Z (Reading database ... 15%
2026-10-02T08:55:43.9636957Z (Reading database ... 20%
2026-10-02T08:55:43.9637364Z (Reading database ... 25%
2026-10-02T08:55:43.9637759Z (Reading database ... 30%
2026-10-02T08:55:43.9638141Z (Reading database ... 35%
2026-10-02T08:55:43.9638532Z (Reading database ... 40%
2026-10-02T08:55:43.9638915Z (Reading database ... 45%
2026-10-02T08:55:43.9639295Z (Reading database ... 50%
2026-10-02T08:55:43.9668742Z (Reading database ... 55%
2026-10-02T08:55:43.9696912Z (Reading database ... 60%
2026-10-02T08:55:43.9720524Z (Reading database ... 65%
2026-10-02T08:55:43.9826313Z (Reading database ... 70%
2026-10-02T08:55:43.9863315Z (Reading database ... 75%
2026-10-02T08:55:43.9921726Z (Reading database ... 80%
2026-10-02T08:55:44.0249710Z (Reading database ... 85%
2026-10-02T08:55:44.0267958Z (Reading database ... 90%
2026-10-02T08:55:44.0568603Z (Reading database ... 95%
2026-10-02T08:55:44.0569030Z (Reading database ... 100%
2026-10-02T08:55:44.0569608Z (Reading database ... 260388 files and directories currently installed.)
2026-10-02T08:55:44.0614627Z Preparing to unpack .../00-pkg-config_0.29.2-1ubuntu3_amd64.deb ...
2026-10-02T08:55:44.0624601Z Unpacking pkg-config (0.29.2-1ubuntu3) ...
2026-10-02T08:55:44.0881719Z Selecting previously unselected package libjsoncpp25:amd64.
2026-10-02T08:55:44.1074847Z Preparing to unpack .../01-libjsoncpp25_1.9.5-3_amd64.deb ...
2026-10-02T08:55:44.1093106Z Unpacking libjsoncpp25:amd64 (1.9.5-3) ...
2026-10-02T08:55:44.1333362Z Selecting previously unselected package librhash0:amd64.
2026-10-02T08:55:44.1523518Z Preparing to unpack .../02-librhash0_1.4.2-1ubuntu1_amd64.deb ...
2026-10-02T08:55:44.1532180Z Unpacking librhash0:amd64 (1.4.2-1ubuntu1) ...
2026-10-02T08:55:44.1754700Z Selecting previously unselected package dh-elpa-helper.
2026-10-02T08:55:44.1948502Z Preparing to unpack .../03-dh-elpa-helper_2.0.9ubuntu1_all.deb ...
2026-10-02T08:55:44.1969428Z Unpacking dh-elpa-helper (2.0.9ubuntu1) ...
2026-10-02T08:55:44.2213133Z Selecting previously unselected package cmake-data.
2026-10-02T08:55:44.2404795Z Preparing to unpack .../04-cmake-data_3.22.1-1ubuntu1.22.04.2_all.deb ...
2026-10-02T08:55:44.2524632Z Unpacking cmake-data (3.22.1-1ubuntu1.22.04.2) ...
2026-10-02T08:55:44.8486044Z Selecting previously unselected package cmake.
2026-10-02T08:55:44.8695193Z Preparing to unpack .../05-cmake_3.22.1-1ubuntu1.22.04.2_amd64.deb ...
2026-10-02T08:55:44.8703309Z Unpacking cmake (3.22.1-1ubuntu1.22.04.2) ...
2026-10-02T08:55:44.9999126Z Selecting previously unselected package libabsl20210324:amd64.
2026-10-02T08:55:45.0201851Z Preparing to unpack .../06-libabsl20210324_0~20210324.2-2ubuntu0.3_amd64.deb ...
2026-10-02T08:55:45.0209294Z Unpacking libabsl20210324:amd64 (0~20210324.2-2ubuntu0.3) ...
2026-10-02T08:55:45.0634323Z Selecting previously unselected package libgrpc10:amd64.
2026-10-02T08:55:45.0835643Z Preparing to unpack .../07-libgrpc10_1.30.2-3build6_amd64.deb ...
2026-10-02T08:55:45.0843494Z Unpacking libgrpc10:amd64 (1.30.2-3build6) ...
2026-10-02T08:55:45.1312338Z Selecting previously unselected package libprotobuf23:amd64.
2026-10-02T08:55:45.1513730Z Preparing to unpack .../08-libprotobuf23_3.12.4-1ubuntu7.22.04.6_amd64.deb ...
2026-10-02T08:55:45.1522133Z Unpacking libprotobuf23:amd64 (3.12.4-1ubuntu7.22.04.6) ...
2026-10-02T08:55:45.1869811Z Selecting previously unselected package libgrpc++1:amd64.
2026-10-02T08:55:45.2068439Z Preparing to unpack .../09-libgrpc++1_1.30.2-3build6_amd64.deb ...
2026-10-02T08:55:45.2075187Z Unpacking libgrpc++1:amd64 (1.30.2-3build6) ...
2026-10-02T08:55:45.2375215Z Selecting previously unselected package libgrpc-dev:amd64.
2026-10-02T08:55:45.2572070Z Preparing to unpack .../10-libgrpc-dev_1.30.2-3build6_amd64.deb ...
2026-10-02T08:55:45.2578157Z Unpacking libgrpc-dev:amd64 (1.30.2-3build6) ...
2026-10-02T08:55:45.3400414Z Selecting previously unselected package libgrpc++-dev:amd64.
2026-10-02T08:55:45.3601763Z Preparing to unpack .../11-libgrpc++-dev_1.30.2-3build6_amd64.deb ...
2026-10-02T08:55:45.3607314Z Unpacking libgrpc++-dev:amd64 (1.30.2-3build6) ...
2026-10-02T08:55:45.4393183Z Selecting previously unselected package libpqxx-6.4.
2026-10-02T08:55:45.4595699Z Preparing to unpack .../12-libpqxx-6.4_6.4.5-2build1_amd64.deb ...
2026-10-02T08:55:45.4600785Z Unpacking libpqxx-6.4 (6.4.5-2build1) ...
2026-10-02T08:55:45.4922455Z Selecting previously unselected package libpqxx-dev.
2026-10-02T08:55:45.5123549Z Preparing to unpack .../13-libpqxx-dev_6.4.5-2build1_amd64.deb ...
2026-10-02T08:55:45.5129403Z Unpacking libpqxx-dev (6.4.5-2build1) ...
2026-10-02T08:55:45.5664472Z Selecting previously unselected package libprotoc23:amd64.
2026-10-02T08:55:45.5862458Z Preparing to unpack .../14-libprotoc23_3.12.4-1ubuntu7.22.04.6_amd64.deb ...
2026-10-02T08:55:45.5869537Z Unpacking libprotoc23:amd64 (3.12.4-1ubuntu7.22.04.6) ...
2026-10-02T08:55:45.6163093Z Selecting previously unselected package nlohmann-json3-dev.
2026-10-02T08:55:45.6362537Z Preparing to unpack .../15-nlohmann-json3-dev_3.10.5-2_all.deb ...
2026-10-02T08:55:45.6370131Z Unpacking nlohmann-json3-dev (3.10.5-2) ...
2026-10-02T08:55:45.7258354Z Selecting previously unselected package protobuf-compiler.
2026-10-02T08:55:45.7458932Z Preparing to unpack .../16-protobuf-compiler_3.12.4-1ubuntu7.22.04.6_amd64.deb ...
2026-10-02T08:55:45.7466241Z Unpacking protobuf-compiler (3.12.4-1ubuntu7.22.04.6) ...
2026-10-02T08:55:45.7720127Z Selecting previously unselected package protobuf-compiler-grpc.
2026-10-02T08:55:45.7918816Z Preparing to unpack .../17-protobuf-compiler-grpc_1.30.2-3build6_amd64.deb ...
2026-10-02T08:55:45.7925606Z Unpacking protobuf-compiler-grpc (1.30.2-3build6) ...
2026-10-02T08:55:45.8167767Z Selecting previously unselected package libprotobuf-dev:amd64.
2026-10-02T08:55:45.8363464Z Preparing to unpack .../18-libprotobuf-dev_3.12.4-1ubuntu7.22.04.6_amd64.deb ...
2026-10-02T08:55:45.8368859Z Unpacking libprotobuf-dev:amd64 (3.12.4-1ubuntu7.22.04.6) ...
2026-10-02T08:55:45.9369786Z Setting up libprotobuf23:amd64 (3.12.4-1ubuntu7.22.04.6) ...
2026-10-02T08:55:45.9389474Z Setting up libprotobuf-dev:amd64 (3.12.4-1ubuntu7.22.04.6) ...
2026-10-02T08:55:45.9410019Z Setting up dh-elpa-helper (2.0.9ubuntu1) ...
2026-10-02T08:55:45.9426221Z Setting up libprotoc23:amd64 (3.12.4-1ubuntu7.22.04.6) ...
2026-10-02T08:55:45.9442247Z Setting up libjsoncpp25:amd64 (1.9.5-3) ...
2026-10-02T08:55:45.9458690Z Setting up pkg-config (0.29.2-1ubuntu3) ...
2026-10-02T08:55:45.9802558Z Setting up libabsl20210324:amd64 (0~20210324.2-2ubuntu0.3) ...
2026-10-02T08:55:45.9819656Z Setting up libpqxx-6.4 (6.4.5-2build1) ...
2026-10-02T08:55:45.9836082Z Setting up librhash0:amd64 (1.4.2-1ubuntu1) ...
2026-10-02T08:55:45.9852231Z Setting up cmake-data (3.22.1-1ubuntu1.22.04.2) ...
2026-10-02T08:55:46.0466367Z Setting up nlohmann-json3-dev (3.10.5-2) ...
2026-10-02T08:55:46.0482715Z Setting up libpqxx-dev (6.4.5-2build1) ...
2026-10-02T08:55:46.0500843Z Setting up protobuf-compiler (3.12.4-1ubuntu7.22.04.6) ...
2026-10-02T08:55:46.0518260Z Setting up protobuf-compiler-grpc (1.30.2-3build6) ...
2026-10-02T08:55:46.0535486Z Setting up libgrpc10:amd64 (1.30.2-3build6) ...
2026-10-02T08:55:46.0553353Z Setting up cmake (3.22.1-1ubuntu1.22.04.2) ...
2026-10-02T08:55:46.0569888Z Setting up libgrpc++1:amd64 (1.30.2-3build6) ...
2026-10-02T08:55:46.0586331Z Setting up libgrpc-dev:amd64 (1.30.2-3build6) ...
2026-10-02T08:55:46.0602961Z Setting up libgrpc++-dev:amd64 (1.30.2-3build6) ...
2026-10-02T08:55:46.0624867Z Processing triggers for man-db (2.10.2-1) ...
2026-10-02T08:55:46.0645002Z Not building database; man-db/auto-update is not 'true'.
2026-10-02T08:55:46.0655249Z Processing triggers for libc-bin (2.35-0ubuntu3.15) ...
2026-10-02T08:55:47.2633624Z 
2026-10-02T08:55:47.2634324Z Running kernel seems to be up-to-date.
2026-10-02T08:55:47.2634816Z 
2026-10-02T08:55:47.2635030Z No services need to be restarted.
2026-10-02T08:55:47.2635416Z 
2026-10-02T08:55:47.2635628Z No containers need to be restarted.
2026-10-02T08:55:47.2636017Z 
2026-10-02T08:55:47.2642679Z No user sessions are running outdated binaries.
2026-10-02T08:55:47.2643081Z 
2026-10-02T08:55:47.2643453Z No VM guests are running outdated hypervisor (qemu) binaries on this host.
2026-10-02T08:55:48.8953654Z ##[group]Run cmake -S native/control -B /tmp/build-control -DCMAKE_BUILD_TYPE=Release
2026-10-02T08:55:48.8954294Z [36;1mcmake -S native/control -B /tmp/build-control -DCMAKE_BUILD_TYPE=Release[0m
2026-10-02T08:55:48.9026780Z shell: /usr/bin/bash -e {0}
2026-10-02T08:55:48.9027042Z ##[endgroup]
2026-10-02T08:55:50.3606822Z -- The CXX compiler identification is GNU 11.4.0
2026-10-02T08:55:50.4730315Z -- Detecting CXX compiler ABI info
2026-10-02T08:55:50.6769070Z -- Detecting CXX compiler ABI info - done
2026-10-02T08:55:50.6945690Z -- Check for working CXX compiler: /usr/bin/c++ - skipped
2026-10-02T08:55:50.7006076Z -- Detecting CXX compile features
2026-10-02T08:55:50.7015587Z -- Detecting CXX compile features - done
2026-10-02T08:55:50.7296376Z -- Found PkgConfig: /usr/bin/pkg-config (found version "0.29.2")
2026-10-02T08:55:50.7304620Z -- Checking for module 'grpc++'
2026-10-02T08:55:50.7402891Z --   Found grpc++, version 1.30.2
2026-10-02T08:55:50.7717350Z -- Checking for module 'protobuf'
2026-10-02T08:55:50.7811761Z --   Found protobuf, version 3.12.4
2026-10-02T08:55:50.8039238Z -- Checking for module 'libpqxx'
2026-10-02T08:55:50.8134014Z --   Found libpqxx, version 6.4.5
2026-10-02T08:55:50.8948090Z -- Found OpenSSL: /usr/lib/x86_64-linux-gnu/libcrypto.so (found version "3.0.2")
2026-10-02T08:55:50.8955014Z -- Configuring done (1.6s)
2026-10-02T08:55:50.9052786Z -- Generating done (0.0s)
2026-10-02T08:55:50.9056501Z -- Build files have been written to: /tmp/build-control
2026-10-02T08:55:50.9117505Z ##[group]Run cmake --build /tmp/build-control --parallel
2026-10-02T08:55:50.9117921Z [36;1mcmake --build /tmp/build-control --parallel[0m
2026-10-02T08:55:50.9188020Z shell: /usr/bin/bash -e {0}
2026-10-02T08:55:50.9188276Z ##[endgroup]
2026-10-02T08:55:50.9409232Z [  5%] Generating generated/common.pb.cc, generated/common.grpc.pb.cc, generated/errorcode.pb.cc, generated/errorcode.grpc.pb.cc, generated/taskkind.pb.cc, generated/taskkind.grpc.pb.cc, generated/hotmethod.pb.cc, generated/hotmethod.grpc.pb.cc, generated/healthcheck.pb.cc, generated/healthcheck.grpc.pb.cc, generated/init.pb.cc, generated/init.grpc.pb.cc, generated/control.pb.cc, generated/control.grpc.pb.cc
2026-10-02T08:55:50.9899980Z [ 11%] Building CXX object CMakeFiles/mini-drop-native-control.dir/src/main.cpp.o
2026-10-02T08:55:50.9903126Z [ 17%] Building CXX object CMakeFiles/mini-drop-native-control.dir/generated/common.pb.cc.o
2026-10-02T08:55:50.9906153Z [ 23%] Building CXX object CMakeFiles/mini-drop-native-control.dir/generated/common.grpc.pb.cc.o
2026-10-02T08:55:50.9927206Z [ 29%] Building CXX object CMakeFiles/mini-drop-native-control.dir/generated/errorcode.pb.cc.o
2026-10-02T08:55:50.9935784Z [ 35%] Building CXX object CMakeFiles/mini-drop-native-control.dir/generated/errorcode.grpc.pb.cc.o
2026-10-02T08:55:50.9953785Z [ 41%] Building CXX object CMakeFiles/mini-drop-native-control.dir/generated/taskkind.pb.cc.o
2026-10-02T08:55:51.0038989Z [ 47%] Building CXX object CMakeFiles/mini-drop-native-control.dir/generated/hotmethod.pb.cc.o
2026-10-02T08:55:51.0062482Z [ 52%] Building CXX object CMakeFiles/mini-drop-native-control.dir/generated/taskkind.grpc.pb.cc.o
2026-10-02T08:55:51.0100220Z [ 58%] Building CXX object CMakeFiles/mini-drop-native-control.dir/generated/hotmethod.grpc.pb.cc.o
2026-10-02T08:55:51.0102044Z [ 64%] Building CXX object CMakeFiles/mini-drop-native-control.dir/generated/healthcheck.pb.cc.o
2026-10-02T08:55:51.0119992Z [ 70%] Building CXX object CMakeFiles/mini-drop-native-control.dir/generated/healthcheck.grpc.pb.cc.o
2026-10-02T08:55:51.0222302Z [ 76%] Building CXX object CMakeFiles/mini-drop-native-control.dir/generated/init.pb.cc.o
2026-10-02T08:55:51.0240931Z [ 82%] Building CXX object CMakeFiles/mini-drop-native-control.dir/generated/control.pb.cc.o
2026-10-02T08:55:51.0272198Z [ 88%] Building CXX object CMakeFiles/mini-drop-native-control.dir/generated/control.grpc.pb.cc.o
2026-10-02T08:55:51.0297276Z [ 94%] Building CXX object CMakeFiles/mini-drop-native-control.dir/generated/init.grpc.pb.cc.o
2026-10-02T08:55:55.4112412Z In file included from /tmp/build-control/generated/hotmethod.grpc.pb.cc:5:
2026-10-02T08:55:55.4209162Z /tmp/build-control/generated/hotmethod.pb.h: In member function ‘mini_drop::RecordArgv* mini_drop::TaskDesc::release_sample_argv()’:
2026-10-02T08:55:55.4293382Z /tmp/build-control/generated/hotmethod.pb.h:3159:47: warning: ‘mini_drop::RecordArgv* mini_drop::TaskDesc::unsafe_arena_release_sample_argv()’ is deprecated [-Wdeprecated-declarations]
2026-10-02T08:55:55.4412123Z  3159 |   auto temp = unsafe_arena_release_sample_argv();
2026-10-02T08:55:55.4561975Z       |               ~~~~~~~~~~~~~~~~~~~~~~~~~~~~~~~~^~
2026-10-02T08:55:55.4642419Z /tmp/build-control/generated/hotmethod.pb.h:449:48: note: declared here
2026-10-02T08:55:55.4742247Z   449 |   PROTOBUF_DEPRECATED ::mini_drop::RecordArgv* unsafe_arena_release_sample_argv();
2026-10-02T08:55:55.4831989Z       |                                                ^~~~~~~~~~~~~~~~~~~~~~~~~~~~~~~~
2026-10-02T08:55:55.4922954Z /tmp/build-control/generated/hotmethod.pb.h: In member function ‘mini_drop::CosConfig* mini_drop::TaskDesc::release_cos_config()’:
2026-10-02T08:55:55.4973475Z /tmp/build-control/generated/hotmethod.pb.h:3355:46: warning: ‘mini_drop::CosConfig* mini_drop::TaskDesc::unsafe_arena_release_cos_config()’ is deprecated [-Wdeprecated-declarations]
2026-10-02T08:55:55.5071987Z  3355 |   auto temp = unsafe_arena_release_cos_config();
2026-10-02T08:55:55.5192369Z       |               ~~~~~~~~~~~~~~~~~~~~~~~~~~~~~~~^~
2026-10-02T08:55:55.5261960Z /tmp/build-control/generated/hotmethod.pb.h:467:47: note: declared here
2026-10-02T08:55:55.5352267Z   467 |   PROTOBUF_DEPRECATED ::mini_drop::CosConfig* unsafe_arena_release_cos_config();
2026-10-02T08:55:55.5441936Z       |                                               ^~~~~~~~~~~~~~~~~~~~~~~~~~~~~~~
2026-10-02T08:55:55.5526434Z /tmp/build-control/generated/common.pb.cc: In member function ‘virtual google::protobuf::uint8* mini_drop::CosConfig::_InternalSerialize(google::protobuf::uint8*, google::protobuf::io::EpsCopyOutputStream*) const’:
2026-10-02T08:55:55.5594291Z /tmp/build-control/generated/common.pb.cc:664:23: warning: ‘const string& mini_drop::CosConfig::access_key() const’ is deprecated [-Wdeprecated-declarations]
2026-10-02T08:55:55.5671935Z   664 |   if (this->access_key().size() > 0) {
2026-10-02T08:55:55.5812074Z       |       ~~~~~~~~~~~~~~~~^~
2026-10-02T08:55:55.5922097Z In file included from /tmp/build-control/generated/common.pb.cc:4:
2026-10-02T08:55:55.5962150Z /tmp/build-control/generated/common.pb.h:1130:27: note: declared here
2026-10-02T08:55:55.6082188Z  1130 | inline const std::string& CosConfig::access_key() const {
2026-10-02T08:55:55.6251929Z       |                           ^~~~~~~~~
2026-10-02T08:55:55.6343209Z /tmp/build-control/generated/common.pb.cc:674:23: warning: ‘const string& mini_drop::CosConfig::secret_key() const’ is deprecated [-Wdeprecated-declarations]
2026-10-02T08:55:55.6401809Z   674 |   if (this->secret_key().size() > 0) {
2026-10-02T08:55:55.6491812Z       |       ~~~~~~~~~~~~~~~~^~
2026-10-02T08:55:55.6611968Z In file included from /tmp/build-control/generated/common.pb.cc:4:
2026-10-02T08:55:55.6612875Z /tmp/build-control/generated/common.pb.h:1211:27: note: declared here
2026-10-02T08:55:55.6614041Z  1211 | inline const std::string& CosConfig::secret_key() const {
2026-10-02T08:55:55.6614682Z       |                           ^~~~~~~~~
2026-10-02T08:55:55.6616261Z /tmp/build-control/generated/common.pb.cc: In member function ‘virtual size_t mini_drop::CosConfig::ByteSizeLong() const’:
2026-10-02T08:55:55.6618415Z /tmp/build-control/generated/common.pb.cc:727:23: warning: ‘const string& mini_drop::CosConfig::access_key() const’ is deprecated [-Wdeprecated-declarations]
2026-10-02T08:55:55.6619721Z   727 |   if (this->access_key().size() > 0) {
2026-10-02T08:55:55.6620226Z       |       ~~~~~~~~~~~~~~~~^~
2026-10-02T08:55:55.6620827Z In file included from /tmp/build-control/generated/common.pb.cc:4:
2026-10-02T08:55:55.6621989Z /tmp/build-control/generated/common.pb.h:1130:27: note: declared here
2026-10-02T08:55:55.6622836Z  1130 | inline const std::string& CosConfig::access_key() const {
2026-10-02T08:55:55.6623464Z       |                           ^~~~~~~~~
2026-10-02T08:55:55.6625085Z /tmp/build-control/generated/common.pb.cc:734:23: warning: ‘const string& mini_drop::CosConfig::secret_key() const’ is deprecated [-Wdeprecated-declarations]
2026-10-02T08:55:55.6626387Z   734 |   if (this->secret_key().size() > 0) {
2026-10-02T08:55:55.6626926Z       |       ~~~~~~~~~~~~~~~~^~
2026-10-02T08:55:55.6627495Z In file included from /tmp/build-control/generated/common.pb.cc:4:
2026-10-02T08:55:55.6628335Z /tmp/build-control/generated/common.pb.h:1211:27: note: declared here
2026-10-02T08:55:55.6629147Z  1211 | inline const std::string& CosConfig::secret_key() const {
2026-10-02T08:55:55.6629757Z       |                           ^~~~~~~~~
2026-10-02T08:55:55.6631122Z /tmp/build-control/generated/common.pb.cc: In member function ‘void mini_drop::CosConfig::MergeFrom(const mini_drop::CosConfig&)’:
2026-10-02T08:55:55.6633539Z /tmp/build-control/generated/common.pb.cc:788:22: warning: ‘const string& mini_drop::CosConfig::access_key() const’ is deprecated [-Wdeprecated-declarations]
2026-10-02T08:55:55.6635004Z   788 |   if (from.access_key().size() > 0) {
2026-10-02T08:55:55.6635489Z       |       ~~~~~~~~~~~~~~~^~
2026-10-02T08:55:55.6636057Z In file included from /tmp/build-control/generated/common.pb.cc:4:
2026-10-02T08:55:55.6637329Z /tmp/build-control/generated/common.pb.h:1130:27: note: declared here
2026-10-02T08:55:55.6638199Z  1130 | inline const std::string& CosConfig::access_key() const {
2026-10-02T08:55:55.6638804Z       |                           ^~~~~~~~~
2026-10-02T08:55:55.6640369Z /tmp/build-control/generated/common.pb.cc:791:22: warning: ‘const string& mini_drop::CosConfig::secret_key() const’ is deprecated [-Wdeprecated-declarations]
2026-10-02T08:55:55.6672069Z   791 |   if (from.secret_key().size() > 0) {
2026-10-02T08:55:55.6672956Z       |       ~~~~~~~~~~~~~~~^~
2026-10-02T08:55:55.6673586Z In file included from /tmp/build-control/generated/common.pb.cc:4:
2026-10-02T08:55:55.6674474Z /tmp/build-control/generated/common.pb.h:1211:27: note: declared here
2026-10-02T08:55:55.6675355Z  1211 | inline const std::string& CosConfig::secret_key() const {
2026-10-02T08:55:55.6675999Z       |                           ^~~~~~~~~
2026-10-02T08:55:55.6676680Z In file included from /tmp/build-control/generated/control.pb.h:36,
2026-10-02T08:55:55.6677474Z                  from /tmp/build-control/generated/control.pb.cc:4:
2026-10-02T08:55:55.6679022Z /tmp/build-control/generated/hotmethod.pb.h: In member function ‘mini_drop::RecordArgv* mini_drop::TaskDesc::release_sample_argv()’:
2026-10-02T08:55:55.6681723Z /tmp/build-control/generated/hotmethod.pb.h:3159:47: warning: ‘mini_drop::RecordArgv* mini_drop::TaskDesc::unsafe_arena_release_sample_argv()’ is deprecated [-Wdeprecated-declarations]
2026-10-02T08:55:55.6683334Z  3159 |   auto temp = unsafe_arena_release_sample_argv();
2026-10-02T08:55:55.6683949Z       |               ~~~~~~~~~~~~~~~~~~~~~~~~~~~~~~~~^~
2026-10-02T08:55:55.6684670Z /tmp/build-control/generated/hotmethod.pb.h:449:48: note: declared here
2026-10-02T08:55:55.6685714Z   449 |   PROTOBUF_DEPRECATED ::mini_drop::RecordArgv* unsafe_arena_release_sample_argv();
2026-10-02T08:55:55.6686597Z       |                                                ^~~~~~~~~~~~~~~~~~~~~~~~~~~~~~~~
2026-10-02T08:55:55.6687391Z In file included from /tmp/build-control/generated/hotmethod.pb.cc:4:
2026-10-02T08:55:55.6689021Z /tmp/build-control/generated/hotmethod.pb.h: In member function ‘mini_drop::RecordArgv* mini_drop::TaskDesc::release_sample_argv()’:
2026-10-02T08:55:55.6691729Z /tmp/build-control/generated/hotmethod.pb.h:3159:47: warning: ‘mini_drop::RecordArgv* mini_drop::TaskDesc::unsafe_arena_release_sample_argv()’ is deprecated [-Wdeprecated-declarations]
2026-10-02T08:55:55.6693329Z  3159 |   auto temp = unsafe_arena_release_sample_argv();
2026-10-02T08:55:55.6693956Z       |               ~~~~~~~~~~~~~~~~~~~~~~~~~~~~~~~~^~
2026-10-02T08:55:55.6694696Z /tmp/build-control/generated/hotmethod.pb.h:449:48: note: declared here
2026-10-02T08:55:55.6695723Z   449 |   PROTOBUF_DEPRECATED ::mini_drop::RecordArgv* unsafe_arena_release_sample_argv();
2026-10-02T08:55:55.6696581Z       |                                                ^~~~~~~~~~~~~~~~~~~~~~~~~~~~~~~~
2026-10-02T08:55:55.6698127Z /tmp/build-control/generated/hotmethod.pb.h: In member function ‘mini_drop::CosConfig* mini_drop::TaskDesc::release_cos_config()’:
2026-10-02T08:55:55.6700527Z /tmp/build-control/generated/hotmethod.pb.h:3355:46: warning: ‘mini_drop::CosConfig* mini_drop::TaskDesc::unsafe_arena_release_cos_config()’ is deprecated [-Wdeprecated-declarations]
2026-10-02T08:55:55.6732433Z  3355 |   auto temp = unsafe_arena_release_cos_config();
2026-10-02T08:55:55.6733055Z       |               ~~~~~~~~~~~~~~~~~~~~~~~~~~~~~~~^~
2026-10-02T08:55:55.6734637Z /tmp/build-control/generated/hotmethod.pb.h: In member function ‘mini_drop::CosConfig* mini_drop::TaskDesc::release_cos_config()’:
2026-10-02T08:55:55.6736927Z /tmp/build-control/generated/hotmethod.pb.h:3355:46: warning: ‘mini_drop::CosConfig* mini_drop::TaskDesc::unsafe_arena_release_cos_config()’ is deprecated [-Wdeprecated-declarations]
2026-10-02T08:55:55.6738398Z  3355 |   auto temp = unsafe_arena_release_cos_config();
2026-10-02T08:55:55.6738989Z       |               ~~~~~~~~~~~~~~~~~~~~~~~~~~~~~~~^~
2026-10-02T08:55:55.6739993Z /tmp/build-control/generated/hotmethod.pb.h:467:47: note: declared here
2026-10-02T08:55:55.6740997Z   467 |   PROTOBUF_DEPRECATED ::mini_drop::CosConfig* unsafe_arena_release_cos_config();
2026-10-02T08:55:55.6742086Z       |                                               ^~~~~~~~~~~~~~~~~~~~~~~~~~~~~~~
2026-10-02T08:55:55.6742893Z /tmp/build-control/generated/hotmethod.pb.h:467:47: note: declared here
2026-10-02T08:55:55.6743889Z   467 |   PROTOBUF_DEPRECATED ::mini_drop::CosConfig* unsafe_arena_release_cos_config();
2026-10-02T08:55:55.6744994Z       |                                               ^~~~~~~~~~~~~~~~~~~~~~~~~~~~~~~
2026-10-02T08:55:55.6939242Z In file included from /tmp/build-control/generated/healthcheck.pb.h:37,
2026-10-02T08:55:55.6981999Z                  from /tmp/build-control/generated/healthcheck.pb.cc:4:
2026-10-02T08:55:55.7040859Z /tmp/build-control/generated/hotmethod.pb.h: In member function ‘mini_drop::RecordArgv* mini_drop::TaskDesc::release_sample_argv()’:
2026-10-02T08:55:55.7073361Z /tmp/build-control/generated/hotmethod.pb.h:3159:47: warning: ‘mini_drop::RecordArgv* mini_drop::TaskDesc::unsafe_arena_release_sample_argv()’ is deprecated [-Wdeprecated-declarations]
2026-10-02T08:55:55.7122006Z  3159 |   auto temp = unsafe_arena_release_sample_argv();
2026-10-02T08:55:55.7181781Z       |               ~~~~~~~~~~~~~~~~~~~~~~~~~~~~~~~~^~
2026-10-02T08:55:55.7191976Z /tmp/build-control/generated/hotmethod.pb.h:449:48: note: declared here
2026-10-02T08:55:55.7252111Z   449 |   PROTOBUF_DEPRECATED ::mini_drop::RecordArgv* unsafe_arena_release_sample_argv();
2026-10-02T08:55:55.7301820Z       |                                                ^~~~~~~~~~~~~~~~~~~~~~~~~~~~~~~~
2026-10-02T08:55:55.7332912Z /tmp/build-control/generated/hotmethod.pb.h: In member function ‘mini_drop::CosConfig* mini_drop::TaskDesc::release_cos_config()’:
2026-10-02T08:55:55.7363436Z /tmp/build-control/generated/hotmethod.pb.h:3355:46: warning: ‘mini_drop::CosConfig* mini_drop::TaskDesc::unsafe_arena_release_cos_config()’ is deprecated [-Wdeprecated-declarations]
2026-10-02T08:55:55.7421809Z  3355 |   auto temp = unsafe_arena_release_cos_config();
2026-10-02T08:55:55.7481745Z       |               ~~~~~~~~~~~~~~~~~~~~~~~~~~~~~~~^~
2026-10-02T08:55:55.7552083Z /tmp/build-control/generated/hotmethod.pb.h:467:47: note: declared here
2026-10-02T08:55:55.7612064Z   467 |   PROTOBUF_DEPRECATED ::mini_drop::CosConfig* unsafe_arena_release_cos_config();
2026-10-02T08:55:55.7631808Z       |                                               ^~~~~~~~~~~~~~~~~~~~~~~~~~~~~~~
2026-10-02T08:55:55.9845506Z In file included from /tmp/build-control/generated/healthcheck.pb.h:37,
2026-10-02T08:55:55.9952069Z                  from /tmp/build-control/generated/healthcheck.grpc.pb.cc:5:
2026-10-02T08:55:55.9962912Z /tmp/build-control/generated/hotmethod.pb.h: In member function ‘mini_drop::RecordArgv* mini_drop::TaskDesc::release_sample_argv()’:
2026-10-02T08:55:56.0053362Z /tmp/build-control/generated/hotmethod.pb.h:3159:47: warning: ‘mini_drop::RecordArgv* mini_drop::TaskDesc::unsafe_arena_release_sample_argv()’ is deprecated [-Wdeprecated-declarations]
2026-10-02T08:55:56.0131889Z  3159 |   auto temp = unsafe_arena_release_sample_argv();
2026-10-02T08:55:56.0161784Z       |               ~~~~~~~~~~~~~~~~~~~~~~~~~~~~~~~~^~
2026-10-02T08:55:56.0232172Z /tmp/build-control/generated/hotmethod.pb.h:449:48: note: declared here
2026-10-02T08:55:56.0322105Z   449 |   PROTOBUF_DEPRECATED ::mini_drop::RecordArgv* unsafe_arena_release_sample_argv();
2026-10-02T08:55:56.0371834Z       |                                                ^~~~~~~~~~~~~~~~~~~~~~~~~~~~~~~~
2026-10-02T08:55:56.0432918Z /tmp/build-control/generated/hotmethod.pb.h: In member function ‘mini_drop::CosConfig* mini_drop::TaskDesc::release_cos_config()’:
2026-10-02T08:55:56.0503208Z /tmp/build-control/generated/hotmethod.pb.h:3355:46: warning: ‘mini_drop::CosConfig* mini_drop::TaskDesc::unsafe_arena_release_cos_config()’ is deprecated [-Wdeprecated-declarations]
2026-10-02T08:55:56.0545018Z  3355 |   auto temp = unsafe_arena_release_cos_config();
2026-10-02T08:55:56.0621864Z       |               ~~~~~~~~~~~~~~~~~~~~~~~~~~~~~~~^~
2026-10-02T08:55:56.0701945Z /tmp/build-control/generated/hotmethod.pb.h:467:47: note: declared here
2026-10-02T08:55:56.0762078Z   467 |   PROTOBUF_DEPRECATED ::mini_drop::CosConfig* unsafe_arena_release_cos_config();
2026-10-02T08:55:56.0801896Z       |                                               ^~~~~~~~~~~~~~~~~~~~~~~~~~~~~~~
2026-10-02T08:55:56.0881926Z In file included from /tmp/build-control/generated/control.pb.h:36,
2026-10-02T08:55:56.0951984Z                  from /tmp/build-control/generated/control.grpc.pb.cc:5:
2026-10-02T08:55:56.1002891Z /tmp/build-control/generated/hotmethod.pb.h: In member function ‘mini_drop::RecordArgv* mini_drop::TaskDesc::release_sample_argv()’:
2026-10-02T08:55:56.1073314Z /tmp/build-control/generated/hotmethod.pb.h:3159:47: warning: ‘mini_drop::RecordArgv* mini_drop::TaskDesc::unsafe_arena_release_sample_argv()’ is deprecated [-Wdeprecated-declarations]
2026-10-02T08:55:56.1101918Z  3159 |   auto temp = unsafe_arena_release_sample_argv();
2026-10-02T08:55:56.1151745Z       |               ~~~~~~~~~~~~~~~~~~~~~~~~~~~~~~~~^~
2026-10-02T08:55:56.1192039Z /tmp/build-control/generated/hotmethod.pb.h:449:48: note: declared here
2026-10-02T08:55:56.1242082Z   449 |   PROTOBUF_DEPRECATED ::mini_drop::RecordArgv* unsafe_arena_release_sample_argv();
2026-10-02T08:55:56.1268338Z       |                                                ^~~~~~~~~~~~~~~~~~~~~~~~~~~~~~~~
2026-10-02T08:55:56.1342853Z /tmp/build-control/generated/hotmethod.pb.h: In member function ‘mini_drop::CosConfig* mini_drop::TaskDesc::release_cos_config()’:
2026-10-02T08:55:56.1373039Z /tmp/build-control/generated/hotmethod.pb.h:3355:46: warning: ‘mini_drop::CosConfig* mini_drop::TaskDesc::unsafe_arena_release_cos_config()’ is deprecated [-Wdeprecated-declarations]
2026-10-02T08:55:56.1411953Z  3355 |   auto temp = unsafe_arena_release_cos_config();
2026-10-02T08:55:56.1461853Z       |               ~~~~~~~~~~~~~~~~~~~~~~~~~~~~~~~^~
2026-10-02T08:55:56.1501980Z /tmp/build-control/generated/hotmethod.pb.h:467:47: note: declared here
2026-10-02T08:55:56.1552044Z   467 |   PROTOBUF_DEPRECATED ::mini_drop::CosConfig* unsafe_arena_release_cos_config();
2026-10-02T08:55:56.1581899Z       |                                               ^~~~~~~~~~~~~~~~~~~~~~~~~~~~~~~
2026-10-02T08:55:56.1643564Z /tmp/build-control/generated/hotmethod.pb.cc: In member function ‘virtual google::protobuf::uint8* mini_drop::TaskDesc::_InternalSerialize(google::protobuf::uint8*, google::protobuf::io::EpsCopyOutputStream*) const’:
2026-10-02T08:55:56.1702843Z /tmp/build-control/generated/hotmethod.pb.cc:1228:28: warning: ‘bool mini_drop::TaskDesc::has_sample_argv() const’ is deprecated [-Wdeprecated-declarations]
2026-10-02T08:55:56.1711730Z  1228 |   if (this->has_sample_argv()) {
2026-10-02T08:55:56.1761792Z       |       ~~~~~~~~~~~~~~~~~~~~~^~
2026-10-02T08:55:56.1822183Z In file included from /tmp/build-control/generated/hotmethod.pb.cc:4:
2026-10-02T08:55:56.1852036Z /tmp/build-control/generated/hotmethod.pb.h:3127:13: note: declared here
2026-10-02T08:55:56.1891859Z  3127 | inline bool TaskDesc::has_sample_argv() const {
2026-10-02T08:55:56.1941785Z       |             ^~~~~~~~
2026-10-02T08:55:56.2003048Z /tmp/build-control/generated/hotmethod.pb.cc:1258:27: warning: ‘bool mini_drop::TaskDesc::has_cos_config() const’ is deprecated [-Wdeprecated-declarations]
2026-10-02T08:55:56.2031737Z  1258 |   if (this->has_cos_config()) {
2026-10-02T08:55:56.2091694Z       |       ~~~~~~~~~~~~~~~~~~~~^~
2026-10-02T08:55:56.2101951Z In file included from /tmp/build-control/generated/hotmethod.pb.cc:4:
2026-10-02T08:55:56.2152054Z /tmp/build-control/generated/hotmethod.pb.h:3329:13: note: declared here
2026-10-02T08:55:56.2211858Z  3329 | inline bool TaskDesc::has_cos_config() const {
2026-10-02T08:55:56.2241805Z       |             ^~~~~~~~
2026-10-02T08:55:56.2283252Z /tmp/build-control/generated/hotmethod.pb.cc: In member function ‘virtual size_t mini_drop::TaskDesc::ByteSizeLong() const’:
2026-10-02T08:55:56.2332932Z /tmp/build-control/generated/hotmethod.pb.cc:1451:28: warning: ‘bool mini_drop::TaskDesc::has_sample_argv() const’ is deprecated [-Wdeprecated-declarations]
2026-10-02T08:55:56.2361762Z  1451 |   if (this->has_sample_argv()) {
2026-10-02T08:55:56.2431816Z       |       ~~~~~~~~~~~~~~~~~~~~~^~
2026-10-02T08:55:56.2546958Z In file included from /tmp/build-control/generated/hotmethod.pb.cc:4:
2026-10-02T08:55:56.2571963Z /tmp/build-control/generated/hotmethod.pb.h:3127:13: note: declared here
2026-10-02T08:55:56.2572896Z  3127 | inline bool TaskDesc::has_sample_argv() const {
2026-10-02T08:55:56.2661753Z       |             ^~~~~~~~
2026-10-02T08:55:56.2702993Z /tmp/build-control/generated/hotmethod.pb.cc:1458:27: warning: ‘bool mini_drop::TaskDesc::has_cos_config() const’ is deprecated [-Wdeprecated-declarations]
2026-10-02T08:55:56.2731742Z  1458 |   if (this->has_cos_config()) {
2026-10-02T08:55:56.2751759Z       |       ~~~~~~~~~~~~~~~~~~~~^~
2026-10-02T08:55:56.2821926Z In file included from /tmp/build-control/generated/hotmethod.pb.cc:4:
2026-10-02T08:55:56.2841966Z /tmp/build-control/generated/hotmethod.pb.h:3329:13: note: declared here
2026-10-02T08:55:56.2911966Z  3329 | inline bool TaskDesc::has_cos_config() const {
2026-10-02T08:55:56.2931732Z       |             ^~~~~~~~
2026-10-02T08:55:56.2982913Z /tmp/build-control/generated/hotmethod.pb.cc: In member function ‘void mini_drop::TaskDesc::MergeFrom(const mini_drop::TaskDesc&)’:
2026-10-02T08:55:56.3023152Z /tmp/build-control/generated/hotmethod.pb.cc:1609:27: warning: ‘bool mini_drop::TaskDesc::has_sample_argv() const’ is deprecated [-Wdeprecated-declarations]
2026-10-02T08:55:56.3024509Z  1609 |   if (from.has_sample_argv()) {
2026-10-02T08:55:56.3141769Z       |       ~~~~~~~~~~~~~~~~~~~~^~
2026-10-02T08:55:56.3201976Z In file included from /tmp/build-control/generated/hotmethod.pb.cc:4:
2026-10-02T08:55:56.3262013Z /tmp/build-control/generated/hotmethod.pb.h:3127:13: note: declared here
2026-10-02T08:55:56.3291837Z  3127 | inline bool TaskDesc::has_sample_argv() const {
2026-10-02T08:55:56.3321705Z       |             ^~~~~~~~
2026-10-02T08:55:56.3383027Z /tmp/build-control/generated/hotmethod.pb.cc:1612:26: warning: ‘bool mini_drop::TaskDesc::has_cos_config() const’ is deprecated [-Wdeprecated-declarations]
2026-10-02T08:55:56.3411891Z  1612 |   if (from.has_cos_config()) {
2026-10-02T08:55:56.3471692Z       |       ~~~~~~~~~~~~~~~~~~~^~
2026-10-02T08:55:56.3531930Z In file included from /tmp/build-control/generated/hotmethod.pb.cc:4:
2026-10-02T08:55:56.3561955Z /tmp/build-control/generated/hotmethod.pb.h:3329:13: note: declared here
2026-10-02T08:55:56.3591978Z  3329 | inline bool TaskDesc::has_cos_config() const {
2026-10-02T08:55:56.3651682Z       |             ^~~~~~~~
2026-10-02T08:55:57.4274992Z In file included from /tmp/build-control/generated/healthcheck.pb.h:37,
2026-10-02T08:55:57.4322087Z                  from /tmp/build-control/generated/healthcheck.grpc.pb.h:15,
2026-10-02T08:55:57.4382126Z                  from /home/runner/work/mini-drop/mini-drop/native/control/src/main.cpp:10:
2026-10-02T08:55:57.4422950Z /tmp/build-control/generated/hotmethod.pb.h: In member function ‘mini_drop::RecordArgv* mini_drop::TaskDesc::release_sample_argv()’:
2026-10-02T08:55:57.4453513Z /tmp/build-control/generated/hotmethod.pb.h:3159:47: warning: ‘mini_drop::RecordArgv* mini_drop::TaskDesc::unsafe_arena_release_sample_argv()’ is deprecated [-Wdeprecated-declarations]
2026-10-02T08:55:57.4501882Z  3159 |   auto temp = unsafe_arena_release_sample_argv();
2026-10-02T08:55:57.4571819Z       |               ~~~~~~~~~~~~~~~~~~~~~~~~~~~~~~~~^~
2026-10-02T08:55:57.4592163Z /tmp/build-control/generated/hotmethod.pb.h:449:48: note: declared here
2026-10-02T08:55:57.4632049Z   449 |   PROTOBUF_DEPRECATED ::mini_drop::RecordArgv* unsafe_arena_release_sample_argv();
2026-10-02T08:55:57.4682291Z       |                                                ^~~~~~~~~~~~~~~~~~~~~~~~~~~~~~~~
2026-10-02T08:55:57.4717348Z /tmp/build-control/generated/hotmethod.pb.h: In member function ‘mini_drop::CosConfig* mini_drop::TaskDesc::release_cos_config()’:
2026-10-02T08:55:57.4773114Z /tmp/build-control/generated/hotmethod.pb.h:3355:46: warning: ‘mini_drop::CosConfig* mini_drop::TaskDesc::unsafe_arena_release_cos_config()’ is deprecated [-Wdeprecated-declarations]
2026-10-02T08:55:57.4801972Z  3355 |   auto temp = unsafe_arena_release_cos_config();
2026-10-02T08:55:57.4861770Z       |               ~~~~~~~~~~~~~~~~~~~~~~~~~~~~~~~^~
2026-10-02T08:55:57.4891964Z /tmp/build-control/generated/hotmethod.pb.h:467:47: note: declared here
2026-10-02T08:55:57.4952023Z   467 |   PROTOBUF_DEPRECATED ::mini_drop::CosConfig* unsafe_arena_release_cos_config();
2026-10-02T08:55:57.4971963Z       |                                               ^~~~~~~~~~~~~~~~~~~~~~~~~~~~~~~
2026-10-02T08:56:00.8914127Z /home/runner/work/mini-drop/mini-drop/native/control/src/main.cpp: In member function ‘virtual grpc::Status {anonymous}::HealthService::Do(grpc::ServerContext*, const mini_drop::HealthCheckRequest*, mini_drop::HealthCheckResponse*)’:
2026-10-02T08:56:00.8963286Z /home/runner/work/mini-drop/mini-drop/native/control/src/main.cpp:894:47: warning: ‘mini_drop::RecordArgv* mini_drop::TaskDesc::mutable_sample_argv()’ is deprecated [-Wdeprecated-declarations]
2026-10-02T08:56:00.8971975Z   894 |       auto* sample = desc->mutable_sample_argv();
2026-10-02T08:56:00.9001770Z       |                      ~~~~~~~~~~~~~~~~~~~~~~~~~^~
2026-10-02T08:56:00.9082322Z In file included from /tmp/build-control/generated/healthcheck.pb.h:37,
2026-10-02T08:56:00.9091961Z                  from /tmp/build-control/generated/healthcheck.grpc.pb.h:15,
2026-10-02T08:56:00.9122038Z                  from /home/runner/work/mini-drop/mini-drop/native/control/src/main.cpp:10:
2026-10-02T08:56:00.9182003Z /tmp/build-control/generated/hotmethod.pb.h:3180:33: note: declared here
2026-10-02T08:56:00.9241983Z  3180 | inline ::mini_drop::RecordArgv* TaskDesc::mutable_sample_argv() {
2026-10-02T08:56:00.9242698Z       |                                 ^~~~~~~~
2026-10-02T08:56:08.7452090Z [100%] Linking CXX executable mini-drop-native-control
2026-10-02T08:56:08.9311085Z [100%] Built target mini-drop-native-control
2026-10-02T08:56:08.9512016Z Post job cleanup.
2026-10-02T08:56:09.0386990Z [command]/usr/bin/git version
2026-10-02T08:56:09.0433000Z git version 2.55.0
2026-10-02T08:56:09.0471473Z Temporarily overriding HOME='/home/runner/work/_temp/696a7c19-3184-498b-97b7-1ff2f5507d01' before making global git config changes
2026-10-02T08:56:09.0472836Z Adding repository directory to the temporary git global config as a safe directory
2026-10-02T08:56:09.0478189Z [command]/usr/bin/git config --global --add safe.directory /home/runner/work/mini-drop/mini-drop
2026-10-02T08:56:09.0520153Z [command]/usr/bin/git config --local --name-only --get-regexp core\.sshCommand
2026-10-02T08:56:09.0558950Z [command]/usr/bin/git submodule foreach --recursive sh -c "git config --local --name-only --get-regexp 'core\.sshCommand' && git config --local --unset-all 'core.sshCommand' || :"
2026-10-02T08:56:09.0854458Z [command]/usr/bin/git config --local --name-only --get-regexp http\.https\:\/\/github\.com\/\.extraheader
2026-10-02T08:56:09.0886930Z http.https://github.com/.extraheader
2026-10-02T08:56:09.0898738Z [command]/usr/bin/git config --local --unset-all http.https://github.com/.extraheader
2026-10-02T08:56:09.0936455Z [command]/usr/bin/git submodule foreach --recursive sh -c "git config --local --name-only --get-regexp 'http\.https\:\/\/github\.com\/\.extraheader' && git config --local --unset-all 'http.https://github.com/.extraheader' || :"
2026-10-02T08:56:09.1236576Z [command]/usr/bin/git config --local --name-only --get-regexp ^includeIf\.gitdir:
2026-10-02T08:56:09.1282793Z [command]/usr/bin/git submodule foreach --recursive git config --local --show-origin --name-only --get-regexp remote.origin.url
2026-10-02T08:56:09.1708373Z Cleaning up orphan processes
2026-10-02T08:56:09.2040395Z ##[warning]Node.js 20 is deprecated. The following actions target Node.js 20 but are being forced to run on Node.js 24: actions/checkout@v4. For more information see: https://github.blog/changelog/2025-09-19-deprecation-of-node-20-on-github-actions-runners/
