2026-10-02T08:55:17.3908663Z Current runner version: '2.337.0'
2026-10-02T08:55:17.3934149Z ##[group]Runner Image Provisioner
2026-10-02T08:55:17.3935053Z Hosted Compute Agent
2026-10-02T08:55:17.3935887Z Version: 20260901.588
2026-10-02T08:55:17.3937289Z Commit: f88ec8081b781fac6c440065ac7ff9e710ce3d0b
2026-10-02T08:55:17.3938527Z Build Date: 2026-09-01T19:56:44Z
2026-10-02T08:55:17.3939818Z Worker ID: {2a3fd8fc-530f-4af9-9fc4-02b46ca326d3}
2026-10-02T08:55:17.3941019Z Azure Region: canadacentral
2026-10-02T08:55:17.3941667Z ##[endgroup]
2026-10-02T08:55:17.3943388Z ##[group]Operating System
2026-10-02T08:55:17.3944052Z Ubuntu
2026-10-02T08:55:17.3944716Z 22.04.5
2026-10-02T08:55:17.3945317Z LTS
2026-10-02T08:55:17.3945845Z ##[endgroup]
2026-10-02T08:55:17.3946869Z ##[group]Runner Image
2026-10-02T08:55:17.3947521Z Image: ubuntu-22.04
2026-10-02T08:55:17.3948199Z Version: 20260927.309.1
2026-10-02T08:55:17.3949526Z Included Software: https://github.com/actions/runner-images/blob/ubuntu22/20260927.309/images/ubuntu/Ubuntu2204-Readme.md
2026-10-02T08:55:17.3951166Z Image Release: https://github.com/actions/runner-images/releases/tag/ubuntu22%2F20260927.309
2026-10-02T08:55:17.3952173Z ##[endgroup]
2026-10-02T08:55:17.3953467Z ##[group]GITHUB_TOKEN Permissions
2026-10-02T08:55:17.3955718Z Contents: read
2026-10-02T08:55:17.3956732Z Metadata: read
2026-10-02T08:55:17.3957378Z Packages: read
2026-10-02T08:55:17.3957956Z ##[endgroup]
2026-10-02T08:55:17.3960100Z Secret source: Actions
2026-10-02T08:55:17.3961109Z Cache mode: write
2026-10-02T08:55:17.3962251Z Prepare workflow directory
2026-10-02T08:55:17.4304486Z Prepare all required actions
2026-10-02T08:55:17.4353353Z Getting action download info
2026-10-02T08:55:17.6710348Z Download action repository 'actions/checkout@v4' (SHA:11d5960a326750d5838078e36cf38b85af677262)
2026-10-02T08:55:17.7792276Z Download action repository 'actions/upload-artifact@v4' (SHA:ea165f8d65b6e75b540449e92b4886f43607fa02)
2026-10-02T08:55:18.0003222Z Complete job name: Supply chain (trivy report)
2026-10-02T08:55:18.0793819Z ##[group]Run actions/checkout@v4
2026-10-02T08:55:18.0794704Z with:
2026-10-02T08:55:18.0795167Z   repository: llongwang751-arch/mini-drop
2026-10-02T08:55:18.0799296Z   token: ***
2026-10-02T08:55:18.0799736Z   ssh-strict: true
2026-10-02T08:55:18.0800238Z   ssh-user: git
2026-10-02T08:55:18.0800682Z   persist-credentials: true
2026-10-02T08:55:18.0801169Z   clean: true
2026-10-02T08:55:18.0801625Z   sparse-checkout-cone-mode: true
2026-10-02T08:55:18.0802143Z   fetch-depth: 1
2026-10-02T08:55:18.0802570Z   fetch-tags: false
2026-10-02T08:55:18.0803036Z   show-progress: true
2026-10-02T08:55:18.0803474Z   lfs: false
2026-10-02T08:55:18.0803882Z   submodules: false
2026-10-02T08:55:18.0804331Z   set-safe-directory: true
2026-10-02T08:55:18.0804831Z   allow-unsafe-pr-checkout: false
2026-10-02T08:55:18.0805623Z ##[endgroup]
2026-10-02T08:55:18.1879974Z Syncing repository: llongwang751-arch/mini-drop
2026-10-02T08:55:18.1883223Z ##[group]Getting Git version info
2026-10-02T08:55:18.1884610Z Working directory is '/home/runner/work/mini-drop/mini-drop'
2026-10-02T08:55:18.1886856Z [command]/usr/bin/git version
2026-10-02T08:55:18.1997571Z git version 2.55.0
2026-10-02T08:55:18.2054880Z ##[endgroup]
2026-10-02T08:55:18.2087602Z Temporarily overriding HOME='/home/runner/work/_temp/ccfa51dc-a9a6-4781-94bc-81ac7445ea08' before making global git config changes
2026-10-02T08:55:18.2090301Z Adding repository directory to the temporary git global config as a safe directory
2026-10-02T08:55:18.2094170Z [command]/usr/bin/git config --global --add safe.directory /home/runner/work/mini-drop/mini-drop
2026-10-02T08:55:18.2141256Z Deleting the contents of '/home/runner/work/mini-drop/mini-drop'
2026-10-02T08:55:18.2146267Z ##[group]Initializing the repository
2026-10-02T08:55:18.2150372Z [command]/usr/bin/git init /home/runner/work/mini-drop/mini-drop
2026-10-02T08:55:18.2286262Z hint: Using 'master' as the name for the initial branch. This default branch name
2026-10-02T08:55:18.2288297Z hint: will change to "main" in Git 3.0. To configure the initial branch name
2026-10-02T08:55:18.2290573Z hint: to use in all of your new repositories, which will suppress this warning,
2026-10-02T08:55:18.2292258Z hint: call:
2026-10-02T08:55:18.2293233Z hint:
2026-10-02T08:55:18.2294343Z hint: 	git config --global init.defaultBranch <name>
2026-10-02T08:55:18.2295632Z hint:
2026-10-02T08:55:18.2297164Z hint: Names commonly chosen instead of 'master' are 'main', 'trunk' and
2026-10-02T08:55:18.2298988Z hint: 'development'. The just-created branch can be renamed via this command:
2026-10-02T08:55:18.2300492Z hint:
2026-10-02T08:55:18.2301575Z hint: 	git branch -m <name>
2026-10-02T08:55:18.2302560Z hint:
2026-10-02T08:55:18.2303767Z hint: Disable this message with "git config set advice.defaultBranchName false"
2026-10-02T08:55:18.2305625Z Initialized empty Git repository in /home/runner/work/mini-drop/mini-drop/.git/
2026-10-02T08:55:18.2309185Z [command]/usr/bin/git remote add origin https://github.com/llongwang751-arch/mini-drop
2026-10-02T08:55:18.2342116Z ##[endgroup]
2026-10-02T08:55:18.2343455Z ##[group]Disabling automatic garbage collection
2026-10-02T08:55:18.2347190Z [command]/usr/bin/git config --local gc.auto 0
2026-10-02T08:55:18.2385248Z ##[endgroup]
2026-10-02T08:55:18.2387746Z ##[group]Setting up auth
2026-10-02T08:55:18.2396555Z [command]/usr/bin/git config --local --name-only --get-regexp core\.sshCommand
2026-10-02T08:55:18.2435379Z [command]/usr/bin/git submodule foreach --recursive sh -c "git config --local --name-only --get-regexp 'core\.sshCommand' && git config --local --unset-all 'core.sshCommand' || :"
2026-10-02T08:55:18.2892795Z [command]/usr/bin/git config --local --name-only --get-regexp http\.https\:\/\/github\.com\/\.extraheader
2026-10-02T08:55:18.2945108Z [command]/usr/bin/git submodule foreach --recursive sh -c "git config --local --name-only --get-regexp 'http\.https\:\/\/github\.com\/\.extraheader' && git config --local --unset-all 'http.https://github.com/.extraheader' || :"
2026-10-02T08:55:18.3214425Z [command]/usr/bin/git config --local --name-only --get-regexp ^includeIf\.gitdir:
2026-10-02T08:55:18.3254950Z [command]/usr/bin/git submodule foreach --recursive git config --local --show-origin --name-only --get-regexp remote.origin.url
2026-10-02T08:55:18.3521524Z [command]/usr/bin/git config --local http.https://github.com/.extraheader AUTHORIZATION: basic ***
2026-10-02T08:55:18.3568427Z ##[endgroup]
2026-10-02T08:55:18.3570130Z ##[group]Fetching the repository
2026-10-02T08:55:18.3578430Z [command]/usr/bin/git -c protocol.version=2 fetch --no-tags --prune --no-recurse-submodules --depth=1 origin +f1e5b2106d50c06758d2b23066ab010d6f16d5de:refs/remotes/pull/1/merge
2026-10-02T08:55:25.4765271Z From https://github.com/llongwang751-arch/mini-drop
2026-10-02T08:55:25.4766863Z  * [new ref]         f1e5b2106d50c06758d2b23066ab010d6f16d5de -> pull/1/merge
2026-10-02T08:55:25.4782804Z ##[endgroup]
2026-10-02T08:55:25.4784193Z ##[group]Determining the checkout info
2026-10-02T08:55:25.4785757Z ##[endgroup]
2026-10-02T08:55:25.4786803Z [command]/usr/bin/git sparse-checkout disable
2026-10-02T08:55:25.4841930Z [command]/usr/bin/git config --local --unset-all extensions.worktreeConfig
2026-10-02T08:55:25.4880453Z ##[group]Checking out the ref
2026-10-02T08:55:25.4886979Z [command]/usr/bin/git checkout --progress --force refs/remotes/pull/1/merge
2026-10-02T08:55:26.5014725Z Updating files:  64% (2806/4368)
2026-10-02T08:55:26.5063351Z Updating files:  65% (2840/4368)
2026-10-02T08:55:26.5094835Z Updating files:  66% (2883/4368)
2026-10-02T08:55:26.5149237Z Updating files:  67% (2927/4368)
2026-10-02T08:55:26.5184339Z Updating files:  68% (2971/4368)
2026-10-02T08:55:26.5395012Z Updating files:  69% (3014/4368)
2026-10-02T08:55:26.5701227Z Updating files:  70% (3058/4368)
2026-10-02T08:55:26.5896510Z Updating files:  71% (3102/4368)
2026-10-02T08:55:26.5952712Z Updating files:  72% (3145/4368)
2026-10-02T08:55:26.6016541Z Updating files:  73% (3189/4368)
2026-10-02T08:55:26.6084237Z Updating files:  74% (3233/4368)
2026-10-02T08:55:26.6166311Z Updating files:  75% (3276/4368)
2026-10-02T08:55:26.6227076Z Updating files:  76% (3320/4368)
2026-10-02T08:55:26.6270473Z Updating files:  77% (3364/4368)
2026-10-02T08:55:26.6293002Z Updating files:  78% (3408/4368)
2026-10-02T08:55:26.6343641Z Updating files:  79% (3451/4368)
2026-10-02T08:55:26.6386134Z Updating files:  80% (3495/4368)
2026-10-02T08:55:26.6425545Z Updating files:  81% (3539/4368)
2026-10-02T08:55:26.6494050Z Updating files:  82% (3582/4368)
2026-10-02T08:55:26.6533904Z Updating files:  83% (3626/4368)
2026-10-02T08:55:26.6581080Z Updating files:  84% (3670/4368)
2026-10-02T08:55:26.6682459Z Updating files:  85% (3713/4368)
2026-10-02T08:55:26.6741618Z Updating files:  86% (3757/4368)
2026-10-02T08:55:26.6801015Z Updating files:  87% (3801/4368)
2026-10-02T08:55:26.6831876Z Updating files:  88% (3844/4368)
2026-10-02T08:55:26.6868008Z Updating files:  89% (3888/4368)
2026-10-02T08:55:26.6898907Z Updating files:  90% (3932/4368)
2026-10-02T08:55:26.6948599Z Updating files:  91% (3975/4368)
2026-10-02T08:55:26.6976993Z Updating files:  92% (4019/4368)
2026-10-02T08:55:26.7006177Z Updating files:  93% (4063/4368)
2026-10-02T08:55:26.7034620Z Updating files:  94% (4106/4368)
2026-10-02T08:55:26.7068812Z Updating files:  95% (4150/4368)
2026-10-02T08:55:26.7201801Z Updating files:  96% (4194/4368)
2026-10-02T08:55:26.7228291Z Updating files:  97% (4237/4368)
2026-10-02T08:55:26.7256593Z Updating files:  98% (4281/4368)
2026-10-02T08:55:26.7281933Z Updating files:  99% (4325/4368)
2026-10-02T08:55:26.7282607Z Updating files: 100% (4368/4368)
2026-10-02T08:55:26.7283243Z Updating files: 100% (4368/4368), done.
2026-10-02T08:55:26.7345494Z Note: switching to 'refs/remotes/pull/1/merge'.
2026-10-02T08:55:26.7346360Z 
2026-10-02T08:55:26.7346911Z You are in 'detached HEAD' state. You can look around, make experimental
2026-10-02T08:55:26.7348043Z changes and commit them, and you can discard any commits you make in this
2026-10-02T08:55:26.7349421Z state without impacting any branches by switching back to a branch.
2026-10-02T08:55:26.7350045Z 
2026-10-02T08:55:26.7350452Z If you want to create a new branch to retain commits you create, you may
2026-10-02T08:55:26.7351414Z do so (now or later) by using -c with the switch command. Example:
2026-10-02T08:55:26.7351962Z 
2026-10-02T08:55:26.7352214Z   git switch -c <new-branch-name>
2026-10-02T08:55:26.7352632Z 
2026-10-02T08:55:26.7352883Z Or undo this operation with:
2026-10-02T08:55:26.7353254Z 
2026-10-02T08:55:26.7353470Z   git switch -
2026-10-02T08:55:26.7353758Z 
2026-10-02T08:55:26.7354251Z Turn off this advice by setting config variable advice.detachedHead to false
2026-10-02T08:55:26.7354943Z 
2026-10-02T08:55:26.7355725Z HEAD is now at f1e5b21 Merge df0d3ef00a945e7d909f73868819799b2b7cc7f7 into 609ea8a73f845b496b59b5cae181f515c5919850
2026-10-02T08:55:26.7462104Z ##[endgroup]
2026-10-02T08:55:26.7513696Z [command]/usr/bin/git log -1 --format=%H
2026-10-02T08:55:26.7545244Z f1e5b2106d50c06758d2b23066ab010d6f16d5de
2026-10-02T08:55:26.7781380Z ##[group]Run curl -sfL https://raw.githubusercontent.com/aquasecurity/trivy/main/contrib/install.sh | sh -s -- -b /usr/local/bin
2026-10-02T08:55:26.7782686Z [36;1mcurl -sfL https://raw.githubusercontent.com/aquasecurity/trivy/main/contrib/install.sh | sh -s -- -b /usr/local/bin[0m
2026-10-02T08:55:26.8262473Z shell: /usr/bin/bash -e {0}
2026-10-02T08:55:26.8262904Z ##[endgroup]
2026-10-02T08:55:27.0025228Z aquasecurity/trivy info checking GitHub for latest tag
2026-10-02T08:55:27.1263238Z aquasecurity/trivy info found version: 0.75.0 for v0.75.0/Linux/64bit
2026-10-02T08:55:29.0055126Z aquasecurity/trivy info installed /usr/local/bin/trivy
2026-10-02T08:55:29.0723357Z ##[group]Run trivy fs --scanners vuln,secret,misconfig --exit-code 0 \
2026-10-02T08:55:29.0723947Z [36;1mtrivy fs --scanners vuln,secret,misconfig --exit-code 0 \[0m
2026-10-02T08:55:29.0724483Z [36;1m  --format json --output output/trivy-fs.json .[0m
2026-10-02T08:55:29.0799974Z shell: /usr/bin/bash -e {0}
2026-10-02T08:55:29.0800555Z ##[endgroup]
2026-10-02T08:55:29.1828636Z 2026-10-02T08:55:29Z	INFO	[vulndb] Need to update DB
2026-10-02T08:55:29.1829183Z 2026-10-02T08:55:29Z	INFO	[vulndb] Downloading vulnerability DB...
2026-10-02T08:55:35.4246667Z 2026-10-02T08:55:29Z	INFO	[vulndb] Downloading artifact...	repo="mirror.gcr.io/aquasec/trivy-db:2"
2026-10-02T08:55:35.4255438Z 4.72 MiB / 120.57 MiB [-->___________________________________________________________] 3.91% ? p/s ?33.17 MiB / 120.57 MiB [---------------->___________________________________________] 27.51% ? p/s ?61.89 MiB / 120.57 MiB [------------------------------>_____________________________] 51.33% ? p/s ?90.80 MiB / 120.57 MiB [---------------------------------->___________] 75.30% 143.48 MiB p/s ETA 0s119.55 MiB / 120.57 MiB [-------------------------------------------->] 99.15% 143.48 MiB p/s ETA 0s120.57 MiB / 120.57 MiB [------------------------------------------->] 100.00% 143.48 MiB p/s ETA 0s120.57 MiB / 120.57 MiB [------------------------------------------->] 100.00% 137.42 MiB p/s ETA 0s120.57 MiB / 120.57 MiB [------------------------------------------->] 100.00% 137.42 MiB p/s ETA 0s120.57 MiB / 120.57 MiB [------------------------------------------->] 100.00% 137.42 MiB p/s ETA 0s120.57 MiB / 120.57 MiB [------------------------------------------->] 100.00% 128.56 MiB p/s ETA 0s120.57 MiB / 120.57 MiB [------------------------------------------->] 100.00% 128.56 MiB p/s ETA 0s120.57 MiB / 120.57 MiB [------------------------------------------->] 100.00% 128.56 MiB p/s ETA 0s120.57 MiB / 120.57 MiB [------------------------------------------->] 100.00% 120.26 MiB p/s ETA 0s120.57 MiB / 120.57 MiB [------------------------------------------->] 100.00% 120.26 MiB p/s ETA 0s120.57 MiB / 120.57 MiB [------------------------------------------->] 100.00% 120.26 MiB p/s ETA 0s120.57 MiB / 120.57 MiB [------------------------------------------->] 100.00% 112.50 MiB p/s ETA 0s120.57 MiB / 120.57 MiB [------------------------------------------->] 100.00% 112.50 MiB p/s ETA 0s120.57 MiB / 120.57 MiB [------------------------------------------->] 100.00% 112.50 MiB p/s ETA 0s120.57 MiB / 120.57 MiB [------------------------------------------->] 100.00% 105.25 MiB p/s ETA 0s120.57 MiB / 120.57 MiB [------------------------------------------->] 100.00% 105.25 MiB p/s ETA 0s120.57 MiB / 120.57 MiB [------------------------------------------->] 100.00% 105.25 MiB p/s ETA 0s120.57 MiB / 120.57 MiB [-------------------------------------------->] 100.00% 98.46 MiB p/s ETA 0s120.57 MiB / 120.57 MiB [-------------------------------------------->] 100.00% 98.46 MiB p/s ETA 0s120.57 MiB / 120.57 MiB [-------------------------------------------->] 100.00% 98.46 MiB p/s ETA 0s120.57 MiB / 120.57 MiB [-------------------------------------------->] 100.00% 92.10 MiB p/s ETA 0s120.57 MiB / 120.57 MiB [-----------------------------------------------] 100.00% 24.82 MiB p/s 5.1s2026-10-02T08:55:35Z	INFO	[vulndb] Artifact successfully downloaded	repo="mirror.gcr.io/aquasec/trivy-db:2"
2026-10-02T08:55:35.5127156Z 2026-10-02T08:55:35Z	INFO	[vuln] Vulnerability scanning is enabled
2026-10-02T08:55:35.5128351Z 2026-10-02T08:55:35Z	INFO	[misconfig] Misconfiguration scanning is enabled
2026-10-02T08:55:35.5133932Z 2026-10-02T08:55:35Z	INFO	[checks-client] Need to update the checks bundle
2026-10-02T08:55:35.5135122Z 2026-10-02T08:55:35Z	INFO	[checks-client] Downloading the checks bundle...
2026-10-02T08:55:37.5568766Z 234.65 KiB / 234.65 KiB [------------------------------------------------------] 100.00% ? p/s 100ms2026-10-02T08:55:37Z	INFO	[secret] Secret scanning is enabled
2026-10-02T08:55:37.5571252Z 2026-10-02T08:55:37Z	INFO	[secret] If your scanning is slow, please try '--scanners vuln,misconfig' to disable secret scanning
2026-10-02T08:55:37.5573388Z 2026-10-02T08:55:37Z	INFO	[secret] Please see https://trivy.dev/docs/v0.75/guide/scanner/secret#recommendation for faster secret detection
2026-10-02T08:55:48.0951482Z 2026-10-02T08:55:48Z	INFO	[npm] Run "npm install" to collect the license information of packages	dir="web/node_modules"
2026-10-02T08:55:49.4365274Z 2026-10-02T08:55:49Z	INFO	Suppressing dependencies for development and testing. To display them, try the '--include-dev-deps' flag.
2026-10-02T08:55:49.4366957Z 2026-10-02T08:55:49Z	INFO	Number of language-specific files	num=3
2026-10-02T08:55:49.4367745Z 2026-10-02T08:55:49Z	INFO	[gomod] Detecting vulnerabilities...
2026-10-02T08:55:49.4381648Z 2026-10-02T08:55:49Z	INFO	[npm] Detecting vulnerabilities...
2026-10-02T08:55:49.4420272Z 2026-10-02T08:55:49Z	INFO	Detected config files	num=28
2026-10-02T08:55:49.4434380Z 2026-10-02T08:55:49Z	WARN	Using severities from other vendors for some vulnerabilities. Read https://trivy.dev/docs/v0.75/guide/scanner/vulnerability#severity-selection for details.
2026-10-02T08:55:49.4720267Z ##[group]Run actions/upload-artifact@v4
2026-10-02T08:55:49.4720587Z with:
2026-10-02T08:55:49.4720850Z   name: trivy-fs-f1e5b2106d50c06758d2b23066ab010d6f16d5de
2026-10-02T08:55:49.4721189Z   path: output/trivy-fs.json
2026-10-02T08:55:49.4721450Z   if-no-files-found: warn
2026-10-02T08:55:49.4721704Z   compression-level: 6
2026-10-02T08:55:49.4721945Z   overwrite: false
2026-10-02T08:55:49.4722165Z   include-hidden-files: false
2026-10-02T08:55:49.4722401Z ##[endgroup]
2026-10-02T08:55:49.6530582Z (node:2078) [DEP0040] DeprecationWarning: The `punycode` module is deprecated. Please use a userland alternative instead.
2026-10-02T08:55:49.6531577Z (Use `node --trace-deprecation ...` to show where the warning was created)
2026-10-02T08:55:49.6582356Z With the provided path, there will be 1 file uploaded
2026-10-02T08:55:49.6604930Z Artifact name is valid!
2026-10-02T08:55:49.6605668Z Root directory input is valid!
2026-10-02T08:55:49.8873482Z Beginning upload of artifact content to blob storage
2026-10-02T08:55:49.9141348Z (node:2078) [DEP0169] DeprecationWarning: `url.parse()` behavior is not standardized and prone to errors that have security implications. Use the WHATWG URL API instead. CVEs are not issued for `url.parse()` vulnerabilities.
2026-10-02T08:55:50.0448969Z Uploaded bytes 41490
2026-10-02T08:55:50.0789216Z Finished uploading artifact content to blob storage!
2026-10-02T08:55:50.0790375Z SHA256 digest of uploaded artifact zip is 9b15ac2b572f4e91cc041f57225db7895cca931b8a7505fa02bd249473f3013c
2026-10-02T08:55:50.0791904Z Finalizing artifact upload
2026-10-02T08:55:50.3210146Z Artifact trivy-fs-f1e5b2106d50c06758d2b23066ab010d6f16d5de.zip successfully finalized. Artifact ID 11217592424
2026-10-02T08:55:50.3211770Z Artifact trivy-fs-f1e5b2106d50c06758d2b23066ab010d6f16d5de has been successfully uploaded! Final size is 41490 bytes. Artifact ID is 11217592424
2026-10-02T08:55:50.3218607Z Artifact download URL: https://github.com/llongwang751-arch/mini-drop/actions/runs/36986787573/artifacts/11217592424
2026-10-02T08:55:50.3439459Z Post job cleanup.
2026-10-02T08:55:50.4338119Z [command]/usr/bin/git version
2026-10-02T08:55:50.4385882Z git version 2.55.0
2026-10-02T08:55:50.4432257Z Temporarily overriding HOME='/home/runner/work/_temp/3517fc06-956c-44e9-ae92-14b3515610f3' before making global git config changes
2026-10-02T08:55:50.4433358Z Adding repository directory to the temporary git global config as a safe directory
2026-10-02T08:55:50.4438817Z [command]/usr/bin/git config --global --add safe.directory /home/runner/work/mini-drop/mini-drop
2026-10-02T08:55:50.4484429Z [command]/usr/bin/git config --local --name-only --get-regexp core\.sshCommand
2026-10-02T08:55:50.4526764Z [command]/usr/bin/git submodule foreach --recursive sh -c "git config --local --name-only --get-regexp 'core\.sshCommand' && git config --local --unset-all 'core.sshCommand' || :"
2026-10-02T08:55:50.4829882Z [command]/usr/bin/git config --local --name-only --get-regexp http\.https\:\/\/github\.com\/\.extraheader
2026-10-02T08:55:50.4859657Z http.https://github.com/.extraheader
2026-10-02T08:55:50.4873104Z [command]/usr/bin/git config --local --unset-all http.https://github.com/.extraheader
2026-10-02T08:55:50.4913761Z [command]/usr/bin/git submodule foreach --recursive sh -c "git config --local --name-only --get-regexp 'http\.https\:\/\/github\.com\/\.extraheader' && git config --local --unset-all 'http.https://github.com/.extraheader' || :"
2026-10-02T08:55:50.5259748Z [command]/usr/bin/git config --local --name-only --get-regexp ^includeIf\.gitdir:
2026-10-02T08:55:50.5302113Z [command]/usr/bin/git submodule foreach --recursive git config --local --show-origin --name-only --get-regexp remote.origin.url
2026-10-02T08:55:50.5741306Z Cleaning up orphan processes
2026-10-02T08:55:50.6085613Z ##[warning]Node.js 20 is deprecated. The following actions target Node.js 20 but are being forced to run on Node.js 24: actions/checkout@v4, actions/upload-artifact@v4. For more information see: https://github.blog/changelog/2025-09-19-deprecation-of-node-20-on-github-actions-runners/
