2026-10-02T08:55:15.7017180Z Current runner version: '2.337.0'
2026-10-02T08:55:15.7042000Z ##[group]Runner Image Provisioner
2026-10-02T08:55:15.7042889Z Hosted Compute Agent
2026-10-02T08:55:15.7043458Z Version: 20260901.588
2026-10-02T08:55:15.7044321Z Commit: f88ec8081b781fac6c440065ac7ff9e710ce3d0b
2026-10-02T08:55:15.7045144Z Build Date: 2026-09-01T19:56:44Z
2026-10-02T08:55:15.7045815Z Worker ID: {38ac8be1-5466-49c2-b2cf-99cba4f15211}
2026-10-02T08:55:15.7046518Z Azure Region: eastus
2026-10-02T08:55:15.7047084Z ##[endgroup]
2026-10-02T08:55:15.7048356Z ##[group]Operating System
2026-10-02T08:55:15.7049025Z Ubuntu
2026-10-02T08:55:15.7049535Z 22.04.5
2026-10-02T08:55:15.7050048Z LTS
2026-10-02T08:55:15.7050571Z ##[endgroup]
2026-10-02T08:55:15.7051086Z ##[group]Runner Image
2026-10-02T08:55:15.7051755Z Image: ubuntu-22.04
2026-10-02T08:55:15.7052282Z Version: 20260927.309.1
2026-10-02T08:55:15.7053844Z Included Software: https://github.com/actions/runner-images/blob/ubuntu22/20260927.309/images/ubuntu/Ubuntu2204-Readme.md
2026-10-02T08:55:15.7055251Z Image Release: https://github.com/actions/runner-images/releases/tag/ubuntu22%2F20260927.309
2026-10-02T08:55:15.7056234Z ##[endgroup]
2026-10-02T08:55:15.7057295Z ##[group]GITHUB_TOKEN Permissions
2026-10-02T08:55:15.7059429Z Contents: read
2026-10-02T08:55:15.7060005Z Metadata: read
2026-10-02T08:55:15.7060628Z Packages: read
2026-10-02T08:55:15.7061181Z ##[endgroup]
2026-10-02T08:55:15.7063323Z Secret source: Actions
2026-10-02T08:55:15.7064453Z Cache mode: write
2026-10-02T08:55:15.7065378Z Prepare workflow directory
2026-10-02T08:55:15.7368197Z Prepare all required actions
2026-10-02T08:55:15.7413168Z Getting action download info
2026-10-02T08:55:15.9578991Z Download action repository 'actions/checkout@v4' (SHA:11d5960a326750d5838078e36cf38b85af677262)
2026-10-02T08:55:16.7228920Z Download action repository 'actions/upload-artifact@v4' (SHA:ea165f8d65b6e75b540449e92b4886f43607fa02)
2026-10-02T08:55:16.9819926Z Complete job name: Native (C++ agent, build + CTest)
2026-10-02T08:55:17.0795397Z ##[group]Run actions/checkout@v4
2026-10-02T08:55:17.0796691Z with:
2026-10-02T08:55:17.0797527Z   repository: llongwang751-arch/mini-drop
2026-10-02T08:55:17.0805725Z   token: ***
2026-10-02T08:55:17.0806502Z   ssh-strict: true
2026-10-02T08:55:17.0807298Z   ssh-user: git
2026-10-02T08:55:17.0808099Z   persist-credentials: true
2026-10-02T08:55:17.0808989Z   clean: true
2026-10-02T08:55:17.0809794Z   sparse-checkout-cone-mode: true
2026-10-02T08:55:17.0810741Z   fetch-depth: 1
2026-10-02T08:55:17.0811524Z   fetch-tags: false
2026-10-02T08:55:17.0812351Z   show-progress: true
2026-10-02T08:55:17.0813173Z   lfs: false
2026-10-02T08:55:17.0814078Z   submodules: false
2026-10-02T08:55:17.0814900Z   set-safe-directory: true
2026-10-02T08:55:17.0815811Z   allow-unsafe-pr-checkout: false
2026-10-02T08:55:17.0816956Z ##[endgroup]
2026-10-02T08:55:17.1827756Z Syncing repository: llongwang751-arch/mini-drop
2026-10-02T08:55:17.1831525Z ##[group]Getting Git version info
2026-10-02T08:55:17.1833820Z Working directory is '/home/runner/work/mini-drop/mini-drop'
2026-10-02T08:55:17.1836757Z [command]/usr/bin/git version
2026-10-02T08:55:17.3472061Z git version 2.55.0
2026-10-02T08:55:17.3489949Z ##[endgroup]
2026-10-02T08:55:17.3505508Z Temporarily overriding HOME='/home/runner/work/_temp/ccabd00d-30ae-45dc-a48f-6f6b672b5028' before making global git config changes
2026-10-02T08:55:17.3509135Z Adding repository directory to the temporary git global config as a safe directory
2026-10-02T08:55:17.3512162Z [command]/usr/bin/git config --global --add safe.directory /home/runner/work/mini-drop/mini-drop
2026-10-02T08:55:17.3552057Z Deleting the contents of '/home/runner/work/mini-drop/mini-drop'
2026-10-02T08:55:17.3557859Z ##[group]Initializing the repository
2026-10-02T08:55:17.3560938Z [command]/usr/bin/git init /home/runner/work/mini-drop/mini-drop
2026-10-02T08:55:17.5924926Z hint: Using 'master' as the name for the initial branch. This default branch name
2026-10-02T08:55:17.5926397Z hint: will change to "main" in Git 3.0. To configure the initial branch name
2026-10-02T08:55:17.5927511Z hint: to use in all of your new repositories, which will suppress this warning,
2026-10-02T08:55:17.5928094Z hint: call:
2026-10-02T08:55:17.5928514Z hint:
2026-10-02T08:55:17.5929074Z hint: 	git config --global init.defaultBranch <name>
2026-10-02T08:55:17.5929534Z hint:
2026-10-02T08:55:17.5930075Z hint: Names commonly chosen instead of 'master' are 'main', 'trunk' and
2026-10-02T08:55:17.5934009Z hint: 'development'. The just-created branch can be renamed via this command:
2026-10-02T08:55:17.5934650Z hint:
2026-10-02T08:55:17.5934996Z hint: 	git branch -m <name>
2026-10-02T08:55:17.5935250Z hint:
2026-10-02T08:55:17.5935572Z hint: Disable this message with "git config set advice.defaultBranchName false"
2026-10-02T08:55:17.5936099Z Initialized empty Git repository in /home/runner/work/mini-drop/mini-drop/.git/
2026-10-02T08:55:17.5937447Z [command]/usr/bin/git remote add origin https://github.com/llongwang751-arch/mini-drop
2026-10-02T08:55:17.5977012Z ##[endgroup]
2026-10-02T08:55:17.5977686Z ##[group]Disabling automatic garbage collection
2026-10-02T08:55:17.5980853Z [command]/usr/bin/git config --local gc.auto 0
2026-10-02T08:55:17.6017008Z ##[endgroup]
2026-10-02T08:55:17.6017625Z ##[group]Setting up auth
2026-10-02T08:55:17.6022777Z [command]/usr/bin/git config --local --name-only --get-regexp core\.sshCommand
2026-10-02T08:55:17.6058057Z [command]/usr/bin/git submodule foreach --recursive sh -c "git config --local --name-only --get-regexp 'core\.sshCommand' && git config --local --unset-all 'core.sshCommand' || :"
2026-10-02T08:55:17.8138932Z [command]/usr/bin/git config --local --name-only --get-regexp http\.https\:\/\/github\.com\/\.extraheader
2026-10-02T08:55:17.8176612Z [command]/usr/bin/git submodule foreach --recursive sh -c "git config --local --name-only --get-regexp 'http\.https\:\/\/github\.com\/\.extraheader' && git config --local --unset-all 'http.https://github.com/.extraheader' || :"
2026-10-02T08:55:17.8425466Z [command]/usr/bin/git config --local --name-only --get-regexp ^includeIf\.gitdir:
2026-10-02T08:55:17.8463230Z [command]/usr/bin/git submodule foreach --recursive git config --local --show-origin --name-only --get-regexp remote.origin.url
2026-10-02T08:55:17.8715055Z [command]/usr/bin/git config --local http.https://github.com/.extraheader AUTHORIZATION: basic ***
2026-10-02T08:55:17.8759191Z ##[endgroup]
2026-10-02T08:55:17.8759995Z ##[group]Fetching the repository
2026-10-02T08:55:17.8768531Z [command]/usr/bin/git -c protocol.version=2 fetch --no-tags --prune --no-recurse-submodules --depth=1 origin +f1e5b2106d50c06758d2b23066ab010d6f16d5de:refs/remotes/pull/1/merge
2026-10-02T08:55:24.9835501Z From https://github.com/llongwang751-arch/mini-drop
2026-10-02T08:55:24.9836034Z  * [new ref]         f1e5b2106d50c06758d2b23066ab010d6f16d5de -> pull/1/merge
2026-10-02T08:55:24.9839234Z ##[endgroup]
2026-10-02T08:55:24.9839984Z ##[group]Determining the checkout info
2026-10-02T08:55:24.9842197Z ##[endgroup]
2026-10-02T08:55:24.9849283Z [command]/usr/bin/git sparse-checkout disable
2026-10-02T08:55:24.9957420Z [command]/usr/bin/git config --local --unset-all extensions.worktreeConfig
2026-10-02T08:55:25.0006556Z ##[group]Checking out the ref
2026-10-02T08:55:25.0014928Z [command]/usr/bin/git checkout --progress --force refs/remotes/pull/1/merge
2026-10-02T08:55:26.0182472Z Updating files:  70% (3092/4368)
2026-10-02T08:55:26.0374780Z Updating files:  71% (3102/4368)
2026-10-02T08:55:26.0424997Z Updating files:  72% (3145/4368)
2026-10-02T08:55:26.0485671Z Updating files:  73% (3189/4368)
2026-10-02T08:55:26.0548988Z Updating files:  74% (3233/4368)
2026-10-02T08:55:26.0623786Z Updating files:  75% (3276/4368)
2026-10-02T08:55:26.0677969Z Updating files:  76% (3320/4368)
2026-10-02T08:55:26.0714149Z Updating files:  77% (3364/4368)
2026-10-02T08:55:26.0732234Z Updating files:  78% (3408/4368)
2026-10-02T08:55:26.0772899Z Updating files:  79% (3451/4368)
2026-10-02T08:55:26.0807932Z Updating files:  80% (3495/4368)
2026-10-02T08:55:26.0840204Z Updating files:  81% (3539/4368)
2026-10-02T08:55:26.0898299Z Updating files:  82% (3582/4368)
2026-10-02T08:55:26.0930679Z Updating files:  83% (3626/4368)
2026-10-02T08:55:26.0974873Z Updating files:  84% (3670/4368)
2026-10-02T08:55:26.1059458Z Updating files:  85% (3713/4368)
2026-10-02T08:55:26.1109909Z Updating files:  86% (3757/4368)
2026-10-02T08:55:26.1164150Z Updating files:  87% (3801/4368)
2026-10-02T08:55:26.1193205Z Updating files:  88% (3844/4368)
2026-10-02T08:55:26.1228295Z Updating files:  89% (3888/4368)
2026-10-02T08:55:26.1256663Z Updating files:  90% (3932/4368)
2026-10-02T08:55:26.1301136Z Updating files:  91% (3975/4368)
2026-10-02T08:55:26.1325982Z Updating files:  92% (4019/4368)
2026-10-02T08:55:26.1351871Z Updating files:  93% (4063/4368)
2026-10-02T08:55:26.1377564Z Updating files:  94% (4106/4368)
2026-10-02T08:55:26.1407237Z Updating files:  95% (4150/4368)
2026-10-02T08:55:26.1529896Z Updating files:  96% (4194/4368)
2026-10-02T08:55:26.1551773Z Updating files:  97% (4237/4368)
2026-10-02T08:55:26.1576358Z Updating files:  98% (4281/4368)
2026-10-02T08:55:26.1598017Z Updating files:  99% (4325/4368)
2026-10-02T08:55:26.1598613Z Updating files: 100% (4368/4368)
2026-10-02T08:55:26.1598958Z Updating files: 100% (4368/4368), done.
2026-10-02T08:55:26.1655604Z Note: switching to 'refs/remotes/pull/1/merge'.
2026-10-02T08:55:26.1655957Z 
2026-10-02T08:55:26.1656149Z You are in 'detached HEAD' state. You can look around, make experimental
2026-10-02T08:55:26.1656643Z changes and commit them, and you can discard any commits you make in this
2026-10-02T08:55:26.1657044Z state without impacting any branches by switching back to a branch.
2026-10-02T08:55:26.1657277Z 
2026-10-02T08:55:26.1657433Z If you want to create a new branch to retain commits you create, you may
2026-10-02T08:55:26.1657814Z do so (now or later) by using -c with the switch command. Example:
2026-10-02T08:55:26.1658031Z 
2026-10-02T08:55:26.1658425Z   git switch -c <new-branch-name>
2026-10-02T08:55:26.1658595Z 
2026-10-02T08:55:26.1658686Z Or undo this operation with:
2026-10-02T08:55:26.1658819Z 
2026-10-02T08:55:26.1658900Z   git switch -
2026-10-02T08:55:26.1659006Z 
2026-10-02T08:55:26.1659193Z Turn off this advice by setting config variable advice.detachedHead to false
2026-10-02T08:55:26.1659584Z 
2026-10-02T08:55:26.1659878Z HEAD is now at f1e5b21 Merge df0d3ef00a945e7d909f73868819799b2b7cc7f7 into 609ea8a73f845b496b59b5cae181f515c5919850
2026-10-02T08:55:26.1760238Z ##[endgroup]
2026-10-02T08:55:26.1808076Z [command]/usr/bin/git log -1 --format=%H
2026-10-02T08:55:26.1846397Z f1e5b2106d50c06758d2b23066ab010d6f16d5de
2026-10-02T08:55:26.2069242Z ##[group]Run sudo apt-get update
2026-10-02T08:55:26.2069578Z [36;1msudo apt-get update[0m
2026-10-02T08:55:26.2069894Z [36;1msudo apt-get install -y --no-install-recommends \[0m
2026-10-02T08:55:26.2070317Z [36;1m  build-essential cmake libgrpc++-dev libprotobuf-dev libpqxx-dev \[0m
2026-10-02T08:55:26.2070791Z [36;1m  nlohmann-json3-dev pkg-config protobuf-compiler protobuf-compiler-grpc[0m
2026-10-02T08:55:26.4682165Z shell: /usr/bin/bash -e {0}
2026-10-02T08:55:26.4682521Z ##[endgroup]
2026-10-02T08:55:26.6315340Z Get:1 file:/etc/apt/apt-mirrors.txt Mirrorlist [144 B]
2026-10-02T08:55:26.6536400Z Get:6 https://packages.microsoft.com/ubuntu/22.04/prod jammy InRelease [3632 B]
2026-10-02T08:55:26.7827466Z Hit:2 http://azure.archive.ubuntu.com/ubuntu jammy InRelease
2026-10-02T08:55:26.7842307Z Get:3 http://azure.archive.ubuntu.com/ubuntu jammy-updates InRelease [128 kB]
2026-10-02T08:55:26.7863196Z Get:4 http://azure.archive.ubuntu.com/ubuntu jammy-backports InRelease [127 kB]
2026-10-02T08:55:26.7887477Z Get:5 http://azure.archive.ubuntu.com/ubuntu jammy-security InRelease [129 kB]
2026-10-02T08:55:26.8662932Z Get:7 https://packages.microsoft.com/ubuntu/22.04/prod jammy/main arm64 Packages [550 kB]
2026-10-02T08:55:26.8969091Z Get:8 https://packages.microsoft.com/ubuntu/22.04/prod jammy/main amd64 Packages [792 kB]
2026-10-02T08:55:27.0385156Z Get:9 http://azure.archive.ubuntu.com/ubuntu jammy-updates/main amd64 Packages [3899 kB]
2026-10-02T08:55:27.0578054Z Get:10 http://azure.archive.ubuntu.com/ubuntu jammy-updates/main Translation-en [575 kB]
2026-10-02T08:55:27.0611709Z Get:11 http://azure.archive.ubuntu.com/ubuntu jammy-updates/restricted amd64 Packages [6701 kB]
2026-10-02T08:55:27.0944757Z Get:12 http://azure.archive.ubuntu.com/ubuntu jammy-updates/restricted Translation-en [1287 kB]
2026-10-02T08:55:27.1007930Z Get:13 http://azure.archive.ubuntu.com/ubuntu jammy-updates/universe amd64 Packages [1285 kB]
2026-10-02T08:55:27.1070331Z Get:14 http://azure.archive.ubuntu.com/ubuntu jammy-updates/universe Translation-en [325 kB]
2026-10-02T08:55:27.2346582Z Get:15 http://azure.archive.ubuntu.com/ubuntu jammy-security/main amd64 Packages [3598 kB]
2026-10-02T08:55:27.2511262Z Get:16 http://azure.archive.ubuntu.com/ubuntu jammy-security/main Translation-en [504 kB]
2026-10-02T08:55:27.2560015Z Get:17 http://azure.archive.ubuntu.com/ubuntu jammy-security/restricted amd64 Packages [6410 kB]
2026-10-02T08:55:27.2884580Z Get:18 http://azure.archive.ubuntu.com/ubuntu jammy-security/restricted Translation-en [1232 kB]
2026-10-02T08:55:27.3435802Z Get:19 http://azure.archive.ubuntu.com/ubuntu jammy-security/universe amd64 Packages [1052 kB]
2026-10-02T08:55:27.3486079Z Get:20 http://azure.archive.ubuntu.com/ubuntu jammy-security/universe Translation-en [236 kB]
2026-10-02T08:55:38.4260586Z Fetched 28.8 MB in 3s (9018 kB/s)
2026-10-02T08:55:39.7850553Z Reading package lists...
2026-10-02T08:55:39.8537269Z Reading package lists...
2026-10-02T08:55:40.2003733Z Building dependency tree...
2026-10-02T08:55:40.2016090Z Reading state information...
2026-10-02T08:55:40.4697753Z build-essential is already the newest version (12.9ubuntu3).
2026-10-02T08:55:40.4698387Z build-essential set to manually installed.
2026-10-02T08:55:40.4698904Z The following additional packages will be installed:
2026-10-02T08:55:40.4700245Z   cmake-data dh-elpa-helper libabsl20210324 libgrpc++1 libgrpc-dev libgrpc10
2026-10-02T08:55:40.4709229Z   libjsoncpp25 libpqxx-6.4 libprotobuf23 libprotoc23 librhash0
2026-10-02T08:55:40.4716840Z Suggested packages:
2026-10-02T08:55:40.4717229Z   cmake-doc ninja-build cmake-format libpqxx-doc protobuf-mode-el
2026-10-02T08:55:40.5008891Z The following packages will be REMOVED:
2026-10-02T08:55:40.5011439Z   pkgconf r-base-dev
2026-10-02T08:55:40.5012310Z The following NEW packages will be installed:
2026-10-02T08:55:40.5017176Z   cmake cmake-data dh-elpa-helper libabsl20210324 libgrpc++-dev libgrpc++1
2026-10-02T08:55:40.5019408Z   libgrpc-dev libgrpc10 libjsoncpp25 libpqxx-6.4 libpqxx-dev libprotobuf-dev
2026-10-02T08:55:40.5029225Z   libprotobuf23 libprotoc23 librhash0 nlohmann-json3-dev pkg-config
2026-10-02T08:55:40.5031928Z   protobuf-compiler protobuf-compiler-grpc
2026-10-02T08:55:40.5241400Z 0 upgraded, 19 newly installed, 2 to remove and 20 not upgraded.
2026-10-02T08:55:40.5241936Z Need to get 14.7 MB of archives.
2026-10-02T08:55:40.5242404Z After this operation, 81.5 MB of additional disk space will be used.
2026-10-02T08:55:40.5242999Z Get:1 file:/etc/apt/apt-mirrors.txt Mirrorlist [144 B]
2026-10-02T08:55:40.7130627Z Get:2 http://azure.archive.ubuntu.com/ubuntu jammy/main amd64 pkg-config amd64 0.29.2-1ubuntu3 [48.2 kB]
2026-10-02T08:55:40.7959781Z Get:3 http://azure.archive.ubuntu.com/ubuntu jammy/main amd64 libjsoncpp25 amd64 1.9.5-3 [80.0 kB]
2026-10-02T08:55:40.8813794Z Get:4 http://azure.archive.ubuntu.com/ubuntu jammy/main amd64 librhash0 amd64 1.4.2-1ubuntu1 [125 kB]
2026-10-02T08:55:40.9653809Z Get:5 http://azure.archive.ubuntu.com/ubuntu jammy/main amd64 dh-elpa-helper all 2.0.9ubuntu1 [7610 B]
2026-10-02T08:55:41.0474574Z Get:6 http://azure.archive.ubuntu.com/ubuntu jammy-updates/main amd64 cmake-data all 3.22.1-1ubuntu1.22.04.2 [1913 kB]
2026-10-02T08:55:41.1800880Z Get:7 http://azure.archive.ubuntu.com/ubuntu jammy-updates/main amd64 cmake amd64 3.22.1-1ubuntu1.22.04.2 [5010 kB]
2026-10-02T08:55:41.3921704Z Get:8 http://azure.archive.ubuntu.com/ubuntu jammy-updates/main amd64 libabsl20210324 amd64 0~20210324.2-2ubuntu0.3 [386 kB]
2026-10-02T08:55:41.4841786Z Get:9 http://azure.archive.ubuntu.com/ubuntu jammy/universe amd64 libgrpc10 amd64 1.30.2-3build6 [1470 kB]
2026-10-02T08:55:41.6034105Z Get:10 http://azure.archive.ubuntu.com/ubuntu jammy-updates/main amd64 libprotobuf23 amd64 3.12.4-1ubuntu7.22.04.6 [877 kB]
2026-10-02T08:55:41.7215561Z Get:11 http://azure.archive.ubuntu.com/ubuntu jammy/universe amd64 libgrpc++1 amd64 1.30.2-3build6 [402 kB]
2026-10-02T08:55:41.8154179Z Get:12 http://azure.archive.ubuntu.com/ubuntu jammy/universe amd64 libgrpc-dev amd64 1.30.2-3build6 [1066 kB]
2026-10-02T08:55:41.9288513Z Get:13 http://azure.archive.ubuntu.com/ubuntu jammy/universe amd64 libgrpc++-dev amd64 1.30.2-3build6 [564 kB]
2026-10-02T08:55:42.0433881Z Get:14 http://azure.archive.ubuntu.com/ubuntu jammy/universe amd64 libpqxx-6.4 amd64 6.4.5-2build1 [155 kB]
2026-10-02T08:55:42.1339720Z Get:15 http://azure.archive.ubuntu.com/ubuntu jammy/universe amd64 libpqxx-dev amd64 6.4.5-2build1 [243 kB]
2026-10-02T08:55:42.2299830Z Get:16 http://azure.archive.ubuntu.com/ubuntu jammy-updates/main amd64 libprotoc23 amd64 3.12.4-1ubuntu7.22.04.6 [662 kB]
2026-10-02T08:55:42.3532331Z Get:17 http://azure.archive.ubuntu.com/ubuntu jammy/universe amd64 nlohmann-json3-dev all 3.10.5-2 [167 kB]
2026-10-02T08:55:42.4421382Z Get:18 http://azure.archive.ubuntu.com/ubuntu jammy-updates/universe amd64 protobuf-compiler amd64 3.12.4-1ubuntu7.22.04.6 [29.2 kB]
2026-10-02T08:55:42.5271484Z Get:19 http://azure.archive.ubuntu.com/ubuntu jammy/universe amd64 protobuf-compiler-grpc amd64 1.30.2-3build6 [185 kB]
2026-10-02T08:55:42.6173202Z Get:20 http://azure.archive.ubuntu.com/ubuntu jammy-updates/main amd64 libprotobuf-dev amd64 3.12.4-1ubuntu7.22.04.6 [1347 kB]
2026-10-02T08:55:43.0825372Z Fetched 14.7 MB in 2s (6764 kB/s)
2026-10-02T08:55:43.1256953Z (Reading database ... 
2026-10-02T08:55:43.1257433Z (Reading database ... 5%
2026-10-02T08:55:43.1257947Z (Reading database ... 10%
2026-10-02T08:55:43.1258333Z (Reading database ... 15%
2026-10-02T08:55:43.1258602Z (Reading database ... 20%
2026-10-02T08:55:43.1258874Z (Reading database ... 25%
2026-10-02T08:55:43.1259140Z (Reading database ... 30%
2026-10-02T08:55:43.1259407Z (Reading database ... 35%
2026-10-02T08:55:43.1259606Z (Reading database ... 40%
2026-10-02T08:55:43.1259803Z (Reading database ... 45%
2026-10-02T08:55:43.1260021Z (Reading database ... 50%
2026-10-02T08:55:43.1949580Z (Reading database ... 55%
2026-10-02T08:55:43.3836227Z (Reading database ... 60%
2026-10-02T08:55:43.6072704Z (Reading database ... 65%
2026-10-02T08:55:43.8794408Z (Reading database ... 70%
2026-10-02T08:55:44.1404504Z (Reading database ... 75%
2026-10-02T08:55:44.4851907Z (Reading database ... 80%
2026-10-02T08:55:44.7315406Z (Reading database ... 85%
2026-10-02T08:55:45.1024540Z (Reading database ... 90%
2026-10-02T08:55:45.4529879Z (Reading database ... 95%
2026-10-02T08:55:45.4530279Z (Reading database ... 100%
2026-10-02T08:55:45.4530700Z (Reading database ... 260410 files and directories currently installed.)
2026-10-02T08:55:45.4601424Z Removing r-base-dev (4.6.1-6.2204.0) ...
2026-10-02T08:55:45.7139321Z dpkg: pkgconf: dependency problems, but removing anyway as you requested:
2026-10-02T08:55:45.7139973Z  php8.1-dev depends on pkg-config; however:
2026-10-02T08:55:45.7140415Z   Package pkg-config is not installed.
2026-10-02T08:55:45.7140887Z   Package pkgconf which provides pkg-config is to be removed.
2026-10-02T08:55:45.7141379Z  mono-devel depends on pkg-config; however:
2026-10-02T08:55:45.7141777Z   Package pkg-config is not installed.
2026-10-02T08:55:45.7142298Z   Package pkgconf which provides pkg-config is to be removed.
2026-10-02T08:55:45.7142818Z  libmagickwand-6.q16-dev:amd64 depends on pkg-config; however:
2026-10-02T08:55:45.7143250Z   Package pkg-config is not installed.
2026-10-02T08:55:45.7143861Z   Package pkgconf which provides pkg-config is to be removed.
2026-10-02T08:55:45.7144362Z  libmagickcore-6.q16-dev:amd64 depends on pkg-config; however:
2026-10-02T08:55:45.7145105Z   Package pkg-config is not installed.
2026-10-02T08:55:45.7145517Z   Package pkgconf which provides pkg-config is to be removed.
2026-10-02T08:55:45.7145972Z  libglib2.0-dev:amd64 depends on pkg-config; however:
2026-10-02T08:55:45.7146362Z   Package pkg-config is not installed.
2026-10-02T08:55:45.7146779Z   Package pkgconf which provides pkg-config is to be removed.
2026-10-02T08:55:45.7147264Z  libfontconfig-dev:amd64 depends on pkg-config; however:
2026-10-02T08:55:45.7147683Z   Package pkg-config is not installed.
2026-10-02T08:55:45.7148099Z   Package pkgconf which provides pkg-config is to be removed.
2026-10-02T08:55:45.7148397Z 
2026-10-02T08:55:45.7215707Z Removing pkgconf (1.8.0-1) ...
2026-10-02T08:55:45.8240356Z Removing 'diversion of /usr/bin/pkg-config to /usr/bin/pkg-config.real by pkgconf'
2026-10-02T08:55:45.8379922Z Removing 'diversion of /usr/share/aclocal/pkg.m4 to /usr/share/aclocal/pkg.real.m4 by pkgconf'
2026-10-02T08:55:45.8516189Z Removing 'diversion of /usr/share/man/man1/pkg-config.1.gz to /usr/share/man/man1/pkg-config.real.1.gz by pkgconf'
2026-10-02T08:55:45.9958784Z Removing 'diversion of /usr/share/pkg-config-crosswrapper to /usr/share/pkg-config-crosswrapper.real by pkgconf'
2026-10-02T08:55:46.3243735Z Selecting previously unselected package pkg-config.
2026-10-02T08:55:46.3324951Z (Reading database ... 
2026-10-02T08:55:46.3325359Z (Reading database ... 5%
2026-10-02T08:55:46.3325695Z (Reading database ... 10%
2026-10-02T08:55:46.3326009Z (Reading database ... 15%
2026-10-02T08:55:46.3326301Z (Reading database ... 20%
2026-10-02T08:55:46.3326623Z (Reading database ... 25%
2026-10-02T08:55:46.3326914Z (Reading database ... 30%
2026-10-02T08:55:46.3327200Z (Reading database ... 35%
2026-10-02T08:55:46.3327498Z (Reading database ... 40%
2026-10-02T08:55:46.3327783Z (Reading database ... 45%
2026-10-02T08:55:46.3328087Z (Reading database ... 50%
2026-10-02T08:55:46.3360070Z (Reading database ... 55%
2026-10-02T08:55:46.3392095Z (Reading database ... 60%
2026-10-02T08:55:46.3419676Z (Reading database ... 65%
2026-10-02T08:55:46.3548483Z (Reading database ... 70%
2026-10-02T08:55:46.3594284Z (Reading database ... 75%
2026-10-02T08:55:46.3666097Z (Reading database ... 80%
2026-10-02T08:55:46.4060459Z (Reading database ... 85%
2026-10-02T08:55:46.4079785Z (Reading database ... 90%
2026-10-02T08:55:46.4463195Z (Reading database ... 95%
2026-10-02T08:55:46.4463503Z (Reading database ... 100%
2026-10-02T08:55:46.4464043Z (Reading database ... 260388 files and directories currently installed.)
2026-10-02T08:55:46.4534048Z Preparing to unpack .../00-pkg-config_0.29.2-1ubuntu3_amd64.deb ...
2026-10-02T08:55:46.4542363Z Unpacking pkg-config (0.29.2-1ubuntu3) ...
2026-10-02T08:55:46.4802413Z Selecting previously unselected package libjsoncpp25:amd64.
2026-10-02T08:55:46.5008568Z Preparing to unpack .../01-libjsoncpp25_1.9.5-3_amd64.deb ...
2026-10-02T08:55:46.5025355Z Unpacking libjsoncpp25:amd64 (1.9.5-3) ...
2026-10-02T08:55:46.5449327Z Selecting previously unselected package librhash0:amd64.
2026-10-02T08:55:46.5659925Z Preparing to unpack .../02-librhash0_1.4.2-1ubuntu1_amd64.deb ...
2026-10-02T08:55:46.5673258Z Unpacking librhash0:amd64 (1.4.2-1ubuntu1) ...
2026-10-02T08:55:46.5909502Z Selecting previously unselected package dh-elpa-helper.
2026-10-02T08:55:46.6120983Z Preparing to unpack .../03-dh-elpa-helper_2.0.9ubuntu1_all.deb ...
2026-10-02T08:55:46.6128012Z Unpacking dh-elpa-helper (2.0.9ubuntu1) ...
2026-10-02T08:55:46.6420541Z Selecting previously unselected package cmake-data.
2026-10-02T08:55:46.6627639Z Preparing to unpack .../04-cmake-data_3.22.1-1ubuntu1.22.04.2_all.deb ...
2026-10-02T08:55:46.6707083Z Unpacking cmake-data (3.22.1-1ubuntu1.22.04.2) ...
2026-10-02T08:55:47.3961087Z Selecting previously unselected package cmake.
2026-10-02T08:55:47.4184470Z Preparing to unpack .../05-cmake_3.22.1-1ubuntu1.22.04.2_amd64.deb ...
2026-10-02T08:55:47.4191250Z Unpacking cmake (3.22.1-1ubuntu1.22.04.2) ...
2026-10-02T08:55:47.7036178Z Selecting previously unselected package libabsl20210324:amd64.
2026-10-02T08:55:47.7253451Z Preparing to unpack .../06-libabsl20210324_0~20210324.2-2ubuntu0.3_amd64.deb ...
2026-10-02T08:55:47.7262091Z Unpacking libabsl20210324:amd64 (0~20210324.2-2ubuntu0.3) ...
2026-10-02T08:55:47.9241072Z Selecting previously unselected package libgrpc10:amd64.
2026-10-02T08:55:47.9456453Z Preparing to unpack .../07-libgrpc10_1.30.2-3build6_amd64.deb ...
2026-10-02T08:55:47.9464569Z Unpacking libgrpc10:amd64 (1.30.2-3build6) ...
2026-10-02T08:55:48.0248223Z Selecting previously unselected package libprotobuf23:amd64.
2026-10-02T08:55:48.0463835Z Preparing to unpack .../08-libprotobuf23_3.12.4-1ubuntu7.22.04.6_amd64.deb ...
2026-10-02T08:55:48.0472727Z Unpacking libprotobuf23:amd64 (3.12.4-1ubuntu7.22.04.6) ...
2026-10-02T08:55:48.1061064Z Selecting previously unselected package libgrpc++1:amd64.
2026-10-02T08:55:48.1273347Z Preparing to unpack .../09-libgrpc++1_1.30.2-3build6_amd64.deb ...
2026-10-02T08:55:48.1281101Z Unpacking libgrpc++1:amd64 (1.30.2-3build6) ...
2026-10-02T08:55:48.1584820Z Selecting previously unselected package libgrpc-dev:amd64.
2026-10-02T08:55:48.1798999Z Preparing to unpack .../10-libgrpc-dev_1.30.2-3build6_amd64.deb ...
2026-10-02T08:55:48.1882130Z Unpacking libgrpc-dev:amd64 (1.30.2-3build6) ...
2026-10-02T08:55:48.3329413Z Selecting previously unselected package libgrpc++-dev:amd64.
2026-10-02T08:55:48.3542263Z Preparing to unpack .../11-libgrpc++-dev_1.30.2-3build6_amd64.deb ...
2026-10-02T08:55:48.3549366Z Unpacking libgrpc++-dev:amd64 (1.30.2-3build6) ...
2026-10-02T08:55:48.4375983Z Selecting previously unselected package libpqxx-6.4.
2026-10-02T08:55:48.4590622Z Preparing to unpack .../12-libpqxx-6.4_6.4.5-2build1_amd64.deb ...
2026-10-02T08:55:48.4597459Z Unpacking libpqxx-6.4 (6.4.5-2build1) ...
2026-10-02T08:55:48.5813299Z Selecting previously unselected package libpqxx-dev.
2026-10-02T08:55:48.6024143Z Preparing to unpack .../13-libpqxx-dev_6.4.5-2build1_amd64.deb ...
2026-10-02T08:55:48.6030702Z Unpacking libpqxx-dev (6.4.5-2build1) ...
2026-10-02T08:55:48.7782304Z Selecting previously unselected package libprotoc23:amd64.
2026-10-02T08:55:48.7996361Z Preparing to unpack .../14-libprotoc23_3.12.4-1ubuntu7.22.04.6_amd64.deb ...
2026-10-02T08:55:48.8003990Z Unpacking libprotoc23:amd64 (3.12.4-1ubuntu7.22.04.6) ...
2026-10-02T08:55:49.0015260Z Selecting previously unselected package nlohmann-json3-dev.
2026-10-02T08:55:49.0227324Z Preparing to unpack .../15-nlohmann-json3-dev_3.10.5-2_all.deb ...
2026-10-02T08:55:49.0340316Z Unpacking nlohmann-json3-dev (3.10.5-2) ...
2026-10-02T08:55:49.1029946Z Selecting previously unselected package protobuf-compiler.
2026-10-02T08:55:49.1244437Z Preparing to unpack .../16-protobuf-compiler_3.12.4-1ubuntu7.22.04.6_amd64.deb ...
2026-10-02T08:55:49.1251506Z Unpacking protobuf-compiler (3.12.4-1ubuntu7.22.04.6) ...
2026-10-02T08:55:49.1509662Z Selecting previously unselected package protobuf-compiler-grpc.
2026-10-02T08:55:49.1722728Z Preparing to unpack .../17-protobuf-compiler-grpc_1.30.2-3build6_amd64.deb ...
2026-10-02T08:55:49.1730068Z Unpacking protobuf-compiler-grpc (1.30.2-3build6) ...
2026-10-02T08:55:49.2018905Z Selecting previously unselected package libprotobuf-dev:amd64.
2026-10-02T08:55:49.2239404Z Preparing to unpack .../18-libprotobuf-dev_3.12.4-1ubuntu7.22.04.6_amd64.deb ...
2026-10-02T08:55:49.2246833Z Unpacking libprotobuf-dev:amd64 (3.12.4-1ubuntu7.22.04.6) ...
2026-10-02T08:55:49.5388560Z Setting up libprotobuf23:amd64 (3.12.4-1ubuntu7.22.04.6) ...
2026-10-02T08:55:49.7485274Z Setting up libprotobuf-dev:amd64 (3.12.4-1ubuntu7.22.04.6) ...
2026-10-02T08:55:49.7500471Z Setting up dh-elpa-helper (2.0.9ubuntu1) ...
2026-10-02T08:55:49.7515354Z Setting up libprotoc23:amd64 (3.12.4-1ubuntu7.22.04.6) ...
2026-10-02T08:55:49.7530405Z Setting up libjsoncpp25:amd64 (1.9.5-3) ...
2026-10-02T08:55:49.7546450Z Setting up pkg-config (0.29.2-1ubuntu3) ...
2026-10-02T08:55:49.7874044Z Setting up libabsl20210324:amd64 (0~20210324.2-2ubuntu0.3) ...
2026-10-02T08:55:49.7890042Z Setting up libpqxx-6.4 (6.4.5-2build1) ...
2026-10-02T08:55:49.7906561Z Setting up librhash0:amd64 (1.4.2-1ubuntu1) ...
2026-10-02T08:55:49.7921920Z Setting up cmake-data (3.22.1-1ubuntu1.22.04.2) ...
2026-10-02T08:55:49.8418370Z Setting up nlohmann-json3-dev (3.10.5-2) ...
2026-10-02T08:55:49.8435256Z Setting up libpqxx-dev (6.4.5-2build1) ...
2026-10-02T08:55:49.8452044Z Setting up protobuf-compiler (3.12.4-1ubuntu7.22.04.6) ...
2026-10-02T08:55:49.8468120Z Setting up protobuf-compiler-grpc (1.30.2-3build6) ...
2026-10-02T08:55:49.8485904Z Setting up libgrpc10:amd64 (1.30.2-3build6) ...
2026-10-02T08:55:49.8508249Z Setting up cmake (3.22.1-1ubuntu1.22.04.2) ...
2026-10-02T08:55:49.8532268Z Setting up libgrpc++1:amd64 (1.30.2-3build6) ...
2026-10-02T08:55:49.8548357Z Setting up libgrpc-dev:amd64 (1.30.2-3build6) ...
2026-10-02T08:55:49.8569451Z Setting up libgrpc++-dev:amd64 (1.30.2-3build6) ...
2026-10-02T08:55:49.8592396Z Processing triggers for man-db (2.10.2-1) ...
2026-10-02T08:55:49.8614504Z Not building database; man-db/auto-update is not 'true'.
2026-10-02T08:55:49.8630453Z Processing triggers for libc-bin (2.35-0ubuntu3.15) ...
2026-10-02T08:55:53.2004854Z 
2026-10-02T08:55:53.2005917Z Running kernel seems to be up-to-date.
2026-10-02T08:55:53.2006299Z 
2026-10-02T08:55:53.2006426Z No services need to be restarted.
2026-10-02T08:55:53.2006657Z 
2026-10-02T08:55:53.2006793Z No containers need to be restarted.
2026-10-02T08:55:53.2007006Z 
2026-10-02T08:55:53.2007165Z No user sessions are running outdated binaries.
2026-10-02T08:55:53.2007424Z 
2026-10-02T08:55:53.2007710Z No VM guests are running outdated hypervisor (qemu) binaries on this host.
2026-10-02T08:55:55.1604430Z ##[group]Run cmake -S native/agent -B /tmp/build-agent -DCMAKE_BUILD_TYPE=Release
2026-10-02T08:55:55.1604958Z [36;1mcmake -S native/agent -B /tmp/build-agent -DCMAKE_BUILD_TYPE=Release[0m
2026-10-02T08:55:55.1672330Z shell: /usr/bin/bash -e {0}
2026-10-02T08:55:55.1672573Z ##[endgroup]
2026-10-02T08:55:56.9433846Z -- The CXX compiler identification is GNU 11.4.0
2026-10-02T08:55:57.7312326Z -- Detecting CXX compiler ABI info
2026-10-02T08:55:57.8494075Z -- Detecting CXX compiler ABI info - done
2026-10-02T08:55:57.8641055Z -- Check for working CXX compiler: /usr/bin/c++ - skipped
2026-10-02T08:55:58.0973467Z -- Detecting CXX compile features
2026-10-02T08:55:58.0980054Z -- Detecting CXX compile features - done
2026-10-02T08:55:58.1302846Z -- Found PkgConfig: /usr/bin/pkg-config (found version "0.29.2")
2026-10-02T08:55:58.1308526Z -- Checking for module 'grpc++'
2026-10-02T08:55:58.1396348Z --   Found grpc++, version 1.30.2
2026-10-02T08:55:58.1681391Z -- Checking for module 'protobuf'
2026-10-02T08:55:58.1764421Z --   Found protobuf, version 3.12.4
2026-10-02T08:55:58.1971392Z -- Configuring done (2.7s)
2026-10-02T08:55:58.2074679Z -- Generating done (0.0s)
2026-10-02T08:55:58.2506425Z -- Build files have been written to: /tmp/build-agent
2026-10-02T08:55:58.2575010Z ##[group]Run cmake --build /tmp/build-agent --parallel
2026-10-02T08:55:58.2575380Z [36;1mcmake --build /tmp/build-agent --parallel[0m
2026-10-02T08:55:58.2640349Z shell: /usr/bin/bash -e {0}
2026-10-02T08:55:58.2640580Z ##[endgroup]
2026-10-02T08:55:58.2989467Z [  2%] Generating generated/common.pb.cc, generated/common.grpc.pb.cc, generated/errorcode.pb.cc, generated/errorcode.grpc.pb.cc, generated/taskkind.pb.cc, generated/taskkind.grpc.pb.cc, generated/hotmethod.pb.cc, generated/hotmethod.grpc.pb.cc, generated/healthcheck.pb.cc, generated/healthcheck.grpc.pb.cc, generated/init.pb.cc, generated/init.grpc.pb.cc
2026-10-02T08:55:58.3064761Z [  5%] Building CXX object CMakeFiles/self-metrics-test.dir/tests/self_metrics_test.cpp.o
2026-10-02T08:55:58.3066794Z [  8%] Building CXX object CMakeFiles/result-outbox-test.dir/tests/result_outbox_test.cpp.o
2026-10-02T08:55:58.3133304Z [ 13%] Building CXX object CMakeFiles/perf-samples-test.dir/tests/perf_samples_test.cpp.o
2026-10-02T08:55:58.3135455Z [ 13%] Building CXX object CMakeFiles/process-snapshot-test.dir/tests/process_snapshot_test.cpp.o
2026-10-02T08:55:58.3164427Z [ 16%] Building CXX object CMakeFiles/process-snapshot-test.dir/src/process_snapshot.cpp.o
2026-10-02T08:55:58.3194332Z [ 18%] Building CXX object CMakeFiles/result-outbox-test.dir/src/result_outbox.cpp.o
2026-10-02T08:55:58.3254394Z [ 21%] Building CXX object CMakeFiles/runtime-guard-test.dir/tests/runtime_guard_test.cpp.o
2026-10-02T08:55:58.3675726Z [ 24%] Building CXX object CMakeFiles/mini-drop-native-agent.dir/src/main.cpp.o
2026-10-02T08:55:58.3676927Z [ 27%] Building CXX object CMakeFiles/mini-drop-native-agent.dir/src/process_runner.cpp.o
2026-10-02T08:55:58.3679426Z [ 32%] Building CXX object CMakeFiles/mini-drop-native-agent.dir/src/process_snapshot.cpp.o
2026-10-02T08:55:58.3680357Z [ 32%] Building CXX object CMakeFiles/mini-drop-native-agent.dir/src/config.cpp.o
2026-10-02T08:55:58.3695585Z [ 35%] Building CXX object CMakeFiles/mini-drop-native-agent.dir/src/perf_collector.cpp.o
2026-10-02T08:55:58.3698728Z [ 37%] Building CXX object CMakeFiles/mini-drop-native-agent.dir/src/collector_registry.cpp.o
2026-10-02T08:55:58.3699839Z [ 40%] Building CXX object CMakeFiles/mini-drop-native-agent.dir/src/artifact_uploader.cpp.o
2026-10-02T08:55:58.3866872Z [ 43%] Building CXX object CMakeFiles/mini-drop-native-agent.dir/src/ebpf_io_collector.cpp.o
2026-10-02T08:55:58.3896323Z [ 45%] Building CXX object CMakeFiles/mini-drop-native-agent.dir/src/language_collectors.cpp.o
2026-10-02T08:55:58.3944969Z [ 48%] Building CXX object CMakeFiles/mini-drop-native-agent.dir/src/proc_collectors.cpp.o
2026-10-02T08:55:58.3969686Z [ 51%] Building CXX object CMakeFiles/mini-drop-native-agent.dir/src/result_outbox.cpp.o
2026-10-02T08:55:58.4004632Z [ 54%] Building CXX object CMakeFiles/mini-drop-native-agent.dir/generated/common.grpc.pb.cc.o
2026-10-02T08:55:58.4005819Z [ 56%] Building CXX object CMakeFiles/mini-drop-native-agent.dir/generated/common.pb.cc.o
2026-10-02T08:55:58.4014783Z [ 59%] Building CXX object CMakeFiles/mini-drop-native-agent.dir/generated/errorcode.pb.cc.o
2026-10-02T08:55:58.4030579Z [ 62%] Building CXX object CMakeFiles/mini-drop-native-agent.dir/generated/errorcode.grpc.pb.cc.o
2026-10-02T08:55:58.4269476Z [ 64%] Building CXX object CMakeFiles/mini-drop-native-agent.dir/generated/taskkind.pb.cc.o
2026-10-02T08:55:58.4314608Z [ 67%] Building CXX object CMakeFiles/mini-drop-native-agent.dir/generated/taskkind.grpc.pb.cc.o
2026-10-02T08:55:58.4315799Z [ 70%] Building CXX object CMakeFiles/mini-drop-native-agent.dir/generated/hotmethod.pb.cc.o
2026-10-02T08:55:58.4327129Z [ 72%] Building CXX object CMakeFiles/mini-drop-native-agent.dir/generated/hotmethod.grpc.pb.cc.o
2026-10-02T08:55:58.4457341Z [ 75%] Building CXX object CMakeFiles/mini-drop-native-agent.dir/generated/init.grpc.pb.cc.o
2026-10-02T08:55:58.4522477Z [ 78%] Building CXX object CMakeFiles/mini-drop-native-agent.dir/generated/healthcheck.pb.cc.o
2026-10-02T08:55:58.4524319Z [ 81%] Building CXX object CMakeFiles/mini-drop-native-agent.dir/generated/healthcheck.grpc.pb.cc.o
2026-10-02T08:55:58.4525377Z [ 83%] Building CXX object CMakeFiles/mini-drop-native-agent.dir/generated/init.pb.cc.o
2026-10-02T08:56:04.1604534Z /home/runner/work/mini-drop/mini-drop/native/agent/src/language_collectors.cpp: In member function ‘virtual mini_drop_native::TaskResult mini_drop_native::{anonymous}::PySpyCollector::collect(const mini_drop_native::Config&, const mini_drop_native::Task&, const std::atomic<bool>&, std::atomic<bool>&) const’:
2026-10-02T08:56:04.1726035Z /home/runner/work/mini-drop/mini-drop/native/agent/src/language_collectors.cpp:176:82: warning: missing initializer for member ‘mini_drop_native::TaskResult::task_attempt_authority’ [-Wmissing-field-initializers]
2026-10-02T08:56:04.1814851Z   176 |       return {task.id, false, "py-spy is not installed in native Agent image", ""};
2026-10-02T08:56:04.1965315Z       |                                                                                  ^
2026-10-02T08:56:04.2107272Z /home/runner/work/mini-drop/mini-drop/native/agent/src/language_collectors.cpp:176:82: warning: missing initializer for member ‘mini_drop_native::TaskResult::task_attempt_id’ [-Wmissing-field-initializers]
2026-10-02T08:56:04.2236351Z /home/runner/work/mini-drop/mini-drop/native/agent/src/language_collectors.cpp:176:82: warning: missing initializer for member ‘mini_drop_native::TaskResult::error_code’ [-Wmissing-field-initializers]
2026-10-02T08:56:04.2327251Z /home/runner/work/mini-drop/mini-drop/native/agent/src/language_collectors.cpp: In member function ‘virtual mini_drop_native::TaskResult mini_drop_native::{anonymous}::AsyncProfilerCollector::collect(const mini_drop_native::Config&, const mini_drop_native::Task&, const std::atomic<bool>&, std::atomic<bool>&) const’:
2026-10-02T08:56:04.2446163Z /home/runner/work/mini-drop/mini-drop/native/agent/src/language_collectors.cpp:202:17: warning: missing initializer for member ‘mini_drop_native::TaskResult::task_attempt_authority’ [-Wmissing-field-initializers]
2026-10-02T08:56:04.2564766Z   202 |               ""};
2026-10-02T08:56:04.2654475Z       |                 ^
2026-10-02T08:56:04.2806313Z /home/runner/work/mini-drop/mini-drop/native/agent/src/language_collectors.cpp:202:17: warning: missing initializer for member ‘mini_drop_native::TaskResult::task_attempt_id’ [-Wmissing-field-initializers]
2026-10-02T08:56:04.2886294Z /home/runner/work/mini-drop/mini-drop/native/agent/src/language_collectors.cpp:202:17: warning: missing initializer for member ‘mini_drop_native::TaskResult::error_code’ [-Wmissing-field-initializers]
2026-10-02T08:56:04.3056400Z /home/runner/work/mini-drop/mini-drop/native/agent/src/language_collectors.cpp:209:17: warning: missing initializer for member ‘mini_drop_native::TaskResult::task_attempt_authority’ [-Wmissing-field-initializers]
2026-10-02T08:56:04.3114728Z   209 |               ""};
2026-10-02T08:56:04.3254744Z       |                 ^
2026-10-02T08:56:04.3376364Z /home/runner/work/mini-drop/mini-drop/native/agent/src/language_collectors.cpp:209:17: warning: missing initializer for member ‘mini_drop_native::TaskResult::task_attempt_id’ [-Wmissing-field-initializers]
2026-10-02T08:56:04.3496203Z /home/runner/work/mini-drop/mini-drop/native/agent/src/language_collectors.cpp:209:17: warning: missing initializer for member ‘mini_drop_native::TaskResult::error_code’ [-Wmissing-field-initializers]
2026-10-02T08:56:05.4704808Z [ 86%] Linking CXX executable self-metrics-test
2026-10-02T08:56:05.9902146Z In file included from /tmp/build-agent/generated/hotmethod.pb.cc:4:
2026-10-02T08:56:06.0045794Z /tmp/build-agent/generated/hotmethod.pb.h: In member function ‘mini_drop::RecordArgv* mini_drop::TaskDesc::release_sample_argv()’:
2026-10-02T08:56:06.0196211Z /tmp/build-agent/generated/hotmethod.pb.h:3159:47: warning: ‘mini_drop::RecordArgv* mini_drop::TaskDesc::unsafe_arena_release_sample_argv()’ is deprecated [-Wdeprecated-declarations]
2026-10-02T08:56:06.0374681Z  3159 |   auto temp = unsafe_arena_release_sample_argv();
2026-10-02T08:56:06.0473791Z       |               ~~~~~~~~~~~~~~~~~~~~~~~~~~~~~~~~^~
2026-10-02T08:56:06.0607709Z /tmp/build-agent/generated/hotmethod.pb.h:449:48: note: declared here
2026-10-02T08:56:06.0764725Z   449 |   PROTOBUF_DEPRECATED ::mini_drop::RecordArgv* unsafe_arena_release_sample_argv();
2026-10-02T08:56:06.0844475Z       |                                                ^~~~~~~~~~~~~~~~~~~~~~~~~~~~~~~~
2026-10-02T08:56:06.1005621Z /tmp/build-agent/generated/hotmethod.pb.h: In member function ‘mini_drop::CosConfig* mini_drop::TaskDesc::release_cos_config()’:
2026-10-02T08:56:06.1116224Z /tmp/build-agent/generated/hotmethod.pb.h:3355:46: warning: ‘mini_drop::CosConfig* mini_drop::TaskDesc::unsafe_arena_release_cos_config()’ is deprecated [-Wdeprecated-declarations]
2026-10-02T08:56:06.1214842Z  3355 |   auto temp = unsafe_arena_release_cos_config();
2026-10-02T08:56:06.1392324Z       |               ~~~~~~~~~~~~~~~~~~~~~~~~~~~~~~~^~
2026-10-02T08:56:06.1392876Z [ 89%] Linking CXX executable perf-samples-test
2026-10-02T08:56:06.1544933Z /tmp/build-agent/generated/hotmethod.pb.h:467:47: note: declared here
2026-10-02T08:56:06.1594980Z   467 |   PROTOBUF_DEPRECATED ::mini_drop::CosConfig* unsafe_arena_release_cos_config();
2026-10-02T08:56:06.1725178Z       |                                               ^~~~~~~~~~~~~~~~~~~~~~~~~~~~~~~
2026-10-02T08:56:06.2477181Z [ 91%] Linking CXX executable runtime-guard-test
2026-10-02T08:56:06.3814728Z [ 91%] Built target self-metrics-test
2026-10-02T08:56:06.3986101Z /tmp/build-agent/generated/hotmethod.pb.cc: In member function ‘virtual google::protobuf::uint8* mini_drop::TaskDesc::_InternalSerialize(google::protobuf::uint8*, google::protobuf::io::EpsCopyOutputStream*) const’:
2026-10-02T08:56:06.4105929Z /tmp/build-agent/generated/hotmethod.pb.cc:1228:28: warning: ‘bool mini_drop::TaskDesc::has_sample_argv() const’ is deprecated [-Wdeprecated-declarations]
2026-10-02T08:56:06.4254774Z  1228 |   if (this->has_sample_argv()) {
2026-10-02T08:56:06.4374660Z       |       ~~~~~~~~~~~~~~~~~~~~~^~
2026-10-02T08:56:06.4434603Z In file included from /tmp/build-agent/generated/hotmethod.pb.cc:4:
2026-10-02T08:56:06.4554771Z /tmp/build-agent/generated/hotmethod.pb.h:3127:13: note: declared here
2026-10-02T08:56:06.4694751Z  3127 | inline bool TaskDesc::has_sample_argv() const {
2026-10-02T08:56:06.4734366Z       |             ^~~~~~~~
2026-10-02T08:56:06.4856095Z /tmp/build-agent/generated/hotmethod.pb.cc:1258:27: warning: ‘bool mini_drop::TaskDesc::has_cos_config() const’ is deprecated [-Wdeprecated-declarations]
2026-10-02T08:56:06.5004594Z  1258 |   if (this->has_cos_config()) {
2026-10-02T08:56:06.5114615Z       |       ~~~~~~~~~~~~~~~~~~~~^~
2026-10-02T08:56:06.5164624Z In file included from /tmp/build-agent/generated/hotmethod.pb.cc:4:
2026-10-02T08:56:06.5344833Z /tmp/build-agent/generated/hotmethod.pb.h:3329:13: note: declared here
2026-10-02T08:56:06.5444716Z  3329 | inline bool TaskDesc::has_cos_config() const {
2026-10-02T08:56:06.5494431Z       |             ^~~~~~~~
2026-10-02T08:56:06.5585424Z /tmp/build-agent/generated/hotmethod.pb.cc: In member function ‘virtual size_t mini_drop::TaskDesc::ByteSizeLong() const’:
2026-10-02T08:56:06.5765786Z /tmp/build-agent/generated/hotmethod.pb.cc:1451:28: warning: ‘bool mini_drop::TaskDesc::has_sample_argv() const’ is deprecated [-Wdeprecated-declarations]
2026-10-02T08:56:06.5824377Z  1451 |   if (this->has_sample_argv()) {
2026-10-02T08:56:06.5944550Z       |       ~~~~~~~~~~~~~~~~~~~~~^~
2026-10-02T08:56:06.6094863Z In file included from /tmp/build-agent/generated/hotmethod.pb.cc:4:
2026-10-02T08:56:06.6194742Z /tmp/build-agent/generated/hotmethod.pb.h:3127:13: note: declared here
2026-10-02T08:56:06.6244633Z  3127 | inline bool TaskDesc::has_sample_argv() const {
2026-10-02T08:56:06.6394690Z       |             ^~~~~~~~
2026-10-02T08:56:06.6525800Z /tmp/build-agent/generated/hotmethod.pb.cc:1458:27: warning: ‘bool mini_drop::TaskDesc::has_cos_config() const’ is deprecated [-Wdeprecated-declarations]
2026-10-02T08:56:06.6583009Z  1458 |   if (this->has_cos_config()) {
2026-10-02T08:56:06.6674424Z       |       ~~~~~~~~~~~~~~~~~~~~^~
2026-10-02T08:56:06.6824696Z In file included from /tmp/build-agent/generated/hotmethod.pb.cc:4:
2026-10-02T08:56:06.6884612Z /tmp/build-agent/generated/hotmethod.pb.h:3329:13: note: declared here
2026-10-02T08:56:06.7004687Z  3329 | inline bool TaskDesc::has_cos_config() const {
2026-10-02T08:56:06.7144911Z       |             ^~~~~~~~
2026-10-02T08:56:06.7235613Z /tmp/build-agent/generated/hotmethod.pb.cc: In member function ‘void mini_drop::TaskDesc::MergeFrom(const mini_drop::TaskDesc&)’:
2026-10-02T08:56:06.7325711Z /tmp/build-agent/generated/hotmethod.pb.cc:1609:27: warning: ‘bool mini_drop::TaskDesc::has_sample_argv() const’ is deprecated [-Wdeprecated-declarations]
2026-10-02T08:56:06.7414547Z  1609 |   if (from.has_sample_argv()) {
2026-10-02T08:56:06.7554648Z       |       ~~~~~~~~~~~~~~~~~~~~^~
2026-10-02T08:56:06.7624917Z In file included from /tmp/build-agent/generated/hotmethod.pb.cc:4:
2026-10-02T08:56:06.7744796Z /tmp/build-agent/generated/hotmethod.pb.h:3127:13: note: declared here
2026-10-02T08:56:06.7834679Z  3127 | inline bool TaskDesc::has_sample_argv() const {
2026-10-02T08:56:06.7984597Z       |             ^~~~~~~~
2026-10-02T08:56:06.8045517Z /tmp/build-agent/generated/hotmethod.pb.cc:1612:26: warning: ‘bool mini_drop::TaskDesc::has_cos_config() const’ is deprecated [-Wdeprecated-declarations]
2026-10-02T08:56:06.8168041Z  1612 |   if (from.has_cos_config()) {
2026-10-02T08:56:06.8314499Z       |       ~~~~~~~~~~~~~~~~~~~^~
2026-10-02T08:56:06.8344554Z In file included from /tmp/build-agent/generated/hotmethod.pb.cc:4:
2026-10-02T08:56:06.8345246Z /tmp/build-agent/generated/hotmethod.pb.h:3329:13: note: declared here
2026-10-02T08:56:06.8345896Z  3329 | inline bool TaskDesc::has_cos_config() const {
2026-10-02T08:56:06.8346293Z       |             ^~~~~~~~
2026-10-02T08:56:06.8346779Z In file included from /tmp/build-agent/generated/healthcheck.pb.h:37,
2026-10-02T08:56:06.8434635Z                  from /tmp/build-agent/generated/healthcheck.pb.cc:4:
2026-10-02T08:56:06.8645763Z /tmp/build-agent/generated/hotmethod.pb.h: In member function ‘mini_drop::RecordArgv* mini_drop::TaskDesc::release_sample_argv()’:
2026-10-02T08:56:06.8646693Z [ 91%] Built target runtime-guard-test
2026-10-02T08:56:06.8735780Z /tmp/build-agent/generated/hotmethod.pb.h:3159:47: warning: ‘mini_drop::RecordArgv* mini_drop::TaskDesc::unsafe_arena_release_sample_argv()’ is deprecated [-Wdeprecated-declarations]
2026-10-02T08:56:06.8737078Z  3159 |   auto temp = unsafe_arena_release_sample_argv();
2026-10-02T08:56:06.8854561Z       |               ~~~~~~~~~~~~~~~~~~~~~~~~~~~~~~~~^~
2026-10-02T08:56:06.8914672Z /tmp/build-agent/generated/hotmethod.pb.h:449:48: note: declared here
2026-10-02T08:56:06.9024875Z   449 |   PROTOBUF_DEPRECATED ::mini_drop::RecordArgv* unsafe_arena_release_sample_argv();
2026-10-02T08:56:06.9144620Z       |                                                ^~~~~~~~~~~~~~~~~~~~~~~~~~~~~~~~
2026-10-02T08:56:06.9205693Z /tmp/build-agent/generated/hotmethod.pb.h: In member function ‘mini_drop::CosConfig* mini_drop::TaskDesc::release_cos_config()’:
2026-10-02T08:56:06.9376178Z /tmp/build-agent/generated/hotmethod.pb.h:3355:46: warning: ‘mini_drop::CosConfig* mini_drop::TaskDesc::unsafe_arena_release_cos_config()’ is deprecated [-Wdeprecated-declarations]
2026-10-02T08:56:06.9404467Z  3355 |   auto temp = unsafe_arena_release_cos_config();
2026-10-02T08:56:06.9494780Z       |               ~~~~~~~~~~~~~~~~~~~~~~~~~~~~~~~^~
2026-10-02T08:56:06.9664782Z /tmp/build-agent/generated/hotmethod.pb.h:467:47: note: declared here
2026-10-02T08:56:06.9784864Z   467 |   PROTOBUF_DEPRECATED ::mini_drop::CosConfig* unsafe_arena_release_cos_config();
2026-10-02T08:56:06.9844623Z       |                                               ^~~~~~~~~~~~~~~~~~~~~~~~~~~~~~~
2026-10-02T08:56:07.0544661Z [ 91%] Built target perf-samples-test
2026-10-02T08:56:07.2823095Z /tmp/build-agent/generated/common.pb.cc: In member function ‘virtual google::protobuf::uint8* mini_drop::CosConfig::_InternalSerialize(google::protobuf::uint8*, google::protobuf::io::EpsCopyOutputStream*) const’:
2026-10-02T08:56:07.2935707Z /tmp/build-agent/generated/common.pb.cc:664:23: warning: ‘const string& mini_drop::CosConfig::access_key() const’ is deprecated [-Wdeprecated-declarations]
2026-10-02T08:56:07.3064675Z   664 |   if (this->access_key().size() > 0) {
2026-10-02T08:56:07.3144592Z       |       ~~~~~~~~~~~~~~~~^~
2026-10-02T08:56:07.3264708Z In file included from /tmp/build-agent/generated/common.pb.cc:4:
2026-10-02T08:56:07.3384813Z /tmp/build-agent/generated/common.pb.h:1130:27: note: declared here
2026-10-02T08:56:07.3474726Z  1130 | inline const std::string& CosConfig::access_key() const {
2026-10-02T08:56:07.3574734Z       |                           ^~~~~~~~~
2026-10-02T08:56:07.3685787Z /tmp/build-agent/generated/common.pb.cc:674:23: warning: ‘const string& mini_drop::CosConfig::secret_key() const’ is deprecated [-Wdeprecated-declarations]
2026-10-02T08:56:07.3804646Z   674 |   if (this->secret_key().size() > 0) {
2026-10-02T08:56:07.3894537Z       |       ~~~~~~~~~~~~~~~~^~
2026-10-02T08:56:07.4014776Z In file included from /tmp/build-agent/generated/common.pb.cc:4:
2026-10-02T08:56:07.4106664Z /tmp/build-agent/generated/common.pb.h:1211:27: note: declared here
2026-10-02T08:56:07.4224790Z  1211 | inline const std::string& CosConfig::secret_key() const {
2026-10-02T08:56:07.4314556Z       |                           ^~~~~~~~~
2026-10-02T08:56:07.4435651Z /tmp/build-agent/generated/common.pb.cc: In member function ‘virtual size_t mini_drop::CosConfig::ByteSizeLong() const’:
2026-10-02T08:56:07.4556210Z /tmp/build-agent/generated/common.pb.cc:727:23: warning: ‘const string& mini_drop::CosConfig::access_key() const’ is deprecated [-Wdeprecated-declarations]
2026-10-02T08:56:07.4644534Z   727 |   if (this->access_key().size() > 0) {
2026-10-02T08:56:07.4734464Z       |       ~~~~~~~~~~~~~~~~^~
2026-10-02T08:56:07.4834976Z In file included from /tmp/build-agent/generated/common.pb.cc:4:
2026-10-02T08:56:07.4914626Z /tmp/build-agent/generated/common.pb.h:1130:27: note: declared here
2026-10-02T08:56:07.5014623Z  1130 | inline const std::string& CosConfig::access_key() const {
2026-10-02T08:56:07.5094415Z       |                           ^~~~~~~~~
2026-10-02T08:56:07.5227763Z /tmp/build-agent/generated/common.pb.cc:734:23: warning: ‘const string& mini_drop::CosConfig::secret_key() const’ is deprecated [-Wdeprecated-declarations]
2026-10-02T08:56:07.5274429Z   734 |   if (this->secret_key().size() > 0) {
2026-10-02T08:56:07.5404478Z       |       ~~~~~~~~~~~~~~~~^~
2026-10-02T08:56:07.5514741Z In file included from /tmp/build-agent/generated/common.pb.cc:4:
2026-10-02T08:56:07.5634623Z /tmp/build-agent/generated/common.pb.h:1211:27: note: declared here
2026-10-02T08:56:07.5884552Z  1211 | inline const std::string& CosConfig::secret_key() const {
2026-10-02T08:56:07.5944356Z       |                           ^~~~~~~~~
2026-10-02T08:56:07.6015470Z /tmp/build-agent/generated/common.pb.cc: In member function ‘void mini_drop::CosConfig::MergeFrom(const mini_drop::CosConfig&)’:
2026-10-02T08:56:07.6105637Z /tmp/build-agent/generated/common.pb.cc:788:22: warning: ‘const string& mini_drop::CosConfig::access_key() const’ is deprecated [-Wdeprecated-declarations]
2026-10-02T08:56:07.6194336Z   788 |   if (from.access_key().size() > 0) {
2026-10-02T08:56:07.6314404Z       |       ~~~~~~~~~~~~~~~^~
2026-10-02T08:56:07.6424626Z In file included from /tmp/build-agent/generated/common.pb.cc:4:
2026-10-02T08:56:07.6434610Z /tmp/build-agent/generated/common.pb.h:1130:27: note: declared here
2026-10-02T08:56:07.6604755Z  1130 | inline const std::string& CosConfig::access_key() const {
2026-10-02T08:56:07.6644538Z       |                           ^~~~~~~~~
2026-10-02T08:56:07.6705462Z /tmp/build-agent/generated/common.pb.cc:791:22: warning: ‘const string& mini_drop::CosConfig::secret_key() const’ is deprecated [-Wdeprecated-declarations]
2026-10-02T08:56:07.6794800Z   791 |   if (from.secret_key().size() > 0) {
2026-10-02T08:56:07.6884410Z       |       ~~~~~~~~~~~~~~~^~
2026-10-02T08:56:07.6974499Z In file included from /tmp/build-agent/generated/common.pb.cc:4:
2026-10-02T08:56:07.7054590Z /tmp/build-agent/generated/common.pb.h:1211:27: note: declared here
2026-10-02T08:56:07.7124519Z  1211 | inline const std::string& CosConfig::secret_key() const {
2026-10-02T08:56:07.7264786Z       |                           ^~~~~~~~~
2026-10-02T08:56:07.7314762Z In file included from /tmp/build-agent/generated/hotmethod.grpc.pb.cc:5:
2026-10-02T08:56:07.7415582Z /tmp/build-agent/generated/hotmethod.pb.h: In member function ‘mini_drop::RecordArgv* mini_drop::TaskDesc::release_sample_argv()’:
2026-10-02T08:56:07.7505834Z /tmp/build-agent/generated/hotmethod.pb.h:3159:47: warning: ‘mini_drop::RecordArgv* mini_drop::TaskDesc::unsafe_arena_release_sample_argv()’ is deprecated [-Wdeprecated-declarations]
2026-10-02T08:56:07.7594572Z  3159 |   auto temp = unsafe_arena_release_sample_argv();
2026-10-02T08:56:07.7664446Z       |               ~~~~~~~~~~~~~~~~~~~~~~~~~~~~~~~~^~
2026-10-02T08:56:07.7744764Z /tmp/build-agent/generated/hotmethod.pb.h:449:48: note: declared here
2026-10-02T08:56:07.7834594Z   449 |   PROTOBUF_DEPRECATED ::mini_drop::RecordArgv* unsafe_arena_release_sample_argv();
2026-10-02T08:56:07.7924398Z       |                                                ^~~~~~~~~~~~~~~~~~~~~~~~~~~~~~~~
2026-10-02T08:56:07.7995256Z /tmp/build-agent/generated/hotmethod.pb.h: In member function ‘mini_drop::CosConfig* mini_drop::TaskDesc::release_cos_config()’:
2026-10-02T08:56:07.8115706Z /tmp/build-agent/generated/hotmethod.pb.h:3355:46: warning: ‘mini_drop::CosConfig* mini_drop::TaskDesc::unsafe_arena_release_cos_config()’ is deprecated [-Wdeprecated-declarations]
2026-10-02T08:56:07.8174523Z  3355 |   auto temp = unsafe_arena_release_cos_config();
2026-10-02T08:56:07.8264660Z       |               ~~~~~~~~~~~~~~~~~~~~~~~~~~~~~~~^~
2026-10-02T08:56:07.8358636Z /tmp/build-agent/generated/hotmethod.pb.h:467:47: note: declared here
2026-10-02T08:56:07.8444885Z   467 |   PROTOBUF_DEPRECATED ::mini_drop::CosConfig* unsafe_arena_release_cos_config();
2026-10-02T08:56:07.8534718Z       |                                               ^~~~~~~~~~~~~~~~~~~~~~~~~~~~~~~
2026-10-02T08:56:07.8654844Z In file included from /tmp/build-agent/generated/healthcheck.pb.h:37,
2026-10-02T08:56:07.8714798Z                  from /tmp/build-agent/generated/healthcheck.grpc.pb.cc:5:
2026-10-02T08:56:07.8865682Z /tmp/build-agent/generated/hotmethod.pb.h: In member function ‘mini_drop::RecordArgv* mini_drop::TaskDesc::release_sample_argv()’:
2026-10-02T08:56:07.8926096Z /tmp/build-agent/generated/hotmethod.pb.h:3159:47: warning: ‘mini_drop::RecordArgv* mini_drop::TaskDesc::unsafe_arena_release_sample_argv()’ is deprecated [-Wdeprecated-declarations]
2026-10-02T08:56:07.9055061Z  3159 |   auto temp = unsafe_arena_release_sample_argv();
2026-10-02T08:56:07.9134726Z       |               ~~~~~~~~~~~~~~~~~~~~~~~~~~~~~~~~^~
2026-10-02T08:56:07.9215080Z /tmp/build-agent/generated/hotmethod.pb.h:449:48: note: declared here
2026-10-02T08:56:07.9314985Z   449 |   PROTOBUF_DEPRECATED ::mini_drop::RecordArgv* unsafe_arena_release_sample_argv();
2026-10-02T08:56:07.9404794Z       |                                                ^~~~~~~~~~~~~~~~~~~~~~~~~~~~~~~~
2026-10-02T08:56:07.9495736Z /tmp/build-agent/generated/hotmethod.pb.h: In member function ‘mini_drop::CosConfig* mini_drop::TaskDesc::release_cos_config()’:
2026-10-02T08:56:07.9585704Z /tmp/build-agent/generated/hotmethod.pb.h:3355:46: warning: ‘mini_drop::CosConfig* mini_drop::TaskDesc::unsafe_arena_release_cos_config()’ is deprecated [-Wdeprecated-declarations]
2026-10-02T08:56:07.9586896Z  3355 |   auto temp = unsafe_arena_release_cos_config();
2026-10-02T08:56:07.9734600Z       |               ~~~~~~~~~~~~~~~~~~~~~~~~~~~~~~~^~
2026-10-02T08:56:07.9764584Z /tmp/build-agent/generated/hotmethod.pb.h:467:47: note: declared here
2026-10-02T08:56:07.9765794Z   467 |   PROTOBUF_DEPRECATED ::mini_drop::CosConfig* unsafe_arena_release_cos_config();
2026-10-02T08:56:07.9766435Z       |                                               ^~~~~~~~~~~~~~~~~~~~~~~~~~~~~~~
2026-10-02T08:56:09.8304114Z In file included from /tmp/build-agent/generated/healthcheck.pb.h:37,
2026-10-02T08:56:09.8394775Z                  from /tmp/build-agent/generated/healthcheck.grpc.pb.h:15,
2026-10-02T08:56:09.8484838Z                  from /home/runner/work/mini-drop/mini-drop/native/agent/src/main.cpp:10:
2026-10-02T08:56:09.8548656Z /tmp/build-agent/generated/hotmethod.pb.h: In member function ‘mini_drop::RecordArgv* mini_drop::TaskDesc::release_sample_argv()’:
2026-10-02T08:56:09.8635341Z /tmp/build-agent/generated/hotmethod.pb.h:3159:47: warning: ‘mini_drop::RecordArgv* mini_drop::TaskDesc::unsafe_arena_release_sample_argv()’ is deprecated [-Wdeprecated-declarations]
2026-10-02T08:56:09.8724758Z  3159 |   auto temp = unsafe_arena_release_sample_argv();
2026-10-02T08:56:09.8754622Z       |               ~~~~~~~~~~~~~~~~~~~~~~~~~~~~~~~~^~
2026-10-02T08:56:09.8835013Z /tmp/build-agent/generated/hotmethod.pb.h:449:48: note: declared here
2026-10-02T08:56:09.8904583Z   449 |   PROTOBUF_DEPRECATED ::mini_drop::RecordArgv* unsafe_arena_release_sample_argv();
2026-10-02T08:56:09.8944465Z       |                                                ^~~~~~~~~~~~~~~~~~~~~~~~~~~~~~~~
2026-10-02T08:56:09.9025506Z /tmp/build-agent/generated/hotmethod.pb.h: In member function ‘mini_drop::CosConfig* mini_drop::TaskDesc::release_cos_config()’:
2026-10-02T08:56:09.9115765Z /tmp/build-agent/generated/hotmethod.pb.h:3355:46: warning: ‘mini_drop::CosConfig* mini_drop::TaskDesc::unsafe_arena_release_cos_config()’ is deprecated [-Wdeprecated-declarations]
2026-10-02T08:56:09.9174523Z  3355 |   auto temp = unsafe_arena_release_cos_config();
2026-10-02T08:56:09.9234515Z       |               ~~~~~~~~~~~~~~~~~~~~~~~~~~~~~~~^~
2026-10-02T08:56:09.9294621Z /tmp/build-agent/generated/hotmethod.pb.h:467:47: note: declared here
2026-10-02T08:56:09.9354727Z   467 |   PROTOBUF_DEPRECATED ::mini_drop::CosConfig* unsafe_arena_release_cos_config();
2026-10-02T08:56:09.9414512Z       |                                               ^~~~~~~~~~~~~~~~~~~~~~~~~~~~~~~
2026-10-02T08:56:11.6916707Z [ 94%] Linking CXX executable result-outbox-test
2026-10-02T08:56:12.1374791Z [ 94%] Built target result-outbox-test
2026-10-02T08:56:12.5646192Z /home/runner/work/mini-drop/mini-drop/native/agent/src/main.cpp: In function ‘mini_drop_native::Task {anonymous}::task_from_proto(const mini_drop::TaskDesc&)’:
2026-10-02T08:56:12.5705897Z /home/runner/work/mini-drop/mini-drop/native/agent/src/main.cpp:570:27: warning: ‘bool mini_drop::TaskDesc::has_sample_argv() const’ is deprecated [-Wdeprecated-declarations]
2026-10-02T08:56:12.5734565Z   570 |   if (desc.has_sample_argv()) {
2026-10-02T08:56:12.5794373Z       |       ~~~~~~~~~~~~~~~~~~~~^~
2026-10-02T08:56:12.5824554Z In file included from /tmp/build-agent/generated/healthcheck.pb.h:37,
2026-10-02T08:56:12.5864472Z                  from /tmp/build-agent/generated/healthcheck.grpc.pb.h:15,
2026-10-02T08:56:12.5894337Z                  from /home/runner/work/mini-drop/mini-drop/native/agent/src/main.cpp:10:
2026-10-02T08:56:12.5954287Z /tmp/build-agent/generated/hotmethod.pb.h:3127:13: note: declared here
2026-10-02T08:56:12.5984342Z  3127 | inline bool TaskDesc::has_sample_argv() const {
2026-10-02T08:56:12.6064193Z       |             ^~~~~~~~
2026-10-02T08:56:12.6075368Z /home/runner/work/mini-drop/mini-drop/native/agent/src/main.cpp:571:32: warning: ‘const mini_drop::RecordArgv& mini_drop::TaskDesc::sample_argv() const’ is deprecated [-Wdeprecated-declarations]
2026-10-02T08:56:12.6124273Z   571 |     task.pid = desc.sample_argv().pid();
2026-10-02T08:56:12.6184231Z       |                ~~~~~~~~~~~~~~~~^~
2026-10-02T08:56:12.6194257Z In file included from /tmp/build-agent/generated/healthcheck.pb.h:37,
2026-10-02T08:56:12.6244409Z                  from /tmp/build-agent/generated/healthcheck.grpc.pb.h:15,
2026-10-02T08:56:12.6284904Z                  from /home/runner/work/mini-drop/mini-drop/native/agent/src/main.cpp:10:
2026-10-02T08:56:12.6354344Z /tmp/build-agent/generated/hotmethod.pb.h:3141:39: note: declared here
2026-10-02T08:56:12.6384540Z  3141 | inline const ::mini_drop::RecordArgv& TaskDesc::sample_argv() const {
2026-10-02T08:56:12.6434184Z       |                                       ^~~~~~~~
2026-10-02T08:56:12.6475609Z /home/runner/work/mini-drop/mini-drop/native/agent/src/main.cpp:572:48: warning: ‘const mini_drop::RecordArgv& mini_drop::TaskDesc::sample_argv() const’ is deprecated [-Wdeprecated-declarations]
2026-10-02T08:56:12.6534427Z   572 |     task.hz = static_cast<int>(desc.sample_argv().hz());
2026-10-02T08:56:12.6560403Z       |                                ~~~~~~~~~~~~~~~~^~
2026-10-02T08:56:12.6624541Z In file included from /tmp/build-agent/generated/healthcheck.pb.h:37,
2026-10-02T08:56:12.6644395Z                  from /tmp/build-agent/generated/healthcheck.grpc.pb.h:15,
2026-10-02T08:56:12.6684731Z                  from /home/runner/work/mini-drop/mini-drop/native/agent/src/main.cpp:10:
2026-10-02T08:56:12.6744468Z /tmp/build-agent/generated/hotmethod.pb.h:3141:39: note: declared here
2026-10-02T08:56:12.6774603Z  3141 | inline const ::mini_drop::RecordArgv& TaskDesc::sample_argv() const {
2026-10-02T08:56:12.6824284Z       |                                       ^~~~~~~~
2026-10-02T08:56:12.6855481Z /home/runner/work/mini-drop/mini-drop/native/agent/src/main.cpp:573:54: warning: ‘const mini_drop::RecordArgv& mini_drop::TaskDesc::sample_argv() const’ is deprecated [-Wdeprecated-declarations]
2026-10-02T08:56:12.6924370Z   573 |     task.duration = static_cast<int>(desc.sample_argv().duration());
2026-10-02T08:56:12.6924939Z       |                                      ~~~~~~~~~~~~~~~~^~
2026-10-02T08:56:12.7004295Z In file included from /tmp/build-agent/generated/healthcheck.pb.h:37,
2026-10-02T08:56:12.7014192Z                  from /tmp/build-agent/generated/healthcheck.grpc.pb.h:15,
2026-10-02T08:56:12.7094366Z                  from /home/runner/work/mini-drop/mini-drop/native/agent/src/main.cpp:10:
2026-10-02T08:56:12.7104212Z /tmp/build-agent/generated/hotmethod.pb.h:3141:39: note: declared here
2026-10-02T08:56:12.7164270Z  3141 | inline const ::mini_drop::RecordArgv& TaskDesc::sample_argv() const {
2026-10-02T08:56:12.7194050Z       |                                       ^~~~~~~~
2026-10-02T08:56:12.7245683Z /home/runner/work/mini-drop/mini-drop/native/agent/src/main.cpp:574:38: warning: ‘const mini_drop::RecordArgv& mini_drop::TaskDesc::sample_argv() const’ is deprecated [-Wdeprecated-declarations]
2026-10-02T08:56:12.7284282Z   574 |     task.callgraph = desc.sample_argv().callgraph();
2026-10-02T08:56:12.7334177Z       |                      ~~~~~~~~~~~~~~~~^~
2026-10-02T08:56:12.7394318Z In file included from /tmp/build-agent/generated/healthcheck.pb.h:37,
2026-10-02T08:56:12.7404261Z                  from /tmp/build-agent/generated/healthcheck.grpc.pb.h:15,
2026-10-02T08:56:12.7464387Z                  from /home/runner/work/mini-drop/mini-drop/native/agent/src/main.cpp:10:
2026-10-02T08:56:12.7494354Z /tmp/build-agent/generated/hotmethod.pb.h:3141:39: note: declared here
2026-10-02T08:56:12.7514554Z  3141 | inline const ::mini_drop::RecordArgv& TaskDesc::sample_argv() const {
2026-10-02T08:56:12.7544344Z       |                                       ^~~~~~~~
2026-10-02T08:56:12.7555566Z /home/runner/work/mini-drop/mini-drop/native/agent/src/main.cpp:575:34: warning: ‘const mini_drop::RecordArgv& mini_drop::TaskDesc::sample_argv() const’ is deprecated [-Wdeprecated-declarations]
2026-10-02T08:56:12.7604227Z   575 |     task.event = desc.sample_argv().event();
2026-10-02T08:56:12.7605160Z       |                  ~~~~~~~~~~~~~~~~^~
2026-10-02T08:56:12.7634411Z In file included from /tmp/build-agent/generated/healthcheck.pb.h:37,
2026-10-02T08:56:12.7644226Z                  from /tmp/build-agent/generated/healthcheck.grpc.pb.h:15,
2026-10-02T08:56:12.7724770Z                  from /home/runner/work/mini-drop/mini-drop/native/agent/src/main.cpp:10:
2026-10-02T08:56:12.7734299Z /tmp/build-agent/generated/hotmethod.pb.h:3141:39: note: declared here
2026-10-02T08:56:12.7784480Z  3141 | inline const ::mini_drop::RecordArgv& TaskDesc::sample_argv() const {
2026-10-02T08:56:12.7844239Z       |                                       ^~~~~~~~
2026-10-02T08:56:14.8962128Z [ 97%] Linking CXX executable process-snapshot-test
2026-10-02T08:56:15.0854705Z [ 97%] Built target process-snapshot-test
2026-10-02T08:56:17.2094761Z [100%] Linking CXX executable mini-drop-native-agent
2026-10-02T08:56:17.3490843Z [100%] Built target mini-drop-native-agent
2026-10-02T08:56:17.4396967Z ##[group]Run ctest --test-dir /tmp/build-agent --output-on-failure --no-tests=error --output-junit /tmp/build-agent/ctest.xml
2026-10-02T08:56:17.4397738Z [36;1mctest --test-dir /tmp/build-agent --output-on-failure --no-tests=error --output-junit /tmp/build-agent/ctest.xml[0m
2026-10-02T08:56:17.4467365Z shell: /usr/bin/bash -e {0}
2026-10-02T08:56:17.4467603Z ##[endgroup]
2026-10-02T08:56:17.5958347Z Internal ctest changing into directory: /tmp/build-agent
2026-10-02T08:56:17.5959590Z Test project /tmp/build-agent
2026-10-02T08:56:17.5966120Z     Start 1: self-metrics-test
2026-10-02T08:56:17.5987125Z 1/5 Test #1: self-metrics-test ................   Passed    0.00 sec
2026-10-02T08:56:17.5987848Z     Start 2: result-outbox-test
2026-10-02T08:56:17.7426782Z 2/5 Test #2: result-outbox-test ...............   Passed    0.14 sec
2026-10-02T08:56:17.7427292Z     Start 3: process-snapshot-test
2026-10-02T08:56:17.7522122Z 3/5 Test #3: process-snapshot-test ............   Passed    0.01 sec
2026-10-02T08:56:17.7522701Z     Start 4: perf-samples-test
2026-10-02T08:56:17.7564171Z 4/5 Test #4: perf-samples-test ................   Passed    0.00 sec
2026-10-02T08:56:17.7564681Z     Start 5: runtime-guard-test
2026-10-02T08:56:17.7596733Z 5/5 Test #5: runtime-guard-test ...............   Passed    0.00 sec
2026-10-02T08:56:17.7598333Z 
2026-10-02T08:56:17.7598530Z 100% tests passed, 0 tests failed out of 5
2026-10-02T08:56:17.7598809Z 
2026-10-02T08:56:17.7598967Z Total Test time (real) =   0.16 sec
2026-10-02T08:56:17.7668648Z ##[group]Run actions/upload-artifact@v4
2026-10-02T08:56:17.7668926Z with:
2026-10-02T08:56:17.7669214Z   name: native-agent-binary-f1e5b2106d50c06758d2b23066ab010d6f16d5de-1
2026-10-02T08:56:17.7669660Z   path: /tmp/build-agent/mini-drop-native-agent
/tmp/build-agent/ctest.xml

2026-10-02T08:56:17.7670024Z   if-no-files-found: error
2026-10-02T08:56:17.7670243Z   retention-days: 14
2026-10-02T08:56:17.7670450Z   compression-level: 6
2026-10-02T08:56:17.7670648Z   overwrite: false
2026-10-02T08:56:17.7670843Z   include-hidden-files: false
2026-10-02T08:56:17.7671064Z ##[endgroup]
2026-10-02T08:56:17.9286734Z (node:2997) [DEP0040] DeprecationWarning: The `punycode` module is deprecated. Please use a userland alternative instead.
2026-10-02T08:56:17.9287517Z (Use `node --trace-deprecation ...` to show where the warning was created)
2026-10-02T08:56:17.9386408Z Multiple search paths detected. Calculating the least common ancestor of all paths
2026-10-02T08:56:17.9387935Z The least common ancestor is /tmp/build-agent. This will be the root directory of the artifact
2026-10-02T08:56:17.9388591Z With the provided path, there will be 2 files uploaded
2026-10-02T08:56:17.9389209Z Artifact name is valid!
2026-10-02T08:56:17.9389502Z Root directory input is valid!
2026-10-02T08:56:18.1502828Z Beginning upload of artifact content to blob storage
2026-10-02T08:56:18.2117605Z (node:2997) [DEP0169] DeprecationWarning: `url.parse()` behavior is not standardized and prone to errors that have security implications. Use the WHATWG URL API instead. CVEs are not issued for `url.parse()` vulnerabilities.
2026-10-02T08:56:18.2890050Z Uploaded bytes 437835
2026-10-02T08:56:18.3163791Z Finished uploading artifact content to blob storage!
2026-10-02T08:56:18.3164714Z SHA256 digest of uploaded artifact zip is 2237c41a287c5b6eb23e5ed23e45ac1e364ed58392bcfc1149c94981c138767a
2026-10-02T08:56:18.3166775Z Finalizing artifact upload
2026-10-02T08:56:18.5348256Z Artifact native-agent-binary-f1e5b2106d50c06758d2b23066ab010d6f16d5de-1.zip successfully finalized. Artifact ID 11218260378
2026-10-02T08:56:18.5349505Z Artifact native-agent-binary-f1e5b2106d50c06758d2b23066ab010d6f16d5de-1 has been successfully uploaded! Final size is 437835 bytes. Artifact ID is 11218260378
2026-10-02T08:56:18.5354528Z Artifact download URL: https://github.com/llongwang751-arch/mini-drop/actions/runs/36986787573/artifacts/11218260378
2026-10-02T08:56:18.5569374Z Post job cleanup.
2026-10-02T08:56:18.6366853Z [command]/usr/bin/git version
2026-10-02T08:56:18.6410700Z git version 2.55.0
2026-10-02T08:56:18.6449326Z Temporarily overriding HOME='/home/runner/work/_temp/6c8fd522-647b-46b1-a6dc-a4a591762f44' before making global git config changes
2026-10-02T08:56:18.6450173Z Adding repository directory to the temporary git global config as a safe directory
2026-10-02T08:56:18.6454866Z [command]/usr/bin/git config --global --add safe.directory /home/runner/work/mini-drop/mini-drop
2026-10-02T08:56:18.6495556Z [command]/usr/bin/git config --local --name-only --get-regexp core\.sshCommand
2026-10-02T08:56:18.6532671Z [command]/usr/bin/git submodule foreach --recursive sh -c "git config --local --name-only --get-regexp 'core\.sshCommand' && git config --local --unset-all 'core.sshCommand' || :"
2026-10-02T08:56:18.6828514Z [command]/usr/bin/git config --local --name-only --get-regexp http\.https\:\/\/github\.com\/\.extraheader
2026-10-02T08:56:18.6856624Z http.https://github.com/.extraheader
2026-10-02T08:56:18.6867093Z [command]/usr/bin/git config --local --unset-all http.https://github.com/.extraheader
2026-10-02T08:56:18.6909744Z [command]/usr/bin/git submodule foreach --recursive sh -c "git config --local --name-only --get-regexp 'http\.https\:\/\/github\.com\/\.extraheader' && git config --local --unset-all 'http.https://github.com/.extraheader' || :"
2026-10-02T08:56:18.7192341Z [command]/usr/bin/git config --local --name-only --get-regexp ^includeIf\.gitdir:
2026-10-02T08:56:18.7236084Z [command]/usr/bin/git submodule foreach --recursive git config --local --show-origin --name-only --get-regexp remote.origin.url
2026-10-02T08:56:18.7674158Z Cleaning up orphan processes
2026-10-02T08:56:18.8054527Z ##[warning]Node.js 20 is deprecated. The following actions target Node.js 20 but are being forced to run on Node.js 24: actions/checkout@v4, actions/upload-artifact@v4. For more information see: https://github.blog/changelog/2025-09-19-deprecation-of-node-20-on-github-actions-runners/
