2026-10-02T08:55:15.8840854Z Current runner version: '2.337.0'
2026-10-02T08:55:15.8856962Z ##[group]Runner Image Provisioner
2026-10-02T08:55:15.8857630Z Hosted Compute Agent
2026-10-02T08:55:15.8858041Z Version: 20260901.588
2026-10-02T08:55:15.8858503Z Commit: f88ec8081b781fac6c440065ac7ff9e710ce3d0b
2026-10-02T08:55:15.8859015Z Build Date: 2026-09-01T19:56:44Z
2026-10-02T08:55:15.8859498Z Worker ID: {4efd22a7-6abc-4b12-ac45-f1c4dc997621}
2026-10-02T08:55:15.8859994Z Azure Region: centralus
2026-10-02T08:55:15.8860393Z ##[endgroup]
2026-10-02T08:55:15.8861299Z ##[group]Operating System
2026-10-02T08:55:15.8861706Z Ubuntu
2026-10-02T08:55:15.8862098Z 22.04.5
2026-10-02T08:55:15.8862458Z LTS
2026-10-02T08:55:15.8862813Z ##[endgroup]
2026-10-02T08:55:15.8863196Z ##[group]Runner Image
2026-10-02T08:55:15.8863856Z Image: ubuntu-22.04
2026-10-02T08:55:15.8864243Z Version: 20260927.309.1
2026-10-02T08:55:15.8865143Z Included Software: https://github.com/actions/runner-images/blob/ubuntu22/20260927.309/images/ubuntu/Ubuntu2204-Readme.md
2026-10-02T08:55:15.8866192Z Image Release: https://github.com/actions/runner-images/releases/tag/ubuntu22%2F20260927.309
2026-10-02T08:55:15.8866841Z ##[endgroup]
2026-10-02T08:55:15.8867675Z ##[group]GITHUB_TOKEN Permissions
2026-10-02T08:55:15.8869164Z Contents: read
2026-10-02T08:55:15.8869535Z Metadata: read
2026-10-02T08:55:15.8869947Z Packages: read
2026-10-02T08:55:15.8870327Z ##[endgroup]
2026-10-02T08:55:15.8871810Z Secret source: Actions
2026-10-02T08:55:15.8872416Z Cache mode: write
2026-10-02T08:55:15.8872892Z Prepare workflow directory
2026-10-02T08:55:15.9106194Z Prepare all required actions
2026-10-02T08:55:15.9140489Z Getting action download info
2026-10-02T08:55:16.2236970Z Download action repository 'actions/checkout@v4' (SHA:11d5960a326750d5838078e36cf38b85af677262)
2026-10-02T08:55:16.4824705Z Download action repository 'actions/setup-node@v4' (SHA:49933ea5288caeca8642d1e84afbd3f7d6820020)
2026-10-02T08:55:16.7114900Z Download action repository 'actions/upload-artifact@v4' (SHA:ea165f8d65b6e75b540449e92b4886f43607fa02)
2026-10-02T08:55:17.0299531Z Complete job name: Web (real Chromium, synthetic fixtures)
2026-10-02T08:55:17.0919289Z ##[group]Run actions/checkout@v4
2026-10-02T08:55:17.0920414Z with:
2026-10-02T08:55:17.0921139Z   repository: llongwang751-arch/mini-drop
2026-10-02T08:55:17.0926949Z   token: ***
2026-10-02T08:55:17.0927661Z   ssh-strict: true
2026-10-02T08:55:17.0928360Z   ssh-user: git
2026-10-02T08:55:17.0929123Z   persist-credentials: true
2026-10-02T08:55:17.0929898Z   clean: true
2026-10-02T08:55:17.0930603Z   sparse-checkout-cone-mode: true
2026-10-02T08:55:17.0931426Z   fetch-depth: 1
2026-10-02T08:55:17.0932108Z   fetch-tags: false
2026-10-02T08:55:17.0932823Z   show-progress: true
2026-10-02T08:55:17.0933630Z   lfs: false
2026-10-02T08:55:17.0934354Z   submodules: false
2026-10-02T08:55:17.0935077Z   set-safe-directory: true
2026-10-02T08:55:17.0935857Z   allow-unsafe-pr-checkout: false
2026-10-02T08:55:17.0936866Z ##[endgroup]
2026-10-02T08:55:17.1680346Z Syncing repository: llongwang751-arch/mini-drop
2026-10-02T08:55:17.1683342Z ##[group]Getting Git version info
2026-10-02T08:55:17.1684810Z Working directory is '/home/runner/work/mini-drop/mini-drop'
2026-10-02T08:55:17.1686408Z [command]/usr/bin/git version
2026-10-02T08:55:17.2316624Z git version 2.55.0
2026-10-02T08:55:17.2330490Z ##[endgroup]
2026-10-02T08:55:17.2340785Z Temporarily overriding HOME='/home/runner/work/_temp/6572e9c2-2702-435d-ac0d-fda213135876' before making global git config changes
2026-10-02T08:55:17.2343113Z Adding repository directory to the temporary git global config as a safe directory
2026-10-02T08:55:17.2344991Z [command]/usr/bin/git config --global --add safe.directory /home/runner/work/mini-drop/mini-drop
2026-10-02T08:55:17.2369243Z Deleting the contents of '/home/runner/work/mini-drop/mini-drop'
2026-10-02T08:55:17.2373775Z ##[group]Initializing the repository
2026-10-02T08:55:17.2376249Z [command]/usr/bin/git init /home/runner/work/mini-drop/mini-drop
2026-10-02T08:55:17.2454248Z hint: Using 'master' as the name for the initial branch. This default branch name
2026-10-02T08:55:17.2456542Z hint: will change to "main" in Git 3.0. To configure the initial branch name
2026-10-02T08:55:17.2458245Z hint: to use in all of your new repositories, which will suppress this warning,
2026-10-02T08:55:17.2459601Z hint: call:
2026-10-02T08:55:17.2460360Z hint:
2026-10-02T08:55:17.2461288Z hint: 	git config --global init.defaultBranch <name>
2026-10-02T08:55:17.2462281Z hint:
2026-10-02T08:55:17.2463290Z hint: Names commonly chosen instead of 'master' are 'main', 'trunk' and
2026-10-02T08:55:17.2464978Z hint: 'development'. The just-created branch can be renamed via this command:
2026-10-02T08:55:17.2466206Z hint:
2026-10-02T08:55:17.2466955Z hint: 	git branch -m <name>
2026-10-02T08:55:17.2467772Z hint:
2026-10-02T08:55:17.2468930Z hint: Disable this message with "git config set advice.defaultBranchName false"
2026-10-02T08:55:17.2470630Z Initialized empty Git repository in /home/runner/work/mini-drop/mini-drop/.git/
2026-10-02T08:55:17.2473569Z [command]/usr/bin/git remote add origin https://github.com/llongwang751-arch/mini-drop
2026-10-02T08:55:17.3445107Z ##[endgroup]
2026-10-02T08:55:17.3446873Z ##[group]Disabling automatic garbage collection
2026-10-02T08:55:17.3448392Z [command]/usr/bin/git config --local gc.auto 0
2026-10-02T08:55:17.3474359Z ##[endgroup]
2026-10-02T08:55:17.3476004Z ##[group]Setting up auth
2026-10-02T08:55:17.3479181Z [command]/usr/bin/git config --local --name-only --get-regexp core\.sshCommand
2026-10-02T08:55:17.3503963Z [command]/usr/bin/git submodule foreach --recursive sh -c "git config --local --name-only --get-regexp 'core\.sshCommand' && git config --local --unset-all 'core.sshCommand' || :"
2026-10-02T08:55:17.4528487Z [command]/usr/bin/git config --local --name-only --get-regexp http\.https\:\/\/github\.com\/\.extraheader
2026-10-02T08:55:17.4555104Z [command]/usr/bin/git submodule foreach --recursive sh -c "git config --local --name-only --get-regexp 'http\.https\:\/\/github\.com\/\.extraheader' && git config --local --unset-all 'http.https://github.com/.extraheader' || :"
2026-10-02T08:55:17.4702681Z [command]/usr/bin/git config --local --name-only --get-regexp ^includeIf\.gitdir:
2026-10-02T08:55:17.4725513Z [command]/usr/bin/git submodule foreach --recursive git config --local --show-origin --name-only --get-regexp remote.origin.url
2026-10-02T08:55:17.4873269Z [command]/usr/bin/git config --local http.https://github.com/.extraheader AUTHORIZATION: basic ***
2026-10-02T08:55:17.4903785Z ##[endgroup]
2026-10-02T08:55:17.4905097Z ##[group]Fetching the repository
2026-10-02T08:55:17.4911646Z [command]/usr/bin/git -c protocol.version=2 fetch --no-tags --prune --no-recurse-submodules --depth=1 origin +f1e5b2106d50c06758d2b23066ab010d6f16d5de:refs/remotes/pull/1/merge
2026-10-02T08:55:25.9240882Z From https://github.com/llongwang751-arch/mini-drop
2026-10-02T08:55:25.9241774Z  * [new ref]         f1e5b2106d50c06758d2b23066ab010d6f16d5de -> pull/1/merge
2026-10-02T08:55:25.9244270Z ##[endgroup]
2026-10-02T08:55:25.9244803Z ##[group]Determining the checkout info
2026-10-02T08:55:25.9247164Z ##[endgroup]
2026-10-02T08:55:25.9253116Z [command]/usr/bin/git sparse-checkout disable
2026-10-02T08:55:25.9292657Z [command]/usr/bin/git config --local --unset-all extensions.worktreeConfig
2026-10-02T08:55:25.9316033Z ##[group]Checking out the ref
2026-10-02T08:55:25.9324933Z [command]/usr/bin/git checkout --progress --force refs/remotes/pull/1/merge
2026-10-02T08:55:26.8761159Z Note: switching to 'refs/remotes/pull/1/merge'.
2026-10-02T08:55:26.8761544Z 
2026-10-02T08:55:26.8761761Z You are in 'detached HEAD' state. You can look around, make experimental
2026-10-02T08:55:26.8762299Z changes and commit them, and you can discard any commits you make in this
2026-10-02T08:55:26.8762972Z state without impacting any branches by switching back to a branch.
2026-10-02T08:55:26.8763266Z 
2026-10-02T08:55:26.8775583Z If you want to create a new branch to retain commits you create, you may
2026-10-02T08:55:26.8777078Z do so (now or later) by using -c with the switch command. Example:
2026-10-02T08:55:26.8777516Z 
2026-10-02T08:55:26.8777890Z   git switch -c <new-branch-name>
2026-10-02T08:55:26.8778135Z 
2026-10-02T08:55:26.8778276Z Or undo this operation with:
2026-10-02T08:55:26.8778534Z 
2026-10-02T08:55:26.8778765Z   git switch -
2026-10-02T08:55:26.8779041Z 
2026-10-02T08:55:26.8779306Z Turn off this advice by setting config variable advice.detachedHead to false
2026-10-02T08:55:26.8779660Z 
2026-10-02T08:55:26.8780058Z HEAD is now at f1e5b21 Merge df0d3ef00a945e7d909f73868819799b2b7cc7f7 into 609ea8a73f845b496b59b5cae181f515c5919850
2026-10-02T08:55:26.8841972Z ##[endgroup]
2026-10-02T08:55:26.8843878Z [command]/usr/bin/git log -1 --format=%H
2026-10-02T08:55:26.8864456Z f1e5b2106d50c06758d2b23066ab010d6f16d5de
2026-10-02T08:55:26.9077296Z ##[group]Run actions/setup-node@v4
2026-10-02T08:55:26.9077563Z with:
2026-10-02T08:55:26.9077772Z   node-version: 22
2026-10-02T08:55:26.9078016Z   cache: npm
2026-10-02T08:55:26.9078272Z   cache-dependency-path: web/package-lock.json
2026-10-02T08:55:26.9078553Z   always-auth: false
2026-10-02T08:55:26.9078782Z   check-latest: false
2026-10-02T08:55:26.9080506Z   token: ***
2026-10-02T08:55:26.9080733Z ##[endgroup]
2026-10-02T08:55:27.3102239Z Found in cache @ /opt/hostedtoolcache/node/22.23.3/x64
2026-10-02T08:55:27.3106768Z (node:1824) [DEP0040] DeprecationWarning: The `punycode` module is deprecated. Please use a userland alternative instead.
2026-10-02T08:55:27.3107348Z (Use `node --trace-deprecation ...` to show where the warning was created)
2026-10-02T08:55:27.3109109Z ##[group]Environment details
2026-10-02T08:55:28.6260848Z node: v22.23.3
2026-10-02T08:55:28.6261328Z npm: 10.9.9
2026-10-02T08:55:28.6261679Z yarn: 1.22.22
2026-10-02T08:55:28.6262942Z ##[endgroup]
2026-10-02T08:55:28.6277657Z [command]/opt/hostedtoolcache/node/22.23.3/x64/bin/npm config get cache
2026-10-02T08:55:29.0532102Z /home/runner/.npm
2026-10-02T08:55:29.2026756Z Cache hit for: node-cache-Linux-x64-npm-a79428a48f53c819bdf3224c6f533bf526ae1b21f28f4ee918b0bcba5121d960
2026-10-02T08:55:29.2100342Z (node:1824) [DEP0169] DeprecationWarning: `url.parse()` behavior is not standardized and prone to errors that have security implications. Use the WHATWG URL API instead. CVEs are not issued for `url.parse()` vulnerabilities.
2026-10-02T08:55:30.0430288Z Received 52012766 of 52012766 (100.0%), 74.5 MBs/sec
2026-10-02T08:55:30.0430738Z Cache Size: ~50 MB (52012766 B)
2026-10-02T08:55:30.0493203Z [command]/usr/bin/tar -xf /home/runner/work/_temp/e22a454b-3c3b-4112-b041-5134ecf57ed4/cache.tzst -P -C /home/runner/work/mini-drop/mini-drop --use-compress-program unzstd
2026-10-02T08:55:30.1218849Z Cache restored successfully
2026-10-02T08:55:30.1276705Z Cache restored from key: node-cache-Linux-x64-npm-a79428a48f53c819bdf3224c6f533bf526ae1b21f28f4ee918b0bcba5121d960
2026-10-02T08:55:30.1399503Z ##[group]Run npm --prefix web ci
2026-10-02T08:55:30.1399913Z [36;1mnpm --prefix web ci[0m
2026-10-02T08:55:31.1063996Z shell: /usr/bin/bash -e {0}
2026-10-02T08:55:31.1064568Z ##[endgroup]
2026-10-02T08:55:38.8773614Z 
2026-10-02T08:55:38.8781561Z added 346 packages, and audited 347 packages in 8s
2026-10-02T08:55:38.8781990Z 
2026-10-02T08:55:38.8782403Z 118 packages are looking for funding
2026-10-02T08:55:38.8782836Z   run `npm fund` for details
2026-10-02T08:55:38.8876818Z 
2026-10-02T08:55:38.8877954Z 2 vulnerabilities (1 low, 1 high)
2026-10-02T08:55:38.8878285Z 
2026-10-02T08:55:38.8878431Z To address all issues, run:
2026-10-02T08:55:38.8878688Z   npm audit fix
2026-10-02T08:55:38.9147427Z 
2026-10-02T08:55:38.9147656Z Run `npm audit` for details.
2026-10-02T08:55:38.9184682Z ##[group]Run npm --prefix web run build
2026-10-02T08:55:38.9185103Z [36;1mnpm --prefix web run build[0m
2026-10-02T08:55:38.9225626Z shell: /usr/bin/bash -e {0}
2026-10-02T08:55:38.9225918Z ##[endgroup]
2026-10-02T08:55:38.9900067Z 
2026-10-02T08:55:38.9900479Z > mini-drop-web@0.1.0 build
2026-10-02T08:55:38.9900880Z > vite build
2026-10-02T08:55:38.9901161Z 
2026-10-02T08:55:39.4215866Z [36mvite v8.2.2 [32mbuilding client environment for production...[36m[39m
2026-10-02T08:55:39.4306495Z transforming...
2026-10-02T08:55:39.9006939Z ✓ 4597 modules transformed.
2026-10-02T08:55:40.2982693Z rendering chunks...
2026-10-02T08:55:40.4586087Z computing gzip size...
2026-10-02T08:55:40.4737136Z dist/index.html                                0.79 kB │ gzip:   0.42 kB
2026-10-02T08:55:40.4737984Z dist/assets/parseJson.worker-mxB42-VK.js       0.83 kB
2026-10-02T08:55:40.4738907Z dist/assets/TaskResult-BAn5yWN7.css            0.32 kB │ gzip:   0.24 kB
2026-10-02T08:55:40.4739879Z dist/assets/flamegraph-VXIZzpiT.css            0.60 kB │ gzip:   0.32 kB
2026-10-02T08:55:40.4740680Z dist/assets/index-IZHbRe47.css                 8.44 kB │ gzip:   2.63 kB
2026-10-02T08:55:40.4741501Z dist/assets/AIDiagnosis-ChKDK5_y.css          90.44 kB │ gzip:  16.76 kB
2026-10-02T08:55:40.4742281Z dist/assets/ErrorAlert-903HQ4EN.js             0.23 kB │ gzip:   0.19 kB
2026-10-02T08:55:40.4743120Z dist/assets/ArrowLeftOutlined-D5Rce3sA.js      0.60 kB │ gzip:   0.44 kB
2026-10-02T08:55:40.4744214Z dist/assets/rolldown-runtime-B0Z9INg1.js       0.90 kB │ gzip:   0.51 kB
2026-10-02T08:55:40.4744997Z dist/assets/agentMetrics-CZoJGXne.js           1.09 kB │ gzip:   0.67 kB
2026-10-02T08:55:40.4745859Z dist/assets/CloudServerOutlined-nqMoSLwN.js    1.33 kB │ gzip:   0.78 kB
2026-10-02T08:55:40.4746758Z dist/assets/StatusTag-AVBiLPOz.js              2.03 kB │ gzip:   0.82 kB
2026-10-02T08:55:40.4747625Z [33m[plugin builtin:vite-reporter] 
2026-10-02T08:55:40.4748369Z (!) Some chunks are larger than 600 kB after minification. Consider:
2026-10-02T08:55:40.4748998Z - Using dynamic import() to code-split the application
2026-10-02T08:55:40.4750082Z - Use build.rolldownOptions.output.codeSplitting to improve chunking: https://rolldown.rs/reference/OutputOptions.codeSplitting
2026-10-02T08:55:40.4751201Z - Adjust chunk size limit for this warning via build.chunkSizeWarningLimit.[39m
2026-10-02T08:55:40.4752209Z dist/assets/AuditLogs-CLKuAA5c.js              3.87 kB │ gzip:   1.88 kB
2026-10-02T08:55:40.4753128Z dist/assets/row-D_0PZE5A.js                    5.51 kB │ gzip:   2.24 kB
2026-10-02T08:55:40.4754080Z dist/assets/collectors-9W4-i_vQ.js             6.12 kB │ gzip:   1.78 kB
2026-10-02T08:55:40.4755014Z dist/assets/alert-C2yT8MYA.js                  6.35 kB │ gzip:   2.66 kB
2026-10-02T08:55:40.4755798Z dist/assets/AgentDetail-jxoIQzEZ.js            7.71 kB │ gzip:   3.15 kB
2026-10-02T08:55:40.4756890Z dist/assets/ThunderboltOutlined-_zhhsc5p.js   10.29 kB │ gzip:   4.07 kB
2026-10-02T08:55:40.4757712Z dist/assets/usePolling-CeSosOBk.js            16.17 kB │ gzip:   6.83 kB
2026-10-02T08:55:40.4758624Z dist/assets/Schedules-10l6wFhc.js             17.26 kB │ gzip:   5.82 kB
2026-10-02T08:55:40.4759370Z dist/assets/input-number-BLKstg1f.js          23.73 kB │ gzip:   8.20 kB
2026-10-02T08:55:40.4760225Z dist/assets/modal-CGyc8tVo.js                 27.89 kB │ gzip:   9.27 kB
2026-10-02T08:55:40.4761066Z dist/assets/TaskResult-E3zDOq9_.js            29.61 kB │ gzip:  10.78 kB
2026-10-02T08:55:40.4761972Z dist/assets/d3-OVqjLuRP.js                    36.91 kB │ gzip:  12.52 kB
2026-10-02T08:55:40.4762816Z dist/assets/PlayCircleOutlined-DDH4N-mk.js    37.49 kB │ gzip:  12.80 kB
2026-10-02T08:55:40.4763826Z dist/assets/axios-B0fvnqBc.js                 49.95 kB │ gzip:  18.75 kB
2026-10-02T08:55:40.4764662Z dist/assets/Dashboard-BffNcTwA.js             50.52 kB │ gzip:  16.62 kB
2026-10-02T08:55:40.4765508Z dist/assets/index-B_X_9XCC.js                 92.29 kB │ gzip:  32.17 kB
2026-10-02T08:55:40.4766600Z dist/assets/flamegraph-CSYLKD5W.js            96.97 kB │ gzip:  32.80 kB
2026-10-02T08:55:40.4767568Z dist/assets/react-C8_Uech3.js                178.38 kB │ gzip:  58.94 kB
2026-10-02T08:55:40.4768338Z dist/assets/table-B3EaWpvJ.js                343.42 kB │ gzip: 105.31 kB
2026-10-02T08:55:40.4769243Z dist/assets/SafeMarkdown-DTMU3vYp.js         389.11 kB │ gzip: 122.02 kB
2026-10-02T08:55:40.4770204Z dist/assets/client-C9stzVXG.js               397.22 kB │ gzip: 127.31 kB
2026-10-02T08:55:40.4770980Z dist/assets/AIDiagnosis-DcyjBW3x.js          427.34 kB │ gzip: 135.21 kB
2026-10-02T08:55:40.4771788Z dist/assets/echarts-C79zCWSK.js              612.21 kB │ gzip: 206.37 kB
2026-10-02T08:55:40.4772172Z 
2026-10-02T08:55:40.4772563Z [32m✓ built in 1.05s[39m
2026-10-02T08:55:40.5079221Z ##[group]Run npx --yes playwright@1.55.0 install --with-deps chromium
2026-10-02T08:55:40.5079652Z [36;1mnpx --yes playwright@1.55.0 install --with-deps chromium[0m
2026-10-02T08:55:40.5112483Z shell: /usr/bin/bash -e {0}
2026-10-02T08:55:40.5112841Z ##[endgroup]
2026-10-02T08:55:43.7218001Z ╔═══════════════════════════════════════════════════════════════════════════════╗
2026-10-02T08:55:43.7218745Z ║ WARNING: It looks like you are running 'npx playwright install' without first ║
2026-10-02T08:55:43.7219427Z ║ installing your project's dependencies.                                       ║
2026-10-02T08:55:43.7220074Z ║                                                                               ║
2026-10-02T08:55:43.7220724Z ║ To avoid unexpected behavior, please install your dependencies first, and     ║
2026-10-02T08:55:43.7221338Z ║ then run Playwright's install command:                                        ║
2026-10-02T08:55:43.7222061Z ║                                                                               ║
2026-10-02T08:55:43.7222559Z ║     npm install                                                               ║
2026-10-02T08:55:43.7223094Z ║     npx playwright install                                                    ║
2026-10-02T08:55:43.7223751Z ║                                                                               ║
2026-10-02T08:55:43.7224360Z ║ If your project does not yet depend on Playwright, first install the          ║
2026-10-02T08:55:43.7224968Z ║ applicable npm package (most commonly @playwright/test), and                  ║
2026-10-02T08:55:43.7225542Z ║ then run Playwright's install command to download the browsers:               ║
2026-10-02T08:55:43.7226100Z ║                                                                               ║
2026-10-02T08:55:43.7226607Z ║     npm install @playwright/test                                              ║
2026-10-02T08:55:43.7227155Z ║     npx playwright install                                                    ║
2026-10-02T08:55:43.7227656Z ║                                                                               ║
2026-10-02T08:55:43.7228250Z ╚═══════════════════════════════════════════════════════════════════════════════╝
2026-10-02T08:55:43.7228795Z Installing dependencies...
2026-10-02T08:55:43.7301638Z Switching to root user to install dependencies...
2026-10-02T08:55:44.2708085Z Get:1 file:/etc/apt/apt-mirrors.txt Mirrorlist [144 B]
2026-10-02T08:55:44.2783963Z Get:6 https://packages.microsoft.com/ubuntu/22.04/prod jammy InRelease [3632 B]
2026-10-02T08:55:44.3342905Z Hit:2 http://azure.archive.ubuntu.com/ubuntu jammy InRelease
2026-10-02T08:55:44.3347136Z Get:3 http://azure.archive.ubuntu.com/ubuntu jammy-updates InRelease [128 kB]
2026-10-02T08:55:44.3810592Z Get:4 http://azure.archive.ubuntu.com/ubuntu jammy-backports InRelease [127 kB]
2026-10-02T08:55:44.4195168Z Get:5 http://azure.archive.ubuntu.com/ubuntu jammy-security InRelease [129 kB]
2026-10-02T08:55:44.4396496Z Get:7 https://packages.microsoft.com/ubuntu/22.04/prod jammy/main amd64 Packages [792 kB]
2026-10-02T08:55:44.4535040Z Get:8 https://packages.microsoft.com/ubuntu/22.04/prod jammy/main arm64 Packages [550 kB]
2026-10-02T08:55:44.6894961Z Get:9 http://azure.archive.ubuntu.com/ubuntu jammy-updates/main amd64 Packages [3899 kB]
2026-10-02T08:55:44.7035834Z Get:10 http://azure.archive.ubuntu.com/ubuntu jammy-updates/main Translation-en [575 kB]
2026-10-02T08:55:44.7094877Z Get:11 http://azure.archive.ubuntu.com/ubuntu jammy-updates/restricted amd64 Packages [6701 kB]
2026-10-02T08:55:44.7974700Z Get:12 http://azure.archive.ubuntu.com/ubuntu jammy-updates/restricted Translation-en [1287 kB]
2026-10-02T08:55:44.8017361Z Get:13 http://azure.archive.ubuntu.com/ubuntu jammy-updates/universe amd64 Packages [1285 kB]
2026-10-02T08:55:44.8061069Z Get:14 http://azure.archive.ubuntu.com/ubuntu jammy-updates/universe Translation-en [325 kB]
2026-10-02T08:55:44.8075290Z Get:15 http://azure.archive.ubuntu.com/ubuntu jammy-security/main amd64 Packages [3598 kB]
2026-10-02T08:55:44.8186548Z Get:16 http://azure.archive.ubuntu.com/ubuntu jammy-security/main Translation-en [504 kB]
2026-10-02T08:55:44.8206184Z Get:17 http://azure.archive.ubuntu.com/ubuntu jammy-security/restricted amd64 Packages [6410 kB]
2026-10-02T08:55:44.8396147Z Get:18 http://azure.archive.ubuntu.com/ubuntu jammy-security/restricted Translation-en [1232 kB]
2026-10-02T08:55:44.8846880Z Get:19 http://azure.archive.ubuntu.com/ubuntu jammy-security/universe amd64 Packages [1052 kB]
2026-10-02T08:55:44.8881540Z Get:20 http://azure.archive.ubuntu.com/ubuntu jammy-security/universe Translation-en [236 kB]
2026-10-02T08:55:54.7300069Z Fetched 28.8 MB in 3s (10.4 MB/s)
2026-10-02T08:55:55.7048906Z Reading package lists...
2026-10-02T08:55:55.7544956Z Reading package lists...
2026-10-02T08:55:55.9656684Z Building dependency tree...
2026-10-02T08:55:55.9667490Z Reading state information...
2026-10-02T08:55:56.1345074Z fonts-liberation is already the newest version (1:1.07.4-11).
2026-10-02T08:55:56.1346266Z fonts-liberation set to manually installed.
2026-10-02T08:55:56.1347322Z libatk-bridge2.0-0 is already the newest version (2.38.0-3).
2026-10-02T08:55:56.1348069Z libatk-bridge2.0-0 set to manually installed.
2026-10-02T08:55:56.1348847Z libatk1.0-0 is already the newest version (2.36.0-3build1).
2026-10-02T08:55:56.1349489Z libatk1.0-0 set to manually installed.
2026-10-02T08:55:56.1350300Z libatspi2.0-0 is already the newest version (2.44.0-3).
2026-10-02T08:55:56.1350828Z libatspi2.0-0 set to manually installed.
2026-10-02T08:55:56.1351358Z libfontconfig1 is already the newest version (2.13.1-4.2ubuntu5).
2026-10-02T08:55:56.1351891Z libfontconfig1 set to manually installed.
2026-10-02T08:55:56.1352275Z libxcb1 is already the newest version (1.14-3ubuntu3).
2026-10-02T08:55:56.1352675Z libxcb1 set to manually installed.
2026-10-02T08:55:56.1353066Z libxcomposite1 is already the newest version (1:0.4.5-1build2).
2026-10-02T08:55:56.1353591Z libxcomposite1 set to manually installed.
2026-10-02T08:55:56.1354096Z libxdamage1 is already the newest version (1:1.1.5-2build2).
2026-10-02T08:55:56.1354458Z libxdamage1 set to manually installed.
2026-10-02T08:55:56.1354841Z libxext6 is already the newest version (2:1.3.4-1build1).
2026-10-02T08:55:56.1355215Z libxext6 set to manually installed.
2026-10-02T08:55:56.1355540Z libxfixes3 is already the newest version (1:6.0.0-1).
2026-10-02T08:55:56.1355878Z libxfixes3 set to manually installed.
2026-10-02T08:55:56.1356225Z libxkbcommon0 is already the newest version (1.4.0-1).
2026-10-02T08:55:56.1356584Z libxkbcommon0 set to manually installed.
2026-10-02T08:55:56.1356934Z libxrandr2 is already the newest version (2:1.5.2-1build1).
2026-10-02T08:55:56.1357319Z libxrandr2 set to manually installed.
2026-10-02T08:55:56.1357713Z fonts-noto-color-emoji is already the newest version (2.047-0ubuntu0.22.04.1).
2026-10-02T08:55:56.1358141Z libasound2 is already the newest version (1.2.6.1-1ubuntu1.2).
2026-10-02T08:55:56.1358588Z libasound2 set to manually installed.
2026-10-02T08:55:56.1358938Z libcairo2 is already the newest version (1.16.0-5ubuntu2.1).
2026-10-02T08:55:56.1359294Z libcairo2 set to manually installed.
2026-10-02T08:55:56.1359638Z libcups2 is already the newest version (2.4.1op1-1ubuntu4.21).
2026-10-02T08:55:56.1360039Z libcups2 set to manually installed.
2026-10-02T08:55:56.1360400Z libdbus-1-3 is already the newest version (1.12.20-2ubuntu4.1).
2026-10-02T08:55:56.1360757Z libdbus-1-3 set to manually installed.
2026-10-02T08:55:56.1361159Z libdrm2 is already the newest version (2.4.113-2~ubuntu0.22.04.1).
2026-10-02T08:55:56.1361504Z libdrm2 set to manually installed.
2026-10-02T08:55:56.1362192Z libfreetype6 is already the newest version (2.11.1+dfsg-1ubuntu0.3).
2026-10-02T08:55:56.1362602Z libfreetype6 set to manually installed.
2026-10-02T08:55:56.1362953Z libgbm1 is already the newest version (23.2.1-1ubuntu3.1~22.04.4).
2026-10-02T08:55:56.1363328Z libgbm1 set to manually installed.
2026-10-02T08:55:56.1364035Z libglib2.0-0 is already the newest version (2.72.4-0ubuntu2.10).
2026-10-02T08:55:56.1364426Z libglib2.0-0 set to manually installed.
2026-10-02T08:55:56.1364814Z libnspr4 is already the newest version (2:4.35-0ubuntu0.22.04.1).
2026-10-02T08:55:56.1365270Z libnss3 is already the newest version (2:3.98-0ubuntu0.22.04.4).
2026-10-02T08:55:56.1365712Z libpango-1.0-0 is already the newest version (1.50.6+ds-2ubuntu1).
2026-10-02T08:55:56.1366070Z libpango-1.0-0 set to manually installed.
2026-10-02T08:55:56.1366518Z libwayland-client0 is already the newest version (1.20.0-1ubuntu0.1).
2026-10-02T08:55:56.1366920Z libwayland-client0 set to manually installed.
2026-10-02T08:55:56.1367313Z libx11-6 is already the newest version (2:1.7.5-1ubuntu0.3).
2026-10-02T08:55:56.1367690Z libx11-6 set to manually installed.
2026-10-02T08:55:56.1368026Z xvfb is already the newest version (2:21.1.4-2ubuntu1.7~22.04.16).
2026-10-02T08:55:56.1368442Z The following additional packages will be installed:
2026-10-02T08:55:56.1368799Z   xfonts-encodings xfonts-utils
2026-10-02T08:55:56.1369105Z Recommended packages:
2026-10-02T08:55:56.1369369Z   fonts-ipafont-mincho fonts-tlwg-loma
2026-10-02T08:55:56.3306121Z The following NEW packages will be installed:
2026-10-02T08:55:56.3307153Z   fonts-freefont-ttf fonts-ipafont-gothic fonts-tlwg-loma-otf fonts-unifont
2026-10-02T08:55:56.3313057Z   fonts-wqy-zenhei xfonts-cyrillic xfonts-encodings xfonts-scalable
2026-10-02T08:55:56.3314049Z   xfonts-utils
2026-10-02T08:55:56.3455661Z 0 upgraded, 9 newly installed, 0 to remove and 20 not upgraded.
2026-10-02T08:55:56.3456169Z Need to get 18.4 MB of archives.
2026-10-02T08:55:56.3456744Z After this operation, 56.8 MB of additional disk space will be used.
2026-10-02T08:55:56.3457186Z Get:1 file:/etc/apt/apt-mirrors.txt Mirrorlist [144 B]
2026-10-02T08:55:56.4119556Z Get:2 http://azure.archive.ubuntu.com/ubuntu jammy/universe amd64 fonts-ipafont-gothic all 00303-21ubuntu1 [3513 kB]
2026-10-02T08:55:56.4753594Z Get:3 http://azure.archive.ubuntu.com/ubuntu jammy/main amd64 fonts-freefont-ttf all 20120503-10build1 [2388 kB]
2026-10-02T08:55:56.5766059Z Get:4 http://azure.archive.ubuntu.com/ubuntu jammy/universe amd64 fonts-tlwg-loma-otf all 1:0.7.3-1 [107 kB]
2026-10-02T08:55:56.6170788Z Get:5 http://azure.archive.ubuntu.com/ubuntu jammy/universe amd64 fonts-unifont all 1:14.0.01-1 [3551 kB]
2026-10-02T08:55:56.7276787Z Get:6 http://azure.archive.ubuntu.com/ubuntu jammy/universe amd64 fonts-wqy-zenhei all 0.9.45-8 [7472 kB]
2026-10-02T08:55:56.9159108Z Get:7 http://azure.archive.ubuntu.com/ubuntu jammy/main amd64 xfonts-encodings all 1:1.0.5-0ubuntu2 [578 kB]
2026-10-02T08:55:56.9543819Z Get:8 http://azure.archive.ubuntu.com/ubuntu jammy/main amd64 xfonts-utils amd64 1:7.7+6build2 [94.6 kB]
2026-10-02T08:55:56.9946627Z Get:9 http://azure.archive.ubuntu.com/ubuntu jammy/universe amd64 xfonts-cyrillic all 1:1.0.5 [386 kB]
2026-10-02T08:55:57.0408973Z Get:10 http://azure.archive.ubuntu.com/ubuntu jammy/main amd64 xfonts-scalable all 1:1.0.3-1.2ubuntu1 [306 kB]
2026-10-02T08:55:57.4370564Z Fetched 18.4 MB in 1s (26.0 MB/s)
2026-10-02T08:55:57.6447026Z Selecting previously unselected package fonts-ipafont-gothic.
2026-10-02T08:55:58.2254475Z (Reading database ... 
2026-10-02T08:55:58.2255007Z (Reading database ... 5%
2026-10-02T08:55:58.2255321Z (Reading database ... 10%
2026-10-02T08:55:58.2256263Z (Reading database ... 15%
2026-10-02T08:55:58.2256548Z (Reading database ... 20%
2026-10-02T08:55:58.2256810Z (Reading database ... 25%
2026-10-02T08:55:58.2257048Z (Reading database ... 30%
2026-10-02T08:55:58.2257339Z (Reading database ... 35%
2026-10-02T08:55:58.2257646Z (Reading database ... 40%
2026-10-02T08:55:58.2258181Z (Reading database ... 45%
2026-10-02T08:55:58.2258441Z (Reading database ... 50%
2026-10-02T08:55:58.4297293Z (Reading database ... 55%
2026-10-02T08:55:59.4761955Z (Reading database ... 60%
2026-10-02T08:56:00.8391839Z (Reading database ... 65%
2026-10-02T08:56:01.7014762Z (Reading database ... 70%
2026-10-02T08:56:02.4868168Z (Reading database ... 75%
2026-10-02T08:56:02.8378100Z (Reading database ... 80%
2026-10-02T08:56:03.4284970Z (Reading database ... 85%
2026-10-02T08:56:03.7182434Z (Reading database ... 90%
2026-10-02T08:56:03.9698785Z (Reading database ... 95%
2026-10-02T08:56:03.9699495Z (Reading database ... 100%
2026-10-02T08:56:03.9700134Z (Reading database ... 260411 files and directories currently installed.)
2026-10-02T08:56:03.9764792Z Preparing to unpack .../0-fonts-ipafont-gothic_00303-21ubuntu1_all.deb ...
2026-10-02T08:56:04.0708992Z Unpacking fonts-ipafont-gothic (00303-21ubuntu1) ...
2026-10-02T08:56:04.3176804Z Selecting previously unselected package fonts-freefont-ttf.
2026-10-02T08:56:04.3314619Z Preparing to unpack .../1-fonts-freefont-ttf_20120503-10build1_all.deb ...
2026-10-02T08:56:04.3963642Z Unpacking fonts-freefont-ttf (20120503-10build1) ...
2026-10-02T08:56:04.6117623Z Selecting previously unselected package fonts-tlwg-loma-otf.
2026-10-02T08:56:04.6257429Z Preparing to unpack .../2-fonts-tlwg-loma-otf_1%3a0.7.3-1_all.deb ...
2026-10-02T08:56:04.6270299Z Unpacking fonts-tlwg-loma-otf (1:0.7.3-1) ...
2026-10-02T08:56:04.7137559Z Selecting previously unselected package fonts-unifont.
2026-10-02T08:56:04.7278055Z Preparing to unpack .../3-fonts-unifont_1%3a14.0.01-1_all.deb ...
2026-10-02T08:56:04.7285152Z Unpacking fonts-unifont (1:14.0.01-1) ...
2026-10-02T08:56:05.4066800Z Selecting previously unselected package fonts-wqy-zenhei.
2026-10-02T08:56:05.4206778Z Preparing to unpack .../4-fonts-wqy-zenhei_0.9.45-8_all.deb ...
2026-10-02T08:56:05.4608251Z Unpacking fonts-wqy-zenhei (0.9.45-8) ...
2026-10-02T08:56:06.3202182Z Selecting previously unselected package xfonts-encodings.
2026-10-02T08:56:06.3340250Z Preparing to unpack .../5-xfonts-encodings_1%3a1.0.5-0ubuntu2_all.deb ...
2026-10-02T08:56:06.3723649Z Unpacking xfonts-encodings (1:1.0.5-0ubuntu2) ...
2026-10-02T08:56:06.4444804Z Selecting previously unselected package xfonts-utils.
2026-10-02T08:56:06.4579577Z Preparing to unpack .../6-xfonts-utils_1%3a7.7+6build2_amd64.deb ...
2026-10-02T08:56:06.5329327Z Unpacking xfonts-utils (1:7.7+6build2) ...
2026-10-02T08:56:07.0267502Z Selecting previously unselected package xfonts-cyrillic.
2026-10-02T08:56:07.0414344Z Preparing to unpack .../7-xfonts-cyrillic_1%3a1.0.5_all.deb ...
2026-10-02T08:56:07.0874935Z Unpacking xfonts-cyrillic (1:1.0.5) ...
2026-10-02T08:56:07.2680939Z Selecting previously unselected package xfonts-scalable.
2026-10-02T08:56:07.2828719Z Preparing to unpack .../8-xfonts-scalable_1%3a1.0.3-1.2ubuntu1_all.deb ...
2026-10-02T08:56:07.2863193Z Unpacking xfonts-scalable (1:1.0.3-1.2ubuntu1) ...
2026-10-02T08:56:07.4310883Z Setting up fonts-wqy-zenhei (0.9.45-8) ...
2026-10-02T08:56:07.6456264Z Setting up fonts-freefont-ttf (20120503-10build1) ...
2026-10-02T08:56:07.6555600Z Setting up fonts-tlwg-loma-otf (1:0.7.3-1) ...
2026-10-02T08:56:07.9856704Z Setting up xfonts-encodings (1:1.0.5-0ubuntu2) ...
2026-10-02T08:56:08.1091246Z Setting up fonts-ipafont-gothic (00303-21ubuntu1) ...
2026-10-02T08:56:08.1342319Z update-alternatives: using /usr/share/fonts/opentype/ipafont-gothic/ipag.ttf to provide /usr/share/fonts/truetype/fonts-japanese-gothic.ttf (fonts-japanese-gothic.ttf) in auto mode
2026-10-02T08:56:08.1617917Z Setting up fonts-unifont (1:14.0.01-1) ...
2026-10-02T08:56:08.2252014Z Setting up xfonts-utils (1:7.7+6build2) ...
2026-10-02T08:56:08.2353026Z Setting up xfonts-cyrillic (1:1.0.5) ...
2026-10-02T08:56:08.3548840Z Setting up xfonts-scalable (1:1.0.3-1.2ubuntu1) ...
2026-10-02T08:56:08.4452490Z Processing triggers for man-db (2.10.2-1) ...
2026-10-02T08:56:08.4489788Z Not building database; man-db/auto-update is not 'true'.
2026-10-02T08:56:08.4559195Z Processing triggers for fontconfig (2.13.1-4.2ubuntu5) ...
2026-10-02T08:56:09.5394341Z 
2026-10-02T08:56:09.5395187Z Running kernel seems to be up-to-date.
2026-10-02T08:56:09.5395552Z 
2026-10-02T08:56:09.5395742Z No services need to be restarted.
2026-10-02T08:56:09.5396084Z 
2026-10-02T08:56:09.5404941Z No containers need to be restarted.
2026-10-02T08:56:09.5405580Z 
2026-10-02T08:56:09.5405785Z No user sessions are running outdated binaries.
2026-10-02T08:56:09.5406045Z 
2026-10-02T08:56:09.5406471Z No VM guests are running outdated hypervisor (qemu) binaries on this host.
2026-10-02T08:56:10.8027559Z Downloading Chromium 140.0.7339.16 (playwright build v1187) from https://cdn.playwright.dev/dbazure/download/playwright/builds/chromium/1187/chromium-linux.zip
2026-10-02T08:56:10.9516569Z |                                                                                |   0% of 173.7 MiB
2026-10-02T08:56:11.0540424Z |■■■■■■■■                                                                        |  10% of 173.7 MiB
2026-10-02T08:56:11.1073360Z |■■■■■■■■■■■■■■■■                                                                |  20% of 173.7 MiB
2026-10-02T08:56:11.1757566Z |■■■■■■■■■■■■■■■■■■■■■■■■                                                        |  30% of 173.7 MiB
2026-10-02T08:56:11.2289684Z |■■■■■■■■■■■■■■■■■■■■■■■■■■■■■■■■                                                |  40% of 173.7 MiB
2026-10-02T08:56:11.2856759Z |■■■■■■■■■■■■■■■■■■■■■■■■■■■■■■■■■■■■■■■■                                        |  50% of 173.7 MiB
2026-10-02T08:56:11.3441630Z |■■■■■■■■■■■■■■■■■■■■■■■■■■■■■■■■■■■■■■■■■■■■■■■■                                |  60% of 173.7 MiB
2026-10-02T08:56:11.3948612Z |■■■■■■■■■■■■■■■■■■■■■■■■■■■■■■■■■■■■■■■■■■■■■■■■■■■■■■■■                        |  70% of 173.7 MiB
2026-10-02T08:56:11.4573695Z |■■■■■■■■■■■■■■■■■■■■■■■■■■■■■■■■■■■■■■■■■■■■■■■■■■■■■■■■■■■■■■■■                |  80% of 173.7 MiB
2026-10-02T08:56:11.5128480Z |■■■■■■■■■■■■■■■■■■■■■■■■■■■■■■■■■■■■■■■■■■■■■■■■■■■■■■■■■■■■■■■■■■■■■■■■        |  90% of 173.7 MiB
2026-10-02T08:56:11.5884973Z |■■■■■■■■■■■■■■■■■■■■■■■■■■■■■■■■■■■■■■■■■■■■■■■■■■■■■■■■■■■■■■■■■■■■■■■■■■■■■■■■| 100% of 173.7 MiB
2026-10-02T08:56:14.7029342Z Chromium 140.0.7339.16 (playwright build v1187) downloaded to /home/runner/.cache/ms-playwright/chromium-1187
2026-10-02T08:56:14.7030283Z Downloading FFMPEG playwright build v1011 from https://cdn.playwright.dev/dbazure/download/playwright/builds/ffmpeg/1011/ffmpeg-linux.zip
2026-10-02T08:56:14.8433842Z |                                                                                |   0% of 2.3 MiB
2026-10-02T08:56:14.8619968Z |■■■■■■■■                                                                        |  10% of 2.3 MiB
2026-10-02T08:56:14.8710234Z |■■■■■■■■■■■■■■■■                                                                |  20% of 2.3 MiB
2026-10-02T08:56:14.8766891Z |■■■■■■■■■■■■■■■■■■■■■■■■                                                        |  30% of 2.3 MiB
2026-10-02T08:56:14.8800354Z |■■■■■■■■■■■■■■■■■■■■■■■■■■■■■■■■                                                |  40% of 2.3 MiB
2026-10-02T08:56:14.8829040Z |■■■■■■■■■■■■■■■■■■■■■■■■■■■■■■■■■■■■■■■■                                        |  50% of 2.3 MiB
2026-10-02T08:56:14.8858969Z |■■■■■■■■■■■■■■■■■■■■■■■■■■■■■■■■■■■■■■■■■■■■■■■■                                |  60% of 2.3 MiB
2026-10-02T08:56:14.8882447Z |■■■■■■■■■■■■■■■■■■■■■■■■■■■■■■■■■■■■■■■■■■■■■■■■■■■■■■■■                        |  70% of 2.3 MiB
2026-10-02T08:56:14.8898097Z |■■■■■■■■■■■■■■■■■■■■■■■■■■■■■■■■■■■■■■■■■■■■■■■■■■■■■■■■■■■■■■■■                |  80% of 2.3 MiB
2026-10-02T08:56:14.8914924Z |■■■■■■■■■■■■■■■■■■■■■■■■■■■■■■■■■■■■■■■■■■■■■■■■■■■■■■■■■■■■■■■■■■■■■■■■        |  90% of 2.3 MiB
2026-10-02T08:56:14.8929699Z |■■■■■■■■■■■■■■■■■■■■■■■■■■■■■■■■■■■■■■■■■■■■■■■■■■■■■■■■■■■■■■■■■■■■■■■■■■■■■■■■| 100% of 2.3 MiB
2026-10-02T08:56:14.9370714Z FFMPEG playwright build v1011 downloaded to /home/runner/.cache/ms-playwright/ffmpeg-1011
2026-10-02T08:56:14.9372780Z Downloading Chromium Headless Shell 140.0.7339.16 (playwright build v1187) from https://cdn.playwright.dev/dbazure/download/playwright/builds/chromium/1187/chromium-headless-shell-linux.zip
2026-10-02T08:56:15.1194397Z |                                                                                |   0% of 104.3 MiB
2026-10-02T08:56:15.3110353Z |■■■■■■■■                                                                        |  10% of 104.3 MiB
2026-10-02T08:56:15.3883145Z |■■■■■■■■■■■■■■■■                                                                |  20% of 104.3 MiB
2026-10-02T08:56:15.4538800Z |■■■■■■■■■■■■■■■■■■■■■■■■                                                        |  30% of 104.3 MiB
2026-10-02T08:56:15.5253400Z |■■■■■■■■■■■■■■■■■■■■■■■■■■■■■■■■                                                |  40% of 104.3 MiB
2026-10-02T08:56:15.5939314Z |■■■■■■■■■■■■■■■■■■■■■■■■■■■■■■■■■■■■■■■■                                        |  50% of 104.3 MiB
2026-10-02T08:56:15.6656712Z |■■■■■■■■■■■■■■■■■■■■■■■■■■■■■■■■■■■■■■■■■■■■■■■■                                |  60% of 104.3 MiB
2026-10-02T08:56:15.7308421Z |■■■■■■■■■■■■■■■■■■■■■■■■■■■■■■■■■■■■■■■■■■■■■■■■■■■■■■■■                        |  70% of 104.3 MiB
2026-10-02T08:56:15.8048350Z |■■■■■■■■■■■■■■■■■■■■■■■■■■■■■■■■■■■■■■■■■■■■■■■■■■■■■■■■■■■■■■■■                |  80% of 104.3 MiB
2026-10-02T08:56:15.8693265Z |■■■■■■■■■■■■■■■■■■■■■■■■■■■■■■■■■■■■■■■■■■■■■■■■■■■■■■■■■■■■■■■■■■■■■■■■        |  90% of 104.3 MiB
2026-10-02T08:56:15.9430714Z |■■■■■■■■■■■■■■■■■■■■■■■■■■■■■■■■■■■■■■■■■■■■■■■■■■■■■■■■■■■■■■■■■■■■■■■■■■■■■■■■| 100% of 104.3 MiB
2026-10-02T08:56:17.7106236Z Chromium Headless Shell 140.0.7339.16 (playwright build v1187) downloaded to /home/runner/.cache/ms-playwright/chromium_headless_shell-1187
2026-10-02T08:56:18.0228342Z ##[group]Run node scripts/verify_frontend_workbench.mjs --output output/web-browser
2026-10-02T08:56:18.0228829Z [36;1mnode scripts/verify_frontend_workbench.mjs --output output/web-browser[0m
2026-10-02T08:56:18.0262106Z shell: /usr/bin/bash -e {0}
2026-10-02T08:56:18.0262576Z ##[endgroup]
2026-10-02T08:56:33.8734636Z {"passed":true,"checks":["primary entry visible; example fills and focuses the visible composer","mobile no page overflow","check result visible in first viewport; persisted finding retained (top=511px)","active diagnosis fits narrow laptop and mobile","default workbench view renders the real parent-child tree","fullscreen tree canvas fills viewport (height=620px)","failed refresh retains report; retry clears warning","engineering scores 21/21, localization 6/21 and refutations 8 retain all 21 scenarios at four widths; no legacy score display or fetch despite mixed-version fixtures"],"output":"/home/runner/work/mini-drop/mini-drop/output/web-browser"}
2026-10-02T08:56:33.9174691Z ##[group]Run actions/upload-artifact@v4
2026-10-02T08:56:33.9175005Z with:
2026-10-02T08:56:33.9175306Z   name: web-browser-f1e5b2106d50c06758d2b23066ab010d6f16d5de-1
2026-10-02T08:56:33.9175667Z   path: output/web-browser/
2026-10-02T08:56:33.9175924Z   if-no-files-found: error
2026-10-02T08:56:33.9176194Z   retention-days: 14
2026-10-02T08:56:33.9176477Z   compression-level: 6
2026-10-02T08:56:33.9176682Z   overwrite: false
2026-10-02T08:56:33.9176935Z   include-hidden-files: false
2026-10-02T08:56:33.9177173Z ##[endgroup]
2026-10-02T08:56:34.0361639Z (node:2978) [DEP0040] DeprecationWarning: The `punycode` module is deprecated. Please use a userland alternative instead.
2026-10-02T08:56:34.0362529Z (Use `node --trace-deprecation ...` to show where the warning was created)
2026-10-02T08:56:34.0433256Z With the provided path, there will be 13 files uploaded
2026-10-02T08:56:34.0434134Z Artifact name is valid!
2026-10-02T08:56:34.0434482Z Root directory input is valid!
2026-10-02T08:56:34.3228360Z Beginning upload of artifact content to blob storage
2026-10-02T08:56:34.3842964Z (node:2978) [DEP0169] DeprecationWarning: `url.parse()` behavior is not standardized and prone to errors that have security implications. Use the WHATWG URL API instead. CVEs are not issued for `url.parse()` vulnerabilities.
2026-10-02T08:56:34.6970062Z Uploaded bytes 1490929
2026-10-02T08:56:34.7360960Z Finished uploading artifact content to blob storage!
2026-10-02T08:56:34.7361799Z SHA256 digest of uploaded artifact zip is 732971c450c1cfeb22f308cdb5e00407ff296dc1f09d5ba66e8acfcff616c80b
2026-10-02T08:56:34.7363189Z Finalizing artifact upload
2026-10-02T08:56:35.1410507Z Artifact web-browser-f1e5b2106d50c06758d2b23066ab010d6f16d5de-1.zip successfully finalized. Artifact ID 11218260419
2026-10-02T08:56:35.1411603Z Artifact web-browser-f1e5b2106d50c06758d2b23066ab010d6f16d5de-1 has been successfully uploaded! Final size is 1490929 bytes. Artifact ID is 11218260419
2026-10-02T08:56:35.1417392Z Artifact download URL: https://github.com/llongwang751-arch/mini-drop/actions/runs/36986787573/artifacts/11218260419
2026-10-02T08:56:35.1566215Z Post job cleanup.
2026-10-02T08:56:35.2472860Z (node:2990) [DEP0040] DeprecationWarning: The `punycode` module is deprecated. Please use a userland alternative instead.
2026-10-02T08:56:35.2474417Z (Use `node --trace-deprecation ...` to show where the warning was created)
2026-10-02T08:56:35.2475680Z Cache hit occurred on the primary key node-cache-Linux-x64-npm-a79428a48f53c819bdf3224c6f533bf526ae1b21f28f4ee918b0bcba5121d960, not saving cache.
2026-10-02T08:56:35.2575101Z Post job cleanup.
2026-10-02T08:56:35.3197644Z [command]/usr/bin/git version
2026-10-02T08:56:35.3229929Z git version 2.55.0
2026-10-02T08:56:35.3259314Z Temporarily overriding HOME='/home/runner/work/_temp/475d0d6a-bcff-4a24-9f4f-f40341516945' before making global git config changes
2026-10-02T08:56:35.3260102Z Adding repository directory to the temporary git global config as a safe directory
2026-10-02T08:56:35.3264258Z [command]/usr/bin/git config --global --add safe.directory /home/runner/work/mini-drop/mini-drop
2026-10-02T08:56:35.3292342Z [command]/usr/bin/git config --local --name-only --get-regexp core\.sshCommand
2026-10-02T08:56:35.3317297Z [command]/usr/bin/git submodule foreach --recursive sh -c "git config --local --name-only --get-regexp 'core\.sshCommand' && git config --local --unset-all 'core.sshCommand' || :"
2026-10-02T08:56:35.3489863Z [command]/usr/bin/git config --local --name-only --get-regexp http\.https\:\/\/github\.com\/\.extraheader
2026-10-02T08:56:35.3505820Z http.https://github.com/.extraheader
2026-10-02T08:56:35.3519117Z [command]/usr/bin/git config --local --unset-all http.https://github.com/.extraheader
2026-10-02T08:56:35.3557694Z [command]/usr/bin/git submodule foreach --recursive sh -c "git config --local --name-only --get-regexp 'http\.https\:\/\/github\.com\/\.extraheader' && git config --local --unset-all 'http.https://github.com/.extraheader' || :"
2026-10-02T08:56:35.3748586Z [command]/usr/bin/git config --local --name-only --get-regexp ^includeIf\.gitdir:
2026-10-02T08:56:35.3769897Z [command]/usr/bin/git submodule foreach --recursive git config --local --show-origin --name-only --get-regexp remote.origin.url
2026-10-02T08:56:35.4091100Z Cleaning up orphan processes
2026-10-02T08:56:35.4285419Z ##[warning]Node.js 20 is deprecated. The following actions target Node.js 20 but are being forced to run on Node.js 24: actions/checkout@v4, actions/setup-node@v4, actions/upload-artifact@v4. For more information see: https://github.blog/changelog/2025-09-19-deprecation-of-node-20-on-github-actions-runners/
