2026-10-01T18:08:32.0469295Z Current runner version: '2.337.0'
2026-10-01T18:08:32.0512110Z ##[group]Runner Image Provisioner
2026-10-01T18:08:32.0514145Z Hosted Compute Agent
2026-10-01T18:08:32.0515293Z Version: 20260901.588
2026-10-01T18:08:32.0516428Z Commit: f88ec8081b781fac6c440065ac7ff9e710ce3d0b
2026-10-01T18:08:32.0517951Z Build Date: 2026-09-01T19:56:44Z
2026-10-01T18:08:32.0519259Z Worker ID: {f0d9691c-f199-4dfa-9dfc-3cba6d595959}
2026-10-01T18:08:32.0520883Z Azure Region: eastus2
2026-10-01T18:08:32.0521972Z ##[endgroup]
2026-10-01T18:08:32.0525074Z ##[group]Operating System
2026-10-01T18:08:32.0526269Z Ubuntu
2026-10-01T18:08:32.0527211Z 22.04.5
2026-10-01T18:08:32.0528268Z LTS
2026-10-01T18:08:32.0529266Z ##[endgroup]
2026-10-01T18:08:32.0530520Z ##[group]Runner Image
2026-10-01T18:08:32.0531811Z Image: ubuntu-22.04
2026-10-01T18:08:32.0533145Z Version: 20260927.309.1
2026-10-01T18:08:32.0535918Z Included Software: https://github.com/actions/runner-images/blob/ubuntu22/20260927.309/images/ubuntu/Ubuntu2204-Readme.md
2026-10-01T18:08:32.0538969Z Image Release: https://github.com/actions/runner-images/releases/tag/ubuntu22%2F20260927.309
2026-10-01T18:08:32.0540777Z ##[endgroup]
2026-10-01T18:08:32.0543203Z ##[group]GITHUB_TOKEN Permissions
2026-10-01T18:08:32.0546566Z Contents: read
2026-10-01T18:08:32.0547809Z Metadata: read
2026-10-01T18:08:32.0548899Z Packages: read
2026-10-01T18:08:32.0550021Z ##[endgroup]
2026-10-01T18:08:32.0553737Z Secret source: Actions
2026-10-01T18:08:32.0555645Z Cache mode: write
2026-10-01T18:08:32.0556975Z Prepare workflow directory
2026-10-01T18:08:32.1098530Z Prepare all required actions
2026-10-01T18:08:32.1178490Z Getting action download info
2026-10-01T18:08:32.3193284Z Download action repository 'actions/checkout@v4' (SHA:11d5960a326750d5838078e36cf38b85af677262)
2026-10-01T18:08:32.4309010Z Download action repository 'actions/upload-artifact@v4' (SHA:ea165f8d65b6e75b540449e92b4886f43607fa02)
2026-10-01T18:08:32.6552264Z Complete job name: Native (C++ control, build only)
2026-10-01T18:08:32.7358547Z ##[group]Run actions/checkout@v4
2026-10-01T18:08:32.7359457Z with:
2026-10-01T18:08:32.7359969Z   repository: llongwang751-arch/mini-drop
2026-10-01T18:08:32.7363862Z   token: ***
2026-10-01T18:08:32.7364326Z   ssh-strict: true
2026-10-01T18:08:32.7364786Z   ssh-user: git
2026-10-01T18:08:32.7365240Z   persist-credentials: true
2026-10-01T18:08:32.7365738Z   clean: true
2026-10-01T18:08:32.7366290Z   sparse-checkout-cone-mode: true
2026-10-01T18:08:32.7366833Z   fetch-depth: 1
2026-10-01T18:08:32.7367338Z   fetch-tags: false
2026-10-01T18:08:32.7367883Z   show-progress: true
2026-10-01T18:08:32.7368437Z   lfs: false
2026-10-01T18:08:32.7368878Z   submodules: false
2026-10-01T18:08:32.7369343Z   set-safe-directory: true
2026-10-01T18:08:32.7369852Z   allow-unsafe-pr-checkout: false
2026-10-01T18:08:32.7370663Z ##[endgroup]
2026-10-01T18:08:32.8467693Z Syncing repository: llongwang751-arch/mini-drop
2026-10-01T18:08:32.8470762Z ##[group]Getting Git version info
2026-10-01T18:08:32.8472152Z Working directory is '/home/runner/work/mini-drop/mini-drop'
2026-10-01T18:08:32.8474318Z [command]/usr/bin/git version
2026-10-01T18:08:32.8551074Z git version 2.55.0
2026-10-01T18:08:32.8576787Z ##[endgroup]
2026-10-01T18:08:32.8595216Z Temporarily overriding HOME='/home/runner/work/_temp/b7629b87-67ce-461f-ac0e-66e72f5927c5' before making global git config changes
2026-10-01T18:08:32.8597837Z Adding repository directory to the temporary git global config as a safe directory
2026-10-01T18:08:32.8601375Z [command]/usr/bin/git config --global --add safe.directory /home/runner/work/mini-drop/mini-drop
2026-10-01T18:08:32.8651974Z Deleting the contents of '/home/runner/work/mini-drop/mini-drop'
2026-10-01T18:08:32.8657891Z ##[group]Initializing the repository
2026-10-01T18:08:32.8663091Z [command]/usr/bin/git init /home/runner/work/mini-drop/mini-drop
2026-10-01T18:08:32.8788804Z hint: Using 'master' as the name for the initial branch. This default branch name
2026-10-01T18:08:32.8790854Z hint: will change to "main" in Git 3.0. To configure the initial branch name
2026-10-01T18:08:32.8792990Z hint: to use in all of your new repositories, which will suppress this warning,
2026-10-01T18:08:32.8794754Z hint: call:
2026-10-01T18:08:32.8795662Z hint:
2026-10-01T18:08:32.8796675Z hint: 	git config --global init.defaultBranch <name>
2026-10-01T18:08:32.8797843Z hint:
2026-10-01T18:08:32.8798938Z hint: Names commonly chosen instead of 'master' are 'main', 'trunk' and
2026-10-01T18:08:32.8800760Z hint: 'development'. The just-created branch can be renamed via this command:
2026-10-01T18:08:32.8802497Z hint:
2026-10-01T18:08:32.8803446Z hint: 	git branch -m <name>
2026-10-01T18:08:32.8804723Z hint:
2026-10-01T18:08:32.8806042Z hint: Disable this message with "git config set advice.defaultBranchName false"
2026-10-01T18:08:32.8808013Z Initialized empty Git repository in /home/runner/work/mini-drop/mini-drop/.git/
2026-10-01T18:08:32.8811691Z [command]/usr/bin/git remote add origin https://github.com/llongwang751-arch/mini-drop
2026-10-01T18:08:32.8851968Z ##[endgroup]
2026-10-01T18:08:32.8853295Z ##[group]Disabling automatic garbage collection
2026-10-01T18:08:32.8857291Z [command]/usr/bin/git config --local gc.auto 0
2026-10-01T18:08:32.8894889Z ##[endgroup]
2026-10-01T18:08:32.8896234Z ##[group]Setting up auth
2026-10-01T18:08:32.8902695Z [command]/usr/bin/git config --local --name-only --get-regexp core\.sshCommand
2026-10-01T18:08:32.8944207Z [command]/usr/bin/git submodule foreach --recursive sh -c "git config --local --name-only --get-regexp 'core\.sshCommand' && git config --local --unset-all 'core.sshCommand' || :"
2026-10-01T18:08:32.9420326Z [command]/usr/bin/git config --local --name-only --get-regexp http\.https\:\/\/github\.com\/\.extraheader
2026-10-01T18:08:32.9461585Z [command]/usr/bin/git submodule foreach --recursive sh -c "git config --local --name-only --get-regexp 'http\.https\:\/\/github\.com\/\.extraheader' && git config --local --unset-all 'http.https://github.com/.extraheader' || :"
2026-10-01T18:08:32.9729499Z [command]/usr/bin/git config --local --name-only --get-regexp ^includeIf\.gitdir:
2026-10-01T18:08:32.9776556Z [command]/usr/bin/git submodule foreach --recursive git config --local --show-origin --name-only --get-regexp remote.origin.url
2026-10-01T18:08:33.0095030Z [command]/usr/bin/git config --local http.https://github.com/.extraheader AUTHORIZATION: basic ***
2026-10-01T18:08:33.0142836Z ##[endgroup]
2026-10-01T18:08:33.0144117Z ##[group]Fetching the repository
2026-10-01T18:08:33.0152824Z [command]/usr/bin/git -c protocol.version=2 fetch --no-tags --prune --no-recurse-submodules --depth=1 origin +bcc12e60941ac0bff3820411a2eaaa7cd823ec9b:refs/remotes/pull/1/merge
2026-10-01T18:08:41.2691385Z From https://github.com/llongwang751-arch/mini-drop
2026-10-01T18:08:41.2692877Z  * [new ref]         bcc12e60941ac0bff3820411a2eaaa7cd823ec9b -> pull/1/merge
2026-10-01T18:08:41.2705577Z ##[endgroup]
2026-10-01T18:08:41.2707015Z ##[group]Determining the checkout info
2026-10-01T18:08:41.2708518Z ##[endgroup]
2026-10-01T18:08:41.2709372Z [command]/usr/bin/git sparse-checkout disable
2026-10-01T18:08:41.2774843Z [command]/usr/bin/git config --local --unset-all extensions.worktreeConfig
2026-10-01T18:08:41.2818331Z ##[group]Checking out the ref
2026-10-01T18:08:41.2823310Z [command]/usr/bin/git checkout --progress --force refs/remotes/pull/1/merge
2026-10-01T18:08:42.2811745Z Note: switching to 'refs/remotes/pull/1/merge'.
2026-10-01T18:08:42.2812421Z 
2026-10-01T18:08:42.2812928Z You are in 'detached HEAD' state. You can look around, make experimental
2026-10-01T18:08:42.2814404Z changes and commit them, and you can discard any commits you make in this
2026-10-01T18:08:42.2815421Z state without impacting any branches by switching back to a branch.
2026-10-01T18:08:42.2816107Z 
2026-10-01T18:08:42.2816564Z If you want to create a new branch to retain commits you create, you may
2026-10-01T18:08:42.2817525Z do so (now or later) by using -c with the switch command. Example:
2026-10-01T18:08:42.2818063Z 
2026-10-01T18:08:42.2818851Z   git switch -c <new-branch-name>
2026-10-01T18:08:42.2820758Z 
2026-10-01T18:08:42.2821041Z Or undo this operation with:
2026-10-01T18:08:42.2821405Z 
2026-10-01T18:08:42.2821619Z   git switch -
2026-10-01T18:08:42.2821919Z 
2026-10-01T18:08:42.2822381Z Turn off this advice by setting config variable advice.detachedHead to false
2026-10-01T18:08:42.2823075Z 
2026-10-01T18:08:42.2824046Z HEAD is now at bcc12e6 Merge 63a8284dcc6eacd925cb04064305c36df3455fad into 609ea8a73f845b496b59b5cae181f515c5919850
2026-10-01T18:08:42.2918038Z ##[endgroup]
2026-10-01T18:08:42.2969457Z [command]/usr/bin/git log -1 --format=%H
2026-10-01T18:08:42.3001378Z bcc12e60941ac0bff3820411a2eaaa7cd823ec9b
2026-10-01T18:08:42.3237829Z ##[group]Run sudo apt-get update
2026-10-01T18:08:42.3238311Z [36;1msudo apt-get update[0m
2026-10-01T18:08:42.3238742Z [36;1msudo apt-get install -y --no-install-recommends \[0m
2026-10-01T18:08:42.3239311Z [36;1m  build-essential cmake libgrpc++-dev libprotobuf-dev libpqxx-dev \[0m
2026-10-01T18:08:42.3239951Z [36;1m  nlohmann-json3-dev pkg-config protobuf-compiler protobuf-compiler-grpc[0m
2026-10-01T18:08:42.3624041Z shell: /usr/bin/bash -e {0}
2026-10-01T18:08:42.3624482Z ##[endgroup]
2026-10-01T18:08:42.4820644Z Get:1 file:/etc/apt/apt-mirrors.txt Mirrorlist [144 B]
2026-10-01T18:08:42.5231224Z Hit:2 http://azure.archive.ubuntu.com/ubuntu jammy InRelease
2026-10-01T18:08:42.5238185Z Get:6 https://packages.microsoft.com/ubuntu/22.04/prod jammy InRelease [3632 B]
2026-10-01T18:08:42.5299034Z Get:3 http://azure.archive.ubuntu.com/ubuntu jammy-updates InRelease [128 kB]
2026-10-01T18:08:42.5310549Z Get:4 http://azure.archive.ubuntu.com/ubuntu jammy-backports InRelease [127 kB]
2026-10-01T18:08:42.5321605Z Get:5 http://azure.archive.ubuntu.com/ubuntu jammy-security InRelease [129 kB]
2026-10-01T18:08:42.7021542Z Get:7 https://packages.microsoft.com/ubuntu/22.04/prod jammy/main amd64 Packages [790 kB]
2026-10-01T18:08:42.7197439Z Get:8 https://packages.microsoft.com/ubuntu/22.04/prod jammy/main arm64 Packages [549 kB]
2026-10-01T18:08:42.7859849Z Get:9 http://azure.archive.ubuntu.com/ubuntu jammy-updates/main amd64 Packages [3900 kB]
2026-10-01T18:08:42.8046809Z Get:10 http://azure.archive.ubuntu.com/ubuntu jammy-updates/main Translation-en [575 kB]
2026-10-01T18:08:42.8072636Z Get:11 http://azure.archive.ubuntu.com/ubuntu jammy-updates/restricted amd64 Packages [6701 kB]
2026-10-01T18:08:42.8417468Z Get:12 http://azure.archive.ubuntu.com/ubuntu jammy-updates/restricted Translation-en [1287 kB]
2026-10-01T18:08:42.8514963Z Get:13 http://azure.archive.ubuntu.com/ubuntu jammy-updates/universe amd64 Packages [1285 kB]
2026-10-01T18:08:42.8605398Z Get:14 http://azure.archive.ubuntu.com/ubuntu jammy-updates/universe Translation-en [325 kB]
2026-10-01T18:08:43.0140086Z Get:15 http://azure.archive.ubuntu.com/ubuntu jammy-security/main amd64 Packages [3596 kB]
2026-10-01T18:08:43.0307969Z Get:16 http://azure.archive.ubuntu.com/ubuntu jammy-security/main Translation-en [504 kB]
2026-10-01T18:08:43.0338144Z Get:17 http://azure.archive.ubuntu.com/ubuntu jammy-security/restricted amd64 Packages [6410 kB]
2026-10-01T18:08:43.0628441Z Get:18 http://azure.archive.ubuntu.com/ubuntu jammy-security/restricted Translation-en [1232 kB]
2026-10-01T18:08:43.1103741Z Get:19 http://azure.archive.ubuntu.com/ubuntu jammy-security/universe amd64 Packages [1052 kB]
2026-10-01T18:08:43.1154142Z Get:20 http://azure.archive.ubuntu.com/ubuntu jammy-security/universe Translation-en [236 kB]
2026-10-01T18:08:49.2524371Z Fetched 28.8 MB in 3s (8821 kB/s)
2026-10-01T18:08:50.6050490Z Reading package lists...
2026-10-01T18:08:50.6805083Z Reading package lists...
2026-10-01T18:08:50.9532402Z Building dependency tree...
2026-10-01T18:08:50.9543923Z Reading state information...
2026-10-01T18:08:51.1312255Z build-essential is already the newest version (12.9ubuntu3).
2026-10-01T18:08:51.1313173Z build-essential set to manually installed.
2026-10-01T18:08:51.1314082Z The following additional packages will be installed:
2026-10-01T18:08:51.1315555Z   cmake-data dh-elpa-helper libabsl20210324 libgrpc++1 libgrpc-dev libgrpc10
2026-10-01T18:08:51.1320850Z   libjsoncpp25 libpqxx-6.4 libprotobuf23 libprotoc23 librhash0
2026-10-01T18:08:51.1327164Z Suggested packages:
2026-10-01T18:08:51.1327702Z   cmake-doc ninja-build cmake-format libpqxx-doc protobuf-mode-el
2026-10-01T18:08:51.1590756Z The following packages will be REMOVED:
2026-10-01T18:08:51.1591920Z   pkgconf r-base-dev
2026-10-01T18:08:51.1592482Z The following NEW packages will be installed:
2026-10-01T18:08:51.1595120Z   cmake cmake-data dh-elpa-helper libabsl20210324 libgrpc++-dev libgrpc++1
2026-10-01T18:08:51.1596421Z   libgrpc-dev libgrpc10 libjsoncpp25 libpqxx-6.4 libpqxx-dev libprotobuf-dev
2026-10-01T18:08:51.1600516Z   libprotobuf23 libprotoc23 librhash0 nlohmann-json3-dev pkg-config
2026-10-01T18:08:51.1601477Z   protobuf-compiler protobuf-compiler-grpc
2026-10-01T18:08:51.1791892Z 0 upgraded, 19 newly installed, 2 to remove and 20 not upgraded.
2026-10-01T18:08:51.1792717Z Need to get 14.7 MB of archives.
2026-10-01T18:08:51.1793416Z After this operation, 81.5 MB of additional disk space will be used.
2026-10-01T18:08:51.1794402Z Get:1 file:/etc/apt/apt-mirrors.txt Mirrorlist [144 B]
2026-10-01T18:08:51.4627844Z Get:2 http://azure.archive.ubuntu.com/ubuntu jammy/main amd64 pkg-config amd64 0.29.2-1ubuntu3 [48.2 kB]
2026-10-01T18:08:52.0526328Z Get:3 http://azure.archive.ubuntu.com/ubuntu jammy/main amd64 libjsoncpp25 amd64 1.9.5-3 [80.0 kB]
2026-10-01T18:08:52.8107262Z Get:4 http://azure.archive.ubuntu.com/ubuntu jammy/main amd64 librhash0 amd64 1.4.2-1ubuntu1 [125 kB]
2026-10-01T18:08:53.6471949Z Get:5 http://azure.archive.ubuntu.com/ubuntu jammy/main amd64 dh-elpa-helper all 2.0.9ubuntu1 [7610 B]
2026-10-01T18:08:53.8897941Z Get:6 http://azure.archive.ubuntu.com/ubuntu jammy-updates/main amd64 cmake-data all 3.22.1-1ubuntu1.22.04.2 [1913 kB]
2026-10-01T18:09:03.5917047Z Get:7 http://azure.archive.ubuntu.com/ubuntu jammy-updates/main amd64 cmake amd64 3.22.1-1ubuntu1.22.04.2 [5010 kB]
2026-10-01T18:09:28.1593989Z Get:8 http://azure.archive.ubuntu.com/ubuntu jammy-updates/main amd64 libabsl20210324 amd64 0~20210324.2-2ubuntu0.3 [386 kB]
2026-10-01T18:09:30.1830970Z Get:9 http://azure.archive.ubuntu.com/ubuntu jammy/universe amd64 libgrpc10 amd64 1.30.2-3build6 [1470 kB]
2026-10-01T18:09:37.6174386Z Get:10 http://azure.archive.ubuntu.com/ubuntu jammy-updates/main amd64 libprotobuf23 amd64 3.12.4-1ubuntu7.22.04.6 [877 kB]
2026-10-01T18:09:42.0919058Z Get:11 http://azure.archive.ubuntu.com/ubuntu jammy/universe amd64 libgrpc++1 amd64 1.30.2-3build6 [402 kB]
2026-10-01T18:09:44.1821928Z Get:12 http://azure.archive.ubuntu.com/ubuntu jammy/universe amd64 libgrpc-dev amd64 1.30.2-3build6 [1066 kB]
2026-10-01T18:09:49.6188395Z Get:13 http://azure.archive.ubuntu.com/ubuntu jammy/universe amd64 libgrpc++-dev amd64 1.30.2-3build6 [564 kB]
2026-10-01T18:09:52.5736029Z Get:14 http://azure.archive.ubuntu.com/ubuntu jammy/universe amd64 libpqxx-6.4 amd64 6.4.5-2build1 [155 kB]
2026-10-01T18:09:53.4747179Z Get:15 http://azure.archive.ubuntu.com/ubuntu jammy/universe amd64 libpqxx-dev amd64 6.4.5-2build1 [243 kB]
2026-10-01T18:09:54.8186225Z Get:16 http://azure.archive.ubuntu.com/ubuntu jammy-updates/main amd64 libprotoc23 amd64 3.12.4-1ubuntu7.22.04.6 [662 kB]
2026-10-01T18:09:58.2988297Z Get:17 http://azure.archive.ubuntu.com/ubuntu jammy/universe amd64 nlohmann-json3-dev all 3.10.5-2 [167 kB]
2026-10-01T18:09:59.2290480Z Get:18 http://azure.archive.ubuntu.com/ubuntu jammy-updates/universe amd64 protobuf-compiler amd64 3.12.4-1ubuntu7.22.04.6 [29.2 kB]
2026-10-01T18:09:59.5009644Z Get:19 http://azure.archive.ubuntu.com/ubuntu jammy/universe amd64 protobuf-compiler-grpc amd64 1.30.2-3build6 [185 kB]
2026-10-01T18:10:00.5560223Z Get:20 http://azure.archive.ubuntu.com/ubuntu jammy-updates/main amd64 libprotobuf-dev amd64 3.12.4-1ubuntu7.22.04.6 [1347 kB]
2026-10-01T18:10:07.6900097Z Fetched 14.7 MB in 1min 16s (194 kB/s)
2026-10-01T18:10:07.7466192Z (Reading database ... 
2026-10-01T18:10:07.7466670Z (Reading database ... 5%
2026-10-01T18:10:07.7467514Z (Reading database ... 10%
2026-10-01T18:10:07.7468146Z (Reading database ... 15%
2026-10-01T18:10:07.7468568Z (Reading database ... 20%
2026-10-01T18:10:07.7468984Z (Reading database ... 25%
2026-10-01T18:10:07.7469399Z (Reading database ... 30%
2026-10-01T18:10:07.7469821Z (Reading database ... 35%
2026-10-01T18:10:07.7470259Z (Reading database ... 40%
2026-10-01T18:10:07.7470703Z (Reading database ... 45%
2026-10-01T18:10:07.7471156Z (Reading database ... 50%
2026-10-01T18:10:07.8569753Z (Reading database ... 55%
2026-10-01T18:10:08.0646637Z (Reading database ... 60%
2026-10-01T18:10:08.3002458Z (Reading database ... 65%
2026-10-01T18:10:08.5302913Z (Reading database ... 70%
2026-10-01T18:10:08.7147607Z (Reading database ... 75%
2026-10-01T18:10:08.9623928Z (Reading database ... 80%
2026-10-01T18:10:09.2074543Z (Reading database ... 85%
2026-10-01T18:10:09.4653137Z (Reading database ... 90%
2026-10-01T18:10:09.6639891Z (Reading database ... 95%
2026-10-01T18:10:09.6640394Z (Reading database ... 100%
2026-10-01T18:10:09.6640975Z (Reading database ... 260410 files and directories currently installed.)
2026-10-01T18:10:09.6697646Z Removing r-base-dev (4.6.1-6.2204.0) ...
2026-10-01T18:10:09.7474734Z dpkg: pkgconf: dependency problems, but removing anyway as you requested:
2026-10-01T18:10:09.7475687Z  php8.1-dev depends on pkg-config; however:
2026-10-01T18:10:09.7476190Z   Package pkg-config is not installed.
2026-10-01T18:10:09.7476640Z   Package pkgconf which provides pkg-config is to be removed.
2026-10-01T18:10:09.7477117Z  mono-devel depends on pkg-config; however:
2026-10-01T18:10:09.7477502Z   Package pkg-config is not installed.
2026-10-01T18:10:09.7477954Z   Package pkgconf which provides pkg-config is to be removed.
2026-10-01T18:10:09.7478507Z  libmagickwand-6.q16-dev:amd64 depends on pkg-config; however:
2026-10-01T18:10:09.7478981Z   Package pkg-config is not installed.
2026-10-01T18:10:09.7479414Z   Package pkgconf which provides pkg-config is to be removed.
2026-10-01T18:10:09.7479971Z  libmagickcore-6.q16-dev:amd64 depends on pkg-config; however:
2026-10-01T18:10:09.7480433Z   Package pkg-config is not installed.
2026-10-01T18:10:09.7480859Z   Package pkgconf which provides pkg-config is to be removed.
2026-10-01T18:10:09.7481355Z  libglib2.0-dev:amd64 depends on pkg-config; however:
2026-10-01T18:10:09.7481770Z   Package pkg-config is not installed.
2026-10-01T18:10:09.7482194Z   Package pkgconf which provides pkg-config is to be removed.
2026-10-01T18:10:09.7482699Z  libfontconfig-dev:amd64 depends on pkg-config; however:
2026-10-01T18:10:09.7483130Z   Package pkg-config is not installed.
2026-10-01T18:10:09.7483818Z   Package pkgconf which provides pkg-config is to be removed.
2026-10-01T18:10:09.7484143Z 
2026-10-01T18:10:09.7536907Z Removing pkgconf (1.8.0-1) ...
2026-10-01T18:10:09.8771345Z Removing 'diversion of /usr/bin/pkg-config to /usr/bin/pkg-config.real by pkgconf'
2026-10-01T18:10:09.8919677Z Removing 'diversion of /usr/share/aclocal/pkg.m4 to /usr/share/aclocal/pkg.real.m4 by pkgconf'
2026-10-01T18:10:09.9065496Z Removing 'diversion of /usr/share/man/man1/pkg-config.1.gz to /usr/share/man/man1/pkg-config.real.1.gz by pkgconf'
2026-10-01T18:10:09.9215636Z Removing 'diversion of /usr/share/pkg-config-crosswrapper to /usr/share/pkg-config-crosswrapper.real by pkgconf'
2026-10-01T18:10:09.9813440Z Selecting previously unselected package pkg-config.
2026-10-01T18:10:09.9898900Z (Reading database ... 
2026-10-01T18:10:09.9899561Z (Reading database ... 5%
2026-10-01T18:10:09.9900326Z (Reading database ... 10%
2026-10-01T18:10:09.9900784Z (Reading database ... 15%
2026-10-01T18:10:09.9901193Z (Reading database ... 20%
2026-10-01T18:10:09.9901631Z (Reading database ... 25%
2026-10-01T18:10:09.9902113Z (Reading database ... 30%
2026-10-01T18:10:09.9902571Z (Reading database ... 35%
2026-10-01T18:10:09.9903037Z (Reading database ... 40%
2026-10-01T18:10:09.9903747Z (Reading database ... 45%
2026-10-01T18:10:09.9904199Z (Reading database ... 50%
2026-10-01T18:10:09.9936333Z (Reading database ... 55%
2026-10-01T18:10:09.9967780Z (Reading database ... 60%
2026-10-01T18:10:09.9993749Z (Reading database ... 65%
2026-10-01T18:10:10.0108980Z (Reading database ... 70%
2026-10-01T18:10:10.0148610Z (Reading database ... 75%
2026-10-01T18:10:10.0210619Z (Reading database ... 80%
2026-10-01T18:10:10.0573849Z (Reading database ... 85%
2026-10-01T18:10:10.0595054Z (Reading database ... 90%
2026-10-01T18:10:10.0951780Z (Reading database ... 95%
2026-10-01T18:10:10.0952427Z (Reading database ... 100%
2026-10-01T18:10:10.0953110Z (Reading database ... 260388 files and directories currently installed.)
2026-10-01T18:10:10.1017593Z Preparing to unpack .../00-pkg-config_0.29.2-1ubuntu3_amd64.deb ...
2026-10-01T18:10:10.1027863Z Unpacking pkg-config (0.29.2-1ubuntu3) ...
2026-10-01T18:10:10.1308859Z Selecting previously unselected package libjsoncpp25:amd64.
2026-10-01T18:10:10.1515883Z Preparing to unpack .../01-libjsoncpp25_1.9.5-3_amd64.deb ...
2026-10-01T18:10:10.1537209Z Unpacking libjsoncpp25:amd64 (1.9.5-3) ...
2026-10-01T18:10:10.1793894Z Selecting previously unselected package librhash0:amd64.
2026-10-01T18:10:10.2000361Z Preparing to unpack .../02-librhash0_1.4.2-1ubuntu1_amd64.deb ...
2026-10-01T18:10:10.2008737Z Unpacking librhash0:amd64 (1.4.2-1ubuntu1) ...
2026-10-01T18:10:10.2249266Z Selecting previously unselected package dh-elpa-helper.
2026-10-01T18:10:10.2464184Z Preparing to unpack .../03-dh-elpa-helper_2.0.9ubuntu1_all.deb ...
2026-10-01T18:10:10.2475353Z Unpacking dh-elpa-helper (2.0.9ubuntu1) ...
2026-10-01T18:10:10.2731427Z Selecting previously unselected package cmake-data.
2026-10-01T18:10:10.2936765Z Preparing to unpack .../04-cmake-data_3.22.1-1ubuntu1.22.04.2_all.deb ...
2026-10-01T18:10:10.3132214Z Unpacking cmake-data (3.22.1-1ubuntu1.22.04.2) ...
2026-10-01T18:10:10.9244679Z Selecting previously unselected package cmake.
2026-10-01T18:10:10.9481562Z Preparing to unpack .../05-cmake_3.22.1-1ubuntu1.22.04.2_amd64.deb ...
2026-10-01T18:10:10.9491642Z Unpacking cmake (3.22.1-1ubuntu1.22.04.2) ...
2026-10-01T18:10:11.0620211Z Selecting previously unselected package libabsl20210324:amd64.
2026-10-01T18:10:11.0832343Z Preparing to unpack .../06-libabsl20210324_0~20210324.2-2ubuntu0.3_amd64.deb ...
2026-10-01T18:10:11.0842762Z Unpacking libabsl20210324:amd64 (0~20210324.2-2ubuntu0.3) ...
2026-10-01T18:10:11.1324110Z Selecting previously unselected package libgrpc10:amd64.
2026-10-01T18:10:11.1535239Z Preparing to unpack .../07-libgrpc10_1.30.2-3build6_amd64.deb ...
2026-10-01T18:10:11.1546512Z Unpacking libgrpc10:amd64 (1.30.2-3build6) ...
2026-10-01T18:10:11.2046352Z Selecting previously unselected package libprotobuf23:amd64.
2026-10-01T18:10:11.2256189Z Preparing to unpack .../08-libprotobuf23_3.12.4-1ubuntu7.22.04.6_amd64.deb ...
2026-10-01T18:10:11.2266963Z Unpacking libprotobuf23:amd64 (3.12.4-1ubuntu7.22.04.6) ...
2026-10-01T18:10:11.2628585Z Selecting previously unselected package libgrpc++1:amd64.
2026-10-01T18:10:11.2836639Z Preparing to unpack .../09-libgrpc++1_1.30.2-3build6_amd64.deb ...
2026-10-01T18:10:11.2849900Z Unpacking libgrpc++1:amd64 (1.30.2-3build6) ...
2026-10-01T18:10:11.3185472Z Selecting previously unselected package libgrpc-dev:amd64.
2026-10-01T18:10:11.3402526Z Preparing to unpack .../10-libgrpc-dev_1.30.2-3build6_amd64.deb ...
2026-10-01T18:10:11.3409508Z Unpacking libgrpc-dev:amd64 (1.30.2-3build6) ...
2026-10-01T18:10:11.4110118Z Selecting previously unselected package libgrpc++-dev:amd64.
2026-10-01T18:10:11.4322504Z Preparing to unpack .../11-libgrpc++-dev_1.30.2-3build6_amd64.deb ...
2026-10-01T18:10:11.4329575Z Unpacking libgrpc++-dev:amd64 (1.30.2-3build6) ...
2026-10-01T18:10:11.5199896Z Selecting previously unselected package libpqxx-6.4.
2026-10-01T18:10:11.5429151Z Preparing to unpack .../12-libpqxx-6.4_6.4.5-2build1_amd64.deb ...
2026-10-01T18:10:11.5440418Z Unpacking libpqxx-6.4 (6.4.5-2build1) ...
2026-10-01T18:10:11.5779000Z Selecting previously unselected package libpqxx-dev.
2026-10-01T18:10:11.6007859Z Preparing to unpack .../13-libpqxx-dev_6.4.5-2build1_amd64.deb ...
2026-10-01T18:10:11.6015508Z Unpacking libpqxx-dev (6.4.5-2build1) ...
2026-10-01T18:10:11.6583109Z Selecting previously unselected package libprotoc23:amd64.
2026-10-01T18:10:11.6797348Z Preparing to unpack .../14-libprotoc23_3.12.4-1ubuntu7.22.04.6_amd64.deb ...
2026-10-01T18:10:11.6805694Z Unpacking libprotoc23:amd64 (3.12.4-1ubuntu7.22.04.6) ...
2026-10-01T18:10:11.7144489Z Selecting previously unselected package nlohmann-json3-dev.
2026-10-01T18:10:11.7355184Z Preparing to unpack .../15-nlohmann-json3-dev_3.10.5-2_all.deb ...
2026-10-01T18:10:11.7363005Z Unpacking nlohmann-json3-dev (3.10.5-2) ...
2026-10-01T18:10:11.8248812Z Selecting previously unselected package protobuf-compiler.
2026-10-01T18:10:11.8461142Z Preparing to unpack .../16-protobuf-compiler_3.12.4-1ubuntu7.22.04.6_amd64.deb ...
2026-10-01T18:10:11.8469482Z Unpacking protobuf-compiler (3.12.4-1ubuntu7.22.04.6) ...
2026-10-01T18:10:11.8746482Z Selecting previously unselected package protobuf-compiler-grpc.
2026-10-01T18:10:11.8962671Z Preparing to unpack .../17-protobuf-compiler-grpc_1.30.2-3build6_amd64.deb ...
2026-10-01T18:10:11.8969688Z Unpacking protobuf-compiler-grpc (1.30.2-3build6) ...
2026-10-01T18:10:11.9237037Z Selecting previously unselected package libprotobuf-dev:amd64.
2026-10-01T18:10:11.9452982Z Preparing to unpack .../18-libprotobuf-dev_3.12.4-1ubuntu7.22.04.6_amd64.deb ...
2026-10-01T18:10:11.9459975Z Unpacking libprotobuf-dev:amd64 (3.12.4-1ubuntu7.22.04.6) ...
2026-10-01T18:10:12.0497832Z Setting up libprotobuf23:amd64 (3.12.4-1ubuntu7.22.04.6) ...
2026-10-01T18:10:12.0520721Z Setting up libprotobuf-dev:amd64 (3.12.4-1ubuntu7.22.04.6) ...
2026-10-01T18:10:12.0541011Z Setting up dh-elpa-helper (2.0.9ubuntu1) ...
2026-10-01T18:10:12.0558749Z Setting up libprotoc23:amd64 (3.12.4-1ubuntu7.22.04.6) ...
2026-10-01T18:10:12.0577664Z Setting up libjsoncpp25:amd64 (1.9.5-3) ...
2026-10-01T18:10:12.0597450Z Setting up pkg-config (0.29.2-1ubuntu3) ...
2026-10-01T18:10:12.0960884Z Setting up libabsl20210324:amd64 (0~20210324.2-2ubuntu0.3) ...
2026-10-01T18:10:12.0983384Z Setting up libpqxx-6.4 (6.4.5-2build1) ...
2026-10-01T18:10:12.1006519Z Setting up librhash0:amd64 (1.4.2-1ubuntu1) ...
2026-10-01T18:10:12.1027110Z Setting up cmake-data (3.22.1-1ubuntu1.22.04.2) ...
2026-10-01T18:10:12.2693372Z Setting up nlohmann-json3-dev (3.10.5-2) ...
2026-10-01T18:10:12.2712312Z Setting up libpqxx-dev (6.4.5-2build1) ...
2026-10-01T18:10:12.2732150Z Setting up protobuf-compiler (3.12.4-1ubuntu7.22.04.6) ...
2026-10-01T18:10:12.2750916Z Setting up protobuf-compiler-grpc (1.30.2-3build6) ...
2026-10-01T18:10:12.2768718Z Setting up libgrpc10:amd64 (1.30.2-3build6) ...
2026-10-01T18:10:12.2787185Z Setting up cmake (3.22.1-1ubuntu1.22.04.2) ...
2026-10-01T18:10:12.2807726Z Setting up libgrpc++1:amd64 (1.30.2-3build6) ...
2026-10-01T18:10:12.2826987Z Setting up libgrpc-dev:amd64 (1.30.2-3build6) ...
2026-10-01T18:10:12.2848905Z Setting up libgrpc++-dev:amd64 (1.30.2-3build6) ...
2026-10-01T18:10:12.2873301Z Processing triggers for man-db (2.10.2-1) ...
2026-10-01T18:10:12.2897888Z Not building database; man-db/auto-update is not 'true'.
2026-10-01T18:10:12.2910631Z Processing triggers for libc-bin (2.35-0ubuntu3.15) ...
2026-10-01T18:10:13.0140962Z 
2026-10-01T18:10:13.0141524Z Running kernel seems to be up-to-date.
2026-10-01T18:10:13.0141986Z 
2026-10-01T18:10:13.0144603Z No services need to be restarted.
2026-10-01T18:10:13.0144971Z 
2026-10-01T18:10:13.0145178Z No containers need to be restarted.
2026-10-01T18:10:13.0145547Z 
2026-10-01T18:10:13.0145784Z No user sessions are running outdated binaries.
2026-10-01T18:10:13.0146084Z 
2026-10-01T18:10:13.0146372Z No VM guests are running outdated hypervisor (qemu) binaries on this host.
2026-10-01T18:10:15.0556758Z ##[group]Run cmake -S native/control -B /tmp/build-control -DCMAKE_BUILD_TYPE=Release
2026-10-01T18:10:15.0557443Z [36;1mcmake -S native/control -B /tmp/build-control -DCMAKE_BUILD_TYPE=Release[0m
2026-10-01T18:10:15.0636917Z shell: /usr/bin/bash -e {0}
2026-10-01T18:10:15.0637456Z ##[endgroup]
2026-10-01T18:10:16.8764573Z -- The CXX compiler identification is GNU 11.4.0
2026-10-01T18:10:17.1238689Z -- Detecting CXX compiler ABI info
2026-10-01T18:10:17.3762203Z -- Detecting CXX compiler ABI info - done
2026-10-01T18:10:17.3944628Z -- Check for working CXX compiler: /usr/bin/c++ - skipped
2026-10-01T18:10:17.4169831Z -- Detecting CXX compile features
2026-10-01T18:10:17.4180200Z -- Detecting CXX compile features - done
2026-10-01T18:10:17.4536153Z -- Found PkgConfig: /usr/bin/pkg-config (found version "0.29.2")
2026-10-01T18:10:17.4543323Z -- Checking for module 'grpc++'
2026-10-01T18:10:17.4645398Z --   Found grpc++, version 1.30.2
2026-10-01T18:10:17.4969961Z -- Checking for module 'protobuf'
2026-10-01T18:10:17.5067312Z --   Found protobuf, version 3.12.4
2026-10-01T18:10:17.5302397Z -- Checking for module 'libpqxx'
2026-10-01T18:10:17.5400266Z --   Found libpqxx, version 6.4.5
2026-10-01T18:10:17.6664991Z -- Found OpenSSL: /usr/lib/x86_64-linux-gnu/libcrypto.so (found version "3.0.2")
2026-10-01T18:10:17.6673280Z -- Configuring done (2.0s)
2026-10-01T18:10:17.6786817Z -- Generating done (0.0s)
2026-10-01T18:10:17.6791366Z -- Build files have been written to: /tmp/build-control
2026-10-01T18:10:17.6860243Z ##[group]Run cmake --build /tmp/build-control --parallel
2026-10-01T18:10:17.6860679Z [36;1mcmake --build /tmp/build-control --parallel[0m
2026-10-01T18:10:17.6933902Z shell: /usr/bin/bash -e {0}
2026-10-01T18:10:17.6934183Z ##[endgroup]
2026-10-01T18:10:17.7175567Z [  5%] Generating generated/common.pb.cc, generated/common.grpc.pb.cc, generated/errorcode.pb.cc, generated/errorcode.grpc.pb.cc, generated/taskkind.pb.cc, generated/taskkind.grpc.pb.cc, generated/hotmethod.pb.cc, generated/hotmethod.grpc.pb.cc, generated/healthcheck.pb.cc, generated/healthcheck.grpc.pb.cc, generated/init.pb.cc, generated/init.grpc.pb.cc, generated/control.pb.cc, generated/control.grpc.pb.cc
2026-10-01T18:10:17.7699022Z [ 11%] Building CXX object CMakeFiles/mini-drop-native-control.dir/src/main.cpp.o
2026-10-01T18:10:17.7701279Z [ 23%] Building CXX object CMakeFiles/mini-drop-native-control.dir/generated/common.pb.cc.o
2026-10-01T18:10:17.7702509Z [ 23%] Building CXX object CMakeFiles/mini-drop-native-control.dir/generated/common.grpc.pb.cc.o
2026-10-01T18:10:17.7731712Z [ 29%] Building CXX object CMakeFiles/mini-drop-native-control.dir/generated/errorcode.pb.cc.o
2026-10-01T18:10:17.7733444Z [ 35%] Building CXX object CMakeFiles/mini-drop-native-control.dir/generated/errorcode.grpc.pb.cc.o
2026-10-01T18:10:17.7849872Z [ 41%] Building CXX object CMakeFiles/mini-drop-native-control.dir/generated/taskkind.pb.cc.o
2026-10-01T18:10:17.7884920Z [ 47%] Building CXX object CMakeFiles/mini-drop-native-control.dir/generated/taskkind.grpc.pb.cc.o
2026-10-01T18:10:17.7886680Z [ 52%] Building CXX object CMakeFiles/mini-drop-native-control.dir/generated/hotmethod.pb.cc.o
2026-10-01T18:10:17.7888186Z [ 58%] Building CXX object CMakeFiles/mini-drop-native-control.dir/generated/healthcheck.pb.cc.o
2026-10-01T18:10:17.7900937Z [ 64%] Building CXX object CMakeFiles/mini-drop-native-control.dir/generated/hotmethod.grpc.pb.cc.o
2026-10-01T18:10:17.8040282Z [ 70%] Building CXX object CMakeFiles/mini-drop-native-control.dir/generated/healthcheck.grpc.pb.cc.o
2026-10-01T18:10:17.8117551Z [ 76%] Building CXX object CMakeFiles/mini-drop-native-control.dir/generated/init.pb.cc.o
2026-10-01T18:10:17.8150448Z [ 82%] Building CXX object CMakeFiles/mini-drop-native-control.dir/generated/control.pb.cc.o
2026-10-01T18:10:17.8244965Z [ 88%] Building CXX object CMakeFiles/mini-drop-native-control.dir/generated/control.grpc.pb.cc.o
2026-10-01T18:10:17.8246360Z [ 94%] Building CXX object CMakeFiles/mini-drop-native-control.dir/generated/init.grpc.pb.cc.o
2026-10-01T18:10:22.5285580Z In file included from /tmp/build-control/generated/control.pb.h:36,
2026-10-01T18:10:22.5324496Z                  from /tmp/build-control/generated/control.pb.cc:4:
2026-10-01T18:10:22.5442153Z /tmp/build-control/generated/hotmethod.pb.h: In member function ‘mini_drop::RecordArgv* mini_drop::TaskDesc::release_sample_argv()’:
2026-10-01T18:10:22.5516474Z /tmp/build-control/generated/hotmethod.pb.h:3159:47: warning: ‘mini_drop::RecordArgv* mini_drop::TaskDesc::unsafe_arena_release_sample_argv()’ is deprecated [-Wdeprecated-declarations]
2026-10-01T18:10:22.5594508Z  3159 |   auto temp = unsafe_arena_release_sample_argv();
2026-10-01T18:10:22.5644793Z       |               ~~~~~~~~~~~~~~~~~~~~~~~~~~~~~~~~^~
2026-10-01T18:10:22.5774871Z /tmp/build-control/generated/hotmethod.pb.h:449:48: note: declared here
2026-10-01T18:10:22.5864918Z   449 |   PROTOBUF_DEPRECATED ::mini_drop::RecordArgv* unsafe_arena_release_sample_argv();
2026-10-01T18:10:22.5914416Z       |                                                ^~~~~~~~~~~~~~~~~~~~~~~~~~~~~~~~
2026-10-01T18:10:22.5916357Z /tmp/build-control/generated/hotmethod.pb.h: In member function ‘mini_drop::CosConfig* mini_drop::TaskDesc::release_cos_config()’:
2026-10-01T18:10:22.5995936Z /tmp/build-control/generated/hotmethod.pb.h:3355:46: warning: ‘mini_drop::CosConfig* mini_drop::TaskDesc::unsafe_arena_release_cos_config()’ is deprecated [-Wdeprecated-declarations]
2026-10-01T18:10:22.6115359Z  3355 |   auto temp = unsafe_arena_release_cos_config();
2026-10-01T18:10:22.6184426Z       |               ~~~~~~~~~~~~~~~~~~~~~~~~~~~~~~~^~
2026-10-01T18:10:22.6274758Z /tmp/build-control/generated/hotmethod.pb.h:467:47: note: declared here
2026-10-01T18:10:22.6364645Z   467 |   PROTOBUF_DEPRECATED ::mini_drop::CosConfig* unsafe_arena_release_cos_config();
2026-10-01T18:10:22.6439438Z       |                                               ^~~~~~~~~~~~~~~~~~~~~~~~~~~~~~~
2026-10-01T18:10:22.6944617Z In file included from /tmp/build-control/generated/hotmethod.pb.cc:4:
2026-10-01T18:10:22.7006624Z /tmp/build-control/generated/hotmethod.pb.h: In member function ‘mini_drop::RecordArgv* mini_drop::TaskDesc::release_sample_argv()’:
2026-10-01T18:10:22.7096326Z /tmp/build-control/generated/hotmethod.pb.h:3159:47: warning: ‘mini_drop::RecordArgv* mini_drop::TaskDesc::unsafe_arena_release_sample_argv()’ is deprecated [-Wdeprecated-declarations]
2026-10-01T18:10:22.7201033Z  3159 |   auto temp = unsafe_arena_release_sample_argv();
2026-10-01T18:10:22.7244439Z       |               ~~~~~~~~~~~~~~~~~~~~~~~~~~~~~~~~^~
2026-10-01T18:10:22.7344907Z /tmp/build-control/generated/hotmethod.pb.h:449:48: note: declared here
2026-10-01T18:10:22.7450678Z   449 |   PROTOBUF_DEPRECATED ::mini_drop::RecordArgv* unsafe_arena_release_sample_argv();
2026-10-01T18:10:22.7524656Z       |                                                ^~~~~~~~~~~~~~~~~~~~~~~~~~~~~~~~
2026-10-01T18:10:22.7574531Z In file included from /tmp/build-control/generated/hotmethod.grpc.pb.cc:5:
2026-10-01T18:10:22.7696059Z /tmp/build-control/generated/hotmethod.pb.h: In member function ‘mini_drop::RecordArgv* mini_drop::TaskDesc::release_sample_argv()’:
2026-10-01T18:10:22.7816273Z /tmp/build-control/generated/hotmethod.pb.h:3159:47: warning: ‘mini_drop::RecordArgv* mini_drop::TaskDesc::unsafe_arena_release_sample_argv()’ is deprecated [-Wdeprecated-declarations]
2026-10-01T18:10:22.7864562Z  3159 |   auto temp = unsafe_arena_release_sample_argv();
2026-10-01T18:10:22.7964663Z       |               ~~~~~~~~~~~~~~~~~~~~~~~~~~~~~~~~^~
2026-10-01T18:10:22.8024813Z /tmp/build-control/generated/hotmethod.pb.h:449:48: note: declared here
2026-10-01T18:10:22.8083333Z   449 |   PROTOBUF_DEPRECATED ::mini_drop::RecordArgv* unsafe_arena_release_sample_argv();
2026-10-01T18:10:22.8164746Z       |                                                ^~~~~~~~~~~~~~~~~~~~~~~~~~~~~~~~
2026-10-01T18:10:22.8255713Z /tmp/build-control/generated/hotmethod.pb.h: In member function ‘mini_drop::CosConfig* mini_drop::TaskDesc::release_cos_config()’:
2026-10-01T18:10:22.8386240Z /tmp/build-control/generated/hotmethod.pb.h:3355:46: warning: ‘mini_drop::CosConfig* mini_drop::TaskDesc::unsafe_arena_release_cos_config()’ is deprecated [-Wdeprecated-declarations]
2026-10-01T18:10:22.8454562Z  3355 |   auto temp = unsafe_arena_release_cos_config();
2026-10-01T18:10:22.8504673Z       |               ~~~~~~~~~~~~~~~~~~~~~~~~~~~~~~~^~
2026-10-01T18:10:22.8624865Z /tmp/build-control/generated/hotmethod.pb.h:467:47: note: declared here
2026-10-01T18:10:22.8694946Z   467 |   PROTOBUF_DEPRECATED ::mini_drop::CosConfig* unsafe_arena_release_cos_config();
2026-10-01T18:10:22.8774748Z       |                                               ^~~~~~~~~~~~~~~~~~~~~~~~~~~~~~~
2026-10-01T18:10:22.8865786Z /tmp/build-control/generated/hotmethod.pb.h: In member function ‘mini_drop::CosConfig* mini_drop::TaskDesc::release_cos_config()’:
2026-10-01T18:10:22.8966257Z /tmp/build-control/generated/hotmethod.pb.h:3355:46: warning: ‘mini_drop::CosConfig* mini_drop::TaskDesc::unsafe_arena_release_cos_config()’ is deprecated [-Wdeprecated-declarations]
2026-10-01T18:10:22.9024774Z  3355 |   auto temp = unsafe_arena_release_cos_config();
2026-10-01T18:10:22.9114723Z       |               ~~~~~~~~~~~~~~~~~~~~~~~~~~~~~~~^~
2026-10-01T18:10:22.9234803Z /tmp/build-control/generated/hotmethod.pb.h:467:47: note: declared here
2026-10-01T18:10:22.9294668Z   467 |   PROTOBUF_DEPRECATED ::mini_drop::CosConfig* unsafe_arena_release_cos_config();
2026-10-01T18:10:22.9355051Z       |                                               ^~~~~~~~~~~~~~~~~~~~~~~~~~~~~~~
2026-10-01T18:10:22.9474808Z In file included from /tmp/build-control/generated/healthcheck.pb.h:37,
2026-10-01T18:10:22.9534610Z                  from /tmp/build-control/generated/healthcheck.pb.cc:4:
2026-10-01T18:10:22.9595553Z /tmp/build-control/generated/hotmethod.pb.h: In member function ‘mini_drop::RecordArgv* mini_drop::TaskDesc::release_sample_argv()’:
2026-10-01T18:10:22.9655888Z /tmp/build-control/generated/hotmethod.pb.h:3159:47: warning: ‘mini_drop::RecordArgv* mini_drop::TaskDesc::unsafe_arena_release_sample_argv()’ is deprecated [-Wdeprecated-declarations]
2026-10-01T18:10:22.9774727Z  3159 |   auto temp = unsafe_arena_release_sample_argv();
2026-10-01T18:10:22.9864678Z       |               ~~~~~~~~~~~~~~~~~~~~~~~~~~~~~~~~^~
2026-10-01T18:10:22.9924737Z /tmp/build-control/generated/hotmethod.pb.h:449:48: note: declared here
2026-10-01T18:10:22.9984795Z   449 |   PROTOBUF_DEPRECATED ::mini_drop::RecordArgv* unsafe_arena_release_sample_argv();
2026-10-01T18:10:23.0044604Z       |                                                ^~~~~~~~~~~~~~~~~~~~~~~~~~~~~~~~
2026-10-01T18:10:23.0105475Z /tmp/build-control/generated/hotmethod.pb.h: In member function ‘mini_drop::CosConfig* mini_drop::TaskDesc::release_cos_config()’:
2026-10-01T18:10:23.0107884Z /tmp/build-control/generated/hotmethod.pb.h:3355:46: warning: ‘mini_drop::CosConfig* mini_drop::TaskDesc::unsafe_arena_release_cos_config()’ is deprecated [-Wdeprecated-declarations]
2026-10-01T18:10:23.0109421Z  3355 |   auto temp = unsafe_arena_release_cos_config();
2026-10-01T18:10:23.0110020Z       |               ~~~~~~~~~~~~~~~~~~~~~~~~~~~~~~~^~
2026-10-01T18:10:23.0110716Z /tmp/build-control/generated/hotmethod.pb.h:467:47: note: declared here
2026-10-01T18:10:23.0111711Z   467 |   PROTOBUF_DEPRECATED ::mini_drop::CosConfig* unsafe_arena_release_cos_config();
2026-10-01T18:10:23.0112534Z       |                                               ^~~~~~~~~~~~~~~~~~~~~~~~~~~~~~~
2026-10-01T18:10:23.0114954Z /tmp/build-control/generated/common.pb.cc: In member function ‘virtual google::protobuf::uint8* mini_drop::CosConfig::_InternalSerialize(google::protobuf::uint8*, google::protobuf::io::EpsCopyOutputStream*) const’:
2026-10-01T18:10:23.0117137Z /tmp/build-control/generated/common.pb.cc:664:23: warning: ‘const string& mini_drop::CosConfig::access_key() const’ is deprecated [-Wdeprecated-declarations]
2026-10-01T18:10:23.0118389Z   664 |   if (this->access_key().size() > 0) {
2026-10-01T18:10:23.0118915Z       |       ~~~~~~~~~~~~~~~~^~
2026-10-01T18:10:23.0119431Z In file included from /tmp/build-control/generated/common.pb.cc:4:
2026-10-01T18:10:23.0120130Z /tmp/build-control/generated/common.pb.h:1130:27: note: declared here
2026-10-01T18:10:23.0120935Z  1130 | inline const std::string& CosConfig::access_key() const {
2026-10-01T18:10:23.0122091Z       |                           ^~~~~~~~~
2026-10-01T18:10:23.0123955Z /tmp/build-control/generated/common.pb.cc:674:23: warning: ‘const string& mini_drop::CosConfig::secret_key() const’ is deprecated [-Wdeprecated-declarations]
2026-10-01T18:10:23.0125276Z   674 |   if (this->secret_key().size() > 0) {
2026-10-01T18:10:23.0125805Z       |       ~~~~~~~~~~~~~~~~^~
2026-10-01T18:10:23.0126391Z In file included from /tmp/build-control/generated/common.pb.cc:4:
2026-10-01T18:10:23.0127229Z /tmp/build-control/generated/common.pb.h:1211:27: note: declared here
2026-10-01T18:10:23.0128107Z  1211 | inline const std::string& CosConfig::secret_key() const {
2026-10-01T18:10:23.0128744Z       |                           ^~~~~~~~~
2026-10-01T18:10:23.0130276Z /tmp/build-control/generated/common.pb.cc: In member function ‘virtual size_t mini_drop::CosConfig::ByteSizeLong() const’:
2026-10-01T18:10:23.0132388Z /tmp/build-control/generated/common.pb.cc:727:23: warning: ‘const string& mini_drop::CosConfig::access_key() const’ is deprecated [-Wdeprecated-declarations]
2026-10-01T18:10:23.0224593Z   727 |   if (this->access_key().size() > 0) {
2026-10-01T18:10:23.0225773Z       |       ~~~~~~~~~~~~~~~~^~
2026-10-01T18:10:23.0226431Z In file included from /tmp/build-control/generated/common.pb.cc:4:
2026-10-01T18:10:23.0227271Z /tmp/build-control/generated/common.pb.h:1130:27: note: declared here
2026-10-01T18:10:23.0228128Z  1130 | inline const std::string& CosConfig::access_key() const {
2026-10-01T18:10:23.0228737Z       |                           ^~~~~~~~~
2026-10-01T18:10:23.0230577Z /tmp/build-control/generated/common.pb.cc:734:23: warning: ‘const string& mini_drop::CosConfig::secret_key() const’ is deprecated [-Wdeprecated-declarations]
2026-10-01T18:10:23.0231797Z   734 |   if (this->secret_key().size() > 0) {
2026-10-01T18:10:23.0232301Z       |       ~~~~~~~~~~~~~~~~^~
2026-10-01T18:10:23.0232920Z In file included from /tmp/build-control/generated/common.pb.cc:4:
2026-10-01T18:10:23.0234108Z /tmp/build-control/generated/common.pb.h:1211:27: note: declared here
2026-10-01T18:10:23.0234986Z  1211 | inline const std::string& CosConfig::secret_key() const {
2026-10-01T18:10:23.0235640Z       |                           ^~~~~~~~~
2026-10-01T18:10:23.0236996Z /tmp/build-control/generated/common.pb.cc: In member function ‘void mini_drop::CosConfig::MergeFrom(const mini_drop::CosConfig&)’:
2026-10-01T18:10:23.0239114Z /tmp/build-control/generated/common.pb.cc:788:22: warning: ‘const string& mini_drop::CosConfig::access_key() const’ is deprecated [-Wdeprecated-declarations]
2026-10-01T18:10:23.0240413Z   788 |   if (from.access_key().size() > 0) {
2026-10-01T18:10:23.0240978Z       |       ~~~~~~~~~~~~~~~^~
2026-10-01T18:10:23.0241604Z In file included from /tmp/build-control/generated/common.pb.cc:4:
2026-10-01T18:10:23.0242440Z /tmp/build-control/generated/common.pb.h:1130:27: note: declared here
2026-10-01T18:10:23.0243278Z  1130 | inline const std::string& CosConfig::access_key() const {
2026-10-01T18:10:23.0244191Z       |                           ^~~~~~~~~
2026-10-01T18:10:23.0245779Z /tmp/build-control/generated/common.pb.cc:791:22: warning: ‘const string& mini_drop::CosConfig::secret_key() const’ is deprecated [-Wdeprecated-declarations]
2026-10-01T18:10:23.0246848Z   791 |   if (from.secret_key().size() > 0) {
2026-10-01T18:10:23.0247278Z       |       ~~~~~~~~~~~~~~~^~
2026-10-01T18:10:23.0247781Z In file included from /tmp/build-control/generated/common.pb.cc:4:
2026-10-01T18:10:23.0248549Z /tmp/build-control/generated/common.pb.h:1211:27: note: declared here
2026-10-01T18:10:23.0249231Z  1211 | inline const std::string& CosConfig::secret_key() const {
2026-10-01T18:10:23.0249742Z       |                           ^~~~~~~~~
2026-10-01T18:10:23.0250292Z In file included from /tmp/build-control/generated/control.pb.h:36,
2026-10-01T18:10:23.0250949Z                  from /tmp/build-control/generated/control.grpc.pb.cc:5:
2026-10-01T18:10:23.0252935Z /tmp/build-control/generated/hotmethod.pb.h: In member function ‘mini_drop::RecordArgv* mini_drop::TaskDesc::release_sample_argv()’:
2026-10-01T18:10:23.0336881Z /tmp/build-control/generated/hotmethod.pb.h:3159:47: warning: ‘mini_drop::RecordArgv* mini_drop::TaskDesc::unsafe_arena_release_sample_argv()’ is deprecated [-Wdeprecated-declarations]
2026-10-01T18:10:23.0338452Z  3159 |   auto temp = unsafe_arena_release_sample_argv();
2026-10-01T18:10:23.0339080Z       |               ~~~~~~~~~~~~~~~~~~~~~~~~~~~~~~~~^~
2026-10-01T18:10:23.0339798Z /tmp/build-control/generated/hotmethod.pb.h:449:48: note: declared here
2026-10-01T18:10:23.0340798Z   449 |   PROTOBUF_DEPRECATED ::mini_drop::RecordArgv* unsafe_arena_release_sample_argv();
2026-10-01T18:10:23.0341633Z       |                                                ^~~~~~~~~~~~~~~~~~~~~~~~~~~~~~~~
2026-10-01T18:10:23.0343119Z /tmp/build-control/generated/hotmethod.pb.h: In member function ‘mini_drop::CosConfig* mini_drop::TaskDesc::release_cos_config()’:
2026-10-01T18:10:23.0345674Z /tmp/build-control/generated/hotmethod.pb.h:3355:46: warning: ‘mini_drop::CosConfig* mini_drop::TaskDesc::unsafe_arena_release_cos_config()’ is deprecated [-Wdeprecated-declarations]
2026-10-01T18:10:23.0347479Z  3355 |   auto temp = unsafe_arena_release_cos_config();
2026-10-01T18:10:23.0348090Z       |               ~~~~~~~~~~~~~~~~~~~~~~~~~~~~~~~^~
2026-10-01T18:10:23.0348768Z /tmp/build-control/generated/hotmethod.pb.h:467:47: note: declared here
2026-10-01T18:10:23.0349713Z   467 |   PROTOBUF_DEPRECATED ::mini_drop::CosConfig* unsafe_arena_release_cos_config();
2026-10-01T18:10:23.0350519Z       |                                               ^~~~~~~~~~~~~~~~~~~~~~~~~~~~~~~
2026-10-01T18:10:23.0446166Z /tmp/build-control/generated/hotmethod.pb.cc: In member function ‘virtual google::protobuf::uint8* mini_drop::TaskDesc::_InternalSerialize(google::protobuf::uint8*, google::protobuf::io::EpsCopyOutputStream*) const’:
2026-10-01T18:10:23.0526073Z /tmp/build-control/generated/hotmethod.pb.cc:1228:28: warning: ‘bool mini_drop::TaskDesc::has_sample_argv() const’ is deprecated [-Wdeprecated-declarations]
2026-10-01T18:10:23.0622561Z  1228 |   if (this->has_sample_argv()) {
2026-10-01T18:10:23.0774738Z       |       ~~~~~~~~~~~~~~~~~~~~~^~
2026-10-01T18:10:23.0824671Z In file included from /tmp/build-control/generated/hotmethod.pb.cc:4:
2026-10-01T18:10:23.0914850Z /tmp/build-control/generated/hotmethod.pb.h:3127:13: note: declared here
2026-10-01T18:10:23.1024782Z  3127 | inline bool TaskDesc::has_sample_argv() const {
2026-10-01T18:10:23.1144551Z       |             ^~~~~~~~
2026-10-01T18:10:23.1185965Z /tmp/build-control/generated/hotmethod.pb.cc:1258:27: warning: ‘bool mini_drop::TaskDesc::has_cos_config() const’ is deprecated [-Wdeprecated-declarations]
2026-10-01T18:10:23.1244494Z  1258 |   if (this->has_cos_config()) {
2026-10-01T18:10:23.1294441Z       |       ~~~~~~~~~~~~~~~~~~~~^~
2026-10-01T18:10:23.1364465Z In file included from /tmp/build-control/generated/hotmethod.pb.cc:4:
2026-10-01T18:10:23.1454644Z /tmp/build-control/generated/hotmethod.pb.h:3329:13: note: declared here
2026-10-01T18:10:23.1514494Z  3329 | inline bool TaskDesc::has_cos_config() const {
2026-10-01T18:10:23.1604484Z       |             ^~~~~~~~
2026-10-01T18:10:23.1724786Z In file included from /tmp/build-control/generated/healthcheck.pb.h:37,
2026-10-01T18:10:23.1744437Z                  from /tmp/build-control/generated/healthcheck.grpc.pb.cc:5:
2026-10-01T18:10:23.1875751Z /tmp/build-control/generated/hotmethod.pb.h: In member function ‘mini_drop::RecordArgv* mini_drop::TaskDesc::release_sample_argv()’:
2026-10-01T18:10:23.1986136Z /tmp/build-control/generated/hotmethod.pb.h:3159:47: warning: ‘mini_drop::RecordArgv* mini_drop::TaskDesc::unsafe_arena_release_sample_argv()’ is deprecated [-Wdeprecated-declarations]
2026-10-01T18:10:23.2014436Z  3159 |   auto temp = unsafe_arena_release_sample_argv();
2026-10-01T18:10:23.2089233Z       |               ~~~~~~~~~~~~~~~~~~~~~~~~~~~~~~~~^~
2026-10-01T18:10:23.2204873Z /tmp/build-control/generated/hotmethod.pb.h:449:48: note: declared here
2026-10-01T18:10:23.2274939Z   449 |   PROTOBUF_DEPRECATED ::mini_drop::RecordArgv* unsafe_arena_release_sample_argv();
2026-10-01T18:10:23.2384738Z       |                                                ^~~~~~~~~~~~~~~~~~~~~~~~~~~~~~~~
2026-10-01T18:10:23.2445568Z /tmp/build-control/generated/hotmethod.pb.cc: In member function ‘virtual size_t mini_drop::TaskDesc::ByteSizeLong() const’:
2026-10-01T18:10:23.2545955Z /tmp/build-control/generated/hotmethod.pb.cc:1451:28: warning: ‘bool mini_drop::TaskDesc::has_sample_argv() const’ is deprecated [-Wdeprecated-declarations]
2026-10-01T18:10:23.2664659Z  1451 |   if (this->has_sample_argv()) {
2026-10-01T18:10:23.2744618Z       |       ~~~~~~~~~~~~~~~~~~~~~^~
2026-10-01T18:10:23.2834742Z In file included from /tmp/build-control/generated/hotmethod.pb.cc:4:
2026-10-01T18:10:23.2924742Z /tmp/build-control/generated/hotmethod.pb.h:3127:13: note: declared here
2026-10-01T18:10:23.3014935Z  3127 | inline bool TaskDesc::has_sample_argv() const {
2026-10-01T18:10:23.3104638Z       |             ^~~~~~~~
2026-10-01T18:10:23.3196347Z /tmp/build-control/generated/hotmethod.pb.cc:1458:27: warning: ‘bool mini_drop::TaskDesc::has_cos_config() const’ is deprecated [-Wdeprecated-declarations]
2026-10-01T18:10:23.3274458Z  1458 |   if (this->has_cos_config()) {
2026-10-01T18:10:23.3314772Z       |       ~~~~~~~~~~~~~~~~~~~~^~
2026-10-01T18:10:23.3344498Z In file included from /tmp/build-control/generated/hotmethod.pb.cc:4:
2026-10-01T18:10:23.3345460Z /tmp/build-control/generated/hotmethod.pb.h:3329:13: note: declared here
2026-10-01T18:10:23.3346280Z  3329 | inline bool TaskDesc::has_cos_config() const {
2026-10-01T18:10:23.3346830Z       |             ^~~~~~~~
2026-10-01T18:10:23.3348392Z /tmp/build-control/generated/hotmethod.pb.h: In member function ‘mini_drop::CosConfig* mini_drop::TaskDesc::release_cos_config()’:
2026-10-01T18:10:23.3350779Z /tmp/build-control/generated/hotmethod.pb.h:3355:46: warning: ‘mini_drop::CosConfig* mini_drop::TaskDesc::unsafe_arena_release_cos_config()’ is deprecated [-Wdeprecated-declarations]
2026-10-01T18:10:23.3352263Z  3355 |   auto temp = unsafe_arena_release_cos_config();
2026-10-01T18:10:23.3352886Z       |               ~~~~~~~~~~~~~~~~~~~~~~~~~~~~~~~^~
2026-10-01T18:10:23.3353898Z /tmp/build-control/generated/hotmethod.pb.h:467:47: note: declared here
2026-10-01T18:10:23.3354894Z   467 |   PROTOBUF_DEPRECATED ::mini_drop::CosConfig* unsafe_arena_release_cos_config();
2026-10-01T18:10:23.3355734Z       |                                               ^~~~~~~~~~~~~~~~~~~~~~~~~~~~~~~
2026-10-01T18:10:23.3357232Z /tmp/build-control/generated/hotmethod.pb.cc: In member function ‘void mini_drop::TaskDesc::MergeFrom(const mini_drop::TaskDesc&)’:
2026-10-01T18:10:23.3359358Z /tmp/build-control/generated/hotmethod.pb.cc:1609:27: warning: ‘bool mini_drop::TaskDesc::has_sample_argv() const’ is deprecated [-Wdeprecated-declarations]
2026-10-01T18:10:23.3360613Z  1609 |   if (from.has_sample_argv()) {
2026-10-01T18:10:23.3361184Z       |       ~~~~~~~~~~~~~~~~~~~~^~
2026-10-01T18:10:23.3361862Z In file included from /tmp/build-control/generated/hotmethod.pb.cc:4:
2026-10-01T18:10:23.3362738Z /tmp/build-control/generated/hotmethod.pb.h:3127:13: note: declared here
2026-10-01T18:10:23.3363829Z  3127 | inline bool TaskDesc::has_sample_argv() const {
2026-10-01T18:10:23.3364397Z       |             ^~~~~~~~
2026-10-01T18:10:23.3366027Z /tmp/build-control/generated/hotmethod.pb.cc:1612:26: warning: ‘bool mini_drop::TaskDesc::has_cos_config() const’ is deprecated [-Wdeprecated-declarations]
2026-10-01T18:10:23.3574472Z  1612 |   if (from.has_cos_config()) {
2026-10-01T18:10:23.3575254Z       |       ~~~~~~~~~~~~~~~~~~~^~
2026-10-01T18:10:23.3575965Z In file included from /tmp/build-control/generated/hotmethod.pb.cc:4:
2026-10-01T18:10:23.3576885Z /tmp/build-control/generated/hotmethod.pb.h:3329:13: note: declared here
2026-10-01T18:10:23.3577747Z  3329 | inline bool TaskDesc::has_cos_config() const {
2026-10-01T18:10:23.3578981Z       |             ^~~~~~~~
2026-10-01T18:10:25.4774798Z In file included from /tmp/build-control/generated/healthcheck.pb.h:37,
2026-10-01T18:10:25.4834719Z                  from /tmp/build-control/generated/healthcheck.grpc.pb.h:15,
2026-10-01T18:10:25.4894545Z                  from /home/runner/work/mini-drop/mini-drop/native/control/src/main.cpp:10:
2026-10-01T18:10:25.4955497Z /tmp/build-control/generated/hotmethod.pb.h: In member function ‘mini_drop::RecordArgv* mini_drop::TaskDesc::release_sample_argv()’:
2026-10-01T18:10:25.5015733Z /tmp/build-control/generated/hotmethod.pb.h:3159:47: warning: ‘mini_drop::RecordArgv* mini_drop::TaskDesc::unsafe_arena_release_sample_argv()’ is deprecated [-Wdeprecated-declarations]
2026-10-01T18:10:25.5017342Z  3159 |   auto temp = unsafe_arena_release_sample_argv();
2026-10-01T18:10:25.5017976Z       |               ~~~~~~~~~~~~~~~~~~~~~~~~~~~~~~~~^~
2026-10-01T18:10:25.5018714Z /tmp/build-control/generated/hotmethod.pb.h:449:48: note: declared here
2026-10-01T18:10:25.5019769Z   449 |   PROTOBUF_DEPRECATED ::mini_drop::RecordArgv* unsafe_arena_release_sample_argv();
2026-10-01T18:10:25.5020996Z       |                                                ^~~~~~~~~~~~~~~~~~~~~~~~~~~~~~~~
2026-10-01T18:10:25.5022539Z /tmp/build-control/generated/hotmethod.pb.h: In member function ‘mini_drop::CosConfig* mini_drop::TaskDesc::release_cos_config()’:
2026-10-01T18:10:25.5075651Z /tmp/build-control/generated/hotmethod.pb.h:3355:46: warning: ‘mini_drop::CosConfig* mini_drop::TaskDesc::unsafe_arena_release_cos_config()’ is deprecated [-Wdeprecated-declarations]
2026-10-01T18:10:25.5134368Z  3355 |   auto temp = unsafe_arena_release_cos_config();
2026-10-01T18:10:25.5224316Z       |               ~~~~~~~~~~~~~~~~~~~~~~~~~~~~~~~^~
2026-10-01T18:10:25.5284582Z /tmp/build-control/generated/hotmethod.pb.h:467:47: note: declared here
2026-10-01T18:10:25.5324644Z   467 |   PROTOBUF_DEPRECATED ::mini_drop::CosConfig* unsafe_arena_release_cos_config();
2026-10-01T18:10:25.5384259Z       |                                               ^~~~~~~~~~~~~~~~~~~~~~~~~~~~~~~
2026-10-01T18:10:29.1106630Z /home/runner/work/mini-drop/mini-drop/native/control/src/main.cpp: In member function ‘virtual grpc::Status {anonymous}::HealthService::Do(grpc::ServerContext*, const mini_drop::HealthCheckRequest*, mini_drop::HealthCheckResponse*)’:
2026-10-01T18:10:29.1135945Z /home/runner/work/mini-drop/mini-drop/native/control/src/main.cpp:894:47: warning: ‘mini_drop::RecordArgv* mini_drop::TaskDesc::mutable_sample_argv()’ is deprecated [-Wdeprecated-declarations]
2026-10-01T18:10:29.1164625Z   894 |       auto* sample = desc->mutable_sample_argv();
2026-10-01T18:10:29.1224270Z       |                      ~~~~~~~~~~~~~~~~~~~~~~~~~^~
2026-10-01T18:10:29.1284395Z In file included from /tmp/build-control/generated/healthcheck.pb.h:37,
2026-10-01T18:10:29.1314415Z                  from /tmp/build-control/generated/healthcheck.grpc.pb.h:15,
2026-10-01T18:10:29.1315380Z                  from /home/runner/work/mini-drop/mini-drop/native/control/src/main.cpp:10:
2026-10-01T18:10:29.1316406Z /tmp/build-control/generated/hotmethod.pb.h:3180:33: note: declared here
2026-10-01T18:10:29.1317332Z  3180 | inline ::mini_drop::RecordArgv* TaskDesc::mutable_sample_argv() {
2026-10-01T18:10:29.1318000Z       |                                 ^~~~~~~~
2026-10-01T18:10:37.2255001Z [100%] Linking CXX executable mini-drop-native-control
2026-10-01T18:10:37.4270378Z [100%] Built target mini-drop-native-control
2026-10-01T18:10:37.4472402Z Post job cleanup.
2026-10-01T18:10:37.5429884Z [command]/usr/bin/git version
2026-10-01T18:10:37.5478033Z git version 2.55.0
2026-10-01T18:10:37.5522896Z Temporarily overriding HOME='/home/runner/work/_temp/e5eff771-30e3-4bf1-a60b-05e56f5755f8' before making global git config changes
2026-10-01T18:10:37.5524767Z Adding repository directory to the temporary git global config as a safe directory
2026-10-01T18:10:37.5530106Z [command]/usr/bin/git config --global --add safe.directory /home/runner/work/mini-drop/mini-drop
2026-10-01T18:10:37.5576449Z [command]/usr/bin/git config --local --name-only --get-regexp core\.sshCommand
2026-10-01T18:10:37.5617049Z [command]/usr/bin/git submodule foreach --recursive sh -c "git config --local --name-only --get-regexp 'core\.sshCommand' && git config --local --unset-all 'core.sshCommand' || :"
2026-10-01T18:10:37.5922260Z [command]/usr/bin/git config --local --name-only --get-regexp http\.https\:\/\/github\.com\/\.extraheader
2026-10-01T18:10:37.5954284Z http.https://github.com/.extraheader
2026-10-01T18:10:37.5968464Z [command]/usr/bin/git config --local --unset-all http.https://github.com/.extraheader
2026-10-01T18:10:37.6010601Z [command]/usr/bin/git submodule foreach --recursive sh -c "git config --local --name-only --get-regexp 'http\.https\:\/\/github\.com\/\.extraheader' && git config --local --unset-all 'http.https://github.com/.extraheader' || :"
2026-10-01T18:10:37.6342575Z [command]/usr/bin/git config --local --name-only --get-regexp ^includeIf\.gitdir:
2026-10-01T18:10:37.6386641Z [command]/usr/bin/git submodule foreach --recursive git config --local --show-origin --name-only --get-regexp remote.origin.url
2026-10-01T18:10:37.6854060Z Cleaning up orphan processes
2026-10-01T18:10:37.7218732Z ##[warning]Node.js 20 is deprecated. The following actions target Node.js 20 but are being forced to run on Node.js 24: actions/checkout@v4. For more information see: https://github.blog/changelog/2025-09-19-deprecation-of-node-20-on-github-actions-runners/
