2026-10-01T18:08:32.4549432Z Current runner version: '2.337.0'
2026-10-01T18:08:32.4569395Z ##[group]Runner Image Provisioner
2026-10-01T18:08:32.4570126Z Hosted Compute Agent
2026-10-01T18:08:32.4570699Z Version: 20260901.588
2026-10-01T18:08:32.4571294Z Commit: f88ec8081b781fac6c440065ac7ff9e710ce3d0b
2026-10-01T18:08:32.4571935Z Build Date: 2026-09-01T19:56:44Z
2026-10-01T18:08:32.4572532Z Worker ID: {d5657b2c-cded-4e8c-a220-9152284f3c1c}
2026-10-01T18:08:32.4573123Z Azure Region: westus3
2026-10-01T18:08:32.4573661Z ##[endgroup]
2026-10-01T18:08:32.4574708Z ##[group]Operating System
2026-10-01T18:08:32.4575198Z Ubuntu
2026-10-01T18:08:32.4575732Z 22.04.5
2026-10-01T18:08:32.4576170Z LTS
2026-10-01T18:08:32.4576812Z ##[endgroup]
2026-10-01T18:08:32.4577349Z ##[group]Runner Image
2026-10-01T18:08:32.4577849Z Image: ubuntu-22.04
2026-10-01T18:08:32.4578409Z Version: 20260927.309.1
2026-10-01T18:08:32.4579444Z Included Software: https://github.com/actions/runner-images/blob/ubuntu22/20260927.309/images/ubuntu/Ubuntu2204-Readme.md
2026-10-01T18:08:32.4580742Z Image Release: https://github.com/actions/runner-images/releases/tag/ubuntu22%2F20260927.309
2026-10-01T18:08:32.4581556Z ##[endgroup]
2026-10-01T18:08:32.4582573Z ##[group]GITHUB_TOKEN Permissions
2026-10-01T18:08:32.4584103Z Contents: read
2026-10-01T18:08:32.4584698Z Metadata: read
2026-10-01T18:08:32.4585186Z Packages: read
2026-10-01T18:08:32.4585688Z ##[endgroup]
2026-10-01T18:08:32.4587511Z Secret source: Actions
2026-10-01T18:08:32.4588386Z Cache mode: write
2026-10-01T18:08:32.4588976Z Prepare workflow directory
2026-10-01T18:08:32.4862038Z Prepare all required actions
2026-10-01T18:08:32.4917532Z Getting action download info
2026-10-01T18:08:32.7962129Z Download action repository 'actions/checkout@v4' (SHA:11d5960a326750d5838078e36cf38b85af677262)
2026-10-01T18:08:33.3671725Z Download action repository 'actions/upload-artifact@v4' (SHA:ea165f8d65b6e75b540449e92b4886f43607fa02)
2026-10-01T18:08:33.6569428Z Complete job name: Native (C++ agent, build + CTest)
2026-10-01T18:08:33.7243149Z ##[group]Run actions/checkout@v4
2026-10-01T18:08:33.7243833Z with:
2026-10-01T18:08:33.7244202Z   repository: llongwang751-arch/mini-drop
2026-10-01T18:08:33.7247670Z   token: ***
2026-10-01T18:08:33.7248017Z   ssh-strict: true
2026-10-01T18:08:33.7248368Z   ssh-user: git
2026-10-01T18:08:33.7248720Z   persist-credentials: true
2026-10-01T18:08:33.7249113Z   clean: true
2026-10-01T18:08:33.7249468Z   sparse-checkout-cone-mode: true
2026-10-01T18:08:33.7249873Z   fetch-depth: 1
2026-10-01T18:08:33.7250206Z   fetch-tags: false
2026-10-01T18:08:33.7250559Z   show-progress: true
2026-10-01T18:08:33.7250928Z   lfs: false
2026-10-01T18:08:33.7251269Z   submodules: false
2026-10-01T18:08:33.7251628Z   set-safe-directory: true
2026-10-01T18:08:33.7252026Z   allow-unsafe-pr-checkout: false
2026-10-01T18:08:33.7252589Z ##[endgroup]
2026-10-01T18:08:33.8117986Z Syncing repository: llongwang751-arch/mini-drop
2026-10-01T18:08:33.8120158Z ##[group]Getting Git version info
2026-10-01T18:08:33.8121119Z Working directory is '/home/runner/work/mini-drop/mini-drop'
2026-10-01T18:08:33.8122512Z [command]/usr/bin/git version
2026-10-01T18:08:33.8273719Z git version 2.55.0
2026-10-01T18:08:33.8293509Z ##[endgroup]
2026-10-01T18:08:33.8306764Z Temporarily overriding HOME='/home/runner/work/_temp/baa03dea-752b-4130-b0c9-ff37d213f33d' before making global git config changes
2026-10-01T18:08:33.8308569Z Adding repository directory to the temporary git global config as a safe directory
2026-10-01T18:08:33.8310876Z [command]/usr/bin/git config --global --add safe.directory /home/runner/work/mini-drop/mini-drop
2026-10-01T18:08:33.8346775Z Deleting the contents of '/home/runner/work/mini-drop/mini-drop'
2026-10-01T18:08:33.8353577Z ##[group]Initializing the repository
2026-10-01T18:08:33.8354319Z [command]/usr/bin/git init /home/runner/work/mini-drop/mini-drop
2026-10-01T18:08:33.8570938Z hint: Using 'master' as the name for the initial branch. This default branch name
2026-10-01T18:08:33.8572730Z hint: will change to "main" in Git 3.0. To configure the initial branch name
2026-10-01T18:08:33.8574615Z hint: to use in all of your new repositories, which will suppress this warning,
2026-10-01T18:08:33.8575858Z hint: call:
2026-10-01T18:08:33.8577076Z hint:
2026-10-01T18:08:33.8578154Z hint: 	git config --global init.defaultBranch <name>
2026-10-01T18:08:33.8579140Z hint:
2026-10-01T18:08:33.8580046Z hint: Names commonly chosen instead of 'master' are 'main', 'trunk' and
2026-10-01T18:08:33.8581377Z hint: 'development'. The just-created branch can be renamed via this command:
2026-10-01T18:08:33.8582669Z hint:
2026-10-01T18:08:33.8583475Z hint: 	git branch -m <name>
2026-10-01T18:08:33.8584337Z hint:
2026-10-01T18:08:33.8585348Z hint: Disable this message with "git config set advice.defaultBranchName false"
2026-10-01T18:08:33.8587109Z Initialized empty Git repository in /home/runner/work/mini-drop/mini-drop/.git/
2026-10-01T18:08:33.8589964Z [command]/usr/bin/git remote add origin https://github.com/llongwang751-arch/mini-drop
2026-10-01T18:08:33.8625797Z ##[endgroup]
2026-10-01T18:08:33.8626912Z ##[group]Disabling automatic garbage collection
2026-10-01T18:08:33.8628731Z [command]/usr/bin/git config --local gc.auto 0
2026-10-01T18:08:33.8659580Z ##[endgroup]
2026-10-01T18:08:33.8660479Z ##[group]Setting up auth
2026-10-01T18:08:33.8665287Z [command]/usr/bin/git config --local --name-only --get-regexp core\.sshCommand
2026-10-01T18:08:33.8700772Z [command]/usr/bin/git submodule foreach --recursive sh -c "git config --local --name-only --get-regexp 'core\.sshCommand' && git config --local --unset-all 'core.sshCommand' || :"
2026-10-01T18:08:33.9361714Z [command]/usr/bin/git config --local --name-only --get-regexp http\.https\:\/\/github\.com\/\.extraheader
2026-10-01T18:08:33.9396925Z [command]/usr/bin/git submodule foreach --recursive sh -c "git config --local --name-only --get-regexp 'http\.https\:\/\/github\.com\/\.extraheader' && git config --local --unset-all 'http.https://github.com/.extraheader' || :"
2026-10-01T18:08:33.9612476Z [command]/usr/bin/git config --local --name-only --get-regexp ^includeIf\.gitdir:
2026-10-01T18:08:33.9646436Z [command]/usr/bin/git submodule foreach --recursive git config --local --show-origin --name-only --get-regexp remote.origin.url
2026-10-01T18:08:33.9858948Z [command]/usr/bin/git config --local http.https://github.com/.extraheader AUTHORIZATION: basic ***
2026-10-01T18:08:33.9896802Z ##[endgroup]
2026-10-01T18:08:33.9897760Z ##[group]Fetching the repository
2026-10-01T18:08:33.9904917Z [command]/usr/bin/git -c protocol.version=2 fetch --no-tags --prune --no-recurse-submodules --depth=1 origin +bcc12e60941ac0bff3820411a2eaaa7cd823ec9b:refs/remotes/pull/1/merge
2026-10-01T18:10:50.9769328Z From https://github.com/llongwang751-arch/mini-drop
2026-10-01T18:10:50.9771129Z  * [new ref]         bcc12e60941ac0bff3820411a2eaaa7cd823ec9b -> pull/1/merge
2026-10-01T18:10:50.9773644Z ##[endgroup]
2026-10-01T18:10:50.9774164Z ##[group]Determining the checkout info
2026-10-01T18:10:50.9776692Z ##[endgroup]
2026-10-01T18:10:50.9815993Z [command]/usr/bin/git sparse-checkout disable
2026-10-01T18:10:50.9857610Z [command]/usr/bin/git config --local --unset-all extensions.worktreeConfig
2026-10-01T18:10:50.9889640Z ##[group]Checking out the ref
2026-10-01T18:10:50.9890185Z [command]/usr/bin/git checkout --progress --force refs/remotes/pull/1/merge
2026-10-01T18:10:51.8069381Z Note: switching to 'refs/remotes/pull/1/merge'.
2026-10-01T18:10:51.8069756Z 
2026-10-01T18:10:51.8070023Z You are in 'detached HEAD' state. You can look around, make experimental
2026-10-01T18:10:51.8070465Z changes and commit them, and you can discard any commits you make in this
2026-10-01T18:10:51.8070843Z state without impacting any branches by switching back to a branch.
2026-10-01T18:10:51.8071066Z 
2026-10-01T18:10:51.8071266Z If you want to create a new branch to retain commits you create, you may
2026-10-01T18:10:51.8071624Z do so (now or later) by using -c with the switch command. Example:
2026-10-01T18:10:51.8071885Z 
2026-10-01T18:10:51.8072410Z   git switch -c <new-branch-name>
2026-10-01T18:10:51.8072557Z 
2026-10-01T18:10:51.8072646Z Or undo this operation with:
2026-10-01T18:10:51.8072782Z 
2026-10-01T18:10:51.8072854Z   git switch -
2026-10-01T18:10:51.8072974Z 
2026-10-01T18:10:51.8073147Z Turn off this advice by setting config variable advice.detachedHead to false
2026-10-01T18:10:51.8073379Z 
2026-10-01T18:10:51.8073653Z HEAD is now at bcc12e6 Merge 63a8284dcc6eacd925cb04064305c36df3455fad into 609ea8a73f845b496b59b5cae181f515c5919850
2026-10-01T18:10:51.8153212Z ##[endgroup]
2026-10-01T18:10:51.8200821Z [command]/usr/bin/git log -1 --format=%H
2026-10-01T18:10:51.8227767Z bcc12e60941ac0bff3820411a2eaaa7cd823ec9b
2026-10-01T18:10:51.8421919Z ##[group]Run sudo apt-get update
2026-10-01T18:10:51.8422230Z [36;1msudo apt-get update[0m
2026-10-01T18:10:51.8422514Z [36;1msudo apt-get install -y --no-install-recommends \[0m
2026-10-01T18:10:51.8422894Z [36;1m  build-essential cmake libgrpc++-dev libprotobuf-dev libpqxx-dev \[0m
2026-10-01T18:10:51.8423329Z [36;1m  nlohmann-json3-dev pkg-config protobuf-compiler protobuf-compiler-grpc[0m
2026-10-01T18:10:52.0258903Z shell: /usr/bin/bash -e {0}
2026-10-01T18:10:52.0259198Z ##[endgroup]
2026-10-01T18:10:52.1998009Z Get:1 file:/etc/apt/apt-mirrors.txt Mirrorlist [144 B]
2026-10-01T18:10:52.2153334Z Get:6 https://packages.microsoft.com/ubuntu/22.04/prod jammy InRelease [3632 B]
2026-10-01T18:10:52.2449418Z Hit:2 http://azure.archive.ubuntu.com/ubuntu jammy InRelease
2026-10-01T18:10:52.2786016Z Get:3 http://azure.archive.ubuntu.com/ubuntu jammy-updates InRelease [128 kB]
2026-10-01T18:10:52.3169160Z Get:7 https://packages.microsoft.com/ubuntu/22.04/prod jammy/main amd64 Packages [790 kB]
2026-10-01T18:10:52.3350977Z Get:8 https://packages.microsoft.com/ubuntu/22.04/prod jammy/main arm64 Packages [549 kB]
2026-10-01T18:10:54.8211655Z Get:4 http://azure.archive.ubuntu.com/ubuntu jammy-backports InRelease [127 kB]
2026-10-01T18:10:56.9991759Z Get:5 http://azure.archive.ubuntu.com/ubuntu jammy-security InRelease [129 kB]
2026-10-01T18:10:58.6969520Z Get:9 http://azure.archive.ubuntu.com/ubuntu jammy-updates/main amd64 Packages [3899 kB]
2026-10-01T18:10:59.1552383Z Get:10 http://azure.archive.ubuntu.com/ubuntu jammy-updates/main Translation-en [575 kB]
2026-10-01T18:10:59.1751239Z Get:11 http://azure.archive.ubuntu.com/ubuntu jammy-updates/restricted amd64 Packages [6701 kB]
2026-10-01T18:11:08.7262592Z Get:12 http://azure.archive.ubuntu.com/ubuntu jammy-updates/restricted Translation-en [1287 kB]
2026-10-01T18:11:10.0569385Z Get:13 http://azure.archive.ubuntu.com/ubuntu jammy-updates/universe amd64 Packages [1285 kB]
2026-10-01T18:11:11.3690555Z Get:14 http://azure.archive.ubuntu.com/ubuntu jammy-updates/universe Translation-en [325 kB]
2026-10-01T18:11:11.4081897Z Get:15 http://azure.archive.ubuntu.com/ubuntu jammy-security/main amd64 Packages [3596 kB]
2026-10-01T18:11:15.2144655Z Get:16 http://azure.archive.ubuntu.com/ubuntu jammy-security/main Translation-en [504 kB]
2026-10-01T18:11:15.2193578Z Get:17 http://azure.archive.ubuntu.com/ubuntu jammy-security/restricted amd64 Packages [6410 kB]
2026-10-01T18:11:15.9660588Z Get:18 http://azure.archive.ubuntu.com/ubuntu jammy-security/restricted Translation-en [1232 kB]
2026-10-01T18:11:17.5190997Z Get:19 http://azure.archive.ubuntu.com/ubuntu jammy-security/universe amd64 Packages [1052 kB]
2026-10-01T18:11:18.4645889Z Get:20 http://azure.archive.ubuntu.com/ubuntu jammy-security/universe Translation-en [236 kB]
2026-10-01T18:11:26.2009320Z Fetched 28.8 MB in 26s (1096 kB/s)
2026-10-01T18:11:27.2522235Z Reading package lists...
2026-10-01T18:11:27.3125252Z Reading package lists...
2026-10-01T18:11:27.5304714Z Building dependency tree...
2026-10-01T18:11:27.5315890Z Reading state information...
2026-10-01T18:11:27.6829568Z build-essential is already the newest version (12.9ubuntu3).
2026-10-01T18:11:27.6831498Z build-essential set to manually installed.
2026-10-01T18:11:27.6831979Z The following additional packages will be installed:
2026-10-01T18:11:27.6833026Z   cmake-data dh-elpa-helper libabsl20210324 libgrpc++1 libgrpc-dev libgrpc10
2026-10-01T18:11:27.6835649Z   libjsoncpp25 libpqxx-6.4 libprotobuf23 libprotoc23 librhash0
2026-10-01T18:11:27.6840368Z Suggested packages:
2026-10-01T18:11:27.6840752Z   cmake-doc ninja-build cmake-format libpqxx-doc protobuf-mode-el
2026-10-01T18:11:27.7264101Z The following packages will be REMOVED:
2026-10-01T18:11:27.7264549Z   pkgconf r-base-dev
2026-10-01T18:11:27.7264909Z The following NEW packages will be installed:
2026-10-01T18:11:27.7266098Z   cmake cmake-data dh-elpa-helper libabsl20210324 libgrpc++-dev libgrpc++1
2026-10-01T18:11:27.7267239Z   libgrpc-dev libgrpc10 libjsoncpp25 libpqxx-6.4 libpqxx-dev libprotobuf-dev
2026-10-01T18:11:27.7277299Z   libprotobuf23 libprotoc23 librhash0 nlohmann-json3-dev pkg-config
2026-10-01T18:11:27.7277849Z   protobuf-compiler protobuf-compiler-grpc
2026-10-01T18:11:27.7425967Z 0 upgraded, 19 newly installed, 2 to remove and 20 not upgraded.
2026-10-01T18:11:27.7426600Z Need to get 14.7 MB of archives.
2026-10-01T18:11:27.7426963Z After this operation, 81.5 MB of additional disk space will be used.
2026-10-01T18:11:27.7427314Z Get:1 file:/etc/apt/apt-mirrors.txt Mirrorlist [144 B]
2026-10-01T18:11:33.1651920Z Get:2 http://azure.archive.ubuntu.com/ubuntu jammy/main amd64 pkg-config amd64 0.29.2-1ubuntu3 [48.2 kB]
2026-10-01T18:11:33.5524614Z Get:3 http://azure.archive.ubuntu.com/ubuntu jammy/main amd64 libjsoncpp25 amd64 1.9.5-3 [80.0 kB]
2026-10-01T18:11:33.8202785Z Get:4 http://azure.archive.ubuntu.com/ubuntu jammy/main amd64 librhash0 amd64 1.4.2-1ubuntu1 [125 kB]
2026-10-01T18:11:34.0255325Z Get:5 http://azure.archive.ubuntu.com/ubuntu jammy/main amd64 dh-elpa-helper all 2.0.9ubuntu1 [7610 B]
2026-10-01T18:11:34.1536354Z Get:6 http://azure.archive.ubuntu.com/ubuntu jammy-updates/main amd64 cmake-data all 3.22.1-1ubuntu1.22.04.2 [1913 kB]
2026-10-01T18:11:34.7528734Z Get:7 http://azure.archive.ubuntu.com/ubuntu jammy-updates/main amd64 cmake amd64 3.22.1-1ubuntu1.22.04.2 [5010 kB]
2026-10-01T18:11:35.5069279Z Ign:8 http://azure.archive.ubuntu.com/ubuntu jammy-updates/main amd64 libabsl20210324 amd64 0~20210324.2-2ubuntu0.3
2026-10-01T18:11:36.0067842Z Ign:9 http://azure.archive.ubuntu.com/ubuntu jammy/universe amd64 libgrpc10 amd64 1.30.2-3build6
2026-10-01T18:11:36.5237367Z Ign:10 http://azure.archive.ubuntu.com/ubuntu jammy-updates/main amd64 libprotobuf23 amd64 3.12.4-1ubuntu7.22.04.6
2026-10-01T18:11:37.0252363Z Ign:11 http://azure.archive.ubuntu.com/ubuntu jammy/universe amd64 libgrpc++1 amd64 1.30.2-3build6
2026-10-01T18:11:37.5494893Z Ign:12 http://azure.archive.ubuntu.com/ubuntu jammy/universe amd64 libgrpc-dev amd64 1.30.2-3build6
2026-10-01T18:11:38.0529012Z Ign:13 http://azure.archive.ubuntu.com/ubuntu jammy/universe amd64 libgrpc++-dev amd64 1.30.2-3build6
2026-10-01T18:11:38.5584831Z Ign:14 http://azure.archive.ubuntu.com/ubuntu jammy/universe amd64 libpqxx-6.4 amd64 6.4.5-2build1
2026-10-01T18:11:38.9539238Z Get:15 http://azure.archive.ubuntu.com/ubuntu jammy/universe amd64 libpqxx-dev amd64 6.4.5-2build1 [243 kB]
2026-10-01T18:11:39.0890698Z Get:16 http://azure.archive.ubuntu.com/ubuntu jammy-updates/main amd64 libprotoc23 amd64 3.12.4-1ubuntu7.22.04.6 [662 kB]
2026-10-01T18:11:39.2392841Z Get:17 http://azure.archive.ubuntu.com/ubuntu jammy/universe amd64 nlohmann-json3-dev all 3.10.5-2 [167 kB]
2026-10-01T18:11:39.3708563Z Get:18 http://azure.archive.ubuntu.com/ubuntu jammy-updates/universe amd64 protobuf-compiler amd64 3.12.4-1ubuntu7.22.04.6 [29.2 kB]
2026-10-01T18:11:39.8691043Z Ign:19 http://azure.archive.ubuntu.com/ubuntu jammy/universe amd64 protobuf-compiler-grpc amd64 1.30.2-3build6
2026-10-01T18:11:40.3761894Z Ign:20 http://azure.archive.ubuntu.com/ubuntu jammy-updates/main amd64 libprotobuf-dev amd64 3.12.4-1ubuntu7.22.04.6
2026-10-01T18:11:40.8764148Z Ign:8 http://azure.archive.ubuntu.com/ubuntu jammy-updates/main amd64 libabsl20210324 amd64 0~20210324.2-2ubuntu0.3
2026-10-01T18:11:41.3915358Z Ign:9 http://azure.archive.ubuntu.com/ubuntu jammy/universe amd64 libgrpc10 amd64 1.30.2-3build6
2026-10-01T18:11:41.5171092Z Get:10 http://azure.archive.ubuntu.com/ubuntu jammy-updates/main amd64 libprotobuf23 amd64 3.12.4-1ubuntu7.22.04.6 [877 kB]
2026-10-01T18:11:41.5680295Z Get:8 https://archive.ubuntu.com/ubuntu jammy-updates/main amd64 libabsl20210324 amd64 0~20210324.2-2ubuntu0.3 [386 kB]
2026-10-01T18:11:41.6754981Z Get:11 http://azure.archive.ubuntu.com/ubuntu jammy/universe amd64 libgrpc++1 amd64 1.30.2-3build6 [402 kB]
2026-10-01T18:11:42.1871110Z Ign:12 http://azure.archive.ubuntu.com/ubuntu jammy/universe amd64 libgrpc-dev amd64 1.30.2-3build6
2026-10-01T18:11:42.4532497Z Get:9 https://archive.ubuntu.com/ubuntu jammy/universe amd64 libgrpc10 amd64 1.30.2-3build6 [1470 kB]
2026-10-01T18:11:42.6878471Z Ign:13 http://azure.archive.ubuntu.com/ubuntu jammy/universe amd64 libgrpc++-dev amd64 1.30.2-3build6
2026-10-01T18:11:42.9878660Z Get:12 https://archive.ubuntu.com/ubuntu jammy/universe amd64 libgrpc-dev amd64 1.30.2-3build6 [1066 kB]
2026-10-01T18:11:43.0631580Z Get:14 http://azure.archive.ubuntu.com/ubuntu jammy/universe amd64 libpqxx-6.4 amd64 6.4.5-2build1 [155 kB]
2026-10-01T18:11:43.2149402Z Get:13 https://archive.ubuntu.com/ubuntu jammy/universe amd64 libgrpc++-dev amd64 1.30.2-3build6 [564 kB]
2026-10-01T18:11:43.5741213Z Ign:19 http://azure.archive.ubuntu.com/ubuntu jammy/universe amd64 protobuf-compiler-grpc amd64 1.30.2-3build6
2026-10-01T18:11:43.7317934Z Get:19 https://archive.ubuntu.com/ubuntu jammy/universe amd64 protobuf-compiler-grpc amd64 1.30.2-3build6 [185 kB]
2026-10-01T18:11:44.0833232Z Ign:20 http://azure.archive.ubuntu.com/ubuntu jammy-updates/main amd64 libprotobuf-dev amd64 3.12.4-1ubuntu7.22.04.6
2026-10-01T18:11:44.2408316Z Get:20 https://archive.ubuntu.com/ubuntu jammy-updates/main amd64 libprotobuf-dev amd64 3.12.4-1ubuntu7.22.04.6 [1347 kB]
2026-10-01T18:11:44.6479426Z Fetched 14.7 MB in 17s (888 kB/s)
2026-10-01T18:11:44.8073372Z (Reading database ... 
2026-10-01T18:11:44.8073736Z (Reading database ... 5%
2026-10-01T18:11:44.8074038Z (Reading database ... 10%
2026-10-01T18:11:44.8074390Z (Reading database ... 15%
2026-10-01T18:11:44.8074687Z (Reading database ... 20%
2026-10-01T18:11:44.8075001Z (Reading database ... 25%
2026-10-01T18:11:44.8075310Z (Reading database ... 30%
2026-10-01T18:11:44.8075623Z (Reading database ... 35%
2026-10-01T18:11:44.8075931Z (Reading database ... 40%
2026-10-01T18:11:44.8076205Z (Reading database ... 45%
2026-10-01T18:11:44.8076416Z (Reading database ... 50%
2026-10-01T18:11:45.1631557Z (Reading database ... 55%
2026-10-01T18:11:45.6020191Z (Reading database ... 60%
2026-10-01T18:11:46.2248137Z (Reading database ... 65%
2026-10-01T18:11:46.7274259Z (Reading database ... 70%
2026-10-01T18:11:47.2883573Z (Reading database ... 75%
2026-10-01T18:11:47.9665978Z (Reading database ... 80%
2026-10-01T18:11:48.7139587Z (Reading database ... 85%
2026-10-01T18:11:49.3936092Z (Reading database ... 90%
2026-10-01T18:11:50.0741583Z (Reading database ... 95%
2026-10-01T18:11:50.0741960Z (Reading database ... 100%
2026-10-01T18:11:50.0742433Z (Reading database ... 260410 files and directories currently installed.)
2026-10-01T18:11:50.0801055Z Removing r-base-dev (4.6.1-6.2204.0) ...
2026-10-01T18:11:50.1543328Z dpkg: pkgconf: dependency problems, but removing anyway as you requested:
2026-10-01T18:11:50.1543912Z  php8.1-dev depends on pkg-config; however:
2026-10-01T18:11:50.1544175Z   Package pkg-config is not installed.
2026-10-01T18:11:50.1544447Z   Package pkgconf which provides pkg-config is to be removed.
2026-10-01T18:11:50.1544729Z  mono-devel depends on pkg-config; however:
2026-10-01T18:11:50.1544960Z   Package pkg-config is not installed.
2026-10-01T18:11:50.1545244Z   Package pkgconf which provides pkg-config is to be removed.
2026-10-01T18:11:50.1545567Z  libmagickwand-6.q16-dev:amd64 depends on pkg-config; however:
2026-10-01T18:11:50.1545841Z   Package pkg-config is not installed.
2026-10-01T18:11:50.1546097Z   Package pkgconf which provides pkg-config is to be removed.
2026-10-01T18:11:50.1546403Z  libmagickcore-6.q16-dev:amd64 depends on pkg-config; however:
2026-10-01T18:11:50.1547066Z   Package pkg-config is not installed.
2026-10-01T18:11:50.1547324Z   Package pkgconf which provides pkg-config is to be removed.
2026-10-01T18:11:50.1547612Z  libglib2.0-dev:amd64 depends on pkg-config; however:
2026-10-01T18:11:50.1547856Z   Package pkg-config is not installed.
2026-10-01T18:11:50.1548102Z   Package pkgconf which provides pkg-config is to be removed.
2026-10-01T18:11:50.1548405Z  libfontconfig-dev:amd64 depends on pkg-config; however:
2026-10-01T18:11:50.1548657Z   Package pkg-config is not installed.
2026-10-01T18:11:50.1548894Z   Package pkgconf which provides pkg-config is to be removed.
2026-10-01T18:11:50.1609055Z 
2026-10-01T18:11:50.1609275Z Removing pkgconf (1.8.0-1) ...
2026-10-01T18:11:50.3066031Z Removing 'diversion of /usr/bin/pkg-config to /usr/bin/pkg-config.real by pkgconf'
2026-10-01T18:11:50.3175731Z Removing 'diversion of /usr/share/aclocal/pkg.m4 to /usr/share/aclocal/pkg.real.m4 by pkgconf'
2026-10-01T18:11:50.3283837Z Removing 'diversion of /usr/share/man/man1/pkg-config.1.gz to /usr/share/man/man1/pkg-config.real.1.gz by pkgconf'
2026-10-01T18:11:50.3394097Z Removing 'diversion of /usr/share/pkg-config-crosswrapper to /usr/share/pkg-config-crosswrapper.real by pkgconf'
2026-10-01T18:11:50.4086305Z Selecting previously unselected package pkg-config.
2026-10-01T18:11:50.4159110Z (Reading database ... 
2026-10-01T18:11:50.4159520Z (Reading database ... 5%
2026-10-01T18:11:50.4159885Z (Reading database ... 10%
2026-10-01T18:11:50.4160237Z (Reading database ... 15%
2026-10-01T18:11:50.4160692Z (Reading database ... 20%
2026-10-01T18:11:50.4161011Z (Reading database ... 25%
2026-10-01T18:11:50.4161384Z (Reading database ... 30%
2026-10-01T18:11:50.4162267Z (Reading database ... 35%
2026-10-01T18:11:50.4162612Z (Reading database ... 40%
2026-10-01T18:11:50.4162948Z (Reading database ... 45%
2026-10-01T18:11:50.4163230Z (Reading database ... 50%
2026-10-01T18:11:50.4190964Z (Reading database ... 55%
2026-10-01T18:11:50.4217595Z (Reading database ... 60%
2026-10-01T18:11:50.4239945Z (Reading database ... 65%
2026-10-01T18:11:50.4338552Z (Reading database ... 70%
2026-10-01T18:11:50.4372889Z (Reading database ... 75%
2026-10-01T18:11:50.4427311Z (Reading database ... 80%
2026-10-01T18:11:50.4733548Z (Reading database ... 85%
2026-10-01T18:11:50.4751334Z (Reading database ... 90%
2026-10-01T18:11:50.5080907Z (Reading database ... 95%
2026-10-01T18:11:50.5081299Z (Reading database ... 100%
2026-10-01T18:11:50.5081626Z (Reading database ... 260388 files and directories currently installed.)
2026-10-01T18:11:50.5141902Z Preparing to unpack .../00-pkg-config_0.29.2-1ubuntu3_amd64.deb ...
2026-10-01T18:11:50.5148537Z Unpacking pkg-config (0.29.2-1ubuntu3) ...
2026-10-01T18:11:50.5375787Z Selecting previously unselected package libjsoncpp25:amd64.
2026-10-01T18:11:50.5561889Z Preparing to unpack .../01-libjsoncpp25_1.9.5-3_amd64.deb ...
2026-10-01T18:11:50.5577552Z Unpacking libjsoncpp25:amd64 (1.9.5-3) ...
2026-10-01T18:11:50.5794682Z Selecting previously unselected package librhash0:amd64.
2026-10-01T18:11:50.5981489Z Preparing to unpack .../02-librhash0_1.4.2-1ubuntu1_amd64.deb ...
2026-10-01T18:11:50.5990399Z Unpacking librhash0:amd64 (1.4.2-1ubuntu1) ...
2026-10-01T18:11:50.6191267Z Selecting previously unselected package dh-elpa-helper.
2026-10-01T18:11:50.6376191Z Preparing to unpack .../03-dh-elpa-helper_2.0.9ubuntu1_all.deb ...
2026-10-01T18:11:50.6382998Z Unpacking dh-elpa-helper (2.0.9ubuntu1) ...
2026-10-01T18:11:50.6592932Z Selecting previously unselected package cmake-data.
2026-10-01T18:11:50.6776207Z Preparing to unpack .../04-cmake-data_3.22.1-1ubuntu1.22.04.2_all.deb ...
2026-10-01T18:11:50.6889429Z Unpacking cmake-data (3.22.1-1ubuntu1.22.04.2) ...
2026-10-01T18:11:51.1402007Z Selecting previously unselected package cmake.
2026-10-01T18:11:51.1597855Z Preparing to unpack .../05-cmake_3.22.1-1ubuntu1.22.04.2_amd64.deb ...
2026-10-01T18:11:51.1605392Z Unpacking cmake (3.22.1-1ubuntu1.22.04.2) ...
2026-10-01T18:11:51.3190840Z Selecting previously unselected package libabsl20210324:amd64.
2026-10-01T18:11:51.3375482Z Preparing to unpack .../06-libabsl20210324_0~20210324.2-2ubuntu0.3_amd64.deb ...
2026-10-01T18:11:51.3383179Z Unpacking libabsl20210324:amd64 (0~20210324.2-2ubuntu0.3) ...
2026-10-01T18:11:51.3771082Z Selecting previously unselected package libgrpc10:amd64.
2026-10-01T18:11:51.3955474Z Preparing to unpack .../07-libgrpc10_1.30.2-3build6_amd64.deb ...
2026-10-01T18:11:51.3964415Z Unpacking libgrpc10:amd64 (1.30.2-3build6) ...
2026-10-01T18:11:51.4554469Z Selecting previously unselected package libprotobuf23:amd64.
2026-10-01T18:11:51.4741150Z Preparing to unpack .../08-libprotobuf23_3.12.4-1ubuntu7.22.04.6_amd64.deb ...
2026-10-01T18:11:51.4748183Z Unpacking libprotobuf23:amd64 (3.12.4-1ubuntu7.22.04.6) ...
2026-10-01T18:11:51.5150312Z Selecting previously unselected package libgrpc++1:amd64.
2026-10-01T18:11:51.5336015Z Preparing to unpack .../09-libgrpc++1_1.30.2-3build6_amd64.deb ...
2026-10-01T18:11:51.5342576Z Unpacking libgrpc++1:amd64 (1.30.2-3build6) ...
2026-10-01T18:11:51.5625393Z Selecting previously unselected package libgrpc-dev:amd64.
2026-10-01T18:11:51.5808613Z Preparing to unpack .../10-libgrpc-dev_1.30.2-3build6_amd64.deb ...
2026-10-01T18:11:51.5817811Z Unpacking libgrpc-dev:amd64 (1.30.2-3build6) ...
2026-10-01T18:11:51.6726349Z Selecting previously unselected package libgrpc++-dev:amd64.
2026-10-01T18:11:51.6910686Z Preparing to unpack .../11-libgrpc++-dev_1.30.2-3build6_amd64.deb ...
2026-10-01T18:11:51.6917047Z Unpacking libgrpc++-dev:amd64 (1.30.2-3build6) ...
2026-10-01T18:11:51.7697354Z Selecting previously unselected package libpqxx-6.4.
2026-10-01T18:11:51.7884082Z Preparing to unpack .../12-libpqxx-6.4_6.4.5-2build1_amd64.deb ...
2026-10-01T18:11:51.7889569Z Unpacking libpqxx-6.4 (6.4.5-2build1) ...
2026-10-01T18:11:51.8162199Z Selecting previously unselected package libpqxx-dev.
2026-10-01T18:11:51.8341771Z Preparing to unpack .../13-libpqxx-dev_6.4.5-2build1_amd64.deb ...
2026-10-01T18:11:51.8347314Z Unpacking libpqxx-dev (6.4.5-2build1) ...
2026-10-01T18:11:51.8834056Z Selecting previously unselected package libprotoc23:amd64.
2026-10-01T18:11:51.9014468Z Preparing to unpack .../14-libprotoc23_3.12.4-1ubuntu7.22.04.6_amd64.deb ...
2026-10-01T18:11:51.9020671Z Unpacking libprotoc23:amd64 (3.12.4-1ubuntu7.22.04.6) ...
2026-10-01T18:11:51.9357618Z Selecting previously unselected package nlohmann-json3-dev.
2026-10-01T18:11:51.9538507Z Preparing to unpack .../15-nlohmann-json3-dev_3.10.5-2_all.deb ...
2026-10-01T18:11:51.9544488Z Unpacking nlohmann-json3-dev (3.10.5-2) ...
2026-10-01T18:11:52.0172212Z Selecting previously unselected package protobuf-compiler.
2026-10-01T18:11:52.0355298Z Preparing to unpack .../16-protobuf-compiler_3.12.4-1ubuntu7.22.04.6_amd64.deb ...
2026-10-01T18:11:52.0361378Z Unpacking protobuf-compiler (3.12.4-1ubuntu7.22.04.6) ...
2026-10-01T18:11:52.0573850Z Selecting previously unselected package protobuf-compiler-grpc.
2026-10-01T18:11:52.0753178Z Preparing to unpack .../17-protobuf-compiler-grpc_1.30.2-3build6_amd64.deb ...
2026-10-01T18:11:52.0759457Z Unpacking protobuf-compiler-grpc (1.30.2-3build6) ...
2026-10-01T18:11:52.0978175Z Selecting previously unselected package libprotobuf-dev:amd64.
2026-10-01T18:11:52.1159448Z Preparing to unpack .../18-libprotobuf-dev_3.12.4-1ubuntu7.22.04.6_amd64.deb ...
2026-10-01T18:11:52.1165182Z Unpacking libprotobuf-dev:amd64 (3.12.4-1ubuntu7.22.04.6) ...
2026-10-01T18:11:52.2492651Z Setting up libprotobuf23:amd64 (3.12.4-1ubuntu7.22.04.6) ...
2026-10-01T18:11:52.2510627Z Setting up libprotobuf-dev:amd64 (3.12.4-1ubuntu7.22.04.6) ...
2026-10-01T18:11:52.2523718Z Setting up dh-elpa-helper (2.0.9ubuntu1) ...
2026-10-01T18:11:52.2536766Z Setting up libprotoc23:amd64 (3.12.4-1ubuntu7.22.04.6) ...
2026-10-01T18:11:52.2550161Z Setting up libjsoncpp25:amd64 (1.9.5-3) ...
2026-10-01T18:11:52.2563721Z Setting up pkg-config (0.29.2-1ubuntu3) ...
2026-10-01T18:11:52.2837607Z Setting up libabsl20210324:amd64 (0~20210324.2-2ubuntu0.3) ...
2026-10-01T18:11:52.2850829Z Setting up libpqxx-6.4 (6.4.5-2build1) ...
2026-10-01T18:11:52.2864970Z Setting up librhash0:amd64 (1.4.2-1ubuntu1) ...
2026-10-01T18:11:52.2878243Z Setting up cmake-data (3.22.1-1ubuntu1.22.04.2) ...
2026-10-01T18:11:52.3385834Z Setting up nlohmann-json3-dev (3.10.5-2) ...
2026-10-01T18:11:52.3399056Z Setting up libpqxx-dev (6.4.5-2build1) ...
2026-10-01T18:11:52.3412279Z Setting up protobuf-compiler (3.12.4-1ubuntu7.22.04.6) ...
2026-10-01T18:11:52.3425622Z Setting up protobuf-compiler-grpc (1.30.2-3build6) ...
2026-10-01T18:11:52.3440026Z Setting up libgrpc10:amd64 (1.30.2-3build6) ...
2026-10-01T18:11:52.3453278Z Setting up cmake (3.22.1-1ubuntu1.22.04.2) ...
2026-10-01T18:11:52.3466219Z Setting up libgrpc++1:amd64 (1.30.2-3build6) ...
2026-10-01T18:11:52.3479936Z Setting up libgrpc-dev:amd64 (1.30.2-3build6) ...
2026-10-01T18:11:52.3492681Z Setting up libgrpc++-dev:amd64 (1.30.2-3build6) ...
2026-10-01T18:11:52.3511544Z Processing triggers for man-db (2.10.2-1) ...
2026-10-01T18:11:52.3528534Z Not building database; man-db/auto-update is not 'true'.
2026-10-01T18:11:52.3537621Z Processing triggers for libc-bin (2.35-0ubuntu3.15) ...
2026-10-01T18:12:04.6092654Z 
2026-10-01T18:12:04.6093285Z Running kernel seems to be up-to-date.
2026-10-01T18:12:04.6093534Z 
2026-10-01T18:12:04.6093664Z No services need to be restarted.
2026-10-01T18:12:04.6093902Z 
2026-10-01T18:12:04.6094039Z No containers need to be restarted.
2026-10-01T18:12:04.6094257Z 
2026-10-01T18:12:04.6094412Z No user sessions are running outdated binaries.
2026-10-01T18:12:04.6094659Z 
2026-10-01T18:12:04.6094908Z No VM guests are running outdated hypervisor (qemu) binaries on this host.
2026-10-01T18:12:06.0667571Z ##[group]Run cmake -S native/agent -B /tmp/build-agent -DCMAKE_BUILD_TYPE=Release
2026-10-01T18:12:06.0668021Z [36;1mcmake -S native/agent -B /tmp/build-agent -DCMAKE_BUILD_TYPE=Release[0m
2026-10-01T18:12:06.0729147Z shell: /usr/bin/bash -e {0}
2026-10-01T18:12:06.0729359Z ##[endgroup]
2026-10-01T18:12:06.7787934Z -- The CXX compiler identification is GNU 11.4.0
2026-10-01T18:12:06.8727782Z -- Detecting CXX compiler ABI info
2026-10-01T18:12:06.9681551Z -- Detecting CXX compiler ABI info - done
2026-10-01T18:12:06.9816396Z -- Check for working CXX compiler: /usr/bin/c++ - skipped
2026-10-01T18:12:06.9862000Z -- Detecting CXX compile features
2026-10-01T18:12:06.9868498Z -- Detecting CXX compile features - done
2026-10-01T18:12:07.0138935Z -- Found PkgConfig: /usr/bin/pkg-config (found version "0.29.2")
2026-10-01T18:12:07.0145038Z -- Checking for module 'grpc++'
2026-10-01T18:12:07.0225983Z --   Found grpc++, version 1.30.2
2026-10-01T18:12:07.0479728Z -- Checking for module 'protobuf'
2026-10-01T18:12:07.0566021Z --   Found protobuf, version 3.12.4
2026-10-01T18:12:07.0757722Z -- Configuring done (0.9s)
2026-10-01T18:12:07.0854403Z -- Generating done (0.0s)
2026-10-01T18:12:07.0857224Z -- Build files have been written to: /tmp/build-agent
2026-10-01T18:12:07.0913738Z ##[group]Run cmake --build /tmp/build-agent --parallel
2026-10-01T18:12:07.0914098Z [36;1mcmake --build /tmp/build-agent --parallel[0m
2026-10-01T18:12:07.0974081Z shell: /usr/bin/bash -e {0}
2026-10-01T18:12:07.0974296Z ##[endgroup]
2026-10-01T18:12:07.1195312Z [  2%] Generating generated/common.pb.cc, generated/common.grpc.pb.cc, generated/errorcode.pb.cc, generated/errorcode.grpc.pb.cc, generated/taskkind.pb.cc, generated/taskkind.grpc.pb.cc, generated/hotmethod.pb.cc, generated/hotmethod.grpc.pb.cc, generated/healthcheck.pb.cc, generated/healthcheck.grpc.pb.cc, generated/init.pb.cc, generated/init.grpc.pb.cc
2026-10-01T18:12:07.1229607Z [  5%] Building CXX object CMakeFiles/process-snapshot-test.dir/tests/process_snapshot_test.cpp.o
2026-10-01T18:12:07.1253852Z [  8%] Building CXX object CMakeFiles/process-snapshot-test.dir/src/process_snapshot.cpp.o
2026-10-01T18:12:07.1317332Z [ 10%] Building CXX object CMakeFiles/result-outbox-test.dir/tests/result_outbox_test.cpp.o
2026-10-01T18:12:07.1347655Z [ 13%] Building CXX object CMakeFiles/self-metrics-test.dir/tests/self_metrics_test.cpp.o
2026-10-01T18:12:07.1377712Z [ 16%] Building CXX object CMakeFiles/perf-samples-test.dir/tests/perf_samples_test.cpp.o
2026-10-01T18:12:07.1388026Z [ 18%] Building CXX object CMakeFiles/result-outbox-test.dir/src/result_outbox.cpp.o
2026-10-01T18:12:07.1388804Z [ 21%] Building CXX object CMakeFiles/runtime-guard-test.dir/tests/runtime_guard_test.cpp.o
2026-10-01T18:12:07.1756233Z [ 24%] Building CXX object CMakeFiles/mini-drop-native-agent.dir/src/main.cpp.o
2026-10-01T18:12:07.1777340Z [ 27%] Building CXX object CMakeFiles/mini-drop-native-agent.dir/src/process_runner.cpp.o
2026-10-01T18:12:07.1795675Z [ 29%] Building CXX object CMakeFiles/mini-drop-native-agent.dir/src/config.cpp.o
2026-10-01T18:12:07.1809375Z [ 32%] Building CXX object CMakeFiles/mini-drop-native-agent.dir/src/artifact_uploader.cpp.o
2026-10-01T18:12:07.1810685Z [ 35%] Building CXX object CMakeFiles/mini-drop-native-agent.dir/src/process_snapshot.cpp.o
2026-10-01T18:12:07.1811626Z [ 37%] Building CXX object CMakeFiles/mini-drop-native-agent.dir/src/collector_registry.cpp.o
2026-10-01T18:12:07.1895671Z [ 40%] Building CXX object CMakeFiles/mini-drop-native-agent.dir/src/perf_collector.cpp.o
2026-10-01T18:12:07.1908400Z [ 43%] Building CXX object CMakeFiles/mini-drop-native-agent.dir/src/ebpf_io_collector.cpp.o
2026-10-01T18:12:07.1957543Z [ 45%] Building CXX object CMakeFiles/mini-drop-native-agent.dir/src/language_collectors.cpp.o
2026-10-01T18:12:07.1972309Z [ 48%] Building CXX object CMakeFiles/mini-drop-native-agent.dir/src/proc_collectors.cpp.o
2026-10-01T18:12:07.2091188Z [ 51%] Building CXX object CMakeFiles/mini-drop-native-agent.dir/src/result_outbox.cpp.o
2026-10-01T18:12:07.2109237Z [ 54%] Building CXX object CMakeFiles/mini-drop-native-agent.dir/generated/common.pb.cc.o
2026-10-01T18:12:07.2161037Z [ 59%] Building CXX object CMakeFiles/mini-drop-native-agent.dir/generated/errorcode.pb.cc.o
2026-10-01T18:12:07.2187487Z [ 56%] Building CXX object CMakeFiles/mini-drop-native-agent.dir/generated/common.grpc.pb.cc.o
2026-10-01T18:12:07.2190909Z [ 62%] Building CXX object CMakeFiles/mini-drop-native-agent.dir/generated/errorcode.grpc.pb.cc.o
2026-10-01T18:12:07.2327363Z [ 64%] Building CXX object CMakeFiles/mini-drop-native-agent.dir/generated/taskkind.pb.cc.o
2026-10-01T18:12:07.2387876Z [ 67%] Building CXX object CMakeFiles/mini-drop-native-agent.dir/generated/taskkind.grpc.pb.cc.o
2026-10-01T18:12:07.2390061Z [ 70%] Building CXX object CMakeFiles/mini-drop-native-agent.dir/generated/hotmethod.pb.cc.o
2026-10-01T18:12:07.2475191Z [ 72%] Building CXX object CMakeFiles/mini-drop-native-agent.dir/generated/hotmethod.grpc.pb.cc.o
2026-10-01T18:12:07.2601404Z [ 75%] Building CXX object CMakeFiles/mini-drop-native-agent.dir/generated/healthcheck.pb.cc.o
2026-10-01T18:12:07.2656226Z [ 78%] Building CXX object CMakeFiles/mini-drop-native-agent.dir/generated/healthcheck.grpc.pb.cc.o
2026-10-01T18:12:07.2745091Z [ 81%] Building CXX object CMakeFiles/mini-drop-native-agent.dir/generated/init.pb.cc.o
2026-10-01T18:12:07.2938104Z [ 83%] Building CXX object CMakeFiles/mini-drop-native-agent.dir/generated/init.grpc.pb.cc.o
2026-10-01T18:12:11.2547593Z [ 86%] Linking CXX executable self-metrics-test
2026-10-01T18:12:11.9297553Z [ 86%] Built target self-metrics-test
2026-10-01T18:12:12.2149415Z /home/runner/work/mini-drop/mini-drop/native/agent/src/language_collectors.cpp: In member function ‘virtual mini_drop_native::TaskResult mini_drop_native::{anonymous}::PySpyCollector::collect(const mini_drop_native::Config&, const mini_drop_native::Task&, const std::atomic<bool>&, std::atomic<bool>&) const’:
2026-10-01T18:12:12.2244551Z /home/runner/work/mini-drop/mini-drop/native/agent/src/language_collectors.cpp:176:82: warning: missing initializer for member ‘mini_drop_native::TaskResult::task_attempt_authority’ [-Wmissing-field-initializers]
2026-10-01T18:12:12.2337597Z   176 |       return {task.id, false, "py-spy is not installed in native Agent image", ""};
2026-10-01T18:12:12.2537451Z       |                                                                                  ^
2026-10-01T18:12:12.2608715Z /home/runner/work/mini-drop/mini-drop/native/agent/src/language_collectors.cpp:176:82: warning: missing initializer for member ‘mini_drop_native::TaskResult::task_attempt_id’ [-Wmissing-field-initializers]
2026-10-01T18:12:12.2808740Z /home/runner/work/mini-drop/mini-drop/native/agent/src/language_collectors.cpp:176:82: warning: missing initializer for member ‘mini_drop_native::TaskResult::error_code’ [-Wmissing-field-initializers]
2026-10-01T18:12:12.2999129Z /home/runner/work/mini-drop/mini-drop/native/agent/src/language_collectors.cpp: In member function ‘virtual mini_drop_native::TaskResult mini_drop_native::{anonymous}::AsyncProfilerCollector::collect(const mini_drop_native::Config&, const mini_drop_native::Task&, const std::atomic<bool>&, std::atomic<bool>&) const’:
2026-10-01T18:12:12.3018289Z /home/runner/work/mini-drop/mini-drop/native/agent/src/language_collectors.cpp:202:17: warning: missing initializer for member ‘mini_drop_native::TaskResult::task_attempt_authority’ [-Wmissing-field-initializers]
2026-10-01T18:12:12.3207188Z   202 |               ""};
2026-10-01T18:12:12.3387438Z       |                 ^
2026-10-01T18:12:12.3599069Z /home/runner/work/mini-drop/mini-drop/native/agent/src/language_collectors.cpp:202:17: warning: missing initializer for member ‘mini_drop_native::TaskResult::task_attempt_id’ [-Wmissing-field-initializers]
2026-10-01T18:12:12.3658470Z /home/runner/work/mini-drop/mini-drop/native/agent/src/language_collectors.cpp:202:17: warning: missing initializer for member ‘mini_drop_native::TaskResult::error_code’ [-Wmissing-field-initializers]
2026-10-01T18:12:12.3838777Z /home/runner/work/mini-drop/mini-drop/native/agent/src/language_collectors.cpp:209:17: warning: missing initializer for member ‘mini_drop_native::TaskResult::task_attempt_authority’ [-Wmissing-field-initializers]
2026-10-01T18:12:12.4017386Z   209 |               ""};
2026-10-01T18:12:12.4097241Z       |                 ^
2026-10-01T18:12:12.4268755Z /home/runner/work/mini-drop/mini-drop/native/agent/src/language_collectors.cpp:209:17: warning: missing initializer for member ‘mini_drop_native::TaskResult::task_attempt_id’ [-Wmissing-field-initializers]
2026-10-01T18:12:12.4438847Z /home/runner/work/mini-drop/mini-drop/native/agent/src/language_collectors.cpp:209:17: warning: missing initializer for member ‘mini_drop_native::TaskResult::error_code’ [-Wmissing-field-initializers]
2026-10-01T18:12:12.7919179Z [ 89%] Linking CXX executable perf-samples-test
2026-10-01T18:12:13.4078872Z /tmp/build-agent/generated/common.pb.cc: In member function ‘virtual google::protobuf::uint8* mini_drop::CosConfig::_InternalSerialize(google::protobuf::uint8*, google::protobuf::io::EpsCopyOutputStream*) const’:
2026-10-01T18:12:13.4188597Z /tmp/build-agent/generated/common.pb.cc:664:23: warning: ‘const string& mini_drop::CosConfig::access_key() const’ is deprecated [-Wdeprecated-declarations]
2026-10-01T18:12:13.4307549Z   664 |   if (this->access_key().size() > 0) {
2026-10-01T18:12:13.4437687Z       |       ~~~~~~~~~~~~~~~~^~
2026-10-01T18:12:13.4587740Z In file included from /tmp/build-agent/generated/common.pb.cc:4:
2026-10-01T18:12:13.4667586Z /tmp/build-agent/generated/common.pb.h:1130:27: note: declared here
2026-10-01T18:12:13.4827628Z  1130 | inline const std::string& CosConfig::access_key() const {
2026-10-01T18:12:13.4977401Z       |                           ^~~~~~~~~
2026-10-01T18:12:13.5068444Z /tmp/build-agent/generated/common.pb.cc:674:23: warning: ‘const string& mini_drop::CosConfig::secret_key() const’ is deprecated [-Wdeprecated-declarations]
2026-10-01T18:12:13.5187899Z   674 |   if (this->secret_key().size() > 0) {
2026-10-01T18:12:13.5318338Z       |       ~~~~~~~~~~~~~~~~^~
2026-10-01T18:12:13.5467545Z In file included from /tmp/build-agent/generated/common.pb.cc:4:
2026-10-01T18:12:13.5587500Z /tmp/build-agent/generated/common.pb.h:1211:27: note: declared here
2026-10-01T18:12:13.5607542Z [ 89%] Built target perf-samples-test
2026-10-01T18:12:13.5707390Z  1211 | inline const std::string& CosConfig::secret_key() const {
2026-10-01T18:12:13.5857306Z       |                           ^~~~~~~~~
2026-10-01T18:12:13.5978147Z /tmp/build-agent/generated/common.pb.cc: In member function ‘virtual size_t mini_drop::CosConfig::ByteSizeLong() const’:
2026-10-01T18:12:13.6098342Z /tmp/build-agent/generated/common.pb.cc:727:23: warning: ‘const string& mini_drop::CosConfig::access_key() const’ is deprecated [-Wdeprecated-declarations]
2026-10-01T18:12:13.6217435Z   727 |   if (this->access_key().size() > 0) {
2026-10-01T18:12:13.6367301Z       |       ~~~~~~~~~~~~~~~~^~
2026-10-01T18:12:13.6487296Z In file included from /tmp/build-agent/generated/common.pb.cc:4:
2026-10-01T18:12:13.6577353Z /tmp/build-agent/generated/common.pb.h:1130:27: note: declared here
2026-10-01T18:12:13.6721137Z  1130 | inline const std::string& CosConfig::access_key() const {
2026-10-01T18:12:13.6721753Z [ 91%] Linking CXX executable runtime-guard-test
2026-10-01T18:12:13.6827233Z       |                           ^~~~~~~~~
2026-10-01T18:12:13.6938326Z /tmp/build-agent/generated/common.pb.cc:734:23: warning: ‘const string& mini_drop::CosConfig::secret_key() const’ is deprecated [-Wdeprecated-declarations]
2026-10-01T18:12:13.7077397Z   734 |   if (this->secret_key().size() > 0) {
2026-10-01T18:12:13.7197338Z       |       ~~~~~~~~~~~~~~~~^~
2026-10-01T18:12:13.7347491Z In file included from /tmp/build-agent/generated/common.pb.cc:4:
2026-10-01T18:12:13.7467476Z /tmp/build-agent/generated/common.pb.h:1211:27: note: declared here
2026-10-01T18:12:13.7587481Z  1211 | inline const std::string& CosConfig::secret_key() const {
2026-10-01T18:12:13.7737397Z       |                           ^~~~~~~~~
2026-10-01T18:12:13.7858383Z /tmp/build-agent/generated/common.pb.cc: In member function ‘void mini_drop::CosConfig::MergeFrom(const mini_drop::CosConfig&)’:
2026-10-01T18:12:13.7978524Z /tmp/build-agent/generated/common.pb.cc:788:22: warning: ‘const string& mini_drop::CosConfig::access_key() const’ is deprecated [-Wdeprecated-declarations]
2026-10-01T18:12:13.8097380Z   788 |   if (from.access_key().size() > 0) {
2026-10-01T18:12:13.8247421Z       |       ~~~~~~~~~~~~~~~^~
2026-10-01T18:12:13.8367584Z In file included from /tmp/build-agent/generated/common.pb.cc:4:
2026-10-01T18:12:13.8487503Z /tmp/build-agent/generated/common.pb.h:1130:27: note: declared here
2026-10-01T18:12:13.8607639Z  1130 | inline const std::string& CosConfig::access_key() const {
2026-10-01T18:12:13.8727485Z       |                           ^~~~~~~~~
2026-10-01T18:12:13.8818502Z /tmp/build-agent/generated/common.pb.cc:791:22: warning: ‘const string& mini_drop::CosConfig::secret_key() const’ is deprecated [-Wdeprecated-declarations]
2026-10-01T18:12:13.8937388Z   791 |   if (from.secret_key().size() > 0) {
2026-10-01T18:12:13.9057329Z       |       ~~~~~~~~~~~~~~~^~
2026-10-01T18:12:13.9198144Z In file included from /tmp/build-agent/generated/common.pb.cc:4:
2026-10-01T18:12:13.9267412Z /tmp/build-agent/generated/common.pb.h:1211:27: note: declared here
2026-10-01T18:12:13.9417685Z  1211 | inline const std::string& CosConfig::secret_key() const {
2026-10-01T18:12:13.9567520Z       |                           ^~~~~~~~~
2026-10-01T18:12:13.9647686Z In file included from /tmp/build-agent/generated/healthcheck.pb.h:37,
2026-10-01T18:12:13.9797548Z                  from /tmp/build-agent/generated/healthcheck.pb.cc:4:
2026-10-01T18:12:13.9948423Z /tmp/build-agent/generated/hotmethod.pb.h: In member function ‘mini_drop::RecordArgv* mini_drop::TaskDesc::release_sample_argv()’:
2026-10-01T18:12:14.0068279Z /tmp/build-agent/generated/hotmethod.pb.h:3159:47: warning: ‘mini_drop::RecordArgv* mini_drop::TaskDesc::unsafe_arena_release_sample_argv()’ is deprecated [-Wdeprecated-declarations]
2026-10-01T18:12:14.0157334Z  3159 |   auto temp = unsafe_arena_release_sample_argv();
2026-10-01T18:12:14.0327458Z       |               ~~~~~~~~~~~~~~~~~~~~~~~~~~~~~~~~^~
2026-10-01T18:12:14.0447659Z /tmp/build-agent/generated/hotmethod.pb.h:449:48: note: declared here
2026-10-01T18:12:14.0537551Z   449 |   PROTOBUF_DEPRECATED ::mini_drop::RecordArgv* unsafe_arena_release_sample_argv();
2026-10-01T18:12:14.0687368Z       |                                                ^~~~~~~~~~~~~~~~~~~~~~~~~~~~~~~~
2026-10-01T18:12:14.0838095Z /tmp/build-agent/generated/hotmethod.pb.h: In member function ‘mini_drop::CosConfig* mini_drop::TaskDesc::release_cos_config()’:
2026-10-01T18:12:14.0928339Z /tmp/build-agent/generated/hotmethod.pb.h:3355:46: warning: ‘mini_drop::CosConfig* mini_drop::TaskDesc::unsafe_arena_release_cos_config()’ is deprecated [-Wdeprecated-declarations]
2026-10-01T18:12:14.1017260Z  3355 |   auto temp = unsafe_arena_release_cos_config();
2026-10-01T18:12:14.1197508Z       |               ~~~~~~~~~~~~~~~~~~~~~~~~~~~~~~~^~
2026-10-01T18:12:14.1317472Z /tmp/build-agent/generated/hotmethod.pb.h:467:47: note: declared here
2026-10-01T18:12:14.1407630Z   467 |   PROTOBUF_DEPRECATED ::mini_drop::CosConfig* unsafe_arena_release_cos_config();
2026-10-01T18:12:14.1527417Z       |                                               ^~~~~~~~~~~~~~~~~~~~~~~~~~~~~~~
2026-10-01T18:12:14.1619340Z In file included from /tmp/build-agent/generated/hotmethod.grpc.pb.cc:5:
2026-10-01T18:12:14.1718466Z /tmp/build-agent/generated/hotmethod.pb.h: In member function ‘mini_drop::RecordArgv* mini_drop::TaskDesc::release_sample_argv()’:
2026-10-01T18:12:14.1820004Z /tmp/build-agent/generated/hotmethod.pb.h:3159:47: warning: ‘mini_drop::RecordArgv* mini_drop::TaskDesc::unsafe_arena_release_sample_argv()’ is deprecated [-Wdeprecated-declarations]
2026-10-01T18:12:14.1937378Z  3159 |   auto temp = unsafe_arena_release_sample_argv();
2026-10-01T18:12:14.2057272Z       |               ~~~~~~~~~~~~~~~~~~~~~~~~~~~~~~~~^~
2026-10-01T18:12:14.2137617Z /tmp/build-agent/generated/hotmethod.pb.h:449:48: note: declared here
2026-10-01T18:12:14.2236592Z   449 |   PROTOBUF_DEPRECATED ::mini_drop::RecordArgv* unsafe_arena_release_sample_argv();
2026-10-01T18:12:14.2357479Z       |                                                ^~~~~~~~~~~~~~~~~~~~~~~~~~~~~~~~
2026-10-01T18:12:14.2368069Z [ 91%] Built target runtime-guard-test
2026-10-01T18:12:14.2448180Z /tmp/build-agent/generated/hotmethod.pb.h: In member function ‘mini_drop::CosConfig* mini_drop::TaskDesc::release_cos_config()’:
2026-10-01T18:12:14.2548143Z /tmp/build-agent/generated/hotmethod.pb.h:3355:46: warning: ‘mini_drop::CosConfig* mini_drop::TaskDesc::unsafe_arena_release_cos_config()’ is deprecated [-Wdeprecated-declarations]
2026-10-01T18:12:14.2657270Z  3355 |   auto temp = unsafe_arena_release_cos_config();
2026-10-01T18:12:14.2747264Z       |               ~~~~~~~~~~~~~~~~~~~~~~~~~~~~~~~^~
2026-10-01T18:12:14.2837286Z /tmp/build-agent/generated/hotmethod.pb.h:467:47: note: declared here
2026-10-01T18:12:14.2907353Z   467 |   PROTOBUF_DEPRECATED ::mini_drop::CosConfig* unsafe_arena_release_cos_config();
2026-10-01T18:12:14.3017623Z       |                                               ^~~~~~~~~~~~~~~~~~~~~~~~~~~~~~~
2026-10-01T18:12:14.3057214Z In file included from /tmp/build-agent/generated/hotmethod.pb.cc:4:
2026-10-01T18:12:14.3168337Z /tmp/build-agent/generated/hotmethod.pb.h: In member function ‘mini_drop::RecordArgv* mini_drop::TaskDesc::release_sample_argv()’:
2026-10-01T18:12:14.3258132Z /tmp/build-agent/generated/hotmethod.pb.h:3159:47: warning: ‘mini_drop::RecordArgv* mini_drop::TaskDesc::unsafe_arena_release_sample_argv()’ is deprecated [-Wdeprecated-declarations]
2026-10-01T18:12:14.3357280Z  3159 |   auto temp = unsafe_arena_release_sample_argv();
2026-10-01T18:12:14.3447237Z       |               ~~~~~~~~~~~~~~~~~~~~~~~~~~~~~~~~^~
2026-10-01T18:12:14.3543239Z /tmp/build-agent/generated/hotmethod.pb.h:449:48: note: declared here
2026-10-01T18:12:14.3624978Z   449 |   PROTOBUF_DEPRECATED ::mini_drop::RecordArgv* unsafe_arena_release_sample_argv();
2026-10-01T18:12:14.3679478Z       |                                                ^~~~~~~~~~~~~~~~~~~~~~~~~~~~~~~~
2026-10-01T18:12:14.3798166Z /tmp/build-agent/generated/hotmethod.pb.h: In member function ‘mini_drop::CosConfig* mini_drop::TaskDesc::release_cos_config()’:
2026-10-01T18:12:14.3898196Z /tmp/build-agent/generated/hotmethod.pb.h:3355:46: warning: ‘mini_drop::CosConfig* mini_drop::TaskDesc::unsafe_arena_release_cos_config()’ is deprecated [-Wdeprecated-declarations]
2026-10-01T18:12:14.3977215Z  3355 |   auto temp = unsafe_arena_release_cos_config();
2026-10-01T18:12:14.4097203Z       |               ~~~~~~~~~~~~~~~~~~~~~~~~~~~~~~~^~
2026-10-01T18:12:14.4187412Z /tmp/build-agent/generated/hotmethod.pb.h:467:47: note: declared here
2026-10-01T18:12:14.4267445Z   467 |   PROTOBUF_DEPRECATED ::mini_drop::CosConfig* unsafe_arena_release_cos_config();
2026-10-01T18:12:14.4327423Z       |                                               ^~~~~~~~~~~~~~~~~~~~~~~~~~~~~~~
2026-10-01T18:12:14.4427342Z In file included from /tmp/build-agent/generated/healthcheck.pb.h:37,
2026-10-01T18:12:14.4547413Z                  from /tmp/build-agent/generated/healthcheck.grpc.pb.cc:5:
2026-10-01T18:12:14.4578341Z /tmp/build-agent/generated/hotmethod.pb.h: In member function ‘mini_drop::RecordArgv* mini_drop::TaskDesc::release_sample_argv()’:
2026-10-01T18:12:14.4698298Z /tmp/build-agent/generated/hotmethod.pb.h:3159:47: warning: ‘mini_drop::RecordArgv* mini_drop::TaskDesc::unsafe_arena_release_sample_argv()’ is deprecated [-Wdeprecated-declarations]
2026-10-01T18:12:14.4757198Z  3159 |   auto temp = unsafe_arena_release_sample_argv();
2026-10-01T18:12:14.4847114Z       |               ~~~~~~~~~~~~~~~~~~~~~~~~~~~~~~~~^~
2026-10-01T18:12:14.4937359Z /tmp/build-agent/generated/hotmethod.pb.h:449:48: note: declared here
2026-10-01T18:12:14.5017585Z   449 |   PROTOBUF_DEPRECATED ::mini_drop::RecordArgv* unsafe_arena_release_sample_argv();
2026-10-01T18:12:14.5087161Z       |                                                ^~~~~~~~~~~~~~~~~~~~~~~~~~~~~~~~
2026-10-01T18:12:14.5198358Z /tmp/build-agent/generated/hotmethod.pb.h: In member function ‘mini_drop::CosConfig* mini_drop::TaskDesc::release_cos_config()’:
2026-10-01T18:12:14.5288305Z /tmp/build-agent/generated/hotmethod.pb.h:3355:46: warning: ‘mini_drop::CosConfig* mini_drop::TaskDesc::unsafe_arena_release_cos_config()’ is deprecated [-Wdeprecated-declarations]
2026-10-01T18:12:14.5357289Z  3355 |   auto temp = unsafe_arena_release_cos_config();
2026-10-01T18:12:14.5457372Z       |               ~~~~~~~~~~~~~~~~~~~~~~~~~~~~~~~^~
2026-10-01T18:12:14.5527334Z /tmp/build-agent/generated/hotmethod.pb.h:467:47: note: declared here
2026-10-01T18:12:14.5617412Z   467 |   PROTOBUF_DEPRECATED ::mini_drop::CosConfig* unsafe_arena_release_cos_config();
2026-10-01T18:12:14.5707219Z       |                                               ^~~~~~~~~~~~~~~~~~~~~~~~~~~~~~~
2026-10-01T18:12:14.5818565Z /tmp/build-agent/generated/hotmethod.pb.cc: In member function ‘virtual google::protobuf::uint8* mini_drop::TaskDesc::_InternalSerialize(google::protobuf::uint8*, google::protobuf::io::EpsCopyOutputStream*) const’:
2026-10-01T18:12:14.5858311Z /tmp/build-agent/generated/hotmethod.pb.cc:1228:28: warning: ‘bool mini_drop::TaskDesc::has_sample_argv() const’ is deprecated [-Wdeprecated-declarations]
2026-10-01T18:12:14.5967231Z  1228 |   if (this->has_sample_argv()) {
2026-10-01T18:12:14.6057107Z       |       ~~~~~~~~~~~~~~~~~~~~~^~
2026-10-01T18:12:14.6147319Z In file included from /tmp/build-agent/generated/hotmethod.pb.cc:4:
2026-10-01T18:12:14.6227385Z /tmp/build-agent/generated/hotmethod.pb.h:3127:13: note: declared here
2026-10-01T18:12:14.6290544Z  3127 | inline bool TaskDesc::has_sample_argv() const {
2026-10-01T18:12:14.6377100Z       |             ^~~~~~~~
2026-10-01T18:12:14.6468222Z /tmp/build-agent/generated/hotmethod.pb.cc:1258:27: warning: ‘bool mini_drop::TaskDesc::has_cos_config() const’ is deprecated [-Wdeprecated-declarations]
2026-10-01T18:12:14.6567163Z  1258 |   if (this->has_cos_config()) {
2026-10-01T18:12:14.6657087Z       |       ~~~~~~~~~~~~~~~~~~~~^~
2026-10-01T18:12:14.6717400Z In file included from /tmp/build-agent/generated/hotmethod.pb.cc:4:
2026-10-01T18:12:14.6806770Z /tmp/build-agent/generated/hotmethod.pb.h:3329:13: note: declared here
2026-10-01T18:12:14.6917288Z  3329 | inline bool TaskDesc::has_cos_config() const {
2026-10-01T18:12:14.6987131Z       |             ^~~~~~~~
2026-10-01T18:12:14.7058106Z /tmp/build-agent/generated/hotmethod.pb.cc: In member function ‘virtual size_t mini_drop::TaskDesc::ByteSizeLong() const’:
2026-10-01T18:12:14.7168352Z /tmp/build-agent/generated/hotmethod.pb.cc:1451:28: warning: ‘bool mini_drop::TaskDesc::has_sample_argv() const’ is deprecated [-Wdeprecated-declarations]
2026-10-01T18:12:14.7247191Z  1451 |   if (this->has_sample_argv()) {
2026-10-01T18:12:14.7317272Z       |       ~~~~~~~~~~~~~~~~~~~~~^~
2026-10-01T18:12:14.7407428Z In file included from /tmp/build-agent/generated/hotmethod.pb.cc:4:
2026-10-01T18:12:14.7477338Z /tmp/build-agent/generated/hotmethod.pb.h:3127:13: note: declared here
2026-10-01T18:12:14.7587305Z  3127 | inline bool TaskDesc::has_sample_argv() const {
2026-10-01T18:12:14.7677179Z       |             ^~~~~~~~
2026-10-01T18:12:14.7768108Z /tmp/build-agent/generated/hotmethod.pb.cc:1458:27: warning: ‘bool mini_drop::TaskDesc::has_cos_config() const’ is deprecated [-Wdeprecated-declarations]
2026-10-01T18:12:14.7857215Z  1458 |   if (this->has_cos_config()) {
2026-10-01T18:12:14.7917266Z       |       ~~~~~~~~~~~~~~~~~~~~^~
2026-10-01T18:12:14.8037376Z In file included from /tmp/build-agent/generated/hotmethod.pb.cc:4:
2026-10-01T18:12:14.8127352Z /tmp/build-agent/generated/hotmethod.pb.h:3329:13: note: declared here
2026-10-01T18:12:14.8157299Z  3329 | inline bool TaskDesc::has_cos_config() const {
2026-10-01T18:12:14.8277150Z       |             ^~~~~~~~
2026-10-01T18:12:14.8347329Z /tmp/build-agent/generated/hotmethod.pb.cc: In member function ‘void mini_drop::TaskDesc::MergeFrom(const mini_drop::TaskDesc&)’:
2026-10-01T18:12:14.8428039Z /tmp/build-agent/generated/hotmethod.pb.cc:1609:27: warning: ‘bool mini_drop::TaskDesc::has_sample_argv() const’ is deprecated [-Wdeprecated-declarations]
2026-10-01T18:12:14.8517352Z  1609 |   if (from.has_sample_argv()) {
2026-10-01T18:12:14.8607261Z       |       ~~~~~~~~~~~~~~~~~~~~^~
2026-10-01T18:12:14.8687311Z In file included from /tmp/build-agent/generated/hotmethod.pb.cc:4:
2026-10-01T18:12:14.8777360Z /tmp/build-agent/generated/hotmethod.pb.h:3127:13: note: declared here
2026-10-01T18:12:14.8867311Z  3127 | inline bool TaskDesc::has_sample_argv() const {
2026-10-01T18:12:14.8967172Z       |             ^~~~~~~~
2026-10-01T18:12:14.9028119Z /tmp/build-agent/generated/hotmethod.pb.cc:1612:26: warning: ‘bool mini_drop::TaskDesc::has_cos_config() const’ is deprecated [-Wdeprecated-declarations]
2026-10-01T18:12:14.9117249Z  1612 |   if (from.has_cos_config()) {
2026-10-01T18:12:14.9197103Z       |       ~~~~~~~~~~~~~~~~~~~^~
2026-10-01T18:12:14.9287271Z In file included from /tmp/build-agent/generated/hotmethod.pb.cc:4:
2026-10-01T18:12:14.9387693Z /tmp/build-agent/generated/hotmethod.pb.h:3329:13: note: declared here
2026-10-01T18:12:14.9477250Z  3329 | inline bool TaskDesc::has_cos_config() const {
2026-10-01T18:12:14.9567173Z       |             ^~~~~~~~
2026-10-01T18:12:15.0027878Z In file included from /tmp/build-agent/generated/healthcheck.pb.h:37,
2026-10-01T18:12:15.0107403Z                  from /tmp/build-agent/generated/healthcheck.grpc.pb.h:15,
2026-10-01T18:12:15.0287526Z                  from /home/runner/work/mini-drop/mini-drop/native/agent/src/main.cpp:10:
2026-10-01T18:12:15.0378331Z /tmp/build-agent/generated/hotmethod.pb.h: In member function ‘mini_drop::RecordArgv* mini_drop::TaskDesc::release_sample_argv()’:
2026-10-01T18:12:15.0518668Z /tmp/build-agent/generated/hotmethod.pb.h:3159:47: warning: ‘mini_drop::RecordArgv* mini_drop::TaskDesc::unsafe_arena_release_sample_argv()’ is deprecated [-Wdeprecated-declarations]
2026-10-01T18:12:15.0647491Z  3159 |   auto temp = unsafe_arena_release_sample_argv();
2026-10-01T18:12:15.0757292Z       |               ~~~~~~~~~~~~~~~~~~~~~~~~~~~~~~~~^~
2026-10-01T18:12:15.0907481Z /tmp/build-agent/generated/hotmethod.pb.h:449:48: note: declared here
2026-10-01T18:12:15.1027673Z   449 |   PROTOBUF_DEPRECATED ::mini_drop::RecordArgv* unsafe_arena_release_sample_argv();
2026-10-01T18:12:15.1157459Z       |                                                ^~~~~~~~~~~~~~~~~~~~~~~~~~~~~~~~
2026-10-01T18:12:15.1248109Z /tmp/build-agent/generated/hotmethod.pb.h: In member function ‘mini_drop::CosConfig* mini_drop::TaskDesc::release_cos_config()’:
2026-10-01T18:12:15.1338143Z /tmp/build-agent/generated/hotmethod.pb.h:3355:46: warning: ‘mini_drop::CosConfig* mini_drop::TaskDesc::unsafe_arena_release_cos_config()’ is deprecated [-Wdeprecated-declarations]
2026-10-01T18:12:15.1477424Z  3355 |   auto temp = unsafe_arena_release_cos_config();
2026-10-01T18:12:15.1587215Z       |               ~~~~~~~~~~~~~~~~~~~~~~~~~~~~~~~^~
2026-10-01T18:12:15.1657365Z /tmp/build-agent/generated/hotmethod.pb.h:467:47: note: declared here
2026-10-01T18:12:15.1747573Z   467 |   PROTOBUF_DEPRECATED ::mini_drop::CosConfig* unsafe_arena_release_cos_config();
2026-10-01T18:12:15.1857236Z       |                                               ^~~~~~~~~~~~~~~~~~~~~~~~~~~~~~~
2026-10-01T18:12:18.0768520Z /home/runner/work/mini-drop/mini-drop/native/agent/src/main.cpp: In function ‘mini_drop_native::Task {anonymous}::task_from_proto(const mini_drop::TaskDesc&)’:
2026-10-01T18:12:18.0828435Z /home/runner/work/mini-drop/mini-drop/native/agent/src/main.cpp:570:27: warning: ‘bool mini_drop::TaskDesc::has_sample_argv() const’ is deprecated [-Wdeprecated-declarations]
2026-10-01T18:12:18.0907203Z   570 |   if (desc.has_sample_argv()) {
2026-10-01T18:12:18.0977168Z       |       ~~~~~~~~~~~~~~~~~~~~^~
2026-10-01T18:12:18.1037132Z In file included from /tmp/build-agent/generated/healthcheck.pb.h:37,
2026-10-01T18:12:18.1087203Z                  from /tmp/build-agent/generated/healthcheck.grpc.pb.h:15,
2026-10-01T18:12:18.1157247Z                  from /home/runner/work/mini-drop/mini-drop/native/agent/src/main.cpp:10:
2026-10-01T18:12:18.1207158Z /tmp/build-agent/generated/hotmethod.pb.h:3127:13: note: declared here
2026-10-01T18:12:18.1297070Z  3127 | inline bool TaskDesc::has_sample_argv() const {
2026-10-01T18:12:18.1356939Z       |             ^~~~~~~~
2026-10-01T18:12:18.1418169Z /home/runner/work/mini-drop/mini-drop/native/agent/src/main.cpp:571:32: warning: ‘const mini_drop::RecordArgv& mini_drop::TaskDesc::sample_argv() const’ is deprecated [-Wdeprecated-declarations]
2026-10-01T18:12:18.1477291Z   571 |     task.pid = desc.sample_argv().pid();
2026-10-01T18:12:18.1537036Z       |                ~~~~~~~~~~~~~~~~^~
2026-10-01T18:12:18.1617275Z In file included from /tmp/build-agent/generated/healthcheck.pb.h:37,
2026-10-01T18:12:18.1687085Z                  from /tmp/build-agent/generated/healthcheck.grpc.pb.h:15,
2026-10-01T18:12:18.1747113Z                  from /home/runner/work/mini-drop/mini-drop/native/agent/src/main.cpp:10:
2026-10-01T18:12:18.1777597Z /tmp/build-agent/generated/hotmethod.pb.h:3141:39: note: declared here
2026-10-01T18:12:18.1778277Z  3141 | inline const ::mini_drop::RecordArgv& TaskDesc::sample_argv() const {
2026-10-01T18:12:18.1778777Z       |                                       ^~~~~~~~
2026-10-01T18:12:18.1780259Z /home/runner/work/mini-drop/mini-drop/native/agent/src/main.cpp:572:48: warning: ‘const mini_drop::RecordArgv& mini_drop::TaskDesc::sample_argv() const’ is deprecated [-Wdeprecated-declarations]
2026-10-01T18:12:18.1781340Z   572 |     task.hz = static_cast<int>(desc.sample_argv().hz());
2026-10-01T18:12:18.1781757Z       |                                ~~~~~~~~~~~~~~~~^~
2026-10-01T18:12:18.1782209Z In file included from /tmp/build-agent/generated/healthcheck.pb.h:37,
2026-10-01T18:12:18.1782761Z                  from /tmp/build-agent/generated/healthcheck.grpc.pb.h:15,
2026-10-01T18:12:18.1783354Z                  from /home/runner/work/mini-drop/mini-drop/native/agent/src/main.cpp:10:
2026-10-01T18:12:18.1783982Z /tmp/build-agent/generated/hotmethod.pb.h:3141:39: note: declared here
2026-10-01T18:12:18.1784573Z  3141 | inline const ::mini_drop::RecordArgv& TaskDesc::sample_argv() const {
2026-10-01T18:12:18.1785349Z       |                                       ^~~~~~~~
2026-10-01T18:12:18.1786865Z /home/runner/work/mini-drop/mini-drop/native/agent/src/main.cpp:573:54: warning: ‘const mini_drop::RecordArgv& mini_drop::TaskDesc::sample_argv() const’ is deprecated [-Wdeprecated-declarations]
2026-10-01T18:12:18.1857893Z   573 |     task.duration = static_cast<int>(desc.sample_argv().duration());
2026-10-01T18:12:18.1906970Z       |                                      ~~~~~~~~~~~~~~~~^~
2026-10-01T18:12:18.1987182Z In file included from /tmp/build-agent/generated/healthcheck.pb.h:37,
2026-10-01T18:12:18.2057190Z                  from /tmp/build-agent/generated/healthcheck.grpc.pb.h:15,
2026-10-01T18:12:18.2087082Z                  from /home/runner/work/mini-drop/mini-drop/native/agent/src/main.cpp:10:
2026-10-01T18:12:18.2167288Z /tmp/build-agent/generated/hotmethod.pb.h:3141:39: note: declared here
2026-10-01T18:12:18.2237203Z  3141 | inline const ::mini_drop::RecordArgv& TaskDesc::sample_argv() const {
2026-10-01T18:12:18.2297114Z       |                                       ^~~~~~~~
2026-10-01T18:12:18.2358365Z /home/runner/work/mini-drop/mini-drop/native/agent/src/main.cpp:574:38: warning: ‘const mini_drop::RecordArgv& mini_drop::TaskDesc::sample_argv() const’ is deprecated [-Wdeprecated-declarations]
2026-10-01T18:12:18.2417163Z   574 |     task.callgraph = desc.sample_argv().callgraph();
2026-10-01T18:12:18.2497227Z       |                      ~~~~~~~~~~~~~~~~^~
2026-10-01T18:12:18.2557220Z In file included from /tmp/build-agent/generated/healthcheck.pb.h:37,
2026-10-01T18:12:18.2617248Z                  from /tmp/build-agent/generated/healthcheck.grpc.pb.h:15,
2026-10-01T18:12:18.2707231Z                  from /home/runner/work/mini-drop/mini-drop/native/agent/src/main.cpp:10:
2026-10-01T18:12:18.2747270Z /tmp/build-agent/generated/hotmethod.pb.h:3141:39: note: declared here
2026-10-01T18:12:18.2797321Z  3141 | inline const ::mini_drop::RecordArgv& TaskDesc::sample_argv() const {
2026-10-01T18:12:18.2857129Z       |                                       ^~~~~~~~
2026-10-01T18:12:18.2928363Z /home/runner/work/mini-drop/mini-drop/native/agent/src/main.cpp:575:34: warning: ‘const mini_drop::RecordArgv& mini_drop::TaskDesc::sample_argv() const’ is deprecated [-Wdeprecated-declarations]
2026-10-01T18:12:18.3007137Z   575 |     task.event = desc.sample_argv().event();
2026-10-01T18:12:18.3067145Z       |                  ~~~~~~~~~~~~~~~~^~
2026-10-01T18:12:18.3127355Z In file included from /tmp/build-agent/generated/healthcheck.pb.h:37,
2026-10-01T18:12:18.3197163Z                  from /tmp/build-agent/generated/healthcheck.grpc.pb.h:15,
2026-10-01T18:12:18.3257265Z                  from /home/runner/work/mini-drop/mini-drop/native/agent/src/main.cpp:10:
2026-10-01T18:12:18.3317200Z /tmp/build-agent/generated/hotmethod.pb.h:3141:39: note: declared here
2026-10-01T18:12:18.3377592Z  3141 | inline const ::mini_drop::RecordArgv& TaskDesc::sample_argv() const {
2026-10-01T18:12:18.3437020Z       |                                       ^~~~~~~~
2026-10-01T18:12:19.0737465Z [ 94%] Linking CXX executable result-outbox-test
2026-10-01T18:12:19.3667420Z [ 94%] Built target result-outbox-test
2026-10-01T18:12:20.3997827Z [ 97%] Linking CXX executable process-snapshot-test
2026-10-01T18:12:20.5992841Z [ 97%] Built target process-snapshot-test
2026-10-01T18:12:22.6357002Z [100%] Linking CXX executable mini-drop-native-agent
2026-10-01T18:12:22.7551169Z [100%] Built target mini-drop-native-agent
2026-10-01T18:12:22.7673576Z ##[group]Run ctest --test-dir /tmp/build-agent --output-on-failure --no-tests=error --output-junit /tmp/build-agent/ctest.xml
2026-10-01T18:12:22.7674269Z [36;1mctest --test-dir /tmp/build-agent --output-on-failure --no-tests=error --output-junit /tmp/build-agent/ctest.xml[0m
2026-10-01T18:12:22.7735177Z shell: /usr/bin/bash -e {0}
2026-10-01T18:12:22.7735389Z ##[endgroup]
2026-10-01T18:12:22.9917059Z Internal ctest changing into directory: /tmp/build-agent
2026-10-01T18:12:22.9918527Z Test project /tmp/build-agent
2026-10-01T18:12:22.9923934Z     Start 1: self-metrics-test
2026-10-01T18:12:22.9942511Z 1/5 Test #1: self-metrics-test ................   Passed    0.00 sec
2026-10-01T18:12:22.9943000Z     Start 2: result-outbox-test
2026-10-01T18:12:23.0106310Z 2/5 Test #2: result-outbox-test ...............   Passed    0.02 sec
2026-10-01T18:12:23.0107111Z     Start 3: process-snapshot-test
2026-10-01T18:12:23.0192402Z 3/5 Test #3: process-snapshot-test ............   Passed    0.01 sec
2026-10-01T18:12:23.0193044Z     Start 4: perf-samples-test
2026-10-01T18:12:23.0228851Z 4/5 Test #4: perf-samples-test ................   Passed    0.00 sec
2026-10-01T18:12:23.0229453Z     Start 5: runtime-guard-test
2026-10-01T18:12:23.0256610Z 5/5 Test #5: runtime-guard-test ...............   Passed    0.00 sec
2026-10-01T18:12:23.0264656Z 
2026-10-01T18:12:23.0264808Z 100% tests passed, 0 tests failed out of 5
2026-10-01T18:12:23.0265062Z 
2026-10-01T18:12:23.0265206Z Total Test time (real) =   0.03 sec
2026-10-01T18:12:23.0322588Z ##[group]Run actions/upload-artifact@v4
2026-10-01T18:12:23.0322819Z with:
2026-10-01T18:12:23.0323073Z   name: native-agent-binary-bcc12e60941ac0bff3820411a2eaaa7cd823ec9b-1
2026-10-01T18:12:23.0323466Z   path: /tmp/build-agent/mini-drop-native-agent
/tmp/build-agent/ctest.xml

2026-10-01T18:12:23.0323771Z   if-no-files-found: error
2026-10-01T18:12:23.0323960Z   retention-days: 14
2026-10-01T18:12:23.0324136Z   compression-level: 6
2026-10-01T18:12:23.0324311Z   overwrite: false
2026-10-01T18:12:23.0324489Z   include-hidden-files: false
2026-10-01T18:12:23.0324679Z ##[endgroup]
2026-10-01T18:12:23.1753802Z (node:3102) [DEP0040] DeprecationWarning: The `punycode` module is deprecated. Please use a userland alternative instead.
2026-10-01T18:12:23.1754753Z (Use `node --trace-deprecation ...` to show where the warning was created)
2026-10-01T18:12:23.1818268Z Multiple search paths detected. Calculating the least common ancestor of all paths
2026-10-01T18:12:23.1820399Z The least common ancestor is /tmp/build-agent. This will be the root directory of the artifact
2026-10-01T18:12:23.1821245Z With the provided path, there will be 2 files uploaded
2026-10-01T18:12:23.1824963Z Artifact name is valid!
2026-10-01T18:12:23.1825566Z Root directory input is valid!
2026-10-01T18:12:23.5343562Z Beginning upload of artifact content to blob storage
2026-10-01T18:12:23.5880829Z (node:3102) [DEP0169] DeprecationWarning: `url.parse()` behavior is not standardized and prone to errors that have security implications. Use the WHATWG URL API instead. CVEs are not issued for `url.parse()` vulnerabilities.
2026-10-01T18:12:24.0372652Z Uploaded bytes 437835
2026-10-01T18:12:24.1006606Z Finished uploading artifact content to blob storage!
2026-10-01T18:12:24.1007299Z SHA256 digest of uploaded artifact zip is 6975307fb5f2a0aa123b04ac6e678aa1c150f3184098193f7571b3b37811eb3d
2026-10-01T18:12:24.1008973Z Finalizing artifact upload
2026-10-01T18:12:24.3813604Z Artifact native-agent-binary-bcc12e60941ac0bff3820411a2eaaa7cd823ec9b-1.zip successfully finalized. Artifact ID 11182544932
2026-10-01T18:12:24.3814529Z Artifact native-agent-binary-bcc12e60941ac0bff3820411a2eaaa7cd823ec9b-1 has been successfully uploaded! Final size is 437835 bytes. Artifact ID is 11182544932
2026-10-01T18:12:24.3820154Z Artifact download URL: https://github.com/llongwang751-arch/mini-drop/actions/runs/36904602187/artifacts/11182544932
2026-10-01T18:12:24.3998000Z Post job cleanup.
2026-10-01T18:12:24.4707224Z [command]/usr/bin/git version
2026-10-01T18:12:24.4741582Z git version 2.55.0
2026-10-01T18:12:24.4769479Z Temporarily overriding HOME='/home/runner/work/_temp/9d3c4856-af17-4b27-a2c6-2b9ed7a4577a' before making global git config changes
2026-10-01T18:12:24.4770531Z Adding repository directory to the temporary git global config as a safe directory
2026-10-01T18:12:24.4774238Z [command]/usr/bin/git config --global --add safe.directory /home/runner/work/mini-drop/mini-drop
2026-10-01T18:12:24.4805552Z [command]/usr/bin/git config --local --name-only --get-regexp core\.sshCommand
2026-10-01T18:12:24.4836302Z [command]/usr/bin/git submodule foreach --recursive sh -c "git config --local --name-only --get-regexp 'core\.sshCommand' && git config --local --unset-all 'core.sshCommand' || :"
2026-10-01T18:12:24.5071536Z [command]/usr/bin/git config --local --name-only --get-regexp http\.https\:\/\/github\.com\/\.extraheader
2026-10-01T18:12:24.5095888Z http.https://github.com/.extraheader
2026-10-01T18:12:24.5114781Z [command]/usr/bin/git config --local --unset-all http.https://github.com/.extraheader
2026-10-01T18:12:24.5148744Z [command]/usr/bin/git submodule foreach --recursive sh -c "git config --local --name-only --get-regexp 'http\.https\:\/\/github\.com\/\.extraheader' && git config --local --unset-all 'http.https://github.com/.extraheader' || :"
2026-10-01T18:12:24.5396738Z [command]/usr/bin/git config --local --name-only --get-regexp ^includeIf\.gitdir:
2026-10-01T18:12:24.5439246Z [command]/usr/bin/git submodule foreach --recursive git config --local --show-origin --name-only --get-regexp remote.origin.url
2026-10-01T18:12:24.5842831Z Cleaning up orphan processes
2026-10-01T18:12:24.6187163Z ##[warning]Node.js 20 is deprecated. The following actions target Node.js 20 but are being forced to run on Node.js 24: actions/checkout@v4, actions/upload-artifact@v4. For more information see: https://github.blog/changelog/2025-09-19-deprecation-of-node-20-on-github-actions-runners/
