........................................................................ [  3%]
........................................................................ [  6%]
........................................................................ [  9%]
........................................................................ [ 13%]
........................................................................ [ 16%]
........................................................................ [ 19%]
........................................................................ [ 23%]
........................................................................ [ 26%]
..........................................................ssssss........ [ 29%]
........................................................................ [ 33%]
........................................................................ [ 36%]
........................................................................ [ 39%]
...................................................ssssss............... [ 43%]
........................................................................ [ 46%]
........................................................................ [ 49%]
........................................................................ [ 52%]
........................................................................ [ 56%]
........................................................................ [ 59%]
..................ss.................................................... [ 62%]
...........................................FFF.....FF...EEEEEEEEEEEEEE.. [ 66%]
........................................................................ [ 69%]
........................................................................ [ 72%]
........................................................................ [ 76%]
........................................................................ [ 79%]
........................................................................ [ 82%]
........................................................................ [ 86%]
........................................................................ [ 89%]
........................................................................ [ 92%]
........................................................................ [ 96%]
..........s.s........................................................... [ 99%]
...............                                                          [100%]
==================================== ERRORS ====================================
_ ERROR at setup of test_scope_server_route_and_failure_denominator_cannot_be_relabelled[scope-LIVE_CAUSAL_ACCURACY] _

tmp_path = PosixPath('/home/runner/work/mini-drop/mini-drop/output/quality-python/python-all/tmp/test_scope_server_route_and_fa0')
monkeypatch = <_pytest.monkeypatch.MonkeyPatch object at 0x7f7062b25290>

    @pytest.fixture
    def synthetic_report(tmp_path, monkeypatch):
        """All 32 are synthetic TIMEOUTs; retrieval is a protocol stub, never scored live."""
        monkeypatch.setattr(evaluation, "bm25_record", lambda *args, **kwargs: empty_retrieval())
>       manifest, questions = evaluation.validate_freeze()
                              ^^^^^^^^^^^^^^^^^^^^^^^^^^^^

tests/test_planning_boundary_v3.py:110: 
_ _ _ _ _ _ _ _ _ _ _ _ _ _ _ _ _ _ _ _ _ _ _ _ _ _ _ _ _ _ _ _ _ _ _ _ _ _ _ _ 

root = PosixPath('/home/runner/work/mini-drop/mini-drop')

    def validate_freeze(root=ROOT):
        raw = (root / (PREFIX + "manifest.json")).read_bytes()
        if sha(raw) != MANIFEST_SHA:
            raise ValueError("frozen manifest changed")
        manifest = json.loads(raw)
        for suffix, key in (("public", "question_sha256"), ("private", "oracle_sha256")):
            if sha((root / (PREFIX + suffix + ".json")).read_bytes()) != manifest[key]:
                raise ValueError("frozen question or truth changed")
        for name, digest in manifest["previous_question_pins"].items():
            if sha((root / name).read_bytes()) != digest:
>               raise ValueError("previous frozen question bytes changed")
E               ValueError: previous frozen question bytes changed

scripts/evaluate_planning_boundary_v3.py:80: ValueError
_ ERROR at setup of test_scope_server_route_and_failure_denominator_cannot_be_relabelled[third_party_independent_author-True] _

tmp_path = PosixPath('/home/runner/work/mini-drop/mini-drop/output/quality-python/python-all/tmp/test_scope_server_route_and_fa1')
monkeypatch = <_pytest.monkeypatch.MonkeyPatch object at 0x7f7063b18450>

    @pytest.fixture
    def synthetic_report(tmp_path, monkeypatch):
        """All 32 are synthetic TIMEOUTs; retrieval is a protocol stub, never scored live."""
        monkeypatch.setattr(evaluation, "bm25_record", lambda *args, **kwargs: empty_retrieval())
>       manifest, questions = evaluation.validate_freeze()
                              ^^^^^^^^^^^^^^^^^^^^^^^^^^^^

tests/test_planning_boundary_v3.py:110: 
_ _ _ _ _ _ _ _ _ _ _ _ _ _ _ _ _ _ _ _ _ _ _ _ _ _ _ _ _ _ _ _ _ _ _ _ _ _ _ _ 

root = PosixPath('/home/runner/work/mini-drop/mini-drop')

    def validate_freeze(root=ROOT):
        raw = (root / (PREFIX + "manifest.json")).read_bytes()
        if sha(raw) != MANIFEST_SHA:
            raise ValueError("frozen manifest changed")
        manifest = json.loads(raw)
        for suffix, key in (("public", "question_sha256"), ("private", "oracle_sha256")):
            if sha((root / (PREFIX + suffix + ".json")).read_bytes()) != manifest[key]:
                raise ValueError("frozen question or truth changed")
        for name, digest in manifest["previous_question_pins"].items():
            if sha((root / name).read_bytes()) != digest:
>               raise ValueError("previous frozen question bytes changed")
E               ValueError: previous frozen question bytes changed

scripts/evaluate_planning_boundary_v3.py:80: ValueError
_ ERROR at setup of test_scope_server_route_and_failure_denominator_cannot_be_relabelled[actual_langgraph_agent_execution-True] _

tmp_path = PosixPath('/home/runner/work/mini-drop/mini-drop/output/quality-python/python-all/tmp/test_scope_server_route_and_fa2')
monkeypatch = <_pytest.monkeypatch.MonkeyPatch object at 0x7f707987bbd0>

    @pytest.fixture
    def synthetic_report(tmp_path, monkeypatch):
        """All 32 are synthetic TIMEOUTs; retrieval is a protocol stub, never scored live."""
        monkeypatch.setattr(evaluation, "bm25_record", lambda *args, **kwargs: empty_retrieval())
>       manifest, questions = evaluation.validate_freeze()
                              ^^^^^^^^^^^^^^^^^^^^^^^^^^^^

tests/test_planning_boundary_v3.py:110: 
_ _ _ _ _ _ _ _ _ _ _ _ _ _ _ _ _ _ _ _ _ _ _ _ _ _ _ _ _ _ _ _ _ _ _ _ _ _ _ _ 

root = PosixPath('/home/runner/work/mini-drop/mini-drop')

    def validate_freeze(root=ROOT):
        raw = (root / (PREFIX + "manifest.json")).read_bytes()
        if sha(raw) != MANIFEST_SHA:
            raise ValueError("frozen manifest changed")
        manifest = json.loads(raw)
        for suffix, key in (("public", "question_sha256"), ("private", "oracle_sha256")):
            if sha((root / (PREFIX + suffix + ".json")).read_bytes()) != manifest[key]:
                raise ValueError("frozen question or truth changed")
        for name, digest in manifest["previous_question_pins"].items():
            if sha((root / name).read_bytes()) != digest:
>               raise ValueError("previous frozen question bytes changed")
E               ValueError: previous frozen question bytes changed

scripts/evaluate_planning_boundary_v3.py:80: ValueError
_ ERROR at setup of test_scope_server_route_and_failure_denominator_cannot_be_relabelled[server_deterministic_route_counted_as_model-True] _

tmp_path = PosixPath('/home/runner/work/mini-drop/mini-drop/output/quality-python/python-all/tmp/test_scope_server_route_and_fa3')
monkeypatch = <_pytest.monkeypatch.MonkeyPatch object at 0x7f7073fcb910>

    @pytest.fixture
    def synthetic_report(tmp_path, monkeypatch):
        """All 32 are synthetic TIMEOUTs; retrieval is a protocol stub, never scored live."""
        monkeypatch.setattr(evaluation, "bm25_record", lambda *args, **kwargs: empty_retrieval())
>       manifest, questions = evaluation.validate_freeze()
                              ^^^^^^^^^^^^^^^^^^^^^^^^^^^^

tests/test_planning_boundary_v3.py:110: 
_ _ _ _ _ _ _ _ _ _ _ _ _ _ _ _ _ _ _ _ _ _ _ _ _ _ _ _ _ _ _ _ _ _ _ _ _ _ _ _ 

root = PosixPath('/home/runner/work/mini-drop/mini-drop')

    def validate_freeze(root=ROOT):
        raw = (root / (PREFIX + "manifest.json")).read_bytes()
        if sha(raw) != MANIFEST_SHA:
            raise ValueError("frozen manifest changed")
        manifest = json.loads(raw)
        for suffix, key in (("public", "question_sha256"), ("private", "oracle_sha256")):
            if sha((root / (PREFIX + suffix + ".json")).read_bytes()) != manifest[key]:
                raise ValueError("frozen question or truth changed")
        for name, digest in manifest["previous_question_pins"].items():
            if sha((root / name).read_bytes()) != digest:
>               raise ValueError("previous frozen question bytes changed")
E               ValueError: previous frozen question bytes changed

scripts/evaluate_planning_boundary_v3.py:80: ValueError
_ ERROR at setup of test_scope_server_route_and_failure_denominator_cannot_be_relabelled[retrieval_is_evidence-True] _

tmp_path = PosixPath('/home/runner/work/mini-drop/mini-drop/output/quality-python/python-all/tmp/test_scope_server_route_and_fa4')
monkeypatch = <_pytest.monkeypatch.MonkeyPatch object at 0x7f70703b5a10>

    @pytest.fixture
    def synthetic_report(tmp_path, monkeypatch):
        """All 32 are synthetic TIMEOUTs; retrieval is a protocol stub, never scored live."""
        monkeypatch.setattr(evaluation, "bm25_record", lambda *args, **kwargs: empty_retrieval())
>       manifest, questions = evaluation.validate_freeze()
                              ^^^^^^^^^^^^^^^^^^^^^^^^^^^^

tests/test_planning_boundary_v3.py:110: 
_ _ _ _ _ _ _ _ _ _ _ _ _ _ _ _ _ _ _ _ _ _ _ _ _ _ _ _ _ _ _ _ _ _ _ _ _ _ _ _ 

root = PosixPath('/home/runner/work/mini-drop/mini-drop')

    def validate_freeze(root=ROOT):
        raw = (root / (PREFIX + "manifest.json")).read_bytes()
        if sha(raw) != MANIFEST_SHA:
            raise ValueError("frozen manifest changed")
        manifest = json.loads(raw)
        for suffix, key in (("public", "question_sha256"), ("private", "oracle_sha256")):
            if sha((root / (PREFIX + suffix + ".json")).read_bytes()) != manifest[key]:
                raise ValueError("frozen question or truth changed")
        for name, digest in manifest["previous_question_pins"].items():
            if sha((root / name).read_bytes()) != digest:
>               raise ValueError("previous frozen question bytes changed")
E               ValueError: previous frozen question bytes changed

scripts/evaluate_planning_boundary_v3.py:80: ValueError
_ ERROR at setup of test_scope_server_route_and_failure_denominator_cannot_be_relabelled[retries-1] _

tmp_path = PosixPath('/home/runner/work/mini-drop/mini-drop/output/quality-python/python-all/tmp/test_scope_server_route_and_fa5')
monkeypatch = <_pytest.monkeypatch.MonkeyPatch object at 0x7f7063793110>

    @pytest.fixture
    def synthetic_report(tmp_path, monkeypatch):
        """All 32 are synthetic TIMEOUTs; retrieval is a protocol stub, never scored live."""
        monkeypatch.setattr(evaluation, "bm25_record", lambda *args, **kwargs: empty_retrieval())
>       manifest, questions = evaluation.validate_freeze()
                              ^^^^^^^^^^^^^^^^^^^^^^^^^^^^

tests/test_planning_boundary_v3.py:110: 
_ _ _ _ _ _ _ _ _ _ _ _ _ _ _ _ _ _ _ _ _ _ _ _ _ _ _ _ _ _ _ _ _ _ _ _ _ _ _ _ 

root = PosixPath('/home/runner/work/mini-drop/mini-drop')

    def validate_freeze(root=ROOT):
        raw = (root / (PREFIX + "manifest.json")).read_bytes()
        if sha(raw) != MANIFEST_SHA:
            raise ValueError("frozen manifest changed")
        manifest = json.loads(raw)
        for suffix, key in (("public", "question_sha256"), ("private", "oracle_sha256")):
            if sha((root / (PREFIX + suffix + ".json")).read_bytes()) != manifest[key]:
                raise ValueError("frozen question or truth changed")
        for name, digest in manifest["previous_question_pins"].items():
            if sha((root / name).read_bytes()) != digest:
>               raise ValueError("previous frozen question bytes changed")
E               ValueError: previous frozen question bytes changed

scripts/evaluate_planning_boundary_v3.py:80: ValueError
_ ERROR at setup of test_scope_server_route_and_failure_denominator_cannot_be_relabelled[chat_calls_attempted-31] _

tmp_path = PosixPath('/home/runner/work/mini-drop/mini-drop/output/quality-python/python-all/tmp/test_scope_server_route_and_fa6')
monkeypatch = <_pytest.monkeypatch.MonkeyPatch object at 0x7f7073eeded0>

    @pytest.fixture
    def synthetic_report(tmp_path, monkeypatch):
        """All 32 are synthetic TIMEOUTs; retrieval is a protocol stub, never scored live."""
        monkeypatch.setattr(evaluation, "bm25_record", lambda *args, **kwargs: empty_retrieval())
>       manifest, questions = evaluation.validate_freeze()
                              ^^^^^^^^^^^^^^^^^^^^^^^^^^^^

tests/test_planning_boundary_v3.py:110: 
_ _ _ _ _ _ _ _ _ _ _ _ _ _ _ _ _ _ _ _ _ _ _ _ _ _ _ _ _ _ _ _ _ _ _ _ _ _ _ _ 

root = PosixPath('/home/runner/work/mini-drop/mini-drop')

    def validate_freeze(root=ROOT):
        raw = (root / (PREFIX + "manifest.json")).read_bytes()
        if sha(raw) != MANIFEST_SHA:
            raise ValueError("frozen manifest changed")
        manifest = json.loads(raw)
        for suffix, key in (("public", "question_sha256"), ("private", "oracle_sha256")):
            if sha((root / (PREFIX + suffix + ".json")).read_bytes()) != manifest[key]:
                raise ValueError("frozen question or truth changed")
        for name, digest in manifest["previous_question_pins"].items():
            if sha((root / name).read_bytes()) != digest:
>               raise ValueError("previous frozen question bytes changed")
E               ValueError: previous frozen question bytes changed

scripts/evaluate_planning_boundary_v3.py:80: ValueError
_ ERROR at setup of test_repinned_evidence_cannot_forge_projection_or_new_policy[score] _

tmp_path = PosixPath('/home/runner/work/mini-drop/mini-drop/output/quality-python/python-all/tmp/test_repinned_evidence_cannot_0')
monkeypatch = <_pytest.monkeypatch.MonkeyPatch object at 0x7f7073873290>

    @pytest.fixture
    def synthetic_report(tmp_path, monkeypatch):
        """All 32 are synthetic TIMEOUTs; retrieval is a protocol stub, never scored live."""
        monkeypatch.setattr(evaluation, "bm25_record", lambda *args, **kwargs: empty_retrieval())
>       manifest, questions = evaluation.validate_freeze()
                              ^^^^^^^^^^^^^^^^^^^^^^^^^^^^

tests/test_planning_boundary_v3.py:110: 
_ _ _ _ _ _ _ _ _ _ _ _ _ _ _ _ _ _ _ _ _ _ _ _ _ _ _ _ _ _ _ _ _ _ _ _ _ _ _ _ 

root = PosixPath('/home/runner/work/mini-drop/mini-drop')

    def validate_freeze(root=ROOT):
        raw = (root / (PREFIX + "manifest.json")).read_bytes()
        if sha(raw) != MANIFEST_SHA:
            raise ValueError("frozen manifest changed")
        manifest = json.loads(raw)
        for suffix, key in (("public", "question_sha256"), ("private", "oracle_sha256")):
            if sha((root / (PREFIX + suffix + ".json")).read_bytes()) != manifest[key]:
                raise ValueError("frozen question or truth changed")
        for name, digest in manifest["previous_question_pins"].items():
            if sha((root / name).read_bytes()) != digest:
>               raise ValueError("previous frozen question bytes changed")
E               ValueError: previous frozen question bytes changed

scripts/evaluate_planning_boundary_v3.py:80: ValueError
_ ERROR at setup of test_repinned_evidence_cannot_forge_projection_or_new_policy[ranking] _

tmp_path = PosixPath('/home/runner/work/mini-drop/mini-drop/output/quality-python/python-all/tmp/test_repinned_evidence_cannot_1')
monkeypatch = <_pytest.monkeypatch.MonkeyPatch object at 0x7f70738c7590>

    @pytest.fixture
    def synthetic_report(tmp_path, monkeypatch):
        """All 32 are synthetic TIMEOUTs; retrieval is a protocol stub, never scored live."""
        monkeypatch.setattr(evaluation, "bm25_record", lambda *args, **kwargs: empty_retrieval())
>       manifest, questions = evaluation.validate_freeze()
                              ^^^^^^^^^^^^^^^^^^^^^^^^^^^^

tests/test_planning_boundary_v3.py:110: 
_ _ _ _ _ _ _ _ _ _ _ _ _ _ _ _ _ _ _ _ _ _ _ _ _ _ _ _ _ _ _ _ _ _ _ _ _ _ _ _ 

root = PosixPath('/home/runner/work/mini-drop/mini-drop')

    def validate_freeze(root=ROOT):
        raw = (root / (PREFIX + "manifest.json")).read_bytes()
        if sha(raw) != MANIFEST_SHA:
            raise ValueError("frozen manifest changed")
        manifest = json.loads(raw)
        for suffix, key in (("public", "question_sha256"), ("private", "oracle_sha256")):
            if sha((root / (PREFIX + suffix + ".json")).read_bytes()) != manifest[key]:
                raise ValueError("frozen question or truth changed")
        for name, digest in manifest["previous_question_pins"].items():
            if sha((root / name).read_bytes()) != digest:
>               raise ValueError("previous frozen question bytes changed")
E               ValueError: previous frozen question bytes changed

scripts/evaluate_planning_boundary_v3.py:80: ValueError
_ ERROR at setup of test_repinned_evidence_cannot_forge_projection_or_new_policy[private_context] _

tmp_path = PosixPath('/home/runner/work/mini-drop/mini-drop/output/quality-python/python-all/tmp/test_repinned_evidence_cannot_2')
monkeypatch = <_pytest.monkeypatch.MonkeyPatch object at 0x7f7078361310>

    @pytest.fixture
    def synthetic_report(tmp_path, monkeypatch):
        """All 32 are synthetic TIMEOUTs; retrieval is a protocol stub, never scored live."""
        monkeypatch.setattr(evaluation, "bm25_record", lambda *args, **kwargs: empty_retrieval())
>       manifest, questions = evaluation.validate_freeze()
                              ^^^^^^^^^^^^^^^^^^^^^^^^^^^^

tests/test_planning_boundary_v3.py:110: 
_ _ _ _ _ _ _ _ _ _ _ _ _ _ _ _ _ _ _ _ _ _ _ _ _ _ _ _ _ _ _ _ _ _ _ _ _ _ _ _ 

root = PosixPath('/home/runner/work/mini-drop/mini-drop')

    def validate_freeze(root=ROOT):
        raw = (root / (PREFIX + "manifest.json")).read_bytes()
        if sha(raw) != MANIFEST_SHA:
            raise ValueError("frozen manifest changed")
        manifest = json.loads(raw)
        for suffix, key in (("public", "question_sha256"), ("private", "oracle_sha256")):
            if sha((root / (PREFIX + suffix + ".json")).read_bytes()) != manifest[key]:
                raise ValueError("frozen question or truth changed")
        for name, digest in manifest["previous_question_pins"].items():
            if sha((root / name).read_bytes()) != digest:
>               raise ValueError("previous frozen question bytes changed")
E               ValueError: previous frozen question bytes changed

scripts/evaluate_planning_boundary_v3.py:80: ValueError
_ ERROR at setup of test_repinned_evidence_cannot_forge_projection_or_new_policy[http_success] _

tmp_path = PosixPath('/home/runner/work/mini-drop/mini-drop/output/quality-python/python-all/tmp/test_repinned_evidence_cannot_3')
monkeypatch = <_pytest.monkeypatch.MonkeyPatch object at 0x7f7063b72d50>

    @pytest.fixture
    def synthetic_report(tmp_path, monkeypatch):
        """All 32 are synthetic TIMEOUTs; retrieval is a protocol stub, never scored live."""
        monkeypatch.setattr(evaluation, "bm25_record", lambda *args, **kwargs: empty_retrieval())
>       manifest, questions = evaluation.validate_freeze()
                              ^^^^^^^^^^^^^^^^^^^^^^^^^^^^

tests/test_planning_boundary_v3.py:110: 
_ _ _ _ _ _ _ _ _ _ _ _ _ _ _ _ _ _ _ _ _ _ _ _ _ _ _ _ _ _ _ _ _ _ _ _ _ _ _ _ 

root = PosixPath('/home/runner/work/mini-drop/mini-drop')

    def validate_freeze(root=ROOT):
        raw = (root / (PREFIX + "manifest.json")).read_bytes()
        if sha(raw) != MANIFEST_SHA:
            raise ValueError("frozen manifest changed")
        manifest = json.loads(raw)
        for suffix, key in (("public", "question_sha256"), ("private", "oracle_sha256")):
            if sha((root / (PREFIX + suffix + ".json")).read_bytes()) != manifest[key]:
                raise ValueError("frozen question or truth changed")
        for name, digest in manifest["previous_question_pins"].items():
            if sha((root / name).read_bytes()) != digest:
>               raise ValueError("previous frozen question bytes changed")
E               ValueError: previous frozen question bytes changed

scripts/evaluate_planning_boundary_v3.py:80: ValueError
_ ERROR at setup of test_repinned_evidence_cannot_forge_projection_or_new_policy[source_behavior] _

tmp_path = PosixPath('/home/runner/work/mini-drop/mini-drop/output/quality-python/python-all/tmp/test_repinned_evidence_cannot_4')
monkeypatch = <_pytest.monkeypatch.MonkeyPatch object at 0x7f70738de150>

    @pytest.fixture
    def synthetic_report(tmp_path, monkeypatch):
        """All 32 are synthetic TIMEOUTs; retrieval is a protocol stub, never scored live."""
        monkeypatch.setattr(evaluation, "bm25_record", lambda *args, **kwargs: empty_retrieval())
>       manifest, questions = evaluation.validate_freeze()
                              ^^^^^^^^^^^^^^^^^^^^^^^^^^^^

tests/test_planning_boundary_v3.py:110: 
_ _ _ _ _ _ _ _ _ _ _ _ _ _ _ _ _ _ _ _ _ _ _ _ _ _ _ _ _ _ _ _ _ _ _ _ _ _ _ _ 

root = PosixPath('/home/runner/work/mini-drop/mini-drop')

    def validate_freeze(root=ROOT):
        raw = (root / (PREFIX + "manifest.json")).read_bytes()
        if sha(raw) != MANIFEST_SHA:
            raise ValueError("frozen manifest changed")
        manifest = json.loads(raw)
        for suffix, key in (("public", "question_sha256"), ("private", "oracle_sha256")):
            if sha((root / (PREFIX + suffix + ".json")).read_bytes()) != manifest[key]:
                raise ValueError("frozen question or truth changed")
        for name, digest in manifest["previous_question_pins"].items():
            if sha((root / name).read_bytes()) != digest:
>               raise ValueError("previous frozen question bytes changed")
E               ValueError: previous frozen question bytes changed

scripts/evaluate_planning_boundary_v3.py:80: ValueError
_ ERROR at setup of test_repinned_evidence_cannot_forge_projection_or_new_policy[intent_behavior] _

tmp_path = PosixPath('/home/runner/work/mini-drop/mini-drop/output/quality-python/python-all/tmp/test_repinned_evidence_cannot_5')
monkeypatch = <_pytest.monkeypatch.MonkeyPatch object at 0x7f70737b8610>

    @pytest.fixture
    def synthetic_report(tmp_path, monkeypatch):
        """All 32 are synthetic TIMEOUTs; retrieval is a protocol stub, never scored live."""
        monkeypatch.setattr(evaluation, "bm25_record", lambda *args, **kwargs: empty_retrieval())
>       manifest, questions = evaluation.validate_freeze()
                              ^^^^^^^^^^^^^^^^^^^^^^^^^^^^

tests/test_planning_boundary_v3.py:110: 
_ _ _ _ _ _ _ _ _ _ _ _ _ _ _ _ _ _ _ _ _ _ _ _ _ _ _ _ _ _ _ _ _ _ _ _ _ _ _ _ 

root = PosixPath('/home/runner/work/mini-drop/mini-drop')

    def validate_freeze(root=ROOT):
        raw = (root / (PREFIX + "manifest.json")).read_bytes()
        if sha(raw) != MANIFEST_SHA:
            raise ValueError("frozen manifest changed")
        manifest = json.loads(raw)
        for suffix, key in (("public", "question_sha256"), ("private", "oracle_sha256")):
            if sha((root / (PREFIX + suffix + ".json")).read_bytes()) != manifest[key]:
                raise ValueError("frozen question or truth changed")
        for name, digest in manifest["previous_question_pins"].items():
            if sha((root / name).read_bytes()) != digest:
>               raise ValueError("previous frozen question bytes changed")
E               ValueError: previous frozen question bytes changed

scripts/evaluate_planning_boundary_v3.py:80: ValueError
_ ERROR at setup of test_repinned_evidence_cannot_forge_projection_or_new_policy[corpus_contract] _

tmp_path = PosixPath('/home/runner/work/mini-drop/mini-drop/output/quality-python/python-all/tmp/test_repinned_evidence_cannot_6')
monkeypatch = <_pytest.monkeypatch.MonkeyPatch object at 0x7f7062c30910>

    @pytest.fixture
    def synthetic_report(tmp_path, monkeypatch):
        """All 32 are synthetic TIMEOUTs; retrieval is a protocol stub, never scored live."""
        monkeypatch.setattr(evaluation, "bm25_record", lambda *args, **kwargs: empty_retrieval())
>       manifest, questions = evaluation.validate_freeze()
                              ^^^^^^^^^^^^^^^^^^^^^^^^^^^^

tests/test_planning_boundary_v3.py:110: 
_ _ _ _ _ _ _ _ _ _ _ _ _ _ _ _ _ _ _ _ _ _ _ _ _ _ _ _ _ _ _ _ _ _ _ _ _ _ _ _ 

root = PosixPath('/home/runner/work/mini-drop/mini-drop')

    def validate_freeze(root=ROOT):
        raw = (root / (PREFIX + "manifest.json")).read_bytes()
        if sha(raw) != MANIFEST_SHA:
            raise ValueError("frozen manifest changed")
        manifest = json.loads(raw)
        for suffix, key in (("public", "question_sha256"), ("private", "oracle_sha256")):
            if sha((root / (PREFIX + suffix + ".json")).read_bytes()) != manifest[key]:
                raise ValueError("frozen question or truth changed")
        for name, digest in manifest["previous_question_pins"].items():
            if sha((root / name).read_bytes()) != digest:
>               raise ValueError("previous frozen question bytes changed")
E               ValueError: previous frozen question bytes changed

scripts/evaluate_planning_boundary_v3.py:80: ValueError
=================================== FAILURES ===================================
____________ test_frozen_v3_question_or_truth_cannot_change[public] ____________

tmp_path = PosixPath('/home/runner/work/mini-drop/mini-drop/output/quality-python/python-all/tmp/test_frozen_v3_question_or_tru0')
suffix = 'public'

    @pytest.mark.parametrize("suffix", ["public", "private", "manifest"])
    def test_frozen_v3_question_or_truth_cannot_change(tmp_path, suffix):
>       manifest, _ = evaluation.validate_freeze()
                      ^^^^^^^^^^^^^^^^^^^^^^^^^^^^

tests/test_planning_boundary_v3.py:16: 
_ _ _ _ _ _ _ _ _ _ _ _ _ _ _ _ _ _ _ _ _ _ _ _ _ _ _ _ _ _ _ _ _ _ _ _ _ _ _ _ 

root = PosixPath('/home/runner/work/mini-drop/mini-drop')

    def validate_freeze(root=ROOT):
        raw = (root / (PREFIX + "manifest.json")).read_bytes()
        if sha(raw) != MANIFEST_SHA:
            raise ValueError("frozen manifest changed")
        manifest = json.loads(raw)
        for suffix, key in (("public", "question_sha256"), ("private", "oracle_sha256")):
            if sha((root / (PREFIX + suffix + ".json")).read_bytes()) != manifest[key]:
                raise ValueError("frozen question or truth changed")
        for name, digest in manifest["previous_question_pins"].items():
            if sha((root / name).read_bytes()) != digest:
>               raise ValueError("previous frozen question bytes changed")
E               ValueError: previous frozen question bytes changed

scripts/evaluate_planning_boundary_v3.py:80: ValueError
___________ test_frozen_v3_question_or_truth_cannot_change[private] ____________

tmp_path = PosixPath('/home/runner/work/mini-drop/mini-drop/output/quality-python/python-all/tmp/test_frozen_v3_question_or_tru1')
suffix = 'private'

    @pytest.mark.parametrize("suffix", ["public", "private", "manifest"])
    def test_frozen_v3_question_or_truth_cannot_change(tmp_path, suffix):
>       manifest, _ = evaluation.validate_freeze()
                      ^^^^^^^^^^^^^^^^^^^^^^^^^^^^

tests/test_planning_boundary_v3.py:16: 
_ _ _ _ _ _ _ _ _ _ _ _ _ _ _ _ _ _ _ _ _ _ _ _ _ _ _ _ _ _ _ _ _ _ _ _ _ _ _ _ 

root = PosixPath('/home/runner/work/mini-drop/mini-drop')

    def validate_freeze(root=ROOT):
        raw = (root / (PREFIX + "manifest.json")).read_bytes()
        if sha(raw) != MANIFEST_SHA:
            raise ValueError("frozen manifest changed")
        manifest = json.loads(raw)
        for suffix, key in (("public", "question_sha256"), ("private", "oracle_sha256")):
            if sha((root / (PREFIX + suffix + ".json")).read_bytes()) != manifest[key]:
                raise ValueError("frozen question or truth changed")
        for name, digest in manifest["previous_question_pins"].items():
            if sha((root / name).read_bytes()) != digest:
>               raise ValueError("previous frozen question bytes changed")
E               ValueError: previous frozen question bytes changed

scripts/evaluate_planning_boundary_v3.py:80: ValueError
___________ test_frozen_v3_question_or_truth_cannot_change[manifest] ___________

tmp_path = PosixPath('/home/runner/work/mini-drop/mini-drop/output/quality-python/python-all/tmp/test_frozen_v3_question_or_tru2')
suffix = 'manifest'

    @pytest.mark.parametrize("suffix", ["public", "private", "manifest"])
    def test_frozen_v3_question_or_truth_cannot_change(tmp_path, suffix):
>       manifest, _ = evaluation.validate_freeze()
                      ^^^^^^^^^^^^^^^^^^^^^^^^^^^^

tests/test_planning_boundary_v3.py:16: 
_ _ _ _ _ _ _ _ _ _ _ _ _ _ _ _ _ _ _ _ _ _ _ _ _ _ _ _ _ _ _ _ _ _ _ _ _ _ _ _ 

root = PosixPath('/home/runner/work/mini-drop/mini-drop')

    def validate_freeze(root=ROOT):
        raw = (root / (PREFIX + "manifest.json")).read_bytes()
        if sha(raw) != MANIFEST_SHA:
            raise ValueError("frozen manifest changed")
        manifest = json.loads(raw)
        for suffix, key in (("public", "question_sha256"), ("private", "oracle_sha256")):
            if sha((root / (PREFIX + suffix + ".json")).read_bytes()) != manifest[key]:
                raise ValueError("frozen question or truth changed")
        for name, digest in manifest["previous_question_pins"].items():
            if sha((root / name).read_bytes()) != digest:
>               raise ValueError("previous frozen question bytes changed")
E               ValueError: previous frozen question bytes changed

scripts/evaluate_planning_boundary_v3.py:80: ValueError
__________ test_all_transport_failures_stay_in_32_with_unknown_usage ___________

    def test_all_transport_failures_stay_in_32_with_unknown_usage():
>       manifest, questions = evaluation.validate_freeze()
                              ^^^^^^^^^^^^^^^^^^^^^^^^^^^^

tests/test_planning_boundary_v3.py:54: 
_ _ _ _ _ _ _ _ _ _ _ _ _ _ _ _ _ _ _ _ _ _ _ _ _ _ _ _ _ _ _ _ _ _ _ _ _ _ _ _ 

root = PosixPath('/home/runner/work/mini-drop/mini-drop')

    def validate_freeze(root=ROOT):
        raw = (root / (PREFIX + "manifest.json")).read_bytes()
        if sha(raw) != MANIFEST_SHA:
            raise ValueError("frozen manifest changed")
        manifest = json.loads(raw)
        for suffix, key in (("public", "question_sha256"), ("private", "oracle_sha256")):
            if sha((root / (PREFIX + suffix + ".json")).read_bytes()) != manifest[key]:
                raise ValueError("frozen question or truth changed")
        for name, digest in manifest["previous_question_pins"].items():
            if sha((root / name).read_bytes()) != digest:
>               raise ValueError("previous frozen question bytes changed")
E               ValueError: previous frozen question bytes changed

scripts/evaluate_planning_boundary_v3.py:80: ValueError
______________ test_duplicate_record_cannot_fill_missing_response ______________

    def test_duplicate_record_cannot_fill_missing_response():
>       manifest, questions = evaluation.validate_freeze()
                              ^^^^^^^^^^^^^^^^^^^^^^^^^^^^

tests/test_planning_boundary_v3.py:67: 
_ _ _ _ _ _ _ _ _ _ _ _ _ _ _ _ _ _ _ _ _ _ _ _ _ _ _ _ _ _ _ _ _ _ _ _ _ _ _ _ 

root = PosixPath('/home/runner/work/mini-drop/mini-drop')

    def validate_freeze(root=ROOT):
        raw = (root / (PREFIX + "manifest.json")).read_bytes()
        if sha(raw) != MANIFEST_SHA:
            raise ValueError("frozen manifest changed")
        manifest = json.loads(raw)
        for suffix, key in (("public", "question_sha256"), ("private", "oracle_sha256")):
            if sha((root / (PREFIX + suffix + ".json")).read_bytes()) != manifest[key]:
                raise ValueError("frozen question or truth changed")
        for name, digest in manifest["previous_question_pins"].items():
            if sha((root / name).read_bytes()) != digest:
>               raise ValueError("previous frozen question bytes changed")
E               ValueError: previous frozen question bytes changed

scripts/evaluate_planning_boundary_v3.py:80: ValueError
================================ tests coverage ================================
_______________ coverage: platform linux, python 3.11.16-final-0 _______________

Name                                                               Stmts   Miss Branch BrPart  Cover
----------------------------------------------------------------------------------------------------
analyzer/__init__.py                                                   0      0      0      0   100%
analyzer/mini_drop_analyzer/__init__.py                                0      0      0      0   100%
analyzer/mini_drop_analyzer/hotmethod_analyzer.py                    242     62     82     18    75%
analyzer/mini_drop_analyzer/pprof_analyzer.py                         89     21     32      5    77%
analyzer/mini_drop_analyzer/profile_pb2.py                            29     17      2      1    42%
analyzer/mini_drop_analyzer/pyspy_analyzer.py                        110     30     50     18    69%
server/__init__.py                                                     0      0      0      0   100%
server/app/__init__.py                                                 0      0      0      0   100%
server/app/_env.py                                                    49     49     22      0     0%
server/app/agent_runtime/__init__.py                                   3      0      0      0   100%
server/app/agent_runtime/chroma_http.py                               14     14      0      0     0%
server/app/agent_runtime/context.py                                   23      2      8      2    87%
server/app/agent_runtime/deadlines.py                                 34      5      8      1    81%
server/app/agent_runtime/grafana_observations.py                      55     10     20      8    76%
server/app/agent_runtime/harness.py                                   10      0      4      0   100%
server/app/agent_runtime/incident_memory.py                           37      5     18      7    78%
server/app/agent_runtime/investigation_strategy.py                     7      1      2      1    78%
server/app/agent_runtime/memory.py                                    40      0      2      0   100%
server/app/agent_runtime/model_factory.py                             13      2      4      1    82%
server/app/agent_runtime/planning_output.py                           93      1     34      1    98%
server/app/agent_runtime/planning_request.py                         116      6     62      3    94%
server/app/agent_runtime/relevance.py                                160      7     76      2    94%
server/app/agent_runtime/retrieval.py                                211     37     82     10    80%
server/app/agent_runtime/runtime.py                                   18      1      2      0    95%
server/app/agent_runtime/semantic_retrieval.py                       219     51     80      9    75%
server/app/agent_runtime/themes.py                                     9      1      0      0    89%
server/app/ai_provider.py                                            144     31     48      6    78%
server/app/analysis_jobs.py                                          275     89    102     25    61%
server/app/analyzer_runner.py                                        532    130    218     62    71%
server/app/artifact_contracts.py                                      66     13     20      4    78%
server/app/artifact_integrity.py                                      79     10     26      5    84%
server/app/artifact_lifecycle.py                                     104     33     36      7    66%
server/app/common_utils.py                                            10      2      2      1    75%
server/app/database.py                                               254     18    132     25    89%
server/app/diagnosis_worker.py                                       161     85     40      4    44%
server/app/diagnostic_ai_rpc.py                                      346    194    172     30    41%
server/app/drop_insight/__init__.py                                    0      0      0      0   100%
server/app/drop_insight/adaptive_planner.py                           68     10     22      7    81%
server/app/drop_insight/artifact_evidence.py                          46      5     18      2    86%
server/app/drop_insight/benchmark_v2.py                               67      3     10      3    92%
server/app/drop_insight/bottleneck_localization.py                    39      2     24      3    92%
server/app/drop_insight/builtin_skills.py                            154     25     60     21    79%
server/app/drop_insight/business_acceptance.py                        93      3     20      3    95%
server/app/drop_insight/business_observations.py                     169     22     50     12    84%
server/app/drop_insight/business_showcase.py                          20      2     14      3    74%
server/app/drop_insight/campaign_matrix.py                            84     84     42      0     0%
server/app/drop_insight/claim_verifier.py                            205     71     98     15    64%
server/app/drop_insight/cpu_criteria.py                               85      3     42      3    95%
server/app/drop_insight/diagnosis_agent.py                           479     83    106     25    80%
server/app/drop_insight/event_store.py                                65      1     28      2    97%
server/app/drop_insight/evidence.py                                  138      7     52      8    92%
server/app/drop_insight/exploration_tree.py                          209     18     94     15    86%
server/app/drop_insight/fault_acceptance.py                           28      6     16      6    73%
server/app/drop_insight/fault_plaza.py                                88     18     16      2    77%
server/app/drop_insight/fix_verification.py                           88      0     22      0   100%
server/app/drop_insight/frozen_replay_showcase.py                    219     30     80     17    82%
server/app/drop_insight/health_assessment.py                          58      2     24      3    94%
server/app/drop_insight/hypothesis_predicate.py                      317     28    158     18    89%
server/app/drop_insight/lats.py                                      632     68    240     52    86%
server/app/drop_insight/managed_services.py                           91      8     36      6    89%
server/app/drop_insight/observation_verifier.py                       46      2     22      2    94%
server/app/drop_insight/operator_memory.py                           101     39     26      6    58%
server/app/drop_insight/performance_criteria.py                       54      3     24      3    92%
server/app/drop_insight/policy.py                                     80      8     38      9    86%
server/app/drop_insight/rcaeval_benchmark.py                         300    300     70      0     0%
server/app/drop_insight/report_conclusion.py                         109      0     54      0   100%
server/app/drop_insight/retrieval_benchmark.py                        58     58     16      0     0%
server/app/drop_insight/root_cause_benchmark.py                      201     11     40     11    91%
server/app/drop_insight/rounds.py                                     36      4     10      2    87%
server/app/drop_insight/scaled_skill_ab.py                           200    200     52      0     0%
server/app/drop_insight/schemas.py                                   189      7     14      4    94%
server/app/drop_insight/service.py                                  3121    871   1240    261    68%
server/app/drop_insight/showcase.py                                   53      0     12      0   100%
server/app/drop_insight/signal_window_validation.py                   88      8     42      6    89%
server/app/drop_insight/skill_benchmark.py                           236    236     94      0     0%
server/app/drop_insight/skill_evolution.py                           757     98    274     52    84%
server/app/drop_insight/skill_experiments.py                         233     44     48     15    79%
server/app/drop_insight/source_mapper.py                             276     42    140     22    81%
server/app/drop_insight/tools.py                                       3      0      0      0   100%
server/app/generated/__init__.py                                       0      0      0      0   100%
server/app/generated/diagnostic_ai_pb2.py                             20      8      2      1    59%
server/app/generated/diagnostic_ai_pb2_grpc.py                        30     12      2      1    59%
server/app/generated/error_code_contract.py                           33     33      0      0     0%
server/app/generated/status_contract.py                               21      0      0      0   100%
server/app/generated/taskkind_contract.py                             14      8      4      0    33%
server/app/kernel_compatibility.py                                    35      2      8      2    91%
server/app/logging_utils.py                                           45      2     10      2    93%
server/app/metric_analyzers.py                                       505     61    234     48    85%
server/app/models.py                                                 537     11      0      0    98%
server/app/outbox_dispatcher.py                                       39     13      6      0    62%
server/app/process_attestation.py                                    178      7     36      5    94%
server/app/repositories/agent_repo.py                                182     38     44      6    78%
server/app/repositories/analysis_job_repo.py                         252     83    100     30    63%
server/app/repositories/artifact_repo.py                              63      3     12      3    92%
server/app/repositories/outbox_repo.py                                64     27     18      3    51%
server/app/repositories/task_repo.py                                 181     58     58      6    59%
server/app/schemas.py                                                 87      0      0      0   100%
server/app/sql_repository.py                                         190     28     64     11    81%
server/app/state_machine.py                                           48      0      4      0   100%
server/app/storage.py                                                107     27     50     14    69%
server/app/task_attempt_authority.py                                  37      8      4      1    73%
server/migrations/versions/20260910_0008_agent_latest_metrics.py      12      1      2      0    93%
----------------------------------------------------------------------------------------------------
TOTAL                                                              15815   3787   5532   1008    73%
Coverage JSON written to file /home/runner/work/mini-drop/mini-drop/output/quality-python/python-all/coverage.json
=========================== short test summary info ============================
FAILED tests/test_planning_boundary_v3.py::test_frozen_v3_question_or_truth_cannot_change[public] - ValueError: previous frozen question bytes changed
FAILED tests/test_planning_boundary_v3.py::test_frozen_v3_question_or_truth_cannot_change[private] - ValueError: previous frozen question bytes changed
FAILED tests/test_planning_boundary_v3.py::test_frozen_v3_question_or_truth_cannot_change[manifest] - ValueError: previous frozen question bytes changed
FAILED tests/test_planning_boundary_v3.py::test_all_transport_failures_stay_in_32_with_unknown_usage - ValueError: previous frozen question bytes changed
FAILED tests/test_planning_boundary_v3.py::test_duplicate_record_cannot_fill_missing_response - ValueError: previous frozen question bytes changed
ERROR tests/test_planning_boundary_v3.py::test_scope_server_route_and_failure_denominator_cannot_be_relabelled[scope-LIVE_CAUSAL_ACCURACY] - ValueError: previous frozen question bytes changed
ERROR tests/test_planning_boundary_v3.py::test_scope_server_route_and_failure_denominator_cannot_be_relabelled[third_party_independent_author-True] - ValueError: previous frozen question bytes changed
ERROR tests/test_planning_boundary_v3.py::test_scope_server_route_and_failure_denominator_cannot_be_relabelled[actual_langgraph_agent_execution-True] - ValueError: previous frozen question bytes changed
ERROR tests/test_planning_boundary_v3.py::test_scope_server_route_and_failure_denominator_cannot_be_relabelled[server_deterministic_route_counted_as_model-True] - ValueError: previous frozen question bytes changed
ERROR tests/test_planning_boundary_v3.py::test_scope_server_route_and_failure_denominator_cannot_be_relabelled[retrieval_is_evidence-True] - ValueError: previous frozen question bytes changed
ERROR tests/test_planning_boundary_v3.py::test_scope_server_route_and_failure_denominator_cannot_be_relabelled[retries-1] - ValueError: previous frozen question bytes changed
ERROR tests/test_planning_boundary_v3.py::test_scope_server_route_and_failure_denominator_cannot_be_relabelled[chat_calls_attempted-31] - ValueError: previous frozen question bytes changed
ERROR tests/test_planning_boundary_v3.py::test_repinned_evidence_cannot_forge_projection_or_new_policy[score] - ValueError: previous frozen question bytes changed
ERROR tests/test_planning_boundary_v3.py::test_repinned_evidence_cannot_forge_projection_or_new_policy[ranking] - ValueError: previous frozen question bytes changed
ERROR tests/test_planning_boundary_v3.py::test_repinned_evidence_cannot_forge_projection_or_new_policy[private_context] - ValueError: previous frozen question bytes changed
ERROR tests/test_planning_boundary_v3.py::test_repinned_evidence_cannot_forge_projection_or_new_policy[http_success] - ValueError: previous frozen question bytes changed
ERROR tests/test_planning_boundary_v3.py::test_repinned_evidence_cannot_forge_projection_or_new_policy[source_behavior] - ValueError: previous frozen question bytes changed
ERROR tests/test_planning_boundary_v3.py::test_repinned_evidence_cannot_forge_projection_or_new_policy[intent_behavior] - ValueError: previous frozen question bytes changed
ERROR tests/test_planning_boundary_v3.py::test_repinned_evidence_cannot_forge_projection_or_new_policy[corpus_contract] - ValueError: previous frozen question bytes changed
5 failed, 2140 passed, 16 skipped, 14 errors in 163.84s (0:02:43)
