2026-10-02T08:32:09.8389770Z Current runner version: '2.337.0'
2026-10-02T08:32:09.8420313Z ##[group]Runner Image Provisioner
2026-10-02T08:32:09.8421176Z Hosted Compute Agent
2026-10-02T08:32:09.8421889Z Version: 20260901.588
2026-10-02T08:32:09.8422542Z Commit: f88ec8081b781fac6c440065ac7ff9e710ce3d0b
2026-10-02T08:32:09.8423275Z Build Date: 2026-09-01T19:56:44Z
2026-10-02T08:32:09.8424080Z Worker ID: {18347d76-a31d-4c40-bd2f-b5e0cec2605c}
2026-10-02T08:32:09.8424876Z Azure Region: northcentralus
2026-10-02T08:32:09.8425932Z ##[endgroup]
2026-10-02T08:32:09.8427486Z ##[group]Operating System
2026-10-02T08:32:09.8428124Z Ubuntu
2026-10-02T08:32:09.8428807Z 22.04.5
2026-10-02T08:32:09.8429334Z LTS
2026-10-02T08:32:09.8429920Z ##[endgroup]
2026-10-02T08:32:09.8430516Z ##[group]Runner Image
2026-10-02T08:32:09.8431157Z Image: ubuntu-22.04
2026-10-02T08:32:09.8431829Z Version: 20260927.309.1
2026-10-02T08:32:09.8433089Z Included Software: https://github.com/actions/runner-images/blob/ubuntu22/20260927.309/images/ubuntu/Ubuntu2204-Readme.md
2026-10-02T08:32:09.8434726Z Image Release: https://github.com/actions/runner-images/releases/tag/ubuntu22%2F20260927.309
2026-10-02T08:32:09.8436032Z ##[endgroup]
2026-10-02T08:32:09.8437375Z ##[group]GITHUB_TOKEN Permissions
2026-10-02T08:32:09.8439369Z Contents: read
2026-10-02T08:32:09.8440115Z Metadata: read
2026-10-02T08:32:09.8440722Z Packages: read
2026-10-02T08:32:09.8441337Z ##[endgroup]
2026-10-02T08:32:09.8443540Z Secret source: Actions
2026-10-02T08:32:09.8444615Z Cache mode: write
2026-10-02T08:32:09.8445386Z Prepare workflow directory
2026-10-02T08:32:09.8878304Z Prepare all required actions
2026-10-02T08:32:09.8951671Z Getting action download info
2026-10-02T08:32:10.1430314Z Download action repository 'actions/checkout@v4' (SHA:11d5960a326750d5838078e36cf38b85af677262)
2026-10-02T08:32:10.2623680Z Download action repository 'actions/upload-artifact@v4' (SHA:ea165f8d65b6e75b540449e92b4886f43607fa02)
2026-10-02T08:32:10.5648497Z Complete job name: Native (C++ control, build only)
2026-10-02T08:32:10.6463299Z ##[group]Run actions/checkout@v4
2026-10-02T08:32:10.6464165Z with:
2026-10-02T08:32:10.6464625Z   repository: llongwang751-arch/mini-drop
2026-10-02T08:32:10.6468929Z   token: ***
2026-10-02T08:32:10.6469361Z   ssh-strict: true
2026-10-02T08:32:10.6469794Z   ssh-user: git
2026-10-02T08:32:10.6470229Z   persist-credentials: true
2026-10-02T08:32:10.6470715Z   clean: true
2026-10-02T08:32:10.6471146Z   sparse-checkout-cone-mode: true
2026-10-02T08:32:10.6471651Z   fetch-depth: 1
2026-10-02T08:32:10.6472075Z   fetch-tags: false
2026-10-02T08:32:10.6472508Z   show-progress: true
2026-10-02T08:32:10.6472959Z   lfs: false
2026-10-02T08:32:10.6473368Z   submodules: false
2026-10-02T08:32:10.6473813Z   set-safe-directory: true
2026-10-02T08:32:10.6474315Z   allow-unsafe-pr-checkout: false
2026-10-02T08:32:10.6475075Z ##[endgroup]
2026-10-02T08:32:10.7583802Z Syncing repository: llongwang751-arch/mini-drop
2026-10-02T08:32:10.7586465Z ##[group]Getting Git version info
2026-10-02T08:32:10.7587352Z Working directory is '/home/runner/work/mini-drop/mini-drop'
2026-10-02T08:32:10.7588400Z [command]/usr/bin/git version
2026-10-02T08:32:10.7667685Z git version 2.55.0
2026-10-02T08:32:10.7691594Z ##[endgroup]
2026-10-02T08:32:10.7707765Z Temporarily overriding HOME='/home/runner/work/_temp/724e1dca-2b3d-4fa5-bfc3-62e77f3ac59e' before making global git config changes
2026-10-02T08:32:10.7710229Z Adding repository directory to the temporary git global config as a safe directory
2026-10-02T08:32:10.7713551Z [command]/usr/bin/git config --global --add safe.directory /home/runner/work/mini-drop/mini-drop
2026-10-02T08:32:10.7761047Z Deleting the contents of '/home/runner/work/mini-drop/mini-drop'
2026-10-02T08:32:10.7768347Z ##[group]Initializing the repository
2026-10-02T08:32:10.7774530Z [command]/usr/bin/git init /home/runner/work/mini-drop/mini-drop
2026-10-02T08:32:10.7940995Z hint: Using 'master' as the name for the initial branch. This default branch name
2026-10-02T08:32:10.7942241Z hint: will change to "main" in Git 3.0. To configure the initial branch name
2026-10-02T08:32:10.7943506Z hint: to use in all of your new repositories, which will suppress this warning,
2026-10-02T08:32:10.7944446Z hint: call:
2026-10-02T08:32:10.7944831Z hint:
2026-10-02T08:32:10.7945342Z hint: 	git config --global init.defaultBranch <name>
2026-10-02T08:32:10.7946551Z hint:
2026-10-02T08:32:10.7947385Z hint: Names commonly chosen instead of 'master' are 'main', 'trunk' and
2026-10-02T08:32:10.7948314Z hint: 'development'. The just-created branch can be renamed via this command:
2026-10-02T08:32:10.7949028Z hint:
2026-10-02T08:32:10.7949431Z hint: 	git branch -m <name>
2026-10-02T08:32:10.7949882Z hint:
2026-10-02T08:32:10.7950497Z hint: Disable this message with "git config set advice.defaultBranchName false"
2026-10-02T08:32:10.7951477Z Initialized empty Git repository in /home/runner/work/mini-drop/mini-drop/.git/
2026-10-02T08:32:10.7955419Z [command]/usr/bin/git remote add origin https://github.com/llongwang751-arch/mini-drop
2026-10-02T08:32:10.8010457Z ##[endgroup]
2026-10-02T08:32:10.8012037Z ##[group]Disabling automatic garbage collection
2026-10-02T08:32:10.8017360Z [command]/usr/bin/git config --local gc.auto 0
2026-10-02T08:32:10.8062128Z ##[endgroup]
2026-10-02T08:32:10.8063700Z ##[group]Setting up auth
2026-10-02T08:32:10.8070445Z [command]/usr/bin/git config --local --name-only --get-regexp core\.sshCommand
2026-10-02T08:32:10.8114001Z [command]/usr/bin/git submodule foreach --recursive sh -c "git config --local --name-only --get-regexp 'core\.sshCommand' && git config --local --unset-all 'core.sshCommand' || :"
2026-10-02T08:32:10.8576613Z [command]/usr/bin/git config --local --name-only --get-regexp http\.https\:\/\/github\.com\/\.extraheader
2026-10-02T08:32:10.8621197Z [command]/usr/bin/git submodule foreach --recursive sh -c "git config --local --name-only --get-regexp 'http\.https\:\/\/github\.com\/\.extraheader' && git config --local --unset-all 'http.https://github.com/.extraheader' || :"
2026-10-02T08:32:10.8963376Z [command]/usr/bin/git config --local --name-only --get-regexp ^includeIf\.gitdir:
2026-10-02T08:32:10.8998191Z [command]/usr/bin/git submodule foreach --recursive git config --local --show-origin --name-only --get-regexp remote.origin.url
2026-10-02T08:32:10.9313927Z [command]/usr/bin/git config --local http.https://github.com/.extraheader AUTHORIZATION: basic ***
2026-10-02T08:32:10.9361937Z ##[endgroup]
2026-10-02T08:32:10.9362805Z ##[group]Fetching the repository
2026-10-02T08:32:10.9372767Z [command]/usr/bin/git -c protocol.version=2 fetch --no-tags --prune --no-recurse-submodules --depth=1 origin +56788a921762abb5a409f608089d6d04ff1e4031:refs/remotes/pull/1/merge
2026-10-02T08:32:18.8664798Z From https://github.com/llongwang751-arch/mini-drop
2026-10-02T08:32:18.8666395Z  * [new ref]         56788a921762abb5a409f608089d6d04ff1e4031 -> pull/1/merge
2026-10-02T08:32:18.8669936Z ##[endgroup]
2026-10-02T08:32:18.8671017Z ##[group]Determining the checkout info
2026-10-02T08:32:18.8672615Z ##[endgroup]
2026-10-02T08:32:18.8679187Z [command]/usr/bin/git sparse-checkout disable
2026-10-02T08:32:18.8758446Z [command]/usr/bin/git config --local --unset-all extensions.worktreeConfig
2026-10-02T08:32:18.8838114Z ##[group]Checking out the ref
2026-10-02T08:32:18.8842387Z [command]/usr/bin/git checkout --progress --force refs/remotes/pull/1/merge
2026-10-02T08:32:19.9047698Z Updating files:  63% (2782/4368)
2026-10-02T08:32:19.9099631Z Updating files:  64% (2796/4368)
2026-10-02T08:32:19.9149954Z Updating files:  65% (2840/4368)
2026-10-02T08:32:19.9182133Z Updating files:  66% (2883/4368)
2026-10-02T08:32:19.9237504Z Updating files:  67% (2927/4368)
2026-10-02T08:32:19.9274020Z Updating files:  68% (2971/4368)
2026-10-02T08:32:19.9486175Z Updating files:  69% (3014/4368)
2026-10-02T08:32:19.9793815Z Updating files:  70% (3058/4368)
2026-10-02T08:32:19.9990616Z Updating files:  71% (3102/4368)
2026-10-02T08:32:20.0047463Z Updating files:  72% (3145/4368)
2026-10-02T08:32:20.0113805Z Updating files:  73% (3189/4368)
2026-10-02T08:32:20.0197249Z Updating files:  74% (3233/4368)
2026-10-02T08:32:20.0317379Z Updating files:  75% (3276/4368)
2026-10-02T08:32:20.0380627Z Updating files:  76% (3320/4368)
2026-10-02T08:32:20.0424318Z Updating files:  77% (3364/4368)
2026-10-02T08:32:20.0446803Z Updating files:  78% (3408/4368)
2026-10-02T08:32:20.0496439Z Updating files:  79% (3451/4368)
2026-10-02T08:32:20.0540000Z Updating files:  80% (3495/4368)
2026-10-02T08:32:20.0579657Z Updating files:  81% (3539/4368)
2026-10-02T08:32:20.0647795Z Updating files:  82% (3582/4368)
2026-10-02T08:32:20.0690646Z Updating files:  83% (3626/4368)
2026-10-02T08:32:20.0738244Z Updating files:  84% (3670/4368)
2026-10-02T08:32:20.0841000Z Updating files:  85% (3713/4368)
2026-10-02T08:32:20.0900877Z Updating files:  86% (3757/4368)
2026-10-02T08:32:20.0961106Z Updating files:  87% (3801/4368)
2026-10-02T08:32:20.0991640Z Updating files:  88% (3844/4368)
2026-10-02T08:32:20.1028088Z Updating files:  89% (3888/4368)
2026-10-02T08:32:20.1059368Z Updating files:  90% (3932/4368)
2026-10-02T08:32:20.1109111Z Updating files:  91% (3975/4368)
2026-10-02T08:32:20.1137819Z Updating files:  92% (4019/4368)
2026-10-02T08:32:20.1166484Z Updating files:  93% (4063/4368)
2026-10-02T08:32:20.1195620Z Updating files:  94% (4106/4368)
2026-10-02T08:32:20.1230409Z Updating files:  95% (4150/4368)
2026-10-02T08:32:20.1365582Z Updating files:  96% (4194/4368)
2026-10-02T08:32:20.1392289Z Updating files:  97% (4237/4368)
2026-10-02T08:32:20.1420960Z Updating files:  98% (4281/4368)
2026-10-02T08:32:20.1445898Z Updating files:  99% (4325/4368)
2026-10-02T08:32:20.1446712Z Updating files: 100% (4368/4368)
2026-10-02T08:32:20.1447300Z Updating files: 100% (4368/4368), done.
2026-10-02T08:32:20.1510235Z Note: switching to 'refs/remotes/pull/1/merge'.
2026-10-02T08:32:20.1510806Z 
2026-10-02T08:32:20.1511256Z You are in 'detached HEAD' state. You can look around, make experimental
2026-10-02T08:32:20.1512662Z changes and commit them, and you can discard any commits you make in this
2026-10-02T08:32:20.1513687Z state without impacting any branches by switching back to a branch.
2026-10-02T08:32:20.1514248Z 
2026-10-02T08:32:20.1514630Z If you want to create a new branch to retain commits you create, you may
2026-10-02T08:32:20.1515478Z do so (now or later) by using -c with the switch command. Example:
2026-10-02T08:32:20.1516248Z 
2026-10-02T08:32:20.1516493Z   git switch -c <new-branch-name>
2026-10-02T08:32:20.1516844Z 
2026-10-02T08:32:20.1517069Z Or undo this operation with:
2026-10-02T08:32:20.1517388Z 
2026-10-02T08:32:20.1517584Z   git switch -
2026-10-02T08:32:20.1517829Z 
2026-10-02T08:32:20.1518272Z Turn off this advice by setting config variable advice.detachedHead to false
2026-10-02T08:32:20.1518896Z 
2026-10-02T08:32:20.1519572Z HEAD is now at 56788a9 Merge dd3a359f07947a4f0b1ef00b06d2119a08103ad2 into 609ea8a73f845b496b59b5cae181f515c5919850
2026-10-02T08:32:20.1627674Z ##[endgroup]
2026-10-02T08:32:20.1677156Z [command]/usr/bin/git log -1 --format=%H
2026-10-02T08:32:20.1709815Z 56788a921762abb5a409f608089d6d04ff1e4031
2026-10-02T08:32:20.1947893Z ##[group]Run sudo apt-get update
2026-10-02T08:32:20.1948351Z [36;1msudo apt-get update[0m
2026-10-02T08:32:20.1948774Z [36;1msudo apt-get install -y --no-install-recommends \[0m
2026-10-02T08:32:20.1949325Z [36;1m  build-essential cmake libgrpc++-dev libprotobuf-dev libpqxx-dev \[0m
2026-10-02T08:32:20.1949944Z [36;1m  nlohmann-json3-dev pkg-config protobuf-compiler protobuf-compiler-grpc[0m
2026-10-02T08:32:20.2630295Z shell: /usr/bin/bash -e {0}
2026-10-02T08:32:20.2630725Z ##[endgroup]
2026-10-02T08:32:20.3937340Z Get:1 file:/etc/apt/apt-mirrors.txt Mirrorlist [144 B]
2026-10-02T08:32:20.4201889Z Get:6 https://packages.microsoft.com/ubuntu/22.04/prod jammy InRelease [3632 B]
2026-10-02T08:32:20.4322524Z Hit:2 http://azure.archive.ubuntu.com/ubuntu jammy InRelease
2026-10-02T08:32:20.4360511Z Get:3 http://azure.archive.ubuntu.com/ubuntu jammy-updates InRelease [128 kB]
2026-10-02T08:32:20.4437074Z Get:4 http://azure.archive.ubuntu.com/ubuntu jammy-backports InRelease [127 kB]
2026-10-02T08:32:20.4477158Z Get:5 http://azure.archive.ubuntu.com/ubuntu jammy-security InRelease [129 kB]
2026-10-02T08:32:20.5060778Z Get:7 https://packages.microsoft.com/ubuntu/22.04/prod jammy/main amd64 Packages [792 kB]
2026-10-02T08:32:20.5297793Z Get:8 https://packages.microsoft.com/ubuntu/22.04/prod jammy/main arm64 Packages [550 kB]
2026-10-02T08:32:20.7116193Z Get:9 http://azure.archive.ubuntu.com/ubuntu jammy-updates/main amd64 Packages [3899 kB]
2026-10-02T08:32:20.7322761Z Get:10 http://azure.archive.ubuntu.com/ubuntu jammy-updates/main Translation-en [575 kB]
2026-10-02T08:32:20.7366832Z Get:11 http://azure.archive.ubuntu.com/ubuntu jammy-updates/restricted amd64 Packages [6701 kB]
2026-10-02T08:32:20.7748794Z Get:12 http://azure.archive.ubuntu.com/ubuntu jammy-updates/restricted Translation-en [1287 kB]
2026-10-02T08:32:20.7815101Z Get:13 http://azure.archive.ubuntu.com/ubuntu jammy-updates/universe amd64 Packages [1285 kB]
2026-10-02T08:32:20.7885752Z Get:14 http://azure.archive.ubuntu.com/ubuntu jammy-updates/universe Translation-en [325 kB]
2026-10-02T08:32:20.9395328Z Get:15 http://azure.archive.ubuntu.com/ubuntu jammy-security/main amd64 Packages [3598 kB]
2026-10-02T08:32:20.9580080Z Get:16 http://azure.archive.ubuntu.com/ubuntu jammy-security/main Translation-en [504 kB]
2026-10-02T08:32:20.9617461Z Get:17 http://azure.archive.ubuntu.com/ubuntu jammy-security/restricted amd64 Packages [6410 kB]
2026-10-02T08:32:20.9956127Z Get:18 http://azure.archive.ubuntu.com/ubuntu jammy-security/restricted Translation-en [1232 kB]
2026-10-02T08:32:21.0463265Z Get:19 http://azure.archive.ubuntu.com/ubuntu jammy-security/universe amd64 Packages [1052 kB]
2026-10-02T08:32:21.0521888Z Get:20 http://azure.archive.ubuntu.com/ubuntu jammy-security/universe Translation-en [236 kB]
2026-10-02T08:32:27.3754511Z Fetched 28.8 MB in 3s (8856 kB/s)
2026-10-02T08:32:28.7946101Z Reading package lists...
2026-10-02T08:32:28.8696353Z Reading package lists...
2026-10-02T08:32:29.1652032Z Building dependency tree...
2026-10-02T08:32:29.1664677Z Reading state information...
2026-10-02T08:32:29.4062562Z build-essential is already the newest version (12.9ubuntu3).
2026-10-02T08:32:29.4063296Z build-essential set to manually installed.
2026-10-02T08:32:29.4063922Z The following additional packages will be installed:
2026-10-02T08:32:29.4065047Z   cmake-data dh-elpa-helper libabsl20210324 libgrpc++1 libgrpc-dev libgrpc10
2026-10-02T08:32:29.4074117Z   libjsoncpp25 libpqxx-6.4 libprotobuf23 libprotoc23 librhash0
2026-10-02T08:32:29.4087303Z Suggested packages:
2026-10-02T08:32:29.4088026Z   cmake-doc ninja-build cmake-format libpqxx-doc protobuf-mode-el
2026-10-02T08:32:29.4399513Z The following packages will be REMOVED:
2026-10-02T08:32:29.4401235Z   pkgconf r-base-dev
2026-10-02T08:32:29.4402283Z The following NEW packages will be installed:
2026-10-02T08:32:29.4407954Z   cmake cmake-data dh-elpa-helper libabsl20210324 libgrpc++-dev libgrpc++1
2026-10-02T08:32:29.4410011Z   libgrpc-dev libgrpc10 libjsoncpp25 libpqxx-6.4 libpqxx-dev libprotobuf-dev
2026-10-02T08:32:29.4418271Z   libprotobuf23 libprotoc23 librhash0 nlohmann-json3-dev pkg-config
2026-10-02T08:32:29.4420612Z   protobuf-compiler protobuf-compiler-grpc
2026-10-02T08:32:29.4643092Z 0 upgraded, 19 newly installed, 2 to remove and 20 not upgraded.
2026-10-02T08:32:29.4644057Z Need to get 14.7 MB of archives.
2026-10-02T08:32:29.5072746Z After this operation, 81.5 MB of additional disk space will be used.
2026-10-02T08:32:29.5073453Z Get:1 file:/etc/apt/apt-mirrors.txt Mirrorlist [144 B]
2026-10-02T08:32:29.5074177Z Get:2 http://azure.archive.ubuntu.com/ubuntu jammy/main amd64 pkg-config amd64 0.29.2-1ubuntu3 [48.2 kB]
2026-10-02T08:32:29.5309138Z Get:3 http://azure.archive.ubuntu.com/ubuntu jammy/main amd64 libjsoncpp25 amd64 1.9.5-3 [80.0 kB]
2026-10-02T08:32:29.5545092Z Get:4 http://azure.archive.ubuntu.com/ubuntu jammy/main amd64 librhash0 amd64 1.4.2-1ubuntu1 [125 kB]
2026-10-02T08:32:29.5771008Z Get:5 http://azure.archive.ubuntu.com/ubuntu jammy/main amd64 dh-elpa-helper all 2.0.9ubuntu1 [7610 B]
2026-10-02T08:32:29.5991380Z Get:6 http://azure.archive.ubuntu.com/ubuntu jammy-updates/main amd64 cmake-data all 3.22.1-1ubuntu1.22.04.2 [1913 kB]
2026-10-02T08:32:29.6538059Z Get:7 http://azure.archive.ubuntu.com/ubuntu jammy-updates/main amd64 cmake amd64 3.22.1-1ubuntu1.22.04.2 [5010 kB]
2026-10-02T08:32:29.7844003Z Get:8 http://azure.archive.ubuntu.com/ubuntu jammy-updates/main amd64 libabsl20210324 amd64 0~20210324.2-2ubuntu0.3 [386 kB]
2026-10-02T08:32:29.8176716Z Get:9 http://azure.archive.ubuntu.com/ubuntu jammy/universe amd64 libgrpc10 amd64 1.30.2-3build6 [1470 kB]
2026-10-02T08:32:29.8742154Z Get:10 http://azure.archive.ubuntu.com/ubuntu jammy-updates/main amd64 libprotobuf23 amd64 3.12.4-1ubuntu7.22.04.6 [877 kB]
2026-10-02T08:32:29.9084703Z Get:11 http://azure.archive.ubuntu.com/ubuntu jammy/universe amd64 libgrpc++1 amd64 1.30.2-3build6 [402 kB]
2026-10-02T08:32:29.9391864Z Get:12 http://azure.archive.ubuntu.com/ubuntu jammy/universe amd64 libgrpc-dev amd64 1.30.2-3build6 [1066 kB]
2026-10-02T08:32:29.9780082Z Get:13 http://azure.archive.ubuntu.com/ubuntu jammy/universe amd64 libgrpc++-dev amd64 1.30.2-3build6 [564 kB]
2026-10-02T08:32:30.0107519Z Get:14 http://azure.archive.ubuntu.com/ubuntu jammy/universe amd64 libpqxx-6.4 amd64 6.4.5-2build1 [155 kB]
2026-10-02T08:32:30.0354500Z Get:15 http://azure.archive.ubuntu.com/ubuntu jammy/universe amd64 libpqxx-dev amd64 6.4.5-2build1 [243 kB]
2026-10-02T08:32:30.0599686Z Get:16 http://azure.archive.ubuntu.com/ubuntu jammy-updates/main amd64 libprotoc23 amd64 3.12.4-1ubuntu7.22.04.6 [662 kB]
2026-10-02T08:32:30.0889065Z Get:17 http://azure.archive.ubuntu.com/ubuntu jammy/universe amd64 nlohmann-json3-dev all 3.10.5-2 [167 kB]
2026-10-02T08:32:30.1148886Z Get:18 http://azure.archive.ubuntu.com/ubuntu jammy-updates/universe amd64 protobuf-compiler amd64 3.12.4-1ubuntu7.22.04.6 [29.2 kB]
2026-10-02T08:32:30.1397170Z Get:19 http://azure.archive.ubuntu.com/ubuntu jammy/universe amd64 protobuf-compiler-grpc amd64 1.30.2-3build6 [185 kB]
2026-10-02T08:32:30.2154711Z Get:20 http://azure.archive.ubuntu.com/ubuntu jammy-updates/main amd64 libprotobuf-dev amd64 3.12.4-1ubuntu7.22.04.6 [1347 kB]
2026-10-02T08:32:30.6653771Z Fetched 14.7 MB in 1s (18.0 MB/s)
2026-10-02T08:32:30.7224202Z (Reading database ... 
2026-10-02T08:32:30.7224735Z (Reading database ... 5%
2026-10-02T08:32:30.7225012Z (Reading database ... 10%
2026-10-02T08:32:30.7225312Z (Reading database ... 15%
2026-10-02T08:32:30.7225934Z (Reading database ... 20%
2026-10-02T08:32:30.7226631Z (Reading database ... 25%
2026-10-02T08:32:30.7227202Z (Reading database ... 30%
2026-10-02T08:32:30.7227601Z (Reading database ... 35%
2026-10-02T08:32:30.7227840Z (Reading database ... 40%
2026-10-02T08:32:30.7228069Z (Reading database ... 45%
2026-10-02T08:32:30.7228298Z (Reading database ... 50%
2026-10-02T08:32:30.8482072Z (Reading database ... 55%
2026-10-02T08:32:31.0566240Z (Reading database ... 60%
2026-10-02T08:32:31.3042453Z (Reading database ... 65%
2026-10-02T08:32:31.5223151Z (Reading database ... 70%
2026-10-02T08:32:31.7425904Z (Reading database ... 75%
2026-10-02T08:32:31.9537985Z (Reading database ... 80%
2026-10-02T08:32:32.1867426Z (Reading database ... 85%
2026-10-02T08:32:32.4431469Z (Reading database ... 90%
2026-10-02T08:32:32.6558820Z (Reading database ... 95%
2026-10-02T08:32:32.6559318Z (Reading database ... 100%
2026-10-02T08:32:32.6559909Z (Reading database ... 260410 files and directories currently installed.)
2026-10-02T08:32:32.6616636Z Removing r-base-dev (4.6.1-6.2204.0) ...
2026-10-02T08:32:32.7681395Z dpkg: pkgconf: dependency problems, but removing anyway as you requested:
2026-10-02T08:32:32.7682503Z  php8.1-dev depends on pkg-config; however:
2026-10-02T08:32:32.7683424Z   Package pkg-config is not installed.
2026-10-02T08:32:32.7684031Z   Package pkgconf which provides pkg-config is to be removed.
2026-10-02T08:32:32.7684917Z  mono-devel depends on pkg-config; however:
2026-10-02T08:32:32.7685650Z   Package pkg-config is not installed.
2026-10-02T08:32:32.7686846Z   Package pkgconf which provides pkg-config is to be removed.
2026-10-02T08:32:32.7687530Z  libmagickwand-6.q16-dev:amd64 depends on pkg-config; however:
2026-10-02T08:32:32.7688122Z   Package pkg-config is not installed.
2026-10-02T08:32:32.7688654Z   Package pkgconf which provides pkg-config is to be removed.
2026-10-02T08:32:32.7689311Z  libmagickcore-6.q16-dev:amd64 depends on pkg-config; however:
2026-10-02T08:32:32.7689886Z   Package pkg-config is not installed.
2026-10-02T08:32:32.7690416Z   Package pkgconf which provides pkg-config is to be removed.
2026-10-02T08:32:32.7691021Z  libglib2.0-dev:amd64 depends on pkg-config; however:
2026-10-02T08:32:32.7691536Z   Package pkg-config is not installed.
2026-10-02T08:32:32.7692064Z   Package pkgconf which provides pkg-config is to be removed.
2026-10-02T08:32:32.7692685Z  libfontconfig-dev:amd64 depends on pkg-config; however:
2026-10-02T08:32:32.7693229Z   Package pkg-config is not installed.
2026-10-02T08:32:32.7693773Z   Package pkgconf which provides pkg-config is to be removed.
2026-10-02T08:32:32.7694178Z 
2026-10-02T08:32:32.7746871Z Removing pkgconf (1.8.0-1) ...
2026-10-02T08:32:32.9467295Z Removing 'diversion of /usr/bin/pkg-config to /usr/bin/pkg-config.real by pkgconf'
2026-10-02T08:32:32.9608152Z Removing 'diversion of /usr/share/aclocal/pkg.m4 to /usr/share/aclocal/pkg.real.m4 by pkgconf'
2026-10-02T08:32:32.9746088Z Removing 'diversion of /usr/share/man/man1/pkg-config.1.gz to /usr/share/man/man1/pkg-config.real.1.gz by pkgconf'
2026-10-02T08:32:32.9891361Z Removing 'diversion of /usr/share/pkg-config-crosswrapper to /usr/share/pkg-config-crosswrapper.real by pkgconf'
2026-10-02T08:32:33.0481209Z Selecting previously unselected package pkg-config.
2026-10-02T08:32:33.0566311Z (Reading database ... 
2026-10-02T08:32:33.0566803Z (Reading database ... 5%
2026-10-02T08:32:33.0567227Z (Reading database ... 10%
2026-10-02T08:32:33.0567640Z (Reading database ... 15%
2026-10-02T08:32:33.0568084Z (Reading database ... 20%
2026-10-02T08:32:33.0568516Z (Reading database ... 25%
2026-10-02T08:32:33.0568926Z (Reading database ... 30%
2026-10-02T08:32:33.0569328Z (Reading database ... 35%
2026-10-02T08:32:33.0569743Z (Reading database ... 40%
2026-10-02T08:32:33.0570149Z (Reading database ... 45%
2026-10-02T08:32:33.0570557Z (Reading database ... 50%
2026-10-02T08:32:33.0608770Z (Reading database ... 55%
2026-10-02T08:32:33.0649180Z (Reading database ... 60%
2026-10-02T08:32:33.0678910Z (Reading database ... 65%
2026-10-02T08:32:33.0807433Z (Reading database ... 70%
2026-10-02T08:32:33.0851658Z (Reading database ... 75%
2026-10-02T08:32:33.0923914Z (Reading database ... 80%
2026-10-02T08:32:33.1307762Z (Reading database ... 85%
2026-10-02T08:32:33.1327345Z (Reading database ... 90%
2026-10-02T08:32:33.1692588Z (Reading database ... 95%
2026-10-02T08:32:33.1693250Z (Reading database ... 100%
2026-10-02T08:32:33.1694041Z (Reading database ... 260388 files and directories currently installed.)
2026-10-02T08:32:33.1749100Z Preparing to unpack .../00-pkg-config_0.29.2-1ubuntu3_amd64.deb ...
2026-10-02T08:32:33.1757973Z Unpacking pkg-config (0.29.2-1ubuntu3) ...
2026-10-02T08:32:33.2029706Z Selecting previously unselected package libjsoncpp25:amd64.
2026-10-02T08:32:33.2234831Z Preparing to unpack .../01-libjsoncpp25_1.9.5-3_amd64.deb ...
2026-10-02T08:32:33.2252122Z Unpacking libjsoncpp25:amd64 (1.9.5-3) ...
2026-10-02T08:32:33.2506632Z Selecting previously unselected package librhash0:amd64.
2026-10-02T08:32:33.2717327Z Preparing to unpack .../02-librhash0_1.4.2-1ubuntu1_amd64.deb ...
2026-10-02T08:32:33.2727605Z Unpacking librhash0:amd64 (1.4.2-1ubuntu1) ...
2026-10-02T08:32:33.2972296Z Selecting previously unselected package dh-elpa-helper.
2026-10-02T08:32:33.3181101Z Preparing to unpack .../03-dh-elpa-helper_2.0.9ubuntu1_all.deb ...
2026-10-02T08:32:33.3189868Z Unpacking dh-elpa-helper (2.0.9ubuntu1) ...
2026-10-02T08:32:33.3461221Z Selecting previously unselected package cmake-data.
2026-10-02T08:32:33.3674675Z Preparing to unpack .../04-cmake-data_3.22.1-1ubuntu1.22.04.2_all.deb ...
2026-10-02T08:32:33.3830303Z Unpacking cmake-data (3.22.1-1ubuntu1.22.04.2) ...
2026-10-02T08:32:33.9508426Z Selecting previously unselected package cmake.
2026-10-02T08:32:33.9737318Z Preparing to unpack .../05-cmake_3.22.1-1ubuntu1.22.04.2_amd64.deb ...
2026-10-02T08:32:33.9746271Z Unpacking cmake (3.22.1-1ubuntu1.22.04.2) ...
2026-10-02T08:32:34.0988945Z Selecting previously unselected package libabsl20210324:amd64.
2026-10-02T08:32:34.1213677Z Preparing to unpack .../06-libabsl20210324_0~20210324.2-2ubuntu0.3_amd64.deb ...
2026-10-02T08:32:34.1223069Z Unpacking libabsl20210324:amd64 (0~20210324.2-2ubuntu0.3) ...
2026-10-02T08:32:34.1709123Z Selecting previously unselected package libgrpc10:amd64.
2026-10-02T08:32:34.1932125Z Preparing to unpack .../07-libgrpc10_1.30.2-3build6_amd64.deb ...
2026-10-02T08:32:34.1943069Z Unpacking libgrpc10:amd64 (1.30.2-3build6) ...
2026-10-02T08:32:34.2458649Z Selecting previously unselected package libprotobuf23:amd64.
2026-10-02T08:32:34.2677438Z Preparing to unpack .../08-libprotobuf23_3.12.4-1ubuntu7.22.04.6_amd64.deb ...
2026-10-02T08:32:34.2687952Z Unpacking libprotobuf23:amd64 (3.12.4-1ubuntu7.22.04.6) ...
2026-10-02T08:32:34.3069764Z Selecting previously unselected package libgrpc++1:amd64.
2026-10-02T08:32:34.3291028Z Preparing to unpack .../09-libgrpc++1_1.30.2-3build6_amd64.deb ...
2026-10-02T08:32:34.3300418Z Unpacking libgrpc++1:amd64 (1.30.2-3build6) ...
2026-10-02T08:32:34.3621807Z Selecting previously unselected package libgrpc-dev:amd64.
2026-10-02T08:32:34.3837872Z Preparing to unpack .../10-libgrpc-dev_1.30.2-3build6_amd64.deb ...
2026-10-02T08:32:34.3845462Z Unpacking libgrpc-dev:amd64 (1.30.2-3build6) ...
2026-10-02T08:32:34.4581437Z Selecting previously unselected package libgrpc++-dev:amd64.
2026-10-02T08:32:34.4800320Z Preparing to unpack .../11-libgrpc++-dev_1.30.2-3build6_amd64.deb ...
2026-10-02T08:32:34.4808218Z Unpacking libgrpc++-dev:amd64 (1.30.2-3build6) ...
2026-10-02T08:32:34.5621748Z Selecting previously unselected package libpqxx-6.4.
2026-10-02T08:32:34.5831895Z Preparing to unpack .../12-libpqxx-6.4_6.4.5-2build1_amd64.deb ...
2026-10-02T08:32:34.5840024Z Unpacking libpqxx-6.4 (6.4.5-2build1) ...
2026-10-02T08:32:34.6181474Z Selecting previously unselected package libpqxx-dev.
2026-10-02T08:32:34.6391000Z Preparing to unpack .../13-libpqxx-dev_6.4.5-2build1_amd64.deb ...
2026-10-02T08:32:34.6397959Z Unpacking libpqxx-dev (6.4.5-2build1) ...
2026-10-02T08:32:34.6987467Z Selecting previously unselected package libprotoc23:amd64.
2026-10-02T08:32:34.7194955Z Preparing to unpack .../14-libprotoc23_3.12.4-1ubuntu7.22.04.6_amd64.deb ...
2026-10-02T08:32:34.7202036Z Unpacking libprotoc23:amd64 (3.12.4-1ubuntu7.22.04.6) ...
2026-10-02T08:32:34.7518792Z Selecting previously unselected package nlohmann-json3-dev.
2026-10-02T08:32:34.7726036Z Preparing to unpack .../15-nlohmann-json3-dev_3.10.5-2_all.deb ...
2026-10-02T08:32:34.7732861Z Unpacking nlohmann-json3-dev (3.10.5-2) ...
2026-10-02T08:32:34.8644603Z Selecting previously unselected package protobuf-compiler.
2026-10-02T08:32:34.8859952Z Preparing to unpack .../16-protobuf-compiler_3.12.4-1ubuntu7.22.04.6_amd64.deb ...
2026-10-02T08:32:34.8867748Z Unpacking protobuf-compiler (3.12.4-1ubuntu7.22.04.6) ...
2026-10-02T08:32:34.9139740Z Selecting previously unselected package protobuf-compiler-grpc.
2026-10-02T08:32:34.9349288Z Preparing to unpack .../17-protobuf-compiler-grpc_1.30.2-3build6_amd64.deb ...
2026-10-02T08:32:34.9356247Z Unpacking protobuf-compiler-grpc (1.30.2-3build6) ...
2026-10-02T08:32:34.9611015Z Selecting previously unselected package libprotobuf-dev:amd64.
2026-10-02T08:32:34.9818220Z Preparing to unpack .../18-libprotobuf-dev_3.12.4-1ubuntu7.22.04.6_amd64.deb ...
2026-10-02T08:32:34.9825110Z Unpacking libprotobuf-dev:amd64 (3.12.4-1ubuntu7.22.04.6) ...
2026-10-02T08:32:35.0888762Z Setting up libprotobuf23:amd64 (3.12.4-1ubuntu7.22.04.6) ...
2026-10-02T08:32:35.0911744Z Setting up libprotobuf-dev:amd64 (3.12.4-1ubuntu7.22.04.6) ...
2026-10-02T08:32:35.0932362Z Setting up dh-elpa-helper (2.0.9ubuntu1) ...
2026-10-02T08:32:35.0951103Z Setting up libprotoc23:amd64 (3.12.4-1ubuntu7.22.04.6) ...
2026-10-02T08:32:35.0979958Z Setting up libjsoncpp25:amd64 (1.9.5-3) ...
2026-10-02T08:32:35.0999679Z Setting up pkg-config (0.29.2-1ubuntu3) ...
2026-10-02T08:32:35.1352263Z Setting up libabsl20210324:amd64 (0~20210324.2-2ubuntu0.3) ...
2026-10-02T08:32:35.1384606Z Setting up libpqxx-6.4 (6.4.5-2build1) ...
2026-10-02T08:32:35.1401909Z Setting up librhash0:amd64 (1.4.2-1ubuntu1) ...
2026-10-02T08:32:35.1418740Z Setting up cmake-data (3.22.1-1ubuntu1.22.04.2) ...
2026-10-02T08:32:35.2114882Z Setting up nlohmann-json3-dev (3.10.5-2) ...
2026-10-02T08:32:35.2131430Z Setting up libpqxx-dev (6.4.5-2build1) ...
2026-10-02T08:32:35.2150433Z Setting up protobuf-compiler (3.12.4-1ubuntu7.22.04.6) ...
2026-10-02T08:32:35.2167548Z Setting up protobuf-compiler-grpc (1.30.2-3build6) ...
2026-10-02T08:32:35.2184616Z Setting up libgrpc10:amd64 (1.30.2-3build6) ...
2026-10-02T08:32:35.2201624Z Setting up cmake (3.22.1-1ubuntu1.22.04.2) ...
2026-10-02T08:32:35.2218030Z Setting up libgrpc++1:amd64 (1.30.2-3build6) ...
2026-10-02T08:32:35.2237091Z Setting up libgrpc-dev:amd64 (1.30.2-3build6) ...
2026-10-02T08:32:35.2252467Z Setting up libgrpc++-dev:amd64 (1.30.2-3build6) ...
2026-10-02T08:32:35.2277927Z Processing triggers for man-db (2.10.2-1) ...
2026-10-02T08:32:35.2299405Z Not building database; man-db/auto-update is not 'true'.
2026-10-02T08:32:35.2314188Z Processing triggers for libc-bin (2.35-0ubuntu3.15) ...
2026-10-02T08:32:35.9354172Z 
2026-10-02T08:32:35.9354934Z Running kernel seems to be up-to-date.
2026-10-02T08:32:35.9355371Z 
2026-10-02T08:32:35.9355818Z No services need to be restarted.
2026-10-02T08:32:35.9356191Z 
2026-10-02T08:32:35.9366716Z No containers need to be restarted.
2026-10-02T08:32:35.9367113Z 
2026-10-02T08:32:35.9367368Z No user sessions are running outdated binaries.
2026-10-02T08:32:35.9367812Z 
2026-10-02T08:32:35.9368275Z No VM guests are running outdated hypervisor (qemu) binaries on this host.
2026-10-02T08:32:37.8118360Z ##[group]Run cmake -S native/control -B /tmp/build-control -DCMAKE_BUILD_TYPE=Release
2026-10-02T08:32:37.8119036Z [36;1mcmake -S native/control -B /tmp/build-control -DCMAKE_BUILD_TYPE=Release[0m
2026-10-02T08:32:37.8193186Z shell: /usr/bin/bash -e {0}
2026-10-02T08:32:37.8193457Z ##[endgroup]
2026-10-02T08:32:39.1679981Z -- The CXX compiler identification is GNU 11.4.0
2026-10-02T08:32:39.3390874Z -- Detecting CXX compiler ABI info
2026-10-02T08:32:39.5433526Z -- Detecting CXX compiler ABI info - done
2026-10-02T08:32:39.5618162Z -- Check for working CXX compiler: /usr/bin/c++ - skipped
2026-10-02T08:32:39.5683905Z -- Detecting CXX compile features
2026-10-02T08:32:39.5693895Z -- Detecting CXX compile features - done
2026-10-02T08:32:39.6055007Z -- Found PkgConfig: /usr/bin/pkg-config (found version "0.29.2")
2026-10-02T08:32:39.6063519Z -- Checking for module 'grpc++'
2026-10-02T08:32:39.6170649Z --   Found grpc++, version 1.30.2
2026-10-02T08:32:39.6493530Z -- Checking for module 'protobuf'
2026-10-02T08:32:39.6591834Z --   Found protobuf, version 3.12.4
2026-10-02T08:32:39.6827815Z -- Checking for module 'libpqxx'
2026-10-02T08:32:39.6925915Z --   Found libpqxx, version 6.4.5
2026-10-02T08:32:39.7765815Z -- Found OpenSSL: /usr/lib/x86_64-linux-gnu/libcrypto.so (found version "3.0.2")
2026-10-02T08:32:39.7774312Z -- Configuring done (1.1s)
2026-10-02T08:32:39.7980951Z -- Generating done (0.0s)
2026-10-02T08:32:39.7985759Z -- Build files have been written to: /tmp/build-control
2026-10-02T08:32:39.8059813Z ##[group]Run cmake --build /tmp/build-control --parallel
2026-10-02T08:32:39.8060249Z [36;1mcmake --build /tmp/build-control --parallel[0m
2026-10-02T08:32:39.8132599Z shell: /usr/bin/bash -e {0}
2026-10-02T08:32:39.8132868Z ##[endgroup]
2026-10-02T08:32:39.8376235Z [  5%] Generating generated/common.pb.cc, generated/common.grpc.pb.cc, generated/errorcode.pb.cc, generated/errorcode.grpc.pb.cc, generated/taskkind.pb.cc, generated/taskkind.grpc.pb.cc, generated/hotmethod.pb.cc, generated/hotmethod.grpc.pb.cc, generated/healthcheck.pb.cc, generated/healthcheck.grpc.pb.cc, generated/init.pb.cc, generated/init.grpc.pb.cc, generated/control.pb.cc, generated/control.grpc.pb.cc
2026-10-02T08:32:39.8893923Z [ 11%] Building CXX object CMakeFiles/mini-drop-native-control.dir/src/main.cpp.o
2026-10-02T08:32:39.8896154Z [ 17%] Building CXX object CMakeFiles/mini-drop-native-control.dir/generated/common.pb.cc.o
2026-10-02T08:32:39.8897845Z [ 23%] Building CXX object CMakeFiles/mini-drop-native-control.dir/generated/common.grpc.pb.cc.o
2026-10-02T08:32:39.8927536Z [ 29%] Building CXX object CMakeFiles/mini-drop-native-control.dir/generated/errorcode.pb.cc.o
2026-10-02T08:32:39.8947201Z [ 35%] Building CXX object CMakeFiles/mini-drop-native-control.dir/generated/errorcode.grpc.pb.cc.o
2026-10-02T08:32:39.8973366Z [ 41%] Building CXX object CMakeFiles/mini-drop-native-control.dir/generated/taskkind.pb.cc.o
2026-10-02T08:32:39.9128773Z [ 47%] Building CXX object CMakeFiles/mini-drop-native-control.dir/generated/taskkind.grpc.pb.cc.o
2026-10-02T08:32:39.9137588Z [ 52%] Building CXX object CMakeFiles/mini-drop-native-control.dir/generated/hotmethod.grpc.pb.cc.o
2026-10-02T08:32:39.9143386Z [ 58%] Building CXX object CMakeFiles/mini-drop-native-control.dir/generated/hotmethod.pb.cc.o
2026-10-02T08:32:39.9197368Z [ 64%] Building CXX object CMakeFiles/mini-drop-native-control.dir/generated/healthcheck.pb.cc.o
2026-10-02T08:32:39.9216494Z [ 70%] Building CXX object CMakeFiles/mini-drop-native-control.dir/generated/healthcheck.grpc.pb.cc.o
2026-10-02T08:32:39.9425103Z [ 82%] Building CXX object CMakeFiles/mini-drop-native-control.dir/generated/init.grpc.pb.cc.o
2026-10-02T08:32:39.9536988Z [ 88%] Building CXX object CMakeFiles/mini-drop-native-control.dir/generated/control.pb.cc.o
2026-10-02T08:32:39.9596823Z [ 76%] Building CXX object CMakeFiles/mini-drop-native-control.dir/generated/init.pb.cc.o
2026-10-02T08:32:39.9686915Z [ 94%] Building CXX object CMakeFiles/mini-drop-native-control.dir/generated/control.grpc.pb.cc.o
2026-10-02T08:32:43.7097134Z In file included from /tmp/build-control/generated/hotmethod.pb.cc:4:
2026-10-02T08:32:43.7195492Z /tmp/build-control/generated/hotmethod.pb.h: In member function ‘mini_drop::RecordArgv* mini_drop::TaskDesc::release_sample_argv()’:
2026-10-02T08:32:43.7287577Z /tmp/build-control/generated/hotmethod.pb.h:3159:47: warning: ‘mini_drop::RecordArgv* mini_drop::TaskDesc::unsafe_arena_release_sample_argv()’ is deprecated [-Wdeprecated-declarations]
2026-10-02T08:32:43.7316537Z  3159 |   auto temp = unsafe_arena_release_sample_argv();
2026-10-02T08:32:43.7376875Z       |               ~~~~~~~~~~~~~~~~~~~~~~~~~~~~~~~~^~
2026-10-02T08:32:43.7466838Z /tmp/build-control/generated/hotmethod.pb.h:449:48: note: declared here
2026-10-02T08:32:43.7516737Z   449 |   PROTOBUF_DEPRECATED ::mini_drop::RecordArgv* unsafe_arena_release_sample_argv();
2026-10-02T08:32:43.7586534Z       |                                                ^~~~~~~~~~~~~~~~~~~~~~~~~~~~~~~~
2026-10-02T08:32:43.7647935Z /tmp/build-control/generated/hotmethod.pb.h: In member function ‘mini_drop::CosConfig* mini_drop::TaskDesc::release_cos_config()’:
2026-10-02T08:32:43.7738112Z /tmp/build-control/generated/hotmethod.pb.h:3355:46: warning: ‘mini_drop::CosConfig* mini_drop::TaskDesc::unsafe_arena_release_cos_config()’ is deprecated [-Wdeprecated-declarations]
2026-10-02T08:32:43.7766507Z  3355 |   auto temp = unsafe_arena_release_cos_config();
2026-10-02T08:32:43.7857331Z       |               ~~~~~~~~~~~~~~~~~~~~~~~~~~~~~~~^~
2026-10-02T08:32:43.7916632Z /tmp/build-control/generated/hotmethod.pb.h:467:47: note: declared here
2026-10-02T08:32:43.7976852Z   467 |   PROTOBUF_DEPRECATED ::mini_drop::CosConfig* unsafe_arena_release_cos_config();
2026-10-02T08:32:43.8036479Z       |                                               ^~~~~~~~~~~~~~~~~~~~~~~~~~~~~~~
2026-10-02T08:32:43.8366856Z In file included from /tmp/build-control/generated/control.pb.h:36,
2026-10-02T08:32:43.8426540Z                  from /tmp/build-control/generated/control.pb.cc:4:
2026-10-02T08:32:43.8487529Z /tmp/build-control/generated/hotmethod.pb.h: In member function ‘mini_drop::RecordArgv* mini_drop::TaskDesc::release_sample_argv()’:
2026-10-02T08:32:43.8507966Z /tmp/build-control/generated/hotmethod.pb.h:3159:47: warning: ‘mini_drop::RecordArgv* mini_drop::TaskDesc::unsafe_arena_release_sample_argv()’ is deprecated [-Wdeprecated-declarations]
2026-10-02T08:32:43.8626665Z  3159 |   auto temp = unsafe_arena_release_sample_argv();
2026-10-02T08:32:43.8666433Z       |               ~~~~~~~~~~~~~~~~~~~~~~~~~~~~~~~~^~
2026-10-02T08:32:43.8761380Z /tmp/build-control/generated/hotmethod.pb.h:449:48: note: declared here
2026-10-02T08:32:43.8776589Z   449 |   PROTOBUF_DEPRECATED ::mini_drop::RecordArgv* unsafe_arena_release_sample_argv();
2026-10-02T08:32:43.8846587Z       |                                                ^~~~~~~~~~~~~~~~~~~~~~~~~~~~~~~~
2026-10-02T08:32:43.8848543Z /tmp/build-control/generated/hotmethod.pb.h: In member function ‘mini_drop::CosConfig* mini_drop::TaskDesc::release_cos_config()’:
2026-10-02T08:32:43.8907774Z /tmp/build-control/generated/hotmethod.pb.h:3355:46: warning: ‘mini_drop::CosConfig* mini_drop::TaskDesc::unsafe_arena_release_cos_config()’ is deprecated [-Wdeprecated-declarations]
2026-10-02T08:32:43.8996586Z  3355 |   auto temp = unsafe_arena_release_cos_config();
2026-10-02T08:32:43.9056356Z       |               ~~~~~~~~~~~~~~~~~~~~~~~~~~~~~~~^~
2026-10-02T08:32:43.9116602Z /tmp/build-control/generated/hotmethod.pb.h:467:47: note: declared here
2026-10-02T08:32:43.9196819Z   467 |   PROTOBUF_DEPRECATED ::mini_drop::CosConfig* unsafe_arena_release_cos_config();
2026-10-02T08:32:43.9236308Z       |                                               ^~~~~~~~~~~~~~~~~~~~~~~~~~~~~~~
2026-10-02T08:32:43.9598495Z /tmp/build-control/generated/hotmethod.pb.cc: In member function ‘virtual google::protobuf::uint8* mini_drop::TaskDesc::_InternalSerialize(google::protobuf::uint8*, google::protobuf::io::EpsCopyOutputStream*) const’:
2026-10-02T08:32:43.9657755Z /tmp/build-control/generated/hotmethod.pb.cc:1228:28: warning: ‘bool mini_drop::TaskDesc::has_sample_argv() const’ is deprecated [-Wdeprecated-declarations]
2026-10-02T08:32:43.9686365Z  1228 |   if (this->has_sample_argv()) {
2026-10-02T08:32:43.9686893Z       |       ~~~~~~~~~~~~~~~~~~~~~^~
2026-10-02T08:32:43.9687540Z In file included from /tmp/build-control/generated/hotmethod.pb.cc:4:
2026-10-02T08:32:43.9688420Z /tmp/build-control/generated/hotmethod.pb.h:3127:13: note: declared here
2026-10-02T08:32:43.9689283Z  3127 | inline bool TaskDesc::has_sample_argv() const {
2026-10-02T08:32:43.9689819Z       |             ^~~~~~~~
2026-10-02T08:32:43.9691313Z /tmp/build-control/generated/hotmethod.pb.cc:1258:27: warning: ‘bool mini_drop::TaskDesc::has_cos_config() const’ is deprecated [-Wdeprecated-declarations]
2026-10-02T08:32:43.9692507Z  1258 |   if (this->has_cos_config()) {
2026-10-02T08:32:43.9693008Z       |       ~~~~~~~~~~~~~~~~~~~~^~
2026-10-02T08:32:43.9693637Z In file included from /tmp/build-control/generated/hotmethod.pb.cc:4:
2026-10-02T08:32:43.9694509Z /tmp/build-control/generated/hotmethod.pb.h:3329:13: note: declared here
2026-10-02T08:32:43.9695311Z  3329 | inline bool TaskDesc::has_cos_config() const {
2026-10-02T08:32:43.9696153Z       |             ^~~~~~~~
2026-10-02T08:32:43.9697572Z /tmp/build-control/generated/hotmethod.pb.cc: In member function ‘virtual size_t mini_drop::TaskDesc::ByteSizeLong() const’:
2026-10-02T08:32:43.9778575Z /tmp/build-control/generated/hotmethod.pb.cc:1451:28: warning: ‘bool mini_drop::TaskDesc::has_sample_argv() const’ is deprecated [-Wdeprecated-declarations]
2026-10-02T08:32:43.9866415Z  1451 |   if (this->has_sample_argv()) {
2026-10-02T08:32:43.9896410Z       |       ~~~~~~~~~~~~~~~~~~~~~^~
2026-10-02T08:32:43.9986760Z In file included from /tmp/build-control/generated/hotmethod.pb.cc:4:
2026-10-02T08:32:44.0046612Z /tmp/build-control/generated/hotmethod.pb.h:3127:13: note: declared here
2026-10-02T08:32:44.0106476Z  3127 | inline bool TaskDesc::has_sample_argv() const {
2026-10-02T08:32:44.0166379Z       |             ^~~~~~~~
2026-10-02T08:32:44.0237716Z /tmp/build-control/generated/hotmethod.pb.cc:1458:27: warning: ‘bool mini_drop::TaskDesc::has_cos_config() const’ is deprecated [-Wdeprecated-declarations]
2026-10-02T08:32:44.0286309Z  1458 |   if (this->has_cos_config()) {
2026-10-02T08:32:44.0346461Z       |       ~~~~~~~~~~~~~~~~~~~~^~
2026-10-02T08:32:44.0436586Z In file included from /tmp/build-control/generated/hotmethod.pb.cc:4:
2026-10-02T08:32:44.0496580Z /tmp/build-control/generated/hotmethod.pb.h:3329:13: note: declared here
2026-10-02T08:32:44.0556643Z  3329 | inline bool TaskDesc::has_cos_config() const {
2026-10-02T08:32:44.0616443Z       |             ^~~~~~~~
2026-10-02T08:32:44.0677868Z /tmp/build-control/generated/hotmethod.pb.cc: In member function ‘void mini_drop::TaskDesc::MergeFrom(const mini_drop::TaskDesc&)’:
2026-10-02T08:32:44.0737736Z /tmp/build-control/generated/hotmethod.pb.cc:1609:27: warning: ‘bool mini_drop::TaskDesc::has_sample_argv() const’ is deprecated [-Wdeprecated-declarations]
2026-10-02T08:32:44.0796419Z  1609 |   if (from.has_sample_argv()) {
2026-10-02T08:32:44.0866315Z       |       ~~~~~~~~~~~~~~~~~~~~^~
2026-10-02T08:32:44.0926918Z In file included from /tmp/build-control/generated/hotmethod.pb.cc:4:
2026-10-02T08:32:44.0986597Z /tmp/build-control/generated/hotmethod.pb.h:3127:13: note: declared here
2026-10-02T08:32:44.1066666Z  3127 | inline bool TaskDesc::has_sample_argv() const {
2026-10-02T08:32:44.1126569Z       |             ^~~~~~~~
2026-10-02T08:32:44.1187783Z /tmp/build-control/generated/hotmethod.pb.cc:1612:26: warning: ‘bool mini_drop::TaskDesc::has_cos_config() const’ is deprecated [-Wdeprecated-declarations]
2026-10-02T08:32:44.1246511Z  1612 |   if (from.has_cos_config()) {
2026-10-02T08:32:44.1336175Z       |       ~~~~~~~~~~~~~~~~~~~^~
2026-10-02T08:32:44.1396531Z In file included from /tmp/build-control/generated/hotmethod.pb.cc:4:
2026-10-02T08:32:44.1456483Z /tmp/build-control/generated/hotmethod.pb.h:3329:13: note: declared here
2026-10-02T08:32:44.1516579Z  3329 | inline bool TaskDesc::has_cos_config() const {
2026-10-02T08:32:44.1576313Z       |             ^~~~~~~~
2026-10-02T08:32:44.9896867Z In file included from /tmp/build-control/generated/control.pb.h:36,
2026-10-02T08:32:44.9986628Z                  from /tmp/build-control/generated/control.grpc.pb.cc:5:
2026-10-02T08:32:45.0077579Z /tmp/build-control/generated/hotmethod.pb.h: In member function ‘mini_drop::RecordArgv* mini_drop::TaskDesc::release_sample_argv()’:
2026-10-02T08:32:45.0167867Z /tmp/build-control/generated/hotmethod.pb.h:3159:47: warning: ‘mini_drop::RecordArgv* mini_drop::TaskDesc::unsafe_arena_release_sample_argv()’ is deprecated [-Wdeprecated-declarations]
2026-10-02T08:32:45.0226394Z  3159 |   auto temp = unsafe_arena_release_sample_argv();
2026-10-02T08:32:45.0316337Z       |               ~~~~~~~~~~~~~~~~~~~~~~~~~~~~~~~~^~
2026-10-02T08:32:45.0406485Z /tmp/build-control/generated/hotmethod.pb.h:449:48: note: declared here
2026-10-02T08:32:45.0466811Z   449 |   PROTOBUF_DEPRECATED ::mini_drop::RecordArgv* unsafe_arena_release_sample_argv();
2026-10-02T08:32:45.0596562Z       |                                                ^~~~~~~~~~~~~~~~~~~~~~~~~~~~~~~~
2026-10-02T08:32:45.0657415Z /tmp/build-control/generated/hotmethod.pb.h: In member function ‘mini_drop::CosConfig* mini_drop::TaskDesc::release_cos_config()’:
2026-10-02T08:32:45.0688226Z /tmp/build-control/generated/hotmethod.pb.h:3355:46: warning: ‘mini_drop::CosConfig* mini_drop::TaskDesc::unsafe_arena_release_cos_config()’ is deprecated [-Wdeprecated-declarations]
2026-10-02T08:32:45.0746417Z  3355 |   auto temp = unsafe_arena_release_cos_config();
2026-10-02T08:32:45.0776412Z       |               ~~~~~~~~~~~~~~~~~~~~~~~~~~~~~~~^~
2026-10-02T08:32:45.0836430Z /tmp/build-control/generated/hotmethod.pb.h:467:47: note: declared here
2026-10-02T08:32:45.0866789Z   467 |   PROTOBUF_DEPRECATED ::mini_drop::CosConfig* unsafe_arena_release_cos_config();
2026-10-02T08:32:45.0926280Z       |                                               ^~~~~~~~~~~~~~~~~~~~~~~~~~~~~~~
2026-10-02T08:32:45.2818900Z /tmp/build-control/generated/common.pb.cc: In member function ‘virtual google::protobuf::uint8* mini_drop::CosConfig::_InternalSerialize(google::protobuf::uint8*, google::protobuf::io::EpsCopyOutputStream*) const’:
2026-10-02T08:32:45.2907960Z /tmp/build-control/generated/common.pb.cc:664:23: warning: ‘const string& mini_drop::CosConfig::access_key() const’ is deprecated [-Wdeprecated-declarations]
2026-10-02T08:32:45.2936363Z   664 |   if (this->access_key().size() > 0) {
2026-10-02T08:32:45.3026504Z       |       ~~~~~~~~~~~~~~~~^~
2026-10-02T08:32:45.3146834Z In file included from /tmp/build-control/generated/healthcheck.pb.h:37,
2026-10-02T08:32:45.3206753Z                  from /tmp/build-control/generated/healthcheck.pb.cc:4:
2026-10-02T08:32:45.3328008Z /tmp/build-control/generated/hotmethod.pb.h: In member function ‘mini_drop::RecordArgv* mini_drop::TaskDesc::release_sample_argv()’:
2026-10-02T08:32:45.3357763Z /tmp/build-control/generated/hotmethod.pb.h:3159:47: warning: ‘mini_drop::RecordArgv* mini_drop::TaskDesc::unsafe_arena_release_sample_argv()’ is deprecated [-Wdeprecated-declarations]
2026-10-02T08:32:45.3446521Z  3159 |   auto temp = unsafe_arena_release_sample_argv();
2026-10-02T08:32:45.3536478Z       |               ~~~~~~~~~~~~~~~~~~~~~~~~~~~~~~~~^~
2026-10-02T08:32:45.3596614Z /tmp/build-control/generated/hotmethod.pb.h:449:48: note: declared here
2026-10-02T08:32:45.3687130Z   449 |   PROTOBUF_DEPRECATED ::mini_drop::RecordArgv* unsafe_arena_release_sample_argv();
2026-10-02T08:32:45.3766794Z       |                                                ^~~~~~~~~~~~~~~~~~~~~~~~~~~~~~~~
2026-10-02T08:32:45.3826554Z In file included from /tmp/build-control/generated/common.pb.cc:4:
2026-10-02T08:32:45.3856497Z /tmp/build-control/generated/common.pb.h:1130:27: note: declared here
2026-10-02T08:32:45.3857519Z  1130 | inline const std::string& CosConfig::access_key() const {
2026-10-02T08:32:45.3996426Z       |                           ^~~~~~~~~
2026-10-02T08:32:45.4128005Z /tmp/build-control/generated/common.pb.cc:674:23: warning: ‘const string& mini_drop::CosConfig::secret_key() const’ is deprecated [-Wdeprecated-declarations]
2026-10-02T08:32:45.4216603Z   674 |   if (this->secret_key().size() > 0) {
2026-10-02T08:32:45.4276411Z       |       ~~~~~~~~~~~~~~~~^~
2026-10-02T08:32:45.4386763Z In file included from /tmp/build-control/generated/common.pb.cc:4:
2026-10-02T08:32:45.4496848Z /tmp/build-control/generated/common.pb.h:1211:27: note: declared here
2026-10-02T08:32:45.4556867Z  1211 | inline const std::string& CosConfig::secret_key() const {
2026-10-02T08:32:45.4706689Z       |                           ^~~~~~~~~
2026-10-02T08:32:45.4797721Z /tmp/build-control/generated/common.pb.cc: In member function ‘virtual size_t mini_drop::CosConfig::ByteSizeLong() const’:
2026-10-02T08:32:45.4908017Z /tmp/build-control/generated/common.pb.cc:727:23: warning: ‘const string& mini_drop::CosConfig::access_key() const’ is deprecated [-Wdeprecated-declarations]
2026-10-02T08:32:45.5046670Z   727 |   if (this->access_key().size() > 0) {
2026-10-02T08:32:45.5106495Z       |       ~~~~~~~~~~~~~~~~^~
2026-10-02T08:32:45.5196762Z In file included from /tmp/build-control/generated/common.pb.cc:4:
2026-10-02T08:32:45.5197805Z /tmp/build-control/generated/common.pb.h:1130:27: note: declared here
2026-10-02T08:32:45.5317026Z  1130 | inline const std::string& CosConfig::access_key() const {
2026-10-02T08:32:45.5427108Z       |                           ^~~~~~~~~
2026-10-02T08:32:45.5528041Z /tmp/build-control/generated/hotmethod.pb.h: In member function ‘mini_drop::CosConfig* mini_drop::TaskDesc::release_cos_config()’:
2026-10-02T08:32:45.5557837Z /tmp/build-control/generated/hotmethod.pb.h:3355:46: warning: ‘mini_drop::CosConfig* mini_drop::TaskDesc::unsafe_arena_release_cos_config()’ is deprecated [-Wdeprecated-declarations]
2026-10-02T08:32:45.5656753Z  3355 |   auto temp = unsafe_arena_release_cos_config();
2026-10-02T08:32:45.5806694Z       |               ~~~~~~~~~~~~~~~~~~~~~~~~~~~~~~~^~
2026-10-02T08:32:45.5836600Z /tmp/build-control/generated/hotmethod.pb.h:467:47: note: declared here
2026-10-02T08:32:45.5896762Z   467 |   PROTOBUF_DEPRECATED ::mini_drop::CosConfig* unsafe_arena_release_cos_config();
2026-10-02T08:32:45.5986624Z       |                                               ^~~~~~~~~~~~~~~~~~~~~~~~~~~~~~~
2026-10-02T08:32:45.6077986Z /tmp/build-control/generated/common.pb.cc:734:23: warning: ‘const string& mini_drop::CosConfig::secret_key() const’ is deprecated [-Wdeprecated-declarations]
2026-10-02T08:32:45.6106387Z   734 |   if (this->secret_key().size() > 0) {
2026-10-02T08:32:45.6186628Z       |       ~~~~~~~~~~~~~~~~^~
2026-10-02T08:32:45.6246651Z In file included from /tmp/build-control/generated/common.pb.cc:4:
2026-10-02T08:32:45.6306676Z /tmp/build-control/generated/common.pb.h:1211:27: note: declared here
2026-10-02T08:32:45.6366658Z  1211 | inline const std::string& CosConfig::secret_key() const {
2026-10-02T08:32:45.6426521Z       |                           ^~~~~~~~~
2026-10-02T08:32:45.6547597Z /tmp/build-control/generated/common.pb.cc: In member function ‘void mini_drop::CosConfig::MergeFrom(const mini_drop::CosConfig&)’:
2026-10-02T08:32:45.6607640Z /tmp/build-control/generated/common.pb.cc:788:22: warning: ‘const string& mini_drop::CosConfig::access_key() const’ is deprecated [-Wdeprecated-declarations]
2026-10-02T08:32:45.6717281Z   788 |   if (from.access_key().size() > 0) {
2026-10-02T08:32:45.6776561Z       |       ~~~~~~~~~~~~~~~^~
2026-10-02T08:32:45.6816539Z In file included from /tmp/build-control/generated/common.pb.cc:4:
2026-10-02T08:32:45.6866675Z /tmp/build-control/generated/common.pb.h:1130:27: note: declared here
2026-10-02T08:32:45.6867637Z  1130 | inline const std::string& CosConfig::access_key() const {
2026-10-02T08:32:45.6868263Z       |                           ^~~~~~~~~
2026-10-02T08:32:45.6870171Z /tmp/build-control/generated/common.pb.cc:791:22: warning: ‘const string& mini_drop::CosConfig::secret_key() const’ is deprecated [-Wdeprecated-declarations]
2026-10-02T08:32:45.6966712Z   791 |   if (from.secret_key().size() > 0) {
2026-10-02T08:32:45.6986360Z       |       ~~~~~~~~~~~~~~~^~
2026-10-02T08:32:45.6987037Z In file included from /tmp/build-control/generated/common.pb.cc:4:
2026-10-02T08:32:45.6987898Z /tmp/build-control/generated/common.pb.h:1211:27: note: declared here
2026-10-02T08:32:45.6988799Z  1211 | inline const std::string& CosConfig::secret_key() const {
2026-10-02T08:32:45.6989425Z       |                           ^~~~~~~~~
2026-10-02T08:32:45.6990132Z In file included from /tmp/build-control/generated/hotmethod.grpc.pb.cc:5:
2026-10-02T08:32:45.6991946Z /tmp/build-control/generated/hotmethod.pb.h: In member function ‘mini_drop::RecordArgv* mini_drop::TaskDesc::release_sample_argv()’:
2026-10-02T08:32:45.6994361Z /tmp/build-control/generated/hotmethod.pb.h:3159:47: warning: ‘mini_drop::RecordArgv* mini_drop::TaskDesc::unsafe_arena_release_sample_argv()’ is deprecated [-Wdeprecated-declarations]
2026-10-02T08:32:45.6996192Z  3159 |   auto temp = unsafe_arena_release_sample_argv();
2026-10-02T08:32:45.6996761Z       |               ~~~~~~~~~~~~~~~~~~~~~~~~~~~~~~~~^~
2026-10-02T08:32:45.6997431Z /tmp/build-control/generated/hotmethod.pb.h:449:48: note: declared here
2026-10-02T08:32:45.6998381Z   449 |   PROTOBUF_DEPRECATED ::mini_drop::RecordArgv* unsafe_arena_release_sample_argv();
2026-10-02T08:32:45.7120510Z       |                                                ^~~~~~~~~~~~~~~~~~~~~~~~~~~~~~~~
2026-10-02T08:32:45.7121765Z In file included from /tmp/build-control/generated/healthcheck.pb.h:37,
2026-10-02T08:32:45.7122647Z                  from /tmp/build-control/generated/healthcheck.grpc.pb.cc:5:
2026-10-02T08:32:45.7124495Z /tmp/build-control/generated/hotmethod.pb.h: In member function ‘mini_drop::RecordArgv* mini_drop::TaskDesc::release_sample_argv()’:
2026-10-02T08:32:45.7157701Z /tmp/build-control/generated/hotmethod.pb.h:3159:47: warning: ‘mini_drop::RecordArgv* mini_drop::TaskDesc::unsafe_arena_release_sample_argv()’ is deprecated [-Wdeprecated-declarations]
2026-10-02T08:32:45.7159238Z  3159 |   auto temp = unsafe_arena_release_sample_argv();
2026-10-02T08:32:45.7159849Z       |               ~~~~~~~~~~~~~~~~~~~~~~~~~~~~~~~~^~
2026-10-02T08:32:45.7160593Z /tmp/build-control/generated/hotmethod.pb.h:449:48: note: declared here
2026-10-02T08:32:45.7161628Z   449 |   PROTOBUF_DEPRECATED ::mini_drop::RecordArgv* unsafe_arena_release_sample_argv();
2026-10-02T08:32:45.7162453Z       |                                                ^~~~~~~~~~~~~~~~~~~~~~~~~~~~~~~~
2026-10-02T08:32:45.7163882Z /tmp/build-control/generated/hotmethod.pb.h: In member function ‘mini_drop::CosConfig* mini_drop::TaskDesc::release_cos_config()’:
2026-10-02T08:32:45.7226631Z /tmp/build-control/generated/hotmethod.pb.h:3355:46: warning: ‘mini_drop::CosConfig* mini_drop::TaskDesc::unsafe_arena_release_cos_config()’ is deprecated [-Wdeprecated-declarations]
2026-10-02T08:32:45.7228291Z  3355 |   auto temp = unsafe_arena_release_cos_config();
2026-10-02T08:32:45.7228881Z       |               ~~~~~~~~~~~~~~~~~~~~~~~~~~~~~~~^~
2026-10-02T08:32:45.7229584Z /tmp/build-control/generated/hotmethod.pb.h:467:47: note: declared here
2026-10-02T08:32:45.7230602Z   467 |   PROTOBUF_DEPRECATED ::mini_drop::CosConfig* unsafe_arena_release_cos_config();
2026-10-02T08:32:45.7231433Z       |                                               ^~~~~~~~~~~~~~~~~~~~~~~~~~~~~~~
2026-10-02T08:32:45.7233020Z /tmp/build-control/generated/hotmethod.pb.h: In member function ‘mini_drop::CosConfig* mini_drop::TaskDesc::release_cos_config()’:
2026-10-02T08:32:45.7235277Z /tmp/build-control/generated/hotmethod.pb.h:3355:46: warning: ‘mini_drop::CosConfig* mini_drop::TaskDesc::unsafe_arena_release_cos_config()’ is deprecated [-Wdeprecated-declarations]
2026-10-02T08:32:45.7236993Z  3355 |   auto temp = unsafe_arena_release_cos_config();
2026-10-02T08:32:45.7237598Z       |               ~~~~~~~~~~~~~~~~~~~~~~~~~~~~~~~^~
2026-10-02T08:32:45.7238282Z /tmp/build-control/generated/hotmethod.pb.h:467:47: note: declared here
2026-10-02T08:32:45.7239272Z   467 |   PROTOBUF_DEPRECATED ::mini_drop::CosConfig* unsafe_arena_release_cos_config();
2026-10-02T08:32:45.7240080Z       |                                               ^~~~~~~~~~~~~~~~~~~~~~~~~~~~~~~
2026-10-02T08:32:46.9197059Z In file included from /tmp/build-control/generated/healthcheck.pb.h:37,
2026-10-02T08:32:46.9266517Z                  from /tmp/build-control/generated/healthcheck.grpc.pb.h:15,
2026-10-02T08:32:46.9326508Z                  from /home/runner/work/mini-drop/mini-drop/native/control/src/main.cpp:10:
2026-10-02T08:32:46.9387588Z /tmp/build-control/generated/hotmethod.pb.h: In member function ‘mini_drop::RecordArgv* mini_drop::TaskDesc::release_sample_argv()’:
2026-10-02T08:32:46.9417583Z /tmp/build-control/generated/hotmethod.pb.h:3159:47: warning: ‘mini_drop::RecordArgv* mini_drop::TaskDesc::unsafe_arena_release_sample_argv()’ is deprecated [-Wdeprecated-declarations]
2026-10-02T08:32:46.9446278Z  3159 |   auto temp = unsafe_arena_release_sample_argv();
2026-10-02T08:32:46.9506214Z       |               ~~~~~~~~~~~~~~~~~~~~~~~~~~~~~~~~^~
2026-10-02T08:32:46.9557019Z /tmp/build-control/generated/hotmethod.pb.h:449:48: note: declared here
2026-10-02T08:32:46.9626516Z   449 |   PROTOBUF_DEPRECATED ::mini_drop::RecordArgv* unsafe_arena_release_sample_argv();
2026-10-02T08:32:46.9686632Z       |                                                ^~~~~~~~~~~~~~~~~~~~~~~~~~~~~~~~
2026-10-02T08:32:46.9717313Z /tmp/build-control/generated/hotmethod.pb.h: In member function ‘mini_drop::CosConfig* mini_drop::TaskDesc::release_cos_config()’:
2026-10-02T08:32:46.9747496Z /tmp/build-control/generated/hotmethod.pb.h:3355:46: warning: ‘mini_drop::CosConfig* mini_drop::TaskDesc::unsafe_arena_release_cos_config()’ is deprecated [-Wdeprecated-declarations]
2026-10-02T08:32:46.9806283Z  3355 |   auto temp = unsafe_arena_release_cos_config();
2026-10-02T08:32:46.9836185Z       |               ~~~~~~~~~~~~~~~~~~~~~~~~~~~~~~~^~
2026-10-02T08:32:46.9866365Z /tmp/build-control/generated/hotmethod.pb.h:467:47: note: declared here
2026-10-02T08:32:46.9926474Z   467 |   PROTOBUF_DEPRECATED ::mini_drop::CosConfig* unsafe_arena_release_cos_config();
2026-10-02T08:32:46.9956367Z       |                                               ^~~~~~~~~~~~~~~~~~~~~~~~~~~~~~~
2026-10-02T08:32:50.4508638Z /home/runner/work/mini-drop/mini-drop/native/control/src/main.cpp: In member function ‘virtual grpc::Status {anonymous}::HealthService::Do(grpc::ServerContext*, const mini_drop::HealthCheckRequest*, mini_drop::HealthCheckResponse*)’:
2026-10-02T08:32:50.4517921Z /home/runner/work/mini-drop/mini-drop/native/control/src/main.cpp:894:47: warning: ‘mini_drop::RecordArgv* mini_drop::TaskDesc::mutable_sample_argv()’ is deprecated [-Wdeprecated-declarations]
2026-10-02T08:32:50.4546729Z   894 |       auto* sample = desc->mutable_sample_argv();
2026-10-02T08:32:50.4547894Z       |                      ~~~~~~~~~~~~~~~~~~~~~~~~~^~
2026-10-02T08:32:50.4576618Z In file included from /tmp/build-control/generated/healthcheck.pb.h:37,
2026-10-02T08:32:50.4606506Z                  from /tmp/build-control/generated/healthcheck.grpc.pb.h:15,
2026-10-02T08:32:50.4636566Z                  from /home/runner/work/mini-drop/mini-drop/native/control/src/main.cpp:10:
2026-10-02T08:32:50.4637835Z /tmp/build-control/generated/hotmethod.pb.h:3180:33: note: declared here
2026-10-02T08:32:50.4666692Z  3180 | inline ::mini_drop::RecordArgv* TaskDesc::mutable_sample_argv() {
2026-10-02T08:32:50.4696314Z       |                                 ^~~~~~~~
2026-10-02T08:32:58.8870259Z [100%] Linking CXX executable mini-drop-native-control
2026-10-02T08:32:59.0849386Z [100%] Built target mini-drop-native-control
2026-10-02T08:32:59.1061804Z Post job cleanup.
2026-10-02T08:32:59.2000350Z [command]/usr/bin/git version
2026-10-02T08:32:59.2050307Z git version 2.55.0
2026-10-02T08:32:59.2099068Z Temporarily overriding HOME='/home/runner/work/_temp/49792096-edc7-416b-9b92-1f23227957bf' before making global git config changes
2026-10-02T08:32:59.2100565Z Adding repository directory to the temporary git global config as a safe directory
2026-10-02T08:32:59.2104663Z [command]/usr/bin/git config --global --add safe.directory /home/runner/work/mini-drop/mini-drop
2026-10-02T08:32:59.2151117Z [command]/usr/bin/git config --local --name-only --get-regexp core\.sshCommand
2026-10-02T08:32:59.2192618Z [command]/usr/bin/git submodule foreach --recursive sh -c "git config --local --name-only --get-regexp 'core\.sshCommand' && git config --local --unset-all 'core.sshCommand' || :"
2026-10-02T08:32:59.2509607Z [command]/usr/bin/git config --local --name-only --get-regexp http\.https\:\/\/github\.com\/\.extraheader
2026-10-02T08:32:59.2544166Z http.https://github.com/.extraheader
2026-10-02T08:32:59.2566413Z [command]/usr/bin/git config --local --unset-all http.https://github.com/.extraheader
2026-10-02T08:32:59.2599492Z [command]/usr/bin/git submodule foreach --recursive sh -c "git config --local --name-only --get-regexp 'http\.https\:\/\/github\.com\/\.extraheader' && git config --local --unset-all 'http.https://github.com/.extraheader' || :"
2026-10-02T08:32:59.2918128Z [command]/usr/bin/git config --local --name-only --get-regexp ^includeIf\.gitdir:
2026-10-02T08:32:59.2965473Z [command]/usr/bin/git submodule foreach --recursive git config --local --show-origin --name-only --get-regexp remote.origin.url
2026-10-02T08:32:59.3439961Z Cleaning up orphan processes
2026-10-02T08:32:59.3808114Z ##[warning]Node.js 20 is deprecated. The following actions target Node.js 20 but are being forced to run on Node.js 24: actions/checkout@v4. For more information see: https://github.blog/changelog/2025-09-19-deprecation-of-node-20-on-github-actions-runners/
