2026-10-02T08:32:09.5378051Z Current runner version: '2.337.0'
2026-10-02T08:32:09.5403836Z ##[group]Runner Image Provisioner
2026-10-02T08:32:09.5404731Z Hosted Compute Agent
2026-10-02T08:32:09.5405460Z Version: 20260901.588
2026-10-02T08:32:09.5406129Z Commit: f88ec8081b781fac6c440065ac7ff9e710ce3d0b
2026-10-02T08:32:09.5406870Z Build Date: 2026-09-01T19:56:44Z
2026-10-02T08:32:09.5407678Z Worker ID: {cf992957-5e19-49dd-a254-99787bde9d9f}
2026-10-02T08:32:09.5408413Z Azure Region: eastus
2026-10-02T08:32:09.5409313Z ##[endgroup]
2026-10-02T08:32:09.5410941Z ##[group]Operating System
2026-10-02T08:32:09.5411600Z Ubuntu
2026-10-02T08:32:09.5412280Z 22.04.5
2026-10-02T08:32:09.5412816Z LTS
2026-10-02T08:32:09.5413407Z ##[endgroup]
2026-10-02T08:32:09.5414004Z ##[group]Runner Image
2026-10-02T08:32:09.5414643Z Image: ubuntu-22.04
2026-10-02T08:32:09.5415307Z Version: 20260927.309.1
2026-10-02T08:32:09.5416615Z Included Software: https://github.com/actions/runner-images/blob/ubuntu22/20260927.309/images/ubuntu/Ubuntu2204-Readme.md
2026-10-02T08:32:09.5418351Z Image Release: https://github.com/actions/runner-images/releases/tag/ubuntu22%2F20260927.309
2026-10-02T08:32:09.5419788Z ##[endgroup]
2026-10-02T08:32:09.5421162Z ##[group]GITHUB_TOKEN Permissions
2026-10-02T08:32:09.5423368Z Contents: read
2026-10-02T08:32:09.5424109Z Metadata: read
2026-10-02T08:32:09.5424773Z Packages: read
2026-10-02T08:32:09.5425395Z ##[endgroup]
2026-10-02T08:32:09.5427486Z Secret source: Actions
2026-10-02T08:32:09.5428441Z Cache mode: write
2026-10-02T08:32:09.5429993Z Prepare workflow directory
2026-10-02T08:32:09.5767155Z Prepare all required actions
2026-10-02T08:32:09.5816126Z Getting action download info
2026-10-02T08:32:09.8106591Z Download action repository 'actions/checkout@v4' (SHA:11d5960a326750d5838078e36cf38b85af677262)
2026-10-02T08:32:10.0216489Z Complete job name: Repository quality
2026-10-02T08:32:10.1051711Z ##[group]Run actions/checkout@v4
2026-10-02T08:32:10.1052613Z with:
2026-10-02T08:32:10.1053055Z   fetch-depth: 0
2026-10-02T08:32:10.1053594Z   repository: llongwang751-arch/mini-drop
2026-10-02T08:32:10.1062616Z   token: ***
2026-10-02T08:32:10.1063065Z   ssh-strict: true
2026-10-02T08:32:10.1063521Z   ssh-user: git
2026-10-02T08:32:10.1063987Z   persist-credentials: true
2026-10-02T08:32:10.1064489Z   clean: true
2026-10-02T08:32:10.1064963Z   sparse-checkout-cone-mode: true
2026-10-02T08:32:10.1065516Z   fetch-tags: false
2026-10-02T08:32:10.1065967Z   show-progress: true
2026-10-02T08:32:10.1066423Z   lfs: false
2026-10-02T08:32:10.1066848Z   submodules: false
2026-10-02T08:32:10.1067317Z   set-safe-directory: true
2026-10-02T08:32:10.1067856Z   allow-unsafe-pr-checkout: false
2026-10-02T08:32:10.1068644Z ##[endgroup]
2026-10-02T08:32:10.2172180Z Syncing repository: llongwang751-arch/mini-drop
2026-10-02T08:32:10.2174539Z ##[group]Getting Git version info
2026-10-02T08:32:10.2175522Z Working directory is '/home/runner/work/mini-drop/mini-drop'
2026-10-02T08:32:10.2176844Z [command]/usr/bin/git version
2026-10-02T08:32:10.2240189Z git version 2.55.0
2026-10-02T08:32:10.2274042Z ##[endgroup]
2026-10-02T08:32:10.2296578Z Temporarily overriding HOME='/home/runner/work/_temp/197d2db5-ca2b-4e32-a818-33ab538e22de' before making global git config changes
2026-10-02T08:32:10.2299785Z Adding repository directory to the temporary git global config as a safe directory
2026-10-02T08:32:10.2302878Z [command]/usr/bin/git config --global --add safe.directory /home/runner/work/mini-drop/mini-drop
2026-10-02T08:32:10.2349477Z Deleting the contents of '/home/runner/work/mini-drop/mini-drop'
2026-10-02T08:32:10.2355235Z ##[group]Initializing the repository
2026-10-02T08:32:10.2360016Z [command]/usr/bin/git init /home/runner/work/mini-drop/mini-drop
2026-10-02T08:32:10.2467727Z hint: Using 'master' as the name for the initial branch. This default branch name
2026-10-02T08:32:10.2470126Z hint: will change to "main" in Git 3.0. To configure the initial branch name
2026-10-02T08:32:10.2471925Z hint: to use in all of your new repositories, which will suppress this warning,
2026-10-02T08:32:10.2474321Z hint: call:
2026-10-02T08:32:10.2475151Z hint:
2026-10-02T08:32:10.2476020Z hint: 	git config --global init.defaultBranch <name>
2026-10-02T08:32:10.2477159Z hint:
2026-10-02T08:32:10.2478271Z hint: Names commonly chosen instead of 'master' are 'main', 'trunk' and
2026-10-02T08:32:10.2480251Z hint: 'development'. The just-created branch can be renamed via this command:
2026-10-02T08:32:10.2481586Z hint:
2026-10-02T08:32:10.2482355Z hint: 	git branch -m <name>
2026-10-02T08:32:10.2483189Z hint:
2026-10-02T08:32:10.2484313Z hint: Disable this message with "git config set advice.defaultBranchName false"
2026-10-02T08:32:10.2486027Z Initialized empty Git repository in /home/runner/work/mini-drop/mini-drop/.git/
2026-10-02T08:32:10.2491020Z [command]/usr/bin/git remote add origin https://github.com/llongwang751-arch/mini-drop
2026-10-02T08:32:10.2527513Z ##[endgroup]
2026-10-02T08:32:10.2528881Z ##[group]Disabling automatic garbage collection
2026-10-02T08:32:10.2533227Z [command]/usr/bin/git config --local gc.auto 0
2026-10-02T08:32:10.2570017Z ##[endgroup]
2026-10-02T08:32:10.2571311Z ##[group]Setting up auth
2026-10-02T08:32:10.2577436Z [command]/usr/bin/git config --local --name-only --get-regexp core\.sshCommand
2026-10-02T08:32:10.2621339Z [command]/usr/bin/git submodule foreach --recursive sh -c "git config --local --name-only --get-regexp 'core\.sshCommand' && git config --local --unset-all 'core.sshCommand' || :"
2026-10-02T08:32:10.3015707Z [command]/usr/bin/git config --local --name-only --get-regexp http\.https\:\/\/github\.com\/\.extraheader
2026-10-02T08:32:10.3058427Z [command]/usr/bin/git submodule foreach --recursive sh -c "git config --local --name-only --get-regexp 'http\.https\:\/\/github\.com\/\.extraheader' && git config --local --unset-all 'http.https://github.com/.extraheader' || :"
2026-10-02T08:32:10.3355436Z [command]/usr/bin/git config --local --name-only --get-regexp ^includeIf\.gitdir:
2026-10-02T08:32:10.3396939Z [command]/usr/bin/git submodule foreach --recursive git config --local --show-origin --name-only --get-regexp remote.origin.url
2026-10-02T08:32:10.3658598Z [command]/usr/bin/git config --local http.https://github.com/.extraheader AUTHORIZATION: basic ***
2026-10-02T08:32:10.3705548Z ##[endgroup]
2026-10-02T08:32:10.3707648Z ##[group]Fetching the repository
2026-10-02T08:32:10.3717186Z [command]/usr/bin/git -c protocol.version=2 fetch --prune --no-recurse-submodules origin +refs/heads/*:refs/remotes/origin/* +refs/tags/*:refs/tags/* +56788a921762abb5a409f608089d6d04ff1e4031:refs/remotes/pull/1/merge
2026-10-02T08:32:14.7848249Z From https://github.com/llongwang751-arch/mini-drop
2026-10-02T08:32:14.7850764Z  * [new branch]      legacy-screening-20260621                -> origin/legacy-screening-20260621
2026-10-02T08:32:14.7852743Z  * [new branch]      master                                   -> origin/master
2026-10-02T08:32:14.7854708Z  * [new branch]      release/unified-ai-diagnosis-20260821    -> origin/release/unified-ai-diagnosis-20260821
2026-10-02T08:32:14.7856786Z  * [new tag]         interview-20261002-rc1                   -> interview-20261002-rc1
2026-10-02T08:32:14.7858591Z  * [new ref]         56788a921762abb5a409f608089d6d04ff1e4031 -> pull/1/merge
2026-10-02T08:32:14.7865067Z ##[endgroup]
2026-10-02T08:32:14.7866475Z ##[group]Determining the checkout info
2026-10-02T08:32:14.7867960Z ##[endgroup]
2026-10-02T08:32:14.7868817Z [command]/usr/bin/git sparse-checkout disable
2026-10-02T08:32:14.7915734Z [command]/usr/bin/git config --local --unset-all extensions.worktreeConfig
2026-10-02T08:32:14.7952812Z ##[group]Checking out the ref
2026-10-02T08:32:14.7955839Z [command]/usr/bin/git checkout --progress --force refs/remotes/pull/1/merge
2026-10-02T08:32:15.8133258Z Updating files:  61% (2694/4368)
2026-10-02T08:32:15.8315551Z Updating files:  62% (2709/4368)
2026-10-02T08:32:15.8870136Z Updating files:  63% (2752/4368)
2026-10-02T08:32:15.8927036Z Updating files:  64% (2796/4368)
2026-10-02T08:32:15.8977223Z Updating files:  65% (2840/4368)
2026-10-02T08:32:15.9011272Z Updating files:  66% (2883/4368)
2026-10-02T08:32:15.9069447Z Updating files:  67% (2927/4368)
2026-10-02T08:32:15.9106705Z Updating files:  68% (2971/4368)
2026-10-02T08:32:15.9320604Z Updating files:  69% (3014/4368)
2026-10-02T08:32:15.9629919Z Updating files:  70% (3058/4368)
2026-10-02T08:32:15.9828430Z Updating files:  71% (3102/4368)
2026-10-02T08:32:15.9888132Z Updating files:  72% (3145/4368)
2026-10-02T08:32:15.9954461Z Updating files:  73% (3189/4368)
2026-10-02T08:32:16.0024298Z Updating files:  74% (3233/4368)
2026-10-02T08:32:16.0108787Z Updating files:  75% (3276/4368)
2026-10-02T08:32:16.0171848Z Updating files:  76% (3320/4368)
2026-10-02T08:32:16.0218534Z Updating files:  77% (3364/4368)
2026-10-02T08:32:16.0242049Z Updating files:  78% (3408/4368)
2026-10-02T08:32:16.0291960Z Updating files:  79% (3451/4368)
2026-10-02T08:32:16.0335702Z Updating files:  80% (3495/4368)
2026-10-02T08:32:16.0375634Z Updating files:  81% (3539/4368)
2026-10-02T08:32:16.0455109Z Updating files:  82% (3582/4368)
2026-10-02T08:32:16.0503085Z Updating files:  83% (3626/4368)
2026-10-02T08:32:16.0559472Z Updating files:  84% (3670/4368)
2026-10-02T08:32:16.0695319Z Updating files:  85% (3713/4368)
2026-10-02T08:32:16.0754698Z Updating files:  86% (3757/4368)
2026-10-02T08:32:16.0829875Z Updating files:  87% (3801/4368)
2026-10-02T08:32:16.0867584Z Updating files:  88% (3844/4368)
2026-10-02T08:32:16.0907689Z Updating files:  89% (3888/4368)
2026-10-02T08:32:16.0941559Z Updating files:  90% (3932/4368)
2026-10-02T08:32:16.1002294Z Updating files:  91% (3975/4368)
2026-10-02T08:32:16.1033271Z Updating files:  92% (4019/4368)
2026-10-02T08:32:16.1065332Z Updating files:  93% (4063/4368)
2026-10-02T08:32:16.1097660Z Updating files:  94% (4106/4368)
2026-10-02T08:32:16.1141056Z Updating files:  95% (4150/4368)
2026-10-02T08:32:16.1302805Z Updating files:  96% (4194/4368)
2026-10-02T08:32:16.1331002Z Updating files:  97% (4237/4368)
2026-10-02T08:32:16.1365692Z Updating files:  98% (4281/4368)
2026-10-02T08:32:16.1393146Z Updating files:  99% (4325/4368)
2026-10-02T08:32:16.1393933Z Updating files: 100% (4368/4368)
2026-10-02T08:32:16.1394502Z Updating files: 100% (4368/4368), done.
2026-10-02T08:32:16.1459457Z Note: switching to 'refs/remotes/pull/1/merge'.
2026-10-02T08:32:16.1459946Z 
2026-10-02T08:32:16.1460597Z You are in 'detached HEAD' state. You can look around, make experimental
2026-10-02T08:32:16.1461519Z changes and commit them, and you can discard any commits you make in this
2026-10-02T08:32:16.1462091Z state without impacting any branches by switching back to a branch.
2026-10-02T08:32:16.1462410Z 
2026-10-02T08:32:16.1462623Z If you want to create a new branch to retain commits you create, you may
2026-10-02T08:32:16.1463179Z do so (now or later) by using -c with the switch command. Example:
2026-10-02T08:32:16.1463500Z 
2026-10-02T08:32:16.1463691Z   git switch -c <new-branch-name>
2026-10-02T08:32:16.1463889Z 
2026-10-02T08:32:16.1464005Z Or undo this operation with:
2026-10-02T08:32:16.1464197Z 
2026-10-02T08:32:16.1464291Z   git switch -
2026-10-02T08:32:16.1464476Z 
2026-10-02T08:32:16.1464716Z Turn off this advice by setting config variable advice.detachedHead to false
2026-10-02T08:32:16.1465074Z 
2026-10-02T08:32:16.1465487Z HEAD is now at 56788a9 Merge dd3a359f07947a4f0b1ef00b06d2119a08103ad2 into 609ea8a73f845b496b59b5cae181f515c5919850
2026-10-02T08:32:16.1579961Z ##[endgroup]
2026-10-02T08:32:16.1634167Z [command]/usr/bin/git log -1 --format=%H
2026-10-02T08:32:16.1670102Z 56788a921762abb5a409f608089d6d04ff1e4031
2026-10-02T08:32:16.1931956Z ##[group]Run git diff --check "609ea8a73f845b496b59b5cae181f515c5919850...56788a921762abb5a409f608089d6d04ff1e4031" -- . ':(glob,exclude)reports/**/*.xml'
2026-10-02T08:32:16.1933169Z [36;1mgit diff --check "609ea8a73f845b496b59b5cae181f515c5919850...56788a921762abb5a409f608089d6d04ff1e4031" -- . ':(glob,exclude)reports/**/*.xml'[0m
2026-10-02T08:32:16.2261185Z shell: /usr/bin/bash -e {0}
2026-10-02T08:32:16.2261505Z ##[endgroup]
2026-10-02T08:32:17.2025617Z ##[group]Run # Runner-only example values; never fetch a deployment's private env.
2026-10-02T08:32:17.2026299Z [36;1m# Runner-only example values; never fetch a deployment's private env.[0m
2026-10-02T08:32:17.2103378Z [36;1mtest -f .env || cp .env.example .env[0m
2026-10-02T08:32:17.2103784Z [36;1mdocker compose config --quiet[0m
2026-10-02T08:32:17.2179883Z shell: /usr/bin/bash -e {0}
2026-10-02T08:32:17.2180190Z ##[endgroup]
2026-10-02T08:32:19.2557640Z Post job cleanup.
2026-10-02T08:32:19.3468865Z [command]/usr/bin/git version
2026-10-02T08:32:19.3517960Z git version 2.55.0
2026-10-02T08:32:19.3561433Z Temporarily overriding HOME='/home/runner/work/_temp/b282fa2e-79ee-4bbd-83eb-8bf1a0b64ffe' before making global git config changes
2026-10-02T08:32:19.3562856Z Adding repository directory to the temporary git global config as a safe directory
2026-10-02T08:32:19.3567640Z [command]/usr/bin/git config --global --add safe.directory /home/runner/work/mini-drop/mini-drop
2026-10-02T08:32:19.3613003Z [command]/usr/bin/git config --local --name-only --get-regexp core\.sshCommand
2026-10-02T08:32:19.3652728Z [command]/usr/bin/git submodule foreach --recursive sh -c "git config --local --name-only --get-regexp 'core\.sshCommand' && git config --local --unset-all 'core.sshCommand' || :"
2026-10-02T08:32:19.3970663Z [command]/usr/bin/git config --local --name-only --get-regexp http\.https\:\/\/github\.com\/\.extraheader
2026-10-02T08:32:19.3998238Z http.https://github.com/.extraheader
2026-10-02T08:32:19.4011536Z [command]/usr/bin/git config --local --unset-all http.https://github.com/.extraheader
2026-10-02T08:32:19.4058274Z [command]/usr/bin/git submodule foreach --recursive sh -c "git config --local --name-only --get-regexp 'http\.https\:\/\/github\.com\/\.extraheader' && git config --local --unset-all 'http.https://github.com/.extraheader' || :"
2026-10-02T08:32:19.4379947Z [command]/usr/bin/git config --local --name-only --get-regexp ^includeIf\.gitdir:
2026-10-02T08:32:19.4422598Z [command]/usr/bin/git submodule foreach --recursive git config --local --show-origin --name-only --get-regexp remote.origin.url
2026-10-02T08:32:19.4933538Z Cleaning up orphan processes
2026-10-02T08:32:19.5385388Z ##[warning]Node.js 20 is deprecated. The following actions target Node.js 20 but are being forced to run on Node.js 24: actions/checkout@v4. For more information see: https://github.blog/changelog/2025-09-19-deprecation-of-node-20-on-github-actions-runners/
