2026-10-02T08:32:09.8576350Z Current runner version: '2.337.0'
2026-10-02T08:32:09.8598282Z ##[group]Runner Image Provisioner
2026-10-02T08:32:09.8599025Z Hosted Compute Agent
2026-10-02T08:32:09.8599552Z Version: 20260901.588
2026-10-02T08:32:09.8600446Z Commit: f88ec8081b781fac6c440065ac7ff9e710ce3d0b
2026-10-02T08:32:09.8601085Z Build Date: 2026-09-01T19:56:44Z
2026-10-02T08:32:09.8601803Z Worker ID: {5cfc847b-3119-4163-a2ac-db884c70e90e}
2026-10-02T08:32:09.8602430Z Azure Region: westus3
2026-10-02T08:32:09.8602935Z ##[endgroup]
2026-10-02T08:32:09.8604205Z ##[group]Operating System
2026-10-02T08:32:09.8604764Z Ubuntu
2026-10-02T08:32:09.8605274Z 22.04.5
2026-10-02T08:32:09.8605759Z LTS
2026-10-02T08:32:09.8606238Z ##[endgroup]
2026-10-02T08:32:09.8606783Z ##[group]Runner Image
2026-10-02T08:32:09.8607333Z Image: ubuntu-22.04
2026-10-02T08:32:09.8607909Z Version: 20260927.309.1
2026-10-02T08:32:09.8608982Z Included Software: https://github.com/actions/runner-images/blob/ubuntu22/20260927.309/images/ubuntu/Ubuntu2204-Readme.md
2026-10-02T08:32:09.8610503Z Image Release: https://github.com/actions/runner-images/releases/tag/ubuntu22%2F20260927.309
2026-10-02T08:32:09.8611350Z ##[endgroup]
2026-10-02T08:32:09.8612460Z ##[group]GITHUB_TOKEN Permissions
2026-10-02T08:32:09.8614148Z Contents: read
2026-10-02T08:32:09.8614735Z Metadata: read
2026-10-02T08:32:09.8615271Z Packages: read
2026-10-02T08:32:09.8615767Z ##[endgroup]
2026-10-02T08:32:09.8617679Z Secret source: Actions
2026-10-02T08:32:09.8618523Z Cache mode: write
2026-10-02T08:32:09.8619210Z Prepare workflow directory
2026-10-02T08:32:09.8909238Z Prepare all required actions
2026-10-02T08:32:09.8962055Z Getting action download info
2026-10-02T08:32:10.1870325Z Download action repository 'actions/checkout@v4' (SHA:11d5960a326750d5838078e36cf38b85af677262)
2026-10-02T08:32:10.2914236Z Download action repository 'actions/setup-node@v4' (SHA:49933ea5288caeca8642d1e84afbd3f7d6820020)
2026-10-02T08:32:10.4026311Z Download action repository 'actions/upload-artifact@v4' (SHA:ea165f8d65b6e75b540449e92b4886f43607fa02)
2026-10-02T08:32:10.6378757Z Complete job name: Web (real Chromium, synthetic fixtures)
2026-10-02T08:32:10.7025478Z ##[group]Run actions/checkout@v4
2026-10-02T08:32:10.7026130Z with:
2026-10-02T08:32:10.7026496Z   repository: llongwang751-arch/mini-drop
2026-10-02T08:32:10.7029547Z   token: ***
2026-10-02T08:32:10.7030043Z   ssh-strict: true
2026-10-02T08:32:10.7030391Z   ssh-user: git
2026-10-02T08:32:10.7030743Z   persist-credentials: true
2026-10-02T08:32:10.7031124Z   clean: true
2026-10-02T08:32:10.7031472Z   sparse-checkout-cone-mode: true
2026-10-02T08:32:10.7031875Z   fetch-depth: 1
2026-10-02T08:32:10.7032202Z   fetch-tags: false
2026-10-02T08:32:10.7032548Z   show-progress: true
2026-10-02T08:32:10.7032900Z   lfs: false
2026-10-02T08:32:10.7033215Z   submodules: false
2026-10-02T08:32:10.7033598Z   set-safe-directory: true
2026-10-02T08:32:10.7034010Z   allow-unsafe-pr-checkout: false
2026-10-02T08:32:10.7034563Z ##[endgroup]
2026-10-02T08:32:10.7921989Z Syncing repository: llongwang751-arch/mini-drop
2026-10-02T08:32:10.7924187Z ##[group]Getting Git version info
2026-10-02T08:32:10.7924929Z Working directory is '/home/runner/work/mini-drop/mini-drop'
2026-10-02T08:32:10.7925958Z [command]/usr/bin/git version
2026-10-02T08:32:10.8569883Z git version 2.55.0
2026-10-02T08:32:10.8592907Z ##[endgroup]
2026-10-02T08:32:10.8607826Z Temporarily overriding HOME='/home/runner/work/_temp/8c4de3db-1bb3-48b0-923f-d67b2b5000ae' before making global git config changes
2026-10-02T08:32:10.8609201Z Adding repository directory to the temporary git global config as a safe directory
2026-10-02T08:32:10.8614995Z [command]/usr/bin/git config --global --add safe.directory /home/runner/work/mini-drop/mini-drop
2026-10-02T08:32:10.8661781Z Deleting the contents of '/home/runner/work/mini-drop/mini-drop'
2026-10-02T08:32:10.8667018Z ##[group]Initializing the repository
2026-10-02T08:32:10.8671813Z [command]/usr/bin/git init /home/runner/work/mini-drop/mini-drop
2026-10-02T08:32:10.9173119Z hint: Using 'master' as the name for the initial branch. This default branch name
2026-10-02T08:32:10.9175382Z hint: will change to "main" in Git 3.0. To configure the initial branch name
2026-10-02T08:32:10.9176835Z hint: to use in all of your new repositories, which will suppress this warning,
2026-10-02T08:32:10.9177981Z hint: call:
2026-10-02T08:32:10.9178653Z hint:
2026-10-02T08:32:10.9179460Z hint: 	git config --global init.defaultBranch <name>
2026-10-02T08:32:10.9180633Z hint:
2026-10-02T08:32:10.9181514Z hint: Names commonly chosen instead of 'master' are 'main', 'trunk' and
2026-10-02T08:32:10.9182814Z hint: 'development'. The just-created branch can be renamed via this command:
2026-10-02T08:32:10.9183921Z hint:
2026-10-02T08:32:10.9184592Z hint: 	git branch -m <name>
2026-10-02T08:32:10.9185364Z hint:
2026-10-02T08:32:10.9186342Z hint: Disable this message with "git config set advice.defaultBranchName false"
2026-10-02T08:32:10.9188107Z Initialized empty Git repository in /home/runner/work/mini-drop/mini-drop/.git/
2026-10-02T08:32:10.9191235Z [command]/usr/bin/git remote add origin https://github.com/llongwang751-arch/mini-drop
2026-10-02T08:32:10.9225542Z ##[endgroup]
2026-10-02T08:32:10.9226508Z ##[group]Disabling automatic garbage collection
2026-10-02T08:32:10.9230580Z [command]/usr/bin/git config --local gc.auto 0
2026-10-02T08:32:10.9267955Z ##[endgroup]
2026-10-02T08:32:10.9268884Z ##[group]Setting up auth
2026-10-02T08:32:10.9274906Z [command]/usr/bin/git config --local --name-only --get-regexp core\.sshCommand
2026-10-02T08:32:10.9314755Z [command]/usr/bin/git submodule foreach --recursive sh -c "git config --local --name-only --get-regexp 'core\.sshCommand' && git config --local --unset-all 'core.sshCommand' || :"
2026-10-02T08:32:10.9934516Z [command]/usr/bin/git config --local --name-only --get-regexp http\.https\:\/\/github\.com\/\.extraheader
2026-10-02T08:32:10.9969840Z [command]/usr/bin/git submodule foreach --recursive sh -c "git config --local --name-only --get-regexp 'http\.https\:\/\/github\.com\/\.extraheader' && git config --local --unset-all 'http.https://github.com/.extraheader' || :"
2026-10-02T08:32:11.0197045Z [command]/usr/bin/git config --local --name-only --get-regexp ^includeIf\.gitdir:
2026-10-02T08:32:11.0232313Z [command]/usr/bin/git submodule foreach --recursive git config --local --show-origin --name-only --get-regexp remote.origin.url
2026-10-02T08:32:11.0490311Z [command]/usr/bin/git config --local http.https://github.com/.extraheader AUTHORIZATION: basic ***
2026-10-02T08:32:11.0533111Z ##[endgroup]
2026-10-02T08:32:11.0534056Z ##[group]Fetching the repository
2026-10-02T08:32:11.0542537Z [command]/usr/bin/git -c protocol.version=2 fetch --no-tags --prune --no-recurse-submodules --depth=1 origin +56788a921762abb5a409f608089d6d04ff1e4031:refs/remotes/pull/1/merge
2026-10-02T08:32:19.7466150Z From https://github.com/llongwang751-arch/mini-drop
2026-10-02T08:32:19.7467764Z  * [new ref]         56788a921762abb5a409f608089d6d04ff1e4031 -> pull/1/merge
2026-10-02T08:32:19.7471466Z ##[endgroup]
2026-10-02T08:32:19.7472492Z ##[group]Determining the checkout info
2026-10-02T08:32:19.7473554Z ##[endgroup]
2026-10-02T08:32:19.7475402Z [command]/usr/bin/git sparse-checkout disable
2026-10-02T08:32:19.7525975Z [command]/usr/bin/git config --local --unset-all extensions.worktreeConfig
2026-10-02T08:32:19.7556809Z ##[group]Checking out the ref
2026-10-02T08:32:19.7559092Z [command]/usr/bin/git checkout --progress --force refs/remotes/pull/1/merge
2026-10-02T08:32:20.7714326Z Updating files:  96% (4209/4368)
2026-10-02T08:32:20.7731305Z Updating files:  97% (4237/4368)
2026-10-02T08:32:20.7752556Z Updating files:  98% (4281/4368)
2026-10-02T08:32:20.7771330Z Updating files:  99% (4325/4368)
2026-10-02T08:32:20.7771782Z Updating files: 100% (4368/4368)
2026-10-02T08:32:20.7772232Z Updating files: 100% (4368/4368), done.
2026-10-02T08:32:20.7823243Z Note: switching to 'refs/remotes/pull/1/merge'.
2026-10-02T08:32:20.7823547Z 
2026-10-02T08:32:20.7823748Z You are in 'detached HEAD' state. You can look around, make experimental
2026-10-02T08:32:20.7824563Z changes and commit them, and you can discard any commits you make in this
2026-10-02T08:32:20.7824993Z state without impacting any branches by switching back to a branch.
2026-10-02T08:32:20.7825251Z 
2026-10-02T08:32:20.7825442Z If you want to create a new branch to retain commits you create, you may
2026-10-02T08:32:20.7825867Z do so (now or later) by using -c with the switch command. Example:
2026-10-02T08:32:20.7826140Z 
2026-10-02T08:32:20.7826514Z   git switch -c <new-branch-name>
2026-10-02T08:32:20.7826727Z 
2026-10-02T08:32:20.7827076Z Or undo this operation with:
2026-10-02T08:32:20.7827250Z 
2026-10-02T08:32:20.7827411Z   git switch -
2026-10-02T08:32:20.7827573Z 
2026-10-02T08:32:20.7827790Z Turn off this advice by setting config variable advice.detachedHead to false
2026-10-02T08:32:20.7828066Z 
2026-10-02T08:32:20.7828368Z HEAD is now at 56788a9 Merge dd3a359f07947a4f0b1ef00b06d2119a08103ad2 into 609ea8a73f845b496b59b5cae181f515c5919850
2026-10-02T08:32:20.7919992Z ##[endgroup]
2026-10-02T08:32:20.7962378Z [command]/usr/bin/git log -1 --format=%H
2026-10-02T08:32:20.7990190Z 56788a921762abb5a409f608089d6d04ff1e4031
2026-10-02T08:32:20.8304929Z ##[group]Run actions/setup-node@v4
2026-10-02T08:32:20.8305243Z with:
2026-10-02T08:32:20.8305443Z   node-version: 22
2026-10-02T08:32:20.8305643Z   cache: npm
2026-10-02T08:32:20.8305879Z   cache-dependency-path: web/package-lock.json
2026-10-02T08:32:20.8306144Z   always-auth: false
2026-10-02T08:32:20.8306350Z   check-latest: false
2026-10-02T08:32:20.8308246Z   token: ***
2026-10-02T08:32:20.8308464Z ##[endgroup]
2026-10-02T08:32:20.9551002Z Found in cache @ /opt/hostedtoolcache/node/22.23.3/x64
2026-10-02T08:32:20.9554889Z (node:1924) [DEP0040] DeprecationWarning: The `punycode` module is deprecated. Please use a userland alternative instead.
2026-10-02T08:32:20.9555488Z (Use `node --trace-deprecation ...` to show where the warning was created)
2026-10-02T08:32:20.9557245Z ##[group]Environment details
2026-10-02T08:32:21.2418026Z node: v22.23.3
2026-10-02T08:32:21.2418406Z npm: 10.9.9
2026-10-02T08:32:21.2433619Z yarn: 1.22.22
2026-10-02T08:32:21.2434560Z ##[endgroup]
2026-10-02T08:32:21.2434945Z [command]/opt/hostedtoolcache/node/22.23.3/x64/bin/npm config get cache
2026-10-02T08:32:21.3248312Z /home/runner/.npm
2026-10-02T08:32:21.5440921Z Cache hit for: node-cache-Linux-x64-npm-a79428a48f53c819bdf3224c6f533bf526ae1b21f28f4ee918b0bcba5121d960
2026-10-02T08:32:21.5529759Z (node:1924) [DEP0169] DeprecationWarning: `url.parse()` behavior is not standardized and prone to errors that have security implications. Use the WHATWG URL API instead. CVEs are not issued for `url.parse()` vulnerabilities.
2026-10-02T08:32:22.7281454Z Received 52012766 of 52012766 (100.0%), 50.9 MBs/sec
2026-10-02T08:32:22.7282291Z Cache Size: ~50 MB (52012766 B)
2026-10-02T08:32:22.7400475Z [command]/usr/bin/tar -xf /home/runner/work/_temp/9bf3ffb6-a7ee-46c4-8445-71e77567953e/cache.tzst -P -C /home/runner/work/mini-drop/mini-drop --use-compress-program unzstd
2026-10-02T08:32:22.8685791Z Cache restored successfully
2026-10-02T08:32:22.8789750Z Cache restored from key: node-cache-Linux-x64-npm-a79428a48f53c819bdf3224c6f533bf526ae1b21f28f4ee918b0bcba5121d960
2026-10-02T08:32:22.8935567Z ##[group]Run npm --prefix web ci
2026-10-02T08:32:22.8935927Z [36;1mnpm --prefix web ci[0m
2026-10-02T08:32:22.9603789Z shell: /usr/bin/bash -e {0}
2026-10-02T08:32:22.9604098Z ##[endgroup]
2026-10-02T08:32:27.8407989Z 
2026-10-02T08:32:27.8415507Z added 346 packages, and audited 347 packages in 5s
2026-10-02T08:32:27.8415942Z 
2026-10-02T08:32:27.8416199Z 118 packages are looking for funding
2026-10-02T08:32:27.8416585Z   run `npm fund` for details
2026-10-02T08:32:27.8547177Z 
2026-10-02T08:32:27.8548338Z 2 vulnerabilities (1 low, 1 high)
2026-10-02T08:32:27.8548878Z 
2026-10-02T08:32:27.8549493Z To address all issues, run:
2026-10-02T08:32:27.8550164Z   npm audit fix
2026-10-02T08:32:27.8550511Z 
2026-10-02T08:32:27.8550829Z Run `npm audit` for details.
2026-10-02T08:32:27.9157737Z ##[group]Run npm --prefix web run build
2026-10-02T08:32:27.9158056Z [36;1mnpm --prefix web run build[0m
2026-10-02T08:32:27.9227845Z shell: /usr/bin/bash -e {0}
2026-10-02T08:32:27.9228071Z ##[endgroup]
2026-10-02T08:32:28.0088813Z 
2026-10-02T08:32:28.0089479Z > mini-drop-web@0.1.0 build
2026-10-02T08:32:28.0090358Z > vite build
2026-10-02T08:32:28.0090707Z 
2026-10-02T08:32:28.1935509Z [36mvite v8.2.2 [32mbuilding client environment for production...[36m[39m
2026-10-02T08:32:28.2022913Z transforming...
2026-10-02T08:32:28.8181389Z ✓ 4597 modules transformed.
2026-10-02T08:32:29.1024980Z rendering chunks...
2026-10-02T08:32:29.3451201Z computing gzip size...
2026-10-02T08:32:29.3652887Z dist/index.html                                0.79 kB │ gzip:   0.42 kB
2026-10-02T08:32:29.3653602Z dist/assets/parseJson.worker-mxB42-VK.js       0.83 kB
2026-10-02T08:32:29.3654315Z dist/assets/TaskResult-BAn5yWN7.css            0.32 kB │ gzip:   0.24 kB
2026-10-02T08:32:29.3655122Z dist/assets/flamegraph-VXIZzpiT.css            0.60 kB │ gzip:   0.32 kB
2026-10-02T08:32:29.3655802Z dist/assets/index-IZHbRe47.css                 8.44 kB │ gzip:   2.63 kB
2026-10-02T08:32:29.3656483Z dist/assets/AIDiagnosis-ChKDK5_y.css          90.44 kB │ gzip:  16.76 kB
2026-10-02T08:32:29.3657164Z dist/assets/ErrorAlert-903HQ4EN.js             0.23 kB │ gzip:   0.19 kB
2026-10-02T08:32:29.3657838Z dist/assets/ArrowLeftOutlined-D5Rce3sA.js      0.60 kB │ gzip:   0.44 kB
2026-10-02T08:32:29.3658551Z dist/assets/rolldown-runtime-B0Z9INg1.js       0.90 kB │ gzip:   0.51 kB
2026-10-02T08:32:29.3659291Z dist/assets/agentMetrics-CZoJGXne.js           1.09 kB │ gzip:   0.67 kB
2026-10-02T08:32:29.3660194Z dist/assets/CloudServerOutlined-nqMoSLwN.js    1.33 kB │ gzip:   0.78 kB
2026-10-02T08:32:29.3660890Z dist/assets/StatusTag-AVBiLPOz.js              2.03 kB │ gzip:   0.82 kB
2026-10-02T08:32:29.3661781Z dist/assets/AuditLogs-CLKuAA5c.js              3.87 kB │ gzip:   1.88 kB
2026-10-02T08:32:29.3662540Z dist/assets/row-D_0PZE5A.js                    5.51 kB │ gzip:   2.24 kB
2026-10-02T08:32:29.3663233Z dist/assets/collectors-9W4-i_vQ.js             6.12 kB │ gzip:   1.78 kB
2026-10-02T08:32:29.3663903Z dist/assets/alert-C2yT8MYA.js                  6.35 kB │ gzip:   2.66 kB
2026-10-02T08:32:29.3664575Z dist/assets/AgentDetail-jxoIQzEZ.js            7.71 kB │ gzip:   3.15 kB
2026-10-02T08:32:29.3665260Z dist/assets/ThunderboltOutlined-_zhhsc5p.js   10.29 kB │ gzip:   4.07 kB
2026-10-02T08:32:29.3665953Z dist/assets/usePolling-CeSosOBk.js            16.17 kB │ gzip:   6.83 kB
2026-10-02T08:32:29.3666638Z dist/assets/Schedules-10l6wFhc.js             17.26 kB │ gzip:   5.82 kB
2026-10-02T08:32:29.3667304Z dist/assets/input-number-BLKstg1f.js          23.73 kB │ gzip:   8.20 kB
2026-10-02T08:32:29.3667967Z dist/assets/modal-CGyc8tVo.js                 27.89 kB │ gzip:   9.27 kB
2026-10-02T08:32:29.3668714Z dist/assets/TaskResult-E3zDOq9_.js            29.61 kB │ gzip:  10.78 kB
2026-10-02T08:32:29.3669422Z dist/assets/d3-OVqjLuRP.js                    36.91 kB │ gzip:  12.52 kB
2026-10-02T08:32:29.3670338Z dist/assets/PlayCircleOutlined-DDH4N-mk.js    37.49 kB │ gzip:  12.80 kB
2026-10-02T08:32:29.3671034Z dist/assets/axios-B0fvnqBc.js                 49.95 kB │ gzip:  18.75 kB
2026-10-02T08:32:29.3671710Z dist/assets/Dashboard-BffNcTwA.js             50.52 kB │ gzip:  16.62 kB
2026-10-02T08:32:29.3672379Z dist/assets/index-B_X_9XCC.js                 92.29 kB │ gzip:  32.17 kB
2026-10-02T08:32:29.3673091Z dist/assets/flamegraph-CSYLKD5W.js            96.97 kB │ gzip:  32.80 kB
2026-10-02T08:32:29.3673805Z dist/assets/react-C8_Uech3.js                178.38 kB │ gzip:  58.94 kB
2026-10-02T08:32:29.3697236Z dist/assets/table-B3EaWpvJ.js                343.42 kB │ gzip: 105.31 kB
2026-10-02T08:32:29.3697871Z dist/assets/SafeMarkdown-DTMU3vYp.js         389.11 kB │ gzip: 122.02 kB
2026-10-02T08:32:29.3698464Z dist/assets/client-C9stzVXG.js               397.22 kB │ gzip: 127.31 kB
2026-10-02T08:32:29.3699538Z dist/assets/AIDiagnosis-DcyjBW3x.js          427.34 kB │ gzip: 135.21 kB
2026-10-02T08:32:29.3700455Z dist/assets/echarts-C79zCWSK.js              612.21 kB │ gzip: 206.37 kB
2026-10-02T08:32:29.3700727Z 
2026-10-02T08:32:29.3701010Z [33m[plugin builtin:vite-reporter] 
2026-10-02T08:32:29.3701456Z (!) Some chunks are larger than 600 kB after minification. Consider:
2026-10-02T08:32:29.3701920Z - Using dynamic import() to code-split the application
2026-10-02T08:32:29.3702739Z - Use build.rolldownOptions.output.codeSplitting to improve chunking: https://rolldown.rs/reference/OutputOptions.codeSplitting
2026-10-02T08:32:29.3703601Z - Adjust chunk size limit for this warning via build.chunkSizeWarningLimit.[39m
2026-10-02T08:32:29.3704086Z [32m✓ built in 1.17s[39m
2026-10-02T08:32:29.4087431Z ##[group]Run npx --yes playwright@1.55.0 install --with-deps chromium
2026-10-02T08:32:29.4087847Z [36;1mnpx --yes playwright@1.55.0 install --with-deps chromium[0m
2026-10-02T08:32:29.4152742Z shell: /usr/bin/bash -e {0}
2026-10-02T08:32:29.4153008Z ##[endgroup]
2026-10-02T08:32:32.0111107Z ╔═══════════════════════════════════════════════════════════════════════════════╗
2026-10-02T08:32:32.0111947Z ║ WARNING: It looks like you are running 'npx playwright install' without first ║
2026-10-02T08:32:32.0112670Z ║ installing your project's dependencies.                                       ║
2026-10-02T08:32:32.0113266Z ║                                                                               ║
2026-10-02T08:32:32.0113904Z ║ To avoid unexpected behavior, please install your dependencies first, and     ║
2026-10-02T08:32:32.0114688Z ║ then run Playwright's install command:                                        ║
2026-10-02T08:32:32.0115550Z ║                                                                               ║
2026-10-02T08:32:32.0116248Z ║     npm install                                                               ║
2026-10-02T08:32:32.0116879Z ║     npx playwright install                                                    ║
2026-10-02T08:32:32.0117320Z ║                                                                               ║
2026-10-02T08:32:32.0118024Z ║ If your project does not yet depend on Playwright, first install the          ║
2026-10-02T08:32:32.0118835Z ║ applicable npm package (most commonly @playwright/test), and                  ║
2026-10-02T08:32:32.0119901Z ║ then run Playwright's install command to download the browsers:               ║
2026-10-02T08:32:32.0120453Z ║                                                                               ║
2026-10-02T08:32:32.0120907Z ║     npm install @playwright/test                                              ║
2026-10-02T08:32:32.0121394Z ║     npx playwright install                                                    ║
2026-10-02T08:32:32.0121819Z ║                                                                               ║
2026-10-02T08:32:32.0122247Z ╚═══════════════════════════════════════════════════════════════════════════════╝
2026-10-02T08:32:32.0122602Z Installing dependencies...
2026-10-02T08:32:32.0217533Z Switching to root user to install dependencies...
2026-10-02T08:32:32.1531026Z Get:1 file:/etc/apt/apt-mirrors.txt Mirrorlist [144 B]
2026-10-02T08:32:32.1841432Z Hit:2 http://azure.archive.ubuntu.com/ubuntu jammy InRelease
2026-10-02T08:32:32.1849546Z Get:6 https://packages.microsoft.com/ubuntu/22.04/prod jammy InRelease [3632 B]
2026-10-02T08:32:32.1863297Z Get:3 http://azure.archive.ubuntu.com/ubuntu jammy-updates InRelease [128 kB]
2026-10-02T08:32:32.1910853Z Get:4 http://azure.archive.ubuntu.com/ubuntu jammy-backports InRelease [127 kB]
2026-10-02T08:32:32.1919256Z Get:5 http://azure.archive.ubuntu.com/ubuntu jammy-security InRelease [129 kB]
2026-10-02T08:32:32.3644290Z Get:7 https://packages.microsoft.com/ubuntu/22.04/prod jammy/main amd64 Packages [792 kB]
2026-10-02T08:32:32.3850957Z Get:8 https://packages.microsoft.com/ubuntu/22.04/prod jammy/main arm64 Packages [550 kB]
2026-10-02T08:32:32.4311900Z Get:9 http://azure.archive.ubuntu.com/ubuntu jammy-updates/main amd64 Packages [3899 kB]
2026-10-02T08:32:32.4459357Z Get:10 http://azure.archive.ubuntu.com/ubuntu jammy-updates/main Translation-en [575 kB]
2026-10-02T08:32:32.4489442Z Get:11 http://azure.archive.ubuntu.com/ubuntu jammy-updates/restricted amd64 Packages [6701 kB]
2026-10-02T08:32:32.4770698Z Get:12 http://azure.archive.ubuntu.com/ubuntu jammy-updates/restricted Translation-en [1287 kB]
2026-10-02T08:32:32.4828382Z Get:13 http://azure.archive.ubuntu.com/ubuntu jammy-updates/universe amd64 Packages [1285 kB]
2026-10-02T08:32:32.4889405Z Get:14 http://azure.archive.ubuntu.com/ubuntu jammy-updates/universe Translation-en [325 kB]
2026-10-02T08:32:32.5822357Z Get:15 http://azure.archive.ubuntu.com/ubuntu jammy-security/main amd64 Packages [3598 kB]
2026-10-02T08:32:32.5968040Z Get:16 http://azure.archive.ubuntu.com/ubuntu jammy-security/main Translation-en [504 kB]
2026-10-02T08:32:32.5993949Z Get:17 http://azure.archive.ubuntu.com/ubuntu jammy-security/restricted amd64 Packages [6410 kB]
2026-10-02T08:32:32.6239765Z Get:18 http://azure.archive.ubuntu.com/ubuntu jammy-security/restricted Translation-en [1232 kB]
2026-10-02T08:32:32.6717721Z Get:19 http://azure.archive.ubuntu.com/ubuntu jammy-security/universe amd64 Packages [1052 kB]
2026-10-02T08:32:32.6763202Z Get:20 http://azure.archive.ubuntu.com/ubuntu jammy-security/universe Translation-en [236 kB]
2026-10-02T08:32:42.3620002Z Fetched 28.8 MB in 3s (10.3 MB/s)
2026-10-02T08:32:43.6261638Z Reading package lists...
2026-10-02T08:32:43.6796449Z Reading package lists...
2026-10-02T08:32:43.9656455Z Building dependency tree...
2026-10-02T08:32:43.9666720Z Reading state information...
2026-10-02T08:32:44.1679567Z fonts-liberation is already the newest version (1:1.07.4-11).
2026-10-02T08:32:44.1680443Z fonts-liberation set to manually installed.
2026-10-02T08:32:44.1681055Z libatk-bridge2.0-0 is already the newest version (2.38.0-3).
2026-10-02T08:32:44.1681667Z libatk-bridge2.0-0 set to manually installed.
2026-10-02T08:32:44.1682341Z libatk1.0-0 is already the newest version (2.36.0-3build1).
2026-10-02T08:32:44.1682858Z libatk1.0-0 set to manually installed.
2026-10-02T08:32:44.1683346Z libatspi2.0-0 is already the newest version (2.44.0-3).
2026-10-02T08:32:44.1683834Z libatspi2.0-0 set to manually installed.
2026-10-02T08:32:44.1684327Z libfontconfig1 is already the newest version (2.13.1-4.2ubuntu5).
2026-10-02T08:32:44.1684778Z libfontconfig1 set to manually installed.
2026-10-02T08:32:44.1685161Z libxcb1 is already the newest version (1.14-3ubuntu3).
2026-10-02T08:32:44.1685454Z libxcb1 set to manually installed.
2026-10-02T08:32:44.1685777Z libxcomposite1 is already the newest version (1:0.4.5-1build2).
2026-10-02T08:32:44.1686117Z libxcomposite1 set to manually installed.
2026-10-02T08:32:44.1686447Z libxdamage1 is already the newest version (1:1.1.5-2build2).
2026-10-02T08:32:44.1686754Z libxdamage1 set to manually installed.
2026-10-02T08:32:44.1687056Z libxext6 is already the newest version (2:1.3.4-1build1).
2026-10-02T08:32:44.1687357Z libxext6 set to manually installed.
2026-10-02T08:32:44.1687642Z libxfixes3 is already the newest version (1:6.0.0-1).
2026-10-02T08:32:44.1687924Z libxfixes3 set to manually installed.
2026-10-02T08:32:44.1688224Z libxkbcommon0 is already the newest version (1.4.0-1).
2026-10-02T08:32:44.1688514Z libxkbcommon0 set to manually installed.
2026-10-02T08:32:44.1688828Z libxrandr2 is already the newest version (2:1.5.2-1build1).
2026-10-02T08:32:44.1689128Z libxrandr2 set to manually installed.
2026-10-02T08:32:44.1689500Z fonts-noto-color-emoji is already the newest version (2.047-0ubuntu0.22.04.1).
2026-10-02T08:32:44.1690223Z libasound2 is already the newest version (1.2.6.1-1ubuntu1.2).
2026-10-02T08:32:44.1690540Z libasound2 set to manually installed.
2026-10-02T08:32:44.1690855Z libcairo2 is already the newest version (1.16.0-5ubuntu2.1).
2026-10-02T08:32:44.1691151Z libcairo2 set to manually installed.
2026-10-02T08:32:44.1691606Z libcups2 is already the newest version (2.4.1op1-1ubuntu4.21).
2026-10-02T08:32:44.1692243Z libcups2 set to manually installed.
2026-10-02T08:32:44.1692562Z libdbus-1-3 is already the newest version (1.12.20-2ubuntu4.1).
2026-10-02T08:32:44.1692868Z libdbus-1-3 set to manually installed.
2026-10-02T08:32:44.1693206Z libdrm2 is already the newest version (2.4.113-2~ubuntu0.22.04.1).
2026-10-02T08:32:44.1693626Z libdrm2 set to manually installed.
2026-10-02T08:32:44.1693956Z libfreetype6 is already the newest version (2.11.1+dfsg-1ubuntu0.3).
2026-10-02T08:32:44.1694289Z libfreetype6 set to manually installed.
2026-10-02T08:32:44.1694611Z libgbm1 is already the newest version (23.2.1-1ubuntu3.1~22.04.4).
2026-10-02T08:32:44.1694909Z libgbm1 set to manually installed.
2026-10-02T08:32:44.1695462Z libglib2.0-0 is already the newest version (2.72.4-0ubuntu2.10).
2026-10-02T08:32:44.1695908Z libglib2.0-0 set to manually installed.
2026-10-02T08:32:44.1696387Z libnspr4 is already the newest version (2:4.35-0ubuntu0.22.04.1).
2026-10-02T08:32:44.1696970Z libnss3 is already the newest version (2:3.98-0ubuntu0.22.04.4).
2026-10-02T08:32:44.1697538Z libpango-1.0-0 is already the newest version (1.50.6+ds-2ubuntu1).
2026-10-02T08:32:44.1698025Z libpango-1.0-0 set to manually installed.
2026-10-02T08:32:44.1698410Z libwayland-client0 is already the newest version (1.20.0-1ubuntu0.1).
2026-10-02T08:32:44.1698767Z libwayland-client0 set to manually installed.
2026-10-02T08:32:44.1699096Z libx11-6 is already the newest version (2:1.7.5-1ubuntu0.3).
2026-10-02T08:32:44.1699466Z libx11-6 set to manually installed.
2026-10-02T08:32:44.1700172Z xvfb is already the newest version (2:21.1.4-2ubuntu1.7~22.04.16).
2026-10-02T08:32:44.1700728Z The following additional packages will be installed:
2026-10-02T08:32:44.1701160Z   xfonts-encodings xfonts-utils
2026-10-02T08:32:44.1701466Z Recommended packages:
2026-10-02T08:32:44.1701690Z   fonts-ipafont-mincho fonts-tlwg-loma
2026-10-02T08:32:44.1865662Z The following NEW packages will be installed:
2026-10-02T08:32:44.1866402Z   fonts-freefont-ttf fonts-ipafont-gothic fonts-tlwg-loma-otf fonts-unifont
2026-10-02T08:32:44.1871214Z   fonts-wqy-zenhei xfonts-cyrillic xfonts-encodings xfonts-scalable
2026-10-02T08:32:44.1871739Z   xfonts-utils
2026-10-02T08:32:44.2030526Z 0 upgraded, 9 newly installed, 0 to remove and 20 not upgraded.
2026-10-02T08:32:44.2031094Z Need to get 18.4 MB of archives.
2026-10-02T08:32:44.2031658Z After this operation, 56.8 MB of additional disk space will be used.
2026-10-02T08:32:44.2032295Z Get:1 file:/etc/apt/apt-mirrors.txt Mirrorlist [144 B]
2026-10-02T08:32:44.2877355Z Get:2 http://azure.archive.ubuntu.com/ubuntu jammy/universe amd64 fonts-ipafont-gothic all 00303-21ubuntu1 [3513 kB]
2026-10-02T08:32:44.4186611Z Get:3 http://azure.archive.ubuntu.com/ubuntu jammy/main amd64 fonts-freefont-ttf all 20120503-10build1 [2388 kB]
2026-10-02T08:32:44.5001631Z Get:4 http://azure.archive.ubuntu.com/ubuntu jammy/universe amd64 fonts-tlwg-loma-otf all 1:0.7.3-1 [107 kB]
2026-10-02T08:32:44.5696603Z Get:5 http://azure.archive.ubuntu.com/ubuntu jammy/universe amd64 fonts-unifont all 1:14.0.01-1 [3551 kB]
2026-10-02T08:32:44.7001890Z Get:6 http://azure.archive.ubuntu.com/ubuntu jammy/universe amd64 fonts-wqy-zenhei all 0.9.45-8 [7472 kB]
2026-10-02T08:32:44.9170034Z Get:7 http://azure.archive.ubuntu.com/ubuntu jammy/main amd64 xfonts-encodings all 1:1.0.5-0ubuntu2 [578 kB]
2026-10-02T08:32:44.9915545Z Get:8 http://azure.archive.ubuntu.com/ubuntu jammy/main amd64 xfonts-utils amd64 1:7.7+6build2 [94.6 kB]
2026-10-02T08:32:45.0563966Z Get:9 http://azure.archive.ubuntu.com/ubuntu jammy/universe amd64 xfonts-cyrillic all 1:1.0.5 [386 kB]
2026-10-02T08:32:45.1278052Z Get:10 http://azure.archive.ubuntu.com/ubuntu jammy/main amd64 xfonts-scalable all 1:1.0.3-1.2ubuntu1 [306 kB]
2026-10-02T08:32:45.5028880Z Fetched 18.4 MB in 1s (19.3 MB/s)
2026-10-02T08:32:45.6878743Z Selecting previously unselected package fonts-ipafont-gothic.
2026-10-02T08:32:45.7397108Z (Reading database ... 
2026-10-02T08:32:45.7397541Z (Reading database ... 5%
2026-10-02T08:32:45.7398080Z (Reading database ... 10%
2026-10-02T08:32:45.7398287Z (Reading database ... 15%
2026-10-02T08:32:45.7398481Z (Reading database ... 20%
2026-10-02T08:32:45.7398684Z (Reading database ... 25%
2026-10-02T08:32:45.7398875Z (Reading database ... 30%
2026-10-02T08:32:45.7399058Z (Reading database ... 35%
2026-10-02T08:32:45.7399822Z (Reading database ... 40%
2026-10-02T08:32:45.7400133Z (Reading database ... 45%
2026-10-02T08:32:45.7400442Z (Reading database ... 50%
2026-10-02T08:32:45.8510766Z (Reading database ... 55%
2026-10-02T08:32:46.0673503Z (Reading database ... 60%
2026-10-02T08:32:46.2750963Z (Reading database ... 65%
2026-10-02T08:32:46.4899749Z (Reading database ... 70%
2026-10-02T08:32:46.6651411Z (Reading database ... 75%
2026-10-02T08:32:46.8402176Z (Reading database ... 80%
2026-10-02T08:32:47.0379145Z (Reading database ... 85%
2026-10-02T08:32:47.2769947Z (Reading database ... 90%
2026-10-02T08:32:47.4940840Z (Reading database ... 95%
2026-10-02T08:32:47.4941141Z (Reading database ... 100%
2026-10-02T08:32:47.4941550Z (Reading database ... 260411 files and directories currently installed.)
2026-10-02T08:32:47.5002653Z Preparing to unpack .../0-fonts-ipafont-gothic_00303-21ubuntu1_all.deb ...
2026-10-02T08:32:47.5856211Z Unpacking fonts-ipafont-gothic (00303-21ubuntu1) ...
2026-10-02T08:32:48.0021179Z Selecting previously unselected package fonts-freefont-ttf.
2026-10-02T08:32:48.0203164Z Preparing to unpack .../1-fonts-freefont-ttf_20120503-10build1_all.deb ...
2026-10-02T08:32:48.0246572Z Unpacking fonts-freefont-ttf (20120503-10build1) ...
2026-10-02T08:32:48.2947963Z Selecting previously unselected package fonts-tlwg-loma-otf.
2026-10-02T08:32:48.3137116Z Preparing to unpack .../2-fonts-tlwg-loma-otf_1%3a0.7.3-1_all.deb ...
2026-10-02T08:32:48.3212018Z Unpacking fonts-tlwg-loma-otf (1:0.7.3-1) ...
2026-10-02T08:32:48.3834234Z Selecting previously unselected package fonts-unifont.
2026-10-02T08:32:48.4020631Z Preparing to unpack .../3-fonts-unifont_1%3a14.0.01-1_all.deb ...
2026-10-02T08:32:48.4092004Z Unpacking fonts-unifont (1:14.0.01-1) ...
2026-10-02T08:32:48.6796170Z Selecting previously unselected package fonts-wqy-zenhei.
2026-10-02T08:32:48.6990888Z Preparing to unpack .../4-fonts-wqy-zenhei_0.9.45-8_all.deb ...
2026-10-02T08:32:48.7147387Z Unpacking fonts-wqy-zenhei (0.9.45-8) ...
2026-10-02T08:32:49.2553269Z Selecting previously unselected package xfonts-encodings.
2026-10-02T08:32:49.2756036Z Preparing to unpack .../5-xfonts-encodings_1%3a1.0.5-0ubuntu2_all.deb ...
2026-10-02T08:32:49.2790758Z Unpacking xfonts-encodings (1:1.0.5-0ubuntu2) ...
2026-10-02T08:32:49.6513725Z Selecting previously unselected package xfonts-utils.
2026-10-02T08:32:49.6710988Z Preparing to unpack .../6-xfonts-utils_1%3a7.7+6build2_amd64.deb ...
2026-10-02T08:32:49.6887233Z Unpacking xfonts-utils (1:7.7+6build2) ...
2026-10-02T08:32:49.9230676Z Selecting previously unselected package xfonts-cyrillic.
2026-10-02T08:32:49.9422681Z Preparing to unpack .../7-xfonts-cyrillic_1%3a1.0.5_all.deb ...
2026-10-02T08:32:49.9465400Z Unpacking xfonts-cyrillic (1:1.0.5) ...
2026-10-02T08:32:50.4149244Z Selecting previously unselected package xfonts-scalable.
2026-10-02T08:32:50.4345425Z Preparing to unpack .../8-xfonts-scalable_1%3a1.0.3-1.2ubuntu1_all.deb ...
2026-10-02T08:32:50.4426365Z Unpacking xfonts-scalable (1:1.0.3-1.2ubuntu1) ...
2026-10-02T08:32:50.9678260Z Setting up fonts-wqy-zenhei (0.9.45-8) ...
2026-10-02T08:32:51.8741527Z Setting up fonts-freefont-ttf (20120503-10build1) ...
2026-10-02T08:32:51.8757335Z Setting up fonts-tlwg-loma-otf (1:0.7.3-1) ...
2026-10-02T08:32:51.8772663Z Setting up xfonts-encodings (1:1.0.5-0ubuntu2) ...
2026-10-02T08:32:51.8787983Z Setting up fonts-ipafont-gothic (00303-21ubuntu1) ...
2026-10-02T08:32:51.8861352Z update-alternatives: using /usr/share/fonts/opentype/ipafont-gothic/ipag.ttf to provide /usr/share/fonts/truetype/fonts-japanese-gothic.ttf (fonts-japanese-gothic.ttf) in auto mode
2026-10-02T08:32:51.8877749Z Setting up fonts-unifont (1:14.0.01-1) ...
2026-10-02T08:32:51.8895433Z Setting up xfonts-utils (1:7.7+6build2) ...
2026-10-02T08:32:51.8933514Z Setting up xfonts-cyrillic (1:1.0.5) ...
2026-10-02T08:32:51.9204538Z Setting up xfonts-scalable (1:1.0.3-1.2ubuntu1) ...
2026-10-02T08:32:51.9458653Z Processing triggers for man-db (2.10.2-1) ...
2026-10-02T08:32:51.9476109Z Not building database; man-db/auto-update is not 'true'.
2026-10-02T08:32:51.9485606Z Processing triggers for fontconfig (2.13.1-4.2ubuntu5) ...
2026-10-02T08:32:52.8849433Z 
2026-10-02T08:32:52.8850172Z Running kernel seems to be up-to-date.
2026-10-02T08:32:52.8850500Z 
2026-10-02T08:32:52.8850684Z No services need to be restarted.
2026-10-02T08:32:52.8850919Z 
2026-10-02T08:32:52.8860348Z No containers need to be restarted.
2026-10-02T08:32:52.8860817Z 
2026-10-02T08:32:52.8860982Z No user sessions are running outdated binaries.
2026-10-02T08:32:52.8861166Z 
2026-10-02T08:32:52.8861398Z No VM guests are running outdated hypervisor (qemu) binaries on this host.
2026-10-02T08:32:54.4664753Z Downloading Chromium 140.0.7339.16 (playwright build v1187) from https://cdn.playwright.dev/dbazure/download/playwright/builds/chromium/1187/chromium-linux.zip
2026-10-02T08:32:54.5772361Z |                                                                                |   0% of 173.7 MiB
2026-10-02T08:32:54.6697674Z |■■■■■■■■                                                                        |  10% of 173.7 MiB
2026-10-02T08:32:54.7470908Z |■■■■■■■■■■■■■■■■                                                                |  20% of 173.7 MiB
2026-10-02T08:32:54.8282066Z |■■■■■■■■■■■■■■■■■■■■■■■■                                                        |  30% of 173.7 MiB
2026-10-02T08:32:54.9673827Z |■■■■■■■■■■■■■■■■■■■■■■■■■■■■■■■■                                                |  40% of 173.7 MiB
2026-10-02T08:32:55.0867470Z |■■■■■■■■■■■■■■■■■■■■■■■■■■■■■■■■■■■■■■■■                                        |  50% of 173.7 MiB
2026-10-02T08:32:55.1507190Z |■■■■■■■■■■■■■■■■■■■■■■■■■■■■■■■■■■■■■■■■■■■■■■■■                                |  60% of 173.7 MiB
2026-10-02T08:32:55.2264602Z |■■■■■■■■■■■■■■■■■■■■■■■■■■■■■■■■■■■■■■■■■■■■■■■■■■■■■■■■                        |  70% of 173.7 MiB
2026-10-02T08:32:55.3503446Z |■■■■■■■■■■■■■■■■■■■■■■■■■■■■■■■■■■■■■■■■■■■■■■■■■■■■■■■■■■■■■■■■                |  80% of 173.7 MiB
2026-10-02T08:32:55.4112372Z |■■■■■■■■■■■■■■■■■■■■■■■■■■■■■■■■■■■■■■■■■■■■■■■■■■■■■■■■■■■■■■■■■■■■■■■■        |  90% of 173.7 MiB
2026-10-02T08:32:55.4670547Z |■■■■■■■■■■■■■■■■■■■■■■■■■■■■■■■■■■■■■■■■■■■■■■■■■■■■■■■■■■■■■■■■■■■■■■■■■■■■■■■■| 100% of 173.7 MiB
2026-10-02T08:32:58.0365219Z Chromium 140.0.7339.16 (playwright build v1187) downloaded to /home/runner/.cache/ms-playwright/chromium-1187
2026-10-02T08:32:58.0366857Z Downloading FFMPEG playwright build v1011 from https://cdn.playwright.dev/dbazure/download/playwright/builds/ffmpeg/1011/ffmpeg-linux.zip
2026-10-02T08:32:58.1505017Z |                                                                                |   0% of 2.3 MiB
2026-10-02T08:32:58.1562371Z |■■■■■■■■                                                                        |  10% of 2.3 MiB
2026-10-02T08:32:58.1577389Z |■■■■■■■■■■■■■■■■                                                                |  20% of 2.3 MiB
2026-10-02T08:32:58.1596644Z |■■■■■■■■■■■■■■■■■■■■■■■■                                                        |  30% of 2.3 MiB
2026-10-02T08:32:58.1611206Z |■■■■■■■■■■■■■■■■■■■■■■■■■■■■■■■■                                                |  40% of 2.3 MiB
2026-10-02T08:32:58.1626700Z |■■■■■■■■■■■■■■■■■■■■■■■■■■■■■■■■■■■■■■■■                                        |  50% of 2.3 MiB
2026-10-02T08:32:58.1640833Z |■■■■■■■■■■■■■■■■■■■■■■■■■■■■■■■■■■■■■■■■■■■■■■■■                                |  60% of 2.3 MiB
2026-10-02T08:32:58.1650118Z |■■■■■■■■■■■■■■■■■■■■■■■■■■■■■■■■■■■■■■■■■■■■■■■■■■■■■■■■                        |  70% of 2.3 MiB
2026-10-02T08:32:58.1660724Z |■■■■■■■■■■■■■■■■■■■■■■■■■■■■■■■■■■■■■■■■■■■■■■■■■■■■■■■■■■■■■■■■                |  80% of 2.3 MiB
2026-10-02T08:32:58.1671712Z |■■■■■■■■■■■■■■■■■■■■■■■■■■■■■■■■■■■■■■■■■■■■■■■■■■■■■■■■■■■■■■■■■■■■■■■■        |  90% of 2.3 MiB
2026-10-02T08:32:58.1681658Z |■■■■■■■■■■■■■■■■■■■■■■■■■■■■■■■■■■■■■■■■■■■■■■■■■■■■■■■■■■■■■■■■■■■■■■■■■■■■■■■■| 100% of 2.3 MiB
2026-10-02T08:32:58.2084742Z FFMPEG playwright build v1011 downloaded to /home/runner/.cache/ms-playwright/ffmpeg-1011
2026-10-02T08:32:58.2086668Z Downloading Chromium Headless Shell 140.0.7339.16 (playwright build v1187) from https://cdn.playwright.dev/dbazure/download/playwright/builds/chromium/1187/chromium-headless-shell-linux.zip
2026-10-02T08:32:58.3107668Z |                                                                                |   0% of 104.3 MiB
2026-10-02T08:32:58.3723394Z |■■■■■■■■                                                                        |  10% of 104.3 MiB
2026-10-02T08:32:58.4113931Z |■■■■■■■■■■■■■■■■                                                                |  20% of 104.3 MiB
2026-10-02T08:32:58.4488104Z |■■■■■■■■■■■■■■■■■■■■■■■■                                                        |  30% of 104.3 MiB
2026-10-02T08:32:58.4803416Z |■■■■■■■■■■■■■■■■■■■■■■■■■■■■■■■■                                                |  40% of 104.3 MiB
2026-10-02T08:32:58.5195630Z |■■■■■■■■■■■■■■■■■■■■■■■■■■■■■■■■■■■■■■■■                                        |  50% of 104.3 MiB
2026-10-02T08:32:58.5453302Z |■■■■■■■■■■■■■■■■■■■■■■■■■■■■■■■■■■■■■■■■■■■■■■■■                                |  60% of 104.3 MiB
2026-10-02T08:32:58.5718507Z |■■■■■■■■■■■■■■■■■■■■■■■■■■■■■■■■■■■■■■■■■■■■■■■■■■■■■■■■                        |  70% of 104.3 MiB
2026-10-02T08:32:58.6001405Z |■■■■■■■■■■■■■■■■■■■■■■■■■■■■■■■■■■■■■■■■■■■■■■■■■■■■■■■■■■■■■■■■                |  80% of 104.3 MiB
2026-10-02T08:32:58.6241915Z |■■■■■■■■■■■■■■■■■■■■■■■■■■■■■■■■■■■■■■■■■■■■■■■■■■■■■■■■■■■■■■■■■■■■■■■■        |  90% of 104.3 MiB
2026-10-02T08:32:58.6500227Z |■■■■■■■■■■■■■■■■■■■■■■■■■■■■■■■■■■■■■■■■■■■■■■■■■■■■■■■■■■■■■■■■■■■■■■■■■■■■■■■■| 100% of 104.3 MiB
2026-10-02T08:32:59.9801268Z Chromium Headless Shell 140.0.7339.16 (playwright build v1187) downloaded to /home/runner/.cache/ms-playwright/chromium_headless_shell-1187
2026-10-02T08:33:00.1257143Z ##[group]Run node scripts/verify_frontend_workbench.mjs --output output/web-browser
2026-10-02T08:33:00.1257622Z [36;1mnode scripts/verify_frontend_workbench.mjs --output output/web-browser[0m
2026-10-02T08:33:00.1320336Z shell: /usr/bin/bash -e {0}
2026-10-02T08:33:00.1320568Z ##[endgroup]
2026-10-02T08:33:15.0410597Z {"passed":true,"checks":["primary entry visible; example fills and focuses the visible composer","mobile no page overflow","check result visible in first viewport; persisted finding retained (top=505px)","active diagnosis fits narrow laptop and mobile","default workbench view renders the real parent-child tree","fullscreen tree canvas fills viewport (height=620px)","failed refresh retains report; retry clears warning","engineering scores 21/21, localization 6/21 and refutations 8 retain all 21 scenarios at four widths; no legacy score display or fetch despite mixed-version fixtures"],"output":"/home/runner/work/mini-drop/mini-drop/output/web-browser"}
2026-10-02T08:33:15.1066852Z ##[group]Run actions/upload-artifact@v4
2026-10-02T08:33:15.1067109Z with:
2026-10-02T08:33:15.1067366Z   name: web-browser-56788a921762abb5a409f608089d6d04ff1e4031-1
2026-10-02T08:33:15.1068414Z   path: output/web-browser/
2026-10-02T08:33:15.1068773Z   if-no-files-found: error
2026-10-02T08:33:15.1068985Z   retention-days: 14
2026-10-02T08:33:15.1069214Z   compression-level: 6
2026-10-02T08:33:15.1069405Z   overwrite: false
2026-10-02T08:33:15.1069618Z   include-hidden-files: false
2026-10-02T08:33:15.1070969Z ##[endgroup]
2026-10-02T08:33:15.2733697Z (node:3073) [DEP0040] DeprecationWarning: The `punycode` module is deprecated. Please use a userland alternative instead.
2026-10-02T08:33:15.2734351Z (Use `node --trace-deprecation ...` to show where the warning was created)
2026-10-02T08:33:15.2794762Z With the provided path, there will be 13 files uploaded
2026-10-02T08:33:15.2799295Z Artifact name is valid!
2026-10-02T08:33:15.2799982Z Root directory input is valid!
2026-10-02T08:33:15.6028478Z Beginning upload of artifact content to blob storage
2026-10-02T08:33:15.6691931Z (node:3073) [DEP0169] DeprecationWarning: `url.parse()` behavior is not standardized and prone to errors that have security implications. Use the WHATWG URL API instead. CVEs are not issued for `url.parse()` vulnerabilities.
2026-10-02T08:33:16.1988615Z Uploaded bytes 1490674
2026-10-02T08:33:16.2550776Z Finished uploading artifact content to blob storage!
2026-10-02T08:33:16.2551543Z SHA256 digest of uploaded artifact zip is 28e679469581c1aed8b621a71e65cf2646e3aa20a5990e41f04d3c95e6c3031f
2026-10-02T08:33:16.2552324Z Finalizing artifact upload
2026-10-02T08:33:16.4950985Z Artifact web-browser-56788a921762abb5a409f608089d6d04ff1e4031-1.zip successfully finalized. Artifact ID 11215889860
2026-10-02T08:33:16.4952160Z Artifact web-browser-56788a921762abb5a409f608089d6d04ff1e4031-1 has been successfully uploaded! Final size is 1490674 bytes. Artifact ID is 11215889860
2026-10-02T08:33:16.4953279Z Artifact download URL: https://github.com/llongwang751-arch/mini-drop/actions/runs/36984571199/artifacts/11215889860
2026-10-02T08:33:16.5111473Z Post job cleanup.
2026-10-02T08:33:16.6160654Z (node:3085) [DEP0040] DeprecationWarning: The `punycode` module is deprecated. Please use a userland alternative instead.
2026-10-02T08:33:16.6161298Z (Use `node --trace-deprecation ...` to show where the warning was created)
2026-10-02T08:33:16.6163898Z Cache hit occurred on the primary key node-cache-Linux-x64-npm-a79428a48f53c819bdf3224c6f533bf526ae1b21f28f4ee918b0bcba5121d960, not saving cache.
2026-10-02T08:33:16.6292133Z Post job cleanup.
2026-10-02T08:33:16.6984010Z [command]/usr/bin/git version
2026-10-02T08:33:16.7019998Z git version 2.55.0
2026-10-02T08:33:16.7049183Z Temporarily overriding HOME='/home/runner/work/_temp/696fc4ad-15ed-47dc-a3e7-c328ebb96f31' before making global git config changes
2026-10-02T08:33:16.7050418Z Adding repository directory to the temporary git global config as a safe directory
2026-10-02T08:33:16.7053852Z [command]/usr/bin/git config --global --add safe.directory /home/runner/work/mini-drop/mini-drop
2026-10-02T08:33:16.7090280Z [command]/usr/bin/git config --local --name-only --get-regexp core\.sshCommand
2026-10-02T08:33:16.7123730Z [command]/usr/bin/git submodule foreach --recursive sh -c "git config --local --name-only --get-regexp 'core\.sshCommand' && git config --local --unset-all 'core.sshCommand' || :"
2026-10-02T08:33:16.7369065Z [command]/usr/bin/git config --local --name-only --get-regexp http\.https\:\/\/github\.com\/\.extraheader
2026-10-02T08:33:16.7397602Z http.https://github.com/.extraheader
2026-10-02T08:33:16.7408599Z [command]/usr/bin/git config --local --unset-all http.https://github.com/.extraheader
2026-10-02T08:33:16.7444848Z [command]/usr/bin/git submodule foreach --recursive sh -c "git config --local --name-only --get-regexp 'http\.https\:\/\/github\.com\/\.extraheader' && git config --local --unset-all 'http.https://github.com/.extraheader' || :"
2026-10-02T08:33:16.7711976Z [command]/usr/bin/git config --local --name-only --get-regexp ^includeIf\.gitdir:
2026-10-02T08:33:16.7749101Z [command]/usr/bin/git submodule foreach --recursive git config --local --show-origin --name-only --get-regexp remote.origin.url
2026-10-02T08:33:16.8145033Z Cleaning up orphan processes
2026-10-02T08:33:16.8459317Z ##[warning]Node.js 20 is deprecated. The following actions target Node.js 20 but are being forced to run on Node.js 24: actions/checkout@v4, actions/setup-node@v4, actions/upload-artifact@v4. For more information see: https://github.blog/changelog/2025-09-19-deprecation-of-node-20-on-github-actions-runners/
