2026-10-02T08:32:09.6866722Z Current runner version: '2.337.0'
2026-10-02T08:32:09.6888008Z ##[group]Runner Image Provisioner
2026-10-02T08:32:09.6888700Z Hosted Compute Agent
2026-10-02T08:32:09.6889146Z Version: 20260901.588
2026-10-02T08:32:09.6889730Z Commit: f88ec8081b781fac6c440065ac7ff9e710ce3d0b
2026-10-02T08:32:09.6890295Z Build Date: 2026-09-01T19:56:44Z
2026-10-02T08:32:09.6890848Z Worker ID: {a128e477-9644-4426-8dd6-7eb28ac206c1}
2026-10-02T08:32:09.6891450Z Azure Region: centralus
2026-10-02T08:32:09.6891905Z ##[endgroup]
2026-10-02T08:32:09.6892920Z ##[group]Operating System
2026-10-02T08:32:09.6893408Z Ubuntu
2026-10-02T08:32:09.6893814Z 22.04.5
2026-10-02T08:32:09.6894222Z LTS
2026-10-02T08:32:09.6894635Z ##[endgroup]
2026-10-02T08:32:09.6895073Z ##[group]Runner Image
2026-10-02T08:32:09.6895770Z Image: ubuntu-22.04
2026-10-02T08:32:09.6896197Z Version: 20260927.309.1
2026-10-02T08:32:09.6897271Z Included Software: https://github.com/actions/runner-images/blob/ubuntu22/20260927.309/images/ubuntu/Ubuntu2204-Readme.md
2026-10-02T08:32:09.6898520Z Image Release: https://github.com/actions/runner-images/releases/tag/ubuntu22%2F20260927.309
2026-10-02T08:32:09.6899332Z ##[endgroup]
2026-10-02T08:32:09.6900392Z ##[group]GITHUB_TOKEN Permissions
2026-10-02T08:32:09.6902217Z Contents: read
2026-10-02T08:32:09.6902685Z Metadata: read
2026-10-02T08:32:09.6903134Z Packages: read
2026-10-02T08:32:09.6903624Z ##[endgroup]
2026-10-02T08:32:09.6905535Z Secret source: Actions
2026-10-02T08:32:09.6906282Z Cache mode: write
2026-10-02T08:32:09.6906907Z Prepare workflow directory
2026-10-02T08:32:09.7205011Z Prepare all required actions
2026-10-02T08:32:09.7247435Z Getting action download info
2026-10-02T08:32:10.0196539Z Download action repository 'actions/checkout@v4' (SHA:11d5960a326750d5838078e36cf38b85af677262)
2026-10-02T08:32:10.1221744Z Download action repository 'actions/setup-python@v5' (SHA:a26af69be951a213d495a4c3e4e4022e16d87065)
2026-10-02T08:32:10.2971237Z Download action repository 'actions/upload-artifact@v4' (SHA:ea165f8d65b6e75b540449e92b4886f43607fa02)
2026-10-02T08:32:10.4966358Z Complete job name: HTTP load and recovery (short regression)
2026-10-02T08:32:10.5541454Z ##[group]Run actions/checkout@v4
2026-10-02T08:32:10.5542094Z with:
2026-10-02T08:32:10.5542662Z   repository: llongwang751-arch/mini-drop
2026-10-02T08:32:10.5545995Z   token: ***
2026-10-02T08:32:10.5546426Z   ssh-strict: true
2026-10-02T08:32:10.5546854Z   ssh-user: git
2026-10-02T08:32:10.5547262Z   persist-credentials: true
2026-10-02T08:32:10.5547768Z   clean: true
2026-10-02T08:32:10.5548177Z   sparse-checkout-cone-mode: true
2026-10-02T08:32:10.5548655Z   fetch-depth: 1
2026-10-02T08:32:10.5549058Z   fetch-tags: false
2026-10-02T08:32:10.5549482Z   show-progress: true
2026-10-02T08:32:10.5549896Z   lfs: false
2026-10-02T08:32:10.5550277Z   submodules: false
2026-10-02T08:32:10.5550677Z   set-safe-directory: true
2026-10-02T08:32:10.5551158Z   allow-unsafe-pr-checkout: false
2026-10-02T08:32:10.5551794Z ##[endgroup]
2026-10-02T08:32:10.6443350Z Syncing repository: llongwang751-arch/mini-drop
2026-10-02T08:32:10.6445166Z ##[group]Getting Git version info
2026-10-02T08:32:10.6446348Z Working directory is '/home/runner/work/mini-drop/mini-drop'
2026-10-02T08:32:10.6447291Z [command]/usr/bin/git version
2026-10-02T08:32:10.6499887Z git version 2.55.0
2026-10-02T08:32:10.6518158Z ##[endgroup]
2026-10-02T08:32:10.6529965Z Temporarily overriding HOME='/home/runner/work/_temp/70b442e3-9f94-4796-ac64-f80e9038344f' before making global git config changes
2026-10-02T08:32:10.6532337Z Adding repository directory to the temporary git global config as a safe directory
2026-10-02T08:32:10.6535835Z [command]/usr/bin/git config --global --add safe.directory /home/runner/work/mini-drop/mini-drop
2026-10-02T08:32:10.6572506Z Deleting the contents of '/home/runner/work/mini-drop/mini-drop'
2026-10-02T08:32:10.6576428Z ##[group]Initializing the repository
2026-10-02T08:32:10.6579370Z [command]/usr/bin/git init /home/runner/work/mini-drop/mini-drop
2026-10-02T08:32:10.6665819Z hint: Using 'master' as the name for the initial branch. This default branch name
2026-10-02T08:32:10.6674182Z hint: will change to "main" in Git 3.0. To configure the initial branch name
2026-10-02T08:32:10.6675245Z hint: to use in all of your new repositories, which will suppress this warning,
2026-10-02T08:32:10.6676399Z hint: call:
2026-10-02T08:32:10.6676836Z hint:
2026-10-02T08:32:10.6677371Z hint: 	git config --global init.defaultBranch <name>
2026-10-02T08:32:10.6678073Z hint:
2026-10-02T08:32:10.6678676Z hint: Names commonly chosen instead of 'master' are 'main', 'trunk' and
2026-10-02T08:32:10.6679659Z hint: 'development'. The just-created branch can be renamed via this command:
2026-10-02T08:32:10.6680437Z hint:
2026-10-02T08:32:10.6680907Z hint: 	git branch -m <name>
2026-10-02T08:32:10.6681413Z hint:
2026-10-02T08:32:10.6682055Z hint: Disable this message with "git config set advice.defaultBranchName false"
2026-10-02T08:32:10.6683060Z Initialized empty Git repository in /home/runner/work/mini-drop/mini-drop/.git/
2026-10-02T08:32:10.6684808Z [command]/usr/bin/git remote add origin https://github.com/llongwang751-arch/mini-drop
2026-10-02T08:32:10.6719456Z ##[endgroup]
2026-10-02T08:32:10.6720858Z ##[group]Disabling automatic garbage collection
2026-10-02T08:32:10.6722056Z [command]/usr/bin/git config --local gc.auto 0
2026-10-02T08:32:10.6745208Z ##[endgroup]
2026-10-02T08:32:10.6746401Z ##[group]Setting up auth
2026-10-02T08:32:10.6750046Z [command]/usr/bin/git config --local --name-only --get-regexp core\.sshCommand
2026-10-02T08:32:10.6777641Z [command]/usr/bin/git submodule foreach --recursive sh -c "git config --local --name-only --get-regexp 'core\.sshCommand' && git config --local --unset-all 'core.sshCommand' || :"
2026-10-02T08:32:10.7047140Z [command]/usr/bin/git config --local --name-only --get-regexp http\.https\:\/\/github\.com\/\.extraheader
2026-10-02T08:32:10.7074655Z [command]/usr/bin/git submodule foreach --recursive sh -c "git config --local --name-only --get-regexp 'http\.https\:\/\/github\.com\/\.extraheader' && git config --local --unset-all 'http.https://github.com/.extraheader' || :"
2026-10-02T08:32:10.7257321Z [command]/usr/bin/git config --local --name-only --get-regexp ^includeIf\.gitdir:
2026-10-02T08:32:10.7280482Z [command]/usr/bin/git submodule foreach --recursive git config --local --show-origin --name-only --get-regexp remote.origin.url
2026-10-02T08:32:10.7453776Z [command]/usr/bin/git config --local http.https://github.com/.extraheader AUTHORIZATION: basic ***
2026-10-02T08:32:10.7486381Z ##[endgroup]
2026-10-02T08:32:10.7487514Z ##[group]Fetching the repository
2026-10-02T08:32:10.7494651Z [command]/usr/bin/git -c protocol.version=2 fetch --no-tags --prune --no-recurse-submodules --depth=1 origin +56788a921762abb5a409f608089d6d04ff1e4031:refs/remotes/pull/1/merge
2026-10-02T08:32:18.3483875Z From https://github.com/llongwang751-arch/mini-drop
2026-10-02T08:32:18.3486961Z  * [new ref]         56788a921762abb5a409f608089d6d04ff1e4031 -> pull/1/merge
2026-10-02T08:32:18.3489469Z ##[endgroup]
2026-10-02T08:32:18.3490340Z ##[group]Determining the checkout info
2026-10-02T08:32:18.3491392Z ##[endgroup]
2026-10-02T08:32:18.3494266Z [command]/usr/bin/git sparse-checkout disable
2026-10-02T08:32:18.3536163Z [command]/usr/bin/git config --local --unset-all extensions.worktreeConfig
2026-10-02T08:32:18.3562476Z ##[group]Checking out the ref
2026-10-02T08:32:18.3564585Z [command]/usr/bin/git checkout --progress --force refs/remotes/pull/1/merge
2026-10-02T08:32:19.3681376Z Updating files:  75% (3284/4368)
2026-10-02T08:32:19.3726235Z Updating files:  76% (3320/4368)
2026-10-02T08:32:19.3743205Z Updating files:  77% (3364/4368)
2026-10-02T08:32:19.3752835Z Updating files:  78% (3408/4368)
2026-10-02T08:32:19.3771184Z Updating files:  79% (3451/4368)
2026-10-02T08:32:19.3788924Z Updating files:  80% (3495/4368)
2026-10-02T08:32:19.3803186Z Updating files:  81% (3539/4368)
2026-10-02T08:32:19.3835816Z Updating files:  82% (3582/4368)
2026-10-02T08:32:19.3851801Z Updating files:  83% (3626/4368)
2026-10-02T08:32:19.3874225Z Updating files:  84% (3670/4368)
2026-10-02T08:32:19.3928265Z Updating files:  85% (3713/4368)
2026-10-02T08:32:19.3969514Z Updating files:  86% (3757/4368)
2026-10-02T08:32:19.4012648Z Updating files:  87% (3801/4368)
2026-10-02T08:32:19.4034611Z Updating files:  88% (3844/4368)
2026-10-02T08:32:19.4061112Z Updating files:  89% (3888/4368)
2026-10-02T08:32:19.4081756Z Updating files:  90% (3932/4368)
2026-10-02T08:32:19.4120500Z Updating files:  91% (3975/4368)
2026-10-02T08:32:19.4135800Z Updating files:  92% (4019/4368)
2026-10-02T08:32:19.4155011Z Updating files:  93% (4063/4368)
2026-10-02T08:32:19.4172383Z Updating files:  94% (4106/4368)
2026-10-02T08:32:19.4194886Z Updating files:  95% (4150/4368)
2026-10-02T08:32:19.4320737Z Updating files:  96% (4194/4368)
2026-10-02T08:32:19.4338182Z Updating files:  97% (4237/4368)
2026-10-02T08:32:19.4357286Z Updating files:  98% (4281/4368)
2026-10-02T08:32:19.4373769Z Updating files:  99% (4325/4368)
2026-10-02T08:32:19.4374510Z Updating files: 100% (4368/4368)
2026-10-02T08:32:19.4374928Z Updating files: 100% (4368/4368), done.
2026-10-02T08:32:19.4424961Z Note: switching to 'refs/remotes/pull/1/merge'.
2026-10-02T08:32:19.4425563Z 
2026-10-02T08:32:19.4425869Z You are in 'detached HEAD' state. You can look around, make experimental
2026-10-02T08:32:19.4426556Z changes and commit them, and you can discard any commits you make in this
2026-10-02T08:32:19.4427079Z state without impacting any branches by switching back to a branch.
2026-10-02T08:32:19.4427435Z 
2026-10-02T08:32:19.4427692Z If you want to create a new branch to retain commits you create, you may
2026-10-02T08:32:19.4428212Z do so (now or later) by using -c with the switch command. Example:
2026-10-02T08:32:19.4428500Z 
2026-10-02T08:32:19.4428692Z   git switch -c <new-branch-name>
2026-10-02T08:32:19.4428963Z 
2026-10-02T08:32:19.4429097Z Or undo this operation with:
2026-10-02T08:32:19.4429295Z 
2026-10-02T08:32:19.4429471Z   git switch -
2026-10-02T08:32:19.4429696Z 
2026-10-02T08:32:19.4429939Z Turn off this advice by setting config variable advice.detachedHead to false
2026-10-02T08:32:19.4430469Z 
2026-10-02T08:32:19.4430818Z HEAD is now at 56788a9 Merge dd3a359f07947a4f0b1ef00b06d2119a08103ad2 into 609ea8a73f845b496b59b5cae181f515c5919850
2026-10-02T08:32:19.4477955Z ##[endgroup]
2026-10-02T08:32:19.4515064Z [command]/usr/bin/git log -1 --format=%H
2026-10-02T08:32:19.4536369Z 56788a921762abb5a409f608089d6d04ff1e4031
2026-10-02T08:32:19.4769179Z ##[group]Run actions/setup-python@v5
2026-10-02T08:32:19.4769575Z with:
2026-10-02T08:32:19.4769860Z   python-version: 3.11
2026-10-02T08:32:19.4770153Z   check-latest: false
2026-10-02T08:32:19.4772396Z   token: ***
2026-10-02T08:32:19.4772715Z   update-environment: true
2026-10-02T08:32:19.4773052Z   allow-prereleases: false
2026-10-02T08:32:19.4773323Z   freethreaded: false
2026-10-02T08:32:19.4773566Z ##[endgroup]
2026-10-02T08:32:19.5883928Z ##[group]Installed versions
2026-10-02T08:32:19.6010405Z (node:1822) [DEP0040] DeprecationWarning: The `punycode` module is deprecated. Please use a userland alternative instead.
2026-10-02T08:32:19.6011583Z (Use `node --trace-deprecation ...` to show where the warning was created)
2026-10-02T08:32:19.6012077Z Successfully set up CPython (3.11.16)
2026-10-02T08:32:19.6012844Z ##[endgroup]
2026-10-02T08:32:19.6118943Z ##[group]Run python -m pip install "psutil>=7.2,<8" "matplotlib>=3.8,<4"
2026-10-02T08:32:19.6119569Z [36;1mpython -m pip install "psutil>=7.2,<8" "matplotlib>=3.8,<4"[0m
2026-10-02T08:32:19.6405820Z shell: /usr/bin/bash -e {0}
2026-10-02T08:32:19.6406288Z env:
2026-10-02T08:32:19.6406778Z   pythonLocation: /opt/hostedtoolcache/Python/3.11.16/x64
2026-10-02T08:32:19.6407285Z   PKG_CONFIG_PATH: /opt/hostedtoolcache/Python/3.11.16/x64/lib/pkgconfig
2026-10-02T08:32:19.6407752Z   Python_ROOT_DIR: /opt/hostedtoolcache/Python/3.11.16/x64
2026-10-02T08:32:19.6408184Z   Python2_ROOT_DIR: /opt/hostedtoolcache/Python/3.11.16/x64
2026-10-02T08:32:19.6408616Z   Python3_ROOT_DIR: /opt/hostedtoolcache/Python/3.11.16/x64
2026-10-02T08:32:19.6409382Z   LD_LIBRARY_PATH: /opt/hostedtoolcache/Python/3.11.16/x64/lib
2026-10-02T08:32:19.6409761Z ##[endgroup]
2026-10-02T08:32:22.2114610Z Collecting psutil<8,>=7.2
2026-10-02T08:32:22.2859941Z   Downloading psutil-7.2.2-cp36-abi3-manylinux2010_x86_64.manylinux_2_12_x86_64.manylinux_2_28_x86_64.whl.metadata (22 kB)
2026-10-02T08:32:22.4139385Z Collecting matplotlib<4,>=3.8
2026-10-02T08:32:22.4249849Z   Downloading matplotlib-3.11.2-cp311-cp311-manylinux2014_x86_64.manylinux_2_17_x86_64.whl.metadata (80 kB)
2026-10-02T08:32:22.5036950Z Collecting contourpy>=1.0.1 (from matplotlib<4,>=3.8)
2026-10-02T08:32:22.5143984Z   Downloading contourpy-1.3.3-cp311-cp311-manylinux_2_27_x86_64.manylinux_2_28_x86_64.whl.metadata (5.5 kB)
2026-10-02T08:32:22.5329808Z Collecting cycler>=0.10 (from matplotlib<4,>=3.8)
2026-10-02T08:32:22.5433962Z   Downloading cycler-0.12.1-py3-none-any.whl.metadata (3.8 kB)
2026-10-02T08:32:22.6630344Z Collecting fonttools>=4.28.2 (from matplotlib<4,>=3.8)
2026-10-02T08:32:22.6739458Z   Downloading fonttools-4.66.1-cp311-cp311-manylinux2014_x86_64.manylinux_2_17_x86_64.whl.metadata (130 kB)
2026-10-02T08:32:22.7421427Z Collecting kiwisolver>=1.3.1 (from matplotlib<4,>=3.8)
2026-10-02T08:32:22.7528293Z   Downloading kiwisolver-1.5.1-cp311-cp311-manylinux2014_x86_64.manylinux_2_17_x86_64.whl.metadata (5.2 kB)
2026-10-02T08:32:22.9160601Z Collecting numpy>=1.25 (from matplotlib<4,>=3.8)
2026-10-02T08:32:22.9270209Z   Downloading numpy-2.4.6-cp311-cp311-manylinux_2_27_x86_64.manylinux_2_28_x86_64.whl.metadata (6.6 kB)
2026-10-02T08:32:22.9463783Z Collecting packaging>=20.0 (from matplotlib<4,>=3.8)
2026-10-02T08:32:22.9567342Z   Downloading packaging-26.3-py3-none-any.whl.metadata (3.5 kB)
2026-10-02T08:32:23.0854719Z Collecting pillow>=9 (from matplotlib<4,>=3.8)
2026-10-02T08:32:23.0962608Z   Downloading pillow-12.3.0-cp311-cp311-manylinux_2_27_x86_64.manylinux_2_28_x86_64.whl.metadata (9.1 kB)
2026-10-02T08:32:23.1215579Z Collecting pyparsing>=3 (from matplotlib<4,>=3.8)
2026-10-02T08:32:23.1318768Z   Downloading pyparsing-3.3.3-py3-none-any.whl.metadata (5.9 kB)
2026-10-02T08:32:23.1492642Z Collecting python-dateutil>=2.7 (from matplotlib<4,>=3.8)
2026-10-02T08:32:23.1595771Z   Downloading python_dateutil-2.9.0.post0-py2.py3-none-any.whl.metadata (8.4 kB)
2026-10-02T08:32:23.1796291Z Collecting six>=1.5 (from python-dateutil>=2.7->matplotlib<4,>=3.8)
2026-10-02T08:32:23.1899247Z   Downloading six-1.17.0-py2.py3-none-any.whl.metadata (1.7 kB)
2026-10-02T08:32:23.2036189Z Downloading psutil-7.2.2-cp36-abi3-manylinux2010_x86_64.manylinux_2_12_x86_64.manylinux_2_28_x86_64.whl (155 kB)
2026-10-02T08:32:23.2181985Z Downloading matplotlib-3.11.2-cp311-cp311-manylinux2014_x86_64.manylinux_2_17_x86_64.whl (9.9 MB)
2026-10-02T08:32:23.3090059Z    ━━━━━━━━━━━━━━━━━━━━━━━━━━━━━━━━━━━━━━━━ 9.9/9.9 MB 111.1 MB/s  0:00:00
2026-10-02T08:32:23.3198288Z Downloading contourpy-1.3.3-cp311-cp311-manylinux_2_27_x86_64.manylinux_2_28_x86_64.whl (355 kB)
2026-10-02T08:32:23.3331111Z Downloading cycler-0.12.1-py3-none-any.whl (8.3 kB)
2026-10-02T08:32:23.3460933Z Downloading fonttools-4.66.1-cp311-cp311-manylinux2014_x86_64.manylinux_2_17_x86_64.whl (5.4 MB)
2026-10-02T08:32:23.3824562Z    ━━━━━━━━━━━━━━━━━━━━━━━━━━━━━━━━━━━━━━━━ 5.4/5.4 MB 150.6 MB/s  0:00:00
2026-10-02T08:32:23.3933326Z Downloading kiwisolver-1.5.1-cp311-cp311-manylinux2014_x86_64.manylinux_2_17_x86_64.whl (1.4 MB)
2026-10-02T08:32:23.4004008Z    ━━━━━━━━━━━━━━━━━━━━━━━━━━━━━━━━━━━━━━━━ 1.4/1.4 MB 231.0 MB/s  0:00:00
2026-10-02T08:32:23.4111169Z Downloading numpy-2.4.6-cp311-cp311-manylinux_2_27_x86_64.manylinux_2_28_x86_64.whl (16.9 MB)
2026-10-02T08:32:23.5390898Z    ━━━━━━━━━━━━━━━━━━━━━━━━━━━━━━━━━━━━━━━━ 16.9/16.9 MB 132.8 MB/s  0:00:00
2026-10-02T08:32:23.5498756Z Downloading packaging-26.3-py3-none-any.whl (129 kB)
2026-10-02T08:32:23.5626777Z Downloading pillow-12.3.0-cp311-cp311-manylinux_2_27_x86_64.manylinux_2_28_x86_64.whl (6.9 MB)
2026-10-02T08:32:23.6137871Z    ━━━━━━━━━━━━━━━━━━━━━━━━━━━━━━━━━━━━━━━━ 6.9/6.9 MB 137.1 MB/s  0:00:00
2026-10-02T08:32:23.6245248Z Downloading pyparsing-3.3.3-py3-none-any.whl (126 kB)
2026-10-02T08:32:23.6373116Z Downloading python_dateutil-2.9.0.post0-py2.py3-none-any.whl (229 kB)
2026-10-02T08:32:23.6504576Z Downloading six-1.17.0-py2.py3-none-any.whl (11 kB)
2026-10-02T08:32:23.9309145Z Installing collected packages: six, pyparsing, psutil, pillow, packaging, numpy, kiwisolver, fonttools, cycler, python-dateutil, contourpy, matplotlib
2026-10-02T08:32:27.5649642Z 
2026-10-02T08:32:27.5660449Z Successfully installed contourpy-1.3.3 cycler-0.12.1 fonttools-4.66.1 kiwisolver-1.5.1 matplotlib-3.11.2 numpy-2.4.6 packaging-26.3 pillow-12.3.0 psutil-7.2.2 pyparsing-3.3.3 python-dateutil-2.9.0.post0 six-1.17.0
2026-10-02T08:32:27.6538520Z ##[group]Run python scripts/run_quality_gate.py --profile endurance --output output/quality-endurance
2026-10-02T08:32:27.6539596Z [36;1mpython scripts/run_quality_gate.py --profile endurance --output output/quality-endurance[0m
2026-10-02T08:32:27.6582156Z shell: /usr/bin/bash -e {0}
2026-10-02T08:32:27.6582518Z env:
2026-10-02T08:32:27.6582815Z   pythonLocation: /opt/hostedtoolcache/Python/3.11.16/x64
2026-10-02T08:32:27.6583279Z   PKG_CONFIG_PATH: /opt/hostedtoolcache/Python/3.11.16/x64/lib/pkgconfig
2026-10-02T08:32:27.6583692Z   Python_ROOT_DIR: /opt/hostedtoolcache/Python/3.11.16/x64
2026-10-02T08:32:27.6584075Z   Python2_ROOT_DIR: /opt/hostedtoolcache/Python/3.11.16/x64
2026-10-02T08:32:27.6584474Z   Python3_ROOT_DIR: /opt/hostedtoolcache/Python/3.11.16/x64
2026-10-02T08:32:27.6584861Z   LD_LIBRARY_PATH: /opt/hostedtoolcache/Python/3.11.16/x64/lib
2026-10-02T08:32:27.6585235Z ##[endgroup]
2026-10-02T08:32:28.6804813Z [quality] load-endurance-smoke: RUNNING
2026-10-02T08:32:59.1806627Z [quality] load-endurance-smoke: PASSED
2026-10-02T08:32:59.2175196Z [quality] PASSED: /home/runner/work/mini-drop/mini-drop/output/quality-endurance/report.html
2026-10-02T08:32:59.2295825Z ##[group]Run python scripts/render_load_report.py output/quality-endurance/load-endurance-smoke/measurement/report.json --output output/quality-endurance/load-endurance-smoke/measurement/report.html
2026-10-02T08:32:59.2297111Z [36;1mpython scripts/render_load_report.py output/quality-endurance/load-endurance-smoke/measurement/report.json --output output/quality-endurance/load-endurance-smoke/measurement/report.html[0m
2026-10-02T08:32:59.2336022Z shell: /usr/bin/bash -e {0}
2026-10-02T08:32:59.2336355Z env:
2026-10-02T08:32:59.2336692Z   pythonLocation: /opt/hostedtoolcache/Python/3.11.16/x64
2026-10-02T08:32:59.2337153Z   PKG_CONFIG_PATH: /opt/hostedtoolcache/Python/3.11.16/x64/lib/pkgconfig
2026-10-02T08:32:59.2337563Z   Python_ROOT_DIR: /opt/hostedtoolcache/Python/3.11.16/x64
2026-10-02T08:32:59.2337951Z   Python2_ROOT_DIR: /opt/hostedtoolcache/Python/3.11.16/x64
2026-10-02T08:32:59.2338414Z   Python3_ROOT_DIR: /opt/hostedtoolcache/Python/3.11.16/x64
2026-10-02T08:32:59.2338908Z   LD_LIBRARY_PATH: /opt/hostedtoolcache/Python/3.11.16/x64/lib
2026-10-02T08:32:59.2339247Z ##[endgroup]
2026-10-02T08:33:01.4169485Z output/quality-endurance/load-endurance-smoke/measurement/report.html
2026-10-02T08:33:01.5012606Z ##[group]Run actions/upload-artifact@v4
2026-10-02T08:33:01.5012958Z with:
2026-10-02T08:33:01.5013271Z   name: load-endurance-56788a921762abb5a409f608089d6d04ff1e4031-1
2026-10-02T08:33:01.5013629Z   path: output/quality-endurance/
2026-10-02T08:33:01.5013955Z   if-no-files-found: error
2026-10-02T08:33:01.5014200Z   retention-days: 14
2026-10-02T08:33:01.5014469Z   compression-level: 6
2026-10-02T08:33:01.5014720Z   overwrite: false
2026-10-02T08:33:01.5014963Z   include-hidden-files: false
2026-10-02T08:33:01.5015226Z env:
2026-10-02T08:33:01.5015706Z   pythonLocation: /opt/hostedtoolcache/Python/3.11.16/x64
2026-10-02T08:33:01.5016140Z   PKG_CONFIG_PATH: /opt/hostedtoolcache/Python/3.11.16/x64/lib/pkgconfig
2026-10-02T08:33:01.5016620Z   Python_ROOT_DIR: /opt/hostedtoolcache/Python/3.11.16/x64
2026-10-02T08:33:01.5017033Z   Python2_ROOT_DIR: /opt/hostedtoolcache/Python/3.11.16/x64
2026-10-02T08:33:01.5017557Z   Python3_ROOT_DIR: /opt/hostedtoolcache/Python/3.11.16/x64
2026-10-02T08:33:01.5018020Z   LD_LIBRARY_PATH: /opt/hostedtoolcache/Python/3.11.16/x64/lib
2026-10-02T08:33:01.5018346Z ##[endgroup]
2026-10-02T08:33:01.6412600Z (node:1928) [DEP0040] DeprecationWarning: The `punycode` module is deprecated. Please use a userland alternative instead.
2026-10-02T08:33:01.6413417Z (Use `node --trace-deprecation ...` to show where the warning was created)
2026-10-02T08:33:01.6484008Z With the provided path, there will be 12 files uploaded
2026-10-02T08:33:01.6489102Z Artifact name is valid!
2026-10-02T08:33:01.6489636Z Root directory input is valid!
2026-10-02T08:33:01.9432835Z Beginning upload of artifact content to blob storage
2026-10-02T08:33:01.9897703Z (node:1928) [DEP0169] DeprecationWarning: `url.parse()` behavior is not standardized and prone to errors that have security implications. Use the WHATWG URL API instead. CVEs are not issued for `url.parse()` vulnerabilities.
2026-10-02T08:33:02.2583209Z Uploaded bytes 176332
2026-10-02T08:33:02.3064884Z Finished uploading artifact content to blob storage!
2026-10-02T08:33:02.3065869Z SHA256 digest of uploaded artifact zip is 75ac468ee8ba13217833860f1e2705747a052cd3d38532947384933d5ff36fc2
2026-10-02T08:33:02.3066866Z Finalizing artifact upload
2026-10-02T08:33:02.5297233Z Artifact load-endurance-56788a921762abb5a409f608089d6d04ff1e4031-1.zip successfully finalized. Artifact ID 11216807963
2026-10-02T08:33:02.5299707Z Artifact load-endurance-56788a921762abb5a409f608089d6d04ff1e4031-1 has been successfully uploaded! Final size is 176332 bytes. Artifact ID is 11216807963
2026-10-02T08:33:02.5303745Z Artifact download URL: https://github.com/llongwang751-arch/mini-drop/actions/runs/36984571199/artifacts/11216807963
2026-10-02T08:33:02.5459725Z Post job cleanup.
2026-10-02T08:33:02.6516968Z (node:1940) [DEP0040] DeprecationWarning: The `punycode` module is deprecated. Please use a userland alternative instead.
2026-10-02T08:33:02.6517823Z (Use `node --trace-deprecation ...` to show where the warning was created)
2026-10-02T08:33:02.6690729Z Post job cleanup.
2026-10-02T08:33:02.7502305Z [command]/usr/bin/git version
2026-10-02T08:33:02.7542582Z git version 2.55.0
2026-10-02T08:33:02.7586778Z Temporarily overriding HOME='/home/runner/work/_temp/56e46591-e8b2-40c2-9668-5a8480729e22' before making global git config changes
2026-10-02T08:33:02.7589433Z Adding repository directory to the temporary git global config as a safe directory
2026-10-02T08:33:02.7590508Z [command]/usr/bin/git config --global --add safe.directory /home/runner/work/mini-drop/mini-drop
2026-10-02T08:33:02.7640563Z [command]/usr/bin/git config --local --name-only --get-regexp core\.sshCommand
2026-10-02T08:33:02.7676317Z [command]/usr/bin/git submodule foreach --recursive sh -c "git config --local --name-only --get-regexp 'core\.sshCommand' && git config --local --unset-all 'core.sshCommand' || :"
2026-10-02T08:33:02.7904495Z [command]/usr/bin/git config --local --name-only --get-regexp http\.https\:\/\/github\.com\/\.extraheader
2026-10-02T08:33:02.7923184Z http.https://github.com/.extraheader
2026-10-02T08:33:02.7933909Z [command]/usr/bin/git config --local --unset-all http.https://github.com/.extraheader
2026-10-02T08:33:02.7992798Z [command]/usr/bin/git submodule foreach --recursive sh -c "git config --local --name-only --get-regexp 'http\.https\:\/\/github\.com\/\.extraheader' && git config --local --unset-all 'http.https://github.com/.extraheader' || :"
2026-10-02T08:33:02.8271386Z [command]/usr/bin/git config --local --name-only --get-regexp ^includeIf\.gitdir:
2026-10-02T08:33:02.8304747Z [command]/usr/bin/git submodule foreach --recursive git config --local --show-origin --name-only --get-regexp remote.origin.url
2026-10-02T08:33:02.8678788Z Cleaning up orphan processes
2026-10-02T08:33:02.8878594Z ##[warning]Node.js 20 is deprecated. The following actions target Node.js 20 but are being forced to run on Node.js 24: actions/checkout@v4, actions/setup-python@v5, actions/upload-artifact@v4. For more information see: https://github.blog/changelog/2025-09-19-deprecation-of-node-20-on-github-actions-runners/
