2026-10-01T10:36:41.1021875Z Current runner version: '2.337.0'
2026-10-01T10:36:41.1050342Z ##[group]Runner Image Provisioner
2026-10-01T10:36:41.1051452Z Hosted Compute Agent
2026-10-01T10:36:41.1052209Z Version: 20260901.588
2026-10-01T10:36:41.1053051Z Commit: f88ec8081b781fac6c440065ac7ff9e710ce3d0b
2026-10-01T10:36:41.1054078Z Build Date: 2026-09-01T19:56:44Z
2026-10-01T10:36:41.1054949Z Worker ID: {9692c53e-36de-462b-b2c7-200fb7b80c3f}
2026-10-01T10:36:41.1055921Z Azure Region: eastus
2026-10-01T10:36:41.1056698Z ##[endgroup]
2026-10-01T10:36:41.1058688Z ##[group]Operating System
2026-10-01T10:36:41.1059580Z Ubuntu
2026-10-01T10:36:41.1060497Z 22.04.5
2026-10-01T10:36:41.1061125Z LTS
2026-10-01T10:36:41.1061910Z ##[endgroup]
2026-10-01T10:36:41.1062618Z ##[group]Runner Image
2026-10-01T10:36:41.1063543Z Image: ubuntu-22.04
2026-10-01T10:36:41.1064243Z Version: 20260927.309.1
2026-10-01T10:36:41.1065889Z Included Software: https://github.com/actions/runner-images/blob/ubuntu22/20260927.309/images/ubuntu/Ubuntu2204-Readme.md
2026-10-01T10:36:41.1067957Z Image Release: https://github.com/actions/runner-images/releases/tag/ubuntu22%2F20260927.309
2026-10-01T10:36:41.1069275Z ##[endgroup]
2026-10-01T10:36:41.1070883Z ##[group]GITHUB_TOKEN Permissions
2026-10-01T10:36:41.1073357Z Contents: read
2026-10-01T10:36:41.1074089Z Metadata: read
2026-10-01T10:36:41.1074765Z Packages: read
2026-10-01T10:36:41.1075484Z ##[endgroup]
2026-10-01T10:36:41.1077862Z Secret source: Actions
2026-10-01T10:36:41.1079194Z Cache mode: write
2026-10-01T10:36:41.1080661Z Prepare workflow directory
2026-10-01T10:36:41.1527554Z Prepare all required actions
2026-10-01T10:36:41.1583932Z Getting action download info
2026-10-01T10:36:41.3272766Z Download action repository 'actions/checkout@v4' (SHA:11d5960a326750d5838078e36cf38b85af677262)
2026-10-01T10:36:41.9638604Z Download action repository 'actions/setup-node@v4' (SHA:49933ea5288caeca8642d1e84afbd3f7d6820020)
2026-10-01T10:36:42.2742030Z Complete job name: Web (React)
2026-10-01T10:36:42.3393552Z ##[group]Run actions/checkout@v4
2026-10-01T10:36:42.3394800Z with:
2026-10-01T10:36:42.3395430Z   repository: llongwang751-arch/mini-drop
2026-10-01T10:36:42.3401478Z   token: ***
2026-10-01T10:36:42.3402085Z   ssh-strict: true
2026-10-01T10:36:42.3402698Z   ssh-user: git
2026-10-01T10:36:42.3403314Z   persist-credentials: true
2026-10-01T10:36:42.3403845Z   clean: true
2026-10-01T10:36:42.3404250Z   sparse-checkout-cone-mode: true
2026-10-01T10:36:42.3404726Z   fetch-depth: 1
2026-10-01T10:36:42.3405112Z   fetch-tags: false
2026-10-01T10:36:42.3405513Z   show-progress: true
2026-10-01T10:36:42.3405937Z   lfs: false
2026-10-01T10:36:42.3406323Z   submodules: false
2026-10-01T10:36:42.3406725Z   set-safe-directory: true
2026-10-01T10:36:42.3407189Z   allow-unsafe-pr-checkout: false
2026-10-01T10:36:42.3407922Z ##[endgroup]
2026-10-01T10:36:42.4276969Z Syncing repository: llongwang751-arch/mini-drop
2026-10-01T10:36:42.4279248Z ##[group]Getting Git version info
2026-10-01T10:36:42.4280502Z Working directory is '/home/runner/work/mini-drop/mini-drop'
2026-10-01T10:36:42.4282041Z [command]/usr/bin/git version
2026-10-01T10:36:42.4460963Z git version 2.55.0
2026-10-01T10:36:42.4477418Z ##[endgroup]
2026-10-01T10:36:42.4489810Z Temporarily overriding HOME='/home/runner/work/_temp/c0932544-efe7-4a50-9fc0-e236e68f2dc7' before making global git config changes
2026-10-01T10:36:42.4492127Z Adding repository directory to the temporary git global config as a safe directory
2026-10-01T10:36:42.4494166Z [command]/usr/bin/git config --global --add safe.directory /home/runner/work/mini-drop/mini-drop
2026-10-01T10:36:42.4532455Z Deleting the contents of '/home/runner/work/mini-drop/mini-drop'
2026-10-01T10:36:42.4545860Z ##[group]Initializing the repository
2026-10-01T10:36:42.4546927Z [command]/usr/bin/git init /home/runner/work/mini-drop/mini-drop
2026-10-01T10:36:42.4848664Z hint: Using 'master' as the name for the initial branch. This default branch name
2026-10-01T10:36:42.4850751Z hint: will change to "main" in Git 3.0. To configure the initial branch name
2026-10-01T10:36:42.4852688Z hint: to use in all of your new repositories, which will suppress this warning,
2026-10-01T10:36:42.4853943Z hint: call:
2026-10-01T10:36:42.4855112Z hint:
2026-10-01T10:36:42.4856056Z hint: 	git config --global init.defaultBranch <name>
2026-10-01T10:36:42.4857116Z hint:
2026-10-01T10:36:42.4858108Z hint: Names commonly chosen instead of 'master' are 'main', 'trunk' and
2026-10-01T10:36:42.4859779Z hint: 'development'. The just-created branch can be renamed via this command:
2026-10-01T10:36:42.4861219Z hint:
2026-10-01T10:36:42.4861993Z hint: 	git branch -m <name>
2026-10-01T10:36:42.4862847Z hint:
2026-10-01T10:36:42.4863956Z hint: Disable this message with "git config set advice.defaultBranchName false"
2026-10-01T10:36:42.4865806Z Initialized empty Git repository in /home/runner/work/mini-drop/mini-drop/.git/
2026-10-01T10:36:42.4869051Z [command]/usr/bin/git remote add origin https://github.com/llongwang751-arch/mini-drop
2026-10-01T10:36:42.5081267Z ##[endgroup]
2026-10-01T10:36:42.5082554Z ##[group]Disabling automatic garbage collection
2026-10-01T10:36:42.5083737Z [command]/usr/bin/git config --local gc.auto 0
2026-10-01T10:36:42.5124524Z ##[endgroup]
2026-10-01T10:36:42.5125231Z ##[group]Setting up auth
2026-10-01T10:36:42.5129220Z [command]/usr/bin/git config --local --name-only --get-regexp core\.sshCommand
2026-10-01T10:36:42.5162766Z [command]/usr/bin/git submodule foreach --recursive sh -c "git config --local --name-only --get-regexp 'core\.sshCommand' && git config --local --unset-all 'core.sshCommand' || :"
2026-10-01T10:36:42.5975938Z [command]/usr/bin/git config --local --name-only --get-regexp http\.https\:\/\/github\.com\/\.extraheader
2026-10-01T10:36:42.6012709Z [command]/usr/bin/git submodule foreach --recursive sh -c "git config --local --name-only --get-regexp 'http\.https\:\/\/github\.com\/\.extraheader' && git config --local --unset-all 'http.https://github.com/.extraheader' || :"
2026-10-01T10:36:42.6227982Z [command]/usr/bin/git config --local --name-only --get-regexp ^includeIf\.gitdir:
2026-10-01T10:36:42.6260548Z [command]/usr/bin/git submodule foreach --recursive git config --local --show-origin --name-only --get-regexp remote.origin.url
2026-10-01T10:36:42.6479220Z [command]/usr/bin/git config --local http.https://github.com/.extraheader AUTHORIZATION: basic ***
2026-10-01T10:36:42.7178759Z ##[endgroup]
2026-10-01T10:36:42.7180584Z ##[group]Fetching the repository
2026-10-01T10:36:42.7188588Z [command]/usr/bin/git -c protocol.version=2 fetch --no-tags --prune --no-recurse-submodules --depth=1 origin +9d897dc22b76a22231846d875d23546d11c99fad:refs/remotes/pull/1/merge
2026-10-01T10:36:45.0993346Z From https://github.com/llongwang751-arch/mini-drop
2026-10-01T10:36:45.0994129Z  * [new ref]         9d897dc22b76a22231846d875d23546d11c99fad -> pull/1/merge
2026-10-01T10:36:45.0996490Z ##[endgroup]
2026-10-01T10:36:45.0997294Z ##[group]Determining the checkout info
2026-10-01T10:36:45.0999133Z ##[endgroup]
2026-10-01T10:36:45.1005306Z [command]/usr/bin/git sparse-checkout disable
2026-10-01T10:36:45.1054077Z [command]/usr/bin/git config --local --unset-all extensions.worktreeConfig
2026-10-01T10:36:45.1085533Z ##[group]Checking out the ref
2026-10-01T10:36:45.1089078Z [command]/usr/bin/git checkout --progress --force refs/remotes/pull/1/merge
2026-10-01T10:36:45.6130847Z Note: switching to 'refs/remotes/pull/1/merge'.
2026-10-01T10:36:45.6131277Z 
2026-10-01T10:36:45.6131550Z You are in 'detached HEAD' state. You can look around, make experimental
2026-10-01T10:36:45.6132241Z changes and commit them, and you can discard any commits you make in this
2026-10-01T10:36:45.6132860Z state without impacting any branches by switching back to a branch.
2026-10-01T10:36:45.6133269Z 
2026-10-01T10:36:45.6133546Z If you want to create a new branch to retain commits you create, you may
2026-10-01T10:36:45.6134163Z do so (now or later) by using -c with the switch command. Example:
2026-10-01T10:36:45.6134504Z 
2026-10-01T10:36:45.6134726Z   git switch -c <new-branch-name>
2026-10-01T10:36:45.6135364Z 
2026-10-01T10:36:45.6135525Z Or undo this operation with:
2026-10-01T10:36:45.6135733Z 
2026-10-01T10:36:45.6135854Z   git switch -
2026-10-01T10:36:45.6136053Z 
2026-10-01T10:36:45.6136333Z Turn off this advice by setting config variable advice.detachedHead to false
2026-10-01T10:36:45.6136736Z 
2026-10-01T10:36:45.6137186Z HEAD is now at 9d897dc Merge ea24bb514aee396b72710d5d0cf3364c694d27b9 into 609ea8a73f845b496b59b5cae181f515c5919850
2026-10-01T10:36:45.6181279Z ##[endgroup]
2026-10-01T10:36:45.6223934Z [command]/usr/bin/git log -1 --format=%H
2026-10-01T10:36:45.6250580Z 9d897dc22b76a22231846d875d23546d11c99fad
2026-10-01T10:36:45.6486887Z ##[group]Run actions/setup-node@v4
2026-10-01T10:36:45.6487153Z with:
2026-10-01T10:36:45.6487337Z   node-version: 22
2026-10-01T10:36:45.6487524Z   cache: npm
2026-10-01T10:36:45.6487735Z   cache-dependency-path: web/package-lock.json
2026-10-01T10:36:45.6487988Z   always-auth: false
2026-10-01T10:36:45.6488176Z   check-latest: false
2026-10-01T10:36:45.6490758Z   token: ***
2026-10-01T10:36:45.6490958Z ##[endgroup]
2026-10-01T10:36:45.8203334Z Found in cache @ /opt/hostedtoolcache/node/22.23.3/x64
2026-10-01T10:36:45.8207745Z (node:1848) [DEP0040] DeprecationWarning: The `punycode` module is deprecated. Please use a userland alternative instead.
2026-10-01T10:36:45.8208526Z (Use `node --trace-deprecation ...` to show where the warning was created)
2026-10-01T10:36:45.8209795Z ##[group]Environment details
2026-10-01T10:36:47.6263003Z node: v22.23.3
2026-10-01T10:36:47.6263355Z npm: 10.9.9
2026-10-01T10:36:47.6263610Z yarn: 1.22.22
2026-10-01T10:36:47.6264421Z ##[endgroup]
2026-10-01T10:36:47.6279478Z [command]/opt/hostedtoolcache/node/22.23.3/x64/bin/npm config get cache
2026-10-01T10:36:47.7957202Z /home/runner/.npm
2026-10-01T10:36:47.9184574Z Cache hit for: node-cache-Linux-x64-npm-a79428a48f53c819bdf3224c6f533bf526ae1b21f28f4ee918b0bcba5121d960
2026-10-01T10:36:47.9298613Z (node:1848) [DEP0169] DeprecationWarning: `url.parse()` behavior is not standardized and prone to errors that have security implications. Use the WHATWG URL API instead. CVEs are not issued for `url.parse()` vulnerabilities.
2026-10-01T10:36:48.3629563Z Received 52012766 of 52012766 (100.0%), 126.2 MBs/sec
2026-10-01T10:36:48.3630388Z Cache Size: ~50 MB (52012766 B)
2026-10-01T10:36:48.3650855Z [command]/usr/bin/tar -xf /home/runner/work/_temp/71bb9bee-bac9-4c92-b66f-9bbcb6e0cbd4/cache.tzst -P -C /home/runner/work/mini-drop/mini-drop --use-compress-program unzstd
2026-10-01T10:36:48.5797052Z Cache restored successfully
2026-10-01T10:36:48.5898648Z Cache restored from key: node-cache-Linux-x64-npm-a79428a48f53c819bdf3224c6f533bf526ae1b21f28f4ee918b0bcba5121d960
2026-10-01T10:36:48.6092771Z ##[group]Run npm ci
2026-10-01T10:36:48.6093029Z [36;1mnpm ci[0m
2026-10-01T10:36:49.1405746Z shell: /usr/bin/bash -e {0}
2026-10-01T10:36:49.1406016Z ##[endgroup]
2026-10-01T10:36:57.2972517Z 
2026-10-01T10:36:57.2978128Z added 346 packages, and audited 347 packages in 8s
2026-10-01T10:36:57.2978440Z 
2026-10-01T10:36:57.2978623Z 118 packages are looking for funding
2026-10-01T10:36:57.2978894Z   run `npm fund` for details
2026-10-01T10:36:57.3074958Z 
2026-10-01T10:36:57.3075476Z 2 vulnerabilities (1 low, 1 high)
2026-10-01T10:36:57.3075698Z 
2026-10-01T10:36:57.3075833Z To address all issues, run:
2026-10-01T10:36:57.3076079Z   npm audit fix
2026-10-01T10:36:57.3076191Z 
2026-10-01T10:36:57.3076308Z Run `npm audit` for details.
2026-10-01T10:36:57.3681999Z ##[group]Run npx vitest run
2026-10-01T10:36:57.3682265Z [36;1mnpx vitest run[0m
2026-10-01T10:36:57.3744742Z shell: /usr/bin/bash -e {0}
2026-10-01T10:36:57.3744966Z ##[endgroup]
2026-10-01T10:36:57.9151136Z 
2026-10-01T10:36:57.9154106Z [1m[30m[46m RUN [49m[39m[22m [36mv4.1.11 [39m[90m/home/runner/work/mini-drop/mini-drop/web[39m
2026-10-01T10:36:57.9154431Z 
2026-10-01T10:37:02.8137994Z Not implemented: Window's getComputedStyle() method: with pseudo-elements
2026-10-01T10:37:03.0213072Z Not implemented: Window's getComputedStyle() method: with pseudo-elements
2026-10-01T10:37:03.1493091Z Not implemented: Window's getComputedStyle() method: with pseudo-elements
2026-10-01T10:37:03.2280561Z Not implemented: Window's getComputedStyle() method: with pseudo-elements
2026-10-01T10:37:03.3932658Z Not implemented: Window's getComputedStyle() method: with pseudo-elements
2026-10-01T10:37:03.6013794Z Not implemented: Window's getComputedStyle() method: with pseudo-elements
2026-10-01T10:37:03.6071924Z Not implemented: Window's getComputedStyle() method: with pseudo-elements
2026-10-01T10:37:03.6322304Z [90mstderr[2m | src/components/AgentCockpit.test.jsx[2m > [22m[2mAgentCockpit[2m > [22m[2mopens 查看规划假设 in an inspectable modal
2026-10-01T10:37:03.6351851Z [22m[39mWarning: [antd: Table] `index` parameter of `rowKey` function is deprecated. There is no guarantee that it will work as expected.
2026-10-01T10:37:03.6353470Z Warning: [antd: Table] `index` parameter of `rowKey` function is deprecated. There is no guarantee that it will work as expected.
2026-10-01T10:37:03.6380467Z 
2026-10-01T10:37:03.7655607Z Not implemented: Window's getComputedStyle() method: with pseudo-elements
2026-10-01T10:37:03.7701649Z Not implemented: Window's getComputedStyle() method: with pseudo-elements
2026-10-01T10:37:03.7905354Z [90mstderr[2m | src/components/AgentCockpit.test.jsx[2m > [22m[2mAgentCockpit[2m > [22m[2mopens 查看工具调用 in an inspectable modal
2026-10-01T10:37:03.7932033Z [22m[39mWarning: [antd: Table] `index` parameter of `rowKey` function is deprecated. There is no guarantee that it will work as expected.
2026-10-01T10:37:03.7933646Z Warning: [antd: Table] `index` parameter of `rowKey` function is deprecated. There is no guarantee that it will work as expected.
2026-10-01T10:37:03.7960560Z 
2026-10-01T10:37:03.8697569Z Not implemented: Window's getComputedStyle() method: with pseudo-elements
2026-10-01T10:37:03.9311851Z Not implemented: Window's getComputedStyle() method: with pseudo-elements
2026-10-01T10:37:03.9326167Z Not implemented: Window's getComputedStyle() method: with pseudo-elements
2026-10-01T10:37:03.9531867Z [90mstderr[2m | src/components/AgentCockpit.test.jsx[2m > [22m[2mAgentCockpit[2m > [22m[2mopens 查看证据 in an inspectable modal
2026-10-01T10:37:03.9652104Z [22m[39mWarning: [antd: Table] `index` parameter of `rowKey` function is deprecated. There is no guarantee that it will work as expected.
2026-10-01T10:37:03.9720709Z Warning: [antd: Table] `index` parameter of `rowKey` function is deprecated. There is no guarantee that it will work as expected.
2026-10-01T10:37:03.9810414Z 
2026-10-01T10:37:04.1621806Z Not implemented: Window's getComputedStyle() method: with pseudo-elements
2026-10-01T10:37:04.1852685Z Not implemented: Window's getComputedStyle() method: with pseudo-elements
2026-10-01T10:37:04.2204579Z [90mstderr[2m | src/components/ActualExplorationTree.test.jsx[2m > [22m[2mActualExplorationTree[2m > [22m[2mshows Skill retrieval, full-body loading and cross-round reuse inside the dynamic tree
2026-10-01T10:37:04.2242292Z [22m[39mWarning: [antd: Descriptions] Sum of column `span` in a line not match `column` of Descriptions.
2026-10-01T10:37:04.2243554Z Warning: [antd: Descriptions] Sum of column `span` in a line not match `column` of Descriptions.
2026-10-01T10:37:04.2244316Z 
2026-10-01T10:37:04.4458488Z Not implemented: Window's getComputedStyle() method: with pseudo-elements
2026-10-01T10:37:04.4502045Z Not implemented: Window's getComputedStyle() method: with pseudo-elements
2026-10-01T10:37:04.4810466Z [90mstderr[2m | src/components/AgentCockpit.test.jsx[2m > [22m[2mAgentCockpit[2m > [22m[2mrenders evidence roles and gate states as Chinese labels
2026-10-01T10:37:04.4871940Z [22m[39mWarning: [antd: Table] `index` parameter of `rowKey` function is deprecated. There is no guarantee that it will work as expected.
2026-10-01T10:37:04.4903177Z Warning: [antd: Table] `index` parameter of `rowKey` function is deprecated. There is no guarantee that it will work as expected.
2026-10-01T10:37:04.4930338Z 
2026-10-01T10:37:04.5722271Z  [32m✓[39m src/components/ActualExplorationTree.test.jsx [2m([22m[2m13 tests[22m[2m)[22m[33m 3307[2mms[22m[39m
2026-10-01T10:37:04.5723662Z      [33m[2m✓[22m[39m uses stable tool IDs and distinguishes failed probes from counter-evidence [33m 840[2mms[22m[39m
2026-10-01T10:37:04.5724729Z      [33m[2m✓[22m[39m renders server-provided LATS phase, best path and node scores without flattening the tree [33m 403[2mms[22m[39m
2026-10-01T10:37:04.5725740Z      [33m[2m✓[22m[39m shows Skill retrieval, full-body loading and cross-round reuse inside the dynamic tree [33m 326[2mms[22m[39m
2026-10-01T10:37:04.8211737Z Not implemented: Window's getComputedStyle() method: with pseudo-elements
2026-10-01T10:37:05.0034063Z Not implemented: Window's getComputedStyle() method: with pseudo-elements
2026-10-01T10:37:05.1751663Z Not implemented: Window's getComputedStyle() method: with pseudo-elements
2026-10-01T10:37:05.1756954Z Not implemented: Window's getComputedStyle() method: with pseudo-elements
2026-10-01T10:37:05.2044789Z  [32m✓[39m src/components/AgentCockpit.test.jsx [2m([22m[2m13 tests[22m[2m)[22m[33m 3254[2mms[22m[39m
2026-10-01T10:37:05.2045922Z      [33m[2m✓[22m[39m shows eight real metric buttons, including LATS, and the persisted runtime identity [33m 637[2mms[22m[39m
2026-10-01T10:37:05.2046993Z      [33m[2m✓[22m[39m shows live LATS phase, selection, best path, budget and termination without claiming rollback [33m 308[2mms[22m[39m
2026-10-01T10:37:05.2047987Z      [33m[2m✓[22m[39m separates session context and Skill route memory from factual Evidence [33m 356[2mms[22m[39m
2026-10-01T10:37:05.2048823Z      [33m[2m✓[22m[39m shows derived evaluation rates and keeps Skill publication human-controlled [33m 439[2mms[22m[39m
2026-10-01T10:37:08.0181717Z Not implemented: Window's getComputedStyle() method: with pseudo-elements
2026-10-01T10:37:08.5227018Z [90mstderr[2m | src/pages/AIDiagnosis.test.jsx[2m > [22m[2mAIDiagnosis V2 workspace[2m > [22m[2mdoes not submit while confirming a Chinese IME composition
2026-10-01T10:37:08.5231314Z [22m[39mWarning: An update to AIDiagnosis inside a test was not wrapped in act(...).
2026-10-01T10:37:08.5290604Z 
2026-10-01T10:37:08.5331454Z When testing, code that causes React state updates should be wrapped into act(...):
2026-10-01T10:37:08.5332281Z 
2026-10-01T10:37:08.5360913Z act(() => {
2026-10-01T10:37:08.5390897Z   /* fire events that update state */
2026-10-01T10:37:08.5425378Z });
2026-10-01T10:37:08.5438266Z /* assert on the output */
2026-10-01T10:37:08.5460412Z 
2026-10-01T10:37:08.5471482Z This ensures that you're testing the behavior the user would see in the browser. Learn more at https://reactjs.org/link/wrap-tests-with-act
2026-10-01T10:37:08.5472915Z     at AIDiagnosis (/home/runner/work/mini-drop/mini-drop/web/src/pages/AIDiagnosis.jsx:190:68)
2026-10-01T10:37:08.5473989Z Warning: An update to AIDiagnosis inside a test was not wrapped in act(...).
2026-10-01T10:37:08.5474887Z 
2026-10-01T10:37:08.5475483Z When testing, code that causes React state updates should be wrapped into act(...):
2026-10-01T10:37:08.5476084Z 
2026-10-01T10:37:08.5476360Z act(() => {
2026-10-01T10:37:08.5476873Z   /* fire events that update state */
2026-10-01T10:37:08.5477556Z });
2026-10-01T10:37:08.5478029Z /* assert on the output */
2026-10-01T10:37:08.5478426Z 
2026-10-01T10:37:08.5479810Z This ensures that you're testing the behavior the user would see in the browser. Learn more at https://reactjs.org/link/wrap-tests-with-act
2026-10-01T10:37:08.5481374Z     at AIDiagnosis (/home/runner/work/mini-drop/mini-drop/web/src/pages/AIDiagnosis.jsx:190:68)
2026-10-01T10:37:08.5482435Z Warning: An update to AIDiagnosis inside a test was not wrapped in act(...).
2026-10-01T10:37:08.5510439Z 
2026-10-01T10:37:08.5545065Z When testing, code that causes React state updates should be wrapped into act(...):
2026-10-01T10:37:08.5545748Z 
2026-10-01T10:37:08.5570716Z act(() => {
2026-10-01T10:37:08.5600845Z   /* fire events that update state */
2026-10-01T10:37:08.5630708Z });
2026-10-01T10:37:08.5631271Z /* assert on the output */
2026-10-01T10:37:08.5660488Z 
2026-10-01T10:37:08.5691409Z This ensures that you're testing the behavior the user would see in the browser. Learn more at https://reactjs.org/link/wrap-tests-with-act
2026-10-01T10:37:08.5700904Z     at AIDiagnosis (/home/runner/work/mini-drop/mini-drop/web/src/pages/AIDiagnosis.jsx:190:68)
2026-10-01T10:37:08.5720980Z Warning: An update to AIDiagnosis inside a test was not wrapped in act(...).
2026-10-01T10:37:08.5750397Z 
2026-10-01T10:37:08.5781091Z When testing, code that causes React state updates should be wrapped into act(...):
2026-10-01T10:37:08.5788333Z 
2026-10-01T10:37:08.5810674Z act(() => {
2026-10-01T10:37:08.5840711Z   /* fire events that update state */
2026-10-01T10:37:08.5863045Z });
2026-10-01T10:37:08.5863564Z /* assert on the output */
2026-10-01T10:37:08.5863924Z 
2026-10-01T10:37:08.5864817Z This ensures that you're testing the behavior the user would see in the browser. Learn more at https://reactjs.org/link/wrap-tests-with-act
2026-10-01T10:37:08.5866097Z     at AIDiagnosis (/home/runner/work/mini-drop/mini-drop/web/src/pages/AIDiagnosis.jsx:190:68)
2026-10-01T10:37:08.5867127Z Warning: An update to ForwardRef inside a test was not wrapped in act(...).
2026-10-01T10:37:08.5867644Z 
2026-10-01T10:37:08.5868221Z When testing, code that causes React state updates should be wrapped into act(...):
2026-10-01T10:37:08.5868783Z 
2026-10-01T10:37:08.5869020Z act(() => {
2026-10-01T10:37:08.5869467Z   /* fire events that update state */
2026-10-01T10:37:08.5869937Z });
2026-10-01T10:37:08.5870509Z /* assert on the output */
2026-10-01T10:37:08.5870849Z 
2026-10-01T10:37:08.5871747Z This ensures that you're testing the behavior the user would see in the browser. Learn more at https://reactjs.org/link/wrap-tests-with-act
2026-10-01T10:37:08.5873015Z     at /home/runner/work/mini-drop/mini-drop/web/node_modules/antd/lib/message/useMessage.js:52:5
2026-10-01T10:37:08.5915543Z     at div
2026-10-01T10:37:08.5940874Z     at AIDiagnosis (/home/runner/work/mini-drop/mini-drop/web/src/pages/AIDiagnosis.jsx:190:68)
2026-10-01T10:37:08.5969888Z 
2026-10-01T10:37:08.8083878Z Not implemented: Window's getComputedStyle() method: with pseudo-elements
2026-10-01T10:37:08.8906355Z  [32m✓[39m src/components/ObservabilityOverview.test.jsx [2m([22m[2m15 tests[22m[2m)[22m[33m 871[2mms[22m[39m
2026-10-01T10:37:08.8911515Z      [33m[2m✓[22m[39m keeps the default view concise and exposes provenance on demand [33m 512[2mms[22m[39m
2026-10-01T10:37:10.8984325Z Not implemented: Window's getComputedStyle() method: with pseudo-elements
2026-10-01T10:37:11.8541510Z Not implemented: Window's getComputedStyle() method: with pseudo-elements
2026-10-01T10:37:12.1372091Z  [32m✓[39m src/components/FaultPlazaPanel.test.jsx [2m([22m[2m9 tests[22m[2m)[22m[33m 3069[2mms[22m[39m
2026-10-01T10:37:12.1373557Z      [33m[2m✓[22m[39m shows the full performance catalog when requested by the performance entry [33m 793[2mms[22m[39m
2026-10-01T10:37:12.1570411Z      [33m[2m✓[22m[39m shows fresh acceptance gates and opens evidence without injecting a fault [33m 478[2mms[22m[39m
2026-10-01T10:37:12.1661573Z      [33m[2m✓[22m[39m starts an allowlisted real fault and forwards its diagnosis request [33m 349[2mms[22m[39m
2026-10-01T10:37:12.1772250Z      [33m[2m✓[22m[39m stops an injected fault when diagnosis creation fails [33m 309[2mms[22m[39m
2026-10-01T10:37:12.1790312Z      [33m[2m✓[22m[39m shows one recommended scenario per runtime with counts and non-Python runtimes first [33m 302[2mms[22m[39m
2026-10-01T10:37:13.5516822Z Not implemented: Window's getComputedStyle() method: with pseudo-elements
2026-10-01T10:37:14.6944045Z [90mstderr[2m | src/components/ScopeCard.test.jsx[2m > [22m[2mScopeCard secure target discovery[2m > [22m[2mrequires an explicit closed selection when multiple candidates are eligible
2026-10-01T10:37:14.6947908Z [22m[39mWarning: An update to InternalFormItem inside a test was not wrapped in act(...).
2026-10-01T10:37:14.6948597Z 
2026-10-01T10:37:14.6949168Z When testing, code that causes React state updates should be wrapped into act(...):
2026-10-01T10:37:14.6949723Z 
2026-10-01T10:37:14.6949975Z act(() => {
2026-10-01T10:37:14.6950678Z   /* fire events that update state */
2026-10-01T10:37:14.6951147Z });
2026-10-01T10:37:14.6951667Z /* assert on the output */
2026-10-01T10:37:14.6951998Z 
2026-10-01T10:37:14.6952867Z This ensures that you're testing the behavior the user would see in the browser. Learn more at https://reactjs.org/link/wrap-tests-with-act
2026-10-01T10:37:14.6954134Z     at InternalFormItem (/home/runner/work/mini-drop/mini-drop/web/node_modules/antd/lib/form/FormItem/index.js:58:5)
2026-10-01T10:37:14.6954900Z     at div
2026-10-01T10:37:14.6955481Z     at /home/runner/work/mini-drop/mini-drop/web/node_modules/antd/lib/grid/col.js:40:13
2026-10-01T10:37:14.6956140Z     at div
2026-10-01T10:37:14.6956780Z     at /home/runner/work/mini-drop/mini-drop/web/node_modules/antd/lib/grid/row.js:57:18
2026-10-01T10:37:14.6957454Z     at form
2026-10-01T10:37:14.6958179Z     at Form (/home/runner/work/mini-drop/mini-drop/web/node_modules/rc-field-form/lib/Form.js:21:19)
2026-10-01T10:37:14.6959279Z     at NoFormStyle (/home/runner/work/mini-drop/mini-drop/web/node_modules/antd/lib/form/context.js:32:3)
2026-10-01T10:37:14.6960700Z     at FormProvider (/home/runner/work/mini-drop/mini-drop/web/node_modules/rc-field-form/lib/FormContext.js:19:31)
2026-10-01T10:37:14.6961545Z     at FormProvider
2026-10-01T10:37:14.6962510Z     at DisabledContextProvider (/home/runner/work/mini-drop/mini-drop/web/node_modules/antd/lib/config-provider/DisabledContext.js:12:3)
2026-10-01T10:37:14.6963934Z     at InternalForm (/home/runner/work/mini-drop/mini-drop/web/node_modules/antd/lib/form/Form.js:50:33)
2026-10-01T10:37:14.6964727Z     at div
2026-10-01T10:37:14.6965387Z     at Item (/home/runner/work/mini-drop/mini-drop/web/node_modules/antd/lib/space/Item.js:12:3)
2026-10-01T10:37:14.6966132Z     at div
2026-10-01T10:37:14.6966784Z     at /home/runner/work/mini-drop/mini-drop/web/node_modules/antd/lib/space/index.js:44:39
2026-10-01T10:37:14.6967494Z     at div
2026-10-01T10:37:14.6967865Z     at div
2026-10-01T10:37:14.6968503Z     at /home/runner/work/mini-drop/mini-drop/web/node_modules/antd/lib/card/Card.js:53:18
2026-10-01T10:37:14.6969488Z     at ScopeCard (/home/runner/work/mini-drop/mini-drop/web/src/components/ScopeCard.jsx:56:22)
2026-10-01T10:37:14.6970610Z Warning: An update to Field inside a test was not wrapped in act(...).
2026-10-01T10:37:14.6971131Z 
2026-10-01T10:37:14.6971686Z When testing, code that causes React state updates should be wrapped into act(...):
2026-10-01T10:37:14.6972254Z 
2026-10-01T10:37:14.6972497Z act(() => {
2026-10-01T10:37:14.6972942Z   /* fire events that update state */
2026-10-01T10:37:14.6973419Z });
2026-10-01T10:37:14.6973830Z /* assert on the output */
2026-10-01T10:37:14.6974181Z 
2026-10-01T10:37:14.6975078Z This ensures that you're testing the behavior the user would see in the browser. Learn more at https://reactjs.org/link/wrap-tests-with-act
2026-10-01T10:37:14.6976371Z     at Field (/home/runner/work/mini-drop/mini-drop/web/node_modules/rc-field-form/lib/Field.js:49:34)
2026-10-01T10:37:14.6977791Z     at WrapperField (/home/runner/work/mini-drop/mini-drop/web/node_modules/rc-field-form/lib/Field.js:598:20)
2026-10-01T10:37:14.6979069Z     at InternalFormItem (/home/runner/work/mini-drop/mini-drop/web/node_modules/antd/lib/form/FormItem/index.js:58:5)
2026-10-01T10:37:14.6979881Z     at div
2026-10-01T10:37:14.6980684Z     at /home/runner/work/mini-drop/mini-drop/web/node_modules/antd/lib/grid/col.js:40:13
2026-10-01T10:37:14.6981599Z     at div
2026-10-01T10:37:14.6990906Z     at /home/runner/work/mini-drop/mini-drop/web/node_modules/antd/lib/grid/row.js:57:18
2026-10-01T10:37:14.6991668Z     at form
2026-10-01T10:37:14.6992651Z     at Form (/home/runner/work/mini-drop/mini-drop/web/node_modules/rc-field-form/lib/Form.js:21:19)
2026-10-01T10:37:14.6993699Z     at NoFormStyle (/home/runner/work/mini-drop/mini-drop/web/node_modules/antd/lib/form/context.js:32:3)
2026-10-01T10:37:14.6994875Z     at FormProvider (/home/runner/work/mini-drop/mini-drop/web/node_modules/rc-field-form/lib/FormContext.js:19:31)
2026-10-01T10:37:14.6995702Z     at FormProvider
2026-10-01T10:37:14.6996705Z     at DisabledContextProvider (/home/runner/work/mini-drop/mini-drop/web/node_modules/antd/lib/config-provider/DisabledContext.js:12:3)
2026-10-01T10:37:14.6997995Z     at InternalForm (/home/runner/work/mini-drop/mini-drop/web/node_modules/antd/lib/form/Form.js:50:33)
2026-10-01T10:37:14.6998741Z     at div
2026-10-01T10:37:14.6999440Z     at Item (/home/runner/work/mini-drop/mini-drop/web/node_modules/antd/lib/space/Item.js:12:3)
2026-10-01T10:37:14.7000319Z     at div
2026-10-01T10:37:14.7000951Z     at /home/runner/work/mini-drop/mini-drop/web/node_modules/antd/lib/space/index.js:44:39
2026-10-01T10:37:14.7001642Z     at div
2026-10-01T10:37:14.7001989Z     at div
2026-10-01T10:37:14.7002624Z     at /home/runner/work/mini-drop/mini-drop/web/node_modules/antd/lib/card/Card.js:53:18
2026-10-01T10:37:14.7003571Z     at ScopeCard (/home/runner/work/mini-drop/mini-drop/web/src/components/ScopeCard.jsx:56:22)
2026-10-01T10:37:14.7004239Z 
2026-10-01T10:37:14.8990204Z  [32m✓[39m src/pages/AIDiagnosis.test.jsx [2m([22m[2m17 tests[22m[2m)[22m[33m 11295[2mms[22m[39m
2026-10-01T10:37:14.9041728Z      [33m[2m✓[22m[39m confirms cancellation with session version and refreshes the terminal record [33m 2127[2mms[22m[39m
2026-10-01T10:37:14.9062753Z      [33m[2m✓[22m[39m hides cancellation on completed records [33m 413[2mms[22m[39m
2026-10-01T10:37:14.9111798Z      [33m[2m✓[22m[39m does not automatically generate a skill from a bounded observation [33m 339[2mms[22m[39m
2026-10-01T10:37:14.9117779Z      [33m[2m✓[22m[39m preserves a same-session report on partial and core refresh failures, but clears it when switching sessions [33m 1326[2mms[22m[39m
2026-10-01T10:37:14.9141345Z      [33m[2m✓[22m[39m renders only Drop Insight V2 diagnoses [33m 1175[2mms[22m[39m
2026-10-01T10:37:14.9168351Z      [33m[2m✓[22m[39m uses a full-width primary view and only splits when the user asks [33m 1256[2mms[22m[39m
2026-10-01T10:37:14.9191934Z      [33m[2m✓[22m[39m shows a measured normal window before the tree and keeps report limits available [33m 320[2mms[22m[39m
2026-10-01T10:37:14.9221452Z      [33m[2m✓[22m[39m lets the user review and edit a tree intervention before starting a new round [33m 1149[2mms[22m[39m
2026-10-01T10:37:14.9251347Z      [33m[2m✓[22m[39m merges the active diagnosis replay, exploration tree and Skill decision in a modal [33m 768[2mms[22m[39m
2026-10-01T10:37:14.9291430Z      [33m[2m✓[22m[39m continues a completed diagnosis as a real intervention round [33m 417[2mms[22m[39m
2026-10-01T10:37:14.9311301Z      [33m[2m✓[22m[39m lets the user challenge the current plan from the persistent composer [33m 562[2mms[22m[39m
2026-10-01T10:37:16.9925061Z [90mstderr[2m | src/components/SkillABPanel.test.jsx[2m > [22m[2mSkillABPanel[2m > [22m[2mcreates real AUTO and DISABLED diagnoses and reports only observed metrics
2026-10-01T10:37:16.9928751Z [22m[39mWarning: [antd: Card] `bordered` is deprecated. Please use `variant` instead.
2026-10-01T10:37:16.9929812Z Warning: [antd: Card] `bordered` is deprecated. Please use `variant` instead.
2026-10-01T10:37:16.9930810Z Warning: [antd: Card] `bordered` is deprecated. Please use `variant` instead.
2026-10-01T10:37:16.9931436Z 
2026-10-01T10:37:17.0004991Z [90mstderr[2m | src/components/SkillABPanel.test.jsx[2m > [22m[2mSkillABPanel[2m > [22m[2mcreates real AUTO and DISABLED diagnoses and reports only observed metrics
2026-10-01T10:37:17.0012116Z [22m[39mWarning: [antd: Card] `bordered` is deprecated. Please use `variant` instead.
2026-10-01T10:37:17.0013267Z 
2026-10-01T10:37:17.0710706Z  [32m✓[39m src/components/ScopeCard.test.jsx [2m([22m[2m13 tests[22m[2m)[22m[33m 4192[2mms[22m[39m
2026-10-01T10:37:17.0712451Z      [33m[2m✓[22m[39m hides raw authority clarification prompts resolved by secure discovery [33m 1002[2mms[22m[39m
2026-10-01T10:37:17.0727449Z      [33m[2m✓[22m[39m requires an explicit closed selection when multiple candidates are eligible [33m 586[2mms[22m[39m
2026-10-01T10:37:17.0728904Z      [33m[2m✓[22m[39m fails closed when the selected binding disappears on refresh [33m 354[2mms[22m[39m
2026-10-01T10:37:17.0730455Z      [33m[2m✓[22m[39m submits expected version and binding authority without raw agent or PID [33m 315[2mms[22m[39m
2026-10-01T10:37:17.0731739Z      [33m[2m✓[22m[39m does not resubmit an immutable server time range [33m 319[2mms[22m[39m
2026-10-01T10:37:17.1481883Z [90mstderr[2m | src/components/SkillABPanel.test.jsx[2m > [22m[2mSkillABPanel[2m > [22m[2mcreates real AUTO and DISABLED diagnoses and reports only observed metrics
2026-10-01T10:37:17.1491579Z [22m[39mWarning: [antd: Card] `bordered` is deprecated. Please use `variant` instead.
2026-10-01T10:37:17.1500777Z 
2026-10-01T10:37:17.1736815Z [90mstderr[2m | src/components/SkillABPanel.test.jsx[2m > [22m[2mSkillABPanel[2m > [22m[2mcreates real AUTO and DISABLED diagnoses and reports only observed metrics
2026-10-01T10:37:17.1740277Z [22m[39mWarning: [antd: Card] `bordered` is deprecated. Please use `variant` instead.
2026-10-01T10:37:17.1741069Z 
2026-10-01T10:37:17.2206546Z [90mstderr[2m | src/components/SkillABPanel.test.jsx[2m > [22m[2mSkillABPanel[2m > [22m[2mcreates real AUTO and DISABLED diagnoses and reports only observed metrics
2026-10-01T10:37:17.2231582Z [22m[39mWarning: [antd: Card] `bordered` is deprecated. Please use `variant` instead.
2026-10-01T10:37:17.2320441Z 
2026-10-01T10:37:17.3088315Z [90mstderr[2m | src/components/SkillABPanel.test.jsx[2m > [22m[2mSkillABPanel[2m > [22m[2mcreates real AUTO and DISABLED diagnoses and reports only observed metrics
2026-10-01T10:37:17.3092160Z [22m[39mWarning: [antd: Card] `bordered` is deprecated. Please use `variant` instead.
2026-10-01T10:37:17.3110623Z 
2026-10-01T10:37:17.3465203Z [90mstderr[2m | src/components/SkillABPanel.test.jsx[2m > [22m[2mSkillABPanel[2m > [22m[2mcreates real AUTO and DISABLED diagnoses and reports only observed metrics
2026-10-01T10:37:17.3501604Z [22m[39mWarning: [antd: Card] `bordered` is deprecated. Please use `variant` instead.
2026-10-01T10:37:17.3510678Z 
2026-10-01T10:37:17.3842423Z [90mstderr[2m | src/components/SkillABPanel.test.jsx[2m > [22m[2mSkillABPanel[2m > [22m[2mcreates real AUTO and DISABLED diagnoses and reports only observed metrics
2026-10-01T10:37:17.3871435Z [22m[39mWarning: [antd: Card] `bordered` is deprecated. Please use `variant` instead.
2026-10-01T10:37:17.3890553Z 
2026-10-01T10:37:17.8072753Z [90mstderr[2m | src/components/SkillABPanel.test.jsx[2m > [22m[2mSkillABPanel[2m > [22m[2mkeeps an earlier supported hypothesis visible when a later branch is insufficient
2026-10-01T10:37:17.8074313Z [22m[39mWarning: [antd: Card] `bordered` is deprecated. Please use `variant` instead.
2026-10-01T10:37:17.8075125Z Warning: [antd: Card] `bordered` is deprecated. Please use `variant` instead.
2026-10-01T10:37:17.8076366Z Warning: [antd: Card] `bordered` is deprecated. Please use `variant` instead.
2026-10-01T10:37:17.8077153Z Warning: [antd: Card] `bordered` is deprecated. Please use `variant` instead.
2026-10-01T10:37:17.8077548Z 
2026-10-01T10:37:17.8101864Z [90mstderr[2m | src/components/SkillABPanel.test.jsx[2m > [22m[2mSkillABPanel[2m > [22m[2mkeeps an earlier supported hypothesis visible when a later branch is insufficient
2026-10-01T10:37:17.8103470Z [22m[39mWarning: [antd: Card] `bordered` is deprecated. Please use `variant` instead.
2026-10-01T10:37:17.8104027Z 
2026-10-01T10:37:17.9012541Z [90mstderr[2m | src/components/SkillABPanel.test.jsx[2m > [22m[2mSkillABPanel[2m > [22m[2mkeeps an earlier supported hypothesis visible when a later branch is insufficient
2026-10-01T10:37:17.9041510Z [22m[39mWarning: [antd: Card] `bordered` is deprecated. Please use `variant` instead.
2026-10-01T10:37:17.9061639Z 
2026-10-01T10:37:17.9305786Z [90mstderr[2m | src/components/SkillABPanel.test.jsx[2m > [22m[2mSkillABPanel[2m > [22m[2mkeeps an earlier supported hypothesis visible when a later branch is insufficient
2026-10-01T10:37:17.9356702Z [22m[39mWarning: [antd: Card] `bordered` is deprecated. Please use `variant` instead.
2026-10-01T10:37:17.9390573Z 
2026-10-01T10:37:17.9852535Z [90mstderr[2m | src/components/SkillABPanel.test.jsx[2m > [22m[2mSkillABPanel[2m > [22m[2mkeeps an earlier supported hypothesis visible when a later branch is insufficient
2026-10-01T10:37:17.9881697Z [22m[39mWarning: [antd: Card] `bordered` is deprecated. Please use `variant` instead.
2026-10-01T10:37:17.9882524Z 
2026-10-01T10:37:18.0464715Z [90mstderr[2m | src/components/SkillABPanel.test.jsx[2m > [22m[2mSkillABPanel[2m > [22m[2mkeeps an earlier supported hypothesis visible when a later branch is insufficient
2026-10-01T10:37:18.0471111Z [22m[39mWarning: [antd: Card] `bordered` is deprecated. Please use `variant` instead.
2026-10-01T10:37:18.0471606Z 
2026-10-01T10:37:18.0752277Z [90mstderr[2m | src/components/SkillABPanel.test.jsx[2m > [22m[2mSkillABPanel[2m > [22m[2mkeeps an earlier supported hypothesis visible when a later branch is insufficient
2026-10-01T10:37:18.0771475Z [22m[39mWarning: [antd: Card] `bordered` is deprecated. Please use `variant` instead.
2026-10-01T10:37:18.0776684Z 
2026-10-01T10:37:18.1172023Z [90mstderr[2m | src/components/SkillABPanel.test.jsx[2m > [22m[2mSkillABPanel[2m > [22m[2mkeeps an earlier supported hypothesis visible when a later branch is insufficient
2026-10-01T10:37:18.1173387Z [22m[39mWarning: [antd: Card] `bordered` is deprecated. Please use `variant` instead.
2026-10-01T10:37:18.1238596Z 
2026-10-01T10:37:18.3700813Z [90mstderr[2m | src/components/SkillABPanel.test.jsx[2m > [22m[2mSkillABPanel[2m > [22m[2mrestores a real A/B pair after leaving and returning to the validation center
2026-10-01T10:37:18.3731401Z [22m[39mWarning: [antd: Card] `bordered` is deprecated. Please use `variant` instead.
2026-10-01T10:37:18.3751187Z Warning: [antd: Card] `bordered` is deprecated. Please use `variant` instead.
2026-10-01T10:37:18.3762545Z Warning: [antd: Card] `bordered` is deprecated. Please use `variant` instead.
2026-10-01T10:37:18.3763737Z Warning: [antd: Card] `bordered` is deprecated. Please use `variant` instead.
2026-10-01T10:37:18.3764498Z 
2026-10-01T10:37:18.3765870Z [90mstderr[2m | src/components/SkillABPanel.test.jsx[2m > [22m[2mSkillABPanel[2m > [22m[2mrestores a real A/B pair after leaving and returning to the validation center
2026-10-01T10:37:18.3773842Z [22m[39mWarning: [antd: Card] `bordered` is deprecated. Please use `variant` instead.
2026-10-01T10:37:18.3774529Z 
2026-10-01T10:37:18.4472950Z [90mstderr[2m | src/components/SkillABPanel.test.jsx[2m > [22m[2mSkillABPanel[2m > [22m[2mrestores a real A/B pair after leaving and returning to the validation center
2026-10-01T10:37:18.4483556Z [22m[39mWarning: [antd: Card] `bordered` is deprecated. Please use `variant` instead.
2026-10-01T10:37:18.4484318Z 
2026-10-01T10:37:18.4593074Z [90mstderr[2m | src/components/SkillABPanel.test.jsx[2m > [22m[2mSkillABPanel[2m > [22m[2mrestores a real A/B pair after leaving and returning to the validation center
2026-10-01T10:37:18.4594690Z [22m[39mWarning: [antd: Card] `bordered` is deprecated. Please use `variant` instead.
2026-10-01T10:37:18.4595399Z 
2026-10-01T10:37:18.4972487Z [90mstderr[2m | src/components/SkillABPanel.test.jsx[2m > [22m[2mSkillABPanel[2m > [22m[2mrestores a real A/B pair after leaving and returning to the validation center
2026-10-01T10:37:18.4974475Z [22m[39mWarning: [antd: Card] `bordered` is deprecated. Please use `variant` instead.
2026-10-01T10:37:18.4990779Z 
2026-10-01T10:37:18.5534807Z [90mstderr[2m | src/components/SkillABPanel.test.jsx[2m > [22m[2mSkillABPanel[2m > [22m[2mrestores a real A/B pair after leaving and returning to the validation center
2026-10-01T10:37:18.5584220Z [22m[39mWarning: [antd: Card] `bordered` is deprecated. Please use `variant` instead.
2026-10-01T10:37:18.5664850Z 
2026-10-01T10:37:18.5773442Z [90mstderr[2m | src/components/SkillABPanel.test.jsx[2m > [22m[2mSkillABPanel[2m > [22m[2mrestores a real A/B pair after leaving and returning to the validation center
2026-10-01T10:37:18.5791597Z [22m[39mWarning: [antd: Card] `bordered` is deprecated. Please use `variant` instead.
2026-10-01T10:37:18.5821578Z 
2026-10-01T10:37:18.5972240Z [90mstderr[2m | src/components/SkillABPanel.test.jsx[2m > [22m[2mSkillABPanel[2m > [22m[2mrestores a real A/B pair after leaving and returning to the validation center
2026-10-01T10:37:18.5973714Z [22m[39mWarning: [antd: Card] `bordered` is deprecated. Please use `variant` instead.
2026-10-01T10:37:18.6030541Z 
2026-10-01T10:37:18.8272556Z [90mstderr[2m | src/components/SkillABPanel.test.jsx[2m > [22m[2mSkillABPanel[2m > [22m[2mrestores a real A/B pair after leaving and returning to the validation center
2026-10-01T10:37:18.8274466Z [22m[39mWarning: [antd: Card] `bordered` is deprecated. Please use `variant` instead.
2026-10-01T10:37:18.8275726Z Warning: [antd: Card] `bordered` is deprecated. Please use `variant` instead.
2026-10-01T10:37:18.8276374Z 
2026-10-01T10:37:18.8291549Z [90mstderr[2m | src/components/SkillABPanel.test.jsx[2m > [22m[2mSkillABPanel[2m > [22m[2mrestores a real A/B pair after leaving and returning to the validation center
2026-10-01T10:37:18.8321531Z [22m[39mWarning: [antd: Card] `bordered` is deprecated. Please use `variant` instead.
2026-10-01T10:37:18.8350898Z 
2026-10-01T10:37:18.8490875Z [90mstderr[2m | src/components/SkillABPanel.test.jsx[2m > [22m[2mSkillABPanel[2m > [22m[2mrestores a real A/B pair after leaving and returning to the validation center
2026-10-01T10:37:18.8496692Z [22m[39mWarning: [antd: Card] `bordered` is deprecated. Please use `variant` instead.
2026-10-01T10:37:18.8497457Z 
2026-10-01T10:37:18.8843147Z [90mstderr[2m | src/components/SkillABPanel.test.jsx[2m > [22m[2mSkillABPanel[2m > [22m[2mrestores a real A/B pair after leaving and returning to the validation center
2026-10-01T10:37:18.8845770Z [22m[39mWarning: [antd: Card] `bordered` is deprecated. Please use `variant` instead.
2026-10-01T10:37:18.8846653Z 
2026-10-01T10:37:18.9159203Z  [32m✓[39m src/components/SkillABPanel.test.jsx [2m([22m[2m5 tests[22m[2m)[22m[33m 3051[2mms[22m[39m
2026-10-01T10:37:18.9166516Z      [33m[2m✓[22m[39m creates real AUTO and DISABLED diagnoses and reports only observed metrics [33m 1647[2mms[22m[39m
2026-10-01T10:37:18.9205684Z      [33m[2m✓[22m[39m keeps an earlier supported hypothesis visible when a later branch is insufficient [33m 619[2mms[22m[39m
2026-10-01T10:37:18.9207899Z      [33m[2m✓[22m[39m restores a real A/B pair after leaving and returning to the validation center [33m 776[2mms[22m[39m
2026-10-01T10:37:20.1349347Z  [32m✓[39m src/utils/reportPresentation.test.js [2m([22m[2m31 tests[22m[2m)[22m[32m 12[2mms[22m[39m
2026-10-01T10:37:20.2152941Z [90mstderr[2m | src/components/ManagedServicesPanel.test.jsx[2m > [22m[2msubmits only the selected request ID and rejects an expired selection
2026-10-01T10:37:20.2154371Z [22m[39mWarning: An update to ForwardRef inside a test was not wrapped in act(...).
2026-10-01T10:37:20.2180429Z 
2026-10-01T10:37:20.2181155Z When testing, code that causes React state updates should be wrapped into act(...):
2026-10-01T10:37:20.2181648Z 
2026-10-01T10:37:20.2181775Z act(() => {
2026-10-01T10:37:20.2182104Z   /* fire events that update state */
2026-10-01T10:37:20.2182450Z });
2026-10-01T10:37:20.2182737Z /* assert on the output */
2026-10-01T10:37:20.2182939Z 
2026-10-01T10:37:20.2184046Z This ensures that you're testing the behavior the user would see in the browser. Learn more at https://reactjs.org/link/wrap-tests-with-act
2026-10-01T10:37:20.2185119Z     at /home/runner/work/mini-drop/mini-drop/web/node_modules/antd/lib/message/index.js:68:60
2026-10-01T10:37:20.2185967Z Warning: An update to ForwardRef inside a test was not wrapped in act(...).
2026-10-01T10:37:20.2186353Z 
2026-10-01T10:37:20.2186793Z When testing, code that causes React state updates should be wrapped into act(...):
2026-10-01T10:37:20.2187217Z 
2026-10-01T10:37:20.2187331Z act(() => {
2026-10-01T10:37:20.2187650Z   /* fire events that update state */
2026-10-01T10:37:20.2187985Z });
2026-10-01T10:37:20.2188257Z /* assert on the output */
2026-10-01T10:37:20.2188460Z 
2026-10-01T10:37:20.2189196Z This ensures that you're testing the behavior the user would see in the browser. Learn more at https://reactjs.org/link/wrap-tests-with-act
2026-10-01T10:37:20.2190486Z     at /home/runner/work/mini-drop/mini-drop/web/node_modules/antd/lib/message/useMessage.js:52:5
2026-10-01T10:37:20.2191378Z     at /home/runner/work/mini-drop/mini-drop/web/node_modules/antd/lib/message/index.js:41:5
2026-10-01T10:37:20.2192414Z     at MotionWrapper (/home/runner/work/mini-drop/mini-drop/web/node_modules/antd/lib/config-provider/MotionWrapper.js:17:30)
2026-10-01T10:37:20.2193589Z     at ProviderChildren (/home/runner/work/mini-drop/mini-drop/web/node_modules/antd/lib/config-provider/index.js:142:5)
2026-10-01T10:37:20.2194726Z     at ConfigProvider (/home/runner/work/mini-drop/mini-drop/web/node_modules/antd/lib/config-provider/index.js:444:25)
2026-10-01T10:37:20.2195708Z     at /home/runner/work/mini-drop/mini-drop/web/node_modules/antd/lib/message/index.js:68:60
2026-10-01T10:37:20.2196542Z Warning: An update to ForwardRef inside a test was not wrapped in act(...).
2026-10-01T10:37:20.2196925Z 
2026-10-01T10:37:20.2197354Z When testing, code that causes React state updates should be wrapped into act(...):
2026-10-01T10:37:20.2197786Z 
2026-10-01T10:37:20.2197895Z act(() => {
2026-10-01T10:37:20.2198194Z   /* fire events that update state */
2026-10-01T10:37:20.2198534Z });
2026-10-01T10:37:20.2198808Z /* assert on the output */
2026-10-01T10:37:20.2199019Z 
2026-10-01T10:37:20.2199744Z This ensures that you're testing the behavior the user would see in the browser. Learn more at https://reactjs.org/link/wrap-tests-with-act
2026-10-01T10:37:20.2202679Z     at /home/runner/work/mini-drop/mini-drop/web/node_modules/antd/lib/message/useMessage.js:52:5
2026-10-01T10:37:20.2203485Z     at /home/runner/work/mini-drop/mini-drop/web/node_modules/antd/lib/message/index.js:41:5
2026-10-01T10:37:20.2204452Z     at MotionWrapper (/home/runner/work/mini-drop/mini-drop/web/node_modules/antd/lib/config-provider/MotionWrapper.js:17:30)
2026-10-01T10:37:20.2205594Z     at ProviderChildren (/home/runner/work/mini-drop/mini-drop/web/node_modules/antd/lib/config-provider/index.js:142:5)
2026-10-01T10:37:20.2206696Z     at ConfigProvider (/home/runner/work/mini-drop/mini-drop/web/node_modules/antd/lib/config-provider/index.js:444:25)
2026-10-01T10:37:20.2207656Z     at /home/runner/work/mini-drop/mini-drop/web/node_modules/antd/lib/message/index.js:68:60
2026-10-01T10:37:20.2208460Z Warning: An update to Notifications inside a test was not wrapped in act(...).
2026-10-01T10:37:20.2208845Z 
2026-10-01T10:37:20.2209236Z When testing, code that causes React state updates should be wrapped into act(...):
2026-10-01T10:37:20.2209926Z 
2026-10-01T10:37:20.2220415Z act(() => {
2026-10-01T10:37:20.2220835Z   /* fire events that update state */
2026-10-01T10:37:20.2221201Z });
2026-10-01T10:37:20.2221502Z /* assert on the output */
2026-10-01T10:37:20.2221710Z 
2026-10-01T10:37:20.2222484Z This ensures that you're testing the behavior the user would see in the browser. Learn more at https://reactjs.org/link/wrap-tests-with-act
2026-10-01T10:37:20.2223649Z     at /home/runner/work/mini-drop/mini-drop/web/node_modules/rc-notification/lib/Notifications.js:19:32
2026-10-01T10:37:20.2224923Z     at /home/runner/work/mini-drop/mini-drop/web/node_modules/antd/lib/message/useMessage.js:52:5
2026-10-01T10:37:20.2225798Z     at /home/runner/work/mini-drop/mini-drop/web/node_modules/antd/lib/message/index.js:41:5
2026-10-01T10:37:20.2226847Z     at MotionWrapper (/home/runner/work/mini-drop/mini-drop/web/node_modules/antd/lib/config-provider/MotionWrapper.js:17:30)
2026-10-01T10:37:20.2228017Z     at ProviderChildren (/home/runner/work/mini-drop/mini-drop/web/node_modules/antd/lib/config-provider/index.js:142:5)
2026-10-01T10:37:20.2229147Z     at ConfigProvider (/home/runner/work/mini-drop/mini-drop/web/node_modules/antd/lib/config-provider/index.js:444:25)
2026-10-01T10:37:20.2230271Z     at /home/runner/work/mini-drop/mini-drop/web/node_modules/antd/lib/message/index.js:68:60
2026-10-01T10:37:20.2246073Z Warning: An update to ForwardRef inside a test was not wrapped in act(...).
2026-10-01T10:37:20.2246477Z 
2026-10-01T10:37:20.2246893Z When testing, code that causes React state updates should be wrapped into act(...):
2026-10-01T10:37:20.2247345Z 
2026-10-01T10:37:20.2247454Z act(() => {
2026-10-01T10:37:20.2247750Z   /* fire events that update state */
2026-10-01T10:37:20.2248104Z });
2026-10-01T10:37:20.2248378Z /* assert on the output */
2026-10-01T10:37:20.2248577Z 
2026-10-01T10:37:20.2249360Z This ensures that you're testing the behavior the user would see in the browser. Learn more at https://reactjs.org/link/wrap-tests-with-act
2026-10-01T10:37:20.2250642Z     at /home/runner/work/mini-drop/mini-drop/web/node_modules/antd/lib/message/useMessage.js:52:5
2026-10-01T10:37:20.2251533Z     at /home/runner/work/mini-drop/mini-drop/web/node_modules/antd/lib/message/index.js:41:5
2026-10-01T10:37:20.2252589Z     at MotionWrapper (/home/runner/work/mini-drop/mini-drop/web/node_modules/antd/lib/config-provider/MotionWrapper.js:17:30)
2026-10-01T10:37:20.2278366Z     at ProviderChildren (/home/runner/work/mini-drop/mini-drop/web/node_modules/antd/lib/config-provider/index.js:142:5)
2026-10-01T10:37:20.2279555Z     at ConfigProvider (/home/runner/work/mini-drop/mini-drop/web/node_modules/antd/lib/config-provider/index.js:444:25)
2026-10-01T10:37:20.2280913Z     at /home/runner/work/mini-drop/mini-drop/web/node_modules/antd/lib/message/index.js:68:60
2026-10-01T10:37:20.2281356Z 
2026-10-01T10:37:21.0917825Z  [32m✓[39m src/components/ManagedServicesPanel.test.jsx [2m([22m[2m10 tests[22m[2m)[22m[33m 3480[2mms[22m[39m
2026-10-01T10:37:21.0952856Z    [33m[2m✓[22m[39m starts diagnosis by service identity and symptoms without sending a PID [33m 1113[2mms[22m[39m
2026-10-01T10:37:21.0953898Z    [33m[2m✓[22m[39m shows real RAG stages and leaves unavailable stages empty [33m 384[2mms[22m[39m
2026-10-01T10:37:21.0954721Z    [33m[2m✓[22m[39m submits only the selected request ID and rejects an expired selection [33m 408[2mms[22m[39m
2026-10-01T10:37:21.0955511Z    [33m[2m✓[22m[39m checks both original 2000ms comparisons after preparation (3507) [33m 348[2mms[22m[39m
2026-10-01T10:37:21.9141987Z  [32m✓[39m src/components/ConclusionCard.test.jsx [2m([22m[2m10 tests[22m[2m)[22m[33m 848[2mms[22m[39m
2026-10-01T10:37:21.9164186Z      [33m[2m✓[22m[39m explains that inclusive Go function shares overlap [33m 469[2mms[22m[39m
2026-10-01T10:37:22.3436289Z  [32m✓[39m src/hooks/useSSE.test.jsx [2m([22m[2m10 tests[22m[2m)[22m[32m 45[2mms[22m[39m
2026-10-01T10:37:23.0168059Z  [32m✓[39m src/utils/observationAssessment.test.js [2m([22m[2m20 tests[22m[2m)[22m[32m 13[2mms[22m[39m
2026-10-01T10:37:24.0607675Z  [32m✓[39m src/utils/diagnosisDisplay.test.js [2m([22m[2m6 tests[22m[2m)[22m[32m 11[2mms[22m[39m
2026-10-01T10:37:26.1200641Z  [32m✓[39m src/components/ChatThread.test.jsx [2m([22m[2m9 tests[22m[2m)[22m[33m 1279[2mms[22m[39m
2026-10-01T10:37:26.1201845Z      [33m[2m✓[22m[39m keeps fix verification disabled for an observation in simple mode [33m 466[2mms[22m[39m
2026-10-01T10:37:27.0647617Z  [32m✓[39m src/components/LatsReplayPanel.test.jsx [2m([22m[2m2 tests[22m[2m)[22m[33m 1011[2mms[22m[39m
2026-10-01T10:37:27.0651648Z      [33m[2m✓[22m[39m creates a fresh UUID session and opens the returned diagnosis immediately [33m 895[2mms[22m[39m
2026-10-01T10:37:27.5635301Z  [32m✓[39m src/hooks/SSEContext.test.jsx [2m([22m[2m4 tests[22m[2m)[22m[32m 157[2mms[22m[39m
2026-10-01T10:37:29.9563814Z Not implemented: Window's getComputedStyle() method: with pseudo-elements
2026-10-01T10:37:29.9791229Z [90mstderr[2m | src/pages/TaskResult.test.jsx[2m > [22m[2mTaskResult collection boundary[2m > [22m[2mrejects an explicit zero-sample artifact instead of rendering an empty flamegraph
2026-10-01T10:37:29.9824627Z [22m[39mWarning: [antd: Table] `index` parameter of `rowKey` function is deprecated. There is no guarantee that it will work as expected.
2026-10-01T10:37:29.9825824Z 
2026-10-01T10:37:29.9843524Z [90mstderr[2m | src/pages/TaskResult.test.jsx[2m > [22m[2mTaskResult collection boundary[2m > [22m[2mrejects an explicit zero-sample artifact instead of rendering an empty flamegraph
2026-10-01T10:37:29.9845559Z [22m[39mWarning: [antd: Table] `index` parameter of `rowKey` function is deprecated. There is no guarantee that it will work as expected.
2026-10-01T10:37:29.9846521Z 
2026-10-01T10:37:30.4885472Z Not implemented: Window's getComputedStyle() method: with pseudo-elements
2026-10-01T10:37:30.5301392Z Not implemented: Window's getComputedStyle() method: with pseudo-elements
2026-10-01T10:37:30.5482191Z [90mstderr[2m | src/pages/TaskResult.test.jsx[2m > [22m[2mTaskResult collection boundary[2m > [22m[2mrenders continuous window outcomes in Chinese
2026-10-01T10:37:30.5511671Z [22m[39mWarning: [antd: Table] `index` parameter of `rowKey` function is deprecated. There is no guarantee that it will work as expected.
2026-10-01T10:37:30.5540627Z 
2026-10-01T10:37:30.5790669Z [90mstderr[2m | src/pages/TaskResult.test.jsx[2m > [22m[2mTaskResult collection boundary[2m > [22m[2mrenders continuous window outcomes in Chinese
2026-10-01T10:37:30.5792487Z [22m[39mWarning: [antd: Table] `index` parameter of `rowKey` function is deprecated. There is no guarantee that it will work as expected.
2026-10-01T10:37:30.5793170Z 
2026-10-01T10:37:30.6221942Z  [32m✓[39m src/pages/TaskResult.test.jsx [2m([22m[2m4 tests[22m[2m)[22m[33m 1861[2mms[22m[39m
2026-10-01T10:37:30.6261633Z      [33m[2m✓[22m[39m renders collection results and points diagnosis to the V2 workspace [33m 831[2mms[22m[39m
2026-10-01T10:37:30.6263236Z      [33m[2m✓[22m[39m rejects an explicit zero-sample artifact instead of rendering an empty flamegraph [33m 657[2mms[22m[39m
2026-10-01T10:37:30.6296908Z      [33m[2m✓[22m[39m renders continuous window outcomes in Chinese [33m 366[2mms[22m[39m
2026-10-01T10:37:31.6747543Z  [32m✓[39m src/components/EngineeringCasesPanel.test.jsx [2m([22m[2m11 tests[22m[2m)[22m[33m 1447[2mms[22m[39m
2026-10-01T10:37:31.6793507Z    [33m[2m✓[22m[39m shows actual before/after evidence and does not claim automated AI root acceptance [33m 1083[2mms[22m[39m
2026-10-01T10:37:32.9321555Z Not implemented: Window's getComputedStyle() method: with pseudo-elements
2026-10-01T10:37:33.2334307Z  [32m✓[39m src/components/ToolCallCard.test.jsx [2m([22m[2m3 tests[22m[2m)[22m[33m 1627[2mms[22m[39m
2026-10-01T10:37:33.2336342Z      [33m[2m✓[22m[39m shows approve/reject for a pending approval tool [33m 727[2mms[22m[39m
2026-10-01T10:37:33.2337941Z      [33m[2m✓[22m[39m keeps the server-bound agent and PID immutable while editing sampling parameters [33m 839[2mms[22m[39m
2026-10-01T10:37:36.3770627Z  [32m✓[39m src/components/AppLayout.test.jsx [2m([22m[2m4 tests[22m[2m)[22m[33m 871[2mms[22m[39m
2026-10-01T10:37:36.3771743Z      [33m[2m✓[22m[39m shows the fallback indicator until the shared stream opens [33m 585[2mms[22m[39m
2026-10-01T10:37:37.0278481Z  [32m✓[39m src/components/FlamegraphViewer.test.jsx [2m([22m[2m4 tests[22m[2m)[22m[33m 2417[2mms[22m[39m
2026-10-01T10:37:37.0280694Z      [33m[2m✓[22m[39m renders a 10k-node flamegraph without crashing [33m 652[2mms[22m[39m
2026-10-01T10:37:37.0282099Z      [33m[2m✓[22m[39m renders Java HTML as SVG data without inserting an executable iframe [33m 837[2mms[22m[39m
2026-10-01T10:37:37.0283305Z      [33m[2m✓[22m[39m does not show a late response from the previously selected task [33m 901[2mms[22m[39m
2026-10-01T10:37:37.1178719Z Not implemented: Window's getComputedStyle() method: with pseudo-elements
2026-10-01T10:37:37.5361600Z Not implemented: Window's getComputedStyle() method: with pseudo-elements
2026-10-01T10:37:37.8552074Z  [32m✓[39m src/components/MentorComplexShowcase.test.jsx [2m([22m[2m2 tests[22m[2m)[22m[33m 1448[2mms[22m[39m
2026-10-01T10:37:37.8591801Z      [33m[2m✓[22m[39m replays only the diagnosis passed by the active workspace [33m 844[2mms[22m[39m
2026-10-01T10:37:37.8642113Z      [33m[2m✓[22m[39m shows the candidate Skill produced by the same diagnosis [33m 602[2mms[22m[39m
2026-10-01T10:37:39.8373403Z Not implemented: Window's getComputedStyle() method: with pseudo-elements
2026-10-01T10:37:40.0236807Z Not implemented: Window's getComputedStyle() method: with pseudo-elements
2026-10-01T10:37:40.1385378Z  [32m✓[39m src/components/BusinessAcceptancePanel.test.jsx [2m([22m[2m4 tests[22m[2m)[22m[33m 1203[2mms[22m[39m
2026-10-01T10:37:40.1405345Z    [33m[2m✓[22m[39m does not turn missing evidence into a passing result [33m 582[2mms[22m[39m
2026-10-01T10:37:40.1406775Z    [33m[2m✓[22m[39m shows fallback separately from full recovery and AI diagnosis [33m 331[2mms[22m[39m
2026-10-01T10:37:41.9023478Z Not implemented: Window's getComputedStyle() method: with pseudo-elements
2026-10-01T10:37:41.9308340Z [90mstderr[2m | src/pages/AgentDetail.test.jsx[2m > [22m[2mignores late responses from another agent and resets the trend on navigation
2026-10-01T10:37:41.9309365Z [22m[39mWarning: [antd: Descriptions] `labelStyle` is deprecated. Please use `styles={{ label: {} }}` instead.
2026-10-01T10:37:41.9310238Z Warning: [antd: Descriptions] `contentStyle` is deprecated. Please use `styles={{ content: {} }}` instead.
2026-10-01T10:37:41.9311216Z Warning: [antd: Descriptions] Sum of column `span` in a line not match `column` of Descriptions.
2026-10-01T10:37:41.9311493Z 
2026-10-01T10:37:41.9562200Z [90mstderr[2m | src/pages/AgentDetail.test.jsx[2m > [22m[2mignores late responses from another agent and resets the trend on navigation
2026-10-01T10:37:41.9563875Z [22m[39mWarning: [antd: Descriptions] `labelStyle` is deprecated. Please use `styles={{ label: {} }}` instead.
2026-10-01T10:37:41.9591444Z Warning: [antd: Descriptions] `contentStyle` is deprecated. Please use `styles={{ content: {} }}` instead.
2026-10-01T10:37:41.9621301Z Warning: [antd: Descriptions] Sum of column `span` in a line not match `column` of Descriptions.
2026-10-01T10:37:41.9650434Z 
2026-10-01T10:37:42.0025051Z [90mstderr[2m | src/pages/AgentDetail.test.jsx[2m > [22m[2mignores late responses from another agent and resets the trend on navigation
2026-10-01T10:37:42.0025915Z [22m[39mWarning: [antd: Descriptions] `labelStyle` is deprecated. Please use `styles={{ label: {} }}` instead.
2026-10-01T10:37:42.0026597Z Warning: [antd: Descriptions] `contentStyle` is deprecated. Please use `styles={{ content: {} }}` instead.
2026-10-01T10:37:42.0027577Z Warning: [antd: Descriptions] Sum of column `span` in a line not match `column` of Descriptions.
2026-10-01T10:37:42.0027876Z 
2026-10-01T10:37:42.2278642Z  [32m✓[39m src/components/DiagnosisSkillOutcomeCard.test.jsx [2m([22m[2m2 tests[22m[2m)[22m[33m 1172[2mms[22m[39m
2026-10-01T10:37:42.2292001Z      [33m[2m✓[22m[39m shows the Skill produced by a verified diagnosis and exposes its gates [33m 1012[2mms[22m[39m
2026-10-01T10:37:42.3012281Z [90mstderr[2m | src/pages/AgentDetail.test.jsx[2m > [22m[2mignores late responses from another agent and resets the trend on navigation
2026-10-01T10:37:42.3014640Z [22m[39mWarning: [antd: Descriptions] `labelStyle` is deprecated. Please use `styles={{ label: {} }}` instead.
2026-10-01T10:37:42.3016021Z Warning: [antd: Descriptions] `contentStyle` is deprecated. Please use `styles={{ content: {} }}` instead.
2026-10-01T10:37:42.3017230Z Warning: [antd: Descriptions] Sum of column `span` in a line not match `column` of Descriptions.
2026-10-01T10:37:42.3017907Z 
2026-10-01T10:37:42.4241420Z Not implemented: Window's getComputedStyle() method: with pseudo-elements
2026-10-01T10:37:42.4301847Z [90mstderr[2m | src/pages/AgentDetail.test.jsx[2m > [22m[2mignores late responses from another agent and resets the trend on navigation
2026-10-01T10:37:42.4331556Z [22m[39mWarning: [antd: Descriptions] `labelStyle` is deprecated. Please use `styles={{ label: {} }}` instead.
2026-10-01T10:37:42.4332894Z Warning: [antd: Descriptions] `contentStyle` is deprecated. Please use `styles={{ content: {} }}` instead.
2026-10-01T10:37:42.4334031Z Warning: [antd: Descriptions] Sum of column `span` in a line not match `column` of Descriptions.
2026-10-01T10:37:42.4334596Z 
2026-10-01T10:37:42.4395569Z [90mstderr[2m | src/pages/AgentDetail.test.jsx[2m > [22m[2mignores late responses from another agent and resets the trend on navigation
2026-10-01T10:37:42.4397051Z [22m[39mWarning: [antd: Descriptions] `labelStyle` is deprecated. Please use `styles={{ label: {} }}` instead.
2026-10-01T10:37:42.4398253Z Warning: [antd: Descriptions] `contentStyle` is deprecated. Please use `styles={{ content: {} }}` instead.
2026-10-01T10:37:42.4399509Z Warning: [antd: Descriptions] Sum of column `span` in a line not match `column` of Descriptions.
2026-10-01T10:37:42.4400242Z 
2026-10-01T10:37:42.7014624Z Not implemented: Window's getComputedStyle() method: with pseudo-elements
2026-10-01T10:37:42.7174748Z [90mstderr[2m | src/pages/AgentDetail.test.jsx[2m > [22m[2mshows a request error and retry instead of only claiming the agent does not exist
2026-10-01T10:37:42.7176644Z [22m[39mWarning: [antd: Descriptions] `labelStyle` is deprecated. Please use `styles={{ label: {} }}` instead.
2026-10-01T10:37:42.7178226Z Warning: [antd: Descriptions] `contentStyle` is deprecated. Please use `styles={{ content: {} }}` instead.
2026-10-01T10:37:42.7179520Z Warning: [antd: Descriptions] Sum of column `span` in a line not match `column` of Descriptions.
2026-10-01T10:37:42.7180380Z 
2026-10-01T10:37:42.7226583Z [90mstderr[2m | src/pages/AgentDetail.test.jsx[2m > [22m[2mshows a request error and retry instead of only claiming the agent does not exist
2026-10-01T10:37:42.7228206Z [22m[39mWarning: [antd: Descriptions] `labelStyle` is deprecated. Please use `styles={{ label: {} }}` instead.
2026-10-01T10:37:42.7229598Z Warning: [antd: Descriptions] `contentStyle` is deprecated. Please use `styles={{ content: {} }}` instead.
2026-10-01T10:37:42.7231057Z Warning: [antd: Descriptions] Sum of column `span` in a line not match `column` of Descriptions.
2026-10-01T10:37:42.7231783Z 
2026-10-01T10:37:42.7277639Z  [32m✓[39m src/pages/AgentDetail.test.jsx [2m([22m[2m2 tests[22m[2m)[22m[33m 2071[2mms[22m[39m
2026-10-01T10:37:42.7291651Z    [33m[2m✓[22m[39m ignores late responses from another agent and resets the trend on navigation [33m 1798[2mms[22m[39m
2026-10-01T10:37:43.4297668Z  [32m✓[39m src/hooks/usePolling.test.jsx [2m([22m[2m3 tests[22m[2m)[22m[32m 76[2mms[22m[39m
2026-10-01T10:37:43.5244724Z  [32m✓[39m src/components/DiagnosisPathPanel.test.jsx [2m([22m[2m2 tests[22m[2m)[22m[33m 618[2mms[22m[39m
2026-10-01T10:37:43.5246120Z      [33m[2m✓[22m[39m shows Chinese event and actor labels, with raw protocol codes in secondary details [33m 611[2mms[22m[39m
2026-10-01T10:37:46.3734538Z Not implemented: Window's getComputedStyle() method: with pseudo-elements
2026-10-01T10:37:46.9221824Z  [32m✓[39m src/components/EvalPanel.test.jsx [2m([22m[2m2 tests[22m[2m)[22m[33m 495[2mms[22m[39m
2026-10-01T10:37:46.9223579Z      [33m[2m✓[22m[39m defaults to performance experiments and keeps engineering regressions separate [33m 404[2mms[22m[39m
2026-10-01T10:37:47.0014580Z  [32m✓[39m src/components/PerformanceDiagnosisSummary.test.jsx [2m([22m[2m3 tests[22m[2m)[22m[33m 1168[2mms[22m[39m
2026-10-01T10:37:47.0015807Z    [33m[2m✓[22m[39m shows every old scenario while keeping recorded lineage separate from causal root success [33m 666[2mms[22m[39m
2026-10-01T10:37:47.0020249Z    [33m[2m✓[22m[39m fails closed for http and can retry without injecting faults [33m 427[2mms[22m[39m
2026-10-01T10:37:47.8395113Z [90mstderr[2m | src/components/SkillExperimentPanel.test.jsx[2m > [22m[2mSkillExperimentPanel[2m > [22m[2muses the server-assigned arm and never asks the browser to choose one
2026-10-01T10:37:47.8411651Z [22m[39mWarning: [antd: Card] `bordered` is deprecated. Please use `variant` instead.
2026-10-01T10:37:47.8412675Z Warning: [antd: Card] `bordered` is deprecated. Please use `variant` instead.
2026-10-01T10:37:47.8413406Z 
2026-10-01T10:37:48.3933517Z Not implemented: Window's getComputedStyle() method: with pseudo-elements
2026-10-01T10:37:48.3968364Z [90mstderr[2m | src/components/SkillExperimentPanel.test.jsx[2m > [22m[2mSkillExperimentPanel[2m > [22m[2muses the server-assigned arm and never asks the browser to choose one
2026-10-01T10:37:48.3970376Z [22m[39mWarning: [antd: Card] `bordered` is deprecated. Please use `variant` instead.
2026-10-01T10:37:48.3971061Z 
2026-10-01T10:37:48.6078139Z [90mstderr[2m | src/components/SkillExperimentPanel.test.jsx[2m > [22m[2mSkillExperimentPanel[2m > [22m[2muses the server-assigned arm and never asks the browser to choose one
2026-10-01T10:37:48.6101810Z [22m[39mWarning: [antd: Card] `bordered` is deprecated. Please use `variant` instead.
2026-10-01T10:37:48.6110998Z 
2026-10-01T10:37:48.6208119Z [90mstderr[2m | src/components/SkillExperimentPanel.test.jsx[2m > [22m[2mSkillExperimentPanel[2m > [22m[2muses the server-assigned arm and never asks the browser to choose one
2026-10-01T10:37:48.6209865Z [22m[39mWarning: [antd: Card] `bordered` is deprecated. Please use `variant` instead.
2026-10-01T10:37:48.6211016Z 
2026-10-01T10:37:48.6343343Z [90mstderr[2m | src/components/SkillExperimentPanel.test.jsx[2m > [22m[2mSkillExperimentPanel[2m > [22m[2muses the server-assigned arm and never asks the browser to choose one
2026-10-01T10:37:48.6346452Z [22m[39mWarning: [antd: Card] `bordered` is deprecated. Please use `variant` instead.
2026-10-01T10:37:48.6347264Z 
2026-10-01T10:37:48.6626668Z  [32m✓[39m src/components/SkillExperimentPanel.test.jsx [2m([22m[2m1 test[22m[2m)[22m[33m 1552[2mms[22m[39m
2026-10-01T10:37:48.6628249Z      [33m[2m✓[22m[39m uses the server-assigned arm and never asks the browser to choose one [33m 1549[2mms[22m[39m
2026-10-01T10:37:49.9664399Z  [32m✓[39m src/components/PlannerBlock.test.jsx [2m([22m[2m1 test[22m[2m)[22m[33m 444[2mms[22m[39m
2026-10-01T10:37:49.9666256Z      [33m[2m✓[22m[39m merges cross-round paraphrases while keeping the latest state and unique causes [33m 441[2mms[22m[39m
2026-10-01T10:37:51.0462363Z Not implemented: Window's getComputedStyle() method: with pseudo-elements
2026-10-01T10:37:51.1552457Z Not implemented: Window's getComputedStyle() method: with pseudo-elements
2026-10-01T10:37:51.6466276Z Not implemented: Window's getComputedStyle() method: with pseudo-elements
2026-10-01T10:37:51.7109776Z  [32m✓[39m src/components/FixVerificationPanel.test.jsx [2m([22m[2m3 tests[22m[2m)[22m[33m 1133[2mms[22m[39m
2026-10-01T10:37:51.7111365Z      [33m[2m✓[22m[39m shows an explicit unverified outcome when no repair records exist [33m 505[2mms[22m[39m
2026-10-01T10:37:51.7116775Z      [33m[2m✓[22m[39m does not mistake a load failure for an absent repair [33m 316[2mms[22m[39m
2026-10-01T10:37:51.7117989Z      [33m[2m✓[22m[39m renders past verification records [33m 309[2mms[22m[39m
2026-10-01T10:37:52.5713734Z  [32m✓[39m src/components/EvidenceCard.test.jsx [2m([22m[2m2 tests[22m[2m)[22m[33m 398[2mms[22m[39m
2026-10-01T10:37:52.5716713Z      [33m[2m✓[22m[39m uses Chinese evidence role, gate decision, tool and observation labels [33m 345[2mms[22m[39m
2026-10-01T10:37:52.7752167Z  [32m✓[39m src/utils/asyncProfiler.test.js [2m([22m[2m8 tests[22m[2m)[22m[32m 13[2mms[22m[39m
2026-10-01T10:37:54.2364268Z  [32m✓[39m src/components/SafeMarkdown.test.jsx [2m([22m[2m4 tests[22m[2m)[22m[32m 85[2mms[22m[39m
2026-10-01T10:37:54.3054757Z Not implemented: Window's getComputedStyle() method: with pseudo-elements
2026-10-01T10:37:54.4923488Z Not implemented: Window's getComputedStyle() method: with pseudo-elements
2026-10-01T10:37:54.5773351Z Not implemented: Window's getComputedStyle() method: with pseudo-elements
2026-10-01T10:37:55.0721802Z Not implemented: Window's getComputedStyle() method: with pseudo-elements
2026-10-01T10:37:55.1284340Z  [32m✓[39m src/pages/Schedules.test.jsx [2m([22m[2m3 tests[22m[2m)[22m[33m 1574[2mms[22m[39m
2026-10-01T10:37:55.1285800Z      [33m[2m✓[22m[39m renders the schedule list [33m 844[2mms[22m[39m
2026-10-01T10:37:55.1287261Z      [33m[2m✓[22m[39m opens the creation drawer from the primary action [33m 620[2mms[22m[39m
2026-10-01T10:37:55.4512364Z  [32m✓[39m src/utils/sysMetrics.test.js [2m([22m[2m3 tests[22m[2m)[22m[32m 5[2mms[22m[39m
2026-10-01T10:37:55.6032037Z  [32m✓[39m src/components/DiagnosisFinding.test.jsx [2m([22m[2m2 tests[22m[2m)[22m[33m 301[2mms[22m[39m
2026-10-01T10:37:56.6161992Z  [32m✓[39m src/utils/latsReplay.test.js [2m([22m[2m3 tests[22m[2m)[22m[32m 7[2mms[22m[39m
2026-10-01T10:37:56.6811899Z  [32m✓[39m src/utils/parseJsonPayload.test.js [2m([22m[2m2 tests[22m[2m)[22m[32m 6[2mms[22m[39m
2026-10-01T10:37:57.7695792Z  [32m✓[39m src/utils/agentMetrics.test.js [2m([22m[2m2 tests[22m[2m)[22m[32m 4[2mms[22m[39m
2026-10-01T10:37:57.7902040Z  [32m✓[39m src/utils/parseJsonOffMainThread.test.js [2m([22m[2m1 test[22m[2m)[22m[32m 9[2mms[22m[39m
2026-10-01T10:37:58.9445617Z  [32m✓[39m src/utils/diagnosisQuery.test.js [2m([22m[2m3 tests[22m[2m)[22m[32m 4[2mms[22m[39m
2026-10-01T10:37:59.4362740Z  [32m✓[39m src/components/DiagnosisCaseList.test.jsx [2m([22m[2m1 test[22m[2m)[22m[33m 721[2mms[22m[39m
2026-10-01T10:37:59.4402982Z      [33m[2m✓[22m[39m separates FULL_LATS frozen replay sessions from ordinary live diagnoses [33m 719[2mms[22m[39m
2026-10-01T10:38:00.2068086Z  [32m✓[39m src/utils/skillBenchmark.test.js [2m([22m[2m7 tests[22m[2m)[22m[32m 6[2mms[22m[39m
2026-10-01T10:38:00.4682000Z  [32m✓[39m src/utils/latsSearch.test.js [2m([22m[2m8 tests[22m[2m)[22m[32m 4[2mms[22m[39m
2026-10-01T10:38:00.6108262Z  [32m✓[39m src/components/StatusTag.test.jsx [2m([22m[2m2 tests[22m[2m)[22m[32m 194[2mms[22m[39m
2026-10-01T10:38:00.6140863Z 
2026-10-01T10:38:00.6145967Z [2m Test Files [22m [1m[32m47 passed[39m[22m[90m (47)[39m
2026-10-01T10:38:00.6147201Z [2m      Tests [22m [1m[32m289 passed[39m[22m[90m (289)[39m
2026-10-01T10:38:00.6147751Z [2m   Start at [22m 10:36:57
2026-10-01T10:38:00.6149180Z [2m   Duration [22m 62.69s[2m (transform 2.38s, setup 6.27s, import 76.26s, tests 58.83s, environment 38.06s)[22m
2026-10-01T10:38:00.6151025Z 
2026-10-01T10:38:00.6726010Z ##[group]Run npm run audit:prod
2026-10-01T10:38:00.6726378Z [36;1mnpm run audit:prod[0m
2026-10-01T10:38:00.6788696Z shell: /usr/bin/bash -e {0}
2026-10-01T10:38:00.6788927Z ##[endgroup]
2026-10-01T10:38:00.7632301Z 
2026-10-01T10:38:00.7632957Z > mini-drop-web@0.1.0 audit:prod
2026-10-01T10:38:00.7633613Z > npm audit --omit=dev --audit-level=high --registry=https://registry.npmjs.org
2026-10-01T10:38:00.7633901Z 
2026-10-01T10:38:01.1474081Z # npm audit report
2026-10-01T10:38:01.1474248Z 
2026-10-01T10:38:01.1474373Z dompurify  3.4.13 - 3.4.15
2026-10-01T10:38:01.1475106Z DOMPurify: IN_PLACE: node-removing afterSanitize hook leaves detached subtree event handlers armed, causing DOM XSS - https://github.com/advisories/GHSA-p98j-92pf-mc4p
2026-10-01T10:38:01.1475921Z fix available via `npm audit fix`
2026-10-01T10:38:01.1476162Z node_modules/dompurify
2026-10-01T10:38:01.1476286Z 
2026-10-01T10:38:01.1476393Z 1 low severity vulnerability
2026-10-01T10:38:01.1476528Z 
2026-10-01T10:38:01.1476687Z To address all issues, run:
2026-10-01T10:38:01.1476899Z   npm audit fix
2026-10-01T10:38:01.1635225Z ##[group]Run npm run build:check
2026-10-01T10:38:01.1635485Z [36;1mnpm run build:check[0m
2026-10-01T10:38:01.1699581Z shell: /usr/bin/bash -e {0}
2026-10-01T10:38:01.1699902Z ##[endgroup]
2026-10-01T10:38:01.2566302Z 
2026-10-01T10:38:01.2566920Z > mini-drop-web@0.1.0 build:check
2026-10-01T10:38:01.2567643Z > vite build && node ../scripts/check_web_bundle.mjs
2026-10-01T10:38:01.2568124Z 
2026-10-01T10:38:01.4331057Z [36mvite v8.2.2 [32mbuilding client environment for production...[36m[39m
2026-10-01T10:38:01.4422372Z transforming...
2026-10-01T10:38:01.9432501Z ✓ 4590 modules transformed.
2026-10-01T10:38:02.1151122Z rendering chunks...
2026-10-01T10:38:02.2971658Z computing gzip size...
2026-10-01T10:38:02.3100349Z dist/index.html                                0.79 kB │ gzip:   0.42 kB
2026-10-01T10:38:02.3100783Z dist/assets/parseJson.worker-mxB42-VK.js       0.83 kB
2026-10-01T10:38:02.3101272Z dist/assets/TaskResult-BAn5yWN7.css            0.32 kB │ gzip:   0.24 kB
2026-10-01T10:38:02.3101839Z dist/assets/flamegraph-VXIZzpiT.css            0.60 kB │ gzip:   0.32 kB
2026-10-01T10:38:02.3102322Z dist/assets/index-LYBKOQvt.css                 4.42 kB │ gzip:   1.55 kB
2026-10-01T10:38:02.3102804Z dist/assets/AIDiagnosis-CcybTxIP.css          83.81 kB │ gzip:  16.01 kB
2026-10-01T10:38:02.3103284Z dist/assets/ErrorAlert-BbdSBmqu.js             0.24 kB │ gzip:   0.19 kB
2026-10-01T10:38:02.3103767Z dist/assets/ArrowLeftOutlined-Dl5IxS0u.js      0.60 kB │ gzip:   0.44 kB
2026-10-01T10:38:02.3104260Z dist/assets/rolldown-runtime-B0Z9INg1.js       0.90 kB │ gzip:   0.51 kB
2026-10-01T10:38:02.3104757Z dist/assets/StatusTag-y51giYqr.js              2.03 kB │ gzip:   0.82 kB
2026-10-01T10:38:02.3105230Z dist/assets/agentMetrics-DZfYmLeS.js           2.25 kB │ gzip:   1.15 kB
2026-10-01T10:38:02.3105981Z dist/assets/AuditLogs-Dzk6Ggy_.js              3.90 kB │ gzip:   1.92 kB
2026-10-01T10:38:02.3106735Z dist/assets/row-D666Q8WS.js                    5.51 kB │ gzip:   2.24 kB
2026-10-01T10:38:02.3107487Z dist/assets/collectors-9W4-i_vQ.js             6.12 kB │ gzip:   1.78 kB
2026-10-01T10:38:02.3107953Z dist/assets/theme-CaWs9g39.js                  6.96 kB │ gzip:   2.98 kB
2026-10-01T10:38:02.3108415Z dist/assets/AgentDetail-B5j_OpDa.js            7.71 kB │ gzip:   3.16 kB
2026-10-01T10:38:02.3108886Z dist/assets/ThunderboltOutlined-BTdu8CMM.js   10.29 kB │ gzip:   4.08 kB
2026-10-01T10:38:02.3109352Z dist/assets/usePolling-DkXdbht2.js            16.17 kB │ gzip:   6.84 kB
2026-10-01T10:38:02.3109812Z dist/assets/Schedules-BkWokzwx.js             16.96 kB │ gzip:   5.69 kB
2026-10-01T10:38:02.3110452Z dist/assets/input-number-CLJSQNH5.js          23.73 kB │ gzip:   8.20 kB
2026-10-01T10:38:02.3110911Z dist/assets/modal-BeHfaQx2.js                 27.89 kB │ gzip:   9.26 kB
2026-10-01T10:38:02.3111578Z dist/assets/TaskResult-C1KN2K3a.js            29.62 kB │ gzip:  10.79 kB
2026-10-01T10:38:02.3112360Z dist/assets/d3-OVqjLuRP.js                    36.91 kB │ gzip:  12.52 kB
2026-10-01T10:38:02.3112950Z dist/assets/PlayCircleOutlined-B8PrLZuE.js    37.49 kB │ gzip:  12.82 kB
2026-10-01T10:38:02.3113417Z dist/assets/axios-B0fvnqBc.js                 49.95 kB │ gzip:  18.75 kB
2026-10-01T10:38:02.3113879Z dist/assets/Dashboard-RSRP75e2.js             50.48 kB │ gzip:  16.61 kB
2026-10-01T10:38:02.3114345Z dist/assets/flamegraph-CSYLKD5W.js            96.97 kB │ gzip:  32.80 kB
2026-10-01T10:38:02.3114798Z dist/assets/index-VnxlmT0X.js                110.95 kB │ gzip:  38.29 kB
2026-10-01T10:38:02.3115244Z dist/assets/react-C8_Uech3.js                178.38 kB │ gzip:  58.94 kB
2026-10-01T10:38:02.3116138Z dist/assets/table-BFBIRDhe.js                343.46 kB │ gzip: 105.31 kB
2026-10-01T10:38:02.3116721Z dist/assets/client-CQMs5d6D.js               375.37 kB │ gzip: 120.19 kB
2026-10-01T10:38:02.3117339Z dist/assets/SafeMarkdown-DB016J2D.js         389.11 kB │ gzip: 122.02 kB
2026-10-01T10:38:02.3117946Z dist/assets/AIDiagnosis-BQ1-Ag4o.js          418.52 kB │ gzip: 132.71 kB
2026-10-01T10:38:02.3118767Z dist/assets/echarts-JZYO_Qfq.js              612.21 kB │ gzip: 206.37 kB
2026-10-01T10:38:02.3119052Z 
2026-10-01T10:38:02.3119337Z [33m[plugin builtin:vite-reporter] 
2026-10-01T10:38:02.3119797Z (!) Some chunks are larger than 600 kB after minification. Consider:
2026-10-01T10:38:02.3120394Z - Using dynamic import() to code-split the application
2026-10-01T10:38:02.3121210Z - Use build.rolldownOptions.output.codeSplitting to improve chunking: https://rolldown.rs/reference/OutputOptions.codeSplitting
2026-10-01T10:38:02.3122180Z - Adjust chunk size limit for this warning via build.chunkSizeWarningLimit.[39m
2026-10-01T10:38:02.3122663Z [32m✓ built in 876ms[39m
2026-10-01T10:38:02.3666222Z web bundle check passed: entry 698.8 KiB across 5 files; largest chunk echarts-JZYO_Qfq.js 597.9 KiB
2026-10-01T10:38:02.3844412Z Post job cleanup.
2026-10-01T10:38:02.4948048Z (node:2473) [DEP0040] DeprecationWarning: The `punycode` module is deprecated. Please use a userland alternative instead.
2026-10-01T10:38:02.4949249Z (Use `node --trace-deprecation ...` to show where the warning was created)
2026-10-01T10:38:02.4950913Z Cache hit occurred on the primary key node-cache-Linux-x64-npm-a79428a48f53c819bdf3224c6f533bf526ae1b21f28f4ee918b0bcba5121d960, not saving cache.
2026-10-01T10:38:02.5105314Z Post job cleanup.
2026-10-01T10:38:02.5842437Z [command]/usr/bin/git version
2026-10-01T10:38:02.5881204Z git version 2.55.0
2026-10-01T10:38:02.5910357Z Temporarily overriding HOME='/home/runner/work/_temp/0a9e9b27-7050-49f8-b887-d2b4728cd5a0' before making global git config changes
2026-10-01T10:38:02.5911615Z Adding repository directory to the temporary git global config as a safe directory
2026-10-01T10:38:02.5915109Z [command]/usr/bin/git config --global --add safe.directory /home/runner/work/mini-drop/mini-drop
2026-10-01T10:38:02.5950393Z [command]/usr/bin/git config --local --name-only --get-regexp core\.sshCommand
2026-10-01T10:38:02.5981687Z [command]/usr/bin/git submodule foreach --recursive sh -c "git config --local --name-only --get-regexp 'core\.sshCommand' && git config --local --unset-all 'core.sshCommand' || :"
2026-10-01T10:38:02.6227568Z [command]/usr/bin/git config --local --name-only --get-regexp http\.https\:\/\/github\.com\/\.extraheader
2026-10-01T10:38:02.6253424Z http.https://github.com/.extraheader
2026-10-01T10:38:02.6262463Z [command]/usr/bin/git config --local --unset-all http.https://github.com/.extraheader
2026-10-01T10:38:02.6297086Z [command]/usr/bin/git submodule foreach --recursive sh -c "git config --local --name-only --get-regexp 'http\.https\:\/\/github\.com\/\.extraheader' && git config --local --unset-all 'http.https://github.com/.extraheader' || :"
2026-10-01T10:38:02.6544960Z [command]/usr/bin/git config --local --name-only --get-regexp ^includeIf\.gitdir:
2026-10-01T10:38:02.6580773Z [command]/usr/bin/git submodule foreach --recursive git config --local --show-origin --name-only --get-regexp remote.origin.url
2026-10-01T10:38:02.6943076Z Cleaning up orphan processes
2026-10-01T10:38:02.7217494Z ##[warning]Node.js 20 is deprecated. The following actions target Node.js 20 but are being forced to run on Node.js 24: actions/checkout@v4, actions/setup-node@v4. For more information see: https://github.blog/changelog/2025-09-19-deprecation-of-node-20-on-github-actions-runners/
