2026-10-02T08:47:18.8608240Z Current runner version: '2.337.0'
2026-10-02T08:47:18.8637344Z ##[group]Runner Image Provisioner
2026-10-02T08:47:18.8638330Z Hosted Compute Agent
2026-10-02T08:47:18.8639231Z Version: 20260901.588
2026-10-02T08:47:18.8639966Z Commit: f88ec8081b781fac6c440065ac7ff9e710ce3d0b
2026-10-02T08:47:18.8640683Z Build Date: 2026-09-01T19:56:44Z
2026-10-02T08:47:18.8641400Z Worker ID: {05218d76-a461-4e37-9ca9-8542cc246f86}
2026-10-02T08:47:18.8642242Z Azure Region: centralus
2026-10-02T08:47:18.8642909Z ##[endgroup]
2026-10-02T08:47:18.8644583Z ##[group]Operating System
2026-10-02T08:47:18.8645264Z Ubuntu
2026-10-02T08:47:18.8645799Z 22.04.5
2026-10-02T08:47:18.8646368Z LTS
2026-10-02T08:47:18.8646891Z ##[endgroup]
2026-10-02T08:47:18.8647489Z ##[group]Runner Image
2026-10-02T08:47:18.8648160Z Image: ubuntu-22.04
2026-10-02T08:47:18.8648989Z Version: 20260927.309.1
2026-10-02T08:47:18.8650447Z Included Software: https://github.com/actions/runner-images/blob/ubuntu22/20260927.309/images/ubuntu/Ubuntu2204-Readme.md
2026-10-02T08:47:18.8652061Z Image Release: https://github.com/actions/runner-images/releases/tag/ubuntu22%2F20260927.309
2026-10-02T08:47:18.8653104Z ##[endgroup]
2026-10-02T08:47:18.8654341Z ##[group]GITHUB_TOKEN Permissions
2026-10-02T08:47:18.8657057Z Contents: read
2026-10-02T08:47:18.8657714Z Metadata: read
2026-10-02T08:47:18.8658718Z ##[endgroup]
2026-10-02T08:47:18.8661071Z Secret source: Actions
2026-10-02T08:47:18.8662136Z Cache mode: write
2026-10-02T08:47:18.8662885Z Prepare workflow directory
2026-10-02T08:47:18.8996040Z Prepare all required actions
2026-10-02T08:47:18.9036956Z Getting action download info
2026-10-02T08:47:19.1840621Z Download action repository 'actions/checkout@v4' (SHA:11d5960a326750d5838078e36cf38b85af677262)
2026-10-02T08:47:19.3512973Z Download action repository 'actions/setup-python@v5' (SHA:a26af69be951a213d495a4c3e4e4022e16d87065)
2026-10-02T08:47:20.0007867Z Download action repository 'actions/upload-artifact@v4' (SHA:ea165f8d65b6e75b540449e92b4886f43607fa02)
2026-10-02T08:47:20.9730471Z Complete job name: Exact Git core stack, mTLS and real Agent artifact
2026-10-02T08:47:21.0443817Z ##[group]Run actions/checkout@v4
2026-10-02T08:47:21.0445050Z with:
2026-10-02T08:47:21.0445907Z   persist-credentials: false
2026-10-02T08:47:21.0446925Z   repository: llongwang751-arch/mini-drop
2026-10-02T08:47:21.0453848Z   token: ***
2026-10-02T08:47:21.0454727Z   ssh-strict: true
2026-10-02T08:47:21.0455576Z   ssh-user: git
2026-10-02T08:47:21.0456365Z   clean: true
2026-10-02T08:47:21.0457206Z   sparse-checkout-cone-mode: true
2026-10-02T08:47:21.0458177Z   fetch-depth: 1
2026-10-02T08:47:21.0459094Z   fetch-tags: false
2026-10-02T08:47:21.0459929Z   show-progress: true
2026-10-02T08:47:21.0460913Z   lfs: false
2026-10-02T08:47:21.0461742Z   submodules: false
2026-10-02T08:47:21.0462588Z   set-safe-directory: true
2026-10-02T08:47:21.0463579Z   allow-unsafe-pr-checkout: false
2026-10-02T08:47:21.0464783Z ##[endgroup]
2026-10-02T08:47:21.1346913Z Syncing repository: llongwang751-arch/mini-drop
2026-10-02T08:47:21.1350446Z ##[group]Getting Git version info
2026-10-02T08:47:21.1351923Z Working directory is '/home/runner/work/mini-drop/mini-drop'
2026-10-02T08:47:21.1353951Z [command]/usr/bin/git version
2026-10-02T08:47:21.1365431Z git version 2.55.0
2026-10-02T08:47:21.1413477Z ##[endgroup]
2026-10-02T08:47:21.1425021Z Temporarily overriding HOME='/home/runner/work/_temp/c5d4bb1f-67bb-4a39-b8a5-8c6193a20538' before making global git config changes
2026-10-02T08:47:21.1428656Z Adding repository directory to the temporary git global config as a safe directory
2026-10-02T08:47:21.1432657Z [command]/usr/bin/git config --global --add safe.directory /home/runner/work/mini-drop/mini-drop
2026-10-02T08:47:21.2010078Z Deleting the contents of '/home/runner/work/mini-drop/mini-drop'
2026-10-02T08:47:21.2016109Z ##[group]Initializing the repository
2026-10-02T08:47:21.2020535Z [command]/usr/bin/git init /home/runner/work/mini-drop/mini-drop
2026-10-02T08:47:21.3106243Z hint: Using 'master' as the name for the initial branch. This default branch name
2026-10-02T08:47:21.3109794Z hint: will change to "main" in Git 3.0. To configure the initial branch name
2026-10-02T08:47:21.3111437Z hint: to use in all of your new repositories, which will suppress this warning,
2026-10-02T08:47:21.3112951Z hint: call:
2026-10-02T08:47:21.3113828Z hint:
2026-10-02T08:47:21.3114800Z hint: 	git config --global init.defaultBranch <name>
2026-10-02T08:47:21.3115901Z hint:
2026-10-02T08:47:21.3117015Z hint: Names commonly chosen instead of 'master' are 'main', 'trunk' and
2026-10-02T08:47:21.3118817Z hint: 'development'. The just-created branch can be renamed via this command:
2026-10-02T08:47:21.3120313Z hint:
2026-10-02T08:47:21.3121232Z hint: 	git branch -m <name>
2026-10-02T08:47:21.3122353Z hint:
2026-10-02T08:47:21.3123822Z hint: Disable this message with "git config set advice.defaultBranchName false"
2026-10-02T08:47:21.3126087Z Initialized empty Git repository in /home/runner/work/mini-drop/mini-drop/.git/
2026-10-02T08:47:21.3130010Z [command]/usr/bin/git remote add origin https://github.com/llongwang751-arch/mini-drop
2026-10-02T08:47:21.3715627Z ##[endgroup]
2026-10-02T08:47:21.3717378Z ##[group]Disabling automatic garbage collection
2026-10-02T08:47:21.3719015Z [command]/usr/bin/git config --local gc.auto 0
2026-10-02T08:47:21.4301004Z ##[endgroup]
2026-10-02T08:47:21.4302249Z ##[group]Setting up auth
2026-10-02T08:47:21.4307800Z [command]/usr/bin/git config --local --name-only --get-regexp core\.sshCommand
2026-10-02T08:47:21.4339126Z [command]/usr/bin/git submodule foreach --recursive sh -c "git config --local --name-only --get-regexp 'core\.sshCommand' && git config --local --unset-all 'core.sshCommand' || :"
2026-10-02T08:47:21.4599367Z [command]/usr/bin/git config --local --name-only --get-regexp http\.https\:\/\/github\.com\/\.extraheader
2026-10-02T08:47:21.4625046Z [command]/usr/bin/git submodule foreach --recursive sh -c "git config --local --name-only --get-regexp 'http\.https\:\/\/github\.com\/\.extraheader' && git config --local --unset-all 'http.https://github.com/.extraheader' || :"
2026-10-02T08:47:21.4795667Z [command]/usr/bin/git config --local --name-only --get-regexp ^includeIf\.gitdir:
2026-10-02T08:47:21.4821950Z [command]/usr/bin/git submodule foreach --recursive git config --local --show-origin --name-only --get-regexp remote.origin.url
2026-10-02T08:47:21.4991934Z [command]/usr/bin/git config --local http.https://github.com/.extraheader AUTHORIZATION: basic ***
2026-10-02T08:47:21.6084703Z ##[endgroup]
2026-10-02T08:47:21.6086578Z ##[group]Fetching the repository
2026-10-02T08:47:21.6094850Z [command]/usr/bin/git -c protocol.version=2 fetch --no-tags --prune --no-recurse-submodules --depth=1 origin +11143452ae4062491ba619890ddc48e579a3f364:refs/remotes/pull/1/merge
2026-10-02T08:47:28.6551341Z From https://github.com/llongwang751-arch/mini-drop
2026-10-02T08:47:28.6552109Z  * [new ref]         11143452ae4062491ba619890ddc48e579a3f364 -> pull/1/merge
2026-10-02T08:47:28.6554510Z ##[endgroup]
2026-10-02T08:47:28.6555039Z ##[group]Determining the checkout info
2026-10-02T08:47:28.6557551Z ##[endgroup]
2026-10-02T08:47:28.6565763Z [command]/usr/bin/git sparse-checkout disable
2026-10-02T08:47:28.6607100Z [command]/usr/bin/git config --local --unset-all extensions.worktreeConfig
2026-10-02T08:47:28.6645459Z ##[group]Checking out the ref
2026-10-02T08:47:28.6649204Z [command]/usr/bin/git checkout --progress --force refs/remotes/pull/1/merge
2026-10-02T08:47:29.6732052Z Updating files:  76% (3341/4368)
2026-10-02T08:47:29.6749126Z Updating files:  77% (3364/4368)
2026-10-02T08:47:29.6757736Z Updating files:  78% (3408/4368)
2026-10-02T08:47:29.6777543Z Updating files:  79% (3451/4368)
2026-10-02T08:47:29.6794147Z Updating files:  80% (3495/4368)
2026-10-02T08:47:29.6809459Z Updating files:  81% (3539/4368)
2026-10-02T08:47:29.6843549Z Updating files:  82% (3582/4368)
2026-10-02T08:47:29.6860434Z Updating files:  83% (3626/4368)
2026-10-02T08:47:29.6882493Z Updating files:  84% (3670/4368)
2026-10-02T08:47:29.6935624Z Updating files:  85% (3713/4368)
2026-10-02T08:47:29.6978129Z Updating files:  86% (3757/4368)
2026-10-02T08:47:29.7021928Z Updating files:  87% (3801/4368)
2026-10-02T08:47:29.7044123Z Updating files:  88% (3844/4368)
2026-10-02T08:47:29.7071517Z Updating files:  89% (3888/4368)
2026-10-02T08:47:29.7095289Z Updating files:  90% (3932/4368)
2026-10-02T08:47:29.7133533Z Updating files:  91% (3975/4368)
2026-10-02T08:47:29.7149366Z Updating files:  92% (4019/4368)
2026-10-02T08:47:29.7168979Z Updating files:  93% (4063/4368)
2026-10-02T08:47:29.7187263Z Updating files:  94% (4106/4368)
2026-10-02T08:47:29.7210413Z Updating files:  95% (4150/4368)
2026-10-02T08:47:29.7331772Z Updating files:  96% (4194/4368)
2026-10-02T08:47:29.7351250Z Updating files:  97% (4237/4368)
2026-10-02T08:47:29.7374575Z Updating files:  98% (4281/4368)
2026-10-02T08:47:29.7395164Z Updating files:  99% (4325/4368)
2026-10-02T08:47:29.7395722Z Updating files: 100% (4368/4368)
2026-10-02T08:47:29.7396171Z Updating files: 100% (4368/4368), done.
2026-10-02T08:47:29.7471049Z Note: switching to 'refs/remotes/pull/1/merge'.
2026-10-02T08:47:29.7471424Z 
2026-10-02T08:47:29.7471906Z You are in 'detached HEAD' state. You can look around, make experimental
2026-10-02T08:47:29.7472545Z changes and commit them, and you can discard any commits you make in this
2026-10-02T08:47:29.7473194Z state without impacting any branches by switching back to a branch.
2026-10-02T08:47:29.7473630Z 
2026-10-02T08:47:29.7474002Z If you want to create a new branch to retain commits you create, you may
2026-10-02T08:47:29.7474676Z do so (now or later) by using -c with the switch command. Example:
2026-10-02T08:47:29.7475022Z 
2026-10-02T08:47:29.7475363Z   git switch -c <new-branch-name>
2026-10-02T08:47:29.7475810Z 
2026-10-02T08:47:29.7475988Z Or undo this operation with:
2026-10-02T08:47:29.7476284Z 
2026-10-02T08:47:29.7476424Z   git switch -
2026-10-02T08:47:29.7476605Z 
2026-10-02T08:47:29.7476900Z Turn off this advice by setting config variable advice.detachedHead to false
2026-10-02T08:47:29.7477301Z 
2026-10-02T08:47:29.7477901Z HEAD is now at 1114345 Merge 28f898ce22e24e9b071af762495fad1a5c65b205 into 609ea8a73f845b496b59b5cae181f515c5919850
2026-10-02T08:47:29.7528326Z ##[endgroup]
2026-10-02T08:47:29.7563897Z [command]/usr/bin/git log -1 --format=%H
2026-10-02T08:47:29.7584269Z 11143452ae4062491ba619890ddc48e579a3f364
2026-10-02T08:47:29.7593197Z ##[group]Removing auth
2026-10-02T08:47:29.7596561Z [command]/usr/bin/git config --local --name-only --get-regexp core\.sshCommand
2026-10-02T08:47:29.7627532Z [command]/usr/bin/git submodule foreach --recursive sh -c "git config --local --name-only --get-regexp 'core\.sshCommand' && git config --local --unset-all 'core.sshCommand' || :"
2026-10-02T08:47:29.7802327Z [command]/usr/bin/git config --local --name-only --get-regexp http\.https\:\/\/github\.com\/\.extraheader
2026-10-02T08:47:29.7820969Z http.https://github.com/.extraheader
2026-10-02T08:47:29.7826965Z [command]/usr/bin/git config --local --unset-all http.https://github.com/.extraheader
2026-10-02T08:47:29.7853658Z [command]/usr/bin/git submodule foreach --recursive sh -c "git config --local --name-only --get-regexp 'http\.https\:\/\/github\.com\/\.extraheader' && git config --local --unset-all 'http.https://github.com/.extraheader' || :"
2026-10-02T08:47:29.8022039Z [command]/usr/bin/git config --local --name-only --get-regexp ^includeIf\.gitdir:
2026-10-02T08:47:29.8045818Z [command]/usr/bin/git submodule foreach --recursive git config --local --show-origin --name-only --get-regexp remote.origin.url
2026-10-02T08:47:29.8213649Z ##[endgroup]
2026-10-02T08:47:29.8435500Z ##[group]Run actions/setup-python@v5
2026-10-02T08:47:29.8435848Z with:
2026-10-02T08:47:29.8436097Z   python-version: 3.11
2026-10-02T08:47:29.8436385Z   check-latest: false
2026-10-02T08:47:29.8438322Z   token: ***
2026-10-02T08:47:29.8438842Z   update-environment: true
2026-10-02T08:47:29.8439122Z   allow-prereleases: false
2026-10-02T08:47:29.8439385Z   freethreaded: false
2026-10-02T08:47:29.8439787Z ##[endgroup]
2026-10-02T08:47:29.9535749Z ##[group]Installed versions
2026-10-02T08:47:29.9611145Z (node:1909) [DEP0040] DeprecationWarning: The `punycode` module is deprecated. Please use a userland alternative instead.
2026-10-02T08:47:29.9612428Z (Use `node --trace-deprecation ...` to show where the warning was created)
2026-10-02T08:47:29.9612949Z Successfully set up CPython (3.11.16)
2026-10-02T08:47:29.9613569Z ##[endgroup]
2026-10-02T08:47:29.9758174Z ##[group]Run python -m pip install 'PyYAML>=6,<7' 'pytest>=8,<9'
2026-10-02T08:47:29.9759266Z [36;1mpython -m pip install 'PyYAML>=6,<7' 'pytest>=8,<9'[0m
2026-10-02T08:47:29.9760243Z [36;1mpython -m pytest --noconftest tests/test_clean_stack_acceptance.py -q --junitxml=output/quality/clean-stack-gates.xml[0m
2026-10-02T08:47:30.0053917Z shell: /usr/bin/bash -e {0}
2026-10-02T08:47:30.0054267Z env:
2026-10-02T08:47:30.0054601Z   pythonLocation: /opt/hostedtoolcache/Python/3.11.16/x64
2026-10-02T08:47:30.0055079Z   PKG_CONFIG_PATH: /opt/hostedtoolcache/Python/3.11.16/x64/lib/pkgconfig
2026-10-02T08:47:30.0055522Z   Python_ROOT_DIR: /opt/hostedtoolcache/Python/3.11.16/x64
2026-10-02T08:47:30.0055904Z   Python2_ROOT_DIR: /opt/hostedtoolcache/Python/3.11.16/x64
2026-10-02T08:47:30.0056284Z   Python3_ROOT_DIR: /opt/hostedtoolcache/Python/3.11.16/x64
2026-10-02T08:47:30.0056676Z   LD_LIBRARY_PATH: /opt/hostedtoolcache/Python/3.11.16/x64/lib
2026-10-02T08:47:30.0057016Z ##[endgroup]
2026-10-02T08:47:31.7176968Z Collecting PyYAML<7,>=6
2026-10-02T08:47:31.7990453Z   Downloading pyyaml-6.0.3-cp311-cp311-manylinux2014_x86_64.manylinux_2_17_x86_64.manylinux_2_28_x86_64.whl.metadata (2.4 kB)
2026-10-02T08:47:31.8411888Z Collecting pytest<9,>=8
2026-10-02T08:47:31.8512285Z   Downloading pytest-8.4.2-py3-none-any.whl.metadata (7.7 kB)
2026-10-02T08:47:31.8689723Z Collecting iniconfig>=1 (from pytest<9,>=8)
2026-10-02T08:47:31.8790021Z   Downloading iniconfig-2.3.0-py3-none-any.whl.metadata (2.5 kB)
2026-10-02T08:47:31.9032703Z Collecting packaging>=20 (from pytest<9,>=8)
2026-10-02T08:47:31.9134046Z   Downloading packaging-26.3-py3-none-any.whl.metadata (3.5 kB)
2026-10-02T08:47:31.9330131Z Collecting pluggy<2,>=1.5 (from pytest<9,>=8)
2026-10-02T08:47:31.9432916Z   Downloading pluggy-1.6.0-py3-none-any.whl.metadata (4.8 kB)
2026-10-02T08:47:31.9663649Z Collecting pygments>=2.7.2 (from pytest<9,>=8)
2026-10-02T08:47:31.9762522Z   Downloading pygments-2.21.0-py3-none-any.whl.metadata (2.5 kB)
2026-10-02T08:47:31.9900009Z Downloading pyyaml-6.0.3-cp311-cp311-manylinux2014_x86_64.manylinux_2_17_x86_64.manylinux_2_28_x86_64.whl (806 kB)
2026-10-02T08:47:32.0320677Z    ━━━━━━━━━━━━━━━━━━━━━━━━━━━━━━━━━━━━━━━━ 806.6/806.6 kB 36.4 MB/s  0:00:00
2026-10-02T08:47:32.0422278Z Downloading pytest-8.4.2-py3-none-any.whl (365 kB)
2026-10-02T08:47:32.0557032Z Downloading pluggy-1.6.0-py3-none-any.whl (20 kB)
2026-10-02T08:47:32.0674413Z Downloading iniconfig-2.3.0-py3-none-any.whl (7.5 kB)
2026-10-02T08:47:32.0794712Z Downloading packaging-26.3-py3-none-any.whl (129 kB)
2026-10-02T08:47:32.0921771Z Downloading pygments-2.21.0-py3-none-any.whl (1.3 MB)
2026-10-02T08:47:32.1067552Z    ━━━━━━━━━━━━━━━━━━━━━━━━━━━━━━━━━━━━━━━━ 1.3/1.3 MB 79.9 MB/s  0:00:00
2026-10-02T08:47:32.2641641Z Installing collected packages: PyYAML, pygments, pluggy, packaging, iniconfig, pytest
2026-10-02T08:47:32.9676608Z 
2026-10-02T08:47:32.9685035Z Successfully installed PyYAML-6.0.3 iniconfig-2.3.0 packaging-26.3 pluggy-1.6.0 pygments-2.21.0 pytest-8.4.2
2026-10-02T08:47:34.1376299Z ........................................................................ [ 82%]
2026-10-02T08:47:34.1737780Z ...............                                                          [100%]
2026-10-02T08:47:34.1738647Z - generated xml file: /home/runner/work/mini-drop/mini-drop/output/quality/clean-stack-gates.xml -
2026-10-02T08:47:34.1739300Z 87 passed in 0.66s
2026-10-02T08:47:34.2045521Z ##[group]Run python scripts/verify_clean_stack.py --expected-head '11143452ae4062491ba619890ddc48e579a3f364' --output output/quality/clean-stack
2026-10-02T08:47:34.2046537Z [36;1mpython scripts/verify_clean_stack.py --expected-head '11143452ae4062491ba619890ddc48e579a3f364' --output output/quality/clean-stack[0m
2026-10-02T08:47:34.2083701Z shell: /usr/bin/bash -e {0}
2026-10-02T08:47:34.2084027Z env:
2026-10-02T08:47:34.2084332Z   pythonLocation: /opt/hostedtoolcache/Python/3.11.16/x64
2026-10-02T08:47:34.2084783Z   PKG_CONFIG_PATH: /opt/hostedtoolcache/Python/3.11.16/x64/lib/pkgconfig
2026-10-02T08:47:34.2085191Z   Python_ROOT_DIR: /opt/hostedtoolcache/Python/3.11.16/x64
2026-10-02T08:47:34.2085977Z   Python2_ROOT_DIR: /opt/hostedtoolcache/Python/3.11.16/x64
2026-10-02T08:47:34.2086399Z   Python3_ROOT_DIR: /opt/hostedtoolcache/Python/3.11.16/x64
2026-10-02T08:47:34.2086817Z   LD_LIBRARY_PATH: /opt/hostedtoolcache/Python/3.11.16/x64/lib
2026-10-02T08:47:34.2087246Z ##[endgroup]
2026-10-02T08:47:34.2717052Z clean-stack: preflight
2026-10-02T08:47:34.2737507Z clean-stack command 1 completed in 0.0s
2026-10-02T08:47:34.9995761Z clean-stack command 2 completed in 0.7s
2026-10-02T08:47:35.0013963Z clean-stack command 3 completed in 0.0s
2026-10-02T08:47:35.1760977Z clean-stack command 4 completed in 0.2s
2026-10-02T08:47:35.2258708Z clean-stack command 5 completed in 0.0s
2026-10-02T08:47:35.2385960Z clean-stack command 6 completed in 0.0s
2026-10-02T08:47:35.2508818Z clean-stack command 7 completed in 0.0s
2026-10-02T08:47:35.2629447Z clean-stack command 8 completed in 0.0s
2026-10-02T08:47:35.2645473Z clean-stack: configuration
2026-10-02T08:47:37.9046917Z clean-stack command 9 completed in 2.6s
2026-10-02T08:47:37.9112659Z clean-stack command 10 completed in 0.0s
2026-10-02T08:47:37.9171123Z clean-stack command 11 completed in 0.0s
2026-10-02T08:47:37.9225447Z clean-stack command 12 completed in 0.0s
2026-10-02T08:47:37.9277523Z clean-stack command 13 completed in 0.0s
2026-10-02T08:47:38.0183668Z clean-stack command 14 completed in 0.1s
2026-10-02T08:47:38.0221753Z clean-stack: build
2026-10-02T08:47:38.0355306Z clean-stack command 15 completed in 0.0s
2026-10-02T08:50:34.3045336Z clean-stack command 16 completed in 176.3s
2026-10-02T08:50:34.3178870Z clean-stack command 17 completed in 0.0s
2026-10-02T08:51:08.2104917Z clean-stack command 18 completed in 33.9s
2026-10-02T08:51:08.2240206Z clean-stack command 19 completed in 0.0s
2026-10-02T08:51:53.0453512Z clean-stack command 20 completed in 44.8s
2026-10-02T08:51:53.0590041Z clean-stack command 21 completed in 0.0s
2026-10-02T08:52:46.8071277Z clean-stack command 22 completed in 53.7s
2026-10-02T08:52:46.8207476Z clean-stack command 23 completed in 0.0s
2026-10-02T08:53:52.0409388Z clean-stack command 24 completed in 65.2s
2026-10-02T08:53:52.0546590Z clean-stack command 25 completed in 0.0s
2026-10-02T08:54:05.0392763Z clean-stack command 26 completed in 13.0s
2026-10-02T08:54:05.0532602Z clean-stack command 27 completed in 0.0s
2026-10-02T08:54:07.0376022Z clean-stack command 28 completed in 2.0s
2026-10-02T08:54:12.8815509Z clean-stack command 29 completed in 5.8s
2026-10-02T08:54:12.8962224Z clean-stack command 30 completed in 0.0s
2026-10-02T08:54:12.9087596Z clean-stack command 31 completed in 0.0s
2026-10-02T08:54:12.9208035Z clean-stack command 32 completed in 0.0s
2026-10-02T08:54:12.9328879Z clean-stack command 33 completed in 0.0s
2026-10-02T08:54:12.9451077Z clean-stack command 34 completed in 0.0s
2026-10-02T08:54:12.9565299Z clean-stack command 35 completed in 0.0s
2026-10-02T08:54:12.9679254Z clean-stack command 36 completed in 0.0s
2026-10-02T08:54:12.9801004Z clean-stack command 37 completed in 0.0s
2026-10-02T08:54:12.9911127Z clean-stack command 38 completed in 0.0s
2026-10-02T08:54:13.0020673Z clean-stack command 39 completed in 0.0s
2026-10-02T08:54:13.0033418Z clean-stack: start
2026-10-02T08:54:47.8197358Z clean-stack command 40 completed in 34.8s
2026-10-02T08:54:47.8395395Z clean-stack command 41 completed in 0.0s
2026-10-02T08:54:47.8605419Z clean-stack command 42 completed in 0.0s
2026-10-02T08:54:50.8763329Z clean-stack command 43 completed in 0.0s
2026-10-02T08:54:50.8948345Z clean-stack command 44 completed in 0.0s
2026-10-02T08:54:53.9127778Z clean-stack command 45 completed in 0.0s
2026-10-02T08:54:53.9327906Z clean-stack command 46 completed in 0.0s
2026-10-02T08:54:56.9498578Z clean-stack command 47 completed in 0.0s
2026-10-02T08:54:56.9686888Z clean-stack command 48 completed in 0.0s
2026-10-02T08:54:59.9842812Z clean-stack command 49 completed in 0.0s
2026-10-02T08:55:00.0030231Z clean-stack command 50 completed in 0.0s
2026-10-02T08:55:00.0623585Z clean-stack command 51 completed in 0.1s
2026-10-02T08:55:00.3689772Z clean-stack command 52 completed in 0.3s
2026-10-02T08:55:00.4744423Z clean-stack command 53 completed in 0.1s
2026-10-02T08:55:00.4771969Z clean-stack: migration
2026-10-02T08:55:00.5844087Z clean-stack command 54 completed in 0.1s
2026-10-02T08:55:00.5887877Z clean-stack: heartbeat
2026-10-02T08:55:03.6018115Z clean-stack: task
2026-10-02T08:55:03.6153894Z clean-stack command 55 completed in 0.0s
2026-10-02T08:55:03.6785569Z clean-stack command 56 completed in 0.1s
2026-10-02T08:55:03.6915262Z clean-stack command 57 completed in 0.0s
2026-10-02T08:55:18.7257656Z clean-stack: artifacts
2026-10-02T08:55:18.8437398Z clean-stack command 58 completed in 0.1s
2026-10-02T08:55:18.8567510Z clean-stack command 59 completed in 0.0s
2026-10-02T08:55:18.9165670Z clean-stack command 60 completed in 0.1s
2026-10-02T08:55:18.9292634Z clean-stack command 61 completed in 0.0s
2026-10-02T08:55:19.0373775Z clean-stack command 62 completed in 0.1s
2026-10-02T08:55:19.0385129Z clean-stack: readonly
2026-10-02T08:55:19.0538865Z clean-stack command 63 completed in 0.0s
2026-10-02T08:55:19.0661205Z clean-stack command 64 completed in 0.0s
2026-10-02T08:55:19.1501493Z clean-stack command 65 completed in 0.1s
2026-10-02T08:55:19.1505863Z clean-stack: cleanup
2026-10-02T08:55:19.1652713Z clean-stack command 66 completed in 0.0s
2026-10-02T08:55:19.1843931Z clean-stack command 67 completed in 0.0s
2026-10-02T08:55:34.3404234Z clean-stack command 68 completed in 15.2s
2026-10-02T08:55:34.4186259Z clean-stack command 69 completed in 0.1s
2026-10-02T08:55:34.4326872Z clean-stack command 70 completed in 0.0s
2026-10-02T08:55:34.4474252Z clean-stack command 71 completed in 0.0s
2026-10-02T08:55:34.5601106Z clean-stack command 72 completed in 0.1s
2026-10-02T08:55:34.5720855Z clean-stack command 73 completed in 0.0s
2026-10-02T08:55:34.5835161Z clean-stack command 74 completed in 0.0s
2026-10-02T08:55:34.5934548Z clean-stack command 75 completed in 0.0s
2026-10-02T08:55:34.5960998Z {"status": "PASSED", "report": "/home/runner/work/mini-drop/mini-drop/output/quality/clean-stack/report.json", "failure": null}
2026-10-02T08:55:34.6164406Z ##[group]Run actions/upload-artifact@v4
2026-10-02T08:55:34.6164741Z with:
2026-10-02T08:55:34.6165076Z   name: clean-core-stack-11143452ae4062491ba619890ddc48e579a3f364-1
2026-10-02T08:55:34.6165603Z   path: output/quality/clean-stack/
output/quality/clean-stack-gates.xml

2026-10-02T08:55:34.6165982Z   if-no-files-found: error
2026-10-02T08:55:34.6166244Z   retention-days: 14
2026-10-02T08:55:34.6166536Z   compression-level: 6
2026-10-02T08:55:34.6166785Z   overwrite: false
2026-10-02T08:55:34.6167062Z   include-hidden-files: false
2026-10-02T08:55:34.6167308Z env:
2026-10-02T08:55:34.6167575Z   pythonLocation: /opt/hostedtoolcache/Python/3.11.16/x64
2026-10-02T08:55:34.6168049Z   PKG_CONFIG_PATH: /opt/hostedtoolcache/Python/3.11.16/x64/lib/pkgconfig
2026-10-02T08:55:34.6168672Z   Python_ROOT_DIR: /opt/hostedtoolcache/Python/3.11.16/x64
2026-10-02T08:55:34.6169095Z   Python2_ROOT_DIR: /opt/hostedtoolcache/Python/3.11.16/x64
2026-10-02T08:55:34.6169536Z   Python3_ROOT_DIR: /opt/hostedtoolcache/Python/3.11.16/x64
2026-10-02T08:55:34.6169931Z   LD_LIBRARY_PATH: /opt/hostedtoolcache/Python/3.11.16/x64/lib
2026-10-02T08:55:34.6170252Z ##[endgroup]
2026-10-02T08:55:34.7614508Z (node:33330) [DEP0040] DeprecationWarning: The `punycode` module is deprecated. Please use a userland alternative instead.
2026-10-02T08:55:34.7616815Z (Use `node --trace-deprecation ...` to show where the warning was created)
2026-10-02T08:55:34.7806369Z Multiple search paths detected. Calculating the least common ancestor of all paths
2026-10-02T08:55:34.7807958Z The least common ancestor is /home/runner/work/mini-drop/mini-drop/output/quality. This will be the root directory of the artifact
2026-10-02T08:55:34.7809324Z With the provided path, there will be 58 files uploaded
2026-10-02T08:55:34.7810121Z Artifact name is valid!
2026-10-02T08:55:34.7810485Z Root directory input is valid!
2026-10-02T08:55:35.0429854Z Beginning upload of artifact content to blob storage
2026-10-02T08:55:35.1032692Z (node:33330) [DEP0169] DeprecationWarning: `url.parse()` behavior is not standardized and prone to errors that have security implications. Use the WHATWG URL API instead. CVEs are not issued for `url.parse()` vulnerabilities.
2026-10-02T08:55:35.2875422Z Uploaded bytes 90164
2026-10-02T08:55:35.3260027Z Finished uploading artifact content to blob storage!
2026-10-02T08:55:35.3261003Z SHA256 digest of uploaded artifact zip is 72ff48f6db516632d0b004b2def88e43ed224063278c62160a118f75015b881a
2026-10-02T08:55:35.3261592Z Finalizing artifact upload
2026-10-02T08:55:35.5641703Z Artifact clean-core-stack-11143452ae4062491ba619890ddc48e579a3f364-1.zip successfully finalized. Artifact ID 11217632494
2026-10-02T08:55:35.5642633Z Artifact clean-core-stack-11143452ae4062491ba619890ddc48e579a3f364-1 has been successfully uploaded! Final size is 90164 bytes. Artifact ID is 11217632494
2026-10-02T08:55:35.5645803Z Artifact download URL: https://github.com/llongwang751-arch/mini-drop/actions/runs/36986031216/artifacts/11217632494
2026-10-02T08:55:35.5807059Z Post job cleanup.
2026-10-02T08:55:35.6800516Z (node:33346) [DEP0040] DeprecationWarning: The `punycode` module is deprecated. Please use a userland alternative instead.
2026-10-02T08:55:35.6801216Z (Use `node --trace-deprecation ...` to show where the warning was created)
2026-10-02T08:55:35.6953616Z Post job cleanup.
2026-10-02T08:55:35.7725315Z [command]/usr/bin/git version
2026-10-02T08:55:35.7759793Z git version 2.55.0
2026-10-02T08:55:35.7798292Z Temporarily overriding HOME='/home/runner/work/_temp/a34fbb42-0205-4bdc-8178-87cc8cc6473c' before making global git config changes
2026-10-02T08:55:35.7799840Z Adding repository directory to the temporary git global config as a safe directory
2026-10-02T08:55:35.7803486Z [command]/usr/bin/git config --global --add safe.directory /home/runner/work/mini-drop/mini-drop
2026-10-02T08:55:35.7857420Z [command]/usr/bin/git config --local --name-only --get-regexp core\.sshCommand
2026-10-02T08:55:35.7885603Z [command]/usr/bin/git submodule foreach --recursive sh -c "git config --local --name-only --get-regexp 'core\.sshCommand' && git config --local --unset-all 'core.sshCommand' || :"
2026-10-02T08:55:35.8130894Z [command]/usr/bin/git config --local --name-only --get-regexp http\.https\:\/\/github\.com\/\.extraheader
2026-10-02T08:55:35.8182194Z [command]/usr/bin/git submodule foreach --recursive sh -c "git config --local --name-only --get-regexp 'http\.https\:\/\/github\.com\/\.extraheader' && git config --local --unset-all 'http.https://github.com/.extraheader' || :"
2026-10-02T08:55:35.8470356Z [command]/usr/bin/git config --local --name-only --get-regexp ^includeIf\.gitdir:
2026-10-02T08:55:35.8516351Z [command]/usr/bin/git submodule foreach --recursive git config --local --show-origin --name-only --get-regexp remote.origin.url
2026-10-02T08:55:35.8841014Z Cleaning up orphan processes
2026-10-02T08:55:35.9117022Z ##[warning]Node.js 20 is deprecated. The following actions target Node.js 20 but are being forced to run on Node.js 24: actions/checkout@v4, actions/setup-python@v5, actions/upload-artifact@v4. For more information see: https://github.blog/changelog/2025-09-19-deprecation-of-node-20-on-github-actions-runners/
