2026-10-02T06:30:00.1046864Z Current runner version: '2.337.0'
2026-10-02T06:30:00.1083345Z ##[group]Runner Image Provisioner
2026-10-02T06:30:00.1084674Z Hosted Compute Agent
2026-10-02T06:30:00.1085656Z Version: 20260901.588
2026-10-02T06:30:00.1086641Z Commit: f88ec8081b781fac6c440065ac7ff9e710ce3d0b
2026-10-02T06:30:00.1087766Z Build Date: 2026-09-01T19:56:44Z
2026-10-02T06:30:00.1088697Z Worker ID: {ce68e5e4-778b-459e-9390-f180d8c4e4f9}
2026-10-02T06:30:00.1089635Z Azure Region: eastus
2026-10-02T06:30:00.1090529Z ##[endgroup]
2026-10-02T06:30:00.1092866Z ##[group]Operating System
2026-10-02T06:30:00.1093823Z Ubuntu
2026-10-02T06:30:00.1094680Z 22.04.5
2026-10-02T06:30:00.1095458Z LTS
2026-10-02T06:30:00.1096356Z ##[endgroup]
2026-10-02T06:30:00.1097166Z ##[group]Runner Image
2026-10-02T06:30:00.1098123Z Image: ubuntu-22.04
2026-10-02T06:30:00.1098970Z Version: 20260927.309.1
2026-10-02T06:30:00.1100953Z Included Software: https://github.com/actions/runner-images/blob/ubuntu22/20260927.309/images/ubuntu/Ubuntu2204-Readme.md
2026-10-02T06:30:00.1103456Z Image Release: https://github.com/actions/runner-images/releases/tag/ubuntu22%2F20260927.309
2026-10-02T06:30:00.1105055Z ##[endgroup]
2026-10-02T06:30:00.1106855Z ##[group]GITHUB_TOKEN Permissions
2026-10-02T06:30:00.1109856Z Contents: read
2026-10-02T06:30:00.1110721Z Metadata: read
2026-10-02T06:30:00.1111691Z Packages: read
2026-10-02T06:30:00.1112607Z ##[endgroup]
2026-10-02T06:30:00.1115614Z Secret source: Actions
2026-10-02T06:30:00.1117165Z Cache mode: write
2026-10-02T06:30:00.1118203Z Prepare workflow directory
2026-10-02T06:30:00.1576488Z Prepare all required actions
2026-10-02T06:30:00.1646769Z Getting action download info
2026-10-02T06:30:00.3948480Z Download action repository 'actions/checkout@v4' (SHA:11d5960a326750d5838078e36cf38b85af677262)
2026-10-02T06:30:01.0793584Z Download action repository 'actions/setup-python@v5' (SHA:a26af69be951a213d495a4c3e4e4022e16d87065)
2026-10-02T06:30:01.2470464Z Download action repository 'actions/setup-go@v5' (SHA:40f1582b2485089dde7abd97c1529aa768e1baff)
2026-10-02T06:30:01.4964143Z Download action repository 'actions/upload-artifact@v4' (SHA:ea165f8d65b6e75b540449e92b4886f43607fa02)
2026-10-02T06:30:01.9039327Z Complete job name: Python and Go independent CPU controls
2026-10-02T06:30:01.9986576Z ##[group]Run actions/checkout@v4
2026-10-02T06:30:01.9987921Z with:
2026-10-02T06:30:01.9988821Z   repository: llongwang751-arch/mini-drop
2026-10-02T06:30:01.9996867Z   token: ***
2026-10-02T06:30:01.9997734Z   ssh-strict: true
2026-10-02T06:30:01.9998606Z   ssh-user: git
2026-10-02T06:30:01.9999503Z   persist-credentials: true
2026-10-02T06:30:02.0000457Z   clean: true
2026-10-02T06:30:02.0001459Z   sparse-checkout-cone-mode: true
2026-10-02T06:30:02.0002512Z   fetch-depth: 1
2026-10-02T06:30:02.0003387Z   fetch-tags: false
2026-10-02T06:30:02.0004296Z   show-progress: true
2026-10-02T06:30:02.0005190Z   lfs: false
2026-10-02T06:30:02.0006030Z   submodules: false
2026-10-02T06:30:02.0006935Z   set-safe-directory: true
2026-10-02T06:30:02.0007976Z   allow-unsafe-pr-checkout: false
2026-10-02T06:30:02.0009253Z ##[endgroup]
2026-10-02T06:30:02.1137568Z Syncing repository: llongwang751-arch/mini-drop
2026-10-02T06:30:02.1140508Z ##[group]Getting Git version info
2026-10-02T06:30:02.1142194Z Working directory is '/home/runner/work/mini-drop/mini-drop'
2026-10-02T06:30:02.1182788Z [command]/usr/bin/git version
2026-10-02T06:30:02.1443882Z git version 2.55.0
2026-10-02T06:30:02.1463461Z ##[endgroup]
2026-10-02T06:30:02.1484698Z Temporarily overriding HOME='/home/runner/work/_temp/6d797d6c-d828-4cbd-b208-b38409428587' before making global git config changes
2026-10-02T06:30:02.1489264Z Adding repository directory to the temporary git global config as a safe directory
2026-10-02T06:30:02.1494445Z [command]/usr/bin/git config --global --add safe.directory /home/runner/work/mini-drop/mini-drop
2026-10-02T06:30:02.1552795Z Deleting the contents of '/home/runner/work/mini-drop/mini-drop'
2026-10-02T06:30:02.1559276Z ##[group]Initializing the repository
2026-10-02T06:30:02.1567258Z [command]/usr/bin/git init /home/runner/work/mini-drop/mini-drop
2026-10-02T06:30:02.1872218Z hint: Using 'master' as the name for the initial branch. This default branch name
2026-10-02T06:30:02.1887680Z hint: will change to "main" in Git 3.0. To configure the initial branch name
2026-10-02T06:30:02.1902143Z hint: to use in all of your new repositories, which will suppress this warning,
2026-10-02T06:30:02.1907298Z hint: call:
2026-10-02T06:30:02.1925664Z hint:
2026-10-02T06:30:02.1927868Z hint: 	git config --global init.defaultBranch <name>
2026-10-02T06:30:02.1929564Z hint:
2026-10-02T06:30:02.1931071Z hint: Names commonly chosen instead of 'master' are 'main', 'trunk' and
2026-10-02T06:30:02.1933764Z hint: 'development'. The just-created branch can be renamed via this command:
2026-10-02T06:30:02.1935821Z hint:
2026-10-02T06:30:02.1936905Z hint: 	git branch -m <name>
2026-10-02T06:30:02.1938147Z hint:
2026-10-02T06:30:02.1939651Z hint: Disable this message with "git config set advice.defaultBranchName false"
2026-10-02T06:30:02.1941893Z Initialized empty Git repository in /home/runner/work/mini-drop/mini-drop/.git/
2026-10-02T06:30:02.1946403Z [command]/usr/bin/git remote add origin https://github.com/llongwang751-arch/mini-drop
2026-10-02T06:30:02.1958404Z ##[endgroup]
2026-10-02T06:30:02.1960246Z ##[group]Disabling automatic garbage collection
2026-10-02T06:30:02.1962062Z [command]/usr/bin/git config --local gc.auto 0
2026-10-02T06:30:02.2004192Z ##[endgroup]
2026-10-02T06:30:02.2005671Z ##[group]Setting up auth
2026-10-02T06:30:02.2012523Z [command]/usr/bin/git config --local --name-only --get-regexp core\.sshCommand
2026-10-02T06:30:02.2070813Z [command]/usr/bin/git submodule foreach --recursive sh -c "git config --local --name-only --get-regexp 'core\.sshCommand' && git config --local --unset-all 'core.sshCommand' || :"
2026-10-02T06:30:02.3043145Z [command]/usr/bin/git config --local --name-only --get-regexp http\.https\:\/\/github\.com\/\.extraheader
2026-10-02T06:30:02.3088973Z [command]/usr/bin/git submodule foreach --recursive sh -c "git config --local --name-only --get-regexp 'http\.https\:\/\/github\.com\/\.extraheader' && git config --local --unset-all 'http.https://github.com/.extraheader' || :"
2026-10-02T06:30:02.3374662Z [command]/usr/bin/git config --local --name-only --get-regexp ^includeIf\.gitdir:
2026-10-02T06:30:02.3419562Z [command]/usr/bin/git submodule foreach --recursive git config --local --show-origin --name-only --get-regexp remote.origin.url
2026-10-02T06:30:02.3698564Z [command]/usr/bin/git config --local http.https://github.com/.extraheader AUTHORIZATION: basic ***
2026-10-02T06:30:02.3751766Z ##[endgroup]
2026-10-02T06:30:02.3753273Z ##[group]Fetching the repository
2026-10-02T06:30:02.3760181Z [command]/usr/bin/git -c protocol.version=2 fetch --no-tags --prune --no-recurse-submodules --depth=1 origin +de94beda6b03fbbdf0f5d2f619b9efe49ed3a687:refs/remotes/pull/1/merge
2026-10-02T06:30:09.9806152Z From https://github.com/llongwang751-arch/mini-drop
2026-10-02T06:30:09.9806833Z  * [new ref]         de94beda6b03fbbdf0f5d2f619b9efe49ed3a687 -> pull/1/merge
2026-10-02T06:30:09.9809980Z ##[endgroup]
2026-10-02T06:30:09.9810695Z ##[group]Determining the checkout info
2026-10-02T06:30:09.9812291Z ##[endgroup]
2026-10-02T06:30:09.9817902Z [command]/usr/bin/git sparse-checkout disable
2026-10-02T06:30:09.9874685Z [command]/usr/bin/git config --local --unset-all extensions.worktreeConfig
2026-10-02T06:30:09.9927348Z ##[group]Checking out the ref
2026-10-02T06:30:09.9932955Z [command]/usr/bin/git checkout --progress --force refs/remotes/pull/1/merge
2026-10-02T06:30:11.0272301Z Updating files:  68% (2696/3961)
2026-10-02T06:30:11.0319003Z Updating files:  69% (2734/3961)
2026-10-02T06:30:11.0357635Z Updating files:  70% (2773/3961)
2026-10-02T06:30:11.0433702Z Updating files:  71% (2813/3961)
2026-10-02T06:30:11.0500360Z Updating files:  72% (2852/3961)
2026-10-02T06:30:11.0566426Z Updating files:  73% (2892/3961)
2026-10-02T06:30:11.0612745Z Updating files:  74% (2932/3961)
2026-10-02T06:30:11.0647347Z Updating files:  75% (2971/3961)
2026-10-02T06:30:11.0667800Z Updating files:  76% (3011/3961)
2026-10-02T06:30:11.0703023Z Updating files:  77% (3050/3961)
2026-10-02T06:30:11.0740925Z Updating files:  78% (3090/3961)
2026-10-02T06:30:11.0769554Z Updating files:  79% (3130/3961)
2026-10-02T06:30:11.0813377Z Updating files:  80% (3169/3961)
2026-10-02T06:30:11.0860699Z Updating files:  81% (3209/3961)
2026-10-02T06:30:11.0905461Z Updating files:  82% (3249/3961)
2026-10-02T06:30:11.0998156Z Updating files:  83% (3288/3961)
2026-10-02T06:30:11.1070696Z Updating files:  84% (3328/3961)
2026-10-02T06:30:11.1120087Z Updating files:  85% (3367/3961)
2026-10-02T06:30:11.1171458Z Updating files:  86% (3407/3961)
2026-10-02T06:30:11.1196384Z Updating files:  87% (3447/3961)
2026-10-02T06:30:11.1226611Z Updating files:  88% (3486/3961)
2026-10-02T06:30:11.1250185Z Updating files:  89% (3526/3961)
2026-10-02T06:30:11.1295920Z Updating files:  90% (3565/3961)
2026-10-02T06:30:11.1318382Z Updating files:  91% (3605/3961)
2026-10-02T06:30:11.1340480Z Updating files:  92% (3645/3961)
2026-10-02T06:30:11.1363663Z Updating files:  93% (3684/3961)
2026-10-02T06:30:11.1386820Z Updating files:  94% (3724/3961)
2026-10-02T06:30:11.1423680Z Updating files:  95% (3763/3961)
2026-10-02T06:30:11.1537069Z Updating files:  96% (3803/3961)
2026-10-02T06:30:11.1556093Z Updating files:  97% (3843/3961)
2026-10-02T06:30:11.1580418Z Updating files:  98% (3882/3961)
2026-10-02T06:30:11.1602526Z Updating files:  99% (3922/3961)
2026-10-02T06:30:11.1603162Z Updating files: 100% (3961/3961)
2026-10-02T06:30:11.1603536Z Updating files: 100% (3961/3961), done.
2026-10-02T06:30:11.1654762Z Note: switching to 'refs/remotes/pull/1/merge'.
2026-10-02T06:30:11.1655105Z 
2026-10-02T06:30:11.1655401Z You are in 'detached HEAD' state. You can look around, make experimental
2026-10-02T06:30:11.1656085Z changes and commit them, and you can discard any commits you make in this
2026-10-02T06:30:11.1656746Z state without impacting any branches by switching back to a branch.
2026-10-02T06:30:11.1657184Z 
2026-10-02T06:30:11.1657449Z If you want to create a new branch to retain commits you create, you may
2026-10-02T06:30:11.1658652Z do so (now or later) by using -c with the switch command. Example:
2026-10-02T06:30:11.1658927Z 
2026-10-02T06:30:11.1659025Z   git switch -c <new-branch-name>
2026-10-02T06:30:11.1659199Z 
2026-10-02T06:30:11.1659290Z Or undo this operation with:
2026-10-02T06:30:11.1659455Z 
2026-10-02T06:30:11.1659540Z   git switch -
2026-10-02T06:30:11.1659650Z 
2026-10-02T06:30:11.1659844Z Turn off this advice by setting config variable advice.detachedHead to false
2026-10-02T06:30:11.1660100Z 
2026-10-02T06:30:11.1660405Z HEAD is now at de94bed Merge ebffbaf8ba705e1f424c4b09bf4975db4623b47c into 609ea8a73f845b496b59b5cae181f515c5919850
2026-10-02T06:30:11.1760523Z ##[endgroup]
2026-10-02T06:30:11.1814745Z [command]/usr/bin/git log -1 --format=%H
2026-10-02T06:30:11.1852223Z de94beda6b03fbbdf0f5d2f619b9efe49ed3a687
2026-10-02T06:30:11.2133366Z ##[group]Run actions/setup-python@v5
2026-10-02T06:30:11.2133649Z with:
2026-10-02T06:30:11.2133840Z   python-version: 3.11
2026-10-02T06:30:11.2134057Z   check-latest: false
2026-10-02T06:30:11.2136211Z   token: ***
2026-10-02T06:30:11.2136420Z   update-environment: true
2026-10-02T06:30:11.2136655Z   allow-prereleases: false
2026-10-02T06:30:11.2136861Z   freethreaded: false
2026-10-02T06:30:11.2137064Z ##[endgroup]
2026-10-02T06:30:11.3523939Z ##[group]Installed versions
2026-10-02T06:30:11.4324636Z (node:1844) [DEP0040] DeprecationWarning: The `punycode` module is deprecated. Please use a userland alternative instead.
2026-10-02T06:30:11.4325692Z (Use `node --trace-deprecation ...` to show where the warning was created)
2026-10-02T06:30:11.4326216Z Successfully set up CPython (3.11.16)
2026-10-02T06:30:11.4326833Z ##[endgroup]
2026-10-02T06:30:11.4470513Z ##[group]Run actions/setup-go@v5
2026-10-02T06:30:11.4470773Z with:
2026-10-02T06:30:11.4470978Z   go-version-file: demo/go-hotspot/go.mod
2026-10-02T06:30:11.4471757Z   check-latest: false
2026-10-02T06:30:11.4473930Z   token: ***
2026-10-02T06:30:11.4474124Z   cache: true
2026-10-02T06:30:11.4474301Z env:
2026-10-02T06:30:11.4474547Z   pythonLocation: /opt/hostedtoolcache/Python/3.11.16/x64
2026-10-02T06:30:11.4474971Z   PKG_CONFIG_PATH: /opt/hostedtoolcache/Python/3.11.16/x64/lib/pkgconfig
2026-10-02T06:30:11.4475377Z   Python_ROOT_DIR: /opt/hostedtoolcache/Python/3.11.16/x64
2026-10-02T06:30:11.4475734Z   Python2_ROOT_DIR: /opt/hostedtoolcache/Python/3.11.16/x64
2026-10-02T06:30:11.4476076Z   Python3_ROOT_DIR: /opt/hostedtoolcache/Python/3.11.16/x64
2026-10-02T06:30:11.4476420Z   LD_LIBRARY_PATH: /opt/hostedtoolcache/Python/3.11.16/x64/lib
2026-10-02T06:30:11.4476739Z ##[endgroup]
2026-10-02T06:30:11.6073662Z Setup go version spec 1.26.8
2026-10-02T06:30:11.6227430Z Found in cache @ /opt/hostedtoolcache/go/1.26.8/x64
2026-10-02T06:30:11.6233569Z Added go to the path
2026-10-02T06:30:11.6240745Z Successfully set up Go version 1.26.8
2026-10-02T06:30:11.6248290Z (node:1853) [DEP0040] DeprecationWarning: The `punycode` module is deprecated. Please use a userland alternative instead.
2026-10-02T06:30:11.6270005Z (Use `node --trace-deprecation ...` to show where the warning was created)
2026-10-02T06:30:11.9025639Z [command]/opt/hostedtoolcache/go/1.26.8/x64/bin/go env GOMODCACHE
2026-10-02T06:30:11.9109302Z [command]/opt/hostedtoolcache/go/1.26.8/x64/bin/go env GOCACHE
2026-10-02T06:30:11.9141048Z /home/runner/go/pkg/mod
2026-10-02T06:30:11.9171980Z /home/runner/.cache/go-build
2026-10-02T06:30:11.9206857Z ##[warning]Restore cache failed: Dependencies file is not found in /home/runner/work/mini-drop/mini-drop. Supported file pattern: go.sum
2026-10-02T06:30:11.9224502Z go version go1.26.8 linux/amd64
2026-10-02T06:30:11.9224709Z 
2026-10-02T06:30:11.9225008Z ##[group]go env
2026-10-02T06:30:12.5107730Z AR='ar'
2026-10-02T06:30:12.5108150Z CC='gcc'
2026-10-02T06:30:12.5108497Z CGO_CFLAGS='-O2 -g'
2026-10-02T06:30:12.5108815Z CGO_CPPFLAGS=''
2026-10-02T06:30:12.5109119Z CGO_CXXFLAGS='-O2 -g'
2026-10-02T06:30:12.5109425Z CGO_ENABLED='1'
2026-10-02T06:30:12.5109692Z CGO_FFLAGS='-O2 -g'
2026-10-02T06:30:12.5109968Z CGO_LDFLAGS='-O2 -g'
2026-10-02T06:30:12.5110256Z CXX='g++'
2026-10-02T06:30:12.5110513Z GCCGO='gccgo'
2026-10-02T06:30:12.5110780Z GO111MODULE=''
2026-10-02T06:30:12.5111030Z GOAMD64='v1'
2026-10-02T06:30:12.5111475Z GOARCH='amd64'
2026-10-02T06:30:12.5111721Z GOAUTH='netrc'
2026-10-02T06:30:12.5111971Z GOBIN=''
2026-10-02T06:30:12.5112266Z GOCACHE='/home/runner/.cache/go-build'
2026-10-02T06:30:12.5112646Z GOCACHEPROG=''
2026-10-02T06:30:12.5112904Z GODEBUG=''
2026-10-02T06:30:12.5113186Z GOENV='/home/runner/.config/go/env'
2026-10-02T06:30:12.5113497Z GOEXE=''
2026-10-02T06:30:12.5113757Z GOEXPERIMENT=''
2026-10-02T06:30:12.5114042Z GOFIPS140='off'
2026-10-02T06:30:12.5114321Z GOFLAGS=''
2026-10-02T06:30:12.5115216Z GOGCCFLAGS='-fPIC -m64 -pthread -Wl,--no-gc-sections -fmessage-length=0 -ffile-prefix-map=/tmp/go-build1938559441=/tmp/go-build -gno-record-gcc-switches'
2026-10-02T06:30:12.5116090Z GOHOSTARCH='amd64'
2026-10-02T06:30:12.5116373Z GOHOSTOS='linux'
2026-10-02T06:30:12.5116643Z GOINSECURE=''
2026-10-02T06:30:12.5116910Z GOMOD='/dev/null'
2026-10-02T06:30:12.5117218Z GOMODCACHE='/home/runner/go/pkg/mod'
2026-10-02T06:30:12.5117579Z GONOPROXY=''
2026-10-02T06:30:12.5117840Z GONOSUMDB=''
2026-10-02T06:30:12.5118087Z GOOS='linux'
2026-10-02T06:30:12.5118353Z GOPATH='/home/runner/go'
2026-10-02T06:30:12.5118640Z GOPRIVATE=''
2026-10-02T06:30:12.5119000Z GOPROXY='https://proxy.golang.org,direct'
2026-10-02T06:30:12.5119431Z GOROOT='/opt/hostedtoolcache/go/1.26.8/x64'
2026-10-02T06:30:12.5119822Z GOSUMDB='sum.golang.org'
2026-10-02T06:30:12.5120146Z GOTELEMETRY='local'
2026-10-02T06:30:12.5120519Z GOTELEMETRYDIR='/home/runner/.config/go/telemetry'
2026-10-02T06:30:12.5121448Z GOTMPDIR=''
2026-10-02T06:30:12.5121735Z GOTOOLCHAIN='auto'
2026-10-02T06:30:12.5122179Z GOTOOLDIR='/opt/hostedtoolcache/go/1.26.8/x64/pkg/tool/linux_amd64'
2026-10-02T06:30:12.5122858Z GOVCS=''
2026-10-02T06:30:12.5123124Z GOVERSION='go1.26.8'
2026-10-02T06:30:12.5123398Z GOWORK=''
2026-10-02T06:30:12.5123686Z PKG_CONFIG='pkg-config'
2026-10-02T06:30:12.5123890Z 
2026-10-02T06:30:12.5124429Z ##[endgroup]
2026-10-02T06:30:12.5274625Z ##[group]Run python -m pip install "psutil>=7.2,<8"
2026-10-02T06:30:12.5275051Z [36;1mpython -m pip install "psutil>=7.2,<8"[0m
2026-10-02T06:30:12.7444182Z shell: /usr/bin/bash -e {0}
2026-10-02T06:30:12.7444473Z env:
2026-10-02T06:30:12.7444746Z   pythonLocation: /opt/hostedtoolcache/Python/3.11.16/x64
2026-10-02T06:30:12.7445156Z   PKG_CONFIG_PATH: /opt/hostedtoolcache/Python/3.11.16/x64/lib/pkgconfig
2026-10-02T06:30:12.7445555Z   Python_ROOT_DIR: /opt/hostedtoolcache/Python/3.11.16/x64
2026-10-02T06:30:12.7445898Z   Python2_ROOT_DIR: /opt/hostedtoolcache/Python/3.11.16/x64
2026-10-02T06:30:12.7446249Z   Python3_ROOT_DIR: /opt/hostedtoolcache/Python/3.11.16/x64
2026-10-02T06:30:12.7446587Z   LD_LIBRARY_PATH: /opt/hostedtoolcache/Python/3.11.16/x64/lib
2026-10-02T06:30:12.7446905Z ##[endgroup]
2026-10-02T06:30:17.8059432Z Collecting psutil<8,>=7.2
2026-10-02T06:30:17.8431771Z   Downloading psutil-7.2.2-cp36-abi3-manylinux2010_x86_64.manylinux_2_12_x86_64.manylinux_2_28_x86_64.whl.metadata (22 kB)
2026-10-02T06:30:17.8566008Z Downloading psutil-7.2.2-cp36-abi3-manylinux2010_x86_64.manylinux_2_12_x86_64.manylinux_2_28_x86_64.whl (155 kB)
2026-10-02T06:30:18.4318773Z Installing collected packages: psutil
2026-10-02T06:30:18.4888316Z Successfully installed psutil-7.2.2
2026-10-02T06:30:18.5427040Z ##[group]Run python scripts/run_quality_gate.py --profile hotspot-controls --output output/quality-hotspot-controls
2026-10-02T06:30:18.5427809Z [36;1mpython scripts/run_quality_gate.py --profile hotspot-controls --output output/quality-hotspot-controls[0m
2026-10-02T06:30:18.5499640Z shell: /usr/bin/bash -e {0}
2026-10-02T06:30:18.5499871Z env:
2026-10-02T06:30:18.5500126Z   pythonLocation: /opt/hostedtoolcache/Python/3.11.16/x64
2026-10-02T06:30:18.5500547Z   PKG_CONFIG_PATH: /opt/hostedtoolcache/Python/3.11.16/x64/lib/pkgconfig
2026-10-02T06:30:18.5500930Z   Python_ROOT_DIR: /opt/hostedtoolcache/Python/3.11.16/x64
2026-10-02T06:30:18.5501490Z   Python2_ROOT_DIR: /opt/hostedtoolcache/Python/3.11.16/x64
2026-10-02T06:30:18.5501827Z   Python3_ROOT_DIR: /opt/hostedtoolcache/Python/3.11.16/x64
2026-10-02T06:30:18.5502159Z   LD_LIBRARY_PATH: /opt/hostedtoolcache/Python/3.11.16/x64/lib
2026-10-02T06:30:18.5502452Z ##[endgroup]
2026-10-02T06:30:19.2050480Z [quality] hotspot-controls: RUNNING
2026-10-02T06:31:17.5866634Z [quality] hotspot-controls: PASSED
2026-10-02T06:31:17.6456558Z [quality] PASSED: /home/runner/work/mini-drop/mini-drop/output/quality-hotspot-controls/report.html
2026-10-02T06:31:17.6595555Z ##[group]Run go test -race -count=1 ./...
2026-10-02T06:31:17.6596079Z [36;1mgo test -race -count=1 ./...[0m
2026-10-02T06:31:17.6693817Z shell: /usr/bin/bash -e {0}
2026-10-02T06:31:17.6694112Z env:
2026-10-02T06:31:17.6694397Z   pythonLocation: /opt/hostedtoolcache/Python/3.11.16/x64
2026-10-02T06:31:17.6694856Z   PKG_CONFIG_PATH: /opt/hostedtoolcache/Python/3.11.16/x64/lib/pkgconfig
2026-10-02T06:31:17.6695255Z   Python_ROOT_DIR: /opt/hostedtoolcache/Python/3.11.16/x64
2026-10-02T06:31:17.6695618Z   Python2_ROOT_DIR: /opt/hostedtoolcache/Python/3.11.16/x64
2026-10-02T06:31:17.6695977Z   Python3_ROOT_DIR: /opt/hostedtoolcache/Python/3.11.16/x64
2026-10-02T06:31:17.6696323Z   LD_LIBRARY_PATH: /opt/hostedtoolcache/Python/3.11.16/x64/lib
2026-10-02T06:31:17.6696633Z ##[endgroup]
2026-10-02T06:31:39.6340124Z ok  	mini-drop/demo/go-hotspot	1.016s
2026-10-02T06:31:39.7007315Z ##[group]Run docker build -t mini-drop-go-hotspot:ci demo/go-hotspot
2026-10-02T06:31:39.7007806Z [36;1mdocker build -t mini-drop-go-hotspot:ci demo/go-hotspot[0m
2026-10-02T06:31:39.7078495Z shell: /usr/bin/bash -e {0}
2026-10-02T06:31:39.7078741Z env:
2026-10-02T06:31:39.7078991Z   pythonLocation: /opt/hostedtoolcache/Python/3.11.16/x64
2026-10-02T06:31:39.7079391Z   PKG_CONFIG_PATH: /opt/hostedtoolcache/Python/3.11.16/x64/lib/pkgconfig
2026-10-02T06:31:39.7079988Z   Python_ROOT_DIR: /opt/hostedtoolcache/Python/3.11.16/x64
2026-10-02T06:31:39.7080332Z   Python2_ROOT_DIR: /opt/hostedtoolcache/Python/3.11.16/x64
2026-10-02T06:31:39.7080666Z   Python3_ROOT_DIR: /opt/hostedtoolcache/Python/3.11.16/x64
2026-10-02T06:31:39.7081004Z   LD_LIBRARY_PATH: /opt/hostedtoolcache/Python/3.11.16/x64/lib
2026-10-02T06:31:39.7081512Z ##[endgroup]
2026-10-02T06:31:41.1696848Z #0 building with "default" instance using docker driver
2026-10-02T06:31:41.1698921Z 
2026-10-02T06:31:41.1699714Z #1 [internal] load build definition from Dockerfile
2026-10-02T06:31:41.1838686Z #1 transferring dockerfile:
2026-10-02T06:31:41.3940674Z #1 transferring dockerfile: 318B done
2026-10-02T06:31:41.3941099Z #1 DONE 0.2s
2026-10-02T06:31:41.3941410Z 
2026-10-02T06:31:41.3941634Z #2 [auth] library/alpine:pull token for registry-1.docker.io
2026-10-02T06:31:41.3942058Z #2 DONE 0.0s
2026-10-02T06:31:41.3942165Z 
2026-10-02T06:31:41.3942352Z #3 [auth] library/golang:pull token for registry-1.docker.io
2026-10-02T06:31:41.3942625Z #3 DONE 0.0s
2026-10-02T06:31:41.3942717Z 
2026-10-02T06:31:41.3942997Z #4 [internal] load metadata for docker.io/library/golang:1.26.8-alpine
2026-10-02T06:31:41.6732352Z #4 ...
2026-10-02T06:31:41.6732616Z 
2026-10-02T06:31:41.6732944Z #5 [internal] load metadata for docker.io/library/alpine:3.24.1
2026-10-02T06:31:41.6733391Z #5 DONE 0.5s
2026-10-02T06:31:41.7922625Z 
2026-10-02T06:31:41.7923509Z #4 [internal] load metadata for docker.io/library/golang:1.26.8-alpine
2026-10-02T06:31:41.7924341Z #4 DONE 0.5s
2026-10-02T06:31:41.7924519Z 
2026-10-02T06:31:41.7924691Z #6 [internal] load .dockerignore
2026-10-02T06:31:41.7925088Z #6 transferring context: 2B done
2026-10-02T06:31:41.7925495Z #6 DONE 0.0s
2026-10-02T06:31:41.7925652Z 
2026-10-02T06:31:41.7925810Z #7 [internal] load build context
2026-10-02T06:31:41.7926208Z #7 transferring context: 13.69kB done
2026-10-02T06:31:41.7926571Z #7 DONE 0.0s
2026-10-02T06:31:41.7926700Z 
2026-10-02T06:31:41.7927095Z #8 [build 1/4] FROM docker.io/library/golang:1.26.8-alpine@sha256:8ac98ca534ac3f51e1f420a1dd2c15e74c75cfa0f23f3ad27eb5d7236c349a0c
2026-10-02T06:31:41.7928032Z #8 resolve docker.io/library/golang:1.26.8-alpine@sha256:8ac98ca534ac3f51e1f420a1dd2c15e74c75cfa0f23f3ad27eb5d7236c349a0c done
2026-10-02T06:31:41.7929395Z #8 sha256:c5fe2bbc8331458475b45686d82e0c28b1161addfe33f1ebac0a715a29587701 2.19kB / 2.19kB done
2026-10-02T06:31:41.7930083Z #8 sha256:e2de96513ba9eb53b431787ec8a65cdde380ac4772a3e4c4b714dcfde2a102b5 3.85MB / 3.85MB 0.1s
2026-10-02T06:31:41.7930703Z #8 sha256:2cb3e687d353c47479f7eb82d6cc1b230f1d252bfefaddbeec9d3de57edf5d49 24.12MB / 67.31MB 0.1s
2026-10-02T06:31:41.7931819Z #8 sha256:8ac98ca534ac3f51e1f420a1dd2c15e74c75cfa0f23f3ad27eb5d7236c349a0c 10.29kB / 10.29kB done
2026-10-02T06:31:41.7933058Z #8 sha256:66f9a494af2b76ecb3eab75ff47166df61caec6d200c59d556b77327493d83a8 1.92kB / 1.92kB done
2026-10-02T06:31:41.9688507Z #8 sha256:e2de96513ba9eb53b431787ec8a65cdde380ac4772a3e4c4b714dcfde2a102b5 3.85MB / 3.85MB 0.2s done
2026-10-02T06:31:41.9689679Z #8 sha256:2cb3e687d353c47479f7eb82d6cc1b230f1d252bfefaddbeec9d3de57edf5d49 65.01MB / 67.31MB 0.2s
2026-10-02T06:31:41.9690633Z #8 extracting sha256:e2de96513ba9eb53b431787ec8a65cdde380ac4772a3e4c4b714dcfde2a102b5 0.1s
2026-10-02T06:31:41.9691573Z #8 sha256:4009a0783f338ed55a73885b00ecad4c761c55b29337bc83f4ba5893b456a80c 247.52kB / 247.52kB 0.0s done
2026-10-02T06:31:41.9692315Z #8 sha256:68ed9cc945387f62e6993f95484c65db531f4a4c6c076363d90fd1d575e36633 126B / 126B 0.2s done
2026-10-02T06:31:41.9693609Z #8 sha256:4f4fb700ef54461cfa02571ae0db9a0dc1e0cdb5577484a6d75e68dc38e8acc1 32B / 32B 0.2s done
2026-10-02T06:31:42.0919204Z #8 extracting sha256:e2de96513ba9eb53b431787ec8a65cdde380ac4772a3e4c4b714dcfde2a102b5 0.1s done
2026-10-02T06:31:42.3306913Z #8 extracting sha256:4009a0783f338ed55a73885b00ecad4c761c55b29337bc83f4ba5893b456a80c 0.0s done
2026-10-02T06:31:42.4311781Z #8 sha256:2cb3e687d353c47479f7eb82d6cc1b230f1d252bfefaddbeec9d3de57edf5d49 67.31MB / 67.31MB 0.6s done
2026-10-02T06:31:42.8353731Z #8 ...
2026-10-02T06:31:42.8353966Z 
2026-10-02T06:31:42.8354652Z #9 [stage-1 1/2] FROM docker.io/library/alpine:3.24.1@sha256:28bd5fe8b56d1bd048e5babf5b10710ebe0bae67db86916198a6eec434943f8b
2026-10-02T06:31:42.8355854Z #9 resolve docker.io/library/alpine:3.24.1@sha256:28bd5fe8b56d1bd048e5babf5b10710ebe0bae67db86916198a6eec434943f8b done
2026-10-02T06:31:42.8356923Z #9 sha256:28bd5fe8b56d1bd048e5babf5b10710ebe0bae67db86916198a6eec434943f8b 9.22kB / 9.22kB done
2026-10-02T06:31:42.8357906Z #9 sha256:79ff19e9084a00eece421b2523fb93e22d730e2c0e525905de047e848e56d95f 1.02kB / 1.02kB done
2026-10-02T06:31:42.8358805Z #9 sha256:d529dd0c6e5597ac7e4a3e2dea65c3fcc6173f4cae713c409265c1dd9914a11b 611B / 611B done
2026-10-02T06:31:42.8359741Z #9 sha256:55afa1ecc21d2bb5e5045f32dafee56272ffd89860bac26f6c32123439af26a4 3.85MB / 3.85MB 0.5s done
2026-10-02T06:31:42.8360677Z #9 extracting sha256:55afa1ecc21d2bb5e5045f32dafee56272ffd89860bac26f6c32123439af26a4 0.2s done
2026-10-02T06:31:42.8361504Z #9 DONE 1.2s
2026-10-02T06:31:42.9857542Z 
2026-10-02T06:31:42.9858724Z #8 [build 1/4] FROM docker.io/library/golang:1.26.8-alpine@sha256:8ac98ca534ac3f51e1f420a1dd2c15e74c75cfa0f23f3ad27eb5d7236c349a0c
2026-10-02T06:31:43.3577917Z #8 extracting sha256:2cb3e687d353c47479f7eb82d6cc1b230f1d252bfefaddbeec9d3de57edf5d49
2026-10-02T06:31:48.5057755Z #8 extracting sha256:2cb3e687d353c47479f7eb82d6cc1b230f1d252bfefaddbeec9d3de57edf5d49 5.1s done
2026-10-02T06:31:50.2800449Z #8 extracting sha256:68ed9cc945387f62e6993f95484c65db531f4a4c6c076363d90fd1d575e36633
2026-10-02T06:31:50.4777266Z #8 extracting sha256:68ed9cc945387f62e6993f95484c65db531f4a4c6c076363d90fd1d575e36633 done
2026-10-02T06:31:50.4778191Z #8 extracting sha256:4f4fb700ef54461cfa02571ae0db9a0dc1e0cdb5577484a6d75e68dc38e8acc1 done
2026-10-02T06:31:50.4779609Z #8 DONE 8.6s
2026-10-02T06:31:50.4779818Z 
2026-10-02T06:31:50.4779945Z #10 [build 2/4] WORKDIR /src
2026-10-02T06:31:50.4780260Z #10 DONE 0.0s
2026-10-02T06:31:50.4780382Z 
2026-10-02T06:31:50.4780525Z #11 [build 3/4] COPY go.mod main.go ./
2026-10-02T06:31:50.4780800Z #11 DONE 0.0s
2026-10-02T06:31:50.4780912Z 
2026-10-02T06:31:50.4781475Z #12 [build 4/4] RUN CGO_ENABLED=0 go build -trimpath -ldflags="-s -w" -o /out/go-hotspot .
2026-10-02T06:32:03.8525516Z #12 DONE 13.5s
2026-10-02T06:32:04.0660441Z 
2026-10-02T06:32:04.0661103Z #13 [stage-1 2/2] COPY --from=build /out/go-hotspot /usr/local/bin/go-hotspot
2026-10-02T06:32:04.0661853Z #13 DONE 0.0s
2026-10-02T06:32:04.0661968Z 
2026-10-02T06:32:04.0662110Z #14 exporting to image
2026-10-02T06:32:04.0662329Z #14 exporting layers
2026-10-02T06:32:04.2836214Z #14 exporting layers 0.4s done
2026-10-02T06:32:04.3028841Z #14 writing image sha256:f5c2a8e9a084ad7e385e0058d60ba2f844a05506722973bad5c3fde192401c96 done
2026-10-02T06:32:04.3029645Z #14 naming to docker.io/library/mini-drop-go-hotspot:ci done
2026-10-02T06:32:04.3030076Z #14 DONE 0.4s
2026-10-02T06:32:04.3140114Z ##[group]Run python scripts/verify_go_io_window.py --image mini-drop-go-hotspot:ci --output output/quality-hotspot-controls/go-io-window
2026-10-02T06:32:04.3141019Z [36;1mpython scripts/verify_go_io_window.py --image mini-drop-go-hotspot:ci --output output/quality-hotspot-controls/go-io-window[0m
2026-10-02T06:32:04.3215049Z shell: /usr/bin/bash -e {0}
2026-10-02T06:32:04.3215305Z env:
2026-10-02T06:32:04.3215562Z   pythonLocation: /opt/hostedtoolcache/Python/3.11.16/x64
2026-10-02T06:32:04.3215976Z   PKG_CONFIG_PATH: /opt/hostedtoolcache/Python/3.11.16/x64/lib/pkgconfig
2026-10-02T06:32:04.3216368Z   Python_ROOT_DIR: /opt/hostedtoolcache/Python/3.11.16/x64
2026-10-02T06:32:04.3216711Z   Python2_ROOT_DIR: /opt/hostedtoolcache/Python/3.11.16/x64
2026-10-02T06:32:04.3217053Z   Python3_ROOT_DIR: /opt/hostedtoolcache/Python/3.11.16/x64
2026-10-02T06:32:04.3217392Z   LD_LIBRARY_PATH: /opt/hostedtoolcache/Python/3.11.16/x64/lib
2026-10-02T06:32:04.3217701Z ##[endgroup]
2026-10-02T06:32:20.4709868Z {"passed": true, "cleanup": true, "operations": 725}
2026-10-02T06:32:20.4870986Z ##[group]Run actions/upload-artifact@v4
2026-10-02T06:32:20.4871575Z with:
2026-10-02T06:32:20.4871876Z   name: hotspot-controls-de94beda6b03fbbdf0f5d2f619b9efe49ed3a687-1
2026-10-02T06:32:20.4872257Z   path: output/quality-hotspot-controls/
2026-10-02T06:32:20.4872529Z   if-no-files-found: error
2026-10-02T06:32:20.4872761Z   retention-days: 14
2026-10-02T06:32:20.4872971Z   compression-level: 6
2026-10-02T06:32:20.4873180Z   overwrite: false
2026-10-02T06:32:20.4873385Z   include-hidden-files: false
2026-10-02T06:32:20.4873611Z env:
2026-10-02T06:32:20.4873858Z   pythonLocation: /opt/hostedtoolcache/Python/3.11.16/x64
2026-10-02T06:32:20.4874275Z   PKG_CONFIG_PATH: /opt/hostedtoolcache/Python/3.11.16/x64/lib/pkgconfig
2026-10-02T06:32:20.4874668Z   Python_ROOT_DIR: /opt/hostedtoolcache/Python/3.11.16/x64
2026-10-02T06:32:20.4875026Z   Python2_ROOT_DIR: /opt/hostedtoolcache/Python/3.11.16/x64
2026-10-02T06:32:20.4875422Z   Python3_ROOT_DIR: /opt/hostedtoolcache/Python/3.11.16/x64
2026-10-02T06:32:20.4875796Z   LD_LIBRARY_PATH: /opt/hostedtoolcache/Python/3.11.16/x64/lib
2026-10-02T06:32:20.4876102Z ##[endgroup]
2026-10-02T06:32:20.6714057Z (node:9030) [DEP0040] DeprecationWarning: The `punycode` module is deprecated. Please use a userland alternative instead.
2026-10-02T06:32:20.6715238Z (Use `node --trace-deprecation ...` to show where the warning was created)
2026-10-02T06:32:20.6854564Z With the provided path, there will be 19 files uploaded
2026-10-02T06:32:20.6855919Z Artifact name is valid!
2026-10-02T06:32:20.6856500Z Root directory input is valid!
2026-10-02T06:32:20.8925591Z Beginning upload of artifact content to blob storage
2026-10-02T06:32:21.2964450Z (node:9030) [DEP0169] DeprecationWarning: `url.parse()` behavior is not standardized and prone to errors that have security implications. Use the WHATWG URL API instead. CVEs are not issued for `url.parse()` vulnerabilities.
2026-10-02T06:32:21.5941963Z Uploaded bytes 5756899
2026-10-02T06:32:21.6129358Z Finished uploading artifact content to blob storage!
2026-10-02T06:32:21.6130363Z SHA256 digest of uploaded artifact zip is dced712bcdb7b4449abd0fdd76518caff3d0cad31f05b7ecb3c923eb2c765563
2026-10-02T06:32:21.6131634Z Finalizing artifact upload
2026-10-02T06:32:21.9086915Z Artifact hotspot-controls-de94beda6b03fbbdf0f5d2f619b9efe49ed3a687-1.zip successfully finalized. Artifact ID 11212403873
2026-10-02T06:32:21.9088519Z Artifact hotspot-controls-de94beda6b03fbbdf0f5d2f619b9efe49ed3a687-1 has been successfully uploaded! Final size is 5756899 bytes. Artifact ID is 11212403873
2026-10-02T06:32:21.9094858Z Artifact download URL: https://github.com/llongwang751-arch/mini-drop/actions/runs/36973829118/artifacts/11212403873
2026-10-02T06:32:21.9316053Z Post job cleanup.
2026-10-02T06:32:22.0684121Z (node:9044) [DEP0040] DeprecationWarning: The `punycode` module is deprecated. Please use a userland alternative instead.
2026-10-02T06:32:22.0685146Z (Use `node --trace-deprecation ...` to show where the warning was created)
2026-10-02T06:32:22.0760482Z [command]/opt/hostedtoolcache/go/1.26.8/x64/bin/go env GOMODCACHE
2026-10-02T06:32:22.0810920Z [command]/opt/hostedtoolcache/go/1.26.8/x64/bin/go env GOCACHE
2026-10-02T06:32:22.0870133Z /home/runner/go/pkg/mod
2026-10-02T06:32:22.0884107Z /home/runner/.cache/go-build
2026-10-02T06:32:22.0899330Z [warning]Cache folder path is retrieved but doesn't exist on disk: /home/runner/go/pkg/mod
2026-10-02T06:32:22.0900406Z Primary key was not generated. Please check the log messages above for more errors or information
2026-10-02T06:32:22.1066253Z Post job cleanup.
2026-10-02T06:32:22.2410404Z (node:9066) [DEP0040] DeprecationWarning: The `punycode` module is deprecated. Please use a userland alternative instead.
2026-10-02T06:32:22.2411675Z (Use `node --trace-deprecation ...` to show where the warning was created)
2026-10-02T06:32:22.2676353Z Post job cleanup.
2026-10-02T06:32:22.3648919Z [command]/usr/bin/git version
2026-10-02T06:32:22.3696677Z git version 2.55.0
2026-10-02T06:32:22.3739272Z Temporarily overriding HOME='/home/runner/work/_temp/9660ebc9-67ff-417b-b2ba-602b1c11691f' before making global git config changes
2026-10-02T06:32:22.3740469Z Adding repository directory to the temporary git global config as a safe directory
2026-10-02T06:32:22.3747552Z [command]/usr/bin/git config --global --add safe.directory /home/runner/work/mini-drop/mini-drop
2026-10-02T06:32:22.3797063Z [command]/usr/bin/git config --local --name-only --get-regexp core\.sshCommand
2026-10-02T06:32:22.3862717Z [command]/usr/bin/git submodule foreach --recursive sh -c "git config --local --name-only --get-regexp 'core\.sshCommand' && git config --local --unset-all 'core.sshCommand' || :"
2026-10-02T06:32:22.4299026Z [command]/usr/bin/git config --local --name-only --get-regexp http\.https\:\/\/github\.com\/\.extraheader
2026-10-02T06:32:22.4362422Z http.https://github.com/.extraheader
2026-10-02T06:32:22.4394446Z [command]/usr/bin/git config --local --unset-all http.https://github.com/.extraheader
2026-10-02T06:32:22.4463303Z [command]/usr/bin/git submodule foreach --recursive sh -c "git config --local --name-only --get-regexp 'http\.https\:\/\/github\.com\/\.extraheader' && git config --local --unset-all 'http.https://github.com/.extraheader' || :"
2026-10-02T06:32:22.4877574Z [command]/usr/bin/git config --local --name-only --get-regexp ^includeIf\.gitdir:
2026-10-02T06:32:22.4946807Z [command]/usr/bin/git submodule foreach --recursive git config --local --show-origin --name-only --get-regexp remote.origin.url
2026-10-02T06:32:22.5459945Z Cleaning up orphan processes
2026-10-02T06:32:22.5793564Z ##[warning]Node.js 20 is deprecated. The following actions target Node.js 20 but are being forced to run on Node.js 24: actions/checkout@v4, actions/setup-go@v5, actions/setup-python@v5, actions/upload-artifact@v4. For more information see: https://github.blog/changelog/2025-09-19-deprecation-of-node-20-on-github-actions-runners/
