2026-10-02T06:30:00.7632372Z Current runner version: '2.337.0'
2026-10-02T06:30:00.7659030Z ##[group]Runner Image Provisioner
2026-10-02T06:30:00.7660030Z Hosted Compute Agent
2026-10-02T06:30:00.7660652Z Version: 20260901.588
2026-10-02T06:30:00.7661354Z Commit: f88ec8081b781fac6c440065ac7ff9e710ce3d0b
2026-10-02T06:30:00.7662117Z Build Date: 2026-09-01T19:56:44Z
2026-10-02T06:30:00.7662837Z Worker ID: {acc43b01-afa9-4cc1-a940-f3870fcdb8c7}
2026-10-02T06:30:00.7663676Z Azure Region: eastus
2026-10-02T06:30:00.7664290Z ##[endgroup]
2026-10-02T06:30:00.7666482Z ##[group]Operating System
2026-10-02T06:30:00.7667236Z Ubuntu
2026-10-02T06:30:00.7667801Z 22.04.5
2026-10-02T06:30:00.7668481Z LTS
2026-10-02T06:30:00.7669057Z ##[endgroup]
2026-10-02T06:30:00.7669693Z ##[group]Runner Image
2026-10-02T06:30:00.7670367Z Image: ubuntu-22.04
2026-10-02T06:30:00.7670953Z Version: 20260927.309.1
2026-10-02T06:30:00.7672298Z Included Software: https://github.com/actions/runner-images/blob/ubuntu22/20260927.309/images/ubuntu/Ubuntu2204-Readme.md
2026-10-02T06:30:00.7673927Z Image Release: https://github.com/actions/runner-images/releases/tag/ubuntu22%2F20260927.309
2026-10-02T06:30:00.7674962Z ##[endgroup]
2026-10-02T06:30:00.7676824Z ##[group]GITHUB_TOKEN Permissions
2026-10-02T06:30:00.7679572Z Contents: read
2026-10-02T06:30:00.7680245Z Metadata: read
2026-10-02T06:30:00.7680968Z Packages: read
2026-10-02T06:30:00.7681550Z ##[endgroup]
2026-10-02T06:30:00.7683728Z Secret source: Actions
2026-10-02T06:30:00.7684755Z Cache mode: write
2026-10-02T06:30:00.7685868Z Prepare workflow directory
2026-10-02T06:30:00.8023468Z Prepare all required actions
2026-10-02T06:30:00.8072170Z Getting action download info
2026-10-02T06:30:01.0337754Z Download action repository 'actions/checkout@v4' (SHA:11d5960a326750d5838078e36cf38b85af677262)
2026-10-02T06:30:02.1782334Z Download action repository 'actions/setup-python@v5' (SHA:a26af69be951a213d495a4c3e4e4022e16d87065)
2026-10-02T06:30:02.3640662Z Download action repository 'actions/upload-artifact@v4' (SHA:ea165f8d65b6e75b540449e92b4886f43607fa02)
2026-10-02T06:30:02.7033046Z Complete job name: HTTP load and recovery (short regression)
2026-10-02T06:30:02.7992718Z ##[group]Run actions/checkout@v4
2026-10-02T06:30:02.7994085Z with:
2026-10-02T06:30:02.7994929Z   repository: llongwang751-arch/mini-drop
2026-10-02T06:30:02.8004985Z   token: ***
2026-10-02T06:30:02.8006153Z   ssh-strict: true
2026-10-02T06:30:02.8007345Z   ssh-user: git
2026-10-02T06:30:02.8008300Z   persist-credentials: true
2026-10-02T06:30:02.8009280Z   clean: true
2026-10-02T06:30:02.8010308Z   sparse-checkout-cone-mode: true
2026-10-02T06:30:02.8011634Z   fetch-depth: 1
2026-10-02T06:30:02.8012442Z   fetch-tags: false
2026-10-02T06:30:02.8013284Z   show-progress: true
2026-10-02T06:30:02.8014137Z   lfs: false
2026-10-02T06:30:02.8014914Z   submodules: false
2026-10-02T06:30:02.8016166Z   set-safe-directory: true
2026-10-02T06:30:02.8017255Z   allow-unsafe-pr-checkout: false
2026-10-02T06:30:02.8018733Z ##[endgroup]
2026-10-02T06:30:02.9093352Z Syncing repository: llongwang751-arch/mini-drop
2026-10-02T06:30:02.9096638Z ##[group]Getting Git version info
2026-10-02T06:30:02.9098105Z Working directory is '/home/runner/work/mini-drop/mini-drop'
2026-10-02T06:30:02.9100077Z [command]/usr/bin/git version
2026-10-02T06:30:03.1754913Z git version 2.55.0
2026-10-02T06:30:03.1777133Z ##[endgroup]
2026-10-02T06:30:03.1792096Z Temporarily overriding HOME='/home/runner/work/_temp/3078399e-cbc7-4937-bf20-b98c10cf68ba' before making global git config changes
2026-10-02T06:30:03.1793208Z Adding repository directory to the temporary git global config as a safe directory
2026-10-02T06:30:03.1798492Z [command]/usr/bin/git config --global --add safe.directory /home/runner/work/mini-drop/mini-drop
2026-10-02T06:30:03.1842744Z Deleting the contents of '/home/runner/work/mini-drop/mini-drop'
2026-10-02T06:30:03.1848235Z ##[group]Initializing the repository
2026-10-02T06:30:03.1851855Z [command]/usr/bin/git init /home/runner/work/mini-drop/mini-drop
2026-10-02T06:30:03.3211407Z hint: Using 'master' as the name for the initial branch. This default branch name
2026-10-02T06:30:03.3213677Z hint: will change to "main" in Git 3.0. To configure the initial branch name
2026-10-02T06:30:03.3214867Z hint: to use in all of your new repositories, which will suppress this warning,
2026-10-02T06:30:03.3216194Z hint: call:
2026-10-02T06:30:03.3216892Z hint:
2026-10-02T06:30:03.3217625Z hint: 	git config --global init.defaultBranch <name>
2026-10-02T06:30:03.3218376Z hint:
2026-10-02T06:30:03.3219051Z hint: Names commonly chosen instead of 'master' are 'main', 'trunk' and
2026-10-02T06:30:03.3219820Z hint: 'development'. The just-created branch can be renamed via this command:
2026-10-02T06:30:03.3220503Z hint:
2026-10-02T06:30:03.3220977Z hint: 	git branch -m <name>
2026-10-02T06:30:03.3221475Z hint:
2026-10-02T06:30:03.3222125Z hint: Disable this message with "git config set advice.defaultBranchName false"
2026-10-02T06:30:03.3223546Z Initialized empty Git repository in /home/runner/work/mini-drop/mini-drop/.git/
2026-10-02T06:30:03.3226204Z [command]/usr/bin/git remote add origin https://github.com/llongwang751-arch/mini-drop
2026-10-02T06:30:03.3492337Z ##[endgroup]
2026-10-02T06:30:03.3493384Z ##[group]Disabling automatic garbage collection
2026-10-02T06:30:03.3496441Z [command]/usr/bin/git config --local gc.auto 0
2026-10-02T06:30:03.3533830Z ##[endgroup]
2026-10-02T06:30:03.3534649Z ##[group]Setting up auth
2026-10-02T06:30:03.3541359Z [command]/usr/bin/git config --local --name-only --get-regexp core\.sshCommand
2026-10-02T06:30:03.3581228Z [command]/usr/bin/git submodule foreach --recursive sh -c "git config --local --name-only --get-regexp 'core\.sshCommand' && git config --local --unset-all 'core.sshCommand' || :"
2026-10-02T06:30:03.7303762Z [command]/usr/bin/git config --local --name-only --get-regexp http\.https\:\/\/github\.com\/\.extraheader
2026-10-02T06:30:03.7350461Z [command]/usr/bin/git submodule foreach --recursive sh -c "git config --local --name-only --get-regexp 'http\.https\:\/\/github\.com\/\.extraheader' && git config --local --unset-all 'http.https://github.com/.extraheader' || :"
2026-10-02T06:30:03.7626923Z [command]/usr/bin/git config --local --name-only --get-regexp ^includeIf\.gitdir:
2026-10-02T06:30:03.7670102Z [command]/usr/bin/git submodule foreach --recursive git config --local --show-origin --name-only --get-regexp remote.origin.url
2026-10-02T06:30:03.7967726Z [command]/usr/bin/git config --local http.https://github.com/.extraheader AUTHORIZATION: basic ***
2026-10-02T06:30:03.8017707Z ##[endgroup]
2026-10-02T06:30:03.8019210Z ##[group]Fetching the repository
2026-10-02T06:30:03.8028003Z [command]/usr/bin/git -c protocol.version=2 fetch --no-tags --prune --no-recurse-submodules --depth=1 origin +de94beda6b03fbbdf0f5d2f619b9efe49ed3a687:refs/remotes/pull/1/merge
2026-10-02T06:30:10.4255616Z From https://github.com/llongwang751-arch/mini-drop
2026-10-02T06:30:10.4256819Z  * [new ref]         de94beda6b03fbbdf0f5d2f619b9efe49ed3a687 -> pull/1/merge
2026-10-02T06:30:10.4260830Z ##[endgroup]
2026-10-02T06:30:10.4261529Z ##[group]Determining the checkout info
2026-10-02T06:30:10.4264517Z ##[endgroup]
2026-10-02T06:30:10.4270820Z [command]/usr/bin/git sparse-checkout disable
2026-10-02T06:30:10.4467960Z [command]/usr/bin/git config --local --unset-all extensions.worktreeConfig
2026-10-02T06:30:10.4513831Z ##[group]Checking out the ref
2026-10-02T06:30:10.4518738Z [command]/usr/bin/git checkout --progress --force refs/remotes/pull/1/merge
2026-10-02T06:30:11.4903532Z Updating files:  67% (2659/3961)
2026-10-02T06:30:11.5182231Z Updating files:  68% (2694/3961)
2026-10-02T06:30:11.5226962Z Updating files:  69% (2734/3961)
2026-10-02T06:30:11.5270345Z Updating files:  70% (2773/3961)
2026-10-02T06:30:11.5349623Z Updating files:  71% (2813/3961)
2026-10-02T06:30:11.5420656Z Updating files:  72% (2852/3961)
2026-10-02T06:30:11.5486120Z Updating files:  73% (2892/3961)
2026-10-02T06:30:11.5534252Z Updating files:  74% (2932/3961)
2026-10-02T06:30:11.5573980Z Updating files:  75% (2971/3961)
2026-10-02T06:30:11.5595697Z Updating files:  76% (3011/3961)
2026-10-02T06:30:11.5636226Z Updating files:  77% (3050/3961)
2026-10-02T06:30:11.5679992Z Updating files:  78% (3090/3961)
2026-10-02T06:30:11.5713719Z Updating files:  79% (3130/3961)
2026-10-02T06:30:11.5764672Z Updating files:  80% (3169/3961)
2026-10-02T06:30:11.5816378Z Updating files:  81% (3209/3961)
2026-10-02T06:30:11.5852456Z Updating files:  82% (3249/3961)
2026-10-02T06:30:11.5926072Z Updating files:  83% (3288/3961)
2026-10-02T06:30:11.6000327Z Updating files:  84% (3328/3961)
2026-10-02T06:30:11.6055495Z Updating files:  85% (3367/3961)
2026-10-02T06:30:11.6112193Z Updating files:  86% (3407/3961)
2026-10-02T06:30:11.6140315Z Updating files:  87% (3447/3961)
2026-10-02T06:30:11.6174400Z Updating files:  88% (3486/3961)
2026-10-02T06:30:11.6200923Z Updating files:  89% (3526/3961)
2026-10-02T06:30:11.6250773Z Updating files:  90% (3565/3961)
2026-10-02T06:30:11.6277614Z Updating files:  91% (3605/3961)
2026-10-02T06:30:11.6303844Z Updating files:  92% (3645/3961)
2026-10-02T06:30:11.6330683Z Updating files:  93% (3684/3961)
2026-10-02T06:30:11.6355976Z Updating files:  94% (3724/3961)
2026-10-02T06:30:11.6397759Z Updating files:  95% (3763/3961)
2026-10-02T06:30:11.6519117Z Updating files:  96% (3803/3961)
2026-10-02T06:30:11.6542575Z Updating files:  97% (3843/3961)
2026-10-02T06:30:11.6570457Z Updating files:  98% (3882/3961)
2026-10-02T06:30:11.6592613Z Updating files:  99% (3922/3961)
2026-10-02T06:30:11.6593090Z Updating files: 100% (3961/3961)
2026-10-02T06:30:11.6593800Z Updating files: 100% (3961/3961), done.
2026-10-02T06:30:11.6652883Z Note: switching to 'refs/remotes/pull/1/merge'.
2026-10-02T06:30:11.6653306Z 
2026-10-02T06:30:11.6653654Z You are in 'detached HEAD' state. You can look around, make experimental
2026-10-02T06:30:11.6654500Z changes and commit them, and you can discard any commits you make in this
2026-10-02T06:30:11.6655590Z state without impacting any branches by switching back to a branch.
2026-10-02T06:30:11.6656091Z 
2026-10-02T06:30:11.6656394Z If you want to create a new branch to retain commits you create, you may
2026-10-02T06:30:11.6657467Z do so (now or later) by using -c with the switch command. Example:
2026-10-02T06:30:11.6657888Z 
2026-10-02T06:30:11.6658057Z   git switch -c <new-branch-name>
2026-10-02T06:30:11.6658329Z 
2026-10-02T06:30:11.6658487Z Or undo this operation with:
2026-10-02T06:30:11.6658743Z 
2026-10-02T06:30:11.6658878Z   git switch -
2026-10-02T06:30:11.6659073Z 
2026-10-02T06:30:11.6659416Z Turn off this advice by setting config variable advice.detachedHead to false
2026-10-02T06:30:11.6659927Z 
2026-10-02T06:30:11.6660517Z HEAD is now at de94bed Merge ebffbaf8ba705e1f424c4b09bf4975db4623b47c into 609ea8a73f845b496b59b5cae181f515c5919850
2026-10-02T06:30:11.6767129Z ##[endgroup]
2026-10-02T06:30:11.6893897Z [command]/usr/bin/git log -1 --format=%H
2026-10-02T06:30:11.6894500Z de94beda6b03fbbdf0f5d2f619b9efe49ed3a687
2026-10-02T06:30:11.7134550Z ##[group]Run actions/setup-python@v5
2026-10-02T06:30:11.7134873Z with:
2026-10-02T06:30:11.7135082Z   python-version: 3.11
2026-10-02T06:30:11.7135694Z   check-latest: false
2026-10-02T06:30:11.7137999Z   token: ***
2026-10-02T06:30:11.7138214Z   update-environment: true
2026-10-02T06:30:11.7138459Z   allow-prereleases: false
2026-10-02T06:30:11.7138687Z   freethreaded: false
2026-10-02T06:30:11.7138901Z ##[endgroup]
2026-10-02T06:30:11.8575034Z ##[group]Installed versions
2026-10-02T06:30:12.0173786Z (node:2004) [DEP0040] DeprecationWarning: The `punycode` module is deprecated. Please use a userland alternative instead.
2026-10-02T06:30:12.0175030Z (Use `node --trace-deprecation ...` to show where the warning was created)
2026-10-02T06:30:12.0176025Z Successfully set up CPython (3.11.16)
2026-10-02T06:30:12.0176802Z ##[endgroup]
2026-10-02T06:30:12.0330602Z ##[group]Run python -m pip install "psutil>=7.2,<8" "matplotlib>=3.8,<4"
2026-10-02T06:30:12.0331181Z [36;1mpython -m pip install "psutil>=7.2,<8" "matplotlib>=3.8,<4"[0m
2026-10-02T06:30:12.4791683Z shell: /usr/bin/bash -e {0}
2026-10-02T06:30:12.4792057Z env:
2026-10-02T06:30:12.4792442Z   pythonLocation: /opt/hostedtoolcache/Python/3.11.16/x64
2026-10-02T06:30:12.4793075Z   PKG_CONFIG_PATH: /opt/hostedtoolcache/Python/3.11.16/x64/lib/pkgconfig
2026-10-02T06:30:12.4793686Z   Python_ROOT_DIR: /opt/hostedtoolcache/Python/3.11.16/x64
2026-10-02T06:30:12.4794246Z   Python2_ROOT_DIR: /opt/hostedtoolcache/Python/3.11.16/x64
2026-10-02T06:30:12.4794799Z   Python3_ROOT_DIR: /opt/hostedtoolcache/Python/3.11.16/x64
2026-10-02T06:30:12.4795568Z   LD_LIBRARY_PATH: /opt/hostedtoolcache/Python/3.11.16/x64/lib
2026-10-02T06:30:12.4796048Z ##[endgroup]
2026-10-02T06:30:17.5474380Z Collecting psutil<8,>=7.2
2026-10-02T06:30:17.5854905Z   Downloading psutil-7.2.2-cp36-abi3-manylinux2010_x86_64.manylinux_2_12_x86_64.manylinux_2_28_x86_64.whl.metadata (22 kB)
2026-10-02T06:30:17.7198961Z Collecting matplotlib<4,>=3.8
2026-10-02T06:30:17.7238323Z   Downloading matplotlib-3.11.2-cp311-cp311-manylinux2014_x86_64.manylinux_2_17_x86_64.whl.metadata (80 kB)
2026-10-02T06:30:17.8054971Z Collecting contourpy>=1.0.1 (from matplotlib<4,>=3.8)
2026-10-02T06:30:17.8102431Z   Downloading contourpy-1.3.3-cp311-cp311-manylinux_2_27_x86_64.manylinux_2_28_x86_64.whl.metadata (5.5 kB)
2026-10-02T06:30:17.8233224Z Collecting cycler>=0.10 (from matplotlib<4,>=3.8)
2026-10-02T06:30:17.8270653Z   Downloading cycler-0.12.1-py3-none-any.whl.metadata (3.8 kB)
2026-10-02T06:30:17.9675589Z Collecting fonttools>=4.28.2 (from matplotlib<4,>=3.8)
2026-10-02T06:30:17.9717952Z   Downloading fonttools-4.66.1-cp311-cp311-manylinux2014_x86_64.manylinux_2_17_x86_64.whl.metadata (130 kB)
2026-10-02T06:30:18.0454680Z Collecting kiwisolver>=1.3.1 (from matplotlib<4,>=3.8)
2026-10-02T06:30:18.0495353Z   Downloading kiwisolver-1.5.1-cp311-cp311-manylinux2014_x86_64.manylinux_2_17_x86_64.whl.metadata (5.2 kB)
2026-10-02T06:30:18.2460498Z Collecting numpy>=1.25 (from matplotlib<4,>=3.8)
2026-10-02T06:30:18.2499187Z   Downloading numpy-2.4.6-cp311-cp311-manylinux_2_27_x86_64.manylinux_2_28_x86_64.whl.metadata (6.6 kB)
2026-10-02T06:30:18.2686210Z Collecting packaging>=20.0 (from matplotlib<4,>=3.8)
2026-10-02T06:30:18.2725922Z   Downloading packaging-26.3-py3-none-any.whl.metadata (3.5 kB)
2026-10-02T06:30:18.4276631Z Collecting pillow>=9 (from matplotlib<4,>=3.8)
2026-10-02T06:30:18.4319121Z   Downloading pillow-12.3.0-cp311-cp311-manylinux_2_27_x86_64.manylinux_2_28_x86_64.whl.metadata (9.1 kB)
2026-10-02T06:30:18.4563777Z Collecting pyparsing>=3 (from matplotlib<4,>=3.8)
2026-10-02T06:30:18.4601112Z   Downloading pyparsing-3.3.3-py3-none-any.whl.metadata (5.9 kB)
2026-10-02T06:30:18.4748459Z Collecting python-dateutil>=2.7 (from matplotlib<4,>=3.8)
2026-10-02T06:30:18.4787733Z   Downloading python_dateutil-2.9.0.post0-py2.py3-none-any.whl.metadata (8.4 kB)
2026-10-02T06:30:18.4954647Z Collecting six>=1.5 (from python-dateutil>=2.7->matplotlib<4,>=3.8)
2026-10-02T06:30:18.4992253Z   Downloading six-1.17.0-py2.py3-none-any.whl.metadata (1.7 kB)
2026-10-02T06:30:18.5067230Z Downloading psutil-7.2.2-cp36-abi3-manylinux2010_x86_64.manylinux_2_12_x86_64.manylinux_2_28_x86_64.whl (155 kB)
2026-10-02T06:30:18.5149870Z Downloading matplotlib-3.11.2-cp311-cp311-manylinux2014_x86_64.manylinux_2_17_x86_64.whl (9.9 MB)
2026-10-02T06:30:18.5976205Z    ━━━━━━━━━━━━━━━━━━━━━━━━━━━━━━━━━━━━━━━━ 9.9/9.9 MB 125.7 MB/s  0:00:00
2026-10-02T06:30:18.6018619Z Downloading contourpy-1.3.3-cp311-cp311-manylinux_2_27_x86_64.manylinux_2_28_x86_64.whl (355 kB)
2026-10-02T06:30:18.6092493Z Downloading cycler-0.12.1-py3-none-any.whl (8.3 kB)
2026-10-02T06:30:18.6156806Z Downloading fonttools-4.66.1-cp311-cp311-manylinux2014_x86_64.manylinux_2_17_x86_64.whl (5.4 MB)
2026-10-02T06:30:18.6462943Z    ━━━━━━━━━━━━━━━━━━━━━━━━━━━━━━━━━━━━━━━━ 5.4/5.4 MB 188.3 MB/s  0:00:00
2026-10-02T06:30:18.6504729Z Downloading kiwisolver-1.5.1-cp311-cp311-manylinux2014_x86_64.manylinux_2_17_x86_64.whl (1.4 MB)
2026-10-02T06:30:18.6605900Z    ━━━━━━━━━━━━━━━━━━━━━━━━━━━━━━━━━━━━━━━━ 1.4/1.4 MB 154.1 MB/s  0:00:00
2026-10-02T06:30:18.6651826Z Downloading numpy-2.4.6-cp311-cp311-manylinux_2_27_x86_64.manylinux_2_28_x86_64.whl (16.9 MB)
2026-10-02T06:30:18.7409478Z    ━━━━━━━━━━━━━━━━━━━━━━━━━━━━━━━━━━━━━━━━ 16.9/16.9 MB 228.1 MB/s  0:00:00
2026-10-02T06:30:18.7447507Z Downloading packaging-26.3-py3-none-any.whl (129 kB)
2026-10-02T06:30:18.7512575Z Downloading pillow-12.3.0-cp311-cp311-manylinux_2_27_x86_64.manylinux_2_28_x86_64.whl (6.9 MB)
2026-10-02T06:30:18.7849404Z    ━━━━━━━━━━━━━━━━━━━━━━━━━━━━━━━━━━━━━━━━ 6.9/6.9 MB 217.2 MB/s  0:00:00
2026-10-02T06:30:18.7890928Z Downloading pyparsing-3.3.3-py3-none-any.whl (126 kB)
2026-10-02T06:30:18.7951617Z Downloading python_dateutil-2.9.0.post0-py2.py3-none-any.whl (229 kB)
2026-10-02T06:30:18.8029692Z Downloading six-1.17.0-py2.py3-none-any.whl (11 kB)
2026-10-02T06:30:19.3229964Z Installing collected packages: six, pyparsing, psutil, pillow, packaging, numpy, kiwisolver, fonttools, cycler, python-dateutil, contourpy, matplotlib
2026-10-02T06:30:24.4028145Z 
2026-10-02T06:30:24.4041490Z Successfully installed contourpy-1.3.3 cycler-0.12.1 fonttools-4.66.1 kiwisolver-1.5.1 matplotlib-3.11.2 numpy-2.4.6 packaging-26.3 pillow-12.3.0 psutil-7.2.2 pyparsing-3.3.3 python-dateutil-2.9.0.post0 six-1.17.0
2026-10-02T06:30:24.4876244Z ##[group]Run python scripts/run_quality_gate.py --profile endurance --output output/quality-endurance
2026-10-02T06:30:24.4877076Z [36;1mpython scripts/run_quality_gate.py --profile endurance --output output/quality-endurance[0m
2026-10-02T06:30:24.4948917Z shell: /usr/bin/bash -e {0}
2026-10-02T06:30:24.4949204Z env:
2026-10-02T06:30:24.4949517Z   pythonLocation: /opt/hostedtoolcache/Python/3.11.16/x64
2026-10-02T06:30:24.4950047Z   PKG_CONFIG_PATH: /opt/hostedtoolcache/Python/3.11.16/x64/lib/pkgconfig
2026-10-02T06:30:24.4950565Z   Python_ROOT_DIR: /opt/hostedtoolcache/Python/3.11.16/x64
2026-10-02T06:30:24.4951027Z   Python2_ROOT_DIR: /opt/hostedtoolcache/Python/3.11.16/x64
2026-10-02T06:30:24.4951500Z   Python3_ROOT_DIR: /opt/hostedtoolcache/Python/3.11.16/x64
2026-10-02T06:30:24.4952013Z   LD_LIBRARY_PATH: /opt/hostedtoolcache/Python/3.11.16/x64/lib
2026-10-02T06:30:24.4952408Z ##[endgroup]
2026-10-02T06:30:26.0912118Z [quality] load-endurance-smoke: RUNNING
2026-10-02T06:30:56.8462777Z [quality] load-endurance-smoke: PASSED
2026-10-02T06:30:56.9025131Z [quality] PASSED: /home/runner/work/mini-drop/mini-drop/output/quality-endurance/report.html
2026-10-02T06:30:56.9146717Z ##[group]Run python scripts/render_load_report.py output/quality-endurance/load-endurance-smoke/measurement/report.json --output output/quality-endurance/load-endurance-smoke/measurement/report.html
2026-10-02T06:30:56.9148177Z [36;1mpython scripts/render_load_report.py output/quality-endurance/load-endurance-smoke/measurement/report.json --output output/quality-endurance/load-endurance-smoke/measurement/report.html[0m
2026-10-02T06:30:56.9219930Z shell: /usr/bin/bash -e {0}
2026-10-02T06:30:56.9220178Z env:
2026-10-02T06:30:56.9220438Z   pythonLocation: /opt/hostedtoolcache/Python/3.11.16/x64
2026-10-02T06:30:56.9220897Z   PKG_CONFIG_PATH: /opt/hostedtoolcache/Python/3.11.16/x64/lib/pkgconfig
2026-10-02T06:30:56.9221325Z   Python_ROOT_DIR: /opt/hostedtoolcache/Python/3.11.16/x64
2026-10-02T06:30:56.9221712Z   Python2_ROOT_DIR: /opt/hostedtoolcache/Python/3.11.16/x64
2026-10-02T06:30:56.9222097Z   Python3_ROOT_DIR: /opt/hostedtoolcache/Python/3.11.16/x64
2026-10-02T06:30:56.9222512Z   LD_LIBRARY_PATH: /opt/hostedtoolcache/Python/3.11.16/x64/lib
2026-10-02T06:30:56.9222833Z ##[endgroup]
2026-10-02T06:31:00.6606692Z output/quality-endurance/load-endurance-smoke/measurement/report.html
2026-10-02T06:31:00.7330133Z ##[group]Run actions/upload-artifact@v4
2026-10-02T06:31:00.7330442Z with:
2026-10-02T06:31:00.7330738Z   name: load-endurance-de94beda6b03fbbdf0f5d2f619b9efe49ed3a687-1
2026-10-02T06:31:00.7331115Z   path: output/quality-endurance/
2026-10-02T06:31:00.7331370Z   if-no-files-found: error
2026-10-02T06:31:00.7331602Z   retention-days: 14
2026-10-02T06:31:00.7331815Z   compression-level: 6
2026-10-02T06:31:00.7332224Z   overwrite: false
2026-10-02T06:31:00.7332435Z   include-hidden-files: false
2026-10-02T06:31:00.7332659Z env:
2026-10-02T06:31:00.7332902Z   pythonLocation: /opt/hostedtoolcache/Python/3.11.16/x64
2026-10-02T06:31:00.7333319Z   PKG_CONFIG_PATH: /opt/hostedtoolcache/Python/3.11.16/x64/lib/pkgconfig
2026-10-02T06:31:00.7333744Z   Python_ROOT_DIR: /opt/hostedtoolcache/Python/3.11.16/x64
2026-10-02T06:31:00.7334125Z   Python2_ROOT_DIR: /opt/hostedtoolcache/Python/3.11.16/x64
2026-10-02T06:31:00.7334518Z   Python3_ROOT_DIR: /opt/hostedtoolcache/Python/3.11.16/x64
2026-10-02T06:31:00.7334925Z   LD_LIBRARY_PATH: /opt/hostedtoolcache/Python/3.11.16/x64/lib
2026-10-02T06:31:00.7335430Z ##[endgroup]
2026-10-02T06:31:00.9139935Z (node:2099) [DEP0040] DeprecationWarning: The `punycode` module is deprecated. Please use a userland alternative instead.
2026-10-02T06:31:00.9141084Z (Use `node --trace-deprecation ...` to show where the warning was created)
2026-10-02T06:31:00.9250138Z With the provided path, there will be 12 files uploaded
2026-10-02T06:31:00.9257494Z Artifact name is valid!
2026-10-02T06:31:00.9258211Z Root directory input is valid!
2026-10-02T06:31:01.1345657Z Beginning upload of artifact content to blob storage
2026-10-02T06:31:01.1802259Z (node:2099) [DEP0169] DeprecationWarning: `url.parse()` behavior is not standardized and prone to errors that have security implications. Use the WHATWG URL API instead. CVEs are not issued for `url.parse()` vulnerabilities.
2026-10-02T06:31:01.2438243Z Uploaded bytes 182479
2026-10-02T06:31:01.2617012Z Finished uploading artifact content to blob storage!
2026-10-02T06:31:01.2618199Z SHA256 digest of uploaded artifact zip is 6a6e17d4f96ae3e8b77837520979ae4a0d309950cf765b23d67c018ac28a42ef
2026-10-02T06:31:01.2620198Z Finalizing artifact upload
2026-10-02T06:31:01.5084627Z Artifact load-endurance-de94beda6b03fbbdf0f5d2f619b9efe49ed3a687-1.zip successfully finalized. Artifact ID 11212472304
2026-10-02T06:31:01.5086599Z Artifact load-endurance-de94beda6b03fbbdf0f5d2f619b9efe49ed3a687-1 has been successfully uploaded! Final size is 182479 bytes. Artifact ID is 11212472304
2026-10-02T06:31:01.5092009Z Artifact download URL: https://github.com/llongwang751-arch/mini-drop/actions/runs/36973829118/artifacts/11212472304
2026-10-02T06:31:01.5275541Z Post job cleanup.
2026-10-02T06:31:01.6595462Z (node:2112) [DEP0040] DeprecationWarning: The `punycode` module is deprecated. Please use a userland alternative instead.
2026-10-02T06:31:01.6596735Z (Use `node --trace-deprecation ...` to show where the warning was created)
2026-10-02T06:31:01.6819809Z Post job cleanup.
2026-10-02T06:31:01.7765840Z [command]/usr/bin/git version
2026-10-02T06:31:01.7825814Z git version 2.55.0
2026-10-02T06:31:01.7859358Z Temporarily overriding HOME='/home/runner/work/_temp/ad96170e-a0eb-4945-9934-72e2c5230aa0' before making global git config changes
2026-10-02T06:31:01.7860903Z Adding repository directory to the temporary git global config as a safe directory
2026-10-02T06:31:01.7862162Z [command]/usr/bin/git config --global --add safe.directory /home/runner/work/mini-drop/mini-drop
2026-10-02T06:31:01.7895383Z [command]/usr/bin/git config --local --name-only --get-regexp core\.sshCommand
2026-10-02T06:31:01.7946300Z [command]/usr/bin/git submodule foreach --recursive sh -c "git config --local --name-only --get-regexp 'core\.sshCommand' && git config --local --unset-all 'core.sshCommand' || :"
2026-10-02T06:31:01.8328959Z [command]/usr/bin/git config --local --name-only --get-regexp http\.https\:\/\/github\.com\/\.extraheader
2026-10-02T06:31:01.8365067Z http.https://github.com/.extraheader
2026-10-02T06:31:01.8381795Z [command]/usr/bin/git config --local --unset-all http.https://github.com/.extraheader
2026-10-02T06:31:01.8451026Z [command]/usr/bin/git submodule foreach --recursive sh -c "git config --local --name-only --get-regexp 'http\.https\:\/\/github\.com\/\.extraheader' && git config --local --unset-all 'http.https://github.com/.extraheader' || :"
2026-10-02T06:31:01.8853426Z [command]/usr/bin/git config --local --name-only --get-regexp ^includeIf\.gitdir:
2026-10-02T06:31:01.8897239Z [command]/usr/bin/git submodule foreach --recursive git config --local --show-origin --name-only --get-regexp remote.origin.url
2026-10-02T06:31:01.9344289Z Cleaning up orphan processes
2026-10-02T06:31:01.9630633Z ##[warning]Node.js 20 is deprecated. The following actions target Node.js 20 but are being forced to run on Node.js 24: actions/checkout@v4, actions/setup-python@v5, actions/upload-artifact@v4. For more information see: https://github.blog/changelog/2025-09-19-deprecation-of-node-20-on-github-actions-runners/
