2026-10-02T06:30:00.0596197Z Current runner version: '2.337.0'
2026-10-02T06:30:00.0624390Z ##[group]Runner Image Provisioner
2026-10-02T06:30:00.0625464Z Hosted Compute Agent
2026-10-02T06:30:00.0626129Z Version: 20260901.588
2026-10-02T06:30:00.0626844Z Commit: f88ec8081b781fac6c440065ac7ff9e710ce3d0b
2026-10-02T06:30:00.0627709Z Build Date: 2026-09-01T19:56:44Z
2026-10-02T06:30:00.0628498Z Worker ID: {569ad551-9e98-42d8-ac2e-7aae89111366}
2026-10-02T06:30:00.0629290Z Azure Region: eastus
2026-10-02T06:30:00.0630341Z ##[endgroup]
2026-10-02T06:30:00.0632569Z ##[group]Operating System
2026-10-02T06:30:00.0633362Z Ubuntu
2026-10-02T06:30:00.0633948Z 22.04.5
2026-10-02T06:30:00.0634470Z LTS
2026-10-02T06:30:00.0635097Z ##[endgroup]
2026-10-02T06:30:00.0635740Z ##[group]Runner Image
2026-10-02T06:30:00.0636437Z Image: ubuntu-22.04
2026-10-02T06:30:00.0637056Z Version: 20260927.309.1
2026-10-02T06:30:00.0638449Z Included Software: https://github.com/actions/runner-images/blob/ubuntu22/20260927.309/images/ubuntu/Ubuntu2204-Readme.md
2026-10-02T06:30:00.0640579Z Image Release: https://github.com/actions/runner-images/releases/tag/ubuntu22%2F20260927.309
2026-10-02T06:30:00.0641713Z ##[endgroup]
2026-10-02T06:30:00.0643029Z ##[group]GITHUB_TOKEN Permissions
2026-10-02T06:30:00.0645445Z Contents: read
2026-10-02T06:30:00.0646102Z Metadata: read
2026-10-02T06:30:00.0646804Z Packages: read
2026-10-02T06:30:00.0647416Z ##[endgroup]
2026-10-02T06:30:00.0650073Z Secret source: Actions
2026-10-02T06:30:00.0651275Z Cache mode: write
2026-10-02T06:30:00.0652283Z Prepare workflow directory
2026-10-02T06:30:00.1072143Z Prepare all required actions
2026-10-02T06:30:00.1121689Z Getting action download info
2026-10-02T06:30:00.3394021Z Download action repository 'actions/checkout@v4' (SHA:11d5960a326750d5838078e36cf38b85af677262)
2026-10-02T06:30:00.4343713Z Download action repository 'actions/setup-go@v5' (SHA:40f1582b2485089dde7abd97c1529aa768e1baff)
2026-10-02T06:30:00.6202618Z Download action repository 'actions/upload-artifact@v4' (SHA:ea165f8d65b6e75b540449e92b4886f43607fa02)
2026-10-02T06:30:00.7424411Z Download action repository 'golangci/golangci-lint-action@v9' (SHA:ba0d7d2ec06a0ea1cb5fa41b2e4a3ab91d21278a)
2026-10-02T06:30:01.0183853Z Complete job name: Go (apiserver)
2026-10-02T06:30:01.1183252Z ##[group]Run actions/checkout@v4
2026-10-02T06:30:01.1184620Z with:
2026-10-02T06:30:01.1185446Z   repository: llongwang751-arch/mini-drop
2026-10-02T06:30:01.1195618Z   token: ***
2026-10-02T06:30:01.1196413Z   ssh-strict: true
2026-10-02T06:30:01.1197199Z   ssh-user: git
2026-10-02T06:30:01.1197996Z   persist-credentials: true
2026-10-02T06:30:01.1199112Z   clean: true
2026-10-02T06:30:01.1200226Z   sparse-checkout-cone-mode: true
2026-10-02T06:30:01.1201212Z   fetch-depth: 1
2026-10-02T06:30:01.1201996Z   fetch-tags: false
2026-10-02T06:30:01.1202805Z   show-progress: true
2026-10-02T06:30:01.1203606Z   lfs: false
2026-10-02T06:30:01.1204347Z   submodules: false
2026-10-02T06:30:01.1205172Z   set-safe-directory: true
2026-10-02T06:30:01.1206107Z   allow-unsafe-pr-checkout: false
2026-10-02T06:30:01.1207445Z ##[endgroup]
2026-10-02T06:30:01.2312409Z Syncing repository: llongwang751-arch/mini-drop
2026-10-02T06:30:01.2315344Z ##[group]Getting Git version info
2026-10-02T06:30:01.2316813Z Working directory is '/home/runner/work/mini-drop/mini-drop'
2026-10-02T06:30:01.2318738Z [command]/usr/bin/git version
2026-10-02T06:30:01.2390895Z git version 2.55.0
2026-10-02T06:30:01.2443652Z ##[endgroup]
2026-10-02T06:30:01.2454828Z Temporarily overriding HOME='/home/runner/work/_temp/b4d8464c-3be3-4478-9058-542ec5180b1a' before making global git config changes
2026-10-02T06:30:01.2458330Z Adding repository directory to the temporary git global config as a safe directory
2026-10-02T06:30:01.2462719Z [command]/usr/bin/git config --global --add safe.directory /home/runner/work/mini-drop/mini-drop
2026-10-02T06:30:01.2497133Z Deleting the contents of '/home/runner/work/mini-drop/mini-drop'
2026-10-02T06:30:01.2516264Z ##[group]Initializing the repository
2026-10-02T06:30:01.2521054Z [command]/usr/bin/git init /home/runner/work/mini-drop/mini-drop
2026-10-02T06:30:01.2640400Z hint: Using 'master' as the name for the initial branch. This default branch name
2026-10-02T06:30:01.2644157Z hint: will change to "main" in Git 3.0. To configure the initial branch name
2026-10-02T06:30:01.2647776Z hint: to use in all of your new repositories, which will suppress this warning,
2026-10-02T06:30:01.2650825Z hint: call:
2026-10-02T06:30:01.2652744Z hint:
2026-10-02T06:30:01.2654472Z hint: 	git config --global init.defaultBranch <name>
2026-10-02T06:30:01.2656426Z hint:
2026-10-02T06:30:01.2658238Z hint: Names commonly chosen instead of 'master' are 'main', 'trunk' and
2026-10-02T06:30:01.2661505Z hint: 'development'. The just-created branch can be renamed via this command:
2026-10-02T06:30:01.2663790Z hint:
2026-10-02T06:30:01.2664819Z hint: 	git branch -m <name>
2026-10-02T06:30:01.2665682Z hint:
2026-10-02T06:30:01.2666831Z hint: Disable this message with "git config set advice.defaultBranchName false"
2026-10-02T06:30:01.2668773Z Initialized empty Git repository in /home/runner/work/mini-drop/mini-drop/.git/
2026-10-02T06:30:01.2672406Z [command]/usr/bin/git remote add origin https://github.com/llongwang751-arch/mini-drop
2026-10-02T06:30:01.2708193Z ##[endgroup]
2026-10-02T06:30:01.2711435Z ##[group]Disabling automatic garbage collection
2026-10-02T06:30:01.2713899Z [command]/usr/bin/git config --local gc.auto 0
2026-10-02T06:30:01.2751507Z ##[endgroup]
2026-10-02T06:30:01.2752794Z ##[group]Setting up auth
2026-10-02T06:30:01.2759219Z [command]/usr/bin/git config --local --name-only --get-regexp core\.sshCommand
2026-10-02T06:30:01.2801978Z [command]/usr/bin/git submodule foreach --recursive sh -c "git config --local --name-only --get-regexp 'core\.sshCommand' && git config --local --unset-all 'core.sshCommand' || :"
2026-10-02T06:30:01.3217062Z [command]/usr/bin/git config --local --name-only --get-regexp http\.https\:\/\/github\.com\/\.extraheader
2026-10-02T06:30:01.3262241Z [command]/usr/bin/git submodule foreach --recursive sh -c "git config --local --name-only --get-regexp 'http\.https\:\/\/github\.com\/\.extraheader' && git config --local --unset-all 'http.https://github.com/.extraheader' || :"
2026-10-02T06:30:01.3533345Z [command]/usr/bin/git config --local --name-only --get-regexp ^includeIf\.gitdir:
2026-10-02T06:30:01.3575004Z [command]/usr/bin/git submodule foreach --recursive git config --local --show-origin --name-only --get-regexp remote.origin.url
2026-10-02T06:30:01.3839915Z [command]/usr/bin/git config --local http.https://github.com/.extraheader AUTHORIZATION: basic ***
2026-10-02T06:30:01.3884796Z ##[endgroup]
2026-10-02T06:30:01.3967687Z ##[group]Fetching the repository
2026-10-02T06:30:01.3973392Z [command]/usr/bin/git -c protocol.version=2 fetch --no-tags --prune --no-recurse-submodules --depth=1 origin +de94beda6b03fbbdf0f5d2f619b9efe49ed3a687:refs/remotes/pull/1/merge
2026-10-02T06:30:08.7381991Z From https://github.com/llongwang751-arch/mini-drop
2026-10-02T06:30:08.7383178Z  * [new ref]         de94beda6b03fbbdf0f5d2f619b9efe49ed3a687 -> pull/1/merge
2026-10-02T06:30:08.7387712Z ##[endgroup]
2026-10-02T06:30:08.7388552Z ##[group]Determining the checkout info
2026-10-02T06:30:08.7391397Z ##[endgroup]
2026-10-02T06:30:08.7398997Z [command]/usr/bin/git sparse-checkout disable
2026-10-02T06:30:08.7501450Z [command]/usr/bin/git config --local --unset-all extensions.worktreeConfig
2026-10-02T06:30:08.7516332Z ##[group]Checking out the ref
2026-10-02T06:30:08.7521778Z [command]/usr/bin/git checkout --progress --force refs/remotes/pull/1/merge
2026-10-02T06:30:09.7819655Z Updating files:  67% (2664/3961)
2026-10-02T06:30:09.8114463Z Updating files:  68% (2694/3961)
2026-10-02T06:30:09.8163398Z Updating files:  69% (2734/3961)
2026-10-02T06:30:09.8207264Z Updating files:  70% (2773/3961)
2026-10-02T06:30:09.8286958Z Updating files:  71% (2813/3961)
2026-10-02T06:30:09.8359496Z Updating files:  72% (2852/3961)
2026-10-02T06:30:09.8441655Z Updating files:  73% (2892/3961)
2026-10-02T06:30:09.8489820Z Updating files:  74% (2932/3961)
2026-10-02T06:30:09.8529304Z Updating files:  75% (2971/3961)
2026-10-02T06:30:09.8550964Z Updating files:  76% (3011/3961)
2026-10-02T06:30:09.8590779Z Updating files:  77% (3050/3961)
2026-10-02T06:30:09.8634156Z Updating files:  78% (3090/3961)
2026-10-02T06:30:09.8667593Z Updating files:  79% (3130/3961)
2026-10-02T06:30:09.8717906Z Updating files:  80% (3169/3961)
2026-10-02T06:30:09.8768519Z Updating files:  81% (3209/3961)
2026-10-02T06:30:09.8802654Z Updating files:  82% (3249/3961)
2026-10-02T06:30:09.8874259Z Updating files:  83% (3288/3961)
2026-10-02T06:30:09.8947322Z Updating files:  84% (3328/3961)
2026-10-02T06:30:09.9002096Z Updating files:  85% (3367/3961)
2026-10-02T06:30:09.9058389Z Updating files:  86% (3407/3961)
2026-10-02T06:30:09.9086094Z Updating files:  87% (3447/3961)
2026-10-02T06:30:09.9120028Z Updating files:  88% (3486/3961)
2026-10-02T06:30:09.9146231Z Updating files:  89% (3526/3961)
2026-10-02T06:30:09.9194992Z Updating files:  90% (3565/3961)
2026-10-02T06:30:09.9220952Z Updating files:  91% (3605/3961)
2026-10-02T06:30:09.9246322Z Updating files:  92% (3645/3961)
2026-10-02T06:30:09.9272145Z Updating files:  93% (3684/3961)
2026-10-02T06:30:09.9296999Z Updating files:  94% (3724/3961)
2026-10-02T06:30:09.9338019Z Updating files:  95% (3763/3961)
2026-10-02T06:30:09.9470324Z Updating files:  96% (3803/3961)
2026-10-02T06:30:09.9484119Z Updating files:  97% (3843/3961)
2026-10-02T06:30:09.9511923Z Updating files:  98% (3882/3961)
2026-10-02T06:30:09.9535498Z Updating files:  99% (3922/3961)
2026-10-02T06:30:09.9536317Z Updating files: 100% (3961/3961)
2026-10-02T06:30:09.9536925Z Updating files: 100% (3961/3961), done.
2026-10-02T06:30:09.9594985Z Note: switching to 'refs/remotes/pull/1/merge'.
2026-10-02T06:30:09.9595872Z 
2026-10-02T06:30:09.9596578Z You are in 'detached HEAD' state. You can look around, make experimental
2026-10-02T06:30:09.9597787Z changes and commit them, and you can discard any commits you make in this
2026-10-02T06:30:09.9598741Z state without impacting any branches by switching back to a branch.
2026-10-02T06:30:09.9599212Z 
2026-10-02T06:30:09.9599775Z If you want to create a new branch to retain commits you create, you may
2026-10-02T06:30:09.9600840Z do so (now or later) by using -c with the switch command. Example:
2026-10-02T06:30:09.9601291Z 
2026-10-02T06:30:09.9601474Z   git switch -c <new-branch-name>
2026-10-02T06:30:09.9601758Z 
2026-10-02T06:30:09.9601934Z Or undo this operation with:
2026-10-02T06:30:09.9602195Z 
2026-10-02T06:30:09.9602339Z   git switch -
2026-10-02T06:30:09.9602541Z 
2026-10-02T06:30:09.9602896Z Turn off this advice by setting config variable advice.detachedHead to false
2026-10-02T06:30:09.9603419Z 
2026-10-02T06:30:09.9604015Z HEAD is now at de94bed Merge ebffbaf8ba705e1f424c4b09bf4975db4623b47c into 609ea8a73f845b496b59b5cae181f515c5919850
2026-10-02T06:30:09.9708519Z ##[endgroup]
2026-10-02T06:30:09.9763952Z [command]/usr/bin/git log -1 --format=%H
2026-10-02T06:30:09.9795151Z de94beda6b03fbbdf0f5d2f619b9efe49ed3a687
2026-10-02T06:30:10.0068469Z ##[group]Run actions/setup-go@v5
2026-10-02T06:30:10.0068778Z with:
2026-10-02T06:30:10.0069000Z   go-version-file: apiserver/go.mod
2026-10-02T06:30:10.0069311Z   cache-dependency-path: apiserver/go.sum
2026-10-02T06:30:10.0069855Z   cache: true
2026-10-02T06:30:10.0070072Z   check-latest: false
2026-10-02T06:30:10.0072783Z   token: ***
2026-10-02T06:30:10.0072994Z ##[endgroup]
2026-10-02T06:30:10.1478213Z Setup go version spec 1.26.8
2026-10-02T06:30:10.1510823Z Found in cache @ /opt/hostedtoolcache/go/1.26.8/x64
2026-10-02T06:30:10.1513289Z (node:2019) [DEP0040] DeprecationWarning: The `punycode` module is deprecated. Please use a userland alternative instead.
2026-10-02T06:30:10.1514412Z (Use `node --trace-deprecation ...` to show where the warning was created)
2026-10-02T06:30:10.1516345Z Added go to the path
2026-10-02T06:30:10.1521686Z Successfully set up Go version 1.26.8
2026-10-02T06:30:10.7300033Z [command]/opt/hostedtoolcache/go/1.26.8/x64/bin/go env GOMODCACHE
2026-10-02T06:30:10.7336843Z [command]/opt/hostedtoolcache/go/1.26.8/x64/bin/go env GOCACHE
2026-10-02T06:30:10.7398390Z /home/runner/go/pkg/mod
2026-10-02T06:30:10.7413070Z /home/runner/.cache/go-build
2026-10-02T06:30:10.8124262Z Cache hit for: setup-go-Linux-x64-ubuntu22-go-1.26.8-53ddbd53d793e3fffd22ee7f29b9841d7ddf0fd59f4a944399a5c4503dd61af9
2026-10-02T06:30:10.8241789Z (node:2019) [DEP0169] DeprecationWarning: `url.parse()` behavior is not standardized and prone to errors that have security implications. Use the WHATWG URL API instead. CVEs are not issued for `url.parse()` vulnerabilities.
2026-10-02T06:30:11.2704326Z Received 44800051 of 44800051 (100.0%), 106.0 MBs/sec
2026-10-02T06:30:11.2705123Z Cache Size: ~43 MB (44800051 B)
2026-10-02T06:30:11.2732455Z [command]/usr/bin/tar -xf /home/runner/work/_temp/81a4d22e-3d97-46d9-8d1a-30bbd1dc3b08/cache.tzst -P -C /home/runner/work/mini-drop/mini-drop --use-compress-program unzstd
2026-10-02T06:30:11.6507459Z Cache restored successfully
2026-10-02T06:30:11.6610492Z Cache restored from key: setup-go-Linux-x64-ubuntu22-go-1.26.8-53ddbd53d793e3fffd22ee7f29b9841d7ddf0fd59f4a944399a5c4503dd61af9
2026-10-02T06:30:11.6633431Z go version go1.26.8 linux/amd64
2026-10-02T06:30:11.6633633Z 
2026-10-02T06:30:11.6634003Z ##[group]go env
2026-10-02T06:30:11.6983074Z AR='ar'
2026-10-02T06:30:11.6983357Z CC='gcc'
2026-10-02T06:30:11.6983639Z CGO_CFLAGS='-O2 -g'
2026-10-02T06:30:11.6983883Z CGO_CPPFLAGS=''
2026-10-02T06:30:11.6984114Z CGO_CXXFLAGS='-O2 -g'
2026-10-02T06:30:11.6984351Z CGO_ENABLED='1'
2026-10-02T06:30:11.6984564Z CGO_FFLAGS='-O2 -g'
2026-10-02T06:30:11.6984781Z CGO_LDFLAGS='-O2 -g'
2026-10-02T06:30:11.6984997Z CXX='g++'
2026-10-02T06:30:11.6985195Z GCCGO='gccgo'
2026-10-02T06:30:11.6985398Z GO111MODULE=''
2026-10-02T06:30:11.6985601Z GOAMD64='v1'
2026-10-02T06:30:11.6985801Z GOARCH='amd64'
2026-10-02T06:30:11.6986000Z GOAUTH='netrc'
2026-10-02T06:30:11.6986194Z GOBIN=''
2026-10-02T06:30:11.6986425Z GOCACHE='/home/runner/.cache/go-build'
2026-10-02T06:30:11.6986771Z GOCACHEPROG=''
2026-10-02T06:30:11.6986974Z GODEBUG=''
2026-10-02T06:30:11.6987188Z GOENV='/home/runner/.config/go/env'
2026-10-02T06:30:11.6987449Z GOEXE=''
2026-10-02T06:30:11.6987646Z GOEXPERIMENT=''
2026-10-02T06:30:11.6987853Z GOFIPS140='off'
2026-10-02T06:30:11.6988049Z GOFLAGS=''
2026-10-02T06:30:11.6988751Z GOGCCFLAGS='-fPIC -m64 -pthread -Wl,--no-gc-sections -fmessage-length=0 -ffile-prefix-map=/tmp/go-build2949371838=/tmp/go-build -gno-record-gcc-switches'
2026-10-02T06:30:11.6989699Z GOHOSTARCH='amd64'
2026-10-02T06:30:11.6989928Z GOHOSTOS='linux'
2026-10-02T06:30:11.6990138Z GOINSECURE=''
2026-10-02T06:30:11.6990391Z GOMOD='/dev/null'
2026-10-02T06:30:11.6990640Z GOMODCACHE='/home/runner/go/pkg/mod'
2026-10-02T06:30:11.6990913Z GONOPROXY=''
2026-10-02T06:30:11.6991117Z GONOSUMDB=''
2026-10-02T06:30:11.6991316Z GOOS='linux'
2026-10-02T06:30:11.6991562Z GOPATH='/home/runner/go'
2026-10-02T06:30:11.6991803Z GOPRIVATE=''
2026-10-02T06:30:11.6992072Z GOPROXY='https://proxy.golang.org,direct'
2026-10-02T06:30:11.6992713Z GOROOT='/opt/hostedtoolcache/go/1.26.8/x64'
2026-10-02T06:30:11.6993053Z GOSUMDB='sum.golang.org'
2026-10-02T06:30:11.6993302Z GOTELEMETRY='local'
2026-10-02T06:30:11.6993581Z GOTELEMETRYDIR='/home/runner/.config/go/telemetry'
2026-10-02T06:30:11.6993903Z GOTMPDIR=''
2026-10-02T06:30:11.6994112Z GOTOOLCHAIN='auto'
2026-10-02T06:30:11.6994452Z GOTOOLDIR='/opt/hostedtoolcache/go/1.26.8/x64/pkg/tool/linux_amd64'
2026-10-02T06:30:11.6994833Z GOVCS=''
2026-10-02T06:30:11.6995036Z GOVERSION='go1.26.8'
2026-10-02T06:30:11.6995255Z GOWORK=''
2026-10-02T06:30:11.6995473Z PKG_CONFIG='pkg-config'
2026-10-02T06:30:11.6995622Z 
2026-10-02T06:30:11.6996002Z ##[endgroup]
2026-10-02T06:30:11.7200069Z ##[group]Run go vet ./...
2026-10-02T06:30:11.7200413Z [36;1mgo vet ./...[0m
2026-10-02T06:30:11.7680493Z shell: /usr/bin/bash -e {0}
2026-10-02T06:30:11.7680890Z ##[endgroup]
2026-10-02T06:30:12.4262860Z go: downloading google.golang.org/grpc v1.83.2
2026-10-02T06:30:12.7770612Z go: downloading google.golang.org/protobuf v1.36.11
2026-10-02T06:30:12.7912663Z go: downloading github.com/minio/minio-go/v7 v7.0.95
2026-10-02T06:30:13.1422576Z go: downloading golang.org/x/net v0.58.0
2026-10-02T06:30:13.1480546Z go: downloading google.golang.org/genproto/googleapis/rpc v0.0.0-20260526163538-3dc84a4a5aaa
2026-10-02T06:30:13.1886234Z go: downloading github.com/dustin/go-humanize v1.0.1
2026-10-02T06:30:13.1896304Z go: downloading github.com/google/uuid v1.6.0
2026-10-02T06:30:13.2098249Z go: downloading github.com/klauspost/compress v1.18.7
2026-10-02T06:30:13.2099147Z go: downloading github.com/minio/crc64nvme v1.0.2
2026-10-02T06:30:13.2555534Z go: downloading github.com/minio/md5-simd v1.1.2
2026-10-02T06:30:13.3547410Z go: downloading github.com/go-ini/ini v1.67.0
2026-10-02T06:30:13.3772865Z go: downloading golang.org/x/sys v0.47.0
2026-10-02T06:30:13.4810562Z go: downloading github.com/klauspost/cpuid/v2 v2.2.11
2026-10-02T06:30:13.4952924Z go: downloading github.com/goccy/go-json v0.10.5
2026-10-02T06:30:13.5080247Z go: downloading golang.org/x/crypto v0.56.0
2026-10-02T06:30:13.5800835Z go: downloading github.com/rs/xid v1.6.0
2026-10-02T06:30:13.6300955Z go: downloading github.com/tinylib/msgp v1.3.0
2026-10-02T06:30:13.6968580Z go: downloading github.com/philhofer/fwd v1.2.0
2026-10-02T06:30:53.4554779Z ##[group]Run go test -race -count=1 ./...
2026-10-02T06:30:53.4555152Z [36;1mgo test -race -count=1 ./...[0m
2026-10-02T06:30:53.4625453Z shell: /usr/bin/bash -e {0}
2026-10-02T06:30:53.4625717Z ##[endgroup]
2026-10-02T06:31:19.4827980Z ?   	mini-drop/apiserver/cmd/apiserver	[no test files]
2026-10-02T06:31:20.5067157Z ok  	mini-drop/apiserver/internal/config	1.022s
2026-10-02T06:31:20.8270962Z ok  	mini-drop/apiserver/internal/cron	1.342s
2026-10-02T06:31:20.8283073Z ?   	mini-drop/apiserver/internal/errorcode	[no test files]
2026-10-02T06:31:20.8292825Z ?   	mini-drop/apiserver/internal/gen/mini_drop	[no test files]
2026-10-02T06:31:21.8687581Z ok  	mini-drop/apiserver/internal/httpapi	1.054s
2026-10-02T06:31:21.8688094Z ok  	mini-drop/apiserver/internal/objectstore	1.025s
2026-10-02T06:31:21.8688517Z ok  	mini-drop/apiserver/internal/repository	1.020s
2026-10-02T06:31:21.8688918Z ok  	mini-drop/apiserver/internal/scheduler	1.017s
2026-10-02T06:31:22.8472205Z ok  	mini-drop/apiserver/internal/taskkind	1.014s
2026-10-02T06:31:22.8472847Z ?   	mini-drop/apiserver/internal/taskstatus	[no test files]
2026-10-02T06:31:22.9210303Z ##[group]Run go install golang.org/x/vuln/cmd/govulncheck@v1.8.0
2026-10-02T06:31:22.9210931Z [36;1mgo install golang.org/x/vuln/cmd/govulncheck@v1.8.0[0m
2026-10-02T06:31:22.9284925Z shell: /usr/bin/bash -e {0}
2026-10-02T06:31:22.9285197Z ##[endgroup]
2026-10-02T06:31:22.9676136Z go: downloading golang.org/x/vuln v1.8.0
2026-10-02T06:31:23.1060783Z go: downloading golang.org/x/telemetry v0.0.0-20260908163034-4bcc4b2ee518
2026-10-02T06:31:23.1154296Z go: downloading golang.org/x/mod v0.41.0
2026-10-02T06:31:23.1156976Z go: downloading golang.org/x/tools v0.50.0
2026-10-02T06:31:23.2192306Z go: downloading golang.org/x/sync v0.23.0
2026-10-02T06:31:29.4633362Z ##[group]Run set -euo pipefail
2026-10-02T06:31:29.4633712Z [36;1mset -euo pipefail[0m
2026-10-02T06:31:29.4633986Z [36;1mmkdir -p ../output/go-security[0m
2026-10-02T06:31:29.4634375Z [36;1mgovulncheck -json ./... > ../output/go-security/source.json[0m
2026-10-02T06:31:29.4634872Z [36;1mgovulncheck ./... | tee ../output/go-security/source.txt[0m
2026-10-02T06:31:29.4635398Z [36;1mCGO_ENABLED=0 go build -trimpath -o ../output/go-security/apiserver ./cmd/apiserver[0m
2026-10-02T06:31:29.4636037Z [36;1mgo version -m ../output/go-security/apiserver > ../output/go-security/binary-build.txt[0m
2026-10-02T06:31:29.4636702Z [36;1mgovulncheck -mode=binary ../output/go-security/apiserver | tee ../output/go-security/binary.txt[0m
2026-10-02T06:31:29.4637347Z [36;1msha256sum ../output/go-security/apiserver > ../output/go-security/binary.sha256[0m
2026-10-02T06:31:29.4709636Z shell: /usr/bin/bash --noprofile --norc -e -o pipefail {0}
2026-10-02T06:31:29.4710214Z ##[endgroup]
2026-10-02T06:31:35.2597705Z === Symbol Results ===
2026-10-02T06:31:35.2598125Z 
2026-10-02T06:31:35.2598526Z No vulnerabilities found.
2026-10-02T06:31:35.2600656Z 
2026-10-02T06:31:35.2601270Z Your code is affected by 0 vulnerabilities.
2026-10-02T06:31:35.2602014Z This scan also found 0 vulnerabilities in packages you import and 1
2026-10-02T06:31:35.2602671Z vulnerability in modules you require, but your code doesn't appear to call these
2026-10-02T06:31:35.2603090Z vulnerabilities.
2026-10-02T06:31:35.2603335Z Use '-show verbose' for more details.
2026-10-02T06:32:10.3029807Z === Symbol Results ===
2026-10-02T06:32:10.3030328Z 
2026-10-02T06:32:10.3030771Z No vulnerabilities found.
2026-10-02T06:32:10.3031047Z 
2026-10-02T06:32:10.3031271Z Your code is affected by 0 vulnerabilities.
2026-10-02T06:32:10.3031908Z This scan also found 0 vulnerabilities in packages you import and 1
2026-10-02T06:32:10.3032709Z vulnerability in modules you require, but your code doesn't appear to call these
2026-10-02T06:32:10.3033393Z vulnerabilities.
2026-10-02T06:32:10.3033759Z Use '-show verbose' for more details.
2026-10-02T06:32:10.4339099Z ##[group]Run actions/upload-artifact@v4
2026-10-02T06:32:10.4339718Z with:
2026-10-02T06:32:10.4340087Z   name: go-security-de94beda6b03fbbdf0f5d2f619b9efe49ed3a687-1
2026-10-02T06:32:10.4340456Z   path: output/go-security/
2026-10-02T06:32:10.4340700Z   if-no-files-found: error
2026-10-02T06:32:10.4340940Z   compression-level: 6
2026-10-02T06:32:10.4341158Z   overwrite: false
2026-10-02T06:32:10.4341381Z   include-hidden-files: false
2026-10-02T06:32:10.4341619Z ##[endgroup]
2026-10-02T06:32:10.6096586Z (node:12712) [DEP0040] DeprecationWarning: The `punycode` module is deprecated. Please use a userland alternative instead.
2026-10-02T06:32:10.6097572Z (Use `node --trace-deprecation ...` to show where the warning was created)
2026-10-02T06:32:10.6163605Z With the provided path, there will be 6 files uploaded
2026-10-02T06:32:10.6169322Z Artifact name is valid!
2026-10-02T06:32:10.6170686Z Root directory input is valid!
2026-10-02T06:32:10.8204002Z Beginning upload of artifact content to blob storage
2026-10-02T06:32:11.5061280Z (node:12712) [DEP0169] DeprecationWarning: `url.parse()` behavior is not standardized and prone to errors that have security implications. Use the WHATWG URL API instead. CVEs are not issued for `url.parse()` vulnerabilities.
2026-10-02T06:32:11.7341036Z Uploaded bytes 8388608
2026-10-02T06:32:11.9188751Z Uploaded bytes 14650229
2026-10-02T06:32:11.9370597Z Finished uploading artifact content to blob storage!
2026-10-02T06:32:11.9372103Z SHA256 digest of uploaded artifact zip is 4792500fa4238714ca4c91acc183977168f7e3b148d363121b78eebcd603cda0
2026-10-02T06:32:11.9374886Z Finalizing artifact upload
2026-10-02T06:32:12.1512558Z Artifact go-security-de94beda6b03fbbdf0f5d2f619b9efe49ed3a687-1.zip successfully finalized. Artifact ID 11212461703
2026-10-02T06:32:12.1514183Z Artifact go-security-de94beda6b03fbbdf0f5d2f619b9efe49ed3a687-1 has been successfully uploaded! Final size is 14650229 bytes. Artifact ID is 11212461703
2026-10-02T06:32:12.1521310Z Artifact download URL: https://github.com/llongwang751-arch/mini-drop/actions/runs/36973829118/artifacts/11212461703
2026-10-02T06:32:12.1768550Z ##[group]Run golangci/golangci-lint-action@v9
2026-10-02T06:32:12.1769126Z with:
2026-10-02T06:32:12.1769723Z   version: v2.14.0
2026-10-02T06:32:12.1770119Z   working-directory: apiserver
2026-10-02T06:32:12.1770598Z   args: --issues-exit-code=1
2026-10-02T06:32:12.1771015Z   install-mode: binary
2026-10-02T06:32:12.1771393Z   install-only: false
2026-10-02T06:32:12.1776546Z   github-token: ***
2026-10-02T06:32:12.1776963Z   verify: true
2026-10-02T06:32:12.1777337Z   only-new-issues: false
2026-10-02T06:32:12.1777758Z   skip-cache: false
2026-10-02T06:32:12.1778143Z   skip-save-cache: false
2026-10-02T06:32:12.1778581Z   cache-invalidation-interval: 7
2026-10-02T06:32:12.1779065Z   problem-matchers: false
2026-10-02T06:32:12.1780131Z ##[endgroup]
2026-10-02T06:32:12.3318523Z ##[group]Restore cache
2026-10-02T06:32:12.3323116Z Checking for go.mod: apiserver/go.mod
2026-10-02T06:32:12.4082218Z Cache hit for: golangci-lint.cache-Linux-apiserver-2961-ad8c36800235b485851ccc9662e431fc2cd54984
2026-10-02T06:32:12.5342173Z Received 412620 of 412620 (100.0%), 5.3 MBs/sec
2026-10-02T06:32:12.5342785Z Cache Size: ~0 MB (412620 B)
2026-10-02T06:32:12.5407325Z [command]/usr/bin/tar -xf /home/runner/work/_temp/ce18a908-7b22-4612-a081-7a16c045503b/cache.tzst -P -C /home/runner/work/mini-drop/mini-drop --use-compress-program unzstd
2026-10-02T06:32:12.6673124Z Cache restored successfully
2026-10-02T06:32:12.6679702Z Restored cache for golangci-lint from key 'golangci-lint.cache-Linux-apiserver-2961-ad8c36800235b485851ccc9662e431fc2cd54984' in 335ms
2026-10-02T06:32:12.6681145Z ##[endgroup]
2026-10-02T06:32:12.6681533Z ##[group]Install
2026-10-02T06:32:12.6682688Z Finding needed golangci-lint version...
2026-10-02T06:32:12.6686076Z Installation mode: binary
2026-10-02T06:32:12.6687191Z Installing golangci-lint binary v2.14.0...
2026-10-02T06:32:12.6688599Z Downloading binary https://github.com/golangci/golangci-lint/releases/download/v2.14.0/golangci-lint-2.14.0-linux-amd64.tar.gz ...
2026-10-02T06:32:12.8196949Z [command]/usr/bin/tar xz --overwrite --warning=no-unknown-keyword --overwrite -C /home/runner -f /home/runner/work/_temp/125592ad-d3b4-4ad1-9147-7b25259e9e1a
2026-10-02T06:32:13.0980692Z Installed golangci-lint into /home/runner/golangci-lint-2.14.0-linux-amd64/golangci-lint in 429ms
2026-10-02T06:32:13.0984842Z ##[endgroup]
2026-10-02T06:32:13.0988796Z ##[group]run golangci-lint
2026-10-02T06:32:13.0994496Z Running [/home/runner/golangci-lint-2.14.0-linux-amd64/golangci-lint config path] in [/home/runner/work/mini-drop/mini-drop/apiserver] ...
2026-10-02T06:32:13.1865624Z Running [/home/runner/golangci-lint-2.14.0-linux-amd64/golangci-lint run --path-mode=abs --issues-exit-code=1] in [/home/runner/work/mini-drop/mini-drop/apiserver] ...
2026-10-02T06:32:16.6832193Z 0 issues.
2026-10-02T06:32:16.6832521Z 
2026-10-02T06:32:16.6832769Z golangci-lint found no issues
2026-10-02T06:32:16.6833410Z Ran golangci-lint in 3497ms
2026-10-02T06:32:16.6834065Z ##[endgroup]
2026-10-02T06:32:16.7042363Z Post job cleanup.
2026-10-02T06:32:16.8608047Z Cache hit occurred on the primary key golangci-lint.cache-Linux-apiserver-2961-ad8c36800235b485851ccc9662e431fc2cd54984, not saving cache.
2026-10-02T06:32:16.8730003Z Post job cleanup.
2026-10-02T06:32:17.0261323Z (node:12924) [DEP0040] DeprecationWarning: The `punycode` module is deprecated. Please use a userland alternative instead.
2026-10-02T06:32:17.0262370Z (Use `node --trace-deprecation ...` to show where the warning was created)
2026-10-02T06:32:17.0336908Z [command]/opt/hostedtoolcache/go/1.26.8/x64/bin/go env GOMODCACHE
2026-10-02T06:32:17.0387293Z [command]/opt/hostedtoolcache/go/1.26.8/x64/bin/go env GOCACHE
2026-10-02T06:32:17.0440157Z /home/runner/go/pkg/mod
2026-10-02T06:32:17.0460388Z /home/runner/.cache/go-build
2026-10-02T06:32:17.0471222Z Cache hit occurred on the primary key setup-go-Linux-x64-ubuntu22-go-1.26.8-53ddbd53d793e3fffd22ee7f29b9841d7ddf0fd59f4a944399a5c4503dd61af9, not saving cache.
2026-10-02T06:32:17.0685345Z Post job cleanup.
2026-10-02T06:32:17.1616735Z [command]/usr/bin/git version
2026-10-02T06:32:17.1673850Z git version 2.55.0
2026-10-02T06:32:17.1729021Z Temporarily overriding HOME='/home/runner/work/_temp/bff52578-9cfb-4023-8874-94b2cf7bfe19' before making global git config changes
2026-10-02T06:32:17.1730858Z Adding repository directory to the temporary git global config as a safe directory
2026-10-02T06:32:17.1736453Z [command]/usr/bin/git config --global --add safe.directory /home/runner/work/mini-drop/mini-drop
2026-10-02T06:32:17.1791238Z [command]/usr/bin/git config --local --name-only --get-regexp core\.sshCommand
2026-10-02T06:32:17.1834203Z [command]/usr/bin/git submodule foreach --recursive sh -c "git config --local --name-only --get-regexp 'core\.sshCommand' && git config --local --unset-all 'core.sshCommand' || :"
2026-10-02T06:32:17.2143282Z [command]/usr/bin/git config --local --name-only --get-regexp http\.https\:\/\/github\.com\/\.extraheader
2026-10-02T06:32:17.2172136Z http.https://github.com/.extraheader
2026-10-02T06:32:17.2184880Z [command]/usr/bin/git config --local --unset-all http.https://github.com/.extraheader
2026-10-02T06:32:17.2223802Z [command]/usr/bin/git submodule foreach --recursive sh -c "git config --local --name-only --get-regexp 'http\.https\:\/\/github\.com\/\.extraheader' && git config --local --unset-all 'http.https://github.com/.extraheader' || :"
2026-10-02T06:32:17.2539654Z [command]/usr/bin/git config --local --name-only --get-regexp ^includeIf\.gitdir:
2026-10-02T06:32:17.2582213Z [command]/usr/bin/git submodule foreach --recursive git config --local --show-origin --name-only --get-regexp remote.origin.url
2026-10-02T06:32:17.3032123Z Cleaning up orphan processes
2026-10-02T06:32:17.3350521Z ##[warning]Node.js 20 is deprecated. The following actions target Node.js 20 but are being forced to run on Node.js 24: actions/checkout@v4, actions/setup-go@v5, actions/upload-artifact@v4. For more information see: https://github.blog/changelog/2025-09-19-deprecation-of-node-20-on-github-actions-runners/
