2026-10-02T06:30:00.9508584Z Current runner version: '2.337.0'
2026-10-02T06:30:00.9533481Z ##[group]Runner Image Provisioner
2026-10-02T06:30:00.9534485Z Hosted Compute Agent
2026-10-02T06:30:00.9535131Z Version: 20260901.588
2026-10-02T06:30:00.9535808Z Commit: f88ec8081b781fac6c440065ac7ff9e710ce3d0b
2026-10-02T06:30:00.9536635Z Build Date: 2026-09-01T19:56:44Z
2026-10-02T06:30:00.9537371Z Worker ID: {dfd70b8b-7c88-4c01-8d79-9f0ed9c46937}
2026-10-02T06:30:00.9538362Z Azure Region: westus2
2026-10-02T06:30:00.9539070Z ##[endgroup]
2026-10-02T06:30:00.9540567Z ##[group]Operating System
2026-10-02T06:30:00.9541306Z Ubuntu
2026-10-02T06:30:00.9541886Z 22.04.5
2026-10-02T06:30:00.9542411Z LTS
2026-10-02T06:30:00.9543065Z ##[endgroup]
2026-10-02T06:30:00.9543623Z ##[group]Runner Image
2026-10-02T06:30:00.9544289Z Image: ubuntu-22.04
2026-10-02T06:30:00.9544912Z Version: 20260927.309.1
2026-10-02T06:30:00.9546294Z Included Software: https://github.com/actions/runner-images/blob/ubuntu22/20260927.309/images/ubuntu/Ubuntu2204-Readme.md
2026-10-02T06:30:00.9548375Z Image Release: https://github.com/actions/runner-images/releases/tag/ubuntu22%2F20260927.309
2026-10-02T06:30:00.9549535Z ##[endgroup]
2026-10-02T06:30:00.9550810Z ##[group]GITHUB_TOKEN Permissions
2026-10-02T06:30:00.9552829Z Contents: read
2026-10-02T06:30:00.9553475Z Metadata: read
2026-10-02T06:30:00.9554075Z Packages: read
2026-10-02T06:30:00.9554710Z ##[endgroup]
2026-10-02T06:30:00.9556748Z Secret source: Actions
2026-10-02T06:30:00.9558092Z Cache mode: write
2026-10-02T06:30:00.9558840Z Prepare workflow directory
2026-10-02T06:30:00.9956779Z Prepare all required actions
2026-10-02T06:30:01.0005897Z Getting action download info
2026-10-02T06:30:01.3477553Z Download action repository 'actions/checkout@v4' (SHA:11d5960a326750d5838078e36cf38b85af677262)
2026-10-02T06:30:01.7331385Z Download action repository 'actions/upload-artifact@v4' (SHA:ea165f8d65b6e75b540449e92b4886f43607fa02)
2026-10-02T06:30:02.0180735Z Complete job name: Native (C++ agent, build + CTest)
2026-10-02T06:30:02.0985103Z ##[group]Run actions/checkout@v4
2026-10-02T06:30:02.0985971Z with:
2026-10-02T06:30:02.0986424Z   repository: llongwang751-arch/mini-drop
2026-10-02T06:30:02.0990908Z   token: ***
2026-10-02T06:30:02.0991404Z   ssh-strict: true
2026-10-02T06:30:02.0991834Z   ssh-user: git
2026-10-02T06:30:02.0992270Z   persist-credentials: true
2026-10-02T06:30:02.0992750Z   clean: true
2026-10-02T06:30:02.0993193Z   sparse-checkout-cone-mode: true
2026-10-02T06:30:02.0993714Z   fetch-depth: 1
2026-10-02T06:30:02.0994143Z   fetch-tags: false
2026-10-02T06:30:02.0994579Z   show-progress: true
2026-10-02T06:30:02.0995020Z   lfs: false
2026-10-02T06:30:02.0995422Z   submodules: false
2026-10-02T06:30:02.0995858Z   set-safe-directory: true
2026-10-02T06:30:02.0996355Z   allow-unsafe-pr-checkout: false
2026-10-02T06:30:02.0997117Z ##[endgroup]
2026-10-02T06:30:02.2091227Z Syncing repository: llongwang751-arch/mini-drop
2026-10-02T06:30:02.2093477Z ##[group]Getting Git version info
2026-10-02T06:30:02.2094511Z Working directory is '/home/runner/work/mini-drop/mini-drop'
2026-10-02T06:30:02.2095719Z [command]/usr/bin/git version
2026-10-02T06:30:02.3021932Z git version 2.55.0
2026-10-02T06:30:02.3045150Z ##[endgroup]
2026-10-02T06:30:02.3060591Z Temporarily overriding HOME='/home/runner/work/_temp/a567e80b-c486-4cbd-b0d6-32803e576318' before making global git config changes
2026-10-02T06:30:02.3062069Z Adding repository directory to the temporary git global config as a safe directory
2026-10-02T06:30:02.3066508Z [command]/usr/bin/git config --global --add safe.directory /home/runner/work/mini-drop/mini-drop
2026-10-02T06:30:02.3110787Z Deleting the contents of '/home/runner/work/mini-drop/mini-drop'
2026-10-02T06:30:02.3116154Z ##[group]Initializing the repository
2026-10-02T06:30:02.3120157Z [command]/usr/bin/git init /home/runner/work/mini-drop/mini-drop
2026-10-02T06:30:02.3554823Z hint: Using 'master' as the name for the initial branch. This default branch name
2026-10-02T06:30:02.3556893Z hint: will change to "main" in Git 3.0. To configure the initial branch name
2026-10-02T06:30:02.3559175Z hint: to use in all of your new repositories, which will suppress this warning,
2026-10-02T06:30:02.3559982Z hint: call:
2026-10-02T06:30:02.3560372Z hint:
2026-10-02T06:30:02.3560883Z hint: 	git config --global init.defaultBranch <name>
2026-10-02T06:30:02.3561496Z hint:
2026-10-02T06:30:02.3562066Z hint: Names commonly chosen instead of 'master' are 'main', 'trunk' and
2026-10-02T06:30:02.3563459Z hint: 'development'. The just-created branch can be renamed via this command:
2026-10-02T06:30:02.3564247Z hint:
2026-10-02T06:30:02.3564655Z hint: 	git branch -m <name>
2026-10-02T06:30:02.3565193Z hint:
2026-10-02T06:30:02.3565849Z hint: Disable this message with "git config set advice.defaultBranchName false"
2026-10-02T06:30:02.3566970Z Initialized empty Git repository in /home/runner/work/mini-drop/mini-drop/.git/
2026-10-02T06:30:02.3569964Z [command]/usr/bin/git remote add origin https://github.com/llongwang751-arch/mini-drop
2026-10-02T06:30:02.3661064Z ##[endgroup]
2026-10-02T06:30:02.3661824Z ##[group]Disabling automatic garbage collection
2026-10-02T06:30:02.3664491Z [command]/usr/bin/git config --local gc.auto 0
2026-10-02T06:30:02.3702108Z ##[endgroup]
2026-10-02T06:30:02.3702818Z ##[group]Setting up auth
2026-10-02T06:30:02.3708713Z [command]/usr/bin/git config --local --name-only --get-regexp core\.sshCommand
2026-10-02T06:30:02.3746648Z [command]/usr/bin/git submodule foreach --recursive sh -c "git config --local --name-only --get-regexp 'core\.sshCommand' && git config --local --unset-all 'core.sshCommand' || :"
2026-10-02T06:30:02.5457144Z [command]/usr/bin/git config --local --name-only --get-regexp http\.https\:\/\/github\.com\/\.extraheader
2026-10-02T06:30:02.5500467Z [command]/usr/bin/git submodule foreach --recursive sh -c "git config --local --name-only --get-regexp 'http\.https\:\/\/github\.com\/\.extraheader' && git config --local --unset-all 'http.https://github.com/.extraheader' || :"
2026-10-02T06:30:02.5761314Z [command]/usr/bin/git config --local --name-only --get-regexp ^includeIf\.gitdir:
2026-10-02T06:30:02.5801278Z [command]/usr/bin/git submodule foreach --recursive git config --local --show-origin --name-only --get-regexp remote.origin.url
2026-10-02T06:30:02.6059730Z [command]/usr/bin/git config --local http.https://github.com/.extraheader AUTHORIZATION: basic ***
2026-10-02T06:30:02.6103781Z ##[endgroup]
2026-10-02T06:30:02.6114054Z ##[group]Fetching the repository
2026-10-02T06:30:02.6118843Z [command]/usr/bin/git -c protocol.version=2 fetch --no-tags --prune --no-recurse-submodules --depth=1 origin +de94beda6b03fbbdf0f5d2f619b9efe49ed3a687:refs/remotes/pull/1/merge
2026-10-02T06:30:11.5744433Z From https://github.com/llongwang751-arch/mini-drop
2026-10-02T06:30:11.5745471Z  * [new ref]         de94beda6b03fbbdf0f5d2f619b9efe49ed3a687 -> pull/1/merge
2026-10-02T06:30:11.5751504Z ##[endgroup]
2026-10-02T06:30:11.5752663Z ##[group]Determining the checkout info
2026-10-02T06:30:11.5754139Z ##[endgroup]
2026-10-02T06:30:11.5757330Z [command]/usr/bin/git sparse-checkout disable
2026-10-02T06:30:11.5856865Z [command]/usr/bin/git config --local --unset-all extensions.worktreeConfig
2026-10-02T06:30:11.5904865Z ##[group]Checking out the ref
2026-10-02T06:30:11.5907226Z [command]/usr/bin/git checkout --progress --force refs/remotes/pull/1/merge
2026-10-02T06:30:12.6314060Z Updating files:  67% (2655/3961)
2026-10-02T06:30:12.6589371Z Updating files:  68% (2694/3961)
2026-10-02T06:30:12.6635938Z Updating files:  69% (2734/3961)
2026-10-02T06:30:12.6679527Z Updating files:  70% (2773/3961)
2026-10-02T06:30:12.6760460Z Updating files:  71% (2813/3961)
2026-10-02T06:30:12.6830017Z Updating files:  72% (2852/3961)
2026-10-02T06:30:12.6896550Z Updating files:  73% (2892/3961)
2026-10-02T06:30:12.6944104Z Updating files:  74% (2932/3961)
2026-10-02T06:30:12.6983885Z Updating files:  75% (2971/3961)
2026-10-02T06:30:12.7005514Z Updating files:  76% (3011/3961)
2026-10-02T06:30:12.7045562Z Updating files:  77% (3050/3961)
2026-10-02T06:30:12.7088686Z Updating files:  78% (3090/3961)
2026-10-02T06:30:12.7122791Z Updating files:  79% (3130/3961)
2026-10-02T06:30:12.7172964Z Updating files:  80% (3169/3961)
2026-10-02T06:30:12.7223598Z Updating files:  81% (3209/3961)
2026-10-02T06:30:12.7257344Z Updating files:  82% (3249/3961)
2026-10-02T06:30:12.7331742Z Updating files:  83% (3288/3961)
2026-10-02T06:30:12.7404717Z Updating files:  84% (3328/3961)
2026-10-02T06:30:12.7459062Z Updating files:  85% (3367/3961)
2026-10-02T06:30:12.7515595Z Updating files:  86% (3407/3961)
2026-10-02T06:30:12.7543105Z Updating files:  87% (3447/3961)
2026-10-02T06:30:12.7577070Z Updating files:  88% (3486/3961)
2026-10-02T06:30:12.7603782Z Updating files:  89% (3526/3961)
2026-10-02T06:30:12.7654235Z Updating files:  90% (3565/3961)
2026-10-02T06:30:12.7680151Z Updating files:  91% (3605/3961)
2026-10-02T06:30:12.7705641Z Updating files:  92% (3645/3961)
2026-10-02T06:30:12.7731819Z Updating files:  93% (3684/3961)
2026-10-02T06:30:12.7757103Z Updating files:  94% (3724/3961)
2026-10-02T06:30:12.7798591Z Updating files:  95% (3763/3961)
2026-10-02T06:30:12.7919884Z Updating files:  96% (3803/3961)
2026-10-02T06:30:12.7943481Z Updating files:  97% (3843/3961)
2026-10-02T06:30:12.7971340Z Updating files:  98% (3882/3961)
2026-10-02T06:30:12.7993953Z Updating files:  99% (3922/3961)
2026-10-02T06:30:12.7994385Z Updating files: 100% (3961/3961)
2026-10-02T06:30:12.7994721Z Updating files: 100% (3961/3961), done.
2026-10-02T06:30:12.8053099Z Note: switching to 'refs/remotes/pull/1/merge'.
2026-10-02T06:30:12.8053798Z 
2026-10-02T06:30:12.8054121Z You are in 'detached HEAD' state. You can look around, make experimental
2026-10-02T06:30:12.8055000Z changes and commit them, and you can discard any commits you make in this
2026-10-02T06:30:12.8056152Z state without impacting any branches by switching back to a branch.
2026-10-02T06:30:12.8056856Z 
2026-10-02T06:30:12.8057287Z If you want to create a new branch to retain commits you create, you may
2026-10-02T06:30:12.8059150Z do so (now or later) by using -c with the switch command. Example:
2026-10-02T06:30:12.8059797Z 
2026-10-02T06:30:12.8060032Z   git switch -c <new-branch-name>
2026-10-02T06:30:12.8060430Z 
2026-10-02T06:30:12.8060658Z Or undo this operation with:
2026-10-02T06:30:12.8061014Z 
2026-10-02T06:30:12.8061206Z   git switch -
2026-10-02T06:30:12.8061478Z 
2026-10-02T06:30:12.8061944Z Turn off this advice by setting config variable advice.detachedHead to false
2026-10-02T06:30:12.8062648Z 
2026-10-02T06:30:12.8063352Z HEAD is now at de94bed Merge ebffbaf8ba705e1f424c4b09bf4975db4623b47c into 609ea8a73f845b496b59b5cae181f515c5919850
2026-10-02T06:30:12.8166119Z ##[endgroup]
2026-10-02T06:30:12.8214414Z [command]/usr/bin/git log -1 --format=%H
2026-10-02T06:30:12.8245442Z de94beda6b03fbbdf0f5d2f619b9efe49ed3a687
2026-10-02T06:30:12.8474296Z ##[group]Run sudo apt-get update
2026-10-02T06:30:12.8474739Z [36;1msudo apt-get update[0m
2026-10-02T06:30:12.8475072Z [36;1msudo apt-get install -y --no-install-recommends \[0m
2026-10-02T06:30:12.8475580Z [36;1m  build-essential cmake libgrpc++-dev libprotobuf-dev libpqxx-dev \[0m
2026-10-02T06:30:12.8476120Z [36;1m  nlohmann-json3-dev pkg-config protobuf-compiler protobuf-compiler-grpc[0m
2026-10-02T06:30:13.0328978Z shell: /usr/bin/bash -e {0}
2026-10-02T06:30:13.0329302Z ##[endgroup]
2026-10-02T06:30:13.2561752Z Get:1 file:/etc/apt/apt-mirrors.txt Mirrorlist [144 B]
2026-10-02T06:30:13.2756369Z Get:6 https://packages.microsoft.com/ubuntu/22.04/prod jammy InRelease [3632 B]
2026-10-02T06:30:13.4001181Z Get:7 https://packages.microsoft.com/ubuntu/22.04/prod jammy/main amd64 Packages [792 kB]
2026-10-02T06:30:13.4180034Z Get:8 https://packages.microsoft.com/ubuntu/22.04/prod jammy/main arm64 Packages [550 kB]
2026-10-02T06:30:13.4196604Z Hit:2 http://azure.archive.ubuntu.com/ubuntu jammy InRelease
2026-10-02T06:30:13.4210625Z Get:3 http://azure.archive.ubuntu.com/ubuntu jammy-updates InRelease [128 kB]
2026-10-02T06:30:13.4246926Z Get:4 http://azure.archive.ubuntu.com/ubuntu jammy-backports InRelease [127 kB]
2026-10-02T06:30:13.4268633Z Get:5 http://azure.archive.ubuntu.com/ubuntu jammy-security InRelease [129 kB]
2026-10-02T06:30:13.6696756Z Get:9 http://azure.archive.ubuntu.com/ubuntu jammy-updates/main amd64 Packages [3899 kB]
2026-10-02T06:30:13.6931295Z Get:10 http://azure.archive.ubuntu.com/ubuntu jammy-updates/main Translation-en [575 kB]
2026-10-02T06:30:13.6972169Z Get:11 http://azure.archive.ubuntu.com/ubuntu jammy-updates/restricted amd64 Packages [6701 kB]
2026-10-02T06:30:13.7367199Z Get:12 http://azure.archive.ubuntu.com/ubuntu jammy-updates/restricted Translation-en [1287 kB]
2026-10-02T06:30:13.7446859Z Get:13 http://azure.archive.ubuntu.com/ubuntu jammy-updates/universe amd64 Packages [1285 kB]
2026-10-02T06:30:13.7542500Z Get:14 http://azure.archive.ubuntu.com/ubuntu jammy-updates/universe Translation-en [325 kB]
2026-10-02T06:30:13.8479767Z Get:15 http://azure.archive.ubuntu.com/ubuntu jammy-security/main amd64 Packages [3598 kB]
2026-10-02T06:30:13.8645548Z Get:16 http://azure.archive.ubuntu.com/ubuntu jammy-security/main Translation-en [504 kB]
2026-10-02T06:30:13.8677109Z Get:17 http://azure.archive.ubuntu.com/ubuntu jammy-security/restricted amd64 Packages [6410 kB]
2026-10-02T06:30:13.8978401Z Get:18 http://azure.archive.ubuntu.com/ubuntu jammy-security/restricted Translation-en [1232 kB]
2026-10-02T06:30:13.9488584Z Get:19 http://azure.archive.ubuntu.com/ubuntu jammy-security/universe amd64 Packages [1052 kB]
2026-10-02T06:30:13.9553624Z Get:20 http://azure.archive.ubuntu.com/ubuntu jammy-security/universe Translation-en [236 kB]
2026-10-02T06:30:22.1986465Z Fetched 28.8 MB in 3s (8637 kB/s)
2026-10-02T06:30:23.5579447Z Reading package lists...
2026-10-02T06:30:23.6305718Z Reading package lists...
2026-10-02T06:30:23.9045375Z Building dependency tree...
2026-10-02T06:30:23.9057942Z Reading state information...
2026-10-02T06:30:24.0934188Z build-essential is already the newest version (12.9ubuntu3).
2026-10-02T06:30:24.0934900Z build-essential set to manually installed.
2026-10-02T06:30:24.0935578Z The following additional packages will be installed:
2026-10-02T06:30:24.0939323Z   cmake-data dh-elpa-helper libabsl20210324 libgrpc++1 libgrpc-dev libgrpc10
2026-10-02T06:30:24.0943720Z   libjsoncpp25 libpqxx-6.4 libprotobuf23 libprotoc23 librhash0
2026-10-02T06:30:24.0951848Z Suggested packages:
2026-10-02T06:30:24.0952722Z   cmake-doc ninja-build cmake-format libpqxx-doc protobuf-mode-el
2026-10-02T06:30:24.1512784Z The following packages will be REMOVED:
2026-10-02T06:30:24.1515013Z   pkgconf r-base-dev
2026-10-02T06:30:24.1515411Z The following NEW packages will be installed:
2026-10-02T06:30:24.1518624Z   cmake cmake-data dh-elpa-helper libabsl20210324 libgrpc++-dev libgrpc++1
2026-10-02T06:30:24.1519773Z   libgrpc-dev libgrpc10 libjsoncpp25 libpqxx-6.4 libpqxx-dev libprotobuf-dev
2026-10-02T06:30:24.1524463Z   libprotobuf23 libprotoc23 librhash0 nlohmann-json3-dev pkg-config
2026-10-02T06:30:24.1525806Z   protobuf-compiler protobuf-compiler-grpc
2026-10-02T06:30:24.1719513Z 0 upgraded, 19 newly installed, 2 to remove and 20 not upgraded.
2026-10-02T06:30:24.1719981Z Need to get 14.7 MB of archives.
2026-10-02T06:30:24.1720585Z After this operation, 81.5 MB of additional disk space will be used.
2026-10-02T06:30:24.1721326Z Get:1 file:/etc/apt/apt-mirrors.txt Mirrorlist [144 B]
2026-10-02T06:30:24.3473117Z Get:2 http://azure.archive.ubuntu.com/ubuntu jammy/main amd64 pkg-config amd64 0.29.2-1ubuntu3 [48.2 kB]
2026-10-02T06:30:24.5062757Z Get:3 http://azure.archive.ubuntu.com/ubuntu jammy/main amd64 libjsoncpp25 amd64 1.9.5-3 [80.0 kB]
2026-10-02T06:30:24.6666267Z Get:4 http://azure.archive.ubuntu.com/ubuntu jammy/main amd64 librhash0 amd64 1.4.2-1ubuntu1 [125 kB]
2026-10-02T06:30:24.8287362Z Get:5 http://azure.archive.ubuntu.com/ubuntu jammy/main amd64 dh-elpa-helper all 2.0.9ubuntu1 [7610 B]
2026-10-02T06:30:24.9864321Z Get:6 http://azure.archive.ubuntu.com/ubuntu jammy-updates/main amd64 cmake-data all 3.22.1-1ubuntu1.22.04.2 [1913 kB]
2026-10-02T06:30:25.2403705Z Get:7 http://azure.archive.ubuntu.com/ubuntu jammy-updates/main amd64 cmake amd64 3.22.1-1ubuntu1.22.04.2 [5010 kB]
2026-10-02T06:30:25.6460529Z Get:8 http://azure.archive.ubuntu.com/ubuntu jammy-updates/main amd64 libabsl20210324 amd64 0~20210324.2-2ubuntu0.3 [386 kB]
2026-10-02T06:30:25.8214591Z Get:9 http://azure.archive.ubuntu.com/ubuntu jammy/universe amd64 libgrpc10 amd64 1.30.2-3build6 [1470 kB]
2026-10-02T06:30:26.0515796Z Get:10 http://azure.archive.ubuntu.com/ubuntu jammy-updates/main amd64 libprotobuf23 amd64 3.12.4-1ubuntu7.22.04.6 [877 kB]
2026-10-02T06:30:26.2516048Z Get:11 http://azure.archive.ubuntu.com/ubuntu jammy/universe amd64 libgrpc++1 amd64 1.30.2-3build6 [402 kB]
2026-10-02T06:30:26.4274087Z Get:12 http://azure.archive.ubuntu.com/ubuntu jammy/universe amd64 libgrpc-dev amd64 1.30.2-3build6 [1066 kB]
2026-10-02T06:30:26.6366591Z Get:13 http://azure.archive.ubuntu.com/ubuntu jammy/universe amd64 libgrpc++-dev amd64 1.30.2-3build6 [564 kB]
2026-10-02T06:30:26.8205993Z Get:14 http://azure.archive.ubuntu.com/ubuntu jammy/universe amd64 libpqxx-6.4 amd64 6.4.5-2build1 [155 kB]
2026-10-02T06:30:26.9845441Z Get:15 http://azure.archive.ubuntu.com/ubuntu jammy/universe amd64 libpqxx-dev amd64 6.4.5-2build1 [243 kB]
2026-10-02T06:30:27.1530802Z Get:16 http://azure.archive.ubuntu.com/ubuntu jammy-updates/main amd64 libprotoc23 amd64 3.12.4-1ubuntu7.22.04.6 [662 kB]
2026-10-02T06:30:27.3429008Z Get:17 http://azure.archive.ubuntu.com/ubuntu jammy/universe amd64 nlohmann-json3-dev all 3.10.5-2 [167 kB]
2026-10-02T06:30:27.5071967Z Get:18 http://azure.archive.ubuntu.com/ubuntu jammy-updates/universe amd64 protobuf-compiler amd64 3.12.4-1ubuntu7.22.04.6 [29.2 kB]
2026-10-02T06:30:27.6650202Z Get:19 http://azure.archive.ubuntu.com/ubuntu jammy/universe amd64 protobuf-compiler-grpc amd64 1.30.2-3build6 [185 kB]
2026-10-02T06:30:27.8315325Z Get:20 http://azure.archive.ubuntu.com/ubuntu jammy-updates/main amd64 libprotobuf-dev amd64 3.12.4-1ubuntu7.22.04.6 [1347 kB]
2026-10-02T06:30:28.2810637Z Fetched 14.7 MB in 4s (3941 kB/s)
2026-10-02T06:30:28.3718507Z (Reading database ... 
2026-10-02T06:30:28.3718797Z (Reading database ... 5%
2026-10-02T06:30:28.3719049Z (Reading database ... 10%
2026-10-02T06:30:28.3719278Z (Reading database ... 15%
2026-10-02T06:30:28.3719493Z (Reading database ... 20%
2026-10-02T06:30:28.3719701Z (Reading database ... 25%
2026-10-02T06:30:28.3719920Z (Reading database ... 30%
2026-10-02T06:30:28.3720138Z (Reading database ... 35%
2026-10-02T06:30:28.3720417Z (Reading database ... 40%
2026-10-02T06:30:28.3720800Z (Reading database ... 45%
2026-10-02T06:30:28.3721187Z (Reading database ... 50%
2026-10-02T06:30:28.7594237Z (Reading database ... 55%
2026-10-02T06:30:29.1562826Z (Reading database ... 60%
2026-10-02T06:30:29.4881148Z (Reading database ... 65%
2026-10-02T06:30:29.7997183Z (Reading database ... 70%
2026-10-02T06:30:30.4168904Z (Reading database ... 75%
2026-10-02T06:30:31.1380894Z (Reading database ... 80%
2026-10-02T06:30:32.0072272Z (Reading database ... 85%
2026-10-02T06:30:32.7220604Z (Reading database ... 90%
2026-10-02T06:30:33.5190235Z (Reading database ... 95%
2026-10-02T06:30:33.5190864Z (Reading database ... 100%
2026-10-02T06:30:33.5191581Z (Reading database ... 260410 files and directories currently installed.)
2026-10-02T06:30:33.5246850Z Removing r-base-dev (4.6.1-6.2204.0) ...
2026-10-02T06:30:33.6004255Z dpkg: pkgconf: dependency problems, but removing anyway as you requested:
2026-10-02T06:30:33.6004995Z  php8.1-dev depends on pkg-config; however:
2026-10-02T06:30:33.6005343Z   Package pkg-config is not installed.
2026-10-02T06:30:33.6005730Z   Package pkgconf which provides pkg-config is to be removed.
2026-10-02T06:30:33.6006138Z  mono-devel depends on pkg-config; however:
2026-10-02T06:30:33.6006462Z   Package pkg-config is not installed.
2026-10-02T06:30:33.6006992Z   Package pkgconf which provides pkg-config is to be removed.
2026-10-02T06:30:33.6007646Z  libmagickwand-6.q16-dev:amd64 depends on pkg-config; however:
2026-10-02T06:30:33.6008445Z   Package pkg-config is not installed.
2026-10-02T06:30:33.6009315Z   Package pkgconf which provides pkg-config is to be removed.
2026-10-02T06:30:33.6009980Z  libmagickcore-6.q16-dev:amd64 depends on pkg-config; however:
2026-10-02T06:30:33.6010380Z   Package pkg-config is not installed.
2026-10-02T06:30:33.6010743Z   Package pkgconf which provides pkg-config is to be removed.
2026-10-02T06:30:33.6011157Z  libglib2.0-dev:amd64 depends on pkg-config; however:
2026-10-02T06:30:33.6011515Z   Package pkg-config is not installed.
2026-10-02T06:30:33.6011881Z   Package pkgconf which provides pkg-config is to be removed.
2026-10-02T06:30:33.6012311Z  libfontconfig-dev:amd64 depends on pkg-config; however:
2026-10-02T06:30:33.6012676Z   Package pkg-config is not installed.
2026-10-02T06:30:33.6013028Z   Package pkgconf which provides pkg-config is to be removed.
2026-10-02T06:30:33.6013289Z 
2026-10-02T06:30:33.6065659Z Removing pkgconf (1.8.0-1) ...
2026-10-02T06:30:33.7736843Z Removing 'diversion of /usr/bin/pkg-config to /usr/bin/pkg-config.real by pkgconf'
2026-10-02T06:30:33.7878529Z Removing 'diversion of /usr/share/aclocal/pkg.m4 to /usr/share/aclocal/pkg.real.m4 by pkgconf'
2026-10-02T06:30:33.8015648Z Removing 'diversion of /usr/share/man/man1/pkg-config.1.gz to /usr/share/man/man1/pkg-config.real.1.gz by pkgconf'
2026-10-02T06:30:33.8158415Z Removing 'diversion of /usr/share/pkg-config-crosswrapper to /usr/share/pkg-config-crosswrapper.real by pkgconf'
2026-10-02T06:30:33.8903134Z Selecting previously unselected package pkg-config.
2026-10-02T06:30:33.8986596Z (Reading database ... 
2026-10-02T06:30:33.8987040Z (Reading database ... 5%
2026-10-02T06:30:33.8987458Z (Reading database ... 10%
2026-10-02T06:30:33.8988135Z (Reading database ... 15%
2026-10-02T06:30:33.8988535Z (Reading database ... 20%
2026-10-02T06:30:33.8988960Z (Reading database ... 25%
2026-10-02T06:30:33.8989804Z (Reading database ... 30%
2026-10-02T06:30:33.8990196Z (Reading database ... 35%
2026-10-02T06:30:33.8990578Z (Reading database ... 40%
2026-10-02T06:30:33.8990977Z (Reading database ... 45%
2026-10-02T06:30:33.8991360Z (Reading database ... 50%
2026-10-02T06:30:33.9025122Z (Reading database ... 55%
2026-10-02T06:30:33.9054587Z (Reading database ... 60%
2026-10-02T06:30:33.9080056Z (Reading database ... 65%
2026-10-02T06:30:33.9195981Z (Reading database ... 70%
2026-10-02T06:30:33.9237316Z (Reading database ... 75%
2026-10-02T06:30:33.9300272Z (Reading database ... 80%
2026-10-02T06:30:33.9658891Z (Reading database ... 85%
2026-10-02T06:30:33.9677539Z (Reading database ... 90%
2026-10-02T06:30:34.0012830Z (Reading database ... 95%
2026-10-02T06:30:34.0013319Z (Reading database ... 100%
2026-10-02T06:30:34.0013992Z (Reading database ... 260388 files and directories currently installed.)
2026-10-02T06:30:34.0066000Z Preparing to unpack .../00-pkg-config_0.29.2-1ubuntu3_amd64.deb ...
2026-10-02T06:30:34.0074887Z Unpacking pkg-config (0.29.2-1ubuntu3) ...
2026-10-02T06:30:34.0340868Z Selecting previously unselected package libjsoncpp25:amd64.
2026-10-02T06:30:34.0541406Z Preparing to unpack .../01-libjsoncpp25_1.9.5-3_amd64.deb ...
2026-10-02T06:30:34.0577659Z Unpacking libjsoncpp25:amd64 (1.9.5-3) ...
2026-10-02T06:30:34.0826175Z Selecting previously unselected package librhash0:amd64.
2026-10-02T06:30:34.1029449Z Preparing to unpack .../02-librhash0_1.4.2-1ubuntu1_amd64.deb ...
2026-10-02T06:30:34.1041287Z Unpacking librhash0:amd64 (1.4.2-1ubuntu1) ...
2026-10-02T06:30:34.1283845Z Selecting previously unselected package dh-elpa-helper.
2026-10-02T06:30:34.1489565Z Preparing to unpack .../03-dh-elpa-helper_2.0.9ubuntu1_all.deb ...
2026-10-02T06:30:34.1496618Z Unpacking dh-elpa-helper (2.0.9ubuntu1) ...
2026-10-02T06:30:34.1754939Z Selecting previously unselected package cmake-data.
2026-10-02T06:30:34.1972702Z Preparing to unpack .../04-cmake-data_3.22.1-1ubuntu1.22.04.2_all.deb ...
2026-10-02T06:30:34.2100828Z Unpacking cmake-data (3.22.1-1ubuntu1.22.04.2) ...
2026-10-02T06:30:34.8104392Z Selecting previously unselected package cmake.
2026-10-02T06:30:34.8326424Z Preparing to unpack .../05-cmake_3.22.1-1ubuntu1.22.04.2_amd64.deb ...
2026-10-02T06:30:34.8335494Z Unpacking cmake (3.22.1-1ubuntu1.22.04.2) ...
2026-10-02T06:30:34.9721976Z Selecting previously unselected package libabsl20210324:amd64.
2026-10-02T06:30:34.9930041Z Preparing to unpack .../06-libabsl20210324_0~20210324.2-2ubuntu0.3_amd64.deb ...
2026-10-02T06:30:34.9939670Z Unpacking libabsl20210324:amd64 (0~20210324.2-2ubuntu0.3) ...
2026-10-02T06:30:35.0386051Z Selecting previously unselected package libgrpc10:amd64.
2026-10-02T06:30:35.0593959Z Preparing to unpack .../07-libgrpc10_1.30.2-3build6_amd64.deb ...
2026-10-02T06:30:35.0605921Z Unpacking libgrpc10:amd64 (1.30.2-3build6) ...
2026-10-02T06:30:35.1133259Z Selecting previously unselected package libprotobuf23:amd64.
2026-10-02T06:30:35.1338447Z Preparing to unpack .../08-libprotobuf23_3.12.4-1ubuntu7.22.04.6_amd64.deb ...
2026-10-02T06:30:35.1346666Z Unpacking libprotobuf23:amd64 (3.12.4-1ubuntu7.22.04.6) ...
2026-10-02T06:30:35.1697457Z Selecting previously unselected package libgrpc++1:amd64.
2026-10-02T06:30:35.1903160Z Preparing to unpack .../09-libgrpc++1_1.30.2-3build6_amd64.deb ...
2026-10-02T06:30:35.1913177Z Unpacking libgrpc++1:amd64 (1.30.2-3build6) ...
2026-10-02T06:30:35.2222188Z Selecting previously unselected package libgrpc-dev:amd64.
2026-10-02T06:30:35.2430844Z Preparing to unpack .../10-libgrpc-dev_1.30.2-3build6_amd64.deb ...
2026-10-02T06:30:35.2440470Z Unpacking libgrpc-dev:amd64 (1.30.2-3build6) ...
2026-10-02T06:30:35.3222129Z Selecting previously unselected package libgrpc++-dev:amd64.
2026-10-02T06:30:35.3428281Z Preparing to unpack .../11-libgrpc++-dev_1.30.2-3build6_amd64.deb ...
2026-10-02T06:30:35.3435726Z Unpacking libgrpc++-dev:amd64 (1.30.2-3build6) ...
2026-10-02T06:30:35.4233751Z Selecting previously unselected package libpqxx-6.4.
2026-10-02T06:30:35.4438778Z Preparing to unpack .../12-libpqxx-6.4_6.4.5-2build1_amd64.deb ...
2026-10-02T06:30:35.4446122Z Unpacking libpqxx-6.4 (6.4.5-2build1) ...
2026-10-02T06:30:35.4780573Z Selecting previously unselected package libpqxx-dev.
2026-10-02T06:30:35.4985112Z Preparing to unpack .../13-libpqxx-dev_6.4.5-2build1_amd64.deb ...
2026-10-02T06:30:35.4991724Z Unpacking libpqxx-dev (6.4.5-2build1) ...
2026-10-02T06:30:35.5547713Z Selecting previously unselected package libprotoc23:amd64.
2026-10-02T06:30:35.5754884Z Preparing to unpack .../14-libprotoc23_3.12.4-1ubuntu7.22.04.6_amd64.deb ...
2026-10-02T06:30:35.5762545Z Unpacking libprotoc23:amd64 (3.12.4-1ubuntu7.22.04.6) ...
2026-10-02T06:30:35.6084512Z Selecting previously unselected package nlohmann-json3-dev.
2026-10-02T06:30:35.6290884Z Preparing to unpack .../15-nlohmann-json3-dev_3.10.5-2_all.deb ...
2026-10-02T06:30:35.6297343Z Unpacking nlohmann-json3-dev (3.10.5-2) ...
2026-10-02T06:30:35.7182578Z Selecting previously unselected package protobuf-compiler.
2026-10-02T06:30:35.7389958Z Preparing to unpack .../16-protobuf-compiler_3.12.4-1ubuntu7.22.04.6_amd64.deb ...
2026-10-02T06:30:35.7396631Z Unpacking protobuf-compiler (3.12.4-1ubuntu7.22.04.6) ...
2026-10-02T06:30:35.7662699Z Selecting previously unselected package protobuf-compiler-grpc.
2026-10-02T06:30:35.7870709Z Preparing to unpack .../17-protobuf-compiler-grpc_1.30.2-3build6_amd64.deb ...
2026-10-02T06:30:35.7878339Z Unpacking protobuf-compiler-grpc (1.30.2-3build6) ...
2026-10-02T06:30:35.8130506Z Selecting previously unselected package libprotobuf-dev:amd64.
2026-10-02T06:30:35.8333868Z Preparing to unpack .../18-libprotobuf-dev_3.12.4-1ubuntu7.22.04.6_amd64.deb ...
2026-10-02T06:30:35.8341225Z Unpacking libprotobuf-dev:amd64 (3.12.4-1ubuntu7.22.04.6) ...
2026-10-02T06:30:35.9361818Z Setting up libprotobuf23:amd64 (3.12.4-1ubuntu7.22.04.6) ...
2026-10-02T06:30:35.9380156Z Setting up libprotobuf-dev:amd64 (3.12.4-1ubuntu7.22.04.6) ...
2026-10-02T06:30:35.9397416Z Setting up dh-elpa-helper (2.0.9ubuntu1) ...
2026-10-02T06:30:35.9414492Z Setting up libprotoc23:amd64 (3.12.4-1ubuntu7.22.04.6) ...
2026-10-02T06:30:35.9434280Z Setting up libjsoncpp25:amd64 (1.9.5-3) ...
2026-10-02T06:30:35.9451829Z Setting up pkg-config (0.29.2-1ubuntu3) ...
2026-10-02T06:30:35.9805369Z Setting up libabsl20210324:amd64 (0~20210324.2-2ubuntu0.3) ...
2026-10-02T06:30:35.9824125Z Setting up libpqxx-6.4 (6.4.5-2build1) ...
2026-10-02T06:30:35.9842832Z Setting up librhash0:amd64 (1.4.2-1ubuntu1) ...
2026-10-02T06:30:35.9862787Z Setting up cmake-data (3.22.1-1ubuntu1.22.04.2) ...
2026-10-02T06:30:36.0480484Z Setting up nlohmann-json3-dev (3.10.5-2) ...
2026-10-02T06:30:36.0497667Z Setting up libpqxx-dev (6.4.5-2build1) ...
2026-10-02T06:30:36.0514585Z Setting up protobuf-compiler (3.12.4-1ubuntu7.22.04.6) ...
2026-10-02T06:30:36.0531157Z Setting up protobuf-compiler-grpc (1.30.2-3build6) ...
2026-10-02T06:30:36.0548586Z Setting up libgrpc10:amd64 (1.30.2-3build6) ...
2026-10-02T06:30:36.0566238Z Setting up cmake (3.22.1-1ubuntu1.22.04.2) ...
2026-10-02T06:30:36.0593901Z Setting up libgrpc++1:amd64 (1.30.2-3build6) ...
2026-10-02T06:30:36.0614631Z Setting up libgrpc-dev:amd64 (1.30.2-3build6) ...
2026-10-02T06:30:36.0634256Z Setting up libgrpc++-dev:amd64 (1.30.2-3build6) ...
2026-10-02T06:30:36.0662694Z Processing triggers for man-db (2.10.2-1) ...
2026-10-02T06:30:36.0685214Z Not building database; man-db/auto-update is not 'true'.
2026-10-02T06:30:36.0697363Z Processing triggers for libc-bin (2.35-0ubuntu3.15) ...
2026-10-02T06:30:37.3920107Z 
2026-10-02T06:30:37.3920858Z Running kernel seems to be up-to-date.
2026-10-02T06:30:37.3921334Z 
2026-10-02T06:30:37.3921544Z No services need to be restarted.
2026-10-02T06:30:37.3921925Z 
2026-10-02T06:30:37.3922123Z No containers need to be restarted.
2026-10-02T06:30:37.3922497Z 
2026-10-02T06:30:37.3922741Z No user sessions are running outdated binaries.
2026-10-02T06:30:37.3923202Z 
2026-10-02T06:30:37.3923504Z No VM guests are running outdated hypervisor (qemu) binaries on this host.
2026-10-02T06:30:39.2790346Z ##[group]Run cmake -S native/agent -B /tmp/build-agent -DCMAKE_BUILD_TYPE=Release
2026-10-02T06:30:39.2790951Z [36;1mcmake -S native/agent -B /tmp/build-agent -DCMAKE_BUILD_TYPE=Release[0m
2026-10-02T06:30:39.2863979Z shell: /usr/bin/bash -e {0}
2026-10-02T06:30:39.2864242Z ##[endgroup]
2026-10-02T06:30:40.6806184Z -- The CXX compiler identification is GNU 11.4.0
2026-10-02T06:30:40.7993586Z -- Detecting CXX compiler ABI info
2026-10-02T06:30:41.0074966Z -- Detecting CXX compiler ABI info - done
2026-10-02T06:30:41.0258391Z -- Check for working CXX compiler: /usr/bin/c++ - skipped
2026-10-02T06:30:41.0312220Z -- Detecting CXX compile features
2026-10-02T06:30:41.0320993Z -- Detecting CXX compile features - done
2026-10-02T06:30:41.0646910Z -- Found PkgConfig: /usr/bin/pkg-config (found version "0.29.2")
2026-10-02T06:30:41.0655634Z -- Checking for module 'grpc++'
2026-10-02T06:30:41.0779377Z --   Found grpc++, version 1.30.2
2026-10-02T06:30:41.1100686Z -- Checking for module 'protobuf'
2026-10-02T06:30:41.1198426Z --   Found protobuf, version 3.12.4
2026-10-02T06:30:41.1438963Z -- Configuring done (1.5s)
2026-10-02T06:30:41.1573544Z -- Generating done (0.0s)
2026-10-02T06:30:41.1577277Z -- Build files have been written to: /tmp/build-agent
2026-10-02T06:30:41.1643753Z ##[group]Run cmake --build /tmp/build-agent --parallel
2026-10-02T06:30:41.1644178Z [36;1mcmake --build /tmp/build-agent --parallel[0m
2026-10-02T06:30:41.1714979Z shell: /usr/bin/bash -e {0}
2026-10-02T06:30:41.1715234Z ##[endgroup]
2026-10-02T06:30:41.1978702Z [  2%] Generating generated/common.pb.cc, generated/common.grpc.pb.cc, generated/errorcode.pb.cc, generated/errorcode.grpc.pb.cc, generated/taskkind.pb.cc, generated/taskkind.grpc.pb.cc, generated/hotmethod.pb.cc, generated/hotmethod.grpc.pb.cc, generated/healthcheck.pb.cc, generated/healthcheck.grpc.pb.cc, generated/init.pb.cc, generated/init.grpc.pb.cc
2026-10-02T06:30:41.2047559Z [  5%] Building CXX object CMakeFiles/process-snapshot-test.dir/tests/process_snapshot_test.cpp.o
2026-10-02T06:30:41.2080194Z [  8%] Building CXX object CMakeFiles/self-metrics-test.dir/tests/self_metrics_test.cpp.o
2026-10-02T06:30:41.2108972Z [ 10%] Building CXX object CMakeFiles/result-outbox-test.dir/tests/result_outbox_test.cpp.o
2026-10-02T06:30:41.2110807Z [ 13%] Building CXX object CMakeFiles/process-snapshot-test.dir/src/process_snapshot.cpp.o
2026-10-02T06:30:41.2154384Z [ 16%] Building CXX object CMakeFiles/result-outbox-test.dir/src/result_outbox.cpp.o
2026-10-02T06:30:41.2179059Z [ 21%] Building CXX object CMakeFiles/runtime-guard-test.dir/tests/runtime_guard_test.cpp.o
2026-10-02T06:30:41.2208957Z [ 18%] Building CXX object CMakeFiles/perf-samples-test.dir/tests/perf_samples_test.cpp.o
2026-10-02T06:30:41.2638278Z [ 24%] Building CXX object CMakeFiles/mini-drop-native-agent.dir/src/main.cpp.o
2026-10-02T06:30:41.2642900Z [ 27%] Building CXX object CMakeFiles/mini-drop-native-agent.dir/src/process_snapshot.cpp.o
2026-10-02T06:30:41.2644207Z [ 32%] Building CXX object CMakeFiles/mini-drop-native-agent.dir/src/process_runner.cpp.o
2026-10-02T06:30:41.2649518Z [ 32%] Building CXX object CMakeFiles/mini-drop-native-agent.dir/src/config.cpp.o
2026-10-02T06:30:41.2718900Z [ 35%] Building CXX object CMakeFiles/mini-drop-native-agent.dir/src/artifact_uploader.cpp.o
2026-10-02T06:30:41.2788080Z [ 40%] Building CXX object CMakeFiles/mini-drop-native-agent.dir/src/collector_registry.cpp.o
2026-10-02T06:30:41.2828431Z [ 40%] Building CXX object CMakeFiles/mini-drop-native-agent.dir/src/perf_collector.cpp.o
2026-10-02T06:30:41.2888849Z [ 45%] Building CXX object CMakeFiles/mini-drop-native-agent.dir/src/language_collectors.cpp.o
2026-10-02T06:30:41.2896612Z [ 45%] Building CXX object CMakeFiles/mini-drop-native-agent.dir/src/ebpf_io_collector.cpp.o
2026-10-02T06:30:41.2898059Z [ 48%] Building CXX object CMakeFiles/mini-drop-native-agent.dir/src/proc_collectors.cpp.o
2026-10-02T06:30:41.2899336Z [ 51%] Building CXX object CMakeFiles/mini-drop-native-agent.dir/src/result_outbox.cpp.o
2026-10-02T06:30:41.2910867Z [ 54%] Building CXX object CMakeFiles/mini-drop-native-agent.dir/generated/common.pb.cc.o
2026-10-02T06:30:41.3178084Z [ 56%] Building CXX object CMakeFiles/mini-drop-native-agent.dir/generated/common.grpc.pb.cc.o
2026-10-02T06:30:41.3201569Z [ 59%] Building CXX object CMakeFiles/mini-drop-native-agent.dir/generated/errorcode.pb.cc.o
2026-10-02T06:30:41.3260339Z [ 62%] Building CXX object CMakeFiles/mini-drop-native-agent.dir/generated/errorcode.grpc.pb.cc.o
2026-10-02T06:30:41.3351448Z [ 64%] Building CXX object CMakeFiles/mini-drop-native-agent.dir/generated/taskkind.pb.cc.o
2026-10-02T06:30:41.3399409Z [ 67%] Building CXX object CMakeFiles/mini-drop-native-agent.dir/generated/taskkind.grpc.pb.cc.o
2026-10-02T06:30:41.3429266Z [ 70%] Building CXX object CMakeFiles/mini-drop-native-agent.dir/generated/hotmethod.pb.cc.o
2026-10-02T06:30:41.3551707Z [ 72%] Building CXX object CMakeFiles/mini-drop-native-agent.dir/generated/hotmethod.grpc.pb.cc.o
2026-10-02T06:30:41.3605018Z [ 75%] Building CXX object CMakeFiles/mini-drop-native-agent.dir/generated/healthcheck.pb.cc.o
2026-10-02T06:30:41.3759393Z [ 78%] Building CXX object CMakeFiles/mini-drop-native-agent.dir/generated/healthcheck.grpc.pb.cc.o
2026-10-02T06:30:41.3849614Z [ 83%] Building CXX object CMakeFiles/mini-drop-native-agent.dir/generated/init.pb.cc.o
2026-10-02T06:30:41.4009063Z [ 81%] Building CXX object CMakeFiles/mini-drop-native-agent.dir/generated/init.grpc.pb.cc.o
2026-10-02T06:30:46.4267111Z /home/runner/work/mini-drop/mini-drop/native/agent/src/language_collectors.cpp: In member function ‘virtual mini_drop_native::TaskResult mini_drop_native::{anonymous}::PySpyCollector::collect(const mini_drop_native::Config&, const mini_drop_native::Task&, const std::atomic<bool>&, std::atomic<bool>&) const’:
2026-10-02T06:30:46.4390308Z /home/runner/work/mini-drop/mini-drop/native/agent/src/language_collectors.cpp:176:82: warning: missing initializer for member ‘mini_drop_native::TaskResult::task_attempt_authority’ [-Wmissing-field-initializers]
2026-10-02T06:30:46.4508792Z   176 |       return {task.id, false, "py-spy is not installed in native Agent image", ""};
2026-10-02T06:30:46.4748813Z       |                                                                                  ^
2026-10-02T06:30:46.4810328Z /home/runner/work/mini-drop/mini-drop/native/agent/src/language_collectors.cpp:176:82: warning: missing initializer for member ‘mini_drop_native::TaskResult::task_attempt_id’ [-Wmissing-field-initializers]
2026-10-02T06:30:46.4930074Z /home/runner/work/mini-drop/mini-drop/native/agent/src/language_collectors.cpp:176:82: warning: missing initializer for member ‘mini_drop_native::TaskResult::error_code’ [-Wmissing-field-initializers]
2026-10-02T06:30:46.5050985Z /home/runner/work/mini-drop/mini-drop/native/agent/src/language_collectors.cpp: In member function ‘virtual mini_drop_native::TaskResult mini_drop_native::{anonymous}::AsyncProfilerCollector::collect(const mini_drop_native::Config&, const mini_drop_native::Task&, const std::atomic<bool>&, std::atomic<bool>&) const’:
2026-10-02T06:30:46.5230504Z /home/runner/work/mini-drop/mini-drop/native/agent/src/language_collectors.cpp:202:17: warning: missing initializer for member ‘mini_drop_native::TaskResult::task_attempt_authority’ [-Wmissing-field-initializers]
2026-10-02T06:30:46.5348713Z   202 |               ""};
2026-10-02T06:30:46.5378443Z       |                 ^
2026-10-02T06:30:46.5630904Z /home/runner/work/mini-drop/mini-drop/native/agent/src/language_collectors.cpp:202:17: warning: missing initializer for member ‘mini_drop_native::TaskResult::task_attempt_id’ [-Wmissing-field-initializers]
2026-10-02T06:30:46.5720356Z /home/runner/work/mini-drop/mini-drop/native/agent/src/language_collectors.cpp:202:17: warning: missing initializer for member ‘mini_drop_native::TaskResult::error_code’ [-Wmissing-field-initializers]
2026-10-02T06:30:46.5810116Z /home/runner/work/mini-drop/mini-drop/native/agent/src/language_collectors.cpp:209:17: warning: missing initializer for member ‘mini_drop_native::TaskResult::task_attempt_authority’ [-Wmissing-field-initializers]
2026-10-02T06:30:46.5918606Z   209 |               ""};
2026-10-02T06:30:46.6068818Z       |                 ^
2026-10-02T06:30:46.6220662Z /home/runner/work/mini-drop/mini-drop/native/agent/src/language_collectors.cpp:209:17: warning: missing initializer for member ‘mini_drop_native::TaskResult::task_attempt_id’ [-Wmissing-field-initializers]
2026-10-02T06:30:46.6350353Z /home/runner/work/mini-drop/mini-drop/native/agent/src/language_collectors.cpp:209:17: warning: missing initializer for member ‘mini_drop_native::TaskResult::error_code’ [-Wmissing-field-initializers]
2026-10-02T06:30:47.9868917Z [ 86%] Linking CXX executable self-metrics-test
2026-10-02T06:30:48.9808870Z [ 86%] Built target self-metrics-test
2026-10-02T06:30:49.0559081Z [ 89%] Linking CXX executable perf-samples-test
2026-10-02T06:30:49.4679024Z In file included from /tmp/build-agent/generated/healthcheck.pb.h:37,
2026-10-02T06:30:49.4828995Z                  from /tmp/build-agent/generated/healthcheck.pb.cc:4:
2026-10-02T06:30:49.5010046Z /tmp/build-agent/generated/hotmethod.pb.h: In member function ‘mini_drop::RecordArgv* mini_drop::TaskDesc::release_sample_argv()’:
2026-10-02T06:30:49.5161226Z /tmp/build-agent/generated/hotmethod.pb.h:3159:47: warning: ‘mini_drop::RecordArgv* mini_drop::TaskDesc::unsafe_arena_release_sample_argv()’ is deprecated [-Wdeprecated-declarations]
2026-10-02T06:30:49.5308951Z  3159 |   auto temp = unsafe_arena_release_sample_argv();
2026-10-02T06:30:49.5439012Z       |               ~~~~~~~~~~~~~~~~~~~~~~~~~~~~~~~~^~
2026-10-02T06:30:49.5548899Z /tmp/build-agent/generated/hotmethod.pb.h:449:48: note: declared here
2026-10-02T06:30:49.5550064Z   449 |   PROTOBUF_DEPRECATED ::mini_drop::RecordArgv* unsafe_arena_release_sample_argv();
2026-10-02T06:30:49.5550963Z       |                                                ^~~~~~~~~~~~~~~~~~~~~~~~~~~~~~~~
2026-10-02T06:30:49.5552787Z /tmp/build-agent/generated/hotmethod.pb.h: In member function ‘mini_drop::CosConfig* mini_drop::TaskDesc::release_cos_config()’:
2026-10-02T06:30:49.5700541Z /tmp/build-agent/generated/hotmethod.pb.h:3355:46: warning: ‘mini_drop::CosConfig* mini_drop::TaskDesc::unsafe_arena_release_cos_config()’ is deprecated [-Wdeprecated-declarations]
2026-10-02T06:30:49.5878899Z  3355 |   auto temp = unsafe_arena_release_cos_config();
2026-10-02T06:30:49.5968677Z       |               ~~~~~~~~~~~~~~~~~~~~~~~~~~~~~~~^~
2026-10-02T06:30:49.6118929Z /tmp/build-agent/generated/hotmethod.pb.h:467:47: note: declared here
2026-10-02T06:30:49.6269015Z   467 |   PROTOBUF_DEPRECATED ::mini_drop::CosConfig* unsafe_arena_release_cos_config();
2026-10-02T06:30:49.6448908Z       |                                               ^~~~~~~~~~~~~~~~~~~~~~~~~~~~~~~
2026-10-02T06:30:49.6719042Z In file included from /tmp/build-agent/generated/hotmethod.pb.cc:4:
2026-10-02T06:30:49.6809978Z /tmp/build-agent/generated/hotmethod.pb.h: In member function ‘mini_drop::RecordArgv* mini_drop::TaskDesc::release_sample_argv()’:
2026-10-02T06:30:49.6970315Z /tmp/build-agent/generated/hotmethod.pb.h:3159:47: warning: ‘mini_drop::RecordArgv* mini_drop::TaskDesc::unsafe_arena_release_sample_argv()’ is deprecated [-Wdeprecated-declarations]
2026-10-02T06:30:49.7058771Z  3159 |   auto temp = unsafe_arena_release_sample_argv();
2026-10-02T06:30:49.7218783Z       |               ~~~~~~~~~~~~~~~~~~~~~~~~~~~~~~~~^~
2026-10-02T06:30:49.7219367Z [ 89%] Built target perf-samples-test
2026-10-02T06:30:49.7338990Z /tmp/build-agent/generated/hotmethod.pb.h:449:48: note: declared here
2026-10-02T06:30:49.7419073Z   449 |   PROTOBUF_DEPRECATED ::mini_drop::RecordArgv* unsafe_arena_release_sample_argv();
2026-10-02T06:30:49.7508836Z       |                                                ^~~~~~~~~~~~~~~~~~~~~~~~~~~~~~~~
2026-10-02T06:30:49.7690341Z /tmp/build-agent/generated/hotmethod.pb.h: In member function ‘mini_drop::CosConfig* mini_drop::TaskDesc::release_cos_config()’:
2026-10-02T06:30:49.7780211Z /tmp/build-agent/generated/hotmethod.pb.h:3355:46: warning: ‘mini_drop::CosConfig* mini_drop::TaskDesc::unsafe_arena_release_cos_config()’ is deprecated [-Wdeprecated-declarations]
2026-10-02T06:30:49.7868938Z  3355 |   auto temp = unsafe_arena_release_cos_config();
2026-10-02T06:30:49.8058931Z       |               ~~~~~~~~~~~~~~~~~~~~~~~~~~~~~~~^~
2026-10-02T06:30:49.8178932Z /tmp/build-agent/generated/hotmethod.pb.h:467:47: note: declared here
2026-10-02T06:30:49.8238927Z   467 |   PROTOBUF_DEPRECATED ::mini_drop::CosConfig* unsafe_arena_release_cos_config();
2026-10-02T06:30:49.8388847Z       |                                               ^~~~~~~~~~~~~~~~~~~~~~~~~~~~~~~
2026-10-02T06:30:50.3210739Z /tmp/build-agent/generated/hotmethod.pb.cc: In member function ‘virtual google::protobuf::uint8* mini_drop::TaskDesc::_InternalSerialize(google::protobuf::uint8*, google::protobuf::io::EpsCopyOutputStream*) const’:
2026-10-02T06:30:50.3270245Z /tmp/build-agent/generated/hotmethod.pb.cc:1228:28: warning: ‘bool mini_drop::TaskDesc::has_sample_argv() const’ is deprecated [-Wdeprecated-declarations]
2026-10-02T06:30:50.3478944Z  1228 |   if (this->has_sample_argv()) {
2026-10-02T06:30:50.3601639Z       |       ~~~~~~~~~~~~~~~~~~~~~^~
2026-10-02T06:30:50.3689295Z In file included from /tmp/build-agent/generated/hotmethod.pb.cc:4:
2026-10-02T06:30:50.3869186Z /tmp/build-agent/generated/hotmethod.pb.h:3127:13: note: declared here
2026-10-02T06:30:50.3928655Z  3127 | inline bool TaskDesc::has_sample_argv() const {
2026-10-02T06:30:50.3988504Z       |             ^~~~~~~~
2026-10-02T06:30:50.4050167Z /tmp/build-agent/generated/hotmethod.pb.cc:1258:27: warning: ‘bool mini_drop::TaskDesc::has_cos_config() const’ is deprecated [-Wdeprecated-declarations]
2026-10-02T06:30:50.4138688Z  1258 |   if (this->has_cos_config()) {
2026-10-02T06:30:50.4188626Z       |       ~~~~~~~~~~~~~~~~~~~~^~
2026-10-02T06:30:50.4248977Z In file included from /tmp/build-agent/generated/hotmethod.pb.cc:4:
2026-10-02T06:30:50.4338942Z /tmp/build-agent/generated/hotmethod.pb.h:3329:13: note: declared here
2026-10-02T06:30:50.4372144Z  3329 | inline bool TaskDesc::has_cos_config() const {
2026-10-02T06:30:50.4460236Z       |             ^~~~~~~~
2026-10-02T06:30:50.4520797Z /tmp/build-agent/generated/hotmethod.pb.cc: In member function ‘virtual size_t mini_drop::TaskDesc::ByteSizeLong() const’:
2026-10-02T06:30:50.4613595Z /tmp/build-agent/generated/hotmethod.pb.cc:1451:28: warning: ‘bool mini_drop::TaskDesc::has_sample_argv() const’ is deprecated [-Wdeprecated-declarations]
2026-10-02T06:30:50.4638778Z  1451 |   if (this->has_sample_argv()) {
2026-10-02T06:30:50.4758734Z       |       ~~~~~~~~~~~~~~~~~~~~~^~
2026-10-02T06:30:50.4869034Z In file included from /tmp/build-agent/generated/hotmethod.pb.cc:4:
2026-10-02T06:30:50.4938848Z /tmp/build-agent/generated/hotmethod.pb.h:3127:13: note: declared here
2026-10-02T06:30:50.4968821Z  3127 | inline bool TaskDesc::has_sample_argv() const {
2026-10-02T06:30:50.5058614Z       |             ^~~~~~~~
2026-10-02T06:30:50.5119961Z /tmp/build-agent/generated/hotmethod.pb.cc:1458:27: warning: ‘bool mini_drop::TaskDesc::has_cos_config() const’ is deprecated [-Wdeprecated-declarations]
2026-10-02T06:30:50.5188856Z  1458 |   if (this->has_cos_config()) {
2026-10-02T06:30:50.5238693Z       |       ~~~~~~~~~~~~~~~~~~~~^~
2026-10-02T06:30:50.5330103Z In file included from /tmp/build-agent/generated/hotmethod.pb.cc:4:
2026-10-02T06:30:50.5389055Z /tmp/build-agent/generated/hotmethod.pb.h:3329:13: note: declared here
2026-10-02T06:30:50.5448683Z  3329 | inline bool TaskDesc::has_cos_config() const {
2026-10-02T06:30:50.5558597Z       |             ^~~~~~~~
2026-10-02T06:30:50.5619580Z /tmp/build-agent/generated/hotmethod.pb.cc: In member function ‘void mini_drop::TaskDesc::MergeFrom(const mini_drop::TaskDesc&)’:
2026-10-02T06:30:50.5709805Z /tmp/build-agent/generated/hotmethod.pb.cc:1609:27: warning: ‘bool mini_drop::TaskDesc::has_sample_argv() const’ is deprecated [-Wdeprecated-declarations]
2026-10-02T06:30:50.5738646Z  1609 |   if (from.has_sample_argv()) {
2026-10-02T06:30:50.5828600Z       |       ~~~~~~~~~~~~~~~~~~~~^~
2026-10-02T06:30:50.5888768Z In file included from /tmp/build-agent/generated/hotmethod.pb.cc:4:
2026-10-02T06:30:50.5948856Z /tmp/build-agent/generated/hotmethod.pb.h:3127:13: note: declared here
2026-10-02T06:30:50.6008938Z  3127 | inline bool TaskDesc::has_sample_argv() const {
2026-10-02T06:30:50.6098525Z       |             ^~~~~~~~
2026-10-02T06:30:50.6159839Z /tmp/build-agent/generated/hotmethod.pb.cc:1612:26: warning: ‘bool mini_drop::TaskDesc::has_cos_config() const’ is deprecated [-Wdeprecated-declarations]
2026-10-02T06:30:50.6208468Z  1612 |   if (from.has_cos_config()) {
2026-10-02T06:30:50.6278655Z       |       ~~~~~~~~~~~~~~~~~~~^~
2026-10-02T06:30:50.6368704Z In file included from /tmp/build-agent/generated/hotmethod.pb.cc:4:
2026-10-02T06:30:50.6428766Z /tmp/build-agent/generated/hotmethod.pb.h:3329:13: note: declared here
2026-10-02T06:30:50.6458745Z  3329 | inline bool TaskDesc::has_cos_config() const {
2026-10-02T06:30:50.6548763Z       |             ^~~~~~~~
2026-10-02T06:30:50.9689065Z In file included from /tmp/build-agent/generated/hotmethod.grpc.pb.cc:5:
2026-10-02T06:30:50.9780650Z /tmp/build-agent/generated/hotmethod.pb.h: In member function ‘mini_drop::RecordArgv* mini_drop::TaskDesc::release_sample_argv()’:
2026-10-02T06:30:50.9900277Z /tmp/build-agent/generated/hotmethod.pb.h:3159:47: warning: ‘mini_drop::RecordArgv* mini_drop::TaskDesc::unsafe_arena_release_sample_argv()’ is deprecated [-Wdeprecated-declarations]
2026-10-02T06:30:51.0018814Z  3159 |   auto temp = unsafe_arena_release_sample_argv();
2026-10-02T06:30:51.0078734Z       |               ~~~~~~~~~~~~~~~~~~~~~~~~~~~~~~~~^~
2026-10-02T06:30:51.0229308Z /tmp/build-agent/generated/hotmethod.pb.h:449:48: note: declared here
2026-10-02T06:30:51.0319109Z   449 |   PROTOBUF_DEPRECATED ::mini_drop::RecordArgv* unsafe_arena_release_sample_argv();
2026-10-02T06:30:51.0408713Z       |                                                ^~~~~~~~~~~~~~~~~~~~~~~~~~~~~~~~
2026-10-02T06:30:51.0529816Z /tmp/build-agent/generated/hotmethod.pb.h: In member function ‘mini_drop::CosConfig* mini_drop::TaskDesc::release_cos_config()’:
2026-10-02T06:30:51.0640112Z /tmp/build-agent/generated/hotmethod.pb.h:3355:46: warning: ‘mini_drop::CosConfig* mini_drop::TaskDesc::unsafe_arena_release_cos_config()’ is deprecated [-Wdeprecated-declarations]
2026-10-02T06:30:51.0758676Z  3355 |   auto temp = unsafe_arena_release_cos_config();
2026-10-02T06:30:51.0828483Z       |               ~~~~~~~~~~~~~~~~~~~~~~~~~~~~~~~^~
2026-10-02T06:30:51.0968899Z /tmp/build-agent/generated/hotmethod.pb.h:467:47: note: declared here
2026-10-02T06:30:51.1058840Z   467 |   PROTOBUF_DEPRECATED ::mini_drop::CosConfig* unsafe_arena_release_cos_config();
2026-10-02T06:30:51.1179369Z       |                                               ^~~~~~~~~~~~~~~~~~~~~~~~~~~~~~~
2026-10-02T06:30:51.1260444Z /tmp/build-agent/generated/common.pb.cc: In member function ‘virtual google::protobuf::uint8* mini_drop::CosConfig::_InternalSerialize(google::protobuf::uint8*, google::protobuf::io::EpsCopyOutputStream*) const’:
2026-10-02T06:30:51.1410112Z /tmp/build-agent/generated/common.pb.cc:664:23: warning: ‘const string& mini_drop::CosConfig::access_key() const’ is deprecated [-Wdeprecated-declarations]
2026-10-02T06:30:51.1498517Z   664 |   if (this->access_key().size() > 0) {
2026-10-02T06:30:51.1588558Z       |       ~~~~~~~~~~~~~~~~^~
2026-10-02T06:30:51.1689090Z In file included from /tmp/build-agent/generated/common.pb.cc:4:
2026-10-02T06:30:51.1778713Z /tmp/build-agent/generated/common.pb.h:1130:27: note: declared here
2026-10-02T06:30:51.1868720Z  1130 | inline const std::string& CosConfig::access_key() const {
2026-10-02T06:30:51.1958486Z       |                           ^~~~~~~~~
2026-10-02T06:30:51.2039711Z /tmp/build-agent/generated/common.pb.cc:674:23: warning: ‘const string& mini_drop::CosConfig::secret_key() const’ is deprecated [-Wdeprecated-declarations]
2026-10-02T06:30:51.2108548Z   674 |   if (this->secret_key().size() > 0) {
2026-10-02T06:30:51.2198506Z       |       ~~~~~~~~~~~~~~~~^~
2026-10-02T06:30:51.2318712Z In file included from /tmp/build-agent/generated/common.pb.cc:4:
2026-10-02T06:30:51.2378748Z /tmp/build-agent/generated/common.pb.h:1211:27: note: declared here
2026-10-02T06:30:51.2468880Z  1211 | inline const std::string& CosConfig::secret_key() const {
2026-10-02T06:30:51.2558772Z       |                           ^~~~~~~~~
2026-10-02T06:30:51.2619877Z /tmp/build-agent/generated/common.pb.cc: In member function ‘virtual size_t mini_drop::CosConfig::ByteSizeLong() const’:
2026-10-02T06:30:51.2710045Z /tmp/build-agent/generated/common.pb.cc:727:23: warning: ‘const string& mini_drop::CosConfig::access_key() const’ is deprecated [-Wdeprecated-declarations]
2026-10-02T06:30:51.2798867Z   727 |   if (this->access_key().size() > 0) {
2026-10-02T06:30:51.2898674Z       |       ~~~~~~~~~~~~~~~~^~
2026-10-02T06:30:51.2978842Z In file included from /tmp/build-agent/generated/common.pb.cc:4:
2026-10-02T06:30:51.3068796Z /tmp/build-agent/generated/common.pb.h:1130:27: note: declared here
2026-10-02T06:30:51.3158918Z  1130 | inline const std::string& CosConfig::access_key() const {
2026-10-02T06:30:51.3248661Z       |                           ^~~~~~~~~
2026-10-02T06:30:51.3321308Z /tmp/build-agent/generated/common.pb.cc:734:23: warning: ‘const string& mini_drop::CosConfig::secret_key() const’ is deprecated [-Wdeprecated-declarations]
2026-10-02T06:30:51.3398729Z   734 |   if (this->secret_key().size() > 0) {
2026-10-02T06:30:51.3488786Z       |       ~~~~~~~~~~~~~~~~^~
2026-10-02T06:30:51.3578959Z In file included from /tmp/build-agent/generated/common.pb.cc:4:
2026-10-02T06:30:51.3668949Z /tmp/build-agent/generated/common.pb.h:1211:27: note: declared here
2026-10-02T06:30:51.3758935Z  1211 | inline const std::string& CosConfig::secret_key() const {
2026-10-02T06:30:51.3955862Z       |                           ^~~~~~~~~
2026-10-02T06:30:51.3999751Z /tmp/build-agent/generated/common.pb.cc: In member function ‘void mini_drop::CosConfig::MergeFrom(const mini_drop::CosConfig&)’:
2026-10-02T06:30:51.4049622Z /tmp/build-agent/generated/common.pb.cc:788:22: warning: ‘const string& mini_drop::CosConfig::access_key() const’ is deprecated [-Wdeprecated-declarations]
2026-10-02T06:30:51.4148661Z   788 |   if (from.access_key().size() > 0) {
2026-10-02T06:30:51.4288741Z       |       ~~~~~~~~~~~~~~~^~
2026-10-02T06:30:51.4328739Z In file included from /tmp/build-agent/generated/common.pb.cc:4:
2026-10-02T06:30:51.4418768Z /tmp/build-agent/generated/common.pb.h:1130:27: note: declared here
2026-10-02T06:30:51.4538986Z  1130 | inline const std::string& CosConfig::access_key() const {
2026-10-02T06:30:51.4608675Z       |                           ^~~~~~~~~
2026-10-02T06:30:51.4659904Z /tmp/build-agent/generated/common.pb.cc:791:22: warning: ‘const string& mini_drop::CosConfig::secret_key() const’ is deprecated [-Wdeprecated-declarations]
2026-10-02T06:30:51.4778745Z   791 |   if (from.secret_key().size() > 0) {
2026-10-02T06:30:51.4828552Z       |       ~~~~~~~~~~~~~~~^~
2026-10-02T06:30:51.4968941Z In file included from /tmp/build-agent/generated/common.pb.cc:4:
2026-10-02T06:30:51.4969654Z [ 91%] Linking CXX executable runtime-guard-test
2026-10-02T06:30:51.4978777Z /tmp/build-agent/generated/common.pb.h:1211:27: note: declared here
2026-10-02T06:30:51.5089076Z  1211 | inline const std::string& CosConfig::secret_key() const {
2026-10-02T06:30:51.5208853Z       |                           ^~~~~~~~~
2026-10-02T06:30:51.5258846Z In file included from /tmp/build-agent/generated/healthcheck.pb.h:37,
2026-10-02T06:30:51.5346116Z                  from /tmp/build-agent/generated/healthcheck.grpc.pb.cc:5:
2026-10-02T06:30:51.5479852Z /tmp/build-agent/generated/hotmethod.pb.h: In member function ‘mini_drop::RecordArgv* mini_drop::TaskDesc::release_sample_argv()’:
2026-10-02T06:30:51.5520018Z /tmp/build-agent/generated/hotmethod.pb.h:3159:47: warning: ‘mini_drop::RecordArgv* mini_drop::TaskDesc::unsafe_arena_release_sample_argv()’ is deprecated [-Wdeprecated-declarations]
2026-10-02T06:30:51.5588941Z  3159 |   auto temp = unsafe_arena_release_sample_argv();
2026-10-02T06:30:51.5728806Z       |               ~~~~~~~~~~~~~~~~~~~~~~~~~~~~~~~~^~
2026-10-02T06:30:51.5768772Z /tmp/build-agent/generated/hotmethod.pb.h:449:48: note: declared here
2026-10-02T06:30:51.5899118Z   449 |   PROTOBUF_DEPRECATED ::mini_drop::RecordArgv* unsafe_arena_release_sample_argv();
2026-10-02T06:30:51.5900141Z       |                                                ^~~~~~~~~~~~~~~~~~~~~~~~~~~~~~~~
2026-10-02T06:30:51.6029776Z /tmp/build-agent/generated/hotmethod.pb.h: In member function ‘mini_drop::CosConfig* mini_drop::TaskDesc::release_cos_config()’:
2026-10-02T06:30:51.6150284Z /tmp/build-agent/generated/hotmethod.pb.h:3355:46: warning: ‘mini_drop::CosConfig* mini_drop::TaskDesc::unsafe_arena_release_cos_config()’ is deprecated [-Wdeprecated-declarations]
2026-10-02T06:30:51.6259037Z  3355 |   auto temp = unsafe_arena_release_cos_config();
2026-10-02T06:30:51.6338727Z       |               ~~~~~~~~~~~~~~~~~~~~~~~~~~~~~~~^~
2026-10-02T06:30:51.6438892Z /tmp/build-agent/generated/hotmethod.pb.h:467:47: note: declared here
2026-10-02T06:30:51.6448786Z   467 |   PROTOBUF_DEPRECATED ::mini_drop::CosConfig* unsafe_arena_release_cos_config();
2026-10-02T06:30:51.6629384Z       |                                               ^~~~~~~~~~~~~~~~~~~~~~~~~~~~~~~
2026-10-02T06:30:52.1309060Z [ 91%] Built target runtime-guard-test
2026-10-02T06:30:53.5429071Z In file included from /tmp/build-agent/generated/healthcheck.pb.h:37,
2026-10-02T06:30:53.5488731Z                  from /tmp/build-agent/generated/healthcheck.grpc.pb.h:15,
2026-10-02T06:30:53.5530502Z                  from /home/runner/work/mini-drop/mini-drop/native/agent/src/main.cpp:10:
2026-10-02T06:30:53.5684509Z /tmp/build-agent/generated/hotmethod.pb.h: In member function ‘mini_drop::RecordArgv* mini_drop::TaskDesc::release_sample_argv()’:
2026-10-02T06:30:53.5840246Z /tmp/build-agent/generated/hotmethod.pb.h:3159:47: warning: ‘mini_drop::RecordArgv* mini_drop::TaskDesc::unsafe_arena_release_sample_argv()’ is deprecated [-Wdeprecated-declarations]
2026-10-02T06:30:53.5938917Z  3159 |   auto temp = unsafe_arena_release_sample_argv();
2026-10-02T06:30:53.6018589Z       |               ~~~~~~~~~~~~~~~~~~~~~~~~~~~~~~~~^~
2026-10-02T06:30:53.6089009Z /tmp/build-agent/generated/hotmethod.pb.h:449:48: note: declared here
2026-10-02T06:30:53.6209056Z   449 |   PROTOBUF_DEPRECATED ::mini_drop::RecordArgv* unsafe_arena_release_sample_argv();
2026-10-02T06:30:53.6288850Z       |                                                ^~~~~~~~~~~~~~~~~~~~~~~~~~~~~~~~
2026-10-02T06:30:53.6359690Z /tmp/build-agent/generated/hotmethod.pb.h: In member function ‘mini_drop::CosConfig* mini_drop::TaskDesc::release_cos_config()’:
2026-10-02T06:30:53.6450300Z /tmp/build-agent/generated/hotmethod.pb.h:3355:46: warning: ‘mini_drop::CosConfig* mini_drop::TaskDesc::unsafe_arena_release_cos_config()’ is deprecated [-Wdeprecated-declarations]
2026-10-02T06:30:53.6538841Z  3355 |   auto temp = unsafe_arena_release_cos_config();
2026-10-02T06:30:53.6618634Z       |               ~~~~~~~~~~~~~~~~~~~~~~~~~~~~~~~^~
2026-10-02T06:30:53.6688905Z /tmp/build-agent/generated/hotmethod.pb.h:467:47: note: declared here
2026-10-02T06:30:53.6809045Z   467 |   PROTOBUF_DEPRECATED ::mini_drop::CosConfig* unsafe_arena_release_cos_config();
2026-10-02T06:30:53.6918841Z       |                                               ^~~~~~~~~~~~~~~~~~~~~~~~~~~~~~~
2026-10-02T06:30:57.3790304Z /home/runner/work/mini-drop/mini-drop/native/agent/src/main.cpp: In function ‘mini_drop_native::Task {anonymous}::task_from_proto(const mini_drop::TaskDesc&)’:
2026-10-02T06:30:57.3849960Z /home/runner/work/mini-drop/mini-drop/native/agent/src/main.cpp:570:27: warning: ‘bool mini_drop::TaskDesc::has_sample_argv() const’ is deprecated [-Wdeprecated-declarations]
2026-10-02T06:30:57.3908667Z   570 |   if (desc.has_sample_argv()) {
2026-10-02T06:30:57.3988590Z       |       ~~~~~~~~~~~~~~~~~~~~^~
2026-10-02T06:30:57.4078881Z In file included from /tmp/build-agent/generated/healthcheck.pb.h:37,
2026-10-02T06:30:57.4218921Z                  from /tmp/build-agent/generated/healthcheck.grpc.pb.h:15,
2026-10-02T06:30:57.4358972Z                  from /home/runner/work/mini-drop/mini-drop/native/agent/src/main.cpp:10:
2026-10-02T06:30:57.4438824Z /tmp/build-agent/generated/hotmethod.pb.h:3127:13: note: declared here
2026-10-02T06:30:57.4508991Z  3127 | inline bool TaskDesc::has_sample_argv() const {
2026-10-02T06:30:57.4538462Z       |             ^~~~~~~~
2026-10-02T06:30:57.4600121Z /home/runner/work/mini-drop/mini-drop/native/agent/src/main.cpp:571:32: warning: ‘const mini_drop::RecordArgv& mini_drop::TaskDesc::sample_argv() const’ is deprecated [-Wdeprecated-declarations]
2026-10-02T06:30:57.4688783Z   571 |     task.pid = desc.sample_argv().pid();
2026-10-02T06:30:57.4748624Z       |                ~~~~~~~~~~~~~~~~^~
2026-10-02T06:30:57.4797670Z In file included from /tmp/build-agent/generated/healthcheck.pb.h:37,
2026-10-02T06:30:57.4888955Z                  from /tmp/build-agent/generated/healthcheck.grpc.pb.h:15,
2026-10-02T06:30:57.4948836Z                  from /home/runner/work/mini-drop/mini-drop/native/agent/src/main.cpp:10:
2026-10-02T06:30:57.4989429Z /tmp/build-agent/generated/hotmethod.pb.h:3141:39: note: declared here
2026-10-02T06:30:57.5079063Z  3141 | inline const ::mini_drop::RecordArgv& TaskDesc::sample_argv() const {
2026-10-02T06:30:57.5141833Z       |                                       ^~~~~~~~
2026-10-02T06:30:57.5200027Z /home/runner/work/mini-drop/mini-drop/native/agent/src/main.cpp:572:48: warning: ‘const mini_drop::RecordArgv& mini_drop::TaskDesc::sample_argv() const’ is deprecated [-Wdeprecated-declarations]
2026-10-02T06:30:57.5338887Z   572 |     task.hz = static_cast<int>(desc.sample_argv().hz());
2026-10-02T06:30:57.5399120Z       |                                ~~~~~~~~~~~~~~~~^~
2026-10-02T06:30:57.5518979Z In file included from /tmp/build-agent/generated/healthcheck.pb.h:37,
2026-10-02T06:30:57.5568770Z                  from /tmp/build-agent/generated/healthcheck.grpc.pb.h:15,
2026-10-02T06:30:57.5638866Z                  from /home/runner/work/mini-drop/mini-drop/native/agent/src/main.cpp:10:
2026-10-02T06:30:57.5750793Z /tmp/build-agent/generated/hotmethod.pb.h:3141:39: note: declared here
2026-10-02T06:30:57.5798812Z  3141 | inline const ::mini_drop::RecordArgv& TaskDesc::sample_argv() const {
2026-10-02T06:30:57.5858662Z       |                                       ^~~~~~~~
2026-10-02T06:30:57.5911078Z [ 94%] Linking CXX executable result-outbox-test
2026-10-02T06:30:57.5940031Z /home/runner/work/mini-drop/mini-drop/native/agent/src/main.cpp:573:54: warning: ‘const mini_drop::RecordArgv& mini_drop::TaskDesc::sample_argv() const’ is deprecated [-Wdeprecated-declarations]
2026-10-02T06:30:57.5989059Z   573 |     task.duration = static_cast<int>(desc.sample_argv().duration());
2026-10-02T06:30:57.6049195Z       |                                      ~~~~~~~~~~~~~~~~^~
2026-10-02T06:30:57.6108710Z In file included from /tmp/build-agent/generated/healthcheck.pb.h:37,
2026-10-02T06:30:57.6178789Z                  from /tmp/build-agent/generated/healthcheck.grpc.pb.h:15,
2026-10-02T06:30:57.6229066Z                  from /home/runner/work/mini-drop/mini-drop/native/agent/src/main.cpp:10:
2026-10-02T06:30:57.6288890Z /tmp/build-agent/generated/hotmethod.pb.h:3141:39: note: declared here
2026-10-02T06:30:57.6378915Z  3141 | inline const ::mini_drop::RecordArgv& TaskDesc::sample_argv() const {
2026-10-02T06:30:57.6438641Z       |                                       ^~~~~~~~
2026-10-02T06:30:57.6500134Z /home/runner/work/mini-drop/mini-drop/native/agent/src/main.cpp:574:38: warning: ‘const mini_drop::RecordArgv& mini_drop::TaskDesc::sample_argv() const’ is deprecated [-Wdeprecated-declarations]
2026-10-02T06:30:57.6558740Z   574 |     task.callgraph = desc.sample_argv().callgraph();
2026-10-02T06:30:57.6628636Z       |                      ~~~~~~~~~~~~~~~~^~
2026-10-02T06:30:57.6685522Z In file included from /tmp/build-agent/generated/healthcheck.pb.h:37,
2026-10-02T06:30:57.6748739Z                  from /tmp/build-agent/generated/healthcheck.grpc.pb.h:15,
2026-10-02T06:30:57.6828874Z                  from /home/runner/work/mini-drop/mini-drop/native/agent/src/main.cpp:10:
2026-10-02T06:30:57.6888721Z /tmp/build-agent/generated/hotmethod.pb.h:3141:39: note: declared here
2026-10-02T06:30:57.6889679Z  3141 | inline const ::mini_drop::RecordArgv& TaskDesc::sample_argv() const {
2026-10-02T06:30:57.6890364Z       |                                       ^~~~~~~~
2026-10-02T06:30:57.6892422Z /home/runner/work/mini-drop/mini-drop/native/agent/src/main.cpp:575:34: warning: ‘const mini_drop::RecordArgv& mini_drop::TaskDesc::sample_argv() const’ is deprecated [-Wdeprecated-declarations]
2026-10-02T06:30:57.6893927Z   575 |     task.event = desc.sample_argv().event();
2026-10-02T06:30:57.6894466Z       |                  ~~~~~~~~~~~~~~~~^~
2026-10-02T06:30:57.6895100Z In file included from /tmp/build-agent/generated/healthcheck.pb.h:37,
2026-10-02T06:30:57.6896268Z                  from /tmp/build-agent/generated/healthcheck.grpc.pb.h:15,
2026-10-02T06:30:57.6897213Z                  from /home/runner/work/mini-drop/mini-drop/native/agent/src/main.cpp:10:
2026-10-02T06:30:57.6898808Z /tmp/build-agent/generated/hotmethod.pb.h:3141:39: note: declared here
2026-10-02T06:30:57.6899712Z  3141 | inline const ::mini_drop::RecordArgv& TaskDesc::sample_argv() const {
2026-10-02T06:30:57.6900424Z       |                                       ^~~~~~~~
2026-10-02T06:30:57.9298805Z [ 94%] Built target result-outbox-test
2026-10-02T06:30:59.0449012Z [ 97%] Linking CXX executable process-snapshot-test
2026-10-02T06:30:59.2399144Z [ 97%] Built target process-snapshot-test
2026-10-02T06:31:02.4321856Z [100%] Linking CXX executable mini-drop-native-agent
2026-10-02T06:31:02.5888174Z [100%] Built target mini-drop-native-agent
2026-10-02T06:31:02.6017070Z ##[group]Run ctest --test-dir /tmp/build-agent --output-on-failure --no-tests=error --output-junit /tmp/build-agent/ctest.xml
2026-10-02T06:31:02.6018302Z [36;1mctest --test-dir /tmp/build-agent --output-on-failure --no-tests=error --output-junit /tmp/build-agent/ctest.xml[0m
2026-10-02T06:31:02.6090682Z shell: /usr/bin/bash -e {0}
2026-10-02T06:31:02.6090939Z ##[endgroup]
2026-10-02T06:31:02.8877397Z Internal ctest changing into directory: /tmp/build-agent
2026-10-02T06:31:02.9388362Z Test project /tmp/build-agent
2026-10-02T06:31:02.9640737Z     Start 1: self-metrics-test
2026-10-02T06:31:02.9710497Z 1/5 Test #1: self-metrics-test ................   Passed    0.00 sec
2026-10-02T06:31:02.9711192Z     Start 2: result-outbox-test
2026-10-02T06:31:02.9877736Z 2/5 Test #2: result-outbox-test ...............   Passed    0.02 sec
2026-10-02T06:31:02.9878604Z     Start 3: process-snapshot-test
2026-10-02T06:31:02.9980558Z 3/5 Test #3: process-snapshot-test ............   Passed    0.01 sec
2026-10-02T06:31:02.9981242Z     Start 4: perf-samples-test
2026-10-02T06:31:03.0020804Z 4/5 Test #4: perf-samples-test ................   Passed    0.00 sec
2026-10-02T06:31:03.0021469Z     Start 5: runtime-guard-test
2026-10-02T06:31:03.0050942Z 5/5 Test #5: runtime-guard-test ...............   Passed    0.00 sec
2026-10-02T06:31:03.0053285Z 
2026-10-02T06:31:03.0053562Z 100% tests passed, 0 tests failed out of 5
2026-10-02T06:31:03.0053915Z 
2026-10-02T06:31:03.0054089Z Total Test time (real) =   0.07 sec
2026-10-02T06:31:03.0411124Z ##[group]Run actions/upload-artifact@v4
2026-10-02T06:31:03.0411459Z with:
2026-10-02T06:31:03.0411812Z   name: native-agent-binary-de94beda6b03fbbdf0f5d2f619b9efe49ed3a687-1
2026-10-02T06:31:03.0412342Z   path: /tmp/build-agent/mini-drop-native-agent
/tmp/build-agent/ctest.xml

2026-10-02T06:31:03.0412755Z   if-no-files-found: error
2026-10-02T06:31:03.0413013Z   retention-days: 14
2026-10-02T06:31:03.0413246Z   compression-level: 6
2026-10-02T06:31:03.0413493Z   overwrite: false
2026-10-02T06:31:03.0413733Z   include-hidden-files: false
2026-10-02T06:31:03.0413990Z ##[endgroup]
2026-10-02T06:31:03.2353251Z (node:3075) [DEP0040] DeprecationWarning: The `punycode` module is deprecated. Please use a userland alternative instead.
2026-10-02T06:31:03.2354830Z (Use `node --trace-deprecation ...` to show where the warning was created)
2026-10-02T06:31:03.2414891Z Multiple search paths detected. Calculating the least common ancestor of all paths
2026-10-02T06:31:03.2418191Z The least common ancestor is /tmp/build-agent. This will be the root directory of the artifact
2026-10-02T06:31:03.2419224Z With the provided path, there will be 2 files uploaded
2026-10-02T06:31:03.2424741Z Artifact name is valid!
2026-10-02T06:31:03.2432120Z Root directory input is valid!
2026-10-02T06:31:03.6264961Z Beginning upload of artifact content to blob storage
2026-10-02T06:31:03.6926439Z (node:3075) [DEP0169] DeprecationWarning: `url.parse()` behavior is not standardized and prone to errors that have security implications. Use the WHATWG URL API instead. CVEs are not issued for `url.parse()` vulnerabilities.
2026-10-02T06:31:04.2487702Z Uploaded bytes 437834
2026-10-02T06:31:04.3274752Z Finished uploading artifact content to blob storage!
2026-10-02T06:31:04.3275902Z SHA256 digest of uploaded artifact zip is d780b01b4df926d4b0a2d384dc9b3f2f0f2421f9bb33ca2b066b7e388fb223d3
2026-10-02T06:31:04.3278515Z Finalizing artifact upload
2026-10-02T06:31:04.5744459Z Artifact native-agent-binary-de94beda6b03fbbdf0f5d2f619b9efe49ed3a687-1.zip successfully finalized. Artifact ID 11212950491
2026-10-02T06:31:04.5746506Z Artifact native-agent-binary-de94beda6b03fbbdf0f5d2f619b9efe49ed3a687-1 has been successfully uploaded! Final size is 437834 bytes. Artifact ID is 11212950491
2026-10-02T06:31:04.5753085Z Artifact download URL: https://github.com/llongwang751-arch/mini-drop/actions/runs/36973829118/artifacts/11212950491
2026-10-02T06:31:04.5976409Z Post job cleanup.
2026-10-02T06:31:04.6899856Z [command]/usr/bin/git version
2026-10-02T06:31:04.6938492Z git version 2.55.0
2026-10-02T06:31:04.6981999Z Temporarily overriding HOME='/home/runner/work/_temp/50c3db99-adc8-493b-b71e-fd35d56a812a' before making global git config changes
2026-10-02T06:31:04.6983436Z Adding repository directory to the temporary git global config as a safe directory
2026-10-02T06:31:04.6989182Z [command]/usr/bin/git config --global --add safe.directory /home/runner/work/mini-drop/mini-drop
2026-10-02T06:31:04.7035043Z [command]/usr/bin/git config --local --name-only --get-regexp core\.sshCommand
2026-10-02T06:31:04.7078774Z [command]/usr/bin/git submodule foreach --recursive sh -c "git config --local --name-only --get-regexp 'core\.sshCommand' && git config --local --unset-all 'core.sshCommand' || :"
2026-10-02T06:31:04.7443281Z [command]/usr/bin/git config --local --name-only --get-regexp http\.https\:\/\/github\.com\/\.extraheader
2026-10-02T06:31:04.7473413Z http.https://github.com/.extraheader
2026-10-02T06:31:04.7485587Z [command]/usr/bin/git config --local --unset-all http.https://github.com/.extraheader
2026-10-02T06:31:04.7527235Z [command]/usr/bin/git submodule foreach --recursive sh -c "git config --local --name-only --get-regexp 'http\.https\:\/\/github\.com\/\.extraheader' && git config --local --unset-all 'http.https://github.com/.extraheader' || :"
2026-10-02T06:31:04.7837123Z [command]/usr/bin/git config --local --name-only --get-regexp ^includeIf\.gitdir:
2026-10-02T06:31:04.7893522Z [command]/usr/bin/git submodule foreach --recursive git config --local --show-origin --name-only --get-regexp remote.origin.url
2026-10-02T06:31:04.8404382Z Cleaning up orphan processes
2026-10-02T06:31:04.8779090Z ##[warning]Node.js 20 is deprecated. The following actions target Node.js 20 but are being forced to run on Node.js 24: actions/checkout@v4, actions/upload-artifact@v4. For more information see: https://github.blog/changelog/2025-09-19-deprecation-of-node-20-on-github-actions-runners/
