2026-10-02T06:30:02.1288842Z Current runner version: '2.337.0'
2026-10-02T06:30:02.1313696Z ##[group]Runner Image Provisioner
2026-10-02T06:30:02.1315048Z Hosted Compute Agent
2026-10-02T06:30:02.1315644Z Version: 20260901.588
2026-10-02T06:30:02.1316252Z Commit: f88ec8081b781fac6c440065ac7ff9e710ce3d0b
2026-10-02T06:30:02.1316978Z Build Date: 2026-09-01T19:56:44Z
2026-10-02T06:30:02.1317645Z Worker ID: {ec4d0055-ad99-4645-942b-348927f93cbf}
2026-10-02T06:30:02.1318315Z Azure Region: northcentralus
2026-10-02T06:30:02.1318954Z ##[endgroup]
2026-10-02T06:30:02.1320302Z ##[group]Operating System
2026-10-02T06:30:02.1320904Z Ubuntu
2026-10-02T06:30:02.1321444Z 22.04.5
2026-10-02T06:30:02.1321971Z LTS
2026-10-02T06:30:02.1322514Z ##[endgroup]
2026-10-02T06:30:02.1323043Z ##[group]Runner Image
2026-10-02T06:30:02.1323614Z Image: ubuntu-22.04
2026-10-02T06:30:02.1324186Z Version: 20260927.309.1
2026-10-02T06:30:02.1325754Z Included Software: https://github.com/actions/runner-images/blob/ubuntu22/20260927.309/images/ubuntu/Ubuntu2204-Readme.md
2026-10-02T06:30:02.1327213Z Image Release: https://github.com/actions/runner-images/releases/tag/ubuntu22%2F20260927.309
2026-10-02T06:30:02.1328141Z ##[endgroup]
2026-10-02T06:30:02.1329312Z ##[group]GITHUB_TOKEN Permissions
2026-10-02T06:30:02.1331347Z Contents: read
2026-10-02T06:30:02.1331904Z Metadata: read
2026-10-02T06:30:02.1332452Z Packages: read
2026-10-02T06:30:02.1333004Z ##[endgroup]
2026-10-02T06:30:02.1335102Z Secret source: Actions
2026-10-02T06:30:02.1336033Z Cache mode: write
2026-10-02T06:30:02.1336670Z Prepare workflow directory
2026-10-02T06:30:02.1661990Z Prepare all required actions
2026-10-02T06:30:02.1713805Z Getting action download info
2026-10-02T06:30:02.4635449Z Download action repository 'actions/checkout@v4' (SHA:11d5960a326750d5838078e36cf38b85af677262)
2026-10-02T06:30:02.5525968Z Download action repository 'actions/upload-artifact@v4' (SHA:ea165f8d65b6e75b540449e92b4886f43607fa02)
2026-10-02T06:30:02.7920716Z Complete job name: Supply chain (trivy report)
2026-10-02T06:30:02.8592083Z ##[group]Run actions/checkout@v4
2026-10-02T06:30:02.8593294Z with:
2026-10-02T06:30:02.8593862Z   repository: llongwang751-arch/mini-drop
2026-10-02T06:30:02.8598097Z   token: ***
2026-10-02T06:30:02.8598624Z   ssh-strict: true
2026-10-02T06:30:02.8599121Z   ssh-user: git
2026-10-02T06:30:02.8599675Z   persist-credentials: true
2026-10-02T06:30:02.8600248Z   clean: true
2026-10-02T06:30:02.8600771Z   sparse-checkout-cone-mode: true
2026-10-02T06:30:02.8601379Z   fetch-depth: 1
2026-10-02T06:30:02.8601875Z   fetch-tags: false
2026-10-02T06:30:02.8602405Z   show-progress: true
2026-10-02T06:30:02.8602931Z   lfs: false
2026-10-02T06:30:02.8603449Z   submodules: false
2026-10-02T06:30:02.8603988Z   set-safe-directory: true
2026-10-02T06:30:02.8604679Z   allow-unsafe-pr-checkout: false
2026-10-02T06:30:02.8605491Z ##[endgroup]
2026-10-02T06:30:02.9589467Z Syncing repository: llongwang751-arch/mini-drop
2026-10-02T06:30:02.9591466Z ##[group]Getting Git version info
2026-10-02T06:30:02.9592389Z Working directory is '/home/runner/work/mini-drop/mini-drop'
2026-10-02T06:30:02.9593542Z [command]/usr/bin/git version
2026-10-02T06:30:02.9667628Z git version 2.55.0
2026-10-02T06:30:02.9687628Z ##[endgroup]
2026-10-02T06:30:02.9701142Z Temporarily overriding HOME='/home/runner/work/_temp/b618c06c-510f-4f36-9517-8bb1a5259e20' before making global git config changes
2026-10-02T06:30:02.9706912Z Adding repository directory to the temporary git global config as a safe directory
2026-10-02T06:30:02.9708566Z [command]/usr/bin/git config --global --add safe.directory /home/runner/work/mini-drop/mini-drop
2026-10-02T06:30:02.9743738Z Deleting the contents of '/home/runner/work/mini-drop/mini-drop'
2026-10-02T06:30:02.9750808Z ##[group]Initializing the repository
2026-10-02T06:30:02.9757322Z [command]/usr/bin/git init /home/runner/work/mini-drop/mini-drop
2026-10-02T06:30:02.9857023Z hint: Using 'master' as the name for the initial branch. This default branch name
2026-10-02T06:30:02.9858913Z hint: will change to "main" in Git 3.0. To configure the initial branch name
2026-10-02T06:30:02.9863777Z hint: to use in all of your new repositories, which will suppress this warning,
2026-10-02T06:30:02.9865486Z hint: call:
2026-10-02T06:30:02.9866403Z hint:
2026-10-02T06:30:02.9867152Z hint: 	git config --global init.defaultBranch <name>
2026-10-02T06:30:02.9867906Z hint:
2026-10-02T06:30:02.9868699Z hint: Names commonly chosen instead of 'master' are 'main', 'trunk' and
2026-10-02T06:30:02.9869771Z hint: 'development'. The just-created branch can be renamed via this command:
2026-10-02T06:30:02.9871112Z hint:
2026-10-02T06:30:02.9871695Z hint: 	git branch -m <name>
2026-10-02T06:30:02.9872283Z hint:
2026-10-02T06:30:02.9873080Z hint: Disable this message with "git config set advice.defaultBranchName false"
2026-10-02T06:30:02.9874703Z Initialized empty Git repository in /home/runner/work/mini-drop/mini-drop/.git/
2026-10-02T06:30:02.9887888Z [command]/usr/bin/git remote add origin https://github.com/llongwang751-arch/mini-drop
2026-10-02T06:30:02.9954147Z ##[endgroup]
2026-10-02T06:30:02.9956136Z ##[group]Disabling automatic garbage collection
2026-10-02T06:30:02.9957370Z [command]/usr/bin/git config --local gc.auto 0
2026-10-02T06:30:02.9967168Z ##[endgroup]
2026-10-02T06:30:02.9968675Z ##[group]Setting up auth
2026-10-02T06:30:02.9973597Z [command]/usr/bin/git config --local --name-only --get-regexp core\.sshCommand
2026-10-02T06:30:03.0003063Z [command]/usr/bin/git submodule foreach --recursive sh -c "git config --local --name-only --get-regexp 'core\.sshCommand' && git config --local --unset-all 'core.sshCommand' || :"
2026-10-02T06:30:03.0339684Z [command]/usr/bin/git config --local --name-only --get-regexp http\.https\:\/\/github\.com\/\.extraheader
2026-10-02T06:30:03.0371780Z [command]/usr/bin/git submodule foreach --recursive sh -c "git config --local --name-only --get-regexp 'http\.https\:\/\/github\.com\/\.extraheader' && git config --local --unset-all 'http.https://github.com/.extraheader' || :"
2026-10-02T06:30:03.0588688Z [command]/usr/bin/git config --local --name-only --get-regexp ^includeIf\.gitdir:
2026-10-02T06:30:03.0626216Z [command]/usr/bin/git submodule foreach --recursive git config --local --show-origin --name-only --get-regexp remote.origin.url
2026-10-02T06:30:03.0834776Z [command]/usr/bin/git config --local http.https://github.com/.extraheader AUTHORIZATION: basic ***
2026-10-02T06:30:03.0875348Z ##[endgroup]
2026-10-02T06:30:03.0876777Z ##[group]Fetching the repository
2026-10-02T06:30:03.0883756Z [command]/usr/bin/git -c protocol.version=2 fetch --no-tags --prune --no-recurse-submodules --depth=1 origin +de94beda6b03fbbdf0f5d2f619b9efe49ed3a687:refs/remotes/pull/1/merge
2026-10-02T06:30:11.3489378Z From https://github.com/llongwang751-arch/mini-drop
2026-10-02T06:30:11.3491137Z  * [new ref]         de94beda6b03fbbdf0f5d2f619b9efe49ed3a687 -> pull/1/merge
2026-10-02T06:30:11.3496644Z ##[endgroup]
2026-10-02T06:30:11.3499204Z ##[group]Determining the checkout info
2026-10-02T06:30:11.3501350Z ##[endgroup]
2026-10-02T06:30:11.3502747Z [command]/usr/bin/git sparse-checkout disable
2026-10-02T06:30:11.3562804Z [command]/usr/bin/git config --local --unset-all extensions.worktreeConfig
2026-10-02T06:30:11.3596557Z ##[group]Checking out the ref
2026-10-02T06:30:11.3600070Z [command]/usr/bin/git checkout --progress --force refs/remotes/pull/1/merge
2026-10-02T06:30:12.3677962Z Updating files:  60% (2413/3961)
2026-10-02T06:30:12.3702462Z Updating files:  61% (2417/3961)
2026-10-02T06:30:12.3740959Z Updating files:  62% (2456/3961)
2026-10-02T06:30:12.3764926Z Updating files:  63% (2496/3961)
2026-10-02T06:30:12.3801292Z Updating files:  64% (2536/3961)
2026-10-02T06:30:12.3826083Z Updating files:  65% (2575/3961)
2026-10-02T06:30:12.3996122Z Updating files:  66% (2615/3961)
2026-10-02T06:30:12.4333038Z Updating files:  67% (2654/3961)
2026-10-02T06:30:12.4669454Z Updating files:  68% (2694/3961)
2026-10-02T06:30:12.4704018Z Updating files:  69% (2734/3961)
2026-10-02T06:30:12.4731084Z Updating files:  70% (2773/3961)
2026-10-02T06:30:12.4808456Z Updating files:  71% (2813/3961)
2026-10-02T06:30:12.4873805Z Updating files:  72% (2852/3961)
2026-10-02T06:30:12.4937618Z Updating files:  73% (2892/3961)
2026-10-02T06:30:12.4976429Z Updating files:  74% (2932/3961)
2026-10-02T06:30:12.4994651Z Updating files:  75% (2971/3961)
2026-10-02T06:30:12.5005299Z Updating files:  76% (3011/3961)
2026-10-02T06:30:12.5023018Z Updating files:  77% (3050/3961)
2026-10-02T06:30:12.5043040Z Updating files:  78% (3090/3961)
2026-10-02T06:30:12.5058944Z Updating files:  79% (3130/3961)
2026-10-02T06:30:12.5090055Z Updating files:  80% (3169/3961)
2026-10-02T06:30:12.5111667Z Updating files:  81% (3209/3961)
2026-10-02T06:30:12.5127023Z Updating files:  82% (3249/3961)
2026-10-02T06:30:12.5168082Z Updating files:  83% (3288/3961)
2026-10-02T06:30:12.5209569Z Updating files:  84% (3328/3961)
2026-10-02T06:30:12.5254638Z Updating files:  85% (3367/3961)
2026-10-02T06:30:12.5300586Z Updating files:  86% (3407/3961)
2026-10-02T06:30:12.5323454Z Updating files:  87% (3447/3961)
2026-10-02T06:30:12.5352955Z Updating files:  88% (3486/3961)
2026-10-02T06:30:12.5373929Z Updating files:  89% (3526/3961)
2026-10-02T06:30:12.5419828Z Updating files:  90% (3565/3961)
2026-10-02T06:30:12.5438558Z Updating files:  91% (3605/3961)
2026-10-02T06:30:12.5456053Z Updating files:  92% (3645/3961)
2026-10-02T06:30:12.5476214Z Updating files:  93% (3684/3961)
2026-10-02T06:30:12.5495198Z Updating files:  94% (3724/3961)
2026-10-02T06:30:12.5532423Z Updating files:  95% (3763/3961)
2026-10-02T06:30:12.5662853Z Updating files:  96% (3803/3961)
2026-10-02T06:30:12.5678783Z Updating files:  97% (3843/3961)
2026-10-02T06:30:12.5705326Z Updating files:  98% (3882/3961)
2026-10-02T06:30:12.5727114Z Updating files:  99% (3922/3961)
2026-10-02T06:30:12.5728893Z Updating files: 100% (3961/3961)
2026-10-02T06:30:12.5730456Z Updating files: 100% (3961/3961), done.
2026-10-02T06:30:12.5821239Z Note: switching to 'refs/remotes/pull/1/merge'.
2026-10-02T06:30:12.5822191Z 
2026-10-02T06:30:12.5823568Z You are in 'detached HEAD' state. You can look around, make experimental
2026-10-02T06:30:12.5825725Z changes and commit them, and you can discard any commits you make in this
2026-10-02T06:30:12.5827734Z state without impacting any branches by switching back to a branch.
2026-10-02T06:30:12.5828652Z 
2026-10-02T06:30:12.5829194Z If you want to create a new branch to retain commits you create, you may
2026-10-02T06:30:12.5830473Z do so (now or later) by using -c with the switch command. Example:
2026-10-02T06:30:12.5831274Z 
2026-10-02T06:30:12.5831565Z   git switch -c <new-branch-name>
2026-10-02T06:30:12.5832086Z 
2026-10-02T06:30:12.5832305Z Or undo this operation with:
2026-10-02T06:30:12.5832821Z 
2026-10-02T06:30:12.5832999Z   git switch -
2026-10-02T06:30:12.5833386Z 
2026-10-02T06:30:12.5834078Z Turn off this advice by setting config variable advice.detachedHead to false
2026-10-02T06:30:12.5835481Z 
2026-10-02T06:30:12.5836969Z HEAD is now at de94bed Merge ebffbaf8ba705e1f424c4b09bf4975db4623b47c into 609ea8a73f845b496b59b5cae181f515c5919850
2026-10-02T06:30:12.5880048Z ##[endgroup]
2026-10-02T06:30:12.5919394Z [command]/usr/bin/git log -1 --format=%H
2026-10-02T06:30:12.5944659Z de94beda6b03fbbdf0f5d2f619b9efe49ed3a687
2026-10-02T06:30:12.6180233Z ##[group]Run curl -sfL https://raw.githubusercontent.com/aquasecurity/trivy/main/contrib/install.sh | sh -s -- -b /usr/local/bin
2026-10-02T06:30:12.6183133Z [36;1mcurl -sfL https://raw.githubusercontent.com/aquasecurity/trivy/main/contrib/install.sh | sh -s -- -b /usr/local/bin[0m
2026-10-02T06:30:12.6465411Z shell: /usr/bin/bash -e {0}
2026-10-02T06:30:12.6466096Z ##[endgroup]
2026-10-02T06:30:12.7293514Z aquasecurity/trivy info checking GitHub for latest tag
2026-10-02T06:30:12.8615045Z aquasecurity/trivy info found version: 0.75.0 for v0.75.0/Linux/64bit
2026-10-02T06:30:14.7992050Z aquasecurity/trivy info installed /usr/local/bin/trivy
2026-10-02T06:30:14.8382141Z ##[group]Run trivy fs --scanners vuln,secret,misconfig --exit-code 0 \
2026-10-02T06:30:14.8382962Z [36;1mtrivy fs --scanners vuln,secret,misconfig --exit-code 0 \[0m
2026-10-02T06:30:14.8383535Z [36;1m  --format json --output output/trivy-fs.json .[0m
2026-10-02T06:30:14.8429981Z shell: /usr/bin/bash -e {0}
2026-10-02T06:30:14.8430478Z ##[endgroup]
2026-10-02T06:30:14.9338078Z 2026-10-02T06:30:14Z	INFO	[vulndb] Need to update DB
2026-10-02T06:30:14.9338861Z 2026-10-02T06:30:14Z	INFO	[vulndb] Downloading vulnerability DB...
2026-10-02T06:30:14.9339732Z 2026-10-02T06:30:14Z	INFO	[vulndb] Downloading artifact...	repo="mirror.gcr.io/aquasec/trivy-db:2"
2026-10-02T06:30:19.0859502Z 35.34 MiB / 120.46 MiB [----------------->__________________________________________] 29.34% ? p/s ?88.81 MiB / 120.46 MiB [-------------------------------------------->_______________] 73.73% ? p/s ?120.46 MiB / 120.46 MiB [--------------------------------------------------------->] 100.00% ? p/s ?120.46 MiB / 120.46 MiB [------------------------------------------->] 100.00% 141.70 MiB p/s ETA 0s120.46 MiB / 120.46 MiB [------------------------------------------->] 100.00% 141.70 MiB p/s ETA 0s120.46 MiB / 120.46 MiB [------------------------------------------->] 100.00% 141.70 MiB p/s ETA 0s120.46 MiB / 120.46 MiB [------------------------------------------->] 100.00% 132.55 MiB p/s ETA 0s120.46 MiB / 120.46 MiB [------------------------------------------->] 100.00% 132.55 MiB p/s ETA 0s120.46 MiB / 120.46 MiB [------------------------------------------->] 100.00% 132.55 MiB p/s ETA 0s120.46 MiB / 120.46 MiB [------------------------------------------->] 100.00% 124.00 MiB p/s ETA 0s120.46 MiB / 120.46 MiB [------------------------------------------->] 100.00% 124.00 MiB p/s ETA 0s120.46 MiB / 120.46 MiB [------------------------------------------->] 100.00% 124.00 MiB p/s ETA 0s120.46 MiB / 120.46 MiB [------------------------------------------->] 100.00% 116.00 MiB p/s ETA 0s120.46 MiB / 120.46 MiB [------------------------------------------->] 100.00% 116.00 MiB p/s ETA 0s120.46 MiB / 120.46 MiB [------------------------------------------->] 100.00% 116.00 MiB p/s ETA 0s120.46 MiB / 120.46 MiB [------------------------------------------->] 100.00% 108.52 MiB p/s ETA 0s120.46 MiB / 120.46 MiB [------------------------------------------->] 100.00% 108.52 MiB p/s ETA 0s120.46 MiB / 120.46 MiB [------------------------------------------->] 100.00% 108.52 MiB p/s ETA 0s120.46 MiB / 120.46 MiB [------------------------------------------->] 100.00% 101.52 MiB p/s ETA 0s120.46 MiB / 120.46 MiB [-----------------------------------------------] 100.00% 33.30 MiB p/s 3.8s2026-10-02T06:30:19Z	INFO	[vulndb] Artifact successfully downloaded	repo="mirror.gcr.io/aquasec/trivy-db:2"
2026-10-02T06:30:19.0942667Z 2026-10-02T06:30:19Z	INFO	[vuln] Vulnerability scanning is enabled
2026-10-02T06:30:19.0945247Z 2026-10-02T06:30:19Z	INFO	[misconfig] Misconfiguration scanning is enabled
2026-10-02T06:30:19.0946821Z 2026-10-02T06:30:19Z	INFO	[checks-client] Need to update the checks bundle
2026-10-02T06:30:19.0948245Z 2026-10-02T06:30:19Z	INFO	[checks-client] Downloading the checks bundle...
2026-10-02T06:30:20.3780788Z 234.65 KiB / 234.65 KiB [------------------------------------------------------] 100.00% ? p/s 100ms2026-10-02T06:30:20Z	INFO	[secret] Secret scanning is enabled
2026-10-02T06:30:20.3782353Z 2026-10-02T06:30:20Z	INFO	[secret] If your scanning is slow, please try '--scanners vuln,misconfig' to disable secret scanning
2026-10-02T06:30:20.3783569Z 2026-10-02T06:30:20Z	INFO	[secret] Please see https://trivy.dev/docs/v0.75/guide/scanner/secret#recommendation for faster secret detection
2026-10-02T06:30:27.6710410Z 2026-10-02T06:30:27Z	INFO	[npm] Run "npm install" to collect the license information of packages	dir="web/node_modules"
2026-10-02T06:30:30.5019237Z 2026-10-02T06:30:30Z	INFO	Suppressing dependencies for development and testing. To display them, try the '--include-dev-deps' flag.
2026-10-02T06:30:30.5021033Z 2026-10-02T06:30:30Z	INFO	Number of language-specific files	num=3
2026-10-02T06:30:30.5021824Z 2026-10-02T06:30:30Z	INFO	[gomod] Detecting vulnerabilities...
2026-10-02T06:30:30.5033592Z 2026-10-02T06:30:30Z	INFO	[npm] Detecting vulnerabilities...
2026-10-02T06:30:30.5125616Z 2026-10-02T06:30:30Z	INFO	Detected config files	num=28
2026-10-02T06:30:30.5176422Z 2026-10-02T06:30:30Z	WARN	Using severities from other vendors for some vulnerabilities. Read https://trivy.dev/docs/v0.75/guide/scanner/vulnerability#severity-selection for details.
2026-10-02T06:30:30.5721796Z ##[group]Run actions/upload-artifact@v4
2026-10-02T06:30:30.5722220Z with:
2026-10-02T06:30:30.5722637Z   name: trivy-fs-de94beda6b03fbbdf0f5d2f619b9efe49ed3a687
2026-10-02T06:30:30.5723110Z   path: output/trivy-fs.json
2026-10-02T06:30:30.5723467Z   if-no-files-found: warn
2026-10-02T06:30:30.5723852Z   compression-level: 6
2026-10-02T06:30:30.5724213Z   overwrite: false
2026-10-02T06:30:30.5724699Z   include-hidden-files: false
2026-10-02T06:30:30.5725063Z ##[endgroup]
2026-10-02T06:30:30.7412794Z (node:2070) [DEP0040] DeprecationWarning: The `punycode` module is deprecated. Please use a userland alternative instead.
2026-10-02T06:30:30.7413757Z (Use `node --trace-deprecation ...` to show where the warning was created)
2026-10-02T06:30:30.7459204Z With the provided path, there will be 1 file uploaded
2026-10-02T06:30:30.7464528Z Artifact name is valid!
2026-10-02T06:30:30.7465086Z Root directory input is valid!
2026-10-02T06:30:30.9856399Z Beginning upload of artifact content to blob storage
2026-10-02T06:30:31.0093746Z (node:2070) [DEP0169] DeprecationWarning: `url.parse()` behavior is not standardized and prone to errors that have security implications. Use the WHATWG URL API instead. CVEs are not issued for `url.parse()` vulnerabilities.
2026-10-02T06:30:31.1425591Z Uploaded bytes 41494
2026-10-02T06:30:31.1760204Z Finished uploading artifact content to blob storage!
2026-10-02T06:30:31.1761446Z SHA256 digest of uploaded artifact zip is 241300ff4f9143287b5f71c92691e1cd47c379bf79caf21c555ed3d3a0e4c22b
2026-10-02T06:30:31.1762372Z Finalizing artifact upload
2026-10-02T06:30:31.4097154Z Artifact trivy-fs-de94beda6b03fbbdf0f5d2f619b9efe49ed3a687.zip successfully finalized. Artifact ID 11212650870
2026-10-02T06:30:31.4098428Z Artifact trivy-fs-de94beda6b03fbbdf0f5d2f619b9efe49ed3a687 has been successfully uploaded! Final size is 41494 bytes. Artifact ID is 11212650870
2026-10-02T06:30:31.4103046Z Artifact download URL: https://github.com/llongwang751-arch/mini-drop/actions/runs/36973829118/artifacts/11212650870
2026-10-02T06:30:31.5591561Z Post job cleanup.
2026-10-02T06:30:31.6441729Z [command]/usr/bin/git version
2026-10-02T06:30:31.6482539Z git version 2.55.0
2026-10-02T06:30:31.6516272Z Temporarily overriding HOME='/home/runner/work/_temp/d65d7892-45c4-48c1-9c3b-44467464104f' before making global git config changes
2026-10-02T06:30:31.6517878Z Adding repository directory to the temporary git global config as a safe directory
2026-10-02T06:30:31.6529098Z [command]/usr/bin/git config --global --add safe.directory /home/runner/work/mini-drop/mini-drop
2026-10-02T06:30:31.7385889Z [command]/usr/bin/git config --local --name-only --get-regexp core\.sshCommand
2026-10-02T06:30:31.7467499Z [command]/usr/bin/git submodule foreach --recursive sh -c "git config --local --name-only --get-regexp 'core\.sshCommand' && git config --local --unset-all 'core.sshCommand' || :"
2026-10-02T06:30:31.7728157Z [command]/usr/bin/git config --local --name-only --get-regexp http\.https\:\/\/github\.com\/\.extraheader
2026-10-02T06:30:31.7753960Z http.https://github.com/.extraheader
2026-10-02T06:30:31.7765854Z [command]/usr/bin/git config --local --unset-all http.https://github.com/.extraheader
2026-10-02T06:30:31.8760465Z [command]/usr/bin/git submodule foreach --recursive sh -c "git config --local --name-only --get-regexp 'http\.https\:\/\/github\.com\/\.extraheader' && git config --local --unset-all 'http.https://github.com/.extraheader' || :"
2026-10-02T06:30:31.8975380Z [command]/usr/bin/git config --local --name-only --get-regexp ^includeIf\.gitdir:
2026-10-02T06:30:31.9005731Z [command]/usr/bin/git submodule foreach --recursive git config --local --show-origin --name-only --get-regexp remote.origin.url
2026-10-02T06:30:31.9372337Z Cleaning up orphan processes
2026-10-02T06:30:31.9626560Z ##[warning]Node.js 20 is deprecated. The following actions target Node.js 20 but are being forced to run on Node.js 24: actions/checkout@v4, actions/upload-artifact@v4. For more information see: https://github.blog/changelog/2025-09-19-deprecation-of-node-20-on-github-actions-runners/
