2026-10-02T12:00:17.9217185Z Current runner version: '2.337.0'
2026-10-02T12:00:17.9238251Z ##[group]Runner Image Provisioner
2026-10-02T12:00:17.9239032Z Hosted Compute Agent
2026-10-02T12:00:17.9239561Z Version: 20260901.588
2026-10-02T12:00:17.9240084Z Commit: f88ec8081b781fac6c440065ac7ff9e710ce3d0b
2026-10-02T12:00:17.9240965Z Build Date: 2026-09-01T19:56:44Z
2026-10-02T12:00:17.9241571Z Worker ID: {68e66708-17a7-477a-8c7c-fd7d7932fff5}
2026-10-02T12:00:17.9242206Z Azure Region: northcentralus
2026-10-02T12:00:17.9242756Z ##[endgroup]
2026-10-02T12:00:17.9244538Z ##[group]Operating System
2026-10-02T12:00:17.9245146Z Ubuntu
2026-10-02T12:00:17.9245652Z 22.04.5
2026-10-02T12:00:17.9246124Z LTS
2026-10-02T12:00:17.9246580Z ##[endgroup]
2026-10-02T12:00:17.9247071Z ##[group]Runner Image
2026-10-02T12:00:17.9247630Z Image: ubuntu-22.04
2026-10-02T12:00:17.9248124Z Version: 20260927.309.1
2026-10-02T12:00:17.9249226Z Included Software: https://github.com/actions/runner-images/blob/ubuntu22/20260927.309/images/ubuntu/Ubuntu2204-Readme.md
2026-10-02T12:00:17.9250472Z Image Release: https://github.com/actions/runner-images/releases/tag/ubuntu22%2F20260927.309
2026-10-02T12:00:17.9251570Z ##[endgroup]
2026-10-02T12:00:17.9252515Z ##[group]GITHUB_TOKEN Permissions
2026-10-02T12:00:17.9254339Z Contents: read
2026-10-02T12:00:17.9254867Z Metadata: read
2026-10-02T12:00:17.9255328Z ##[endgroup]
2026-10-02T12:00:17.9257125Z Secret source: Actions
2026-10-02T12:00:17.9257934Z Cache mode: write
2026-10-02T12:00:17.9258792Z Prepare workflow directory
2026-10-02T12:00:17.9528209Z Prepare all required actions
2026-10-02T12:00:17.9567325Z Getting action download info
2026-10-02T12:00:18.1864257Z Download action repository 'actions/checkout@v4' (SHA:11d5960a326750d5838078e36cf38b85af677262)
2026-10-02T12:00:18.6591404Z Download action repository 'actions/setup-python@v5' (SHA:a26af69be951a213d495a4c3e4e4022e16d87065)
2026-10-02T12:00:18.8213944Z Download action repository 'actions/upload-artifact@v4' (SHA:ea165f8d65b6e75b540449e92b4886f43607fa02)
2026-10-02T12:00:19.1269109Z Complete job name: Exact Git core stack, mTLS and real Agent artifact
2026-10-02T12:00:19.1900593Z ##[group]Run actions/checkout@v4
2026-10-02T12:00:19.1901462Z with:
2026-10-02T12:00:19.1901845Z   persist-credentials: false
2026-10-02T12:00:19.1902318Z   repository: llongwang751-arch/mini-drop
2026-10-02T12:00:19.1905863Z   token: ***
2026-10-02T12:00:19.1906236Z   ssh-strict: true
2026-10-02T12:00:19.1906611Z   ssh-user: git
2026-10-02T12:00:19.1906970Z   clean: true
2026-10-02T12:00:19.1907344Z   sparse-checkout-cone-mode: true
2026-10-02T12:00:19.1907798Z   fetch-depth: 1
2026-10-02T12:00:19.1908168Z   fetch-tags: false
2026-10-02T12:00:19.1908541Z   show-progress: true
2026-10-02T12:00:19.1908928Z   lfs: false
2026-10-02T12:00:19.1909333Z   submodules: false
2026-10-02T12:00:19.1909720Z   set-safe-directory: true
2026-10-02T12:00:19.1910190Z   allow-unsafe-pr-checkout: false
2026-10-02T12:00:19.1910902Z ##[endgroup]
2026-10-02T12:00:19.2736410Z Syncing repository: llongwang751-arch/mini-drop
2026-10-02T12:00:19.2738410Z ##[group]Getting Git version info
2026-10-02T12:00:19.2739168Z Working directory is '/home/runner/work/mini-drop/mini-drop'
2026-10-02T12:00:19.2740216Z [command]/usr/bin/git version
2026-10-02T12:00:19.3417805Z git version 2.55.0
2026-10-02T12:00:19.3434279Z ##[endgroup]
2026-10-02T12:00:19.3448987Z Temporarily overriding HOME='/home/runner/work/_temp/360dc503-0c05-47d6-87fb-c1ee54f4f65b' before making global git config changes
2026-10-02T12:00:19.3451093Z Adding repository directory to the temporary git global config as a safe directory
2026-10-02T12:00:19.3453988Z [command]/usr/bin/git config --global --add safe.directory /home/runner/work/mini-drop/mini-drop
2026-10-02T12:00:19.3491053Z Deleting the contents of '/home/runner/work/mini-drop/mini-drop'
2026-10-02T12:00:19.3495192Z ##[group]Initializing the repository
2026-10-02T12:00:19.3498481Z [command]/usr/bin/git init /home/runner/work/mini-drop/mini-drop
2026-10-02T12:00:19.3804501Z hint: Using 'master' as the name for the initial branch. This default branch name
2026-10-02T12:00:19.3806460Z hint: will change to "main" in Git 3.0. To configure the initial branch name
2026-10-02T12:00:19.3807815Z hint: to use in all of your new repositories, which will suppress this warning,
2026-10-02T12:00:19.3808894Z hint: call:
2026-10-02T12:00:19.3809709Z hint:
2026-10-02T12:00:19.3810434Z hint: 	git config --global init.defaultBranch <name>
2026-10-02T12:00:19.3811514Z hint:
2026-10-02T12:00:19.3812340Z hint: Names commonly chosen instead of 'master' are 'main', 'trunk' and
2026-10-02T12:00:19.3813708Z hint: 'development'. The just-created branch can be renamed via this command:
2026-10-02T12:00:19.3814862Z hint:
2026-10-02T12:00:19.3815494Z hint: 	git branch -m <name>
2026-10-02T12:00:19.3816160Z hint:
2026-10-02T12:00:19.3817008Z hint: Disable this message with "git config set advice.defaultBranchName false"
2026-10-02T12:00:19.3818377Z Initialized empty Git repository in /home/runner/work/mini-drop/mini-drop/.git/
2026-10-02T12:00:19.3820916Z [command]/usr/bin/git remote add origin https://github.com/llongwang751-arch/mini-drop
2026-10-02T12:00:19.3851544Z ##[endgroup]
2026-10-02T12:00:19.3852675Z ##[group]Disabling automatic garbage collection
2026-10-02T12:00:19.3855019Z [command]/usr/bin/git config --local gc.auto 0
2026-10-02T12:00:19.3885976Z ##[endgroup]
2026-10-02T12:00:19.3887020Z ##[group]Setting up auth
2026-10-02T12:00:19.3891789Z [command]/usr/bin/git config --local --name-only --get-regexp core\.sshCommand
2026-10-02T12:00:19.3923684Z [command]/usr/bin/git submodule foreach --recursive sh -c "git config --local --name-only --get-regexp 'core\.sshCommand' && git config --local --unset-all 'core.sshCommand' || :"
2026-10-02T12:00:19.4906276Z [command]/usr/bin/git config --local --name-only --get-regexp http\.https\:\/\/github\.com\/\.extraheader
2026-10-02T12:00:19.4940007Z [command]/usr/bin/git submodule foreach --recursive sh -c "git config --local --name-only --get-regexp 'http\.https\:\/\/github\.com\/\.extraheader' && git config --local --unset-all 'http.https://github.com/.extraheader' || :"
2026-10-02T12:00:19.5159683Z [command]/usr/bin/git config --local --name-only --get-regexp ^includeIf\.gitdir:
2026-10-02T12:00:19.5191236Z [command]/usr/bin/git submodule foreach --recursive git config --local --show-origin --name-only --get-regexp remote.origin.url
2026-10-02T12:00:19.5408950Z [command]/usr/bin/git config --local http.https://github.com/.extraheader AUTHORIZATION: basic ***
2026-10-02T12:00:19.5448216Z ##[endgroup]
2026-10-02T12:00:19.5449382Z ##[group]Fetching the repository
2026-10-02T12:00:19.5456845Z [command]/usr/bin/git -c protocol.version=2 fetch --no-tags --prune --no-recurse-submodules --depth=1 origin +7abe089ae9bfc9705b56c73a5b1dd19dd3bad7ea:refs/remotes/pull/1/merge
2026-10-02T12:00:23.0448857Z From https://github.com/llongwang751-arch/mini-drop
2026-10-02T12:00:23.0449592Z  * [new ref]         7abe089ae9bfc9705b56c73a5b1dd19dd3bad7ea -> pull/1/merge
2026-10-02T12:00:23.0451855Z ##[endgroup]
2026-10-02T12:00:23.0452514Z ##[group]Determining the checkout info
2026-10-02T12:00:23.0458329Z ##[endgroup]
2026-10-02T12:00:23.0458848Z [command]/usr/bin/git sparse-checkout disable
2026-10-02T12:00:23.0499874Z [command]/usr/bin/git config --local --unset-all extensions.worktreeConfig
2026-10-02T12:00:23.0536236Z ##[group]Checking out the ref
2026-10-02T12:00:23.0539023Z [command]/usr/bin/git checkout --progress --force refs/remotes/pull/1/merge
2026-10-02T12:00:24.0632633Z Updating files:  74% (4612/6162)
2026-10-02T12:00:24.0678306Z Updating files:  75% (4622/6162)
2026-10-02T12:00:24.0728091Z Updating files:  76% (4684/6162)
2026-10-02T12:00:24.0764615Z Updating files:  77% (4745/6162)
2026-10-02T12:00:24.1093142Z Updating files:  78% (4807/6162)
2026-10-02T12:00:24.1362034Z Updating files:  79% (4868/6162)
2026-10-02T12:00:24.1432448Z Updating files:  80% (4930/6162)
2026-10-02T12:00:24.1507485Z Updating files:  81% (4992/6162)
2026-10-02T12:00:24.1588714Z Updating files:  82% (5053/6162)
2026-10-02T12:00:24.1643717Z Updating files:  83% (5115/6162)
2026-10-02T12:00:24.1673505Z Updating files:  84% (5177/6162)
2026-10-02T12:00:24.1726207Z Updating files:  85% (5238/6162)
2026-10-02T12:00:24.1765443Z Updating files:  86% (5300/6162)
2026-10-02T12:00:24.1835137Z Updating files:  87% (5361/6162)
2026-10-02T12:00:24.1875575Z Updating files:  88% (5423/6162)
2026-10-02T12:00:24.1973710Z Updating files:  89% (5485/6162)
2026-10-02T12:00:24.2042066Z Updating files:  90% (5546/6162)
2026-10-02T12:00:24.2082374Z Updating files:  91% (5608/6162)
2026-10-02T12:00:24.2118114Z Updating files:  92% (5670/6162)
2026-10-02T12:00:24.2171259Z Updating files:  93% (5731/6162)
2026-10-02T12:00:24.2201243Z Updating files:  94% (5793/6162)
2026-10-02T12:00:24.2232541Z Updating files:  95% (5854/6162)
2026-10-02T12:00:24.2266539Z Updating files:  96% (5916/6162)
2026-10-02T12:00:24.2387662Z Updating files:  97% (5978/6162)
2026-10-02T12:00:24.2417814Z Updating files:  98% (6039/6162)
2026-10-02T12:00:24.2445939Z Updating files:  99% (6101/6162)
2026-10-02T12:00:24.2446423Z Updating files: 100% (6162/6162)
2026-10-02T12:00:24.2446790Z Updating files: 100% (6162/6162), done.
2026-10-02T12:00:24.2512255Z Note: switching to 'refs/remotes/pull/1/merge'.
2026-10-02T12:00:24.2512592Z 
2026-10-02T12:00:24.2512849Z You are in 'detached HEAD' state. You can look around, make experimental
2026-10-02T12:00:24.2513323Z changes and commit them, and you can discard any commits you make in this
2026-10-02T12:00:24.2513724Z state without impacting any branches by switching back to a branch.
2026-10-02T12:00:24.2513953Z 
2026-10-02T12:00:24.2514109Z If you want to create a new branch to retain commits you create, you may
2026-10-02T12:00:24.2514474Z do so (now or later) by using -c with the switch command. Example:
2026-10-02T12:00:24.2514688Z 
2026-10-02T12:00:24.2514787Z   git switch -c <new-branch-name>
2026-10-02T12:00:24.2514939Z 
2026-10-02T12:00:24.2515026Z Or undo this operation with:
2026-10-02T12:00:24.2515170Z 
2026-10-02T12:00:24.2515241Z   git switch -
2026-10-02T12:00:24.2515386Z 
2026-10-02T12:00:24.2515813Z Turn off this advice by setting config variable advice.detachedHead to false
2026-10-02T12:00:24.2516078Z 
2026-10-02T12:00:24.2516364Z HEAD is now at 7abe089 Merge cfea6744fc2395d5392440b2404ee275ada0a69f into 609ea8a73f845b496b59b5cae181f515c5919850
2026-10-02T12:00:24.2614385Z ##[endgroup]
2026-10-02T12:00:24.2655989Z [command]/usr/bin/git log -1 --format=%H
2026-10-02T12:00:24.2683043Z 7abe089ae9bfc9705b56c73a5b1dd19dd3bad7ea
2026-10-02T12:00:24.2691413Z ##[group]Removing auth
2026-10-02T12:00:24.2694374Z [command]/usr/bin/git config --local --name-only --get-regexp core\.sshCommand
2026-10-02T12:00:24.2726053Z [command]/usr/bin/git submodule foreach --recursive sh -c "git config --local --name-only --get-regexp 'core\.sshCommand' && git config --local --unset-all 'core.sshCommand' || :"
2026-10-02T12:00:24.2954291Z [command]/usr/bin/git config --local --name-only --get-regexp http\.https\:\/\/github\.com\/\.extraheader
2026-10-02T12:00:24.2979466Z http.https://github.com/.extraheader
2026-10-02T12:00:24.2986806Z [command]/usr/bin/git config --local --unset-all http.https://github.com/.extraheader
2026-10-02T12:00:24.3020463Z [command]/usr/bin/git submodule foreach --recursive sh -c "git config --local --name-only --get-regexp 'http\.https\:\/\/github\.com\/\.extraheader' && git config --local --unset-all 'http.https://github.com/.extraheader' || :"
2026-10-02T12:00:24.3250173Z [command]/usr/bin/git config --local --name-only --get-regexp ^includeIf\.gitdir:
2026-10-02T12:00:24.3283843Z [command]/usr/bin/git submodule foreach --recursive git config --local --show-origin --name-only --get-regexp remote.origin.url
2026-10-02T12:00:24.3507650Z ##[endgroup]
2026-10-02T12:00:24.3797407Z ##[group]Run actions/setup-python@v5
2026-10-02T12:00:24.3797658Z with:
2026-10-02T12:00:24.3797825Z   python-version: 3.11
2026-10-02T12:00:24.3798015Z   check-latest: false
2026-10-02T12:00:24.3800199Z   token: ***
2026-10-02T12:00:24.3800383Z   update-environment: true
2026-10-02T12:00:24.3800941Z   allow-prereleases: false
2026-10-02T12:00:24.3801156Z   freethreaded: false
2026-10-02T12:00:24.3801337Z ##[endgroup]
2026-10-02T12:00:24.4933133Z ##[group]Installed versions
2026-10-02T12:00:24.5603089Z (node:1923) [DEP0040] DeprecationWarning: The `punycode` module is deprecated. Please use a userland alternative instead.
2026-10-02T12:00:24.5603990Z (Use `node --trace-deprecation ...` to show where the warning was created)
2026-10-02T12:00:24.5604425Z Successfully set up CPython (3.11.16)
2026-10-02T12:00:24.5604876Z ##[endgroup]
2026-10-02T12:00:24.5760427Z ##[group]Run python -m pip install 'PyYAML>=6,<7' 'pytest>=8,<9'
2026-10-02T12:00:24.5761135Z [36;1mpython -m pip install 'PyYAML>=6,<7' 'pytest>=8,<9'[0m
2026-10-02T12:00:24.5761678Z [36;1mpython -m pytest --noconftest tests/test_clean_stack_acceptance.py -q --junitxml=output/quality/clean-stack-gates.xml[0m
2026-10-02T12:00:24.7841197Z shell: /usr/bin/bash -e {0}
2026-10-02T12:00:24.7841491Z env:
2026-10-02T12:00:24.7841767Z   pythonLocation: /opt/hostedtoolcache/Python/3.11.16/x64
2026-10-02T12:00:24.7842173Z   PKG_CONFIG_PATH: /opt/hostedtoolcache/Python/3.11.16/x64/lib/pkgconfig
2026-10-02T12:00:24.7842521Z   Python_ROOT_DIR: /opt/hostedtoolcache/Python/3.11.16/x64
2026-10-02T12:00:24.7842825Z   Python2_ROOT_DIR: /opt/hostedtoolcache/Python/3.11.16/x64
2026-10-02T12:00:24.7843127Z   Python3_ROOT_DIR: /opt/hostedtoolcache/Python/3.11.16/x64
2026-10-02T12:00:24.7843446Z   LD_LIBRARY_PATH: /opt/hostedtoolcache/Python/3.11.16/x64/lib
2026-10-02T12:00:24.7843708Z ##[endgroup]
2026-10-02T12:00:28.4613010Z Collecting PyYAML<7,>=6
2026-10-02T12:00:28.4894332Z   Downloading pyyaml-6.0.3-cp311-cp311-manylinux2014_x86_64.manylinux_2_17_x86_64.manylinux_2_28_x86_64.whl.metadata (2.4 kB)
2026-10-02T12:00:28.5189892Z Collecting pytest<9,>=8
2026-10-02T12:00:28.5222435Z   Downloading pytest-8.4.2-py3-none-any.whl.metadata (7.7 kB)
2026-10-02T12:00:28.5319270Z Collecting iniconfig>=1 (from pytest<9,>=8)
2026-10-02T12:00:28.5350346Z   Downloading iniconfig-2.3.0-py3-none-any.whl.metadata (2.5 kB)
2026-10-02T12:00:28.5464712Z Collecting packaging>=20 (from pytest<9,>=8)
2026-10-02T12:00:28.5495564Z   Downloading packaging-26.3-py3-none-any.whl.metadata (3.5 kB)
2026-10-02T12:00:28.5587446Z Collecting pluggy<2,>=1.5 (from pytest<9,>=8)
2026-10-02T12:00:28.5617052Z   Downloading pluggy-1.6.0-py3-none-any.whl.metadata (4.8 kB)
2026-10-02T12:00:28.5744984Z Collecting pygments>=2.7.2 (from pytest<9,>=8)
2026-10-02T12:00:28.5776224Z   Downloading pygments-2.21.0-py3-none-any.whl.metadata (2.5 kB)
2026-10-02T12:00:28.5836191Z Downloading pyyaml-6.0.3-cp311-cp311-manylinux2014_x86_64.manylinux_2_17_x86_64.manylinux_2_28_x86_64.whl (806 kB)
2026-10-02T12:00:28.5997276Z    ━━━━━━━━━━━━━━━━━━━━━━━━━━━━━━━━━━━━━━━━ 806.6/806.6 kB 77.1 MB/s  0:00:00
2026-10-02T12:00:28.6029506Z Downloading pytest-8.4.2-py3-none-any.whl (365 kB)
2026-10-02T12:00:28.6115184Z Downloading pluggy-1.6.0-py3-none-any.whl (20 kB)
2026-10-02T12:00:28.6158404Z Downloading iniconfig-2.3.0-py3-none-any.whl (7.5 kB)
2026-10-02T12:00:28.6201059Z Downloading packaging-26.3-py3-none-any.whl (129 kB)
2026-10-02T12:00:28.6253861Z Downloading pygments-2.21.0-py3-none-any.whl (1.3 MB)
2026-10-02T12:00:28.6376891Z    ━━━━━━━━━━━━━━━━━━━━━━━━━━━━━━━━━━━━━━━━ 1.3/1.3 MB 95.8 MB/s  0:00:00
2026-10-02T12:00:28.9604479Z Installing collected packages: PyYAML, pygments, pluggy, packaging, iniconfig, pytest
2026-10-02T12:00:29.7916253Z 
2026-10-02T12:00:29.7924570Z Successfully installed PyYAML-6.0.3 iniconfig-2.3.0 packaging-26.3 pluggy-1.6.0 pygments-2.21.0 pytest-8.4.2
2026-10-02T12:00:30.8804584Z ........................................................................ [ 82%]
2026-10-02T12:00:30.9092785Z ...............                                                          [100%]
2026-10-02T12:00:30.9093510Z - generated xml file: /home/runner/work/mini-drop/mini-drop/output/quality/clean-stack-gates.xml -
2026-10-02T12:00:30.9304383Z 87 passed in 0.67s
2026-10-02T12:00:30.9352478Z ##[group]Run python scripts/verify_clean_stack.py --expected-head '7abe089ae9bfc9705b56c73a5b1dd19dd3bad7ea' --output output/quality/clean-stack
2026-10-02T12:00:30.9353473Z [36;1mpython scripts/verify_clean_stack.py --expected-head '7abe089ae9bfc9705b56c73a5b1dd19dd3bad7ea' --output output/quality/clean-stack[0m
2026-10-02T12:00:30.9415837Z shell: /usr/bin/bash -e {0}
2026-10-02T12:00:30.9416049Z env:
2026-10-02T12:00:30.9416271Z   pythonLocation: /opt/hostedtoolcache/Python/3.11.16/x64
2026-10-02T12:00:30.9416613Z   PKG_CONFIG_PATH: /opt/hostedtoolcache/Python/3.11.16/x64/lib/pkgconfig
2026-10-02T12:00:30.9416954Z   Python_ROOT_DIR: /opt/hostedtoolcache/Python/3.11.16/x64
2026-10-02T12:00:30.9417256Z   Python2_ROOT_DIR: /opt/hostedtoolcache/Python/3.11.16/x64
2026-10-02T12:00:30.9417555Z   Python3_ROOT_DIR: /opt/hostedtoolcache/Python/3.11.16/x64
2026-10-02T12:00:30.9417852Z   LD_LIBRARY_PATH: /opt/hostedtoolcache/Python/3.11.16/x64/lib
2026-10-02T12:00:30.9418142Z ##[endgroup]
2026-10-02T12:00:31.0109256Z clean-stack: preflight
2026-10-02T12:00:31.0132371Z clean-stack command 1 completed in 0.0s
2026-10-02T12:00:31.2704596Z clean-stack command 2 completed in 0.3s
2026-10-02T12:00:31.2725344Z clean-stack command 3 completed in 0.0s
2026-10-02T12:00:33.0993551Z clean-stack command 4 completed in 1.8s
2026-10-02T12:00:33.1508692Z clean-stack command 5 completed in 0.1s
2026-10-02T12:00:33.1643769Z clean-stack command 6 completed in 0.0s
2026-10-02T12:00:33.1777196Z clean-stack command 7 completed in 0.0s
2026-10-02T12:00:33.1917388Z clean-stack command 8 completed in 0.0s
2026-10-02T12:00:33.1931887Z clean-stack: configuration
2026-10-02T12:00:34.7462824Z clean-stack command 9 completed in 1.6s
2026-10-02T12:00:34.7541845Z clean-stack command 10 completed in 0.0s
2026-10-02T12:00:34.7613508Z clean-stack command 11 completed in 0.0s
2026-10-02T12:00:34.7685812Z clean-stack command 12 completed in 0.0s
2026-10-02T12:00:34.7759012Z clean-stack command 13 completed in 0.0s
2026-10-02T12:00:34.8692881Z clean-stack command 14 completed in 0.1s
2026-10-02T12:00:34.8728081Z clean-stack: build
2026-10-02T12:00:34.8864370Z clean-stack command 15 completed in 0.0s
2026-10-02T12:03:25.4236374Z clean-stack command 16 completed in 170.5s
2026-10-02T12:03:25.4368577Z clean-stack command 17 completed in 0.0s
2026-10-02T12:03:59.0879458Z clean-stack command 18 completed in 33.7s
2026-10-02T12:03:59.1021632Z clean-stack command 19 completed in 0.0s
2026-10-02T12:04:43.0356196Z clean-stack command 20 completed in 43.9s
2026-10-02T12:04:43.0497461Z clean-stack command 21 completed in 0.0s
2026-10-02T12:05:38.6891183Z clean-stack command 22 completed in 55.6s
2026-10-02T12:05:38.7034117Z clean-stack command 23 completed in 0.0s
2026-10-02T12:06:44.0292042Z clean-stack command 24 completed in 65.3s
2026-10-02T12:06:44.0434265Z clean-stack command 25 completed in 0.0s
2026-10-02T12:06:58.0311951Z clean-stack command 26 completed in 14.0s
2026-10-02T12:06:58.0452281Z clean-stack command 27 completed in 0.0s
2026-10-02T12:07:00.0561795Z clean-stack command 28 completed in 2.0s
2026-10-02T12:07:05.6127103Z clean-stack command 29 completed in 5.6s
2026-10-02T12:07:05.6263624Z clean-stack command 30 completed in 0.0s
2026-10-02T12:07:05.6394999Z clean-stack command 31 completed in 0.0s
2026-10-02T12:07:05.6525178Z clean-stack command 32 completed in 0.0s
2026-10-02T12:07:05.6655348Z clean-stack command 33 completed in 0.0s
2026-10-02T12:07:05.6786033Z clean-stack command 34 completed in 0.0s
2026-10-02T12:07:05.6915738Z clean-stack command 35 completed in 0.0s
2026-10-02T12:07:05.7044417Z clean-stack command 36 completed in 0.0s
2026-10-02T12:07:05.7175110Z clean-stack command 37 completed in 0.0s
2026-10-02T12:07:05.7301727Z clean-stack command 38 completed in 0.0s
2026-10-02T12:07:05.7433180Z clean-stack command 39 completed in 0.0s
2026-10-02T12:07:05.7443087Z clean-stack: start
2026-10-02T12:07:41.7777234Z clean-stack command 40 completed in 36.0s
2026-10-02T12:07:41.7987320Z clean-stack command 41 completed in 0.0s
2026-10-02T12:07:41.8202718Z clean-stack command 42 completed in 0.0s
2026-10-02T12:07:44.8364171Z clean-stack command 43 completed in 0.0s
2026-10-02T12:07:44.8551950Z clean-stack command 44 completed in 0.0s
2026-10-02T12:07:47.8721171Z clean-stack command 45 completed in 0.0s
2026-10-02T12:07:47.8918985Z clean-stack command 46 completed in 0.0s
2026-10-02T12:07:50.9076240Z clean-stack command 47 completed in 0.0s
2026-10-02T12:07:50.9270903Z clean-stack command 48 completed in 0.0s
2026-10-02T12:07:53.9427873Z clean-stack command 49 completed in 0.0s
2026-10-02T12:07:53.9620430Z clean-stack command 50 completed in 0.0s
2026-10-02T12:07:54.0223165Z clean-stack command 51 completed in 0.1s
2026-10-02T12:07:54.3290147Z clean-stack command 52 completed in 0.3s
2026-10-02T12:07:54.4421274Z clean-stack command 53 completed in 0.1s
2026-10-02T12:07:54.4430222Z clean-stack: migration
2026-10-02T12:07:54.5598934Z clean-stack command 54 completed in 0.1s
2026-10-02T12:07:54.5642301Z clean-stack: heartbeat
2026-10-02T12:07:57.5757306Z clean-stack: task
2026-10-02T12:07:57.5901532Z clean-stack command 55 completed in 0.0s
2026-10-02T12:07:57.6565648Z clean-stack command 56 completed in 0.1s
2026-10-02T12:07:57.6704862Z clean-stack command 57 completed in 0.0s
2026-10-02T12:08:12.7024586Z clean-stack: artifacts
2026-10-02T12:08:12.8272878Z clean-stack command 58 completed in 0.1s
2026-10-02T12:08:12.8420160Z clean-stack command 59 completed in 0.0s
2026-10-02T12:08:12.9138665Z clean-stack command 60 completed in 0.1s
2026-10-02T12:08:12.9302752Z clean-stack command 61 completed in 0.0s
2026-10-02T12:08:13.0475790Z clean-stack command 62 completed in 0.1s
2026-10-02T12:08:13.0484592Z clean-stack: readonly
2026-10-02T12:08:13.0637856Z clean-stack command 63 completed in 0.0s
2026-10-02T12:08:13.0871083Z clean-stack command 64 completed in 0.0s
2026-10-02T12:08:13.1731180Z clean-stack command 65 completed in 0.1s
2026-10-02T12:08:13.1735686Z clean-stack: cleanup
2026-10-02T12:08:13.1887592Z clean-stack command 66 completed in 0.0s
2026-10-02T12:08:13.2082950Z clean-stack command 67 completed in 0.0s
2026-10-02T12:08:28.3746772Z clean-stack command 68 completed in 15.2s
2026-10-02T12:08:28.4240209Z clean-stack command 69 completed in 0.0s
2026-10-02T12:08:28.4379103Z clean-stack command 70 completed in 0.0s
2026-10-02T12:08:28.4520585Z clean-stack command 71 completed in 0.0s
2026-10-02T12:08:28.5694297Z clean-stack command 72 completed in 0.1s
2026-10-02T12:08:28.5833686Z clean-stack command 73 completed in 0.0s
2026-10-02T12:08:28.5973456Z clean-stack command 74 completed in 0.0s
2026-10-02T12:08:28.6080388Z clean-stack command 75 completed in 0.0s
2026-10-02T12:08:28.6110080Z {"status": "PASSED", "report": "/home/runner/work/mini-drop/mini-drop/output/quality/clean-stack/report.json", "failure": null}
2026-10-02T12:08:28.6297176Z ##[group]Run actions/upload-artifact@v4
2026-10-02T12:08:28.6297418Z with:
2026-10-02T12:08:28.6297673Z   name: clean-core-stack-7abe089ae9bfc9705b56c73a5b1dd19dd3bad7ea-1
2026-10-02T12:08:28.6298074Z   path: output/quality/clean-stack/
output/quality/clean-stack-gates.xml

2026-10-02T12:08:28.6298397Z   if-no-files-found: error
2026-10-02T12:08:28.6298602Z   retention-days: 14
2026-10-02T12:08:28.6298780Z   compression-level: 6
2026-10-02T12:08:28.6298959Z   overwrite: false
2026-10-02T12:08:28.6299136Z   include-hidden-files: false
2026-10-02T12:08:28.6299330Z env:
2026-10-02T12:08:28.6299542Z   pythonLocation: /opt/hostedtoolcache/Python/3.11.16/x64
2026-10-02T12:08:28.6299880Z   PKG_CONFIG_PATH: /opt/hostedtoolcache/Python/3.11.16/x64/lib/pkgconfig
2026-10-02T12:08:28.6300206Z   Python_ROOT_DIR: /opt/hostedtoolcache/Python/3.11.16/x64
2026-10-02T12:08:28.6300503Z   Python2_ROOT_DIR: /opt/hostedtoolcache/Python/3.11.16/x64
2026-10-02T12:08:28.6301066Z   Python3_ROOT_DIR: /opt/hostedtoolcache/Python/3.11.16/x64
2026-10-02T12:08:28.6301369Z   LD_LIBRARY_PATH: /opt/hostedtoolcache/Python/3.11.16/x64/lib
2026-10-02T12:08:28.6301627Z ##[endgroup]
2026-10-02T12:08:28.7827517Z (node:33474) [DEP0040] DeprecationWarning: The `punycode` module is deprecated. Please use a userland alternative instead.
2026-10-02T12:08:28.7828517Z (Use `node --trace-deprecation ...` to show where the warning was created)
2026-10-02T12:08:28.7950885Z Multiple search paths detected. Calculating the least common ancestor of all paths
2026-10-02T12:08:28.7952961Z The least common ancestor is /home/runner/work/mini-drop/mini-drop/output/quality. This will be the root directory of the artifact
2026-10-02T12:08:28.7954099Z With the provided path, there will be 58 files uploaded
2026-10-02T12:08:28.7957219Z Artifact name is valid!
2026-10-02T12:08:28.7957685Z Root directory input is valid!
2026-10-02T12:08:29.0246976Z Beginning upload of artifact content to blob storage
2026-10-02T12:08:29.0872446Z (node:33474) [DEP0169] DeprecationWarning: `url.parse()` behavior is not standardized and prone to errors that have security implications. Use the WHATWG URL API instead. CVEs are not issued for `url.parse()` vulnerabilities.
2026-10-02T12:08:29.2683628Z Uploaded bytes 89810
2026-10-02T12:08:29.3060125Z Finished uploading artifact content to blob storage!
2026-10-02T12:08:29.3060824Z SHA256 digest of uploaded artifact zip is 2a3984827fa102ce2f247d596872774c14c4aa15218fdda7dfd48e1a9bc21ff6
2026-10-02T12:08:29.3061708Z Finalizing artifact upload
2026-10-02T12:08:29.5210410Z Artifact clean-core-stack-7abe089ae9bfc9705b56c73a5b1dd19dd3bad7ea-1.zip successfully finalized. Artifact ID 11225027390
2026-10-02T12:08:29.5211957Z Artifact clean-core-stack-7abe089ae9bfc9705b56c73a5b1dd19dd3bad7ea-1 has been successfully uploaded! Final size is 89810 bytes. Artifact ID is 11225027390
2026-10-02T12:08:29.5216639Z Artifact download URL: https://github.com/llongwang751-arch/mini-drop/actions/runs/37004140452/artifacts/11225027390
2026-10-02T12:08:29.5383474Z Post job cleanup.
2026-10-02T12:08:29.6455959Z (node:33488) [DEP0040] DeprecationWarning: The `punycode` module is deprecated. Please use a userland alternative instead.
2026-10-02T12:08:29.6456590Z (Use `node --trace-deprecation ...` to show where the warning was created)
2026-10-02T12:08:29.6628495Z Post job cleanup.
2026-10-02T12:08:29.7454111Z [command]/usr/bin/git version
2026-10-02T12:08:29.7493787Z git version 2.55.0
2026-10-02T12:08:29.7532943Z Temporarily overriding HOME='/home/runner/work/_temp/6248e5f7-92b2-4545-9dae-c960a65a4638' before making global git config changes
2026-10-02T12:08:29.7534156Z Adding repository directory to the temporary git global config as a safe directory
2026-10-02T12:08:29.7538108Z [command]/usr/bin/git config --global --add safe.directory /home/runner/work/mini-drop/mini-drop
2026-10-02T12:08:29.7593484Z [command]/usr/bin/git config --local --name-only --get-regexp core\.sshCommand
2026-10-02T12:08:29.7628577Z [command]/usr/bin/git submodule foreach --recursive sh -c "git config --local --name-only --get-regexp 'core\.sshCommand' && git config --local --unset-all 'core.sshCommand' || :"
2026-10-02T12:08:29.7932133Z [command]/usr/bin/git config --local --name-only --get-regexp http\.https\:\/\/github\.com\/\.extraheader
2026-10-02T12:08:29.7962557Z [command]/usr/bin/git submodule foreach --recursive sh -c "git config --local --name-only --get-regexp 'http\.https\:\/\/github\.com\/\.extraheader' && git config --local --unset-all 'http.https://github.com/.extraheader' || :"
2026-10-02T12:08:29.8311752Z [command]/usr/bin/git config --local --name-only --get-regexp ^includeIf\.gitdir:
2026-10-02T12:08:29.8313770Z [command]/usr/bin/git submodule foreach --recursive git config --local --show-origin --name-only --get-regexp remote.origin.url
2026-10-02T12:08:29.8719784Z Cleaning up orphan processes
2026-10-02T12:08:29.9098640Z ##[warning]Node.js 20 is deprecated. The following actions target Node.js 20 but are being forced to run on Node.js 24: actions/checkout@v4, actions/setup-python@v5, actions/upload-artifact@v4. For more information see: https://github.blog/changelog/2025-09-19-deprecation-of-node-20-on-github-actions-runners/
