2026-10-02T08:47:19.6273522Z Current runner version: '2.337.0'
2026-10-02T08:47:19.6300010Z ##[group]Runner Image Provisioner
2026-10-02T08:47:19.6301016Z Hosted Compute Agent
2026-10-02T08:47:19.6301678Z Version: 20260901.588
2026-10-02T08:47:19.6302387Z Commit: f88ec8081b781fac6c440065ac7ff9e710ce3d0b
2026-10-02T08:47:19.6303194Z Build Date: 2026-09-01T19:56:44Z
2026-10-02T08:47:19.6303915Z Worker ID: {ea4267a2-ec4e-4749-b749-952bb6e029e1}
2026-10-02T08:47:19.6305219Z Azure Region: westus
2026-10-02T08:47:19.6305863Z ##[endgroup]
2026-10-02T08:47:19.6307434Z ##[group]Operating System
2026-10-02T08:47:19.6308170Z Ubuntu
2026-10-02T08:47:19.6308729Z 22.04.5
2026-10-02T08:47:19.6309355Z LTS
2026-10-02T08:47:19.6309906Z ##[endgroup]
2026-10-02T08:47:19.6310469Z ##[group]Runner Image
2026-10-02T08:47:19.6311202Z Image: ubuntu-22.04
2026-10-02T08:47:19.6311805Z Version: 20260927.309.1
2026-10-02T08:47:19.6313171Z Included Software: https://github.com/actions/runner-images/blob/ubuntu22/20260927.309/images/ubuntu/Ubuntu2204-Readme.md
2026-10-02T08:47:19.6315126Z Image Release: https://github.com/actions/runner-images/releases/tag/ubuntu22%2F20260927.309
2026-10-02T08:47:19.6316271Z ##[endgroup]
2026-10-02T08:47:19.6317505Z ##[group]GITHUB_TOKEN Permissions
2026-10-02T08:47:19.6319577Z Contents: read
2026-10-02T08:47:19.6320243Z Metadata: read
2026-10-02T08:47:19.6320955Z Packages: read
2026-10-02T08:47:19.6321555Z ##[endgroup]
2026-10-02T08:47:19.6323609Z Secret source: Actions
2026-10-02T08:47:19.6324982Z Cache mode: write
2026-10-02T08:47:19.6325717Z Prepare workflow directory
2026-10-02T08:47:19.6736118Z Prepare all required actions
2026-10-02T08:47:19.6786152Z Getting action download info
2026-10-02T08:47:20.0546909Z Download action repository 'actions/checkout@v4' (SHA:11d5960a326750d5838078e36cf38b85af677262)
2026-10-02T08:47:20.2016868Z Download action repository 'actions/setup-go@v5' (SHA:40f1582b2485089dde7abd97c1529aa768e1baff)
2026-10-02T08:47:20.6008282Z Download action repository 'actions/upload-artifact@v4' (SHA:ea165f8d65b6e75b540449e92b4886f43607fa02)
2026-10-02T08:47:20.7255083Z Download action repository 'golangci/golangci-lint-action@v9' (SHA:ba0d7d2ec06a0ea1cb5fa41b2e4a3ab91d21278a)
2026-10-02T08:47:21.2259444Z Complete job name: Go (apiserver)
2026-10-02T08:47:21.3232963Z ##[group]Run actions/checkout@v4
2026-10-02T08:47:21.3234388Z with:
2026-10-02T08:47:21.3235542Z   repository: llongwang751-arch/mini-drop
2026-10-02T08:47:21.3244047Z   token: ***
2026-10-02T08:47:21.3245075Z   ssh-strict: true
2026-10-02T08:47:21.3245979Z   ssh-user: git
2026-10-02T08:47:21.3246884Z   persist-credentials: true
2026-10-02T08:47:21.3247876Z   clean: true
2026-10-02T08:47:21.3248788Z   sparse-checkout-cone-mode: true
2026-10-02T08:47:21.3249863Z   fetch-depth: 1
2026-10-02T08:47:21.3250741Z   fetch-tags: false
2026-10-02T08:47:21.3251647Z   show-progress: true
2026-10-02T08:47:21.3252551Z   lfs: false
2026-10-02T08:47:21.3253404Z   submodules: false
2026-10-02T08:47:21.3254329Z   set-safe-directory: true
2026-10-02T08:47:21.3255530Z   allow-unsafe-pr-checkout: false
2026-10-02T08:47:21.3256921Z ##[endgroup]
2026-10-02T08:47:21.4342060Z Syncing repository: llongwang751-arch/mini-drop
2026-10-02T08:47:21.4345256Z ##[group]Getting Git version info
2026-10-02T08:47:21.4346853Z Working directory is '/home/runner/work/mini-drop/mini-drop'
2026-10-02T08:47:21.4348906Z [command]/usr/bin/git version
2026-10-02T08:47:21.4440730Z git version 2.55.0
2026-10-02T08:47:21.4478872Z ##[endgroup]
2026-10-02T08:47:21.4489373Z Temporarily overriding HOME='/home/runner/work/_temp/211a71dd-47ef-478e-892d-ba943e341f18' before making global git config changes
2026-10-02T08:47:21.4494999Z Adding repository directory to the temporary git global config as a safe directory
2026-10-02T08:47:21.4499642Z [command]/usr/bin/git config --global --add safe.directory /home/runner/work/mini-drop/mini-drop
2026-10-02T08:47:21.4543943Z Deleting the contents of '/home/runner/work/mini-drop/mini-drop'
2026-10-02T08:47:21.4550337Z ##[group]Initializing the repository
2026-10-02T08:47:21.4554325Z [command]/usr/bin/git init /home/runner/work/mini-drop/mini-drop
2026-10-02T08:47:21.4685428Z hint: Using 'master' as the name for the initial branch. This default branch name
2026-10-02T08:47:21.4689185Z hint: will change to "main" in Git 3.0. To configure the initial branch name
2026-10-02T08:47:21.4692637Z hint: to use in all of your new repositories, which will suppress this warning,
2026-10-02T08:47:21.4695817Z hint: call:
2026-10-02T08:47:21.4697432Z hint:
2026-10-02T08:47:21.4699252Z hint: 	git config --global init.defaultBranch <name>
2026-10-02T08:47:21.4701717Z hint:
2026-10-02T08:47:21.4703828Z hint: Names commonly chosen instead of 'master' are 'main', 'trunk' and
2026-10-02T08:47:21.4707500Z hint: 'development'. The just-created branch can be renamed via this command:
2026-10-02T08:47:21.4710322Z hint:
2026-10-02T08:47:21.4712003Z hint: 	git branch -m <name>
2026-10-02T08:47:21.4713889Z hint:
2026-10-02T08:47:21.4716459Z hint: Disable this message with "git config set advice.defaultBranchName false"
2026-10-02T08:47:21.4720388Z Initialized empty Git repository in /home/runner/work/mini-drop/mini-drop/.git/
2026-10-02T08:47:21.4726983Z [command]/usr/bin/git remote add origin https://github.com/llongwang751-arch/mini-drop
2026-10-02T08:47:21.4744073Z ##[endgroup]
2026-10-02T08:47:21.4747065Z ##[group]Disabling automatic garbage collection
2026-10-02T08:47:21.4749497Z [command]/usr/bin/git config --local gc.auto 0
2026-10-02T08:47:21.4786468Z ##[endgroup]
2026-10-02T08:47:21.4788974Z ##[group]Setting up auth
2026-10-02T08:47:21.4794071Z [command]/usr/bin/git config --local --name-only --get-regexp core\.sshCommand
2026-10-02T08:47:21.4838790Z [command]/usr/bin/git submodule foreach --recursive sh -c "git config --local --name-only --get-regexp 'core\.sshCommand' && git config --local --unset-all 'core.sshCommand' || :"
2026-10-02T08:47:21.5304013Z [command]/usr/bin/git config --local --name-only --get-regexp http\.https\:\/\/github\.com\/\.extraheader
2026-10-02T08:47:21.5354961Z [command]/usr/bin/git submodule foreach --recursive sh -c "git config --local --name-only --get-regexp 'http\.https\:\/\/github\.com\/\.extraheader' && git config --local --unset-all 'http.https://github.com/.extraheader' || :"
2026-10-02T08:47:21.5623824Z [command]/usr/bin/git config --local --name-only --get-regexp ^includeIf\.gitdir:
2026-10-02T08:47:21.5672159Z [command]/usr/bin/git submodule foreach --recursive git config --local --show-origin --name-only --get-regexp remote.origin.url
2026-10-02T08:47:21.5945112Z [command]/usr/bin/git config --local http.https://github.com/.extraheader AUTHORIZATION: basic ***
2026-10-02T08:47:21.6089740Z ##[endgroup]
2026-10-02T08:47:21.6092689Z ##[group]Fetching the repository
2026-10-02T08:47:21.6098519Z [command]/usr/bin/git -c protocol.version=2 fetch --no-tags --prune --no-recurse-submodules --depth=1 origin +11143452ae4062491ba619890ddc48e579a3f364:refs/remotes/pull/1/merge
2026-10-02T08:47:30.0573546Z From https://github.com/llongwang751-arch/mini-drop
2026-10-02T08:47:30.0575679Z  * [new ref]         11143452ae4062491ba619890ddc48e579a3f364 -> pull/1/merge
2026-10-02T08:47:30.0578554Z ##[endgroup]
2026-10-02T08:47:30.0579487Z ##[group]Determining the checkout info
2026-10-02T08:47:30.0581053Z ##[endgroup]
2026-10-02T08:47:30.0587545Z [command]/usr/bin/git sparse-checkout disable
2026-10-02T08:47:30.0643421Z [command]/usr/bin/git config --local --unset-all extensions.worktreeConfig
2026-10-02T08:47:30.0717859Z ##[group]Checking out the ref
2026-10-02T08:47:30.0721610Z [command]/usr/bin/git checkout --progress --force refs/remotes/pull/1/merge
2026-10-02T08:47:31.0850557Z Updating files:  64% (2805/4368)
2026-10-02T08:47:31.0900656Z Updating files:  65% (2840/4368)
2026-10-02T08:47:31.0932764Z Updating files:  66% (2883/4368)
2026-10-02T08:47:31.0989214Z Updating files:  67% (2927/4368)
2026-10-02T08:47:31.1025864Z Updating files:  68% (2971/4368)
2026-10-02T08:47:31.1243054Z Updating files:  69% (3014/4368)
2026-10-02T08:47:31.1564125Z Updating files:  70% (3058/4368)
2026-10-02T08:47:31.1759451Z Updating files:  71% (3102/4368)
2026-10-02T08:47:31.1815664Z Updating files:  72% (3145/4368)
2026-10-02T08:47:31.1880627Z Updating files:  73% (3189/4368)
2026-10-02T08:47:31.1947957Z Updating files:  74% (3233/4368)
2026-10-02T08:47:31.2030005Z Updating files:  75% (3276/4368)
2026-10-02T08:47:31.2091430Z Updating files:  76% (3320/4368)
2026-10-02T08:47:31.2134535Z Updating files:  77% (3364/4368)
2026-10-02T08:47:31.2157732Z Updating files:  78% (3408/4368)
2026-10-02T08:47:31.2206716Z Updating files:  79% (3451/4368)
2026-10-02T08:47:31.2249331Z Updating files:  80% (3495/4368)
2026-10-02T08:47:31.2288763Z Updating files:  81% (3539/4368)
2026-10-02T08:47:31.2357152Z Updating files:  82% (3582/4368)
2026-10-02T08:47:31.2397413Z Updating files:  83% (3626/4368)
2026-10-02T08:47:31.2444493Z Updating files:  84% (3670/4368)
2026-10-02T08:47:31.2546609Z Updating files:  85% (3713/4368)
2026-10-02T08:47:31.2608488Z Updating files:  86% (3757/4368)
2026-10-02T08:47:31.2668501Z Updating files:  87% (3801/4368)
2026-10-02T08:47:31.2699254Z Updating files:  88% (3844/4368)
2026-10-02T08:47:31.2735429Z Updating files:  89% (3888/4368)
2026-10-02T08:47:31.2766884Z Updating files:  90% (3932/4368)
2026-10-02T08:47:31.2816427Z Updating files:  91% (3975/4368)
2026-10-02T08:47:31.2845180Z Updating files:  92% (4019/4368)
2026-10-02T08:47:31.2874245Z Updating files:  93% (4063/4368)
2026-10-02T08:47:31.2902908Z Updating files:  94% (4106/4368)
2026-10-02T08:47:31.2937081Z Updating files:  95% (4150/4368)
2026-10-02T08:47:31.3070068Z Updating files:  96% (4194/4368)
2026-10-02T08:47:31.3096803Z Updating files:  97% (4237/4368)
2026-10-02T08:47:31.3125074Z Updating files:  98% (4281/4368)
2026-10-02T08:47:31.3150511Z Updating files:  99% (4325/4368)
2026-10-02T08:47:31.3150952Z Updating files: 100% (4368/4368)
2026-10-02T08:47:31.3151316Z Updating files: 100% (4368/4368), done.
2026-10-02T08:47:31.3213066Z Note: switching to 'refs/remotes/pull/1/merge'.
2026-10-02T08:47:31.3213492Z 
2026-10-02T08:47:31.3213945Z You are in 'detached HEAD' state. You can look around, make experimental
2026-10-02T08:47:31.3215335Z changes and commit them, and you can discard any commits you make in this
2026-10-02T08:47:31.3216646Z state without impacting any branches by switching back to a branch.
2026-10-02T08:47:31.3217088Z 
2026-10-02T08:47:31.3217370Z If you want to create a new branch to retain commits you create, you may
2026-10-02T08:47:31.3218041Z do so (now or later) by using -c with the switch command. Example:
2026-10-02T08:47:31.3218435Z 
2026-10-02T08:47:31.3218596Z   git switch -c <new-branch-name>
2026-10-02T08:47:31.3218897Z 
2026-10-02T08:47:31.3219065Z Or undo this operation with:
2026-10-02T08:47:31.3219335Z 
2026-10-02T08:47:31.3219469Z   git switch -
2026-10-02T08:47:31.3219627Z 
2026-10-02T08:47:31.3219907Z Turn off this advice by setting config variable advice.detachedHead to false
2026-10-02T08:47:31.3220316Z 
2026-10-02T08:47:31.3220766Z HEAD is now at 1114345 Merge 28f898ce22e24e9b071af762495fad1a5c65b205 into 609ea8a73f845b496b59b5cae181f515c5919850
2026-10-02T08:47:31.3327749Z ##[endgroup]
2026-10-02T08:47:31.3376778Z [command]/usr/bin/git log -1 --format=%H
2026-10-02T08:47:31.3411840Z 11143452ae4062491ba619890ddc48e579a3f364
2026-10-02T08:47:31.3679303Z ##[group]Run actions/setup-go@v5
2026-10-02T08:47:31.3679595Z with:
2026-10-02T08:47:31.3679810Z   go-version-file: apiserver/go.mod
2026-10-02T08:47:31.3680092Z   cache-dependency-path: apiserver/go.sum
2026-10-02T08:47:31.3680362Z   cache: true
2026-10-02T08:47:31.3680570Z   check-latest: false
2026-10-02T08:47:31.3682908Z   token: ***
2026-10-02T08:47:31.3683113Z ##[endgroup]
2026-10-02T08:47:31.5083846Z Setup go version spec 1.26.8
2026-10-02T08:47:31.5220326Z Found in cache @ /opt/hostedtoolcache/go/1.26.8/x64
2026-10-02T08:47:31.5225864Z (node:2014) [DEP0040] DeprecationWarning: The `punycode` module is deprecated. Please use a userland alternative instead.
2026-10-02T08:47:31.5226910Z (Use `node --trace-deprecation ...` to show where the warning was created)
2026-10-02T08:47:31.5227746Z Added go to the path
2026-10-02T08:47:31.5230870Z Successfully set up Go version 1.26.8
2026-10-02T08:47:32.3106687Z [command]/opt/hostedtoolcache/go/1.26.8/x64/bin/go env GOMODCACHE
2026-10-02T08:47:32.3143085Z [command]/opt/hostedtoolcache/go/1.26.8/x64/bin/go env GOCACHE
2026-10-02T08:47:32.3214374Z /home/runner/go/pkg/mod
2026-10-02T08:47:32.3229131Z /home/runner/.cache/go-build
2026-10-02T08:47:32.5866086Z Cache hit for: setup-go-Linux-x64-ubuntu22-go-1.26.8-53ddbd53d793e3fffd22ee7f29b9841d7ddf0fd59f4a944399a5c4503dd61af9
2026-10-02T08:47:32.6019491Z (node:2014) [DEP0169] DeprecationWarning: `url.parse()` behavior is not standardized and prone to errors that have security implications. Use the WHATWG URL API instead. CVEs are not issued for `url.parse()` vulnerabilities.
2026-10-02T08:47:33.8605417Z Received 20971520 of 44800051 (46.8%), 20.0 MBs/sec
2026-10-02T08:47:34.1262819Z Received 44800051 of 44800051 (100.0%), 33.7 MBs/sec
2026-10-02T08:47:34.1263580Z Cache Size: ~43 MB (44800051 B)
2026-10-02T08:47:34.1335874Z [command]/usr/bin/tar -xf /home/runner/work/_temp/4bb759ec-3bea-4592-94d6-1f5f7d7ab9e3/cache.tzst -P -C /home/runner/work/mini-drop/mini-drop --use-compress-program unzstd
2026-10-02T08:47:34.5598098Z Cache restored successfully
2026-10-02T08:47:34.5710411Z Cache restored from key: setup-go-Linux-x64-ubuntu22-go-1.26.8-53ddbd53d793e3fffd22ee7f29b9841d7ddf0fd59f4a944399a5c4503dd61af9
2026-10-02T08:47:34.5733756Z go version go1.26.8 linux/amd64
2026-10-02T08:47:34.5733974Z 
2026-10-02T08:47:34.5734328Z ##[group]go env
2026-10-02T08:47:34.5983770Z AR='ar'
2026-10-02T08:47:34.5984186Z CC='gcc'
2026-10-02T08:47:34.5984936Z CGO_CFLAGS='-O2 -g'
2026-10-02T08:47:34.5985812Z CGO_CPPFLAGS=''
2026-10-02T08:47:34.5986320Z CGO_CXXFLAGS='-O2 -g'
2026-10-02T08:47:34.5986734Z CGO_ENABLED='1'
2026-10-02T08:47:34.5987134Z CGO_FFLAGS='-O2 -g'
2026-10-02T08:47:34.5987557Z CGO_LDFLAGS='-O2 -g'
2026-10-02T08:47:34.5987972Z CXX='g++'
2026-10-02T08:47:34.5988349Z GCCGO='gccgo'
2026-10-02T08:47:34.5988780Z GO111MODULE=''
2026-10-02T08:47:34.5989166Z GOAMD64='v1'
2026-10-02T08:47:34.5989556Z GOARCH='amd64'
2026-10-02T08:47:34.5989942Z GOAUTH='netrc'
2026-10-02T08:47:34.5990338Z GOBIN=''
2026-10-02T08:47:34.5990772Z GOCACHE='/home/runner/.cache/go-build'
2026-10-02T08:47:34.5991298Z GOCACHEPROG=''
2026-10-02T08:47:34.5991603Z GODEBUG=''
2026-10-02T08:47:34.5991884Z GOENV='/home/runner/.config/go/env'
2026-10-02T08:47:34.5992210Z GOEXE=''
2026-10-02T08:47:34.5992453Z GOEXPERIMENT=''
2026-10-02T08:47:34.5992718Z GOFIPS140='off'
2026-10-02T08:47:34.5992975Z GOFLAGS=''
2026-10-02T08:47:34.5993777Z GOGCCFLAGS='-fPIC -m64 -pthread -Wl,--no-gc-sections -fmessage-length=0 -ffile-prefix-map=/tmp/go-build1315546599=/tmp/go-build -gno-record-gcc-switches'
2026-10-02T08:47:34.5994908Z GOHOSTARCH='amd64'
2026-10-02T08:47:34.5995185Z GOHOSTOS='linux'
2026-10-02T08:47:34.5995442Z GOINSECURE=''
2026-10-02T08:47:34.5995731Z GOMOD='/dev/null'
2026-10-02T08:47:34.5996018Z GOMODCACHE='/home/runner/go/pkg/mod'
2026-10-02T08:47:34.5996358Z GONOPROXY=''
2026-10-02T08:47:34.5996599Z GONOSUMDB=''
2026-10-02T08:47:34.5996838Z GOOS='linux'
2026-10-02T08:47:34.5997111Z GOPATH='/home/runner/go'
2026-10-02T08:47:34.5997393Z GOPRIVATE=''
2026-10-02T08:47:34.5997997Z GOPROXY='https://proxy.golang.org,direct'
2026-10-02T08:47:34.5998426Z GOROOT='/opt/hostedtoolcache/go/1.26.8/x64'
2026-10-02T08:47:34.5998793Z GOSUMDB='sum.golang.org'
2026-10-02T08:47:34.5999090Z GOTELEMETRY='local'
2026-10-02T08:47:34.5999429Z GOTELEMETRYDIR='/home/runner/.config/go/telemetry'
2026-10-02T08:47:34.5999810Z GOTMPDIR=''
2026-10-02T08:47:34.6000057Z GOTOOLCHAIN='auto'
2026-10-02T08:47:34.6000459Z GOTOOLDIR='/opt/hostedtoolcache/go/1.26.8/x64/pkg/tool/linux_amd64'
2026-10-02T08:47:34.6000904Z GOVCS=''
2026-10-02T08:47:34.6001119Z GOVERSION='go1.26.8'
2026-10-02T08:47:34.6001350Z GOWORK=''
2026-10-02T08:47:34.6001576Z PKG_CONFIG='pkg-config'
2026-10-02T08:47:34.6001733Z 
2026-10-02T08:47:34.6002120Z ##[endgroup]
2026-10-02T08:47:34.6173274Z ##[group]Run go vet ./...
2026-10-02T08:47:34.6173794Z [36;1mgo vet ./...[0m
2026-10-02T08:47:34.6539987Z shell: /usr/bin/bash -e {0}
2026-10-02T08:47:34.6540270Z ##[endgroup]
2026-10-02T08:47:35.3640894Z go: downloading google.golang.org/grpc v1.83.2
2026-10-02T08:47:35.7436752Z go: downloading google.golang.org/protobuf v1.36.11
2026-10-02T08:47:35.9495015Z go: downloading github.com/minio/minio-go/v7 v7.0.95
2026-10-02T08:47:36.0629927Z go: downloading golang.org/x/net v0.58.0
2026-10-02T08:47:36.0717088Z go: downloading google.golang.org/genproto/googleapis/rpc v0.0.0-20260526163538-3dc84a4a5aaa
2026-10-02T08:47:36.2346896Z go: downloading github.com/dustin/go-humanize v1.0.1
2026-10-02T08:47:36.2444124Z go: downloading github.com/google/uuid v1.6.0
2026-10-02T08:47:36.2544273Z go: downloading github.com/klauspost/compress v1.18.7
2026-10-02T08:47:36.2550973Z go: downloading github.com/minio/crc64nvme v1.0.2
2026-10-02T08:47:36.2687433Z go: downloading github.com/minio/md5-simd v1.1.2
2026-10-02T08:47:36.2930341Z go: downloading github.com/go-ini/ini v1.67.0
2026-10-02T08:47:36.3061583Z go: downloading golang.org/x/sys v0.47.0
2026-10-02T08:47:36.5223893Z go: downloading github.com/klauspost/cpuid/v2 v2.2.11
2026-10-02T08:47:36.5247275Z go: downloading github.com/goccy/go-json v0.10.5
2026-10-02T08:47:36.5361551Z go: downloading golang.org/x/crypto v0.56.0
2026-10-02T08:47:36.5567710Z go: downloading github.com/rs/xid v1.6.0
2026-10-02T08:47:36.6280599Z go: downloading github.com/tinylib/msgp v1.3.0
2026-10-02T08:47:36.6562882Z go: downloading github.com/philhofer/fwd v1.2.0
2026-10-02T08:48:17.0963563Z ##[group]Run go test -race -count=1 ./...
2026-10-02T08:48:17.0963950Z [36;1mgo test -race -count=1 ./...[0m
2026-10-02T08:48:17.1035111Z shell: /usr/bin/bash -e {0}
2026-10-02T08:48:17.1035406Z ##[endgroup]
2026-10-02T08:48:43.3828220Z ?   	mini-drop/apiserver/cmd/apiserver	[no test files]
2026-10-02T08:48:44.3997023Z ok  	mini-drop/apiserver/internal/config	1.015s
2026-10-02T08:48:44.7427784Z ok  	mini-drop/apiserver/internal/cron	1.359s
2026-10-02T08:48:44.7428371Z ?   	mini-drop/apiserver/internal/errorcode	[no test files]
2026-10-02T08:48:44.7428830Z ?   	mini-drop/apiserver/internal/gen/mini_drop	[no test files]
2026-10-02T08:48:45.8314184Z ok  	mini-drop/apiserver/internal/httpapi	1.058s
2026-10-02T08:48:45.8315076Z ok  	mini-drop/apiserver/internal/objectstore	1.027s
2026-10-02T08:48:45.8315767Z ok  	mini-drop/apiserver/internal/repository	1.019s
2026-10-02T08:48:45.8316599Z ok  	mini-drop/apiserver/internal/scheduler	1.021s
2026-10-02T08:48:46.8029522Z ok  	mini-drop/apiserver/internal/taskkind	1.014s
2026-10-02T08:48:46.8030487Z ?   	mini-drop/apiserver/internal/taskstatus	[no test files]
2026-10-02T08:48:46.8792005Z ##[group]Run go install golang.org/x/vuln/cmd/govulncheck@v1.8.0
2026-10-02T08:48:46.8792872Z [36;1mgo install golang.org/x/vuln/cmd/govulncheck@v1.8.0[0m
2026-10-02T08:48:46.8866333Z shell: /usr/bin/bash -e {0}
2026-10-02T08:48:46.8866599Z ##[endgroup]
2026-10-02T08:48:46.9402427Z go: downloading golang.org/x/vuln v1.8.0
2026-10-02T08:48:47.0725901Z go: downloading golang.org/x/telemetry v0.0.0-20260908163034-4bcc4b2ee518
2026-10-02T08:48:47.0807183Z go: downloading golang.org/x/mod v0.41.0
2026-10-02T08:48:47.0809387Z go: downloading golang.org/x/tools v0.50.0
2026-10-02T08:48:47.1841565Z go: downloading golang.org/x/sync v0.23.0
2026-10-02T08:48:53.4153984Z ##[group]Run set -euo pipefail
2026-10-02T08:48:53.4154330Z [36;1mset -euo pipefail[0m
2026-10-02T08:48:53.4154929Z [36;1mmkdir -p ../output/go-security[0m
2026-10-02T08:48:53.4155324Z [36;1mgovulncheck -json ./... > ../output/go-security/source.json[0m
2026-10-02T08:48:53.4155778Z [36;1mgovulncheck ./... | tee ../output/go-security/source.txt[0m
2026-10-02T08:48:53.4156314Z [36;1mCGO_ENABLED=0 go build -trimpath -o ../output/go-security/apiserver ./cmd/apiserver[0m
2026-10-02T08:48:53.4156952Z [36;1mgo version -m ../output/go-security/apiserver > ../output/go-security/binary-build.txt[0m
2026-10-02T08:48:53.4157616Z [36;1mgovulncheck -mode=binary ../output/go-security/apiserver | tee ../output/go-security/binary.txt[0m
2026-10-02T08:48:53.4158471Z [36;1msha256sum ../output/go-security/apiserver > ../output/go-security/binary.sha256[0m
2026-10-02T08:48:53.4230360Z shell: /usr/bin/bash --noprofile --norc -e -o pipefail {0}
2026-10-02T08:48:53.4230710Z ##[endgroup]
2026-10-02T08:48:59.2927885Z === Symbol Results ===
2026-10-02T08:48:59.2928289Z 
2026-10-02T08:48:59.2928694Z No vulnerabilities found.
2026-10-02T08:48:59.2929130Z 
2026-10-02T08:48:59.2929376Z Your code is affected by 0 vulnerabilities.
2026-10-02T08:48:59.2930085Z This scan also found 0 vulnerabilities in packages you import and 1
2026-10-02T08:48:59.2930826Z vulnerability in modules you require, but your code doesn't appear to call these
2026-10-02T08:48:59.2931239Z vulnerabilities.
2026-10-02T08:48:59.2931476Z Use '-show verbose' for more details.
2026-10-02T08:49:33.7487906Z === Symbol Results ===
2026-10-02T08:49:33.7488250Z 
2026-10-02T08:49:33.7488408Z No vulnerabilities found.
2026-10-02T08:49:33.7488626Z 
2026-10-02T08:49:33.7488770Z Your code is affected by 0 vulnerabilities.
2026-10-02T08:49:33.7489194Z This scan also found 0 vulnerabilities in packages you import and 1
2026-10-02T08:49:33.7489748Z vulnerability in modules you require, but your code doesn't appear to call these
2026-10-02T08:49:33.7490201Z vulnerabilities.
2026-10-02T08:49:33.7490450Z Use '-show verbose' for more details.
2026-10-02T08:49:33.8861132Z ##[group]Run actions/upload-artifact@v4
2026-10-02T08:49:33.8861445Z with:
2026-10-02T08:49:33.8861728Z   name: go-security-11143452ae4062491ba619890ddc48e579a3f364-1
2026-10-02T08:49:33.8862088Z   path: output/go-security/
2026-10-02T08:49:33.8862342Z   if-no-files-found: error
2026-10-02T08:49:33.8862586Z   compression-level: 6
2026-10-02T08:49:33.8862812Z   overwrite: false
2026-10-02T08:49:33.8863042Z   include-hidden-files: false
2026-10-02T08:49:33.8863287Z ##[endgroup]
2026-10-02T08:49:34.0637554Z (node:12704) [DEP0040] DeprecationWarning: The `punycode` module is deprecated. Please use a userland alternative instead.
2026-10-02T08:49:34.0638927Z (Use `node --trace-deprecation ...` to show where the warning was created)
2026-10-02T08:49:34.0706813Z With the provided path, there will be 6 files uploaded
2026-10-02T08:49:34.0713437Z Artifact name is valid!
2026-10-02T08:49:34.0714377Z Root directory input is valid!
2026-10-02T08:49:34.4629940Z Beginning upload of artifact content to blob storage
2026-10-02T08:49:35.1531682Z (node:12704) [DEP0169] DeprecationWarning: `url.parse()` behavior is not standardized and prone to errors that have security implications. Use the WHATWG URL API instead. CVEs are not issued for `url.parse()` vulnerabilities.
2026-10-02T08:49:36.0323779Z Uploaded bytes 8388608
2026-10-02T08:49:36.2661746Z Uploaded bytes 14650350
2026-10-02T08:49:36.3362589Z Finished uploading artifact content to blob storage!
2026-10-02T08:49:36.3364209Z SHA256 digest of uploaded artifact zip is 1d5db85925971931da3a1ee2dbae92e9f9d708172147cce1c4a6c70bcb7f2df9
2026-10-02T08:49:36.3366621Z Finalizing artifact upload
2026-10-02T08:49:36.6113514Z Artifact go-security-11143452ae4062491ba619890ddc48e579a3f364-1.zip successfully finalized. Artifact ID 11217103943
2026-10-02T08:49:36.6116067Z Artifact go-security-11143452ae4062491ba619890ddc48e579a3f364-1 has been successfully uploaded! Final size is 14650350 bytes. Artifact ID is 11217103943
2026-10-02T08:49:36.6122635Z Artifact download URL: https://github.com/llongwang751-arch/mini-drop/actions/runs/36986031236/artifacts/11217103943
2026-10-02T08:49:36.6335696Z ##[group]Run golangci/golangci-lint-action@v9
2026-10-02T08:49:36.6336082Z with:
2026-10-02T08:49:36.6336305Z   version: v2.14.0
2026-10-02T08:49:36.6336558Z   working-directory: apiserver
2026-10-02T08:49:36.6336871Z   args: --issues-exit-code=1
2026-10-02T08:49:36.6337170Z   install-mode: binary
2026-10-02T08:49:36.6337425Z   install-only: false
2026-10-02T08:49:36.6339773Z   github-token: ***
2026-10-02T08:49:36.6340031Z   verify: true
2026-10-02T08:49:36.6340484Z   only-new-issues: false
2026-10-02T08:49:36.6340744Z   skip-cache: false
2026-10-02T08:49:36.6340988Z   skip-save-cache: false
2026-10-02T08:49:36.6341253Z   cache-invalidation-interval: 7
2026-10-02T08:49:36.6341555Z   problem-matchers: false
2026-10-02T08:49:36.6341815Z ##[endgroup]
2026-10-02T08:49:36.7891451Z ##[group]Restore cache
2026-10-02T08:49:36.7898351Z Checking for go.mod: apiserver/go.mod
2026-10-02T08:49:37.0538744Z Cache hit for: golangci-lint.cache-Linux-apiserver-2961-ad8c36800235b485851ccc9662e431fc2cd54984
2026-10-02T08:49:37.9565306Z Received 412620 of 412620 (100.0%), 0.6 MBs/sec
2026-10-02T08:49:37.9565791Z Cache Size: ~0 MB (412620 B)
2026-10-02T08:49:37.9613616Z [command]/usr/bin/tar -xf /home/runner/work/_temp/b12b38fe-ff50-45f0-bdd9-ecf275e4e7b5/cache.tzst -P -C /home/runner/work/mini-drop/mini-drop --use-compress-program unzstd
2026-10-02T08:49:38.0770595Z Cache restored successfully
2026-10-02T08:49:38.0777409Z Restored cache for golangci-lint from key 'golangci-lint.cache-Linux-apiserver-2961-ad8c36800235b485851ccc9662e431fc2cd54984' in 1288ms
2026-10-02T08:49:38.0779153Z ##[endgroup]
2026-10-02T08:49:38.0779851Z ##[group]Install
2026-10-02T08:49:38.0780769Z Finding needed golangci-lint version...
2026-10-02T08:49:38.0785204Z Installation mode: binary
2026-10-02T08:49:38.0786325Z Installing golangci-lint binary v2.14.0...
2026-10-02T08:49:38.0787983Z Downloading binary https://github.com/golangci/golangci-lint/releases/download/v2.14.0/golangci-lint-2.14.0-linux-amd64.tar.gz ...
2026-10-02T08:49:38.3782862Z [command]/usr/bin/tar xz --overwrite --warning=no-unknown-keyword --overwrite -C /home/runner -f /home/runner/work/_temp/a0f239cd-1719-48d2-b73f-a521a2a20965
2026-10-02T08:49:38.6399282Z Installed golangci-lint into /home/runner/golangci-lint-2.14.0-linux-amd64/golangci-lint in 561ms
2026-10-02T08:49:38.6404218Z ##[endgroup]
2026-10-02T08:49:38.6408106Z ##[group]run golangci-lint
2026-10-02T08:49:38.6414042Z Running [/home/runner/golangci-lint-2.14.0-linux-amd64/golangci-lint config path] in [/home/runner/work/mini-drop/mini-drop/apiserver] ...
2026-10-02T08:49:38.7294941Z Running [/home/runner/golangci-lint-2.14.0-linux-amd64/golangci-lint run --path-mode=abs --issues-exit-code=1] in [/home/runner/work/mini-drop/mini-drop/apiserver] ...
2026-10-02T08:49:42.2892252Z 0 issues.
2026-10-02T08:49:42.2892541Z 
2026-10-02T08:49:42.2892774Z golangci-lint found no issues
2026-10-02T08:49:42.2893399Z Ran golangci-lint in 3560ms
2026-10-02T08:49:42.2894383Z ##[endgroup]
2026-10-02T08:49:42.3119069Z Post job cleanup.
2026-10-02T08:49:42.4704784Z Cache hit occurred on the primary key golangci-lint.cache-Linux-apiserver-2961-ad8c36800235b485851ccc9662e431fc2cd54984, not saving cache.
2026-10-02T08:49:42.4845930Z Post job cleanup.
2026-10-02T08:49:42.6223969Z (node:12920) [DEP0040] DeprecationWarning: The `punycode` module is deprecated. Please use a userland alternative instead.
2026-10-02T08:49:42.6225620Z (Use `node --trace-deprecation ...` to show where the warning was created)
2026-10-02T08:49:42.6315189Z [command]/opt/hostedtoolcache/go/1.26.8/x64/bin/go env GOMODCACHE
2026-10-02T08:49:42.6366887Z [command]/opt/hostedtoolcache/go/1.26.8/x64/bin/go env GOCACHE
2026-10-02T08:49:42.6417302Z /home/runner/go/pkg/mod
2026-10-02T08:49:42.6451894Z /home/runner/.cache/go-build
2026-10-02T08:49:42.6463703Z Cache hit occurred on the primary key setup-go-Linux-x64-ubuntu22-go-1.26.8-53ddbd53d793e3fffd22ee7f29b9841d7ddf0fd59f4a944399a5c4503dd61af9, not saving cache.
2026-10-02T08:49:42.6693780Z Post job cleanup.
2026-10-02T08:49:42.7636464Z [command]/usr/bin/git version
2026-10-02T08:49:42.7683739Z git version 2.55.0
2026-10-02T08:49:42.7726249Z Temporarily overriding HOME='/home/runner/work/_temp/373b154e-26df-4637-89aa-fe2ca7e1abb5' before making global git config changes
2026-10-02T08:49:42.7728354Z Adding repository directory to the temporary git global config as a safe directory
2026-10-02T08:49:42.7732745Z [command]/usr/bin/git config --global --add safe.directory /home/runner/work/mini-drop/mini-drop
2026-10-02T08:49:42.7778279Z [command]/usr/bin/git config --local --name-only --get-regexp core\.sshCommand
2026-10-02T08:49:42.7826467Z [command]/usr/bin/git submodule foreach --recursive sh -c "git config --local --name-only --get-regexp 'core\.sshCommand' && git config --local --unset-all 'core.sshCommand' || :"
2026-10-02T08:49:42.8163736Z [command]/usr/bin/git config --local --name-only --get-regexp http\.https\:\/\/github\.com\/\.extraheader
2026-10-02T08:49:42.8188034Z http.https://github.com/.extraheader
2026-10-02T08:49:42.8200077Z [command]/usr/bin/git config --local --unset-all http.https://github.com/.extraheader
2026-10-02T08:49:42.8240002Z [command]/usr/bin/git submodule foreach --recursive sh -c "git config --local --name-only --get-regexp 'http\.https\:\/\/github\.com\/\.extraheader' && git config --local --unset-all 'http.https://github.com/.extraheader' || :"
2026-10-02T08:49:42.8565820Z [command]/usr/bin/git config --local --name-only --get-regexp ^includeIf\.gitdir:
2026-10-02T08:49:42.8611551Z [command]/usr/bin/git submodule foreach --recursive git config --local --show-origin --name-only --get-regexp remote.origin.url
2026-10-02T08:49:42.9076836Z Cleaning up orphan processes
2026-10-02T08:49:42.9400454Z ##[warning]Node.js 20 is deprecated. The following actions target Node.js 20 but are being forced to run on Node.js 24: actions/checkout@v4, actions/setup-go@v5, actions/upload-artifact@v4. For more information see: https://github.blog/changelog/2025-09-19-deprecation-of-node-20-on-github-actions-runners/
