2026-10-02T08:47:19.9588473Z Current runner version: '2.337.0'
2026-10-02T08:47:19.9603395Z ##[group]Runner Image Provisioner
2026-10-02T08:47:19.9603919Z Hosted Compute Agent
2026-10-02T08:47:19.9604232Z Version: 20260901.588
2026-10-02T08:47:19.9604558Z Commit: f88ec8081b781fac6c440065ac7ff9e710ce3d0b
2026-10-02T08:47:19.9605107Z Build Date: 2026-09-01T19:56:44Z
2026-10-02T08:47:19.9605476Z Worker ID: {9fd87a09-1124-43e3-9f22-224fdbf202ca}
2026-10-02T08:47:19.9605852Z Azure Region: westus3
2026-10-02T08:47:19.9606168Z ##[endgroup]
2026-10-02T08:47:19.9606852Z ##[group]Operating System
2026-10-02T08:47:19.9607216Z Ubuntu
2026-10-02T08:47:19.9607489Z 22.04.5
2026-10-02T08:47:19.9607764Z LTS
2026-10-02T08:47:19.9608044Z ##[endgroup]
2026-10-02T08:47:19.9608330Z ##[group]Runner Image
2026-10-02T08:47:19.9608664Z Image: ubuntu-22.04
2026-10-02T08:47:19.9608961Z Version: 20260927.309.1
2026-10-02T08:47:19.9609645Z Included Software: https://github.com/actions/runner-images/blob/ubuntu22/20260927.309/images/ubuntu/Ubuntu2204-Readme.md
2026-10-02T08:47:19.9610416Z Image Release: https://github.com/actions/runner-images/releases/tag/ubuntu22%2F20260927.309
2026-10-02T08:47:19.9610937Z ##[endgroup]
2026-10-02T08:47:19.9611558Z ##[group]GITHUB_TOKEN Permissions
2026-10-02T08:47:19.9612641Z Contents: read
2026-10-02T08:47:19.9612939Z Metadata: read
2026-10-02T08:47:19.9613223Z Packages: read
2026-10-02T08:47:19.9613573Z ##[endgroup]
2026-10-02T08:47:19.9614714Z Secret source: Actions
2026-10-02T08:47:19.9615329Z Cache mode: write
2026-10-02T08:47:19.9615688Z Prepare workflow directory
2026-10-02T08:47:19.9793600Z Prepare all required actions
2026-10-02T08:47:19.9821293Z Getting action download info
2026-10-02T08:47:20.3018128Z Download action repository 'actions/checkout@v4' (SHA:11d5960a326750d5838078e36cf38b85af677262)
2026-10-02T08:47:20.4137464Z Download action repository 'actions/upload-artifact@v4' (SHA:ea165f8d65b6e75b540449e92b4886f43607fa02)
2026-10-02T08:47:20.6343826Z Complete job name: Supply chain (trivy report)
2026-10-02T08:47:20.6694319Z ##[group]Run actions/checkout@v4
2026-10-02T08:47:20.6694708Z with:
2026-10-02T08:47:20.6695080Z   repository: llongwang751-arch/mini-drop
2026-10-02T08:47:20.6697002Z   token: ***
2026-10-02T08:47:20.6697232Z   ssh-strict: true
2026-10-02T08:47:20.6697467Z   ssh-user: git
2026-10-02T08:47:20.6697703Z   persist-credentials: true
2026-10-02T08:47:20.6697962Z   clean: true
2026-10-02T08:47:20.6698206Z   sparse-checkout-cone-mode: true
2026-10-02T08:47:20.6698480Z   fetch-depth: 1
2026-10-02T08:47:20.6698714Z   fetch-tags: false
2026-10-02T08:47:20.6698956Z   show-progress: true
2026-10-02T08:47:20.6699194Z   lfs: false
2026-10-02T08:47:20.6699414Z   submodules: false
2026-10-02T08:47:20.6699656Z   set-safe-directory: true
2026-10-02T08:47:20.6699959Z   allow-unsafe-pr-checkout: false
2026-10-02T08:47:20.6700306Z ##[endgroup]
2026-10-02T08:47:20.7263301Z Syncing repository: llongwang751-arch/mini-drop
2026-10-02T08:47:20.7264335Z ##[group]Getting Git version info
2026-10-02T08:47:20.7264778Z Working directory is '/home/runner/work/mini-drop/mini-drop'
2026-10-02T08:47:20.7265650Z [command]/usr/bin/git version
2026-10-02T08:47:20.7285748Z git version 2.55.0
2026-10-02T08:47:20.7292545Z ##[endgroup]
2026-10-02T08:47:20.7301628Z Temporarily overriding HOME='/home/runner/work/_temp/8d0c0384-4d18-4c56-b540-46ee4ccd560a' before making global git config changes
2026-10-02T08:47:20.7302890Z Adding repository directory to the temporary git global config as a safe directory
2026-10-02T08:47:20.7304676Z [command]/usr/bin/git config --global --add safe.directory /home/runner/work/mini-drop/mini-drop
2026-10-02T08:47:20.7962024Z Deleting the contents of '/home/runner/work/mini-drop/mini-drop'
2026-10-02T08:47:20.7965389Z ##[group]Initializing the repository
2026-10-02T08:47:20.7968053Z [command]/usr/bin/git init /home/runner/work/mini-drop/mini-drop
2026-10-02T08:47:20.8558270Z hint: Using 'master' as the name for the initial branch. This default branch name
2026-10-02T08:47:20.8558896Z hint: will change to "main" in Git 3.0. To configure the initial branch name
2026-10-02T08:47:20.8559649Z hint: to use in all of your new repositories, which will suppress this warning,
2026-10-02T08:47:20.8560031Z hint: call:
2026-10-02T08:47:20.8560246Z hint:
2026-10-02T08:47:20.8560533Z hint: 	git config --global init.defaultBranch <name>
2026-10-02T08:47:20.8560930Z hint:
2026-10-02T08:47:20.8561304Z hint: Names commonly chosen instead of 'master' are 'main', 'trunk' and
2026-10-02T08:47:20.8561781Z hint: 'development'. The just-created branch can be renamed via this command:
2026-10-02T08:47:20.8562157Z hint:
2026-10-02T08:47:20.8562375Z hint: 	git branch -m <name>
2026-10-02T08:47:20.8562622Z hint:
2026-10-02T08:47:20.8562978Z hint: Disable this message with "git config set advice.defaultBranchName false"
2026-10-02T08:47:20.8563481Z Initialized empty Git repository in /home/runner/work/mini-drop/mini-drop/.git/
2026-10-02T08:47:20.8564725Z [command]/usr/bin/git remote add origin https://github.com/llongwang751-arch/mini-drop
2026-10-02T08:47:20.8655385Z ##[endgroup]
2026-10-02T08:47:20.8655797Z ##[group]Disabling automatic garbage collection
2026-10-02T08:47:20.8657708Z [command]/usr/bin/git config --local gc.auto 0
2026-10-02T08:47:20.8751528Z ##[endgroup]
2026-10-02T08:47:20.8751919Z ##[group]Setting up auth
2026-10-02T08:47:20.8755393Z [command]/usr/bin/git config --local --name-only --get-regexp core\.sshCommand
2026-10-02T08:47:20.8770546Z [command]/usr/bin/git submodule foreach --recursive sh -c "git config --local --name-only --get-regexp 'core\.sshCommand' && git config --local --unset-all 'core.sshCommand' || :"
2026-10-02T08:47:20.8922156Z [command]/usr/bin/git config --local --name-only --get-regexp http\.https\:\/\/github\.com\/\.extraheader
2026-10-02T08:47:20.8937621Z [command]/usr/bin/git submodule foreach --recursive sh -c "git config --local --name-only --get-regexp 'http\.https\:\/\/github\.com\/\.extraheader' && git config --local --unset-all 'http.https://github.com/.extraheader' || :"
2026-10-02T08:47:20.9033580Z [command]/usr/bin/git config --local --name-only --get-regexp ^includeIf\.gitdir:
2026-10-02T08:47:20.9049057Z [command]/usr/bin/git submodule foreach --recursive git config --local --show-origin --name-only --get-regexp remote.origin.url
2026-10-02T08:47:20.9142675Z [command]/usr/bin/git config --local http.https://github.com/.extraheader AUTHORIZATION: basic ***
2026-10-02T08:47:20.9346199Z ##[endgroup]
2026-10-02T08:47:20.9346800Z ##[group]Fetching the repository
2026-10-02T08:47:20.9351761Z [command]/usr/bin/git -c protocol.version=2 fetch --no-tags --prune --no-recurse-submodules --depth=1 origin +11143452ae4062491ba619890ddc48e579a3f364:refs/remotes/pull/1/merge
2026-10-02T08:47:28.8808511Z From https://github.com/llongwang751-arch/mini-drop
2026-10-02T08:47:28.8809477Z  * [new ref]         11143452ae4062491ba619890ddc48e579a3f364 -> pull/1/merge
2026-10-02T08:47:28.8810924Z ##[endgroup]
2026-10-02T08:47:28.8811354Z ##[group]Determining the checkout info
2026-10-02T08:47:28.8812255Z ##[endgroup]
2026-10-02T08:47:28.8836025Z [command]/usr/bin/git sparse-checkout disable
2026-10-02T08:47:28.8848835Z [command]/usr/bin/git config --local --unset-all extensions.worktreeConfig
2026-10-02T08:47:28.8865975Z ##[group]Checking out the ref
2026-10-02T08:47:28.8868330Z [command]/usr/bin/git checkout --progress --force refs/remotes/pull/1/merge
2026-10-02T08:47:29.5175113Z Note: switching to 'refs/remotes/pull/1/merge'.
2026-10-02T08:47:29.5176692Z 
2026-10-02T08:47:29.5176864Z You are in 'detached HEAD' state. You can look around, make experimental
2026-10-02T08:47:29.5177204Z changes and commit them, and you can discard any commits you make in this
2026-10-02T08:47:29.5177579Z state without impacting any branches by switching back to a branch.
2026-10-02T08:47:29.5177781Z 
2026-10-02T08:47:29.5177962Z If you want to create a new branch to retain commits you create, you may
2026-10-02T08:47:29.5178291Z do so (now or later) by using -c with the switch command. Example:
2026-10-02T08:47:29.5178453Z 
2026-10-02T08:47:29.5178617Z   git switch -c <new-branch-name>
2026-10-02T08:47:29.5178998Z 
2026-10-02T08:47:29.5179093Z Or undo this operation with:
2026-10-02T08:47:29.5179208Z 
2026-10-02T08:47:29.5179291Z   git switch -
2026-10-02T08:47:29.5179403Z 
2026-10-02T08:47:29.5179602Z Turn off this advice by setting config variable advice.detachedHead to false
2026-10-02T08:47:29.5179833Z 
2026-10-02T08:47:29.5180061Z HEAD is now at 1114345 Merge 28f898ce22e24e9b071af762495fad1a5c65b205 into 609ea8a73f845b496b59b5cae181f515c5919850
2026-10-02T08:47:29.5213207Z ##[endgroup]
2026-10-02T08:47:29.5258439Z [command]/usr/bin/git log -1 --format=%H
2026-10-02T08:47:29.5258873Z 11143452ae4062491ba619890ddc48e579a3f364
2026-10-02T08:47:29.5405657Z ##[group]Run curl -sfL https://raw.githubusercontent.com/aquasecurity/trivy/main/contrib/install.sh | sh -s -- -b /usr/local/bin
2026-10-02T08:47:29.5406367Z [36;1mcurl -sfL https://raw.githubusercontent.com/aquasecurity/trivy/main/contrib/install.sh | sh -s -- -b /usr/local/bin[0m
2026-10-02T08:47:29.5616232Z shell: /usr/bin/bash -e {0}
2026-10-02T08:47:29.5616484Z ##[endgroup]
2026-10-02T08:47:29.6327759Z aquasecurity/trivy info checking GitHub for latest tag
2026-10-02T08:47:30.0758410Z aquasecurity/trivy info found version: 0.75.0 for v0.75.0/Linux/64bit
2026-10-02T08:47:31.6298505Z aquasecurity/trivy info installed /usr/local/bin/trivy
2026-10-02T08:47:31.6498814Z ##[group]Run trivy fs --scanners vuln,secret,misconfig --exit-code 0 \
2026-10-02T08:47:31.6554688Z [36;1mtrivy fs --scanners vuln,secret,misconfig --exit-code 0 \[0m
2026-10-02T08:47:31.6555197Z [36;1m  --format json --output output/trivy-fs.json .[0m
2026-10-02T08:47:31.6586949Z shell: /usr/bin/bash -e {0}
2026-10-02T08:47:31.6587126Z ##[endgroup]
2026-10-02T08:47:31.7142507Z 2026-10-02T08:47:31Z	INFO	[vulndb] Need to update DB
2026-10-02T08:47:31.7142962Z 2026-10-02T08:47:31Z	INFO	[vulndb] Downloading vulnerability DB...
2026-10-02T08:47:31.7143338Z 2026-10-02T08:47:31Z	INFO	[vulndb] Downloading artifact...	repo="mirror.gcr.io/aquasec/trivy-db:2"
2026-10-02T08:47:35.6498913Z 32.00 MiB / 120.57 MiB [--------------->____________________________________________] 26.54% ? p/s ?83.00 MiB / 120.57 MiB [----------------------------------------->__________________] 68.84% ? p/s ?120.57 MiB / 120.57 MiB [--------------------------------------------------------->] 100.00% ? p/s ?120.57 MiB / 120.57 MiB [------------------------------------------->] 100.00% 147.54 MiB p/s ETA 0s120.57 MiB / 120.57 MiB [------------------------------------------->] 100.00% 147.54 MiB p/s ETA 0s120.57 MiB / 120.57 MiB [------------------------------------------->] 100.00% 147.54 MiB p/s ETA 0s120.57 MiB / 120.57 MiB [------------------------------------------->] 100.00% 138.03 MiB p/s ETA 0s120.57 MiB / 120.57 MiB [------------------------------------------->] 100.00% 138.03 MiB p/s ETA 0s120.57 MiB / 120.57 MiB [------------------------------------------->] 100.00% 138.03 MiB p/s ETA 0s120.57 MiB / 120.57 MiB [------------------------------------------->] 100.00% 129.12 MiB p/s ETA 0s120.57 MiB / 120.57 MiB [------------------------------------------->] 100.00% 129.12 MiB p/s ETA 0s120.57 MiB / 120.57 MiB [------------------------------------------->] 100.00% 129.12 MiB p/s ETA 0s120.57 MiB / 120.57 MiB [-----------------------------------------------] 100.00% 54.31 MiB p/s 2.4s2026-10-02T08:47:35Z	INFO	[vulndb] Artifact successfully downloaded	repo="mirror.gcr.io/aquasec/trivy-db:2"
2026-10-02T08:47:35.6596369Z 2026-10-02T08:47:35Z	INFO	[vuln] Vulnerability scanning is enabled
2026-10-02T08:47:35.6616009Z 2026-10-02T08:47:35Z	INFO	[misconfig] Misconfiguration scanning is enabled
2026-10-02T08:47:35.6624436Z 2026-10-02T08:47:35Z	INFO	[checks-client] Need to update the checks bundle
2026-10-02T08:47:35.6625161Z 2026-10-02T08:47:35Z	INFO	[checks-client] Downloading the checks bundle...
2026-10-02T08:47:37.7801784Z 234.65 KiB / 234.65 KiB [------------------------------------------------------] 100.00% ? p/s 200ms2026-10-02T08:47:37Z	INFO	[secret] Secret scanning is enabled
2026-10-02T08:47:37.7803168Z 2026-10-02T08:47:37Z	INFO	[secret] If your scanning is slow, please try '--scanners vuln,misconfig' to disable secret scanning
2026-10-02T08:47:37.7803893Z 2026-10-02T08:47:37Z	INFO	[secret] Please see https://trivy.dev/docs/v0.75/guide/scanner/secret#recommendation for faster secret detection
2026-10-02T08:47:43.7868886Z 2026-10-02T08:47:43Z	INFO	[npm] Run "npm install" to collect the license information of packages	dir="web/node_modules"
2026-10-02T08:47:43.7966509Z 2026-10-02T08:47:43Z	INFO	Suppressing dependencies for development and testing. To display them, try the '--include-dev-deps' flag.
2026-10-02T08:47:43.7995798Z 2026-10-02T08:47:43Z	INFO	Number of language-specific files	num=3
2026-10-02T08:47:43.8015706Z 2026-10-02T08:47:43Z	INFO	[gomod] Detecting vulnerabilities...
2026-10-02T08:47:43.8055814Z 2026-10-02T08:47:43Z	INFO	[npm] Detecting vulnerabilities...
2026-10-02T08:47:43.8073947Z 2026-10-02T08:47:43Z	INFO	Detected config files	num=28
2026-10-02T08:47:43.8107552Z 2026-10-02T08:47:43Z	WARN	Using severities from other vendors for some vulnerabilities. Read https://trivy.dev/docs/v0.75/guide/scanner/vulnerability#severity-selection for details.
2026-10-02T08:47:43.8233995Z ##[group]Run actions/upload-artifact@v4
2026-10-02T08:47:43.8234163Z with:
2026-10-02T08:47:43.8234309Z   name: trivy-fs-11143452ae4062491ba619890ddc48e579a3f364
2026-10-02T08:47:43.8234489Z   path: output/trivy-fs.json
2026-10-02T08:47:43.8234658Z   if-no-files-found: warn
2026-10-02T08:47:43.8234795Z   compression-level: 6
2026-10-02T08:47:43.8235097Z   overwrite: false
2026-10-02T08:47:43.8235257Z   include-hidden-files: false
2026-10-02T08:47:43.8235390Z ##[endgroup]
2026-10-02T08:47:43.9306680Z (node:1886) [DEP0040] DeprecationWarning: The `punycode` module is deprecated. Please use a userland alternative instead.
2026-10-02T08:47:43.9307125Z (Use `node --trace-deprecation ...` to show where the warning was created)
2026-10-02T08:47:43.9336344Z With the provided path, there will be 1 file uploaded
2026-10-02T08:47:43.9340215Z Artifact name is valid!
2026-10-02T08:47:43.9340711Z Root directory input is valid!
2026-10-02T08:47:44.2767514Z Beginning upload of artifact content to blob storage
2026-10-02T08:47:44.2916904Z (node:1886) [DEP0169] DeprecationWarning: `url.parse()` behavior is not standardized and prone to errors that have security implications. Use the WHATWG URL API instead. CVEs are not issued for `url.parse()` vulnerabilities.
2026-10-02T08:47:44.5492923Z Uploaded bytes 41493
2026-10-02T08:47:44.6033824Z Finished uploading artifact content to blob storage!
2026-10-02T08:47:44.6034417Z SHA256 digest of uploaded artifact zip is 44f03ac98489b0a7d0b5fdef10010a326605aebf4d8a1449f3bedac15e4203b5
2026-10-02T08:47:44.6045955Z Finalizing artifact upload
2026-10-02T08:47:44.8584831Z Artifact trivy-fs-11143452ae4062491ba619890ddc48e579a3f364.zip successfully finalized. Artifact ID 11217436688
2026-10-02T08:47:44.8585622Z Artifact trivy-fs-11143452ae4062491ba619890ddc48e579a3f364 has been successfully uploaded! Final size is 41493 bytes. Artifact ID is 11217436688
2026-10-02T08:47:44.8589783Z Artifact download URL: https://github.com/llongwang751-arch/mini-drop/actions/runs/36986031236/artifacts/11217436688
2026-10-02T08:47:44.8714162Z Post job cleanup.
2026-10-02T08:47:44.9209996Z [command]/usr/bin/git version
2026-10-02T08:47:44.9236038Z git version 2.55.0
2026-10-02T08:47:44.9259855Z Temporarily overriding HOME='/home/runner/work/_temp/df31688d-c6cf-4030-b9d6-00b4fbee80bc' before making global git config changes
2026-10-02T08:47:44.9260652Z Adding repository directory to the temporary git global config as a safe directory
2026-10-02T08:47:44.9263340Z [command]/usr/bin/git config --global --add safe.directory /home/runner/work/mini-drop/mini-drop
2026-10-02T08:47:44.9473269Z [command]/usr/bin/git config --local --name-only --get-regexp core\.sshCommand
2026-10-02T08:47:44.9498405Z [command]/usr/bin/git submodule foreach --recursive sh -c "git config --local --name-only --get-regexp 'core\.sshCommand' && git config --local --unset-all 'core.sshCommand' || :"
2026-10-02T08:47:44.9629848Z [command]/usr/bin/git config --local --name-only --get-regexp http\.https\:\/\/github\.com\/\.extraheader
2026-10-02T08:47:44.9646240Z http.https://github.com/.extraheader
2026-10-02T08:47:44.9652883Z [command]/usr/bin/git config --local --unset-all http.https://github.com/.extraheader
2026-10-02T08:47:45.0662819Z [command]/usr/bin/git submodule foreach --recursive sh -c "git config --local --name-only --get-regexp 'http\.https\:\/\/github\.com\/\.extraheader' && git config --local --unset-all 'http.https://github.com/.extraheader' || :"
2026-10-02T08:47:45.0772346Z [command]/usr/bin/git config --local --name-only --get-regexp ^includeIf\.gitdir:
2026-10-02T08:47:45.0789803Z [command]/usr/bin/git submodule foreach --recursive git config --local --show-origin --name-only --get-regexp remote.origin.url
2026-10-02T08:47:45.0977728Z Cleaning up orphan processes
2026-10-02T08:47:45.1109071Z ##[warning]Node.js 20 is deprecated. The following actions target Node.js 20 but are being forced to run on Node.js 24: actions/checkout@v4, actions/upload-artifact@v4. For more information see: https://github.blog/changelog/2025-09-19-deprecation-of-node-20-on-github-actions-runners/
