
 Network mini-drop-clean-999cad834e3a96f3_default  Creating
 Network mini-drop-clean-999cad834e3a96f3_default  Created
 Volume "mini-drop-clean-999cad834e3a96f3_miniodata"  Creating
 Volume "mini-drop-clean-999cad834e3a96f3_miniodata"  Created
 Volume "mini-drop-clean-999cad834e3a96f3_pgdata"  Creating
 Volume "mini-drop-clean-999cad834e3a96f3_pgdata"  Created
 Volume "mini-drop-clean-999cad834e3a96f3_agentoutbox"  Creating
 Volume "mini-drop-clean-999cad834e3a96f3_agentoutbox"  Created
 Container mini-drop-clean-999cad834e3a96f3-minio-1  Creating
 Container mini-drop-clean-999cad834e3a96f3-python-hotspot-1  Creating
 Container mini-drop-clean-999cad834e3a96f3-postgres-1  Creating
 Container mini-drop-clean-999cad834e3a96f3-minio-1  Created
 Container mini-drop-clean-999cad834e3a96f3-python-hotspot-1  Created
 Container mini-drop-clean-999cad834e3a96f3-postgres-1  Created
 Container mini-drop-clean-999cad834e3a96f3-migrate-1  Creating
 Container mini-drop-clean-999cad834e3a96f3-migrate-1  Created
 Container mini-drop-clean-999cad834e3a96f3-control-plane-1  Creating
 Container mini-drop-clean-999cad834e3a96f3-diagnosis-worker-1  Creating
 Container mini-drop-clean-999cad834e3a96f3-analyzer-1  Creating
 Container mini-drop-clean-999cad834e3a96f3-control-plane-1  Created
 Container mini-drop-clean-999cad834e3a96f3-native-agent-1  Creating
 Container mini-drop-clean-999cad834e3a96f3-analyzer-1  Created
 Container mini-drop-clean-999cad834e3a96f3-diagnosis-worker-1  Created
 Container mini-drop-clean-999cad834e3a96f3-apiserver-1  Creating
 Container mini-drop-clean-999cad834e3a96f3-native-agent-1  Created
 Container mini-drop-clean-999cad834e3a96f3-apiserver-1  Created
 Container mini-drop-clean-999cad834e3a96f3-web-1  Creating
 Container mini-drop-clean-999cad834e3a96f3-web-1  Created
 Container mini-drop-clean-999cad834e3a96f3-postgres-1  Starting
 Container mini-drop-clean-999cad834e3a96f3-minio-1  Starting
 Container mini-drop-clean-999cad834e3a96f3-python-hotspot-1  Starting
 Container mini-drop-clean-999cad834e3a96f3-minio-1  Started
 Container mini-drop-clean-999cad834e3a96f3-python-hotspot-1  Started
 Container mini-drop-clean-999cad834e3a96f3-postgres-1  Started
 Container mini-drop-clean-999cad834e3a96f3-minio-1  Waiting
 Container mini-drop-clean-999cad834e3a96f3-postgres-1  Waiting
 Container mini-drop-clean-999cad834e3a96f3-postgres-1  Healthy
 Container mini-drop-clean-999cad834e3a96f3-minio-1  Healthy
 Container mini-drop-clean-999cad834e3a96f3-migrate-1  Starting
 Container mini-drop-clean-999cad834e3a96f3-migrate-1  Started
 Container mini-drop-clean-999cad834e3a96f3-minio-1  Waiting
 Container mini-drop-clean-999cad834e3a96f3-postgres-1  Waiting
 Container mini-drop-clean-999cad834e3a96f3-migrate-1  Waiting
 Container mini-drop-clean-999cad834e3a96f3-minio-1  Waiting
 Container mini-drop-clean-999cad834e3a96f3-postgres-1  Waiting
 Container mini-drop-clean-999cad834e3a96f3-migrate-1  Waiting
 Container mini-drop-clean-999cad834e3a96f3-minio-1  Waiting
 Container mini-drop-clean-999cad834e3a96f3-postgres-1  Waiting
 Container mini-drop-clean-999cad834e3a96f3-migrate-1  Waiting
 Container mini-drop-clean-999cad834e3a96f3-minio-1  Healthy
 Container mini-drop-clean-999cad834e3a96f3-postgres-1  Healthy
 Container mini-drop-clean-999cad834e3a96f3-postgres-1  Healthy
 Container mini-drop-clean-999cad834e3a96f3-postgres-1  Healthy
 Container mini-drop-clean-999cad834e3a96f3-minio-1  Healthy
 Container mini-drop-clean-999cad834e3a96f3-minio-1  Healthy
 Container mini-drop-clean-999cad834e3a96f3-migrate-1  Exited
 Container mini-drop-clean-999cad834e3a96f3-control-plane-1  Starting
 Container mini-drop-clean-999cad834e3a96f3-migrate-1  Exited
 Container mini-drop-clean-999cad834e3a96f3-diagnosis-worker-1  Starting
 Container mini-drop-clean-999cad834e3a96f3-migrate-1  Exited
 Container mini-drop-clean-999cad834e3a96f3-analyzer-1  Starting
 Container mini-drop-clean-999cad834e3a96f3-analyzer-1  Started
 Container mini-drop-clean-999cad834e3a96f3-control-plane-1  Started
 Container mini-drop-clean-999cad834e3a96f3-minio-1  Waiting
 Container mini-drop-clean-999cad834e3a96f3-control-plane-1  Waiting
 Container mini-drop-clean-999cad834e3a96f3-diagnosis-worker-1  Started
 Container mini-drop-clean-999cad834e3a96f3-diagnosis-worker-1  Waiting
 Container mini-drop-clean-999cad834e3a96f3-minio-1  Waiting
 Container mini-drop-clean-999cad834e3a96f3-postgres-1  Waiting
 Container mini-drop-clean-999cad834e3a96f3-control-plane-1  Waiting
 Container mini-drop-clean-999cad834e3a96f3-minio-1  Healthy
 Container mini-drop-clean-999cad834e3a96f3-postgres-1  Healthy
 Container mini-drop-clean-999cad834e3a96f3-minio-1  Healthy
 Container mini-drop-clean-999cad834e3a96f3-control-plane-1  Healthy
 Container mini-drop-clean-999cad834e3a96f3-native-agent-1  Starting
 Container mini-drop-clean-999cad834e3a96f3-control-plane-1  Healthy
 Container mini-drop-clean-999cad834e3a96f3-native-agent-1  Started
 Container mini-drop-clean-999cad834e3a96f3-diagnosis-worker-1  Healthy
 Container mini-drop-clean-999cad834e3a96f3-apiserver-1  Starting
 Container mini-drop-clean-999cad834e3a96f3-apiserver-1  Started
 Container mini-drop-clean-999cad834e3a96f3-apiserver-1  Waiting
 Container mini-drop-clean-999cad834e3a96f3-apiserver-1  Healthy
 Container mini-drop-clean-999cad834e3a96f3-web-1  Starting
 Container mini-drop-clean-999cad834e3a96f3-web-1  Started
