
 postgres Pulling 
 6b37362b3da7 Already exists 
 b1fdda8975a0 Pulling fs layer 
 106e7e3cf19a Pulling fs layer 
 ba0e979d0818 Pulling fs layer 
 ad29720ebbb9 Pulling fs layer 
 3a749597affc Pulling fs layer 
 483fb6941c15 Pulling fs layer 
 359ae0fc975d Pulling fs layer 
 56d4d190ef07 Pulling fs layer 
 74156cf9f063 Pulling fs layer 
 f7c7d4dd80ba Pulling fs layer 
 749acf6dc637 Pulling fs layer 
 4d848243a73e Pulling fs layer 
 6ad4758748c1 Pulling fs layer 
 3a749597affc Waiting 
 483fb6941c15 Waiting 
 359ae0fc975d Waiting 
 56d4d190ef07 Waiting 
 74156cf9f063 Waiting 
 f7c7d4dd80ba Waiting 
 749acf6dc637 Waiting 
 4d848243a73e Waiting 
 6ad4758748c1 Waiting 
 ad29720ebbb9 Waiting 
 b1fdda8975a0 Downloading [==================================================>]  1.167kB/1.167kB
 b1fdda8975a0 Verifying Checksum 
 b1fdda8975a0 Download complete 
 b1fdda8975a0 Extracting [==================================================>]  1.167kB/1.167kB
 b1fdda8975a0 Extracting [==================================================>]  1.167kB/1.167kB
 ba0e979d0818 Downloading [>                                                  ]  15.79kB/1.257MB
 106e7e3cf19a Downloading [>                                                  ]  64.94kB/6.443MB
 ba0e979d0818 Download complete 
 b1fdda8975a0 Pull complete 
 ad29720ebbb9 Downloading [>                                                  ]  97.71kB/8.204MB
 106e7e3cf19a Verifying Checksum 
 106e7e3cf19a Download complete 
 106e7e3cf19a Extracting [>                                                  ]  65.54kB/6.443MB
 3a749597affc Downloading [>                                                  ]  15.79kB/1.312MB
 3a749597affc Verifying Checksum 
 3a749597affc Download complete 
 ad29720ebbb9 Verifying Checksum 
 ad29720ebbb9 Download complete 
 483fb6941c15 Downloading [==================================================>]     116B/116B
 483fb6941c15 Verifying Checksum 
 483fb6941c15 Download complete 
 359ae0fc975d Downloading [==================================================>]   3.14kB/3.14kB
 359ae0fc975d Verifying Checksum 
 359ae0fc975d Download complete 
 74156cf9f063 Downloading [=================>                                 ]    3.5kB/10.11kB
 74156cf9f063 Downloading [==================================================>]  10.11kB/10.11kB
 74156cf9f063 Verifying Checksum 
 74156cf9f063 Download complete 
 56d4d190ef07 Downloading [>                                                  ]  539.3kB/113.2MB
 f7c7d4dd80ba Downloading [==================================================>]     128B/128B
 f7c7d4dd80ba Verifying Checksum 
 f7c7d4dd80ba Download complete 
 749acf6dc637 Downloading [==================================================>]     167B/167B
 749acf6dc637 Verifying Checksum 
 749acf6dc637 Download complete 
 4d848243a73e Downloading [============================>                      ]  3.501kB/6.106kB
 4d848243a73e Downloading [==================================================>]  6.106kB/6.106kB
 4d848243a73e Verifying Checksum 
 4d848243a73e Download complete 
 106e7e3cf19a Extracting [====================================>              ]  4.653MB/6.443MB
 6ad4758748c1 Downloading [==================================================>]     184B/184B
 6ad4758748c1 Verifying Checksum 
 6ad4758748c1 Download complete 
 106e7e3cf19a Extracting [==================================================>]  6.443MB/6.443MB
 56d4d190ef07 Downloading [============>                                      ]  29.08MB/113.2MB
 106e7e3cf19a Pull complete 
 56d4d190ef07 Downloading [=========================>                         ]  58.71MB/113.2MB
 ba0e979d0818 Extracting [=>                                                 ]  32.77kB/1.257MB
 ba0e979d0818 Extracting [==================================================>]  1.257MB/1.257MB
 ba0e979d0818 Pull complete 
 ad29720ebbb9 Extracting [>                                                  ]   98.3kB/8.204MB
 56d4d190ef07 Downloading [======================================>            ]  86.72MB/113.2MB
 ad29720ebbb9 Extracting [===================>                               ]  3.244MB/8.204MB
 56d4d190ef07 Verifying Checksum 
 56d4d190ef07 Download complete 
 ad29720ebbb9 Extracting [==================================>                ]  5.702MB/8.204MB
 ad29720ebbb9 Extracting [==================================================>]  8.204MB/8.204MB
 ad29720ebbb9 Pull complete 
 3a749597affc Extracting [=>                                                 ]  32.77kB/1.312MB
 3a749597affc Extracting [==================================================>]  1.312MB/1.312MB
 3a749597affc Pull complete 
 483fb6941c15 Extracting [==================================================>]     116B/116B
 483fb6941c15 Extracting [==================================================>]     116B/116B
 483fb6941c15 Pull complete 
 359ae0fc975d Extracting [==================================================>]   3.14kB/3.14kB
 359ae0fc975d Extracting [==================================================>]   3.14kB/3.14kB
 359ae0fc975d Pull complete 
 56d4d190ef07 Extracting [>                                                  ]  557.1kB/113.2MB
 56d4d190ef07 Extracting [===>                                               ]  7.799MB/113.2MB
 56d4d190ef07 Extracting [====>                                              ]  10.58MB/113.2MB
 56d4d190ef07 Extracting [======>                                            ]  14.48MB/113.2MB
 56d4d190ef07 Extracting [========>                                          ]  18.94MB/113.2MB
 56d4d190ef07 Extracting [==========>                                        ]  24.51MB/113.2MB
 56d4d190ef07 Extracting [==============>                                    ]  33.42MB/113.2MB
 56d4d190ef07 Extracting [==================>                                ]  42.34MB/113.2MB
 56d4d190ef07 Extracting [======================>                            ]  51.25MB/113.2MB
 56d4d190ef07 Extracting [=========================>                         ]  56.82MB/113.2MB
 56d4d190ef07 Extracting [============================>                      ]   63.5MB/113.2MB
 56d4d190ef07 Extracting [================================>                  ]  74.09MB/113.2MB
 56d4d190ef07 Extracting [====================================>              ]  82.44MB/113.2MB
 56d4d190ef07 Extracting [========================================>          ]  91.91MB/113.2MB
 56d4d190ef07 Extracting [==========================================>        ]  96.37MB/113.2MB
 56d4d190ef07 Extracting [============================================>      ]  100.3MB/113.2MB
 56d4d190ef07 Extracting [=============================================>     ]  103.6MB/113.2MB
 56d4d190ef07 Extracting [===============================================>   ]  107.5MB/113.2MB
 56d4d190ef07 Extracting [================================================>  ]  109.2MB/113.2MB
 56d4d190ef07 Extracting [================================================>  ]  110.9MB/113.2MB
 56d4d190ef07 Extracting [=================================================> ]    112MB/113.2MB
 56d4d190ef07 Extracting [==================================================>]  113.2MB/113.2MB
 56d4d190ef07 Pull complete 
 74156cf9f063 Extracting [==================================================>]  10.11kB/10.11kB
 74156cf9f063 Extracting [==================================================>]  10.11kB/10.11kB
 74156cf9f063 Pull complete 
 f7c7d4dd80ba Extracting [==================================================>]     128B/128B
 f7c7d4dd80ba Extracting [==================================================>]     128B/128B
 f7c7d4dd80ba Pull complete 
 749acf6dc637 Extracting [==================================================>]     167B/167B
 749acf6dc637 Extracting [==================================================>]     167B/167B
 749acf6dc637 Pull complete 
 4d848243a73e Extracting [==================================================>]  6.106kB/6.106kB
 4d848243a73e Extracting [==================================================>]  6.106kB/6.106kB
 4d848243a73e Pull complete 
 6ad4758748c1 Extracting [==================================================>]     184B/184B
 6ad4758748c1 Extracting [==================================================>]     184B/184B
 6ad4758748c1 Pull complete 
 postgres Pulled 
