2026-10-01T18:29:45.6363207Z Current runner version: '2.337.0'
2026-10-01T18:29:45.6384284Z ##[group]Runner Image Provisioner
2026-10-01T18:29:45.6385057Z Hosted Compute Agent
2026-10-01T18:29:45.6385567Z Version: 20260901.588
2026-10-01T18:29:45.6386084Z Commit: f88ec8081b781fac6c440065ac7ff9e710ce3d0b
2026-10-01T18:29:45.6386748Z Build Date: 2026-09-01T19:56:44Z
2026-10-01T18:29:45.6387332Z Worker ID: {d646534b-b1e1-4a9e-9559-1a561f8d66c3}
2026-10-01T18:29:45.6388048Z Azure Region: eastus
2026-10-01T18:29:45.6388542Z ##[endgroup]
2026-10-01T18:29:45.6389718Z ##[group]Operating System
2026-10-01T18:29:45.6390329Z Ubuntu
2026-10-01T18:29:45.6390780Z 22.04.5
2026-10-01T18:29:45.6391262Z LTS
2026-10-01T18:29:45.6391736Z ##[endgroup]
2026-10-01T18:29:45.6392429Z ##[group]Runner Image
2026-10-01T18:29:45.6393020Z Image: ubuntu-22.04
2026-10-01T18:29:45.6393547Z Version: 20260927.309.1
2026-10-01T18:29:45.6394615Z Included Software: https://github.com/actions/runner-images/blob/ubuntu22/20260927.309/images/ubuntu/Ubuntu2204-Readme.md
2026-10-01T18:29:45.6395879Z Image Release: https://github.com/actions/runner-images/releases/tag/ubuntu22%2F20260927.309
2026-10-01T18:29:45.6396725Z ##[endgroup]
2026-10-01T18:29:45.6397727Z ##[group]GITHUB_TOKEN Permissions
2026-10-01T18:29:45.6399748Z Contents: read
2026-10-01T18:29:45.6400256Z Metadata: read
2026-10-01T18:29:45.6400801Z Packages: read
2026-10-01T18:29:45.6401286Z ##[endgroup]
2026-10-01T18:29:45.6403314Z Secret source: Actions
2026-10-01T18:29:45.6404382Z Cache mode: write
2026-10-01T18:29:45.6405154Z Prepare workflow directory
2026-10-01T18:29:45.7738385Z Prepare all required actions
2026-10-01T18:29:45.7776937Z Getting action download info
2026-10-01T18:29:45.9934930Z Download action repository 'actions/checkout@v4' (SHA:11d5960a326750d5838078e36cf38b85af677262)
2026-10-01T18:29:46.2979518Z Download action repository 'actions/setup-node@v4' (SHA:49933ea5288caeca8642d1e84afbd3f7d6820020)
2026-10-01T18:29:46.9754776Z Download action repository 'actions/upload-artifact@v4' (SHA:ea165f8d65b6e75b540449e92b4886f43607fa02)
2026-10-01T18:29:47.6785595Z Complete job name: Web (real Chromium, synthetic fixtures)
2026-10-01T18:29:47.7361018Z ##[group]Run actions/checkout@v4
2026-10-01T18:29:47.7361454Z with:
2026-10-01T18:29:47.7361657Z   repository: llongwang751-arch/mini-drop
2026-10-01T18:29:47.7364289Z   token: ***
2026-10-01T18:29:47.7364466Z   ssh-strict: true
2026-10-01T18:29:47.7364641Z   ssh-user: git
2026-10-01T18:29:47.7364818Z   persist-credentials: true
2026-10-01T18:29:47.7365015Z   clean: true
2026-10-01T18:29:47.7365218Z   sparse-checkout-cone-mode: true
2026-10-01T18:29:47.7365430Z   fetch-depth: 1
2026-10-01T18:29:47.7365603Z   fetch-tags: false
2026-10-01T18:29:47.7365795Z   show-progress: true
2026-10-01T18:29:47.7365971Z   lfs: false
2026-10-01T18:29:47.7366129Z   submodules: false
2026-10-01T18:29:47.7366310Z   set-safe-directory: true
2026-10-01T18:29:47.7366514Z   allow-unsafe-pr-checkout: false
2026-10-01T18:29:47.7366864Z ##[endgroup]
2026-10-01T18:29:47.8235207Z Syncing repository: llongwang751-arch/mini-drop
2026-10-01T18:29:47.8236640Z ##[group]Getting Git version info
2026-10-01T18:29:47.8237042Z Working directory is '/home/runner/work/mini-drop/mini-drop'
2026-10-01T18:29:47.8237559Z [command]/usr/bin/git version
2026-10-01T18:29:47.8264291Z git version 2.55.0
2026-10-01T18:29:47.8281416Z ##[endgroup]
2026-10-01T18:29:47.8293936Z Temporarily overriding HOME='/home/runner/work/_temp/f0aa9845-d118-4edf-a4fd-5e7737a7e1ef' before making global git config changes
2026-10-01T18:29:47.8294968Z Adding repository directory to the temporary git global config as a safe directory
2026-10-01T18:29:47.8299765Z [command]/usr/bin/git config --global --add safe.directory /home/runner/work/mini-drop/mini-drop
2026-10-01T18:29:47.8334045Z Deleting the contents of '/home/runner/work/mini-drop/mini-drop'
2026-10-01T18:29:47.8337670Z ##[group]Initializing the repository
2026-10-01T18:29:47.8341283Z [command]/usr/bin/git init /home/runner/work/mini-drop/mini-drop
2026-10-01T18:29:47.8418672Z hint: Using 'master' as the name for the initial branch. This default branch name
2026-10-01T18:29:47.8419964Z hint: will change to "main" in Git 3.0. To configure the initial branch name
2026-10-01T18:29:47.8420567Z hint: to use in all of your new repositories, which will suppress this warning,
2026-10-01T18:29:47.8421507Z hint: call:
2026-10-01T18:29:47.8421964Z hint:
2026-10-01T18:29:47.8422679Z hint: 	git config --global init.defaultBranch <name>
2026-10-01T18:29:47.8423380Z hint:
2026-10-01T18:29:47.8423839Z hint: Names commonly chosen instead of 'master' are 'main', 'trunk' and
2026-10-01T18:29:47.8424406Z hint: 'development'. The just-created branch can be renamed via this command:
2026-10-01T18:29:47.8424866Z hint:
2026-10-01T18:29:47.8425230Z hint: 	git branch -m <name>
2026-10-01T18:29:47.8425592Z hint:
2026-10-01T18:29:47.8426016Z hint: Disable this message with "git config set advice.defaultBranchName false"
2026-10-01T18:29:47.8426767Z Initialized empty Git repository in /home/runner/work/mini-drop/mini-drop/.git/
2026-10-01T18:29:47.8429855Z [command]/usr/bin/git remote add origin https://github.com/llongwang751-arch/mini-drop
2026-10-01T18:29:47.8463989Z ##[endgroup]
2026-10-01T18:29:47.8464577Z ##[group]Disabling automatic garbage collection
2026-10-01T18:29:47.8467372Z [command]/usr/bin/git config --local gc.auto 0
2026-10-01T18:29:47.8498263Z ##[endgroup]
2026-10-01T18:29:47.8498715Z ##[group]Setting up auth
2026-10-01T18:29:47.8504815Z [command]/usr/bin/git config --local --name-only --get-regexp core\.sshCommand
2026-10-01T18:29:47.8536701Z [command]/usr/bin/git submodule foreach --recursive sh -c "git config --local --name-only --get-regexp 'core\.sshCommand' && git config --local --unset-all 'core.sshCommand' || :"
2026-10-01T18:29:47.8833859Z [command]/usr/bin/git config --local --name-only --get-regexp http\.https\:\/\/github\.com\/\.extraheader
2026-10-01T18:29:47.8870280Z [command]/usr/bin/git submodule foreach --recursive sh -c "git config --local --name-only --get-regexp 'http\.https\:\/\/github\.com\/\.extraheader' && git config --local --unset-all 'http.https://github.com/.extraheader' || :"
2026-10-01T18:29:47.9113275Z [command]/usr/bin/git config --local --name-only --get-regexp ^includeIf\.gitdir:
2026-10-01T18:29:47.9147644Z [command]/usr/bin/git submodule foreach --recursive git config --local --show-origin --name-only --get-regexp remote.origin.url
2026-10-01T18:29:47.9368434Z [command]/usr/bin/git config --local http.https://github.com/.extraheader AUTHORIZATION: basic ***
2026-10-01T18:29:47.9408025Z ##[endgroup]
2026-10-01T18:29:47.9408530Z ##[group]Fetching the repository
2026-10-01T18:29:47.9416147Z [command]/usr/bin/git -c protocol.version=2 fetch --no-tags --prune --no-recurse-submodules --depth=1 origin +06226c703a14dba5999bcc3115633a8be95b2c25:refs/remotes/pull/1/merge
2026-10-01T18:29:53.5620616Z From https://github.com/llongwang751-arch/mini-drop
2026-10-01T18:29:53.5621378Z  * [new ref]         06226c703a14dba5999bcc3115633a8be95b2c25 -> pull/1/merge
2026-10-01T18:29:53.5624289Z ##[endgroup]
2026-10-01T18:29:53.5624846Z ##[group]Determining the checkout info
2026-10-01T18:29:53.5626693Z ##[endgroup]
2026-10-01T18:29:53.5632964Z [command]/usr/bin/git sparse-checkout disable
2026-10-01T18:29:53.6003674Z [command]/usr/bin/git config --local --unset-all extensions.worktreeConfig
2026-10-01T18:29:53.6038581Z ##[group]Checking out the ref
2026-10-01T18:29:53.6043013Z [command]/usr/bin/git checkout --progress --force refs/remotes/pull/1/merge
2026-10-01T18:29:54.4573465Z Note: switching to 'refs/remotes/pull/1/merge'.
2026-10-01T18:29:54.4573724Z 
2026-10-01T18:29:54.4573911Z You are in 'detached HEAD' state. You can look around, make experimental
2026-10-01T18:29:54.4574292Z changes and commit them, and you can discard any commits you make in this
2026-10-01T18:29:54.4574656Z state without impacting any branches by switching back to a branch.
2026-10-01T18:29:54.4574897Z 
2026-10-01T18:29:54.4575067Z If you want to create a new branch to retain commits you create, you may
2026-10-01T18:29:54.4575704Z do so (now or later) by using -c with the switch command. Example:
2026-10-01T18:29:54.4575922Z 
2026-10-01T18:29:54.4576040Z   git switch -c <new-branch-name>
2026-10-01T18:29:54.4576177Z 
2026-10-01T18:29:54.4576278Z Or undo this operation with:
2026-10-01T18:29:54.4576404Z 
2026-10-01T18:29:54.4576499Z   git switch -
2026-10-01T18:29:54.4576610Z 
2026-10-01T18:29:54.4576787Z Turn off this advice by setting config variable advice.detachedHead to false
2026-10-01T18:29:54.4577026Z 
2026-10-01T18:29:54.4577293Z HEAD is now at 06226c7 Merge 35f21b82997349b2f8e8010ae834e27a25fafc8f into 609ea8a73f845b496b59b5cae181f515c5919850
2026-10-01T18:29:54.4656428Z ##[endgroup]
2026-10-01T18:29:54.4698673Z [command]/usr/bin/git log -1 --format=%H
2026-10-01T18:29:54.4725075Z 06226c703a14dba5999bcc3115633a8be95b2c25
2026-10-01T18:29:54.5032505Z ##[group]Run actions/setup-node@v4
2026-10-01T18:29:54.5032754Z with:
2026-10-01T18:29:54.5032924Z   node-version: 22
2026-10-01T18:29:54.5033096Z   cache: npm
2026-10-01T18:29:54.5033317Z   cache-dependency-path: web/package-lock.json
2026-10-01T18:29:54.5033559Z   always-auth: false
2026-10-01T18:29:54.5033736Z   check-latest: false
2026-10-01T18:29:54.5036138Z   token: ***
2026-10-01T18:29:54.5036306Z ##[endgroup]
2026-10-01T18:29:54.6780754Z Found in cache @ /opt/hostedtoolcache/node/22.23.3/x64
2026-10-01T18:29:54.6786156Z (node:1839) [DEP0040] DeprecationWarning: The `punycode` module is deprecated. Please use a userland alternative instead.
2026-10-01T18:29:54.6786889Z (Use `node --trace-deprecation ...` to show where the warning was created)
2026-10-01T18:29:54.6788860Z ##[group]Environment details
2026-10-01T18:29:54.9725148Z node: v22.23.3
2026-10-01T18:29:54.9725407Z npm: 10.9.9
2026-10-01T18:29:54.9725596Z yarn: 1.22.22
2026-10-01T18:29:54.9726180Z ##[endgroup]
2026-10-01T18:29:54.9744454Z [command]/opt/hostedtoolcache/node/22.23.3/x64/bin/npm config get cache
2026-10-01T18:29:55.2862003Z /home/runner/.npm
2026-10-01T18:29:55.3595715Z Cache hit for: node-cache-Linux-x64-npm-a79428a48f53c819bdf3224c6f533bf526ae1b21f28f4ee918b0bcba5121d960
2026-10-01T18:29:55.3714419Z (node:1839) [DEP0169] DeprecationWarning: `url.parse()` behavior is not standardized and prone to errors that have security implications. Use the WHATWG URL API instead. CVEs are not issued for `url.parse()` vulnerabilities.
2026-10-01T18:29:55.7558095Z Received 52012766 of 52012766 (100.0%), 155.5 MBs/sec
2026-10-01T18:29:55.7558544Z Cache Size: ~50 MB (52012766 B)
2026-10-01T18:29:55.7579580Z [command]/usr/bin/tar -xf /home/runner/work/_temp/ef3bc0b9-ffe1-4bc3-ae20-bdcfc9a8f8a2/cache.tzst -P -C /home/runner/work/mini-drop/mini-drop --use-compress-program unzstd
2026-10-01T18:29:55.8769689Z Cache restored successfully
2026-10-01T18:29:55.8868436Z Cache restored from key: node-cache-Linux-x64-npm-a79428a48f53c819bdf3224c6f533bf526ae1b21f28f4ee918b0bcba5121d960
2026-10-01T18:29:55.9061016Z ##[group]Run npm --prefix web ci
2026-10-01T18:29:55.9061327Z [36;1mnpm --prefix web ci[0m
2026-10-01T18:29:56.0264182Z shell: /usr/bin/bash -e {0}
2026-10-01T18:29:56.0264447Z ##[endgroup]
2026-10-01T18:30:03.1842646Z 
2026-10-01T18:30:03.1850930Z added 346 packages, and audited 347 packages in 7s
2026-10-01T18:30:03.1851315Z 
2026-10-01T18:30:03.1851562Z 118 packages are looking for funding
2026-10-01T18:30:03.1851983Z   run `npm fund` for details
2026-10-01T18:30:03.1960024Z 
2026-10-01T18:30:03.1960500Z 2 vulnerabilities (1 low, 1 high)
2026-10-01T18:30:03.1960797Z 
2026-10-01T18:30:03.1960983Z To address all issues, run:
2026-10-01T18:30:03.1961332Z   npm audit fix
2026-10-01T18:30:03.1961497Z 
2026-10-01T18:30:03.1961650Z Run `npm audit` for details.
2026-10-01T18:30:03.2551828Z ##[group]Run npm --prefix web run build
2026-10-01T18:30:03.2552309Z [36;1mnpm --prefix web run build[0m
2026-10-01T18:30:03.2616708Z shell: /usr/bin/bash -e {0}
2026-10-01T18:30:03.2616929Z ##[endgroup]
2026-10-01T18:30:03.3551010Z 
2026-10-01T18:30:03.3551767Z > mini-drop-web@0.1.0 build
2026-10-01T18:30:03.3552424Z > vite build
2026-10-01T18:30:03.3552996Z 
2026-10-01T18:30:03.5658725Z [36mvite v8.2.2 [32mbuilding client environment for production...[36m[39m
2026-10-01T18:30:03.5751080Z transforming...
2026-10-01T18:30:04.0765433Z ✓ 4596 modules transformed.
2026-10-01T18:30:04.3183973Z rendering chunks...
2026-10-01T18:30:04.4923713Z computing gzip size...
2026-10-01T18:30:04.5090829Z dist/index.html                                0.79 kB │ gzip:   0.42 kB
2026-10-01T18:30:04.5091299Z dist/assets/parseJson.worker-mxB42-VK.js       0.83 kB
2026-10-01T18:30:04.5091827Z dist/assets/TaskResult-BAn5yWN7.css            0.32 kB │ gzip:   0.24 kB
2026-10-01T18:30:04.5092680Z dist/assets/flamegraph-VXIZzpiT.css            0.60 kB │ gzip:   0.32 kB
2026-10-01T18:30:04.5093201Z dist/assets/index-IZHbRe47.css                 8.44 kB │ gzip:   2.63 kB
2026-10-01T18:30:04.5093680Z dist/assets/AIDiagnosis-ChKDK5_y.css          90.44 kB │ gzip:  16.76 kB
2026-10-01T18:30:04.5094180Z dist/assets/ErrorAlert-903HQ4EN.js             0.23 kB │ gzip:   0.19 kB
2026-10-01T18:30:04.5094688Z dist/assets/ArrowLeftOutlined-D5Rce3sA.js      0.60 kB │ gzip:   0.44 kB
2026-10-01T18:30:04.5095173Z dist/assets/rolldown-runtime-B0Z9INg1.js       0.90 kB │ gzip:   0.51 kB
2026-10-01T18:30:04.5095660Z dist/assets/agentMetrics-CZoJGXne.js           1.09 kB │ gzip:   0.67 kB
2026-10-01T18:30:04.5096150Z dist/assets/CloudServerOutlined-nqMoSLwN.js    1.33 kB │ gzip:   0.78 kB
2026-10-01T18:30:04.5096854Z dist/assets/StatusTag-AVBiLPOz.js              2.03 kB │ gzip:   0.82 kB
2026-10-01T18:30:04.5097718Z dist/assets/AuditLogs-DDyuXzIa.js              3.87 kB │ gzip:   1.88 kB
2026-10-01T18:30:04.5098241Z dist/assets/row-D_0PZE5A.js                    5.51 kB │ gzip:   2.24 kB
2026-10-01T18:30:04.5098716Z dist/assets/collectors-9W4-i_vQ.js             6.12 kB │ gzip:   1.78 kB
2026-10-01T18:30:04.5099199Z dist/assets/alert-C2yT8MYA.js                  6.35 kB │ gzip:   2.66 kB
2026-10-01T18:30:04.5099670Z dist/assets/AgentDetail-BmD8D5Su.js            7.71 kB │ gzip:   3.15 kB
2026-10-01T18:30:04.5100161Z dist/assets/ThunderboltOutlined-_zhhsc5p.js   10.29 kB │ gzip:   4.07 kB
2026-10-01T18:30:04.5100646Z dist/assets/usePolling-CeSosOBk.js            16.17 kB │ gzip:   6.83 kB
2026-10-01T18:30:04.5101110Z dist/assets/Schedules-BVAbL01O.js             17.26 kB │ gzip:   5.82 kB
2026-10-01T18:30:04.5101574Z dist/assets/input-number-BLKstg1f.js          23.73 kB │ gzip:   8.20 kB
2026-10-01T18:30:04.5102039Z dist/assets/modal-CGyc8tVo.js                 27.89 kB │ gzip:   9.27 kB
2026-10-01T18:30:04.5102780Z dist/assets/TaskResult-rpg5wKoA.js            29.61 kB │ gzip:  10.78 kB
2026-10-01T18:30:04.5103256Z dist/assets/d3-OVqjLuRP.js                    36.91 kB │ gzip:  12.52 kB
2026-10-01T18:30:04.5103794Z dist/assets/PlayCircleOutlined-DDH4N-mk.js    37.49 kB │ gzip:  12.80 kB
2026-10-01T18:30:04.5104271Z dist/assets/axios-B0fvnqBc.js                 49.95 kB │ gzip:  18.75 kB
2026-10-01T18:30:04.5104983Z dist/assets/Dashboard-28918bSG.js             50.52 kB │ gzip:  16.62 kB
2026-10-01T18:30:04.5105810Z dist/assets/index-DqofSATb.js                 92.29 kB │ gzip:  32.16 kB
2026-10-01T18:30:04.5106336Z dist/assets/flamegraph-CSYLKD5W.js            96.97 kB │ gzip:  32.80 kB
2026-10-01T18:30:04.5106804Z dist/assets/react-C8_Uech3.js                178.38 kB │ gzip:  58.94 kB
2026-10-01T18:30:04.5107264Z dist/assets/table-B3EaWpvJ.js                343.42 kB │ gzip: 105.31 kB
2026-10-01T18:30:04.5107736Z dist/assets/SafeMarkdown-6FBWZs14.js         389.11 kB │ gzip: 122.03 kB
2026-10-01T18:30:04.5108208Z dist/assets/client-C9stzVXG.js               397.22 kB │ gzip: 127.31 kB
2026-10-01T18:30:04.5108969Z dist/assets/AIDiagnosis-BQrjdgxA.js          429.30 kB │ gzip: 135.73 kB
2026-10-01T18:30:04.5109471Z dist/assets/echarts-C79zCWSK.js              612.21 kB │ gzip: 206.37 kB
2026-10-01T18:30:04.5109918Z [33m[plugin builtin:vite-reporter] 
2026-10-01T18:30:04.5110319Z (!) Some chunks are larger than 600 kB after minification. Consider:
2026-10-01T18:30:04.5110726Z - Using dynamic import() to code-split the application
2026-10-01T18:30:04.5111969Z - Use build.rolldownOptions.output.codeSplitting to improve chunking: https://rolldown.rs/reference/OutputOptions.codeSplitting
2026-10-01T18:30:04.5113087Z - Adjust chunk size limit for this warning via build.chunkSizeWarningLimit.[39m
2026-10-01T18:30:04.5113345Z 
2026-10-01T18:30:04.5113509Z [32m✓ built in 944ms[39m
2026-10-01T18:30:04.5503463Z ##[group]Run npx --yes playwright@1.55.0 install --with-deps chromium
2026-10-01T18:30:04.5504126Z [36;1mnpx --yes playwright@1.55.0 install --with-deps chromium[0m
2026-10-01T18:30:04.5566916Z shell: /usr/bin/bash -e {0}
2026-10-01T18:30:04.5567146Z ##[endgroup]
2026-10-01T18:30:07.3486225Z ╔═══════════════════════════════════════════════════════════════════════════════╗
2026-10-01T18:30:07.3487235Z ║ WARNING: It looks like you are running 'npx playwright install' without first ║
2026-10-01T18:30:07.3488176Z ║ installing your project's dependencies.                                       ║
2026-10-01T18:30:07.3489010Z ║                                                                               ║
2026-10-01T18:30:07.3489844Z ║ To avoid unexpected behavior, please install your dependencies first, and     ║
2026-10-01T18:30:07.3490752Z ║ then run Playwright's install command:                                        ║
2026-10-01T18:30:07.3491630Z ║                                                                               ║
2026-10-01T18:30:07.3492518Z ║     npm install                                                               ║
2026-10-01T18:30:07.3493292Z ║     npx playwright install                                                    ║
2026-10-01T18:30:07.3494016Z ║                                                                               ║
2026-10-01T18:30:07.3494761Z ║ If your project does not yet depend on Playwright, first install the          ║
2026-10-01T18:30:07.3495647Z ║ applicable npm package (most commonly @playwright/test), and                  ║
2026-10-01T18:30:07.3496538Z ║ then run Playwright's install command to download the browsers:               ║
2026-10-01T18:30:07.3497302Z ║                                                                               ║
2026-10-01T18:30:07.3497984Z ║     npm install @playwright/test                                              ║
2026-10-01T18:30:07.3498776Z ║     npx playwright install                                                    ║
2026-10-01T18:30:07.3499467Z ║                                                                               ║
2026-10-01T18:30:07.3500170Z ╚═══════════════════════════════════════════════════════════════════════════════╝
2026-10-01T18:30:07.3500713Z Installing dependencies...
2026-10-01T18:30:07.3595403Z Switching to root user to install dependencies...
2026-10-01T18:30:07.6414114Z Get:1 file:/etc/apt/apt-mirrors.txt Mirrorlist [144 B]
2026-10-01T18:30:07.6776487Z Hit:2 http://azure.archive.ubuntu.com/ubuntu jammy InRelease
2026-10-01T18:30:07.6777606Z Get:6 https://packages.microsoft.com/ubuntu/22.04/prod jammy InRelease [3632 B]
2026-10-01T18:30:07.6819294Z Get:3 http://azure.archive.ubuntu.com/ubuntu jammy-updates InRelease [128 kB]
2026-10-01T18:30:07.6861718Z Get:4 http://azure.archive.ubuntu.com/ubuntu jammy-backports InRelease [127 kB]
2026-10-01T18:30:07.6880866Z Get:5 http://azure.archive.ubuntu.com/ubuntu jammy-security InRelease [129 kB]
2026-10-01T18:30:07.8411283Z Get:7 https://packages.microsoft.com/ubuntu/22.04/prod jammy/main arm64 Packages [549 kB]
2026-10-01T18:30:07.8544184Z Get:8 https://packages.microsoft.com/ubuntu/22.04/prod jammy/main amd64 Packages [790 kB]
2026-10-01T18:30:07.9176296Z Get:9 http://azure.archive.ubuntu.com/ubuntu jammy-updates/main amd64 Packages [3900 kB]
2026-10-01T18:30:07.9433340Z Get:10 http://azure.archive.ubuntu.com/ubuntu jammy-updates/main Translation-en [575 kB]
2026-10-01T18:30:07.9473333Z Get:11 http://azure.archive.ubuntu.com/ubuntu jammy-updates/restricted amd64 Packages [6701 kB]
2026-10-01T18:30:07.9731306Z Get:12 http://azure.archive.ubuntu.com/ubuntu jammy-updates/restricted Translation-en [1287 kB]
2026-10-01T18:30:07.9794148Z Get:13 http://azure.archive.ubuntu.com/ubuntu jammy-updates/universe amd64 Packages [1285 kB]
2026-10-01T18:30:08.0644284Z Get:14 http://azure.archive.ubuntu.com/ubuntu jammy-updates/universe Translation-en [325 kB]
2026-10-01T18:30:08.0984774Z Get:15 http://azure.archive.ubuntu.com/ubuntu jammy-security/main amd64 Packages [3596 kB]
2026-10-01T18:30:08.2274267Z Get:16 http://azure.archive.ubuntu.com/ubuntu jammy-security/main Translation-en [504 kB]
2026-10-01T18:30:08.2655552Z Get:17 http://azure.archive.ubuntu.com/ubuntu jammy-security/restricted amd64 Packages [6410 kB]
2026-10-01T18:30:08.3139753Z Get:18 http://azure.archive.ubuntu.com/ubuntu jammy-security/restricted Translation-en [1232 kB]
2026-10-01T18:30:08.3838733Z Get:19 http://azure.archive.ubuntu.com/ubuntu jammy-security/universe amd64 Packages [1052 kB]
2026-10-01T18:30:08.3882544Z Get:20 http://azure.archive.ubuntu.com/ubuntu jammy-security/universe Translation-en [236 kB]
2026-10-01T18:30:17.6294735Z Fetched 28.8 MB in 3s (10.3 MB/s)
2026-10-01T18:30:18.7529693Z Reading package lists...
2026-10-01T18:30:18.8082835Z Reading package lists...
2026-10-01T18:30:19.0584382Z Building dependency tree...
2026-10-01T18:30:19.0593937Z Reading state information...
2026-10-01T18:30:19.2166561Z fonts-liberation is already the newest version (1:1.07.4-11).
2026-10-01T18:30:19.2167261Z fonts-liberation set to manually installed.
2026-10-01T18:30:19.2167910Z libatk-bridge2.0-0 is already the newest version (2.38.0-3).
2026-10-01T18:30:19.2168553Z libatk-bridge2.0-0 set to manually installed.
2026-10-01T18:30:19.2169181Z libatk1.0-0 is already the newest version (2.36.0-3build1).
2026-10-01T18:30:19.2169678Z libatk1.0-0 set to manually installed.
2026-10-01T18:30:19.2170180Z libatspi2.0-0 is already the newest version (2.44.0-3).
2026-10-01T18:30:19.2170656Z libatspi2.0-0 set to manually installed.
2026-10-01T18:30:19.2171150Z libfontconfig1 is already the newest version (2.13.1-4.2ubuntu5).
2026-10-01T18:30:19.2171631Z libfontconfig1 set to manually installed.
2026-10-01T18:30:19.2171982Z libxcb1 is already the newest version (1.14-3ubuntu3).
2026-10-01T18:30:19.2172490Z libxcb1 set to manually installed.
2026-10-01T18:30:19.2172831Z libxcomposite1 is already the newest version (1:0.4.5-1build2).
2026-10-01T18:30:19.2173170Z libxcomposite1 set to manually installed.
2026-10-01T18:30:19.2173501Z libxdamage1 is already the newest version (1:1.1.5-2build2).
2026-10-01T18:30:19.2173808Z libxdamage1 set to manually installed.
2026-10-01T18:30:19.2174130Z libxext6 is already the newest version (2:1.3.4-1build1).
2026-10-01T18:30:19.2174455Z libxext6 set to manually installed.
2026-10-01T18:30:19.2174757Z libxfixes3 is already the newest version (1:6.0.0-1).
2026-10-01T18:30:19.2175048Z libxfixes3 set to manually installed.
2026-10-01T18:30:19.2175366Z libxkbcommon0 is already the newest version (1.4.0-1).
2026-10-01T18:30:19.2175668Z libxkbcommon0 set to manually installed.
2026-10-01T18:30:19.2175995Z libxrandr2 is already the newest version (2:1.5.2-1build1).
2026-10-01T18:30:19.2176315Z libxrandr2 set to manually installed.
2026-10-01T18:30:19.2176711Z fonts-noto-color-emoji is already the newest version (2.047-0ubuntu0.22.04.1).
2026-10-01T18:30:19.2177154Z libasound2 is already the newest version (1.2.6.1-1ubuntu1.2).
2026-10-01T18:30:19.2177481Z libasound2 set to manually installed.
2026-10-01T18:30:19.2177808Z libcairo2 is already the newest version (1.16.0-5ubuntu2.1).
2026-10-01T18:30:19.2178124Z libcairo2 set to manually installed.
2026-10-01T18:30:19.2178458Z libcups2 is already the newest version (2.4.1op1-1ubuntu4.21).
2026-10-01T18:30:19.2178769Z libcups2 set to manually installed.
2026-10-01T18:30:19.2179095Z libdbus-1-3 is already the newest version (1.12.20-2ubuntu4.1).
2026-10-01T18:30:19.2179414Z libdbus-1-3 set to manually installed.
2026-10-01T18:30:19.2179763Z libdrm2 is already the newest version (2.4.113-2~ubuntu0.22.04.1).
2026-10-01T18:30:19.2180075Z libdrm2 set to manually installed.
2026-10-01T18:30:19.2180747Z libfreetype6 is already the newest version (2.11.1+dfsg-1ubuntu0.3).
2026-10-01T18:30:19.2181086Z libfreetype6 set to manually installed.
2026-10-01T18:30:19.2181422Z libgbm1 is already the newest version (23.2.1-1ubuntu3.1~22.04.4).
2026-10-01T18:30:19.2181744Z libgbm1 set to manually installed.
2026-10-01T18:30:19.2182426Z libglib2.0-0 is already the newest version (2.72.4-0ubuntu2.10).
2026-10-01T18:30:19.2182772Z libglib2.0-0 set to manually installed.
2026-10-01T18:30:19.2183116Z libnspr4 is already the newest version (2:4.35-0ubuntu0.22.04.1).
2026-10-01T18:30:19.2183506Z libnss3 is already the newest version (2:3.98-0ubuntu0.22.04.4).
2026-10-01T18:30:19.2183893Z libpango-1.0-0 is already the newest version (1.50.6+ds-2ubuntu1).
2026-10-01T18:30:19.2184219Z libpango-1.0-0 set to manually installed.
2026-10-01T18:30:19.2184592Z libwayland-client0 is already the newest version (1.20.0-1ubuntu0.1).
2026-10-01T18:30:19.2184951Z libwayland-client0 set to manually installed.
2026-10-01T18:30:19.2185297Z libx11-6 is already the newest version (2:1.7.5-1ubuntu0.3).
2026-10-01T18:30:19.2185611Z libx11-6 set to manually installed.
2026-10-01T18:30:19.2185951Z xvfb is already the newest version (2:21.1.4-2ubuntu1.7~22.04.16).
2026-10-01T18:30:19.2186313Z The following additional packages will be installed:
2026-10-01T18:30:19.2186618Z   xfonts-encodings xfonts-utils
2026-10-01T18:30:19.2186847Z Recommended packages:
2026-10-01T18:30:19.2187086Z   fonts-ipafont-mincho fonts-tlwg-loma
2026-10-01T18:30:19.2491246Z The following NEW packages will be installed:
2026-10-01T18:30:19.2491952Z   fonts-freefont-ttf fonts-ipafont-gothic fonts-tlwg-loma-otf fonts-unifont
2026-10-01T18:30:19.2498999Z   fonts-wqy-zenhei xfonts-cyrillic xfonts-encodings xfonts-scalable
2026-10-01T18:30:19.2499502Z   xfonts-utils
2026-10-01T18:30:19.2669841Z 0 upgraded, 9 newly installed, 0 to remove and 20 not upgraded.
2026-10-01T18:30:19.2670421Z Need to get 18.4 MB of archives.
2026-10-01T18:30:19.2671035Z After this operation, 56.8 MB of additional disk space will be used.
2026-10-01T18:30:19.2671488Z Get:1 file:/etc/apt/apt-mirrors.txt Mirrorlist [144 B]
2026-10-01T18:30:20.4703941Z Get:2 http://azure.archive.ubuntu.com/ubuntu jammy/universe amd64 fonts-ipafont-gothic all 00303-21ubuntu1 [3513 kB]
2026-10-01T18:30:58.7791454Z Get:3 http://azure.archive.ubuntu.com/ubuntu jammy/main amd64 fonts-freefont-ttf all 20120503-10build1 [2388 kB]
2026-10-01T18:31:26.8567067Z Get:4 http://azure.archive.ubuntu.com/ubuntu jammy/universe amd64 fonts-tlwg-loma-otf all 1:0.7.3-1 [107 kB]
2026-10-01T18:31:28.7029745Z Get:5 http://azure.archive.ubuntu.com/ubuntu jammy/universe amd64 fonts-unifont all 1:14.0.01-1 [3551 kB]
2026-10-01T18:32:08.5717747Z Get:6 http://azure.archive.ubuntu.com/ubuntu jammy/universe amd64 fonts-wqy-zenhei all 0.9.45-8 [7472 kB]
2026-10-01T18:33:31.5574873Z Get:7 http://azure.archive.ubuntu.com/ubuntu jammy/main amd64 xfonts-encodings all 1:1.0.5-0ubuntu2 [578 kB]
2026-10-01T18:33:38.6527736Z Get:8 http://azure.archive.ubuntu.com/ubuntu jammy/main amd64 xfonts-utils amd64 1:7.7+6build2 [94.6 kB]
2026-10-01T18:33:40.4919060Z Get:9 http://azure.archive.ubuntu.com/ubuntu jammy/universe amd64 xfonts-cyrillic all 1:1.0.5 [386 kB]
2026-10-01T18:33:45.6898738Z Get:10 http://azure.archive.ubuntu.com/ubuntu jammy/main amd64 xfonts-scalable all 1:1.0.3-1.2ubuntu1 [306 kB]
2026-10-01T18:33:49.4538888Z Fetched 18.4 MB in 3min 30s (87.6 kB/s)
2026-10-01T18:33:49.4927463Z Selecting previously unselected package fonts-ipafont-gothic.
2026-10-01T18:33:49.5201439Z (Reading database ... 
2026-10-01T18:33:49.5201720Z (Reading database ... 5%
2026-10-01T18:33:49.5201944Z (Reading database ... 10%
2026-10-01T18:33:49.5202423Z (Reading database ... 15%
2026-10-01T18:33:49.5202876Z (Reading database ... 20%
2026-10-01T18:33:49.5203178Z (Reading database ... 25%
2026-10-01T18:33:49.5203458Z (Reading database ... 30%
2026-10-01T18:33:49.5203760Z (Reading database ... 35%
2026-10-01T18:33:49.5204107Z (Reading database ... 40%
2026-10-01T18:33:49.5204736Z (Reading database ... 45%
2026-10-01T18:33:49.5205057Z (Reading database ... 50%
2026-10-01T18:33:49.6683578Z (Reading database ... 55%
2026-10-01T18:33:49.8758539Z (Reading database ... 60%
2026-10-01T18:33:50.1260776Z (Reading database ... 65%
2026-10-01T18:33:50.3945147Z (Reading database ... 70%
2026-10-01T18:33:50.5830435Z (Reading database ... 75%
2026-10-01T18:33:50.8185799Z (Reading database ... 80%
2026-10-01T18:33:51.0629142Z (Reading database ... 85%
2026-10-01T18:33:51.3732822Z (Reading database ... 90%
2026-10-01T18:33:51.6368881Z (Reading database ... 95%
2026-10-01T18:33:51.6369289Z (Reading database ... 100%
2026-10-01T18:33:51.6369834Z (Reading database ... 260411 files and directories currently installed.)
2026-10-01T18:33:51.6433702Z Preparing to unpack .../0-fonts-ipafont-gothic_00303-21ubuntu1_all.deb ...
2026-10-01T18:33:51.6582554Z Unpacking fonts-ipafont-gothic (00303-21ubuntu1) ...
2026-10-01T18:33:51.9097166Z Selecting previously unselected package fonts-freefont-ttf.
2026-10-01T18:33:51.9286226Z Preparing to unpack .../1-fonts-freefont-ttf_20120503-10build1_all.deb ...
2026-10-01T18:33:51.9293306Z Unpacking fonts-freefont-ttf (20120503-10build1) ...
2026-10-01T18:33:52.1021302Z Selecting previously unselected package fonts-tlwg-loma-otf.
2026-10-01T18:33:52.1212720Z Preparing to unpack .../2-fonts-tlwg-loma-otf_1%3a0.7.3-1_all.deb ...
2026-10-01T18:33:52.1218413Z Unpacking fonts-tlwg-loma-otf (1:0.7.3-1) ...
2026-10-01T18:33:52.1431078Z Selecting previously unselected package fonts-unifont.
2026-10-01T18:33:52.1623052Z Preparing to unpack .../3-fonts-unifont_1%3a14.0.01-1_all.deb ...
2026-10-01T18:33:52.1629342Z Unpacking fonts-unifont (1:14.0.01-1) ...
2026-10-01T18:33:52.3131607Z Selecting previously unselected package fonts-wqy-zenhei.
2026-10-01T18:33:52.3327852Z Preparing to unpack .../4-fonts-wqy-zenhei_0.9.45-8_all.deb ...
2026-10-01T18:33:52.3980727Z Unpacking fonts-wqy-zenhei (0.9.45-8) ...
2026-10-01T18:33:52.9120511Z Selecting previously unselected package xfonts-encodings.
2026-10-01T18:33:52.9308406Z Preparing to unpack .../5-xfonts-encodings_1%3a1.0.5-0ubuntu2_all.deb ...
2026-10-01T18:33:52.9315535Z Unpacking xfonts-encodings (1:1.0.5-0ubuntu2) ...
2026-10-01T18:33:52.9682999Z Selecting previously unselected package xfonts-utils.
2026-10-01T18:33:52.9875288Z Preparing to unpack .../6-xfonts-utils_1%3a7.7+6build2_amd64.deb ...
2026-10-01T18:33:52.9880987Z Unpacking xfonts-utils (1:7.7+6build2) ...
2026-10-01T18:33:53.0580614Z Selecting previously unselected package xfonts-cyrillic.
2026-10-01T18:33:53.0767970Z Preparing to unpack .../7-xfonts-cyrillic_1%3a1.0.5_all.deb ...
2026-10-01T18:33:53.0774044Z Unpacking xfonts-cyrillic (1:1.0.5) ...
2026-10-01T18:33:53.1247163Z Selecting previously unselected package xfonts-scalable.
2026-10-01T18:33:53.1439327Z Preparing to unpack .../8-xfonts-scalable_1%3a1.0.3-1.2ubuntu1_all.deb ...
2026-10-01T18:33:53.1445798Z Unpacking xfonts-scalable (1:1.0.3-1.2ubuntu1) ...
2026-10-01T18:33:53.1997117Z Setting up fonts-wqy-zenhei (0.9.45-8) ...
2026-10-01T18:33:53.2101119Z Setting up fonts-freefont-ttf (20120503-10build1) ...
2026-10-01T18:33:53.2114593Z Setting up fonts-tlwg-loma-otf (1:0.7.3-1) ...
2026-10-01T18:33:53.2129430Z Setting up xfonts-encodings (1:1.0.5-0ubuntu2) ...
2026-10-01T18:33:53.2144086Z Setting up fonts-ipafont-gothic (00303-21ubuntu1) ...
2026-10-01T18:33:53.2266871Z update-alternatives: using /usr/share/fonts/opentype/ipafont-gothic/ipag.ttf to provide /usr/share/fonts/truetype/fonts-japanese-gothic.ttf (fonts-japanese-gothic.ttf) in auto mode
2026-10-01T18:33:53.2283105Z Setting up fonts-unifont (1:14.0.01-1) ...
2026-10-01T18:33:53.2298911Z Setting up xfonts-utils (1:7.7+6build2) ...
2026-10-01T18:33:53.2334294Z Setting up xfonts-cyrillic (1:1.0.5) ...
2026-10-01T18:33:53.2604357Z Setting up xfonts-scalable (1:1.0.3-1.2ubuntu1) ...
2026-10-01T18:33:53.2858588Z Processing triggers for man-db (2.10.2-1) ...
2026-10-01T18:33:53.2875674Z Not building database; man-db/auto-update is not 'true'.
2026-10-01T18:33:53.2887247Z Processing triggers for fontconfig (2.13.1-4.2ubuntu5) ...
2026-10-01T18:33:53.9096310Z 
2026-10-01T18:33:53.9097055Z Running kernel seems to be up-to-date.
2026-10-01T18:33:53.9097356Z 
2026-10-01T18:33:53.9097492Z No services need to be restarted.
2026-10-01T18:33:53.9097657Z 
2026-10-01T18:33:53.9102921Z No containers need to be restarted.
2026-10-01T18:33:53.9103675Z 
2026-10-01T18:33:53.9103849Z No user sessions are running outdated binaries.
2026-10-01T18:33:53.9104019Z 
2026-10-01T18:33:53.9104271Z No VM guests are running outdated hypervisor (qemu) binaries on this host.
2026-10-01T18:33:55.7105815Z Downloading Chromium 140.0.7339.16 (playwright build v1187) from https://cdn.playwright.dev/dbazure/download/playwright/builds/chromium/1187/chromium-linux.zip
2026-10-01T18:33:55.8493619Z |                                                                                |   0% of 173.7 MiB
2026-10-01T18:33:56.1579886Z |■■■■■■■■                                                                        |  10% of 173.7 MiB
2026-10-01T18:33:56.3081727Z |■■■■■■■■■■■■■■■■                                                                |  20% of 173.7 MiB
2026-10-01T18:33:56.8185853Z |■■■■■■■■■■■■■■■■■■■■■■■■                                                        |  30% of 173.7 MiB
2026-10-01T18:33:57.0567482Z |■■■■■■■■■■■■■■■■■■■■■■■■■■■■■■■■                                                |  40% of 173.7 MiB
2026-10-01T18:33:57.5624308Z |■■■■■■■■■■■■■■■■■■■■■■■■■■■■■■■■■■■■■■■■                                        |  50% of 173.7 MiB
2026-10-01T18:33:57.7603152Z |■■■■■■■■■■■■■■■■■■■■■■■■■■■■■■■■■■■■■■■■■■■■■■■■                                |  60% of 173.7 MiB
2026-10-01T18:33:57.9453273Z |■■■■■■■■■■■■■■■■■■■■■■■■■■■■■■■■■■■■■■■■■■■■■■■■■■■■■■■■                        |  70% of 173.7 MiB
2026-10-01T18:33:58.0835645Z |■■■■■■■■■■■■■■■■■■■■■■■■■■■■■■■■■■■■■■■■■■■■■■■■■■■■■■■■■■■■■■■■                |  80% of 173.7 MiB
2026-10-01T18:33:58.2159485Z |■■■■■■■■■■■■■■■■■■■■■■■■■■■■■■■■■■■■■■■■■■■■■■■■■■■■■■■■■■■■■■■■■■■■■■■■        |  90% of 173.7 MiB
2026-10-01T18:33:58.5386954Z |■■■■■■■■■■■■■■■■■■■■■■■■■■■■■■■■■■■■■■■■■■■■■■■■■■■■■■■■■■■■■■■■■■■■■■■■■■■■■■■■| 100% of 173.7 MiB
2026-10-01T18:34:01.1130943Z Chromium 140.0.7339.16 (playwright build v1187) downloaded to /home/runner/.cache/ms-playwright/chromium-1187
2026-10-01T18:34:01.1133432Z Downloading FFMPEG playwright build v1011 from https://cdn.playwright.dev/dbazure/download/playwright/builds/ffmpeg/1011/ffmpeg-linux.zip
2026-10-01T18:34:01.3154941Z |                                                                                |   0% of 2.3 MiB
2026-10-01T18:34:01.3405976Z |■■■■■■■■                                                                        |  10% of 2.3 MiB
2026-10-01T18:34:01.3762055Z |■■■■■■■■■■■■■■■■                                                                |  20% of 2.3 MiB
2026-10-01T18:34:01.4362323Z |■■■■■■■■■■■■■■■■■■■■■■■■                                                        |  30% of 2.3 MiB
2026-10-01T18:34:01.4402051Z |■■■■■■■■■■■■■■■■■■■■■■■■■■■■■■■■                                                |  40% of 2.3 MiB
2026-10-01T18:34:01.4435868Z |■■■■■■■■■■■■■■■■■■■■■■■■■■■■■■■■■■■■■■■■                                        |  50% of 2.3 MiB
2026-10-01T18:34:01.4453168Z |■■■■■■■■■■■■■■■■■■■■■■■■■■■■■■■■■■■■■■■■■■■■■■■■                                |  60% of 2.3 MiB
2026-10-01T18:34:01.4466404Z |■■■■■■■■■■■■■■■■■■■■■■■■■■■■■■■■■■■■■■■■■■■■■■■■■■■■■■■■                        |  70% of 2.3 MiB
2026-10-01T18:34:01.4507579Z |■■■■■■■■■■■■■■■■■■■■■■■■■■■■■■■■■■■■■■■■■■■■■■■■■■■■■■■■■■■■■■■■                |  80% of 2.3 MiB
2026-10-01T18:34:01.4619011Z |■■■■■■■■■■■■■■■■■■■■■■■■■■■■■■■■■■■■■■■■■■■■■■■■■■■■■■■■■■■■■■■■■■■■■■■■        |  90% of 2.3 MiB
2026-10-01T18:34:01.4761278Z |■■■■■■■■■■■■■■■■■■■■■■■■■■■■■■■■■■■■■■■■■■■■■■■■■■■■■■■■■■■■■■■■■■■■■■■■■■■■■■■■| 100% of 2.3 MiB
2026-10-01T18:34:01.5180018Z FFMPEG playwright build v1011 downloaded to /home/runner/.cache/ms-playwright/ffmpeg-1011
2026-10-01T18:34:01.5181710Z Downloading Chromium Headless Shell 140.0.7339.16 (playwright build v1187) from https://cdn.playwright.dev/dbazure/download/playwright/builds/chromium/1187/chromium-headless-shell-linux.zip
2026-10-01T18:34:01.6273934Z |                                                                                |   0% of 104.3 MiB
2026-10-01T18:34:01.6874401Z |■■■■■■■■                                                                        |  10% of 104.3 MiB
2026-10-01T18:34:01.7320711Z |■■■■■■■■■■■■■■■■                                                                |  20% of 104.3 MiB
2026-10-01T18:34:01.7666278Z |■■■■■■■■■■■■■■■■■■■■■■■■                                                        |  30% of 104.3 MiB
2026-10-01T18:34:01.8209836Z |■■■■■■■■■■■■■■■■■■■■■■■■■■■■■■■■                                                |  40% of 104.3 MiB
2026-10-01T18:34:01.8487812Z |■■■■■■■■■■■■■■■■■■■■■■■■■■■■■■■■■■■■■■■■                                        |  50% of 104.3 MiB
2026-10-01T18:34:01.8773237Z |■■■■■■■■■■■■■■■■■■■■■■■■■■■■■■■■■■■■■■■■■■■■■■■■                                |  60% of 104.3 MiB
2026-10-01T18:34:01.9055634Z |■■■■■■■■■■■■■■■■■■■■■■■■■■■■■■■■■■■■■■■■■■■■■■■■■■■■■■■■                        |  70% of 104.3 MiB
2026-10-01T18:34:01.9413367Z |■■■■■■■■■■■■■■■■■■■■■■■■■■■■■■■■■■■■■■■■■■■■■■■■■■■■■■■■■■■■■■■■                |  80% of 104.3 MiB
2026-10-01T18:34:01.9707637Z |■■■■■■■■■■■■■■■■■■■■■■■■■■■■■■■■■■■■■■■■■■■■■■■■■■■■■■■■■■■■■■■■■■■■■■■■        |  90% of 104.3 MiB
2026-10-01T18:34:02.0504688Z |■■■■■■■■■■■■■■■■■■■■■■■■■■■■■■■■■■■■■■■■■■■■■■■■■■■■■■■■■■■■■■■■■■■■■■■■■■■■■■■■| 100% of 104.3 MiB
2026-10-01T18:34:03.4400815Z Chromium Headless Shell 140.0.7339.16 (playwright build v1187) downloaded to /home/runner/.cache/ms-playwright/chromium_headless_shell-1187
2026-10-01T18:34:03.5274724Z ##[group]Run node scripts/verify_frontend_workbench.mjs --output output/web-browser
2026-10-01T18:34:03.5275504Z [36;1mnode scripts/verify_frontend_workbench.mjs --output output/web-browser[0m
2026-10-01T18:34:03.5358113Z shell: /usr/bin/bash -e {0}
2026-10-01T18:34:03.5358840Z ##[endgroup]
2026-10-01T18:34:14.2632570Z {"passed":true,"checks":["primary entry visible; example fills and focuses the visible composer","mobile no page overflow","check result visible in first viewport; persisted finding retained (top=505px)","active diagnosis fits narrow laptop and mobile","default workbench view renders the real parent-child tree","fullscreen tree canvas fills viewport (height=620px)","failed refresh retains report; retry clears warning"],"output":"/home/runner/work/mini-drop/mini-drop/output/web-browser"}
2026-10-01T18:34:14.3076620Z ##[group]Run actions/upload-artifact@v4
2026-10-01T18:34:14.3076966Z with:
2026-10-01T18:34:14.3077296Z   name: web-browser-06226c703a14dba5999bcc3115633a8be95b2c25-1
2026-10-01T18:34:14.3077743Z   path: output/web-browser/
2026-10-01T18:34:14.3078045Z   if-no-files-found: error
2026-10-01T18:34:14.3078332Z   retention-days: 14
2026-10-01T18:34:14.3078606Z   compression-level: 6
2026-10-01T18:34:14.3078870Z   overwrite: false
2026-10-01T18:34:14.3079156Z   include-hidden-files: false
2026-10-01T18:34:14.3079498Z ##[endgroup]
2026-10-01T18:34:14.4602483Z (node:3015) [DEP0040] DeprecationWarning: The `punycode` module is deprecated. Please use a userland alternative instead.
2026-10-01T18:34:14.4603554Z (Use `node --trace-deprecation ...` to show where the warning was created)
2026-10-01T18:34:14.4664562Z With the provided path, there will be 9 files uploaded
2026-10-01T18:34:14.4669077Z Artifact name is valid!
2026-10-01T18:34:14.4669643Z Root directory input is valid!
2026-10-01T18:34:14.6759347Z Beginning upload of artifact content to blob storage
2026-10-01T18:34:14.7245326Z (node:3015) [DEP0169] DeprecationWarning: `url.parse()` behavior is not standardized and prone to errors that have security implications. Use the WHATWG URL API instead. CVEs are not issued for `url.parse()` vulnerabilities.
2026-10-01T18:34:14.7729102Z Uploaded bytes 872739
2026-10-01T18:34:14.7857942Z Finished uploading artifact content to blob storage!
2026-10-01T18:34:14.7858601Z SHA256 digest of uploaded artifact zip is 7dfbf312aeb67a277f8e67537169b9b9d7f70d4371d40772bebd5b66581eac4b
2026-10-01T18:34:14.7859726Z Finalizing artifact upload
2026-10-01T18:34:14.9849945Z Artifact web-browser-06226c703a14dba5999bcc3115633a8be95b2c25-1.zip successfully finalized. Artifact ID 11185386604
2026-10-01T18:34:14.9851419Z Artifact web-browser-06226c703a14dba5999bcc3115633a8be95b2c25-1 has been successfully uploaded! Final size is 872739 bytes. Artifact ID is 11185386604
2026-10-01T18:34:14.9863546Z Artifact download URL: https://github.com/llongwang751-arch/mini-drop/actions/runs/36907241773/artifacts/11185386604
2026-10-01T18:34:15.0016243Z Post job cleanup.
2026-10-01T18:34:15.1144855Z (node:3029) [DEP0040] DeprecationWarning: The `punycode` module is deprecated. Please use a userland alternative instead.
2026-10-01T18:34:15.1145892Z (Use `node --trace-deprecation ...` to show where the warning was created)
2026-10-01T18:34:15.1147490Z Cache hit occurred on the primary key node-cache-Linux-x64-npm-a79428a48f53c819bdf3224c6f533bf526ae1b21f28f4ee918b0bcba5121d960, not saving cache.
2026-10-01T18:34:15.1281979Z Post job cleanup.
2026-10-01T18:34:15.2039852Z [command]/usr/bin/git version
2026-10-01T18:34:15.2078161Z git version 2.55.0
2026-10-01T18:34:15.2108516Z Temporarily overriding HOME='/home/runner/work/_temp/3f566949-ea68-4dff-8bd6-e50b4052490c' before making global git config changes
2026-10-01T18:34:15.2109691Z Adding repository directory to the temporary git global config as a safe directory
2026-10-01T18:34:15.2113120Z [command]/usr/bin/git config --global --add safe.directory /home/runner/work/mini-drop/mini-drop
2026-10-01T18:34:15.2151656Z [command]/usr/bin/git config --local --name-only --get-regexp core\.sshCommand
2026-10-01T18:34:15.2185836Z [command]/usr/bin/git submodule foreach --recursive sh -c "git config --local --name-only --get-regexp 'core\.sshCommand' && git config --local --unset-all 'core.sshCommand' || :"
2026-10-01T18:34:15.2440459Z [command]/usr/bin/git config --local --name-only --get-regexp http\.https\:\/\/github\.com\/\.extraheader
2026-10-01T18:34:15.2468997Z http.https://github.com/.extraheader
2026-10-01T18:34:15.2478295Z [command]/usr/bin/git config --local --unset-all http.https://github.com/.extraheader
2026-10-01T18:34:15.2513634Z [command]/usr/bin/git submodule foreach --recursive sh -c "git config --local --name-only --get-regexp 'http\.https\:\/\/github\.com\/\.extraheader' && git config --local --unset-all 'http.https://github.com/.extraheader' || :"
2026-10-01T18:34:15.2768548Z [command]/usr/bin/git config --local --name-only --get-regexp ^includeIf\.gitdir:
2026-10-01T18:34:15.2802058Z [command]/usr/bin/git submodule foreach --recursive git config --local --show-origin --name-only --get-regexp remote.origin.url
2026-10-01T18:34:15.3183255Z Cleaning up orphan processes
2026-10-01T18:34:15.3462994Z ##[warning]Node.js 20 is deprecated. The following actions target Node.js 20 but are being forced to run on Node.js 24: actions/checkout@v4, actions/setup-node@v4, actions/upload-artifact@v4. For more information see: https://github.blog/changelog/2025-09-19-deprecation-of-node-20-on-github-actions-runners/
