2026-10-01T18:29:45.9508295Z Current runner version: '2.337.0'
2026-10-01T18:29:45.9530186Z ##[group]Runner Image Provisioner
2026-10-01T18:29:45.9530968Z Hosted Compute Agent
2026-10-01T18:29:45.9531478Z Version: 20260901.588
2026-10-01T18:29:45.9531995Z Commit: f88ec8081b781fac6c440065ac7ff9e710ce3d0b
2026-10-01T18:29:45.9532692Z Build Date: 2026-09-01T19:56:44Z
2026-10-01T18:29:45.9533283Z Worker ID: {363b7862-5736-439e-8411-3dd552a6e2d3}
2026-10-01T18:29:45.9533912Z Azure Region: northcentralus
2026-10-01T18:29:45.9534669Z ##[endgroup]
2026-10-01T18:29:45.9536608Z ##[group]Operating System
2026-10-01T18:29:45.9537543Z Ubuntu
2026-10-01T18:29:45.9538158Z 22.04.5
2026-10-01T18:29:45.9538810Z LTS
2026-10-01T18:29:45.9539518Z ##[endgroup]
2026-10-01T18:29:45.9540177Z ##[group]Runner Image
2026-10-01T18:29:45.9540960Z Image: ubuntu-22.04
2026-10-01T18:29:45.9541643Z Version: 20260927.309.1
2026-10-01T18:29:45.9543237Z Included Software: https://github.com/actions/runner-images/blob/ubuntu22/20260927.309/images/ubuntu/Ubuntu2204-Readme.md
2026-10-01T18:29:45.9545264Z Image Release: https://github.com/actions/runner-images/releases/tag/ubuntu22%2F20260927.309
2026-10-01T18:29:45.9546174Z ##[endgroup]
2026-10-01T18:29:45.9547205Z ##[group]GITHUB_TOKEN Permissions
2026-10-01T18:29:45.9548880Z Contents: read
2026-10-01T18:29:45.9549370Z Metadata: read
2026-10-01T18:29:45.9549825Z Packages: read
2026-10-01T18:29:45.9550415Z ##[endgroup]
2026-10-01T18:29:45.9552144Z Secret source: Actions
2026-10-01T18:29:45.9553000Z Cache mode: write
2026-10-01T18:29:45.9553566Z Prepare workflow directory
2026-10-01T18:29:45.9885398Z Prepare all required actions
2026-10-01T18:29:45.9941530Z Getting action download info
2026-10-01T18:29:46.2456692Z Download action repository 'actions/checkout@v4' (SHA:11d5960a326750d5838078e36cf38b85af677262)
2026-10-01T18:29:46.7075298Z Download action repository 'actions/upload-artifact@v4' (SHA:ea165f8d65b6e75b540449e92b4886f43607fa02)
2026-10-01T18:29:47.8278261Z Complete job name: Native (C++ control, build only)
2026-10-01T18:29:47.8881165Z ##[group]Run actions/checkout@v4
2026-10-01T18:29:47.8881727Z with:
2026-10-01T18:29:47.8882033Z   repository: llongwang751-arch/mini-drop
2026-10-01T18:29:47.8884482Z   token: ***
2026-10-01T18:29:47.8884766Z   ssh-strict: true
2026-10-01T18:29:47.8885219Z   ssh-user: git
2026-10-01T18:29:47.8885513Z   persist-credentials: true
2026-10-01T18:29:47.8885819Z   clean: true
2026-10-01T18:29:47.8886114Z   sparse-checkout-cone-mode: true
2026-10-01T18:29:47.8886437Z   fetch-depth: 1
2026-10-01T18:29:47.8886719Z   fetch-tags: false
2026-10-01T18:29:47.8887015Z   show-progress: true
2026-10-01T18:29:47.8887305Z   lfs: false
2026-10-01T18:29:47.8887585Z   submodules: false
2026-10-01T18:29:47.8887878Z   set-safe-directory: true
2026-10-01T18:29:47.8888217Z   allow-unsafe-pr-checkout: false
2026-10-01T18:29:47.8888702Z ##[endgroup]
2026-10-01T18:29:47.9755806Z Syncing repository: llongwang751-arch/mini-drop
2026-10-01T18:29:47.9757665Z ##[group]Getting Git version info
2026-10-01T18:29:47.9758397Z Working directory is '/home/runner/work/mini-drop/mini-drop'
2026-10-01T18:29:47.9775113Z [command]/usr/bin/git version
2026-10-01T18:29:48.0482039Z git version 2.55.0
2026-10-01T18:29:48.0507324Z ##[endgroup]
2026-10-01T18:29:48.0514192Z Temporarily overriding HOME='/home/runner/work/_temp/823d7b66-fc65-4443-ad0f-310e0ce7802f' before making global git config changes
2026-10-01T18:29:48.0515365Z Adding repository directory to the temporary git global config as a safe directory
2026-10-01T18:29:48.0518430Z [command]/usr/bin/git config --global --add safe.directory /home/runner/work/mini-drop/mini-drop
2026-10-01T18:29:48.0725462Z Deleting the contents of '/home/runner/work/mini-drop/mini-drop'
2026-10-01T18:29:48.0729283Z ##[group]Initializing the repository
2026-10-01T18:29:48.0732431Z [command]/usr/bin/git init /home/runner/work/mini-drop/mini-drop
2026-10-01T18:29:48.0903414Z hint: Using 'master' as the name for the initial branch. This default branch name
2026-10-01T18:29:48.0904522Z hint: will change to "main" in Git 3.0. To configure the initial branch name
2026-10-01T18:29:48.0911095Z hint: to use in all of your new repositories, which will suppress this warning,
2026-10-01T18:29:48.0911780Z hint: call:
2026-10-01T18:29:48.0912071Z hint:
2026-10-01T18:29:48.0912445Z hint: 	git config --global init.defaultBranch <name>
2026-10-01T18:29:48.0912829Z hint:
2026-10-01T18:29:48.0913204Z hint: Names commonly chosen instead of 'master' are 'main', 'trunk' and
2026-10-01T18:29:48.0913753Z hint: 'development'. The just-created branch can be renamed via this command:
2026-10-01T18:29:48.0914196Z hint:
2026-10-01T18:29:48.0914490Z hint: 	git branch -m <name>
2026-10-01T18:29:48.0914973Z hint:
2026-10-01T18:29:48.0915615Z hint: Disable this message with "git config set advice.defaultBranchName false"
2026-10-01T18:29:48.0916588Z Initialized empty Git repository in /home/runner/work/mini-drop/mini-drop/.git/
2026-10-01T18:29:48.0918299Z [command]/usr/bin/git remote add origin https://github.com/llongwang751-arch/mini-drop
2026-10-01T18:29:48.1026959Z ##[endgroup]
2026-10-01T18:29:48.1027758Z ##[group]Disabling automatic garbage collection
2026-10-01T18:29:48.1028247Z [command]/usr/bin/git config --local gc.auto 0
2026-10-01T18:29:48.1164364Z ##[endgroup]
2026-10-01T18:29:48.1165324Z ##[group]Setting up auth
2026-10-01T18:29:48.1170327Z [command]/usr/bin/git config --local --name-only --get-regexp core\.sshCommand
2026-10-01T18:29:48.1207110Z [command]/usr/bin/git submodule foreach --recursive sh -c "git config --local --name-only --get-regexp 'core\.sshCommand' && git config --local --unset-all 'core.sshCommand' || :"
2026-10-01T18:29:48.1488458Z [command]/usr/bin/git config --local --name-only --get-regexp http\.https\:\/\/github\.com\/\.extraheader
2026-10-01T18:29:48.1521684Z [command]/usr/bin/git submodule foreach --recursive sh -c "git config --local --name-only --get-regexp 'http\.https\:\/\/github\.com\/\.extraheader' && git config --local --unset-all 'http.https://github.com/.extraheader' || :"
2026-10-01T18:29:48.1741239Z [command]/usr/bin/git config --local --name-only --get-regexp ^includeIf\.gitdir:
2026-10-01T18:29:48.1774243Z [command]/usr/bin/git submodule foreach --recursive git config --local --show-origin --name-only --get-regexp remote.origin.url
2026-10-01T18:29:48.1995825Z [command]/usr/bin/git config --local http.https://github.com/.extraheader AUTHORIZATION: basic ***
2026-10-01T18:29:48.2106706Z ##[endgroup]
2026-10-01T18:29:48.2113256Z ##[group]Fetching the repository
2026-10-01T18:29:48.2114066Z [command]/usr/bin/git -c protocol.version=2 fetch --no-tags --prune --no-recurse-submodules --depth=1 origin +06226c703a14dba5999bcc3115633a8be95b2c25:refs/remotes/pull/1/merge
2026-10-01T18:29:56.1304205Z From https://github.com/llongwang751-arch/mini-drop
2026-10-01T18:29:56.1304684Z  * [new ref]         06226c703a14dba5999bcc3115633a8be95b2c25 -> pull/1/merge
2026-10-01T18:29:56.1307752Z ##[endgroup]
2026-10-01T18:29:56.1308437Z ##[group]Determining the checkout info
2026-10-01T18:29:56.1310246Z ##[endgroup]
2026-10-01T18:29:56.1316296Z [command]/usr/bin/git sparse-checkout disable
2026-10-01T18:29:56.1358598Z [command]/usr/bin/git config --local --unset-all extensions.worktreeConfig
2026-10-01T18:29:56.1389571Z ##[group]Checking out the ref
2026-10-01T18:29:56.1393111Z [command]/usr/bin/git checkout --progress --force refs/remotes/pull/1/merge
2026-10-01T18:29:56.9865193Z Note: switching to 'refs/remotes/pull/1/merge'.
2026-10-01T18:29:56.9865611Z 
2026-10-01T18:29:56.9865874Z You are in 'detached HEAD' state. You can look around, make experimental
2026-10-01T18:29:56.9866502Z changes and commit them, and you can discard any commits you make in this
2026-10-01T18:29:56.9867120Z state without impacting any branches by switching back to a branch.
2026-10-01T18:29:56.9867582Z 
2026-10-01T18:29:56.9867885Z If you want to create a new branch to retain commits you create, you may
2026-10-01T18:29:56.9868463Z do so (now or later) by using -c with the switch command. Example:
2026-10-01T18:29:56.9868798Z 
2026-10-01T18:29:56.9869298Z   git switch -c <new-branch-name>
2026-10-01T18:29:56.9869549Z 
2026-10-01T18:29:56.9869707Z Or undo this operation with:
2026-10-01T18:29:56.9869937Z 
2026-10-01T18:29:56.9870060Z   git switch -
2026-10-01T18:29:56.9871269Z 
2026-10-01T18:29:56.9871575Z Turn off this advice by setting config variable advice.detachedHead to false
2026-10-01T18:29:56.9871999Z 
2026-10-01T18:29:56.9872466Z HEAD is now at 06226c7 Merge 35f21b82997349b2f8e8010ae834e27a25fafc8f into 609ea8a73f845b496b59b5cae181f515c5919850
2026-10-01T18:29:56.9976066Z ##[endgroup]
2026-10-01T18:29:57.0018104Z [command]/usr/bin/git log -1 --format=%H
2026-10-01T18:29:57.0047272Z 06226c703a14dba5999bcc3115633a8be95b2c25
2026-10-01T18:29:57.0238925Z ##[group]Run sudo apt-get update
2026-10-01T18:29:57.0239217Z [36;1msudo apt-get update[0m
2026-10-01T18:29:57.0239499Z [36;1msudo apt-get install -y --no-install-recommends \[0m
2026-10-01T18:29:57.0239879Z [36;1m  build-essential cmake libgrpc++-dev libprotobuf-dev libpqxx-dev \[0m
2026-10-01T18:29:57.0240317Z [36;1m  nlohmann-json3-dev pkg-config protobuf-compiler protobuf-compiler-grpc[0m
2026-10-01T18:29:57.0723493Z shell: /usr/bin/bash -e {0}
2026-10-01T18:29:57.0723730Z ##[endgroup]
2026-10-01T18:29:57.1624442Z Get:1 file:/etc/apt/apt-mirrors.txt Mirrorlist [144 B]
2026-10-01T18:29:57.1953549Z Hit:2 http://azure.archive.ubuntu.com/ubuntu jammy InRelease
2026-10-01T18:29:57.1954604Z Get:6 https://packages.microsoft.com/ubuntu/22.04/prod jammy InRelease [3632 B]
2026-10-01T18:29:57.1986227Z Get:3 http://azure.archive.ubuntu.com/ubuntu jammy-updates InRelease [128 kB]
2026-10-01T18:29:57.2038460Z Get:4 http://azure.archive.ubuntu.com/ubuntu jammy-backports InRelease [127 kB]
2026-10-01T18:29:57.2067632Z Get:5 http://azure.archive.ubuntu.com/ubuntu jammy-security InRelease [129 kB]
2026-10-01T18:29:57.3307309Z Get:7 https://packages.microsoft.com/ubuntu/22.04/prod jammy/main arm64 Packages [549 kB]
2026-10-01T18:29:57.3458034Z Get:8 https://packages.microsoft.com/ubuntu/22.04/prod jammy/main amd64 Packages [790 kB]
2026-10-01T18:29:57.4031805Z Get:9 http://azure.archive.ubuntu.com/ubuntu jammy-updates/main amd64 Packages [3899 kB]
2026-10-01T18:29:57.4207126Z Get:10 http://azure.archive.ubuntu.com/ubuntu jammy-updates/main Translation-en [575 kB]
2026-10-01T18:29:57.4242358Z Get:11 http://azure.archive.ubuntu.com/ubuntu jammy-updates/restricted amd64 Packages [6701 kB]
2026-10-01T18:29:57.4531936Z Get:12 http://azure.archive.ubuntu.com/ubuntu jammy-updates/restricted Translation-en [1287 kB]
2026-10-01T18:29:57.4616347Z Get:13 http://azure.archive.ubuntu.com/ubuntu jammy-updates/universe amd64 Packages [1285 kB]
2026-10-01T18:29:57.4665823Z Get:14 http://azure.archive.ubuntu.com/ubuntu jammy-updates/universe Translation-en [325 kB]
2026-10-01T18:29:57.5714232Z Get:15 http://azure.archive.ubuntu.com/ubuntu jammy-security/main amd64 Packages [3596 kB]
2026-10-01T18:29:57.5894191Z Get:16 http://azure.archive.ubuntu.com/ubuntu jammy-security/main Translation-en [504 kB]
2026-10-01T18:29:57.5931234Z Get:17 http://azure.archive.ubuntu.com/ubuntu jammy-security/restricted amd64 Packages [6410 kB]
2026-10-01T18:29:57.6248499Z Get:18 http://azure.archive.ubuntu.com/ubuntu jammy-security/restricted Translation-en [1232 kB]
2026-10-01T18:29:57.6759435Z Get:19 http://azure.archive.ubuntu.com/ubuntu jammy-security/universe amd64 Packages [1052 kB]
2026-10-01T18:29:57.6808382Z Get:20 http://azure.archive.ubuntu.com/ubuntu jammy-security/universe Translation-en [236 kB]
2026-10-01T18:30:07.1408597Z Fetched 28.8 MB in 3s (10.6 MB/s)
2026-10-01T18:30:08.1882377Z Reading package lists...
2026-10-01T18:30:08.2492071Z Reading package lists...
2026-10-01T18:30:08.4672051Z Building dependency tree...
2026-10-01T18:30:08.4681053Z Reading state information...
2026-10-01T18:30:08.6237665Z build-essential is already the newest version (12.9ubuntu3).
2026-10-01T18:30:08.6238195Z build-essential set to manually installed.
2026-10-01T18:30:08.6238628Z The following additional packages will be installed:
2026-10-01T18:30:08.6239655Z   cmake-data dh-elpa-helper libabsl20210324 libgrpc++1 libgrpc-dev libgrpc10
2026-10-01T18:30:08.6243910Z   libjsoncpp25 libpqxx-6.4 libprotobuf23 libprotoc23 librhash0
2026-10-01T18:30:08.6248371Z Suggested packages:
2026-10-01T18:30:08.6248714Z   cmake-doc ninja-build cmake-format libpqxx-doc protobuf-mode-el
2026-10-01T18:30:08.6457862Z The following packages will be REMOVED:
2026-10-01T18:30:08.6458898Z   pkgconf r-base-dev
2026-10-01T18:30:08.6485488Z The following NEW packages will be installed:
2026-10-01T18:30:08.6495568Z   cmake cmake-data dh-elpa-helper libabsl20210324 libgrpc++-dev libgrpc++1
2026-10-01T18:30:08.6496786Z   libgrpc-dev libgrpc10 libjsoncpp25 libpqxx-6.4 libpqxx-dev libprotobuf-dev
2026-10-01T18:30:08.6497434Z   libprotobuf23 libprotoc23 librhash0 nlohmann-json3-dev pkg-config
2026-10-01T18:30:08.6497967Z   protobuf-compiler protobuf-compiler-grpc
2026-10-01T18:30:08.6621515Z 0 upgraded, 19 newly installed, 2 to remove and 20 not upgraded.
2026-10-01T18:30:08.6622019Z Need to get 14.7 MB of archives.
2026-10-01T18:30:08.6622422Z After this operation, 81.5 MB of additional disk space will be used.
2026-10-01T18:30:08.6622751Z Get:1 file:/etc/apt/apt-mirrors.txt Mirrorlist [144 B]
2026-10-01T18:30:08.7073417Z Get:2 http://azure.archive.ubuntu.com/ubuntu jammy/main amd64 pkg-config amd64 0.29.2-1ubuntu3 [48.2 kB]
2026-10-01T18:30:08.7308808Z Get:3 http://azure.archive.ubuntu.com/ubuntu jammy/main amd64 libjsoncpp25 amd64 1.9.5-3 [80.0 kB]
2026-10-01T18:30:08.7549730Z Get:4 http://azure.archive.ubuntu.com/ubuntu jammy/main amd64 librhash0 amd64 1.4.2-1ubuntu1 [125 kB]
2026-10-01T18:30:08.7807596Z Get:5 http://azure.archive.ubuntu.com/ubuntu jammy/main amd64 dh-elpa-helper all 2.0.9ubuntu1 [7610 B]
2026-10-01T18:30:08.8025986Z Get:6 http://azure.archive.ubuntu.com/ubuntu jammy-updates/main amd64 cmake-data all 3.22.1-1ubuntu1.22.04.2 [1913 kB]
2026-10-01T18:30:08.8739032Z Get:7 http://azure.archive.ubuntu.com/ubuntu jammy-updates/main amd64 cmake amd64 3.22.1-1ubuntu1.22.04.2 [5010 kB]
2026-10-01T18:30:08.9802528Z Get:8 http://azure.archive.ubuntu.com/ubuntu jammy-updates/main amd64 libabsl20210324 amd64 0~20210324.2-2ubuntu0.3 [386 kB]
2026-10-01T18:30:09.0113180Z Get:9 http://azure.archive.ubuntu.com/ubuntu jammy/universe amd64 libgrpc10 amd64 1.30.2-3build6 [1470 kB]
2026-10-01T18:30:09.0643517Z Get:10 http://azure.archive.ubuntu.com/ubuntu jammy-updates/main amd64 libprotobuf23 amd64 3.12.4-1ubuntu7.22.04.6 [877 kB]
2026-10-01T18:30:09.1040406Z Get:11 http://azure.archive.ubuntu.com/ubuntu jammy/universe amd64 libgrpc++1 amd64 1.30.2-3build6 [402 kB]
2026-10-01T18:30:09.1406927Z Get:12 http://azure.archive.ubuntu.com/ubuntu jammy/universe amd64 libgrpc-dev amd64 1.30.2-3build6 [1066 kB]
2026-10-01T18:30:09.1934187Z Get:13 http://azure.archive.ubuntu.com/ubuntu jammy/universe amd64 libgrpc++-dev amd64 1.30.2-3build6 [564 kB]
2026-10-01T18:30:09.2369252Z Get:14 http://azure.archive.ubuntu.com/ubuntu jammy/universe amd64 libpqxx-6.4 amd64 6.4.5-2build1 [155 kB]
2026-10-01T18:30:09.2704215Z Get:15 http://azure.archive.ubuntu.com/ubuntu jammy/universe amd64 libpqxx-dev amd64 6.4.5-2build1 [243 kB]
2026-10-01T18:30:09.2978627Z Get:16 http://azure.archive.ubuntu.com/ubuntu jammy-updates/main amd64 libprotoc23 amd64 3.12.4-1ubuntu7.22.04.6 [662 kB]
2026-10-01T18:30:09.3288087Z Get:17 http://azure.archive.ubuntu.com/ubuntu jammy/universe amd64 nlohmann-json3-dev all 3.10.5-2 [167 kB]
2026-10-01T18:30:09.3555516Z Get:18 http://azure.archive.ubuntu.com/ubuntu jammy-updates/universe amd64 protobuf-compiler amd64 3.12.4-1ubuntu7.22.04.6 [29.2 kB]
2026-10-01T18:30:09.3831428Z Get:19 http://azure.archive.ubuntu.com/ubuntu jammy/universe amd64 protobuf-compiler-grpc amd64 1.30.2-3build6 [185 kB]
2026-10-01T18:30:09.4579122Z Get:20 http://azure.archive.ubuntu.com/ubuntu jammy-updates/main amd64 libprotobuf-dev amd64 3.12.4-1ubuntu7.22.04.6 [1347 kB]
2026-10-01T18:30:09.9444973Z Fetched 14.7 MB in 1s (18.0 MB/s)
2026-10-01T18:30:10.0051855Z (Reading database ... 
2026-10-01T18:30:10.0052101Z (Reading database ... 5%
2026-10-01T18:30:10.0052558Z (Reading database ... 10%
2026-10-01T18:30:10.0052748Z (Reading database ... 15%
2026-10-01T18:30:10.0052927Z (Reading database ... 20%
2026-10-01T18:30:10.0053108Z (Reading database ... 25%
2026-10-01T18:30:10.0053283Z (Reading database ... 30%
2026-10-01T18:30:10.0053480Z (Reading database ... 35%
2026-10-01T18:30:10.0053657Z (Reading database ... 40%
2026-10-01T18:30:10.0053829Z (Reading database ... 45%
2026-10-01T18:30:10.0054003Z (Reading database ... 50%
2026-10-01T18:30:10.0938561Z (Reading database ... 55%
2026-10-01T18:30:10.2590992Z (Reading database ... 60%
2026-10-01T18:30:10.4813033Z (Reading database ... 65%
2026-10-01T18:30:10.6947636Z (Reading database ... 70%
2026-10-01T18:30:10.8387744Z (Reading database ... 75%
2026-10-01T18:30:11.0127147Z (Reading database ... 80%
2026-10-01T18:30:11.2069125Z (Reading database ... 85%
2026-10-01T18:30:11.4460514Z (Reading database ... 90%
2026-10-01T18:30:11.6149215Z (Reading database ... 95%
2026-10-01T18:30:11.6149524Z (Reading database ... 100%
2026-10-01T18:30:11.6149816Z (Reading database ... 260410 files and directories currently installed.)
2026-10-01T18:30:11.6206010Z Removing r-base-dev (4.6.1-6.2204.0) ...
2026-10-01T18:30:12.4568080Z dpkg: pkgconf: dependency problems, but removing anyway as you requested:
2026-10-01T18:30:12.4568475Z  php8.1-dev depends on pkg-config; however:
2026-10-01T18:30:12.4568729Z   Package pkg-config is not installed.
2026-10-01T18:30:12.4569001Z   Package pkgconf which provides pkg-config is to be removed.
2026-10-01T18:30:12.4569279Z  mono-devel depends on pkg-config; however:
2026-10-01T18:30:12.4569518Z   Package pkg-config is not installed.
2026-10-01T18:30:12.4569811Z   Package pkgconf which provides pkg-config is to be removed.
2026-10-01T18:30:12.4570134Z  libmagickwand-6.q16-dev:amd64 depends on pkg-config; however:
2026-10-01T18:30:12.4570413Z   Package pkg-config is not installed.
2026-10-01T18:30:12.4570676Z   Package pkgconf which provides pkg-config is to be removed.
2026-10-01T18:30:12.4570997Z  libmagickcore-6.q16-dev:amd64 depends on pkg-config; however:
2026-10-01T18:30:12.4571278Z   Package pkg-config is not installed.
2026-10-01T18:30:12.4571540Z   Package pkgconf which provides pkg-config is to be removed.
2026-10-01T18:30:12.4571831Z  libglib2.0-dev:amd64 depends on pkg-config; however:
2026-10-01T18:30:12.4572076Z   Package pkg-config is not installed.
2026-10-01T18:30:12.4572324Z   Package pkgconf which provides pkg-config is to be removed.
2026-10-01T18:30:12.4572626Z  libfontconfig-dev:amd64 depends on pkg-config; however:
2026-10-01T18:30:12.4572879Z   Package pkg-config is not installed.
2026-10-01T18:30:12.4573132Z   Package pkgconf which provides pkg-config is to be removed.
2026-10-01T18:30:12.4573320Z 
2026-10-01T18:30:12.4631725Z Removing pkgconf (1.8.0-1) ...
2026-10-01T18:30:12.5170786Z Removing 'diversion of /usr/bin/pkg-config to /usr/bin/pkg-config.real by pkgconf'
2026-10-01T18:30:12.5279161Z Removing 'diversion of /usr/share/aclocal/pkg.m4 to /usr/share/aclocal/pkg.real.m4 by pkgconf'
2026-10-01T18:30:12.5386396Z Removing 'diversion of /usr/share/man/man1/pkg-config.1.gz to /usr/share/man/man1/pkg-config.real.1.gz by pkgconf'
2026-10-01T18:30:12.5495719Z Removing 'diversion of /usr/share/pkg-config-crosswrapper to /usr/share/pkg-config-crosswrapper.real by pkgconf'
2026-10-01T18:30:12.6038589Z Selecting previously unselected package pkg-config.
2026-10-01T18:30:12.6111995Z (Reading database ... 
2026-10-01T18:30:12.6112324Z (Reading database ... 5%
2026-10-01T18:30:12.6112628Z (Reading database ... 10%
2026-10-01T18:30:12.6112922Z (Reading database ... 15%
2026-10-01T18:30:12.6113209Z (Reading database ... 20%
2026-10-01T18:30:12.6113521Z (Reading database ... 25%
2026-10-01T18:30:12.6113803Z (Reading database ... 30%
2026-10-01T18:30:12.6114077Z (Reading database ... 35%
2026-10-01T18:30:12.6114351Z (Reading database ... 40%
2026-10-01T18:30:12.6114645Z (Reading database ... 45%
2026-10-01T18:30:12.6115066Z (Reading database ... 50%
2026-10-01T18:30:12.6141864Z (Reading database ... 55%
2026-10-01T18:30:12.6166137Z (Reading database ... 60%
2026-10-01T18:30:12.6186804Z (Reading database ... 65%
2026-10-01T18:30:12.6276167Z (Reading database ... 70%
2026-10-01T18:30:12.6308741Z (Reading database ... 75%
2026-10-01T18:30:12.6360875Z (Reading database ... 80%
2026-10-01T18:30:12.6643195Z (Reading database ... 85%
2026-10-01T18:30:12.6659712Z (Reading database ... 90%
2026-10-01T18:30:12.6925240Z (Reading database ... 95%
2026-10-01T18:30:12.6925559Z (Reading database ... 100%
2026-10-01T18:30:12.6925966Z (Reading database ... 260388 files and directories currently installed.)
2026-10-01T18:30:12.6974703Z Preparing to unpack .../00-pkg-config_0.29.2-1ubuntu3_amd64.deb ...
2026-10-01T18:30:12.6985306Z Unpacking pkg-config (0.29.2-1ubuntu3) ...
2026-10-01T18:30:12.7410736Z Selecting previously unselected package libjsoncpp25:amd64.
2026-10-01T18:30:12.7590639Z Preparing to unpack .../01-libjsoncpp25_1.9.5-3_amd64.deb ...
2026-10-01T18:30:12.7606490Z Unpacking libjsoncpp25:amd64 (1.9.5-3) ...
2026-10-01T18:30:12.7809355Z Selecting previously unselected package librhash0:amd64.
2026-10-01T18:30:12.7985035Z Preparing to unpack .../02-librhash0_1.4.2-1ubuntu1_amd64.deb ...
2026-10-01T18:30:12.7992615Z Unpacking librhash0:amd64 (1.4.2-1ubuntu1) ...
2026-10-01T18:30:12.8187189Z Selecting previously unselected package dh-elpa-helper.
2026-10-01T18:30:12.8360361Z Preparing to unpack .../03-dh-elpa-helper_2.0.9ubuntu1_all.deb ...
2026-10-01T18:30:12.8369020Z Unpacking dh-elpa-helper (2.0.9ubuntu1) ...
2026-10-01T18:30:12.8585067Z Selecting previously unselected package cmake-data.
2026-10-01T18:30:12.8755417Z Preparing to unpack .../04-cmake-data_3.22.1-1ubuntu1.22.04.2_all.deb ...
2026-10-01T18:30:12.8821701Z Unpacking cmake-data (3.22.1-1ubuntu1.22.04.2) ...
2026-10-01T18:30:13.2707587Z Selecting previously unselected package cmake.
2026-10-01T18:30:13.2901846Z Preparing to unpack .../05-cmake_3.22.1-1ubuntu1.22.04.2_amd64.deb ...
2026-10-01T18:30:13.2938772Z Unpacking cmake (3.22.1-1ubuntu1.22.04.2) ...
2026-10-01T18:30:13.4358799Z Selecting previously unselected package libabsl20210324:amd64.
2026-10-01T18:30:13.4554498Z Preparing to unpack .../06-libabsl20210324_0~20210324.2-2ubuntu0.3_amd64.deb ...
2026-10-01T18:30:13.4563313Z Unpacking libabsl20210324:amd64 (0~20210324.2-2ubuntu0.3) ...
2026-10-01T18:30:13.4951743Z Selecting previously unselected package libgrpc10:amd64.
2026-10-01T18:30:13.5133147Z Preparing to unpack .../07-libgrpc10_1.30.2-3build6_amd64.deb ...
2026-10-01T18:30:13.5140689Z Unpacking libgrpc10:amd64 (1.30.2-3build6) ...
2026-10-01T18:30:13.5933712Z Selecting previously unselected package libprotobuf23:amd64.
2026-10-01T18:30:13.6116921Z Preparing to unpack .../08-libprotobuf23_3.12.4-1ubuntu7.22.04.6_amd64.deb ...
2026-10-01T18:30:13.6125448Z Unpacking libprotobuf23:amd64 (3.12.4-1ubuntu7.22.04.6) ...
2026-10-01T18:30:13.6528810Z Selecting previously unselected package libgrpc++1:amd64.
2026-10-01T18:30:13.6712171Z Preparing to unpack .../09-libgrpc++1_1.30.2-3build6_amd64.deb ...
2026-10-01T18:30:13.6719752Z Unpacking libgrpc++1:amd64 (1.30.2-3build6) ...
2026-10-01T18:30:13.6981820Z Selecting previously unselected package libgrpc-dev:amd64.
2026-10-01T18:30:13.7163063Z Preparing to unpack .../10-libgrpc-dev_1.30.2-3build6_amd64.deb ...
2026-10-01T18:30:13.7169143Z Unpacking libgrpc-dev:amd64 (1.30.2-3build6) ...
2026-10-01T18:30:13.8065304Z Selecting previously unselected package libgrpc++-dev:amd64.
2026-10-01T18:30:13.8250572Z Preparing to unpack .../11-libgrpc++-dev_1.30.2-3build6_amd64.deb ...
2026-10-01T18:30:13.8256380Z Unpacking libgrpc++-dev:amd64 (1.30.2-3build6) ...
2026-10-01T18:30:13.9239991Z Selecting previously unselected package libpqxx-6.4.
2026-10-01T18:30:13.9426696Z Preparing to unpack .../12-libpqxx-6.4_6.4.5-2build1_amd64.deb ...
2026-10-01T18:30:13.9433025Z Unpacking libpqxx-6.4 (6.4.5-2build1) ...
2026-10-01T18:30:13.9704422Z Selecting previously unselected package libpqxx-dev.
2026-10-01T18:30:13.9882590Z Preparing to unpack .../13-libpqxx-dev_6.4.5-2build1_amd64.deb ...
2026-10-01T18:30:13.9888874Z Unpacking libpqxx-dev (6.4.5-2build1) ...
2026-10-01T18:30:14.0348477Z Selecting previously unselected package libprotoc23:amd64.
2026-10-01T18:30:14.0527500Z Preparing to unpack .../14-libprotoc23_3.12.4-1ubuntu7.22.04.6_amd64.deb ...
2026-10-01T18:30:14.0533339Z Unpacking libprotoc23:amd64 (3.12.4-1ubuntu7.22.04.6) ...
2026-10-01T18:30:14.0865216Z Selecting previously unselected package nlohmann-json3-dev.
2026-10-01T18:30:14.1043554Z Preparing to unpack .../15-nlohmann-json3-dev_3.10.5-2_all.deb ...
2026-10-01T18:30:14.1050768Z Unpacking nlohmann-json3-dev (3.10.5-2) ...
2026-10-01T18:30:14.1871219Z Selecting previously unselected package protobuf-compiler.
2026-10-01T18:30:14.2054584Z Preparing to unpack .../16-protobuf-compiler_3.12.4-1ubuntu7.22.04.6_amd64.deb ...
2026-10-01T18:30:14.2061129Z Unpacking protobuf-compiler (3.12.4-1ubuntu7.22.04.6) ...
2026-10-01T18:30:14.2266717Z Selecting previously unselected package protobuf-compiler-grpc.
2026-10-01T18:30:14.2444276Z Preparing to unpack .../17-protobuf-compiler-grpc_1.30.2-3build6_amd64.deb ...
2026-10-01T18:30:14.2450324Z Unpacking protobuf-compiler-grpc (1.30.2-3build6) ...
2026-10-01T18:30:14.2663995Z Selecting previously unselected package libprotobuf-dev:amd64.
2026-10-01T18:30:14.2841896Z Preparing to unpack .../18-libprotobuf-dev_3.12.4-1ubuntu7.22.04.6_amd64.deb ...
2026-10-01T18:30:14.2848737Z Unpacking libprotobuf-dev:amd64 (3.12.4-1ubuntu7.22.04.6) ...
2026-10-01T18:30:14.4107199Z Setting up libprotobuf23:amd64 (3.12.4-1ubuntu7.22.04.6) ...
2026-10-01T18:30:14.4232426Z Setting up libprotobuf-dev:amd64 (3.12.4-1ubuntu7.22.04.6) ...
2026-10-01T18:30:14.4245534Z Setting up dh-elpa-helper (2.0.9ubuntu1) ...
2026-10-01T18:30:14.4258852Z Setting up libprotoc23:amd64 (3.12.4-1ubuntu7.22.04.6) ...
2026-10-01T18:30:14.4271905Z Setting up libjsoncpp25:amd64 (1.9.5-3) ...
2026-10-01T18:30:14.4285614Z Setting up pkg-config (0.29.2-1ubuntu3) ...
2026-10-01T18:30:14.4562294Z Setting up libabsl20210324:amd64 (0~20210324.2-2ubuntu0.3) ...
2026-10-01T18:30:14.4578144Z Setting up libpqxx-6.4 (6.4.5-2build1) ...
2026-10-01T18:30:14.4592388Z Setting up librhash0:amd64 (1.4.2-1ubuntu1) ...
2026-10-01T18:30:14.4606493Z Setting up cmake-data (3.22.1-1ubuntu1.22.04.2) ...
2026-10-01T18:30:14.4993935Z Setting up nlohmann-json3-dev (3.10.5-2) ...
2026-10-01T18:30:14.5009540Z Setting up libpqxx-dev (6.4.5-2build1) ...
2026-10-01T18:30:14.5024537Z Setting up protobuf-compiler (3.12.4-1ubuntu7.22.04.6) ...
2026-10-01T18:30:14.5039228Z Setting up protobuf-compiler-grpc (1.30.2-3build6) ...
2026-10-01T18:30:14.5053131Z Setting up libgrpc10:amd64 (1.30.2-3build6) ...
2026-10-01T18:30:14.5067283Z Setting up cmake (3.22.1-1ubuntu1.22.04.2) ...
2026-10-01T18:30:14.5081680Z Setting up libgrpc++1:amd64 (1.30.2-3build6) ...
2026-10-01T18:30:14.5094508Z Setting up libgrpc-dev:amd64 (1.30.2-3build6) ...
2026-10-01T18:30:14.5108763Z Setting up libgrpc++-dev:amd64 (1.30.2-3build6) ...
2026-10-01T18:30:14.5128962Z Processing triggers for man-db (2.10.2-1) ...
2026-10-01T18:30:14.5147494Z Not building database; man-db/auto-update is not 'true'.
2026-10-01T18:30:14.5157477Z Processing triggers for libc-bin (2.35-0ubuntu3.15) ...
2026-10-01T18:30:17.4237114Z 
2026-10-01T18:30:17.4237643Z Running kernel seems to be up-to-date.
2026-10-01T18:30:17.4237961Z 
2026-10-01T18:30:17.4238087Z No services need to be restarted.
2026-10-01T18:30:17.4238288Z 
2026-10-01T18:30:17.4245416Z No containers need to be restarted.
2026-10-01T18:30:17.4245651Z 
2026-10-01T18:30:17.4245817Z No user sessions are running outdated binaries.
2026-10-01T18:30:17.4246081Z 
2026-10-01T18:30:17.4246370Z No VM guests are running outdated hypervisor (qemu) binaries on this host.
2026-10-01T18:30:19.0857518Z ##[group]Run cmake -S native/control -B /tmp/build-control -DCMAKE_BUILD_TYPE=Release
2026-10-01T18:30:19.0858015Z [36;1mcmake -S native/control -B /tmp/build-control -DCMAKE_BUILD_TYPE=Release[0m
2026-10-01T18:30:19.0918310Z shell: /usr/bin/bash -e {0}
2026-10-01T18:30:19.0918694Z ##[endgroup]
2026-10-01T18:30:19.4584150Z -- The CXX compiler identification is GNU 11.4.0
2026-10-01T18:30:19.4700267Z -- Detecting CXX compiler ABI info
2026-10-01T18:30:19.6077204Z -- Detecting CXX compiler ABI info - done
2026-10-01T18:30:19.6212965Z -- Check for working CXX compiler: /usr/bin/c++ - skipped
2026-10-01T18:30:19.6218529Z -- Detecting CXX compile features
2026-10-01T18:30:19.6225200Z -- Detecting CXX compile features - done
2026-10-01T18:30:19.6627145Z -- Found PkgConfig: /usr/bin/pkg-config (found version "0.29.2")
2026-10-01T18:30:19.6632768Z -- Checking for module 'grpc++'
2026-10-01T18:30:19.6713362Z --   Found grpc++, version 1.30.2
2026-10-01T18:30:19.6972923Z -- Checking for module 'protobuf'
2026-10-01T18:30:19.7052938Z --   Found protobuf, version 3.12.4
2026-10-01T18:30:19.7245068Z -- Checking for module 'libpqxx'
2026-10-01T18:30:19.7325172Z --   Found libpqxx, version 6.4.5
2026-10-01T18:30:19.8049240Z -- Found OpenSSL: /usr/lib/x86_64-linux-gnu/libcrypto.so (found version "3.0.2")
2026-10-01T18:30:19.8055483Z -- Configuring done (0.6s)
2026-10-01T18:30:19.8097150Z -- Generating done (0.0s)
2026-10-01T18:30:19.8198419Z -- Build files have been written to: /tmp/build-control
2026-10-01T18:30:19.8257866Z ##[group]Run cmake --build /tmp/build-control --parallel
2026-10-01T18:30:19.8258202Z [36;1mcmake --build /tmp/build-control --parallel[0m
2026-10-01T18:30:19.8317682Z shell: /usr/bin/bash -e {0}
2026-10-01T18:30:19.8317897Z ##[endgroup]
2026-10-01T18:30:19.8944055Z [  5%] Generating generated/common.pb.cc, generated/common.grpc.pb.cc, generated/errorcode.pb.cc, generated/errorcode.grpc.pb.cc, generated/taskkind.pb.cc, generated/taskkind.grpc.pb.cc, generated/hotmethod.pb.cc, generated/hotmethod.grpc.pb.cc, generated/healthcheck.pb.cc, generated/healthcheck.grpc.pb.cc, generated/init.pb.cc, generated/init.grpc.pb.cc, generated/control.pb.cc, generated/control.grpc.pb.cc
2026-10-01T18:30:19.9347554Z [ 11%] Building CXX object CMakeFiles/mini-drop-native-control.dir/src/main.cpp.o
2026-10-01T18:30:19.9348774Z [ 17%] Building CXX object CMakeFiles/mini-drop-native-control.dir/generated/common.pb.cc.o
2026-10-01T18:30:19.9349950Z [ 23%] Building CXX object CMakeFiles/mini-drop-native-control.dir/generated/common.grpc.pb.cc.o
2026-10-01T18:30:19.9350842Z [ 29%] Building CXX object CMakeFiles/mini-drop-native-control.dir/generated/errorcode.pb.cc.o
2026-10-01T18:30:19.9395976Z [ 35%] Building CXX object CMakeFiles/mini-drop-native-control.dir/generated/errorcode.grpc.pb.cc.o
2026-10-01T18:30:19.9479278Z [ 41%] Building CXX object CMakeFiles/mini-drop-native-control.dir/generated/taskkind.grpc.pb.cc.o
2026-10-01T18:30:19.9491528Z [ 47%] Building CXX object CMakeFiles/mini-drop-native-control.dir/generated/hotmethod.pb.cc.o
2026-10-01T18:30:19.9496670Z [ 52%] Building CXX object CMakeFiles/mini-drop-native-control.dir/generated/taskkind.pb.cc.o
2026-10-01T18:30:19.9545701Z [ 58%] Building CXX object CMakeFiles/mini-drop-native-control.dir/generated/hotmethod.grpc.pb.cc.o
2026-10-01T18:30:19.9578942Z [ 64%] Building CXX object CMakeFiles/mini-drop-native-control.dir/generated/healthcheck.pb.cc.o
2026-10-01T18:30:19.9591178Z [ 70%] Building CXX object CMakeFiles/mini-drop-native-control.dir/generated/healthcheck.grpc.pb.cc.o
2026-10-01T18:30:19.9625186Z [ 76%] Building CXX object CMakeFiles/mini-drop-native-control.dir/generated/init.pb.cc.o
2026-10-01T18:30:19.9655754Z [ 82%] Building CXX object CMakeFiles/mini-drop-native-control.dir/generated/init.grpc.pb.cc.o
2026-10-01T18:30:19.9675961Z [ 88%] Building CXX object CMakeFiles/mini-drop-native-control.dir/generated/control.pb.cc.o
2026-10-01T18:30:19.9676959Z [ 94%] Building CXX object CMakeFiles/mini-drop-native-control.dir/generated/control.grpc.pb.cc.o
2026-10-01T18:30:22.7532665Z /tmp/build-control/generated/common.pb.cc: In member function ‘virtual google::protobuf::uint8* mini_drop::CosConfig::_InternalSerialize(google::protobuf::uint8*, google::protobuf::io::EpsCopyOutputStream*) const’:
2026-10-01T18:30:22.7626446Z /tmp/build-control/generated/common.pb.cc:664:23: warning: ‘const string& mini_drop::CosConfig::access_key() const’ is deprecated [-Wdeprecated-declarations]
2026-10-01T18:30:22.7695467Z   664 |   if (this->access_key().size() > 0) {
2026-10-01T18:30:22.7775384Z       |       ~~~~~~~~~~~~~~~~^~
2026-10-01T18:30:22.7865556Z In file included from /tmp/build-control/generated/common.pb.cc:4:
2026-10-01T18:30:22.7935562Z /tmp/build-control/generated/common.pb.h:1130:27: note: declared here
2026-10-01T18:30:22.8045647Z  1130 | inline const std::string& CosConfig::access_key() const {
2026-10-01T18:30:22.8105494Z       |                           ^~~~~~~~~
2026-10-01T18:30:22.8166606Z /tmp/build-control/generated/common.pb.cc:674:23: warning: ‘const string& mini_drop::CosConfig::secret_key() const’ is deprecated [-Wdeprecated-declarations]
2026-10-01T18:30:22.8295527Z   674 |   if (this->secret_key().size() > 0) {
2026-10-01T18:30:22.8375417Z       |       ~~~~~~~~~~~~~~~~^~
2026-10-01T18:30:22.8435525Z In file included from /tmp/build-control/generated/common.pb.cc:4:
2026-10-01T18:30:22.8555537Z /tmp/build-control/generated/common.pb.h:1211:27: note: declared here
2026-10-01T18:30:22.8616147Z  1211 | inline const std::string& CosConfig::secret_key() const {
2026-10-01T18:30:22.8705381Z       |                           ^~~~~~~~~
2026-10-01T18:30:22.8807013Z /tmp/build-control/generated/common.pb.cc: In member function ‘virtual size_t mini_drop::CosConfig::ByteSizeLong() const’:
2026-10-01T18:30:22.8916404Z /tmp/build-control/generated/common.pb.cc:727:23: warning: ‘const string& mini_drop::CosConfig::access_key() const’ is deprecated [-Wdeprecated-declarations]
2026-10-01T18:30:22.8985460Z   727 |   if (this->access_key().size() > 0) {
2026-10-01T18:30:22.9045408Z       |       ~~~~~~~~~~~~~~~~^~
2026-10-01T18:30:22.9135589Z In file included from /tmp/build-control/generated/common.pb.cc:4:
2026-10-01T18:30:22.9186321Z /tmp/build-control/generated/common.pb.h:1130:27: note: declared here
2026-10-01T18:30:22.9266331Z  1130 | inline const std::string& CosConfig::access_key() const {
2026-10-01T18:30:22.9346157Z       |                           ^~~~~~~~~
2026-10-01T18:30:22.9486590Z /tmp/build-control/generated/common.pb.cc:734:23: warning: ‘const string& mini_drop::CosConfig::secret_key() const’ is deprecated [-Wdeprecated-declarations]
2026-10-01T18:30:22.9575464Z   734 |   if (this->secret_key().size() > 0) {
2026-10-01T18:30:22.9635427Z       |       ~~~~~~~~~~~~~~~~^~
2026-10-01T18:30:22.9705543Z In file included from /tmp/build-control/generated/common.pb.cc:4:
2026-10-01T18:30:22.9815618Z /tmp/build-control/generated/common.pb.h:1211:27: note: declared here
2026-10-01T18:30:22.9875688Z  1211 | inline const std::string& CosConfig::secret_key() const {
2026-10-01T18:30:22.9965532Z       |                           ^~~~~~~~~
2026-10-01T18:30:23.0206721Z /tmp/build-control/generated/common.pb.cc: In member function ‘void mini_drop::CosConfig::MergeFrom(const mini_drop::CosConfig&)’:
2026-10-01T18:30:23.0376493Z /tmp/build-control/generated/common.pb.cc:788:22: warning: ‘const string& mini_drop::CosConfig::access_key() const’ is deprecated [-Wdeprecated-declarations]
2026-10-01T18:30:23.0525573Z   788 |   if (from.access_key().size() > 0) {
2026-10-01T18:30:23.0675727Z       |       ~~~~~~~~~~~~~~~^~
2026-10-01T18:30:23.0765697Z In file included from /tmp/build-control/generated/common.pb.cc:4:
2026-10-01T18:30:23.0895821Z /tmp/build-control/generated/common.pb.h:1130:27: note: declared here
2026-10-01T18:30:23.0975688Z  1130 | inline const std::string& CosConfig::access_key() const {
2026-10-01T18:30:23.1075622Z       |                           ^~~~~~~~~
2026-10-01T18:30:23.1136642Z /tmp/build-control/generated/common.pb.cc:791:22: warning: ‘const string& mini_drop::CosConfig::secret_key() const’ is deprecated [-Wdeprecated-declarations]
2026-10-01T18:30:23.1245481Z   791 |   if (from.secret_key().size() > 0) {
2026-10-01T18:30:23.1325537Z       |       ~~~~~~~~~~~~~~~^~
2026-10-01T18:30:23.1415709Z In file included from /tmp/build-control/generated/common.pb.cc:4:
2026-10-01T18:30:23.1505690Z /tmp/build-control/generated/common.pb.h:1211:27: note: declared here
2026-10-01T18:30:23.1585694Z  1211 | inline const std::string& CosConfig::secret_key() const {
2026-10-01T18:30:23.1675606Z       |                           ^~~~~~~~~
2026-10-01T18:30:23.1795644Z In file included from /tmp/build-control/generated/control.pb.h:36,
2026-10-01T18:30:23.1845530Z                  from /tmp/build-control/generated/control.grpc.pb.cc:5:
2026-10-01T18:30:23.1916376Z /tmp/build-control/generated/hotmethod.pb.h: In member function ‘mini_drop::RecordArgv* mini_drop::TaskDesc::release_sample_argv()’:
2026-10-01T18:30:23.2036519Z /tmp/build-control/generated/hotmethod.pb.h:3159:47: warning: ‘mini_drop::RecordArgv* mini_drop::TaskDesc::unsafe_arena_release_sample_argv()’ is deprecated [-Wdeprecated-declarations]
2026-10-01T18:30:23.2115540Z  3159 |   auto temp = unsafe_arena_release_sample_argv();
2026-10-01T18:30:23.2205454Z       |               ~~~~~~~~~~~~~~~~~~~~~~~~~~~~~~~~^~
2026-10-01T18:30:23.2305598Z /tmp/build-control/generated/hotmethod.pb.h:449:48: note: declared here
2026-10-01T18:30:23.2326105Z   449 |   PROTOBUF_DEPRECATED ::mini_drop::RecordArgv* unsafe_arena_release_sample_argv();
2026-10-01T18:30:23.2385393Z       |                                                ^~~~~~~~~~~~~~~~~~~~~~~~~~~~~~~~
2026-10-01T18:30:23.2476309Z /tmp/build-control/generated/hotmethod.pb.h: In member function ‘mini_drop::CosConfig* mini_drop::TaskDesc::release_cos_config()’:
2026-10-01T18:30:23.2566399Z /tmp/build-control/generated/hotmethod.pb.h:3355:46: warning: ‘mini_drop::CosConfig* mini_drop::TaskDesc::unsafe_arena_release_cos_config()’ is deprecated [-Wdeprecated-declarations]
2026-10-01T18:30:23.2655421Z  3355 |   auto temp = unsafe_arena_release_cos_config();
2026-10-01T18:30:23.2745447Z       |               ~~~~~~~~~~~~~~~~~~~~~~~~~~~~~~~^~
2026-10-01T18:30:23.2835607Z /tmp/build-control/generated/hotmethod.pb.h:467:47: note: declared here
2026-10-01T18:30:23.2925676Z   467 |   PROTOBUF_DEPRECATED ::mini_drop::CosConfig* unsafe_arena_release_cos_config();
2026-10-01T18:30:23.2955489Z       |                                               ^~~~~~~~~~~~~~~~~~~~~~~~~~~~~~~
2026-10-01T18:30:23.3015535Z In file included from /tmp/build-control/generated/hotmethod.pb.cc:4:
2026-10-01T18:30:23.3106352Z /tmp/build-control/generated/hotmethod.pb.h: In member function ‘mini_drop::RecordArgv* mini_drop::TaskDesc::release_sample_argv()’:
2026-10-01T18:30:23.3187032Z /tmp/build-control/generated/hotmethod.pb.h:3159:47: warning: ‘mini_drop::RecordArgv* mini_drop::TaskDesc::unsafe_arena_release_sample_argv()’ is deprecated [-Wdeprecated-declarations]
2026-10-01T18:30:23.3225473Z  3159 |   auto temp = unsafe_arena_release_sample_argv();
2026-10-01T18:30:23.3345524Z       |               ~~~~~~~~~~~~~~~~~~~~~~~~~~~~~~~~^~
2026-10-01T18:30:23.3425652Z /tmp/build-control/generated/hotmethod.pb.h:449:48: note: declared here
2026-10-01T18:30:23.3485782Z   449 |   PROTOBUF_DEPRECATED ::mini_drop::RecordArgv* unsafe_arena_release_sample_argv();
2026-10-01T18:30:23.3585466Z       |                                                ^~~~~~~~~~~~~~~~~~~~~~~~~~~~~~~~
2026-10-01T18:30:23.3666403Z /tmp/build-control/generated/hotmethod.pb.h: In member function ‘mini_drop::CosConfig* mini_drop::TaskDesc::release_cos_config()’:
2026-10-01T18:30:23.3766466Z /tmp/build-control/generated/hotmethod.pb.h:3355:46: warning: ‘mini_drop::CosConfig* mini_drop::TaskDesc::unsafe_arena_release_cos_config()’ is deprecated [-Wdeprecated-declarations]
2026-10-01T18:30:23.3816151Z  3355 |   auto temp = unsafe_arena_release_cos_config();
2026-10-01T18:30:23.3945491Z       |               ~~~~~~~~~~~~~~~~~~~~~~~~~~~~~~~^~
2026-10-01T18:30:23.4005600Z /tmp/build-control/generated/hotmethod.pb.h:467:47: note: declared here
2026-10-01T18:30:23.4025614Z   467 |   PROTOBUF_DEPRECATED ::mini_drop::CosConfig* unsafe_arena_release_cos_config();
2026-10-01T18:30:23.4026222Z       |                                               ^~~~~~~~~~~~~~~~~~~~~~~~~~~~~~~
2026-10-01T18:30:23.4028502Z /tmp/build-control/generated/hotmethod.pb.cc: In member function ‘virtual google::protobuf::uint8* mini_drop::TaskDesc::_InternalSerialize(google::protobuf::uint8*, google::protobuf::io::EpsCopyOutputStream*) const’:
2026-10-01T18:30:23.4030351Z /tmp/build-control/generated/hotmethod.pb.cc:1228:28: warning: ‘bool mini_drop::TaskDesc::has_sample_argv() const’ is deprecated [-Wdeprecated-declarations]
2026-10-01T18:30:23.4031262Z  1228 |   if (this->has_sample_argv()) {
2026-10-01T18:30:23.4031598Z       |       ~~~~~~~~~~~~~~~~~~~~~^~
2026-10-01T18:30:23.4032035Z In file included from /tmp/build-control/generated/hotmethod.pb.cc:4:
2026-10-01T18:30:23.4032642Z /tmp/build-control/generated/hotmethod.pb.h:3127:13: note: declared here
2026-10-01T18:30:23.4033180Z  3127 | inline bool TaskDesc::has_sample_argv() const {
2026-10-01T18:30:23.4033577Z       |             ^~~~~~~~
2026-10-01T18:30:23.4034566Z /tmp/build-control/generated/hotmethod.pb.cc:1258:27: warning: ‘bool mini_drop::TaskDesc::has_cos_config() const’ is deprecated [-Wdeprecated-declarations]
2026-10-01T18:30:23.4035616Z  1258 |   if (this->has_cos_config()) {
2026-10-01T18:30:23.4036180Z       |       ~~~~~~~~~~~~~~~~~~~~^~
2026-10-01T18:30:23.4036623Z In file included from /tmp/build-control/generated/hotmethod.pb.cc:4:
2026-10-01T18:30:23.4037203Z /tmp/build-control/generated/hotmethod.pb.h:3329:13: note: declared here
2026-10-01T18:30:23.4037743Z  3329 | inline bool TaskDesc::has_cos_config() const {
2026-10-01T18:30:23.4038124Z       |             ^~~~~~~~
2026-10-01T18:30:23.4126051Z /tmp/build-control/generated/hotmethod.pb.cc: In member function ‘virtual size_t mini_drop::TaskDesc::ByteSizeLong() const’:
2026-10-01T18:30:23.4186189Z /tmp/build-control/generated/hotmethod.pb.cc:1451:28: warning: ‘bool mini_drop::TaskDesc::has_sample_argv() const’ is deprecated [-Wdeprecated-declarations]
2026-10-01T18:30:23.4245382Z  1451 |   if (this->has_sample_argv()) {
2026-10-01T18:30:23.4305384Z       |       ~~~~~~~~~~~~~~~~~~~~~^~
2026-10-01T18:30:23.4375590Z In file included from /tmp/build-control/generated/hotmethod.pb.cc:4:
2026-10-01T18:30:23.4435596Z /tmp/build-control/generated/hotmethod.pb.h:3127:13: note: declared here
2026-10-01T18:30:23.4485506Z  3127 | inline bool TaskDesc::has_sample_argv() const {
2026-10-01T18:30:23.4555383Z       |             ^~~~~~~~
2026-10-01T18:30:23.4666493Z /tmp/build-control/generated/hotmethod.pb.cc:1458:27: warning: ‘bool mini_drop::TaskDesc::has_cos_config() const’ is deprecated [-Wdeprecated-declarations]
2026-10-01T18:30:23.4695389Z  1458 |   if (this->has_cos_config()) {
2026-10-01T18:30:23.4785408Z       |       ~~~~~~~~~~~~~~~~~~~~^~
2026-10-01T18:30:23.4905625Z In file included from /tmp/build-control/generated/hotmethod.pb.cc:4:
2026-10-01T18:30:23.4915503Z /tmp/build-control/generated/hotmethod.pb.h:3329:13: note: declared here
2026-10-01T18:30:23.4916150Z  3329 | inline bool TaskDesc::has_cos_config() const {
2026-10-01T18:30:23.4916545Z       |             ^~~~~~~~
2026-10-01T18:30:23.4917666Z /tmp/build-control/generated/hotmethod.pb.cc: In member function ‘void mini_drop::TaskDesc::MergeFrom(const mini_drop::TaskDesc&)’:
2026-10-01T18:30:23.4919288Z /tmp/build-control/generated/hotmethod.pb.cc:1609:27: warning: ‘bool mini_drop::TaskDesc::has_sample_argv() const’ is deprecated [-Wdeprecated-declarations]
2026-10-01T18:30:23.4920143Z  1609 |   if (from.has_sample_argv()) {
2026-10-01T18:30:23.4920470Z       |       ~~~~~~~~~~~~~~~~~~~~^~
2026-10-01T18:30:23.4920911Z In file included from /tmp/build-control/generated/hotmethod.pb.cc:4:
2026-10-01T18:30:23.4921511Z /tmp/build-control/generated/hotmethod.pb.h:3127:13: note: declared here
2026-10-01T18:30:23.4922073Z  3127 | inline bool TaskDesc::has_sample_argv() const {
2026-10-01T18:30:23.4922426Z       |             ^~~~~~~~
2026-10-01T18:30:23.4923404Z /tmp/build-control/generated/hotmethod.pb.cc:1612:26: warning: ‘bool mini_drop::TaskDesc::has_cos_config() const’ is deprecated [-Wdeprecated-declarations]
2026-10-01T18:30:23.4924939Z  1612 |   if (from.has_cos_config()) {
2026-10-01T18:30:23.4925277Z       |       ~~~~~~~~~~~~~~~~~~~^~
2026-10-01T18:30:23.4925732Z In file included from /tmp/build-control/generated/hotmethod.pb.cc:4:
2026-10-01T18:30:23.4926327Z /tmp/build-control/generated/hotmethod.pb.h:3329:13: note: declared here
2026-10-01T18:30:23.4926864Z  3329 | inline bool TaskDesc::has_cos_config() const {
2026-10-01T18:30:23.4927273Z       |             ^~~~~~~~
2026-10-01T18:30:23.6345935Z In file included from /tmp/build-control/generated/healthcheck.pb.h:37,
2026-10-01T18:30:23.6405628Z                  from /tmp/build-control/generated/healthcheck.pb.cc:4:
2026-10-01T18:30:23.6496391Z /tmp/build-control/generated/hotmethod.pb.h: In member function ‘mini_drop::RecordArgv* mini_drop::TaskDesc::release_sample_argv()’:
2026-10-01T18:30:23.6586563Z /tmp/build-control/generated/hotmethod.pb.h:3159:47: warning: ‘mini_drop::RecordArgv* mini_drop::TaskDesc::unsafe_arena_release_sample_argv()’ is deprecated [-Wdeprecated-declarations]
2026-10-01T18:30:23.6615474Z  3159 |   auto temp = unsafe_arena_release_sample_argv();
2026-10-01T18:30:23.6675391Z       |               ~~~~~~~~~~~~~~~~~~~~~~~~~~~~~~~~^~
2026-10-01T18:30:23.6756204Z /tmp/build-control/generated/hotmethod.pb.h:449:48: note: declared here
2026-10-01T18:30:23.6825640Z   449 |   PROTOBUF_DEPRECATED ::mini_drop::RecordArgv* unsafe_arena_release_sample_argv();
2026-10-01T18:30:23.6840669Z       |                                                ^~~~~~~~~~~~~~~~~~~~~~~~~~~~~~~~
2026-10-01T18:30:23.6986405Z /tmp/build-control/generated/hotmethod.pb.h: In member function ‘mini_drop::CosConfig* mini_drop::TaskDesc::release_cos_config()’:
2026-10-01T18:30:23.7036448Z /tmp/build-control/generated/hotmethod.pb.h:3355:46: warning: ‘mini_drop::CosConfig* mini_drop::TaskDesc::unsafe_arena_release_cos_config()’ is deprecated [-Wdeprecated-declarations]
2026-10-01T18:30:23.7105466Z  3355 |   auto temp = unsafe_arena_release_cos_config();
2026-10-01T18:30:23.7195502Z       |               ~~~~~~~~~~~~~~~~~~~~~~~~~~~~~~~^~
2026-10-01T18:30:23.7285676Z /tmp/build-control/generated/hotmethod.pb.h:467:47: note: declared here
2026-10-01T18:30:23.7345706Z   467 |   PROTOBUF_DEPRECATED ::mini_drop::CosConfig* unsafe_arena_release_cos_config();
2026-10-01T18:30:23.7346352Z       |                                               ^~~~~~~~~~~~~~~~~~~~~~~~~~~~~~~
2026-10-01T18:30:23.7346898Z In file included from /tmp/build-control/generated/control.pb.h:36,
2026-10-01T18:30:23.7347453Z                  from /tmp/build-control/generated/control.pb.cc:4:
2026-10-01T18:30:23.7348705Z /tmp/build-control/generated/hotmethod.pb.h: In member function ‘mini_drop::RecordArgv* mini_drop::TaskDesc::release_sample_argv()’:
2026-10-01T18:30:23.7350365Z /tmp/build-control/generated/hotmethod.pb.h:3159:47: warning: ‘mini_drop::RecordArgv* mini_drop::TaskDesc::unsafe_arena_release_sample_argv()’ is deprecated [-Wdeprecated-declarations]
2026-10-01T18:30:23.7351412Z  3159 |   auto temp = unsafe_arena_release_sample_argv();
2026-10-01T18:30:23.7351865Z       |               ~~~~~~~~~~~~~~~~~~~~~~~~~~~~~~~~^~
2026-10-01T18:30:23.7352372Z /tmp/build-control/generated/hotmethod.pb.h:449:48: note: declared here
2026-10-01T18:30:23.7353066Z   449 |   PROTOBUF_DEPRECATED ::mini_drop::RecordArgv* unsafe_arena_release_sample_argv();
2026-10-01T18:30:23.7353661Z       |                                                ^~~~~~~~~~~~~~~~~~~~~~~~~~~~~~~~
2026-10-01T18:30:23.7354695Z /tmp/build-control/generated/hotmethod.pb.h: In member function ‘mini_drop::CosConfig* mini_drop::TaskDesc::release_cos_config()’:
2026-10-01T18:30:23.7356433Z /tmp/build-control/generated/hotmethod.pb.h:3355:46: warning: ‘mini_drop::CosConfig* mini_drop::TaskDesc::unsafe_arena_release_cos_config()’ is deprecated [-Wdeprecated-declarations]
2026-10-01T18:30:23.7357437Z  3355 |   auto temp = unsafe_arena_release_cos_config();
2026-10-01T18:30:23.7357836Z       |               ~~~~~~~~~~~~~~~~~~~~~~~~~~~~~~~^~
2026-10-01T18:30:23.7358698Z /tmp/build-control/generated/hotmethod.pb.h:467:47: note: declared here
2026-10-01T18:30:23.7359378Z   467 |   PROTOBUF_DEPRECATED ::mini_drop::CosConfig* unsafe_arena_release_cos_config();
2026-10-01T18:30:23.7359990Z       |                                               ^~~~~~~~~~~~~~~~~~~~~~~~~~~~~~~
2026-10-01T18:30:23.8895938Z In file included from /tmp/build-control/generated/healthcheck.pb.h:37,
2026-10-01T18:30:23.8985818Z                  from /tmp/build-control/generated/healthcheck.grpc.pb.cc:5:
2026-10-01T18:30:23.9046378Z /tmp/build-control/generated/hotmethod.pb.h: In member function ‘mini_drop::RecordArgv* mini_drop::TaskDesc::release_sample_argv()’:
2026-10-01T18:30:23.9166482Z /tmp/build-control/generated/hotmethod.pb.h:3159:47: warning: ‘mini_drop::RecordArgv* mini_drop::TaskDesc::unsafe_arena_release_sample_argv()’ is deprecated [-Wdeprecated-declarations]
2026-10-01T18:30:23.9225506Z  3159 |   auto temp = unsafe_arena_release_sample_argv();
2026-10-01T18:30:23.9285430Z       |               ~~~~~~~~~~~~~~~~~~~~~~~~~~~~~~~~^~
2026-10-01T18:30:23.9405920Z /tmp/build-control/generated/hotmethod.pb.h:449:48: note: declared here
2026-10-01T18:30:23.9496022Z   449 |   PROTOBUF_DEPRECATED ::mini_drop::RecordArgv* unsafe_arena_release_sample_argv();
2026-10-01T18:30:23.9555452Z       |                                                ^~~~~~~~~~~~~~~~~~~~~~~~~~~~~~~~
2026-10-01T18:30:23.9676317Z /tmp/build-control/generated/hotmethod.pb.h: In member function ‘mini_drop::CosConfig* mini_drop::TaskDesc::release_cos_config()’:
2026-10-01T18:30:23.9706486Z /tmp/build-control/generated/hotmethod.pb.h:3355:46: warning: ‘mini_drop::CosConfig* mini_drop::TaskDesc::unsafe_arena_release_cos_config()’ is deprecated [-Wdeprecated-declarations]
2026-10-01T18:30:23.9707598Z  3355 |   auto temp = unsafe_arena_release_cos_config();
2026-10-01T18:30:23.9708029Z       |               ~~~~~~~~~~~~~~~~~~~~~~~~~~~~~~~^~
2026-10-01T18:30:23.9708538Z /tmp/build-control/generated/hotmethod.pb.h:467:47: note: declared here
2026-10-01T18:30:23.9709255Z   467 |   PROTOBUF_DEPRECATED ::mini_drop::CosConfig* unsafe_arena_release_cos_config();
2026-10-01T18:30:23.9709859Z       |                                               ^~~~~~~~~~~~~~~~~~~~~~~~~~~~~~~
2026-10-01T18:30:23.9710474Z In file included from /tmp/build-control/generated/hotmethod.grpc.pb.cc:5:
2026-10-01T18:30:23.9796124Z /tmp/build-control/generated/hotmethod.pb.h: In member function ‘mini_drop::RecordArgv* mini_drop::TaskDesc::release_sample_argv()’:
2026-10-01T18:30:23.9898092Z /tmp/build-control/generated/hotmethod.pb.h:3159:47: warning: ‘mini_drop::RecordArgv* mini_drop::TaskDesc::unsafe_arena_release_sample_argv()’ is deprecated [-Wdeprecated-declarations]
2026-10-01T18:30:23.9975557Z  3159 |   auto temp = unsafe_arena_release_sample_argv();
2026-10-01T18:30:24.0065423Z       |               ~~~~~~~~~~~~~~~~~~~~~~~~~~~~~~~~^~
2026-10-01T18:30:24.0065981Z /tmp/build-control/generated/hotmethod.pb.h:449:48: note: declared here
2026-10-01T18:30:24.0066705Z   449 |   PROTOBUF_DEPRECATED ::mini_drop::RecordArgv* unsafe_arena_release_sample_argv();
2026-10-01T18:30:24.0067273Z       |                                                ^~~~~~~~~~~~~~~~~~~~~~~~~~~~~~~~
2026-10-01T18:30:24.0068478Z /tmp/build-control/generated/hotmethod.pb.h: In member function ‘mini_drop::CosConfig* mini_drop::TaskDesc::release_cos_config()’:
2026-10-01T18:30:24.0070080Z /tmp/build-control/generated/hotmethod.pb.h:3355:46: warning: ‘mini_drop::CosConfig* mini_drop::TaskDesc::unsafe_arena_release_cos_config()’ is deprecated [-Wdeprecated-declarations]
2026-10-01T18:30:24.0071133Z  3355 |   auto temp = unsafe_arena_release_cos_config();
2026-10-01T18:30:24.0071564Z       |               ~~~~~~~~~~~~~~~~~~~~~~~~~~~~~~~^~
2026-10-01T18:30:24.0072065Z /tmp/build-control/generated/hotmethod.pb.h:467:47: note: declared here
2026-10-01T18:30:24.0072744Z   467 |   PROTOBUF_DEPRECATED ::mini_drop::CosConfig* unsafe_arena_release_cos_config();
2026-10-01T18:30:24.0073315Z       |                                               ^~~~~~~~~~~~~~~~~~~~~~~~~~~~~~~
2026-10-01T18:30:25.6123245Z In file included from /tmp/build-control/generated/healthcheck.pb.h:37,
2026-10-01T18:30:25.6146190Z                  from /tmp/build-control/generated/healthcheck.grpc.pb.h:15,
2026-10-01T18:30:25.6165700Z                  from /home/runner/work/mini-drop/mini-drop/native/control/src/main.cpp:10:
2026-10-01T18:30:25.6167437Z /tmp/build-control/generated/hotmethod.pb.h: In member function ‘mini_drop::RecordArgv* mini_drop::TaskDesc::release_sample_argv()’:
2026-10-01T18:30:25.6196554Z /tmp/build-control/generated/hotmethod.pb.h:3159:47: warning: ‘mini_drop::RecordArgv* mini_drop::TaskDesc::unsafe_arena_release_sample_argv()’ is deprecated [-Wdeprecated-declarations]
2026-10-01T18:30:25.6225631Z  3159 |   auto temp = unsafe_arena_release_sample_argv();
2026-10-01T18:30:25.6255418Z       |               ~~~~~~~~~~~~~~~~~~~~~~~~~~~~~~~~^~
2026-10-01T18:30:25.6256235Z /tmp/build-control/generated/hotmethod.pb.h:449:48: note: declared here
2026-10-01T18:30:25.6285634Z   449 |   PROTOBUF_DEPRECATED ::mini_drop::RecordArgv* unsafe_arena_release_sample_argv();
2026-10-01T18:30:25.6315862Z       |                                                ^~~~~~~~~~~~~~~~~~~~~~~~~~~~~~~~
2026-10-01T18:30:25.6346232Z /tmp/build-control/generated/hotmethod.pb.h: In member function ‘mini_drop::CosConfig* mini_drop::TaskDesc::release_cos_config()’:
2026-10-01T18:30:25.6348199Z /tmp/build-control/generated/hotmethod.pb.h:3355:46: warning: ‘mini_drop::CosConfig* mini_drop::TaskDesc::unsafe_arena_release_cos_config()’ is deprecated [-Wdeprecated-declarations]
2026-10-01T18:30:25.6375461Z  3355 |   auto temp = unsafe_arena_release_cos_config();
2026-10-01T18:30:25.6405414Z       |               ~~~~~~~~~~~~~~~~~~~~~~~~~~~~~~~^~
2026-10-01T18:30:25.6435553Z /tmp/build-control/generated/hotmethod.pb.h:467:47: note: declared here
2026-10-01T18:30:25.6491083Z   467 |   PROTOBUF_DEPRECATED ::mini_drop::CosConfig* unsafe_arena_release_cos_config();
2026-10-01T18:30:25.6515367Z       |                                               ^~~~~~~~~~~~~~~~~~~~~~~~~~~~~~~
2026-10-01T18:30:27.6157553Z /home/runner/work/mini-drop/mini-drop/native/control/src/main.cpp: In member function ‘virtual grpc::Status {anonymous}::HealthService::Do(grpc::ServerContext*, const mini_drop::HealthCheckRequest*, mini_drop::HealthCheckResponse*)’:
2026-10-01T18:30:27.6186635Z /home/runner/work/mini-drop/mini-drop/native/control/src/main.cpp:894:47: warning: ‘mini_drop::RecordArgv* mini_drop::TaskDesc::mutable_sample_argv()’ is deprecated [-Wdeprecated-declarations]
2026-10-01T18:30:27.6215713Z   894 |       auto* sample = desc->mutable_sample_argv();
2026-10-01T18:30:27.6245607Z       |                      ~~~~~~~~~~~~~~~~~~~~~~~~~^~
2026-10-01T18:30:27.6305470Z In file included from /tmp/build-control/generated/healthcheck.pb.h:37,
2026-10-01T18:30:27.6306137Z                  from /tmp/build-control/generated/healthcheck.grpc.pb.h:15,
2026-10-01T18:30:27.6306812Z                  from /home/runner/work/mini-drop/mini-drop/native/control/src/main.cpp:10:
2026-10-01T18:30:27.6307543Z /tmp/build-control/generated/hotmethod.pb.h:3180:33: note: declared here
2026-10-01T18:30:27.6308211Z  3180 | inline ::mini_drop::RecordArgv* TaskDesc::mutable_sample_argv() {
2026-10-01T18:30:27.6308705Z       |                                 ^~~~~~~~
2026-10-01T18:30:33.5787905Z [100%] Linking CXX executable mini-drop-native-control
2026-10-01T18:30:33.7227926Z [100%] Built target mini-drop-native-control
2026-10-01T18:30:33.7390597Z Post job cleanup.
2026-10-01T18:30:33.8089217Z [command]/usr/bin/git version
2026-10-01T18:30:33.8126258Z git version 2.55.0
2026-10-01T18:30:33.8157018Z Temporarily overriding HOME='/home/runner/work/_temp/3d097f35-18c7-48f1-a263-acbc5a0beca4' before making global git config changes
2026-10-01T18:30:33.8176297Z Adding repository directory to the temporary git global config as a safe directory
2026-10-01T18:30:33.8186057Z [command]/usr/bin/git config --global --add safe.directory /home/runner/work/mini-drop/mini-drop
2026-10-01T18:30:33.8194405Z [command]/usr/bin/git config --local --name-only --get-regexp core\.sshCommand
2026-10-01T18:30:33.8225998Z [command]/usr/bin/git submodule foreach --recursive sh -c "git config --local --name-only --get-regexp 'core\.sshCommand' && git config --local --unset-all 'core.sshCommand' || :"
2026-10-01T18:30:33.8460748Z [command]/usr/bin/git config --local --name-only --get-regexp http\.https\:\/\/github\.com\/\.extraheader
2026-10-01T18:30:33.8484322Z http.https://github.com/.extraheader
2026-10-01T18:30:33.8493291Z [command]/usr/bin/git config --local --unset-all http.https://github.com/.extraheader
2026-10-01T18:30:33.8534084Z [command]/usr/bin/git submodule foreach --recursive sh -c "git config --local --name-only --get-regexp 'http\.https\:\/\/github\.com\/\.extraheader' && git config --local --unset-all 'http.https://github.com/.extraheader' || :"
2026-10-01T18:30:33.8771865Z [command]/usr/bin/git config --local --name-only --get-regexp ^includeIf\.gitdir:
2026-10-01T18:30:33.8805761Z [command]/usr/bin/git submodule foreach --recursive git config --local --show-origin --name-only --get-regexp remote.origin.url
2026-10-01T18:30:33.9175915Z Cleaning up orphan processes
2026-10-01T18:30:33.9441442Z ##[warning]Node.js 20 is deprecated. The following actions target Node.js 20 but are being forced to run on Node.js 24: actions/checkout@v4. For more information see: https://github.blog/changelog/2025-09-19-deprecation-of-node-20-on-github-actions-runners/
