
> mini-drop-web@0.1.0 test
> vitest run --run --reporter=default


 RUN  v4.1.11 D:/tx/mini-drop/web

Not implemented: Window's getComputedStyle() method: with pseudo-elements
 ✓ src/components/EngineeringDiagnosisSummary.integrity.test.jsx (4 tests) 3432ms
   ✓ rejects an inconsistent refutation aggregate: inflated  3013ms
Not implemented: Window's getComputedStyle() method: with pseudo-elements
 ✓ src/components/BusinessAcceptancePanel.test.jsx (4 tests) 4846ms
   ✓ does not turn missing evidence into a passing result  2483ms
   ✓ shows fallback separately from full recovery and AI diagnosis  1262ms
   ✓ shows retrieval errors instead of zero-valued scores  418ms
   ✓ links an executed actual RAG diagnosis without claiming root verification  675ms
Not implemented: Window's getComputedStyle() method: with pseudo-elements
 ✓ src/components/EngineeringCasesPanel.test.jsx (11 tests) 5246ms
   ✓ shows actual before/after evidence and does not claim automated AI root acceptance  4008ms
   ✓ keeps the historical stop entrance visible when a fault is active  478ms
   ✓ does not assume historical faults are inactive when the API is unavailable  316ms
   ✓ shows loading and permits retry after a failed fetch without stale success  390ms
Not implemented: Window's getComputedStyle() method: with pseudo-elements
Not implemented: Window's getComputedStyle() method: with pseudo-elements
 ✓ src/components/EngineeringDiagnosisSummary.test.jsx (5 tests) 5993ms
   ✓ shows engineering acceptance separately from localization, refutation and untouched cases  5007ms
   ✓ uses current engineering scores while ignoring legacy score fields from a mixed-version server  438ms
   ✓ allows a failed index load to be retried  416ms
 ✓ src/components/DiagnosisSkillOutcomeCard.test.jsx (2 tests) 2843ms
     ✓ shows the Skill produced by a verified diagnosis and exposes its gates  2503ms
     ✓ makes optimization and passed gates visible  330ms
Not implemented: Window's getComputedStyle() method: with pseudo-elements
Not implemented: Window's getComputedStyle() method: with pseudo-elements
Not implemented: Window's getComputedStyle() method: with pseudo-elements
stderr | src/components/SkillExperimentPanel.test.jsx > SkillExperimentPanel > uses the server-assigned arm and never asks the browser to choose one
Warning: [antd: Card] `bordered` is deprecated. Please use `variant` instead.
Warning: [antd: Card] `bordered` is deprecated. Please use `variant` instead.

Not implemented: Window's getComputedStyle() method: with pseudo-elements
Not implemented: Window's getComputedStyle() method: with pseudo-elements
stderr | src/components/SkillExperimentPanel.test.jsx > SkillExperimentPanel > uses the server-assigned arm and never asks the browser to choose one
Warning: [antd: Card] `bordered` is deprecated. Please use `variant` instead.

stderr | src/components/SkillABPanel.test.jsx > SkillABPanel > creates real AUTO and DISABLED diagnoses and reports only observed metrics
Warning: [antd: Card] `bordered` is deprecated. Please use `variant` instead.
Warning: [antd: Card] `bordered` is deprecated. Please use `variant` instead.
Warning: [antd: Card] `bordered` is deprecated. Please use `variant` instead.

stderr | src/components/SkillABPanel.test.jsx > SkillABPanel > creates real AUTO and DISABLED diagnoses and reports only observed metrics
Warning: [antd: Card] `bordered` is deprecated. Please use `variant` instead.

Not implemented: Window's getComputedStyle() method: with pseudo-elements
Not implemented: Window's getComputedStyle() method: with pseudo-elements
Not implemented: Window's getComputedStyle() method: with pseudo-elements
 ✓ src/components/FixVerificationPanel.test.jsx (3 tests) 5267ms
     ✓ shows an explicit unverified outcome when no repair records exist  2317ms
     ✓ does not mistake a load failure for an absent repair  1223ms
     ✓ renders past verification records  1698ms
stderr | src/components/SkillABPanel.test.jsx > SkillABPanel > creates real AUTO and DISABLED diagnoses and reports only observed metrics
Warning: [antd: Card] `bordered` is deprecated. Please use `variant` instead.

stderr | src/components/SkillExperimentPanel.test.jsx > SkillExperimentPanel > uses the server-assigned arm and never asks the browser to choose one
Warning: [antd: Card] `bordered` is deprecated. Please use `variant` instead.

Not implemented: Window's getComputedStyle() method: with pseudo-elements
stderr | src/components/SkillABPanel.test.jsx > SkillABPanel > creates real AUTO and DISABLED diagnoses and reports only observed metrics
Warning: [antd: Card] `bordered` is deprecated. Please use `variant` instead.

stderr | src/components/SkillExperimentPanel.test.jsx > SkillExperimentPanel > uses the server-assigned arm and never asks the browser to choose one
Warning: [antd: Card] `bordered` is deprecated. Please use `variant` instead.

stderr | src/components/SkillABPanel.test.jsx > SkillABPanel > creates real AUTO and DISABLED diagnoses and reports only observed metrics
Warning: [antd: Card] `bordered` is deprecated. Please use `variant` instead.

stderr | src/components/SkillExperimentPanel.test.jsx > SkillExperimentPanel > uses the server-assigned arm and never asks the browser to choose one
Warning: [antd: Card] `bordered` is deprecated. Please use `variant` instead.

Not implemented: Window's getComputedStyle() method: with pseudo-elements
stderr | src/components/ActualExplorationTree.test.jsx > ActualExplorationTree > shows Skill retrieval, full-body loading and cross-round reuse inside the dynamic tree
Warning: [antd: Descriptions] Sum of column `span` in a line not match `column` of Descriptions.
Warning: [antd: Descriptions] Sum of column `span` in a line not match `column` of Descriptions.

stderr | src/components/SkillABPanel.test.jsx > SkillABPanel > creates real AUTO and DISABLED diagnoses and reports only observed metrics
Warning: [antd: Card] `bordered` is deprecated. Please use `variant` instead.

stderr | src/components/SkillABPanel.test.jsx > SkillABPanel > creates real AUTO and DISABLED diagnoses and reports only observed metrics
Warning: [antd: Card] `bordered` is deprecated. Please use `variant` instead.

stderr | src/components/SkillExperimentPanel.test.jsx
Warning: An update to CSSMotion inside a test was not wrapped in act(...).

When testing, code that causes React state updates should be wrapped into act(...):

act(() => {
  /* fire events that update state */
});
/* assert on the output */

This ensures that you're testing the behavior the user would see in the browser. Learn more at https://reactjs.org/link/wrap-tests-with-act
    at D:\tx\mini-drop\web\node_modules\rc-motion\lib\CSSMotion.js:42:32
    at div
    at CSSMotionList (D:\tx\mini-drop\web\node_modules\rc-motion\lib\CSSMotionList.js:41:36)
    at NoticeList (D:\tx\mini-drop\web\node_modules\rc-notification\lib\NoticeList.js:25:26)
    at NotificationProvider (D:\tx\mini-drop\web\node_modules\rc-notification\lib\NotificationProvider.js:11:23)
    at Wrapper (D:\tx\mini-drop\web\node_modules\antd\lib\message\useMessage.js:32:3)
    at D:\tx\mini-drop\web\node_modules\rc-notification\lib\Notifications.js:19:32
    at D:\tx\mini-drop\web\node_modules\antd\lib\message\useMessage.js:52:5
    at D:\tx\mini-drop\web\node_modules\antd\lib\message\index.js:41:5
    at MotionWrapper (D:\tx\mini-drop\web\node_modules\antd\lib\config-provider\MotionWrapper.js:17:30)
    at ProviderChildren (D:\tx\mini-drop\web\node_modules\antd\lib\config-provider\index.js:142:5)
    at ConfigProvider (D:\tx\mini-drop\web\node_modules\antd\lib\config-provider\index.js:444:25)
    at D:\tx\mini-drop\web\node_modules\antd\lib\message\index.js:68:60

stderr | src/components/SkillExperimentPanel.test.jsx
Warning: An update to CSSMotion inside a test was not wrapped in act(...).

When testing, code that causes React state updates should be wrapped into act(...):

act(() => {
  /* fire events that update state */
});
/* assert on the output */

This ensures that you're testing the behavior the user would see in the browser. Learn more at https://reactjs.org/link/wrap-tests-with-act
    at D:\tx\mini-drop\web\node_modules\rc-motion\lib\CSSMotion.js:42:32
    at div
    at CSSMotionList (D:\tx\mini-drop\web\node_modules\rc-motion\lib\CSSMotionList.js:41:36)
    at NoticeList (D:\tx\mini-drop\web\node_modules\rc-notification\lib\NoticeList.js:25:26)
    at NotificationProvider (D:\tx\mini-drop\web\node_modules\rc-notification\lib\NotificationProvider.js:11:23)
    at Wrapper (D:\tx\mini-drop\web\node_modules\antd\lib\message\useMessage.js:32:3)
    at D:\tx\mini-drop\web\node_modules\rc-notification\lib\Notifications.js:19:32
    at D:\tx\mini-drop\web\node_modules\antd\lib\message\useMessage.js:52:5
    at D:\tx\mini-drop\web\node_modules\antd\lib\message\index.js:41:5
    at MotionWrapper (D:\tx\mini-drop\web\node_modules\antd\lib\config-provider\MotionWrapper.js:17:30)
    at ProviderChildren (D:\tx\mini-drop\web\node_modules\antd\lib\config-provider\index.js:142:5)
    at ConfigProvider (D:\tx\mini-drop\web\node_modules\antd\lib\config-provider\index.js:444:25)
    at D:\tx\mini-drop\web\node_modules\antd\lib\message\index.js:68:60

 ❯ src/components/SkillExperimentPanel.test.jsx (1 test | 1 failed) 6016ms
     × uses the server-assigned arm and never asks the browser to choose one 6003ms
stderr | src/components/SkillABPanel.test.jsx > SkillABPanel > creates real AUTO and DISABLED diagnoses and reports only observed metrics
Warning: [antd: Card] `bordered` is deprecated. Please use `variant` instead.

Not implemented: Window's getComputedStyle() method: with pseudo-elements
Not implemented: Window's getComputedStyle() method: with pseudo-elements
Not implemented: Window's getComputedStyle() method: with pseudo-elements
 ✓ src/components/ActualExplorationTree.test.jsx (13 tests) 9826ms
     ✓ uses stable tool IDs and distinguishes failed probes from counter-evidence  2166ms
     ✓ shows the route actually explored, including pruning and direction changes  588ms
     ✓ defaults to the parent-child tree, while keeping the round path as an auxiliary view  520ms
     ✓ renders the current revision and active node from a live snapshot  350ms
     ✓ renders server-provided LATS phase, best path and node scores without flattening the tree  1240ms
     ✓ does not invent LATS metrics for legacy tree nodes  699ms
     ✓ shows frozen snapshot resets and simulations separately from live tool calls  491ms
     ✓ lets a user redirect or challenge a hypothesis node  528ms
     ✓ merges legacy paraphrase nodes but preserves descendants and score history  811ms
     ✓ shows Skill retrieval, full-body loading and cross-round reuse inside the dynamic tree  1334ms
     ✓ accepts an event-array Skill trace during a rolling backend upgrade  431ms
     ✓ projects the persisted activation and observed-route overlay returned by the backend  461ms
Not implemented: Window's getComputedStyle() method: with pseudo-elements
stderr | src/components/SkillABPanel.test.jsx > SkillABPanel > keeps an earlier supported hypothesis visible when a later branch is insufficient
Warning: [antd: Card] `bordered` is deprecated. Please use `variant` instead.
Warning: [antd: Card] `bordered` is deprecated. Please use `variant` instead.
Warning: [antd: Card] `bordered` is deprecated. Please use `variant` instead.
Warning: [antd: Card] `bordered` is deprecated. Please use `variant` instead.

stderr | src/components/SkillABPanel.test.jsx > SkillABPanel > keeps an earlier supported hypothesis visible when a later branch is insufficient
Warning: [antd: Card] `bordered` is deprecated. Please use `variant` instead.

 ✓ src/components/LatsReplayPanel.test.jsx (2 tests) 4444ms
     ✓ creates a fresh UUID session and opens the returned diagnosis immediately  4056ms
     ✓ announces a catalog error and offers a retry  366ms
stderr | src/components/SkillABPanel.test.jsx > SkillABPanel > keeps an earlier supported hypothesis visible when a later branch is insufficient
Warning: [antd: Card] `bordered` is deprecated. Please use `variant` instead.

stderr | src/components/SkillABPanel.test.jsx > SkillABPanel > keeps an earlier supported hypothesis visible when a later branch is insufficient
Warning: [antd: Card] `bordered` is deprecated. Please use `variant` instead.

stderr | src/components/SkillABPanel.test.jsx > SkillABPanel > keeps an earlier supported hypothesis visible when a later branch is insufficient
Warning: [antd: Card] `bordered` is deprecated. Please use `variant` instead.

stderr | src/components/ScopeCard.test.jsx > ScopeCard secure target discovery > requires an explicit closed selection when multiple candidates are eligible
Warning: An update to InternalFormItem inside a test was not wrapped in act(...).

When testing, code that causes React state updates should be wrapped into act(...):

act(() => {
  /* fire events that update state */
});
/* assert on the output */

This ensures that you're testing the behavior the user would see in the browser. Learn more at https://reactjs.org/link/wrap-tests-with-act
    at InternalFormItem (D:\tx\mini-drop\web\node_modules\antd\lib\form\FormItem\index.js:58:5)
    at div
    at D:\tx\mini-drop\web\node_modules\antd\lib\grid\col.js:40:13
    at div
    at D:\tx\mini-drop\web\node_modules\antd\lib\grid\row.js:57:18
    at form
    at Form (D:\tx\mini-drop\web\node_modules\rc-field-form\lib\Form.js:21:19)
    at NoFormStyle (D:\tx\mini-drop\web\node_modules\antd\lib\form\context.js:32:3)
    at FormProvider (D:\tx\mini-drop\web\node_modules\rc-field-form\lib\FormContext.js:19:31)
    at FormProvider
    at DisabledContextProvider (D:\tx\mini-drop\web\node_modules\antd\lib\config-provider\DisabledContext.js:12:3)
    at InternalForm (D:\tx\mini-drop\web\node_modules\antd\lib\form\Form.js:50:33)
    at div
    at Item (D:\tx\mini-drop\web\node_modules\antd\lib\space\Item.js:12:3)
    at div
    at D:\tx\mini-drop\web\node_modules\antd\lib\space\index.js:44:39
    at div
    at div
    at D:\tx\mini-drop\web\node_modules\antd\lib\card\Card.js:53:18
    at ScopeCard (D:/tx/mini-drop/web/src/components/ScopeCard.jsx:57:22)
Warning: An update to Field inside a test was not wrapped in act(...).

When testing, code that causes React state updates should be wrapped into act(...):

act(() => {
  /* fire events that update state */
});
/* assert on the output */

This ensures that you're testing the behavior the user would see in the browser. Learn more at https://reactjs.org/link/wrap-tests-with-act
    at Field (D:\tx\mini-drop\web\node_modules\rc-field-form\lib\Field.js:49:34)
    at WrapperField (D:\tx\mini-drop\web\node_modules\rc-field-form\lib\Field.js:598:20)
    at InternalFormItem (D:\tx\mini-drop\web\node_modules\antd\lib\form\FormItem\index.js:58:5)
    at div
    at D:\tx\mini-drop\web\node_modules\antd\lib\grid\col.js:40:13
    at div
    at D:\tx\mini-drop\web\node_modules\antd\lib\grid\row.js:57:18
    at form
    at Form (D:\tx\mini-drop\web\node_modules\rc-field-form\lib\Form.js:21:19)
    at NoFormStyle (D:\tx\mini-drop\web\node_modules\antd\lib\form\context.js:32:3)
    at FormProvider (D:\tx\mini-drop\web\node_modules\rc-field-form\lib\FormContext.js:19:31)
    at FormProvider
    at DisabledContextProvider (D:\tx\mini-drop\web\node_modules\antd\lib\config-provider\DisabledContext.js:12:3)
    at InternalForm (D:\tx\mini-drop\web\node_modules\antd\lib\form\Form.js:50:33)
    at div
    at Item (D:\tx\mini-drop\web\node_modules\antd\lib\space\Item.js:12:3)
    at div
    at D:\tx\mini-drop\web\node_modules\antd\lib\space\index.js:44:39
    at div
    at div
    at D:\tx\mini-drop\web\node_modules\antd\lib\card\Card.js:53:18
    at ScopeCard (D:/tx/mini-drop/web/src/components/ScopeCard.jsx:57:22)

stderr | src/components/SkillABPanel.test.jsx > SkillABPanel > keeps an earlier supported hypothesis visible when a later branch is insufficient
Warning: [antd: Card] `bordered` is deprecated. Please use `variant` instead.

stderr | src/components/SkillABPanel.test.jsx > SkillABPanel > keeps an earlier supported hypothesis visible when a later branch is insufficient
Warning: [antd: Card] `bordered` is deprecated. Please use `variant` instead.

stderr | src/components/SkillABPanel.test.jsx > SkillABPanel > keeps an earlier supported hypothesis visible when a later branch is insufficient
Warning: [antd: Card] `bordered` is deprecated. Please use `variant` instead.

Not implemented: Window's getComputedStyle() method: with pseudo-elements
Not implemented: Window's getComputedStyle() method: with pseudo-elements
stderr | src/components/AgentCockpit.test.jsx > AgentCockpit > opens 查看规划假设 in an inspectable modal
Warning: [antd: Table] `index` parameter of `rowKey` function is deprecated. There is no guarantee that it will work as expected.
Warning: [antd: Table] `index` parameter of `rowKey` function is deprecated. There is no guarantee that it will work as expected.

Not implemented: Window's getComputedStyle() method: with pseudo-elements
stderr | src/components/ManagedServicesPanel.test.jsx > starts diagnosis by service identity and symptoms without sending a PID
Warning: An update to CSSMotion inside a test was not wrapped in act(...).

When testing, code that causes React state updates should be wrapped into act(...):

act(() => {
  /* fire events that update state */
});
/* assert on the output */

This ensures that you're testing the behavior the user would see in the browser. Learn more at https://reactjs.org/link/wrap-tests-with-act
    at D:\tx\mini-drop\web\node_modules\rc-motion\lib\CSSMotion.js:42:32
    at DefaultLoadingIcon (D:\tx\mini-drop\web\node_modules\antd\lib\button\DefaultLoadingIcon.js:44:5)
    at button
    at Wave (D:\tx\mini-drop\web\node_modules\antd\lib\_util\wave\index.js:19:5)
    at D:\tx\mini-drop\web\node_modules\antd\lib\button\button.js:60:7
    at div
    at div
    at Item (D:\tx\mini-drop\web\node_modules\antd\lib\space\Item.js:12:3)
    at div
    at D:\tx\mini-drop\web\node_modules\antd\lib\space\index.js:44:39
    at ManagedServicesPanel (D:/tx/mini-drop/web/src/components/ManagedServicesPanel.jsx:304:33)
Warning: An update to CSSMotion inside a test was not wrapped in act(...).

When testing, code that causes React state updates should be wrapped into act(...):

act(() => {
  /* fire events that update state */
});
/* assert on the output */

This ensures that you're testing the behavior the user would see in the browser. Learn more at https://reactjs.org/link/wrap-tests-with-act
    at D:\tx\mini-drop\web\node_modules\rc-motion\lib\CSSMotion.js:42:32
    at DefaultLoadingIcon (D:\tx\mini-drop\web\node_modules\antd\lib\button\DefaultLoadingIcon.js:44:5)
    at button
    at Wave (D:\tx\mini-drop\web\node_modules\antd\lib\_util\wave\index.js:19:5)
    at D:\tx\mini-drop\web\node_modules\antd\lib\button\button.js:60:7
    at div
    at div
    at Item (D:\tx\mini-drop\web\node_modules\antd\lib\space\Item.js:12:3)
    at div
    at D:\tx\mini-drop\web\node_modules\antd\lib\space\index.js:44:39
    at ManagedServicesPanel (D:/tx/mini-drop/web/src/components/ManagedServicesPanel.jsx:304:33)
Warning: An update to CSSMotion inside a test was not wrapped in act(...).

When testing, code that causes React state updates should be wrapped into act(...):

act(() => {
  /* fire events that update state */
});
/* assert on the output */

This ensures that you're testing the behavior the user would see in the browser. Learn more at https://reactjs.org/link/wrap-tests-with-act
    at D:\tx\mini-drop\web\node_modules\rc-motion\lib\CSSMotion.js:42:32
    at DefaultLoadingIcon (D:\tx\mini-drop\web\node_modules\antd\lib\button\DefaultLoadingIcon.js:44:5)
    at button
    at Wave (D:\tx\mini-drop\web\node_modules\antd\lib\_util\wave\index.js:19:5)
    at D:\tx\mini-drop\web\node_modules\antd\lib\button\button.js:60:7
    at div
    at div
    at Item (D:\tx\mini-drop\web\node_modules\antd\lib\space\Item.js:12:3)
    at div
    at D:\tx\mini-drop\web\node_modules\antd\lib\space\index.js:44:39
    at ManagedServicesPanel (D:/tx/mini-drop/web/src/components/ManagedServicesPanel.jsx:304:33)
Warning: An update to CSSMotion inside a test was not wrapped in act(...).

When testing, code that causes React state updates should be wrapped into act(...):

act(() => {
  /* fire events that update state */
});
/* assert on the output */

This ensures that you're testing the behavior the user would see in the browser. Learn more at https://reactjs.org/link/wrap-tests-with-act
    at D:\tx\mini-drop\web\node_modules\rc-motion\lib\CSSMotion.js:42:32
    at DefaultLoadingIcon (D:\tx\mini-drop\web\node_modules\antd\lib\button\DefaultLoadingIcon.js:44:5)
    at button
    at Wave (D:\tx\mini-drop\web\node_modules\antd\lib\_util\wave\index.js:19:5)
    at D:\tx\mini-drop\web\node_modules\antd\lib\button\button.js:60:7
    at div
    at div
    at Item (D:\tx\mini-drop\web\node_modules\antd\lib\space\Item.js:12:3)
    at div
    at D:\tx\mini-drop\web\node_modules\antd\lib\space\index.js:44:39
    at ManagedServicesPanel (D:/tx/mini-drop/web/src/components/ManagedServicesPanel.jsx:304:33)
Warning: An update to CSSMotion inside a test was not wrapped in act(...).

When testing, code that causes React state updates should be wrapped into act(...):

act(() => {
  /* fire events that update state */
});
/* assert on the output */

This ensures that you're testing the behavior the user would see in the browser. Learn more at https://reactjs.org/link/wrap-tests-with-act
    at D:\tx\mini-drop\web\node_modules\rc-motion\lib\CSSMotion.js:42:32
    at DefaultLoadingIcon (D:\tx\mini-drop\web\node_modules\antd\lib\button\DefaultLoadingIcon.js:44:5)
    at button
    at Wave (D:\tx\mini-drop\web\node_modules\antd\lib\_util\wave\index.js:19:5)
    at D:\tx\mini-drop\web\node_modules\antd\lib\button\button.js:60:7
    at div
    at div
    at Item (D:\tx\mini-drop\web\node_modules\antd\lib\space\Item.js:12:3)
    at div
    at D:\tx\mini-drop\web\node_modules\antd\lib\space\index.js:44:39
    at ManagedServicesPanel (D:/tx/mini-drop/web/src/components/ManagedServicesPanel.jsx:304:33)

 ❯ src/components/MentorComplexShowcase.test.jsx (2 tests | 1 failed) 7024ms
     × replays only the diagnosis passed by the active workspace 5113ms
     ✓ shows the candidate Skill produced by the same diagnosis  1897ms
Not implemented: Window's getComputedStyle() method: with pseudo-elements
Not implemented: Window's getComputedStyle() method: with pseudo-elements
stderr | src/components/SkillABPanel.test.jsx > SkillABPanel > restores a real A/B pair after leaving and returning to the validation center
Warning: [antd: Card] `bordered` is deprecated. Please use `variant` instead.
Warning: [antd: Card] `bordered` is deprecated. Please use `variant` instead.
Warning: [antd: Card] `bordered` is deprecated. Please use `variant` instead.
Warning: [antd: Card] `bordered` is deprecated. Please use `variant` instead.

stderr | src/components/AgentCockpit.test.jsx > AgentCockpit > opens 查看工具调用 in an inspectable modal
Warning: [antd: Table] `index` parameter of `rowKey` function is deprecated. There is no guarantee that it will work as expected.
Warning: [antd: Table] `index` parameter of `rowKey` function is deprecated. There is no guarantee that it will work as expected.

stderr | src/components/SkillABPanel.test.jsx > SkillABPanel > restores a real A/B pair after leaving and returning to the validation center
Warning: [antd: Card] `bordered` is deprecated. Please use `variant` instead.

stderr | src/components/SkillABPanel.test.jsx > SkillABPanel > restores a real A/B pair after leaving and returning to the validation center
Warning: [antd: Card] `bordered` is deprecated. Please use `variant` instead.

Not implemented: Window's getComputedStyle() method: with pseudo-elements
stderr | src/components/SkillABPanel.test.jsx > SkillABPanel > restores a real A/B pair after leaving and returning to the validation center
Warning: [antd: Card] `bordered` is deprecated. Please use `variant` instead.

stderr | src/components/SkillABPanel.test.jsx > SkillABPanel > restores a real A/B pair after leaving and returning to the validation center
Warning: [antd: Card] `bordered` is deprecated. Please use `variant` instead.

stderr | src/components/SkillABPanel.test.jsx > SkillABPanel > restores a real A/B pair after leaving and returning to the validation center
Warning: [antd: Card] `bordered` is deprecated. Please use `variant` instead.

stderr | src/components/SkillABPanel.test.jsx > SkillABPanel > restores a real A/B pair after leaving and returning to the validation center
Warning: [antd: Card] `bordered` is deprecated. Please use `variant` instead.

stderr | src/components/SkillABPanel.test.jsx > SkillABPanel > restores a real A/B pair after leaving and returning to the validation center
Warning: [antd: Card] `bordered` is deprecated. Please use `variant` instead.

Not implemented: Window's getComputedStyle() method: with pseudo-elements
Not implemented: Window's getComputedStyle() method: with pseudo-elements
stderr | src/components/AgentCockpit.test.jsx > AgentCockpit > opens 查看证据 in an inspectable modal
Warning: [antd: Table] `index` parameter of `rowKey` function is deprecated. There is no guarantee that it will work as expected.
Warning: [antd: Table] `index` parameter of `rowKey` function is deprecated. There is no guarantee that it will work as expected.

Not implemented: Window's getComputedStyle() method: with pseudo-elements
stderr | src/components/SkillABPanel.test.jsx > SkillABPanel > restores a real A/B pair after leaving and returning to the validation center
Warning: [antd: Card] `bordered` is deprecated. Please use `variant` instead.
Warning: [antd: Card] `bordered` is deprecated. Please use `variant` instead.

stderr | src/components/SkillABPanel.test.jsx > SkillABPanel > restores a real A/B pair after leaving and returning to the validation center
Warning: [antd: Card] `bordered` is deprecated. Please use `variant` instead.

stderr | src/components/SkillABPanel.test.jsx > SkillABPanel > restores a real A/B pair after leaving and returning to the validation center
Warning: [antd: Card] `bordered` is deprecated. Please use `variant` instead.

stderr | src/components/SkillABPanel.test.jsx > SkillABPanel > restores a real A/B pair after leaving and returning to the validation center
Warning: [antd: Card] `bordered` is deprecated. Please use `variant` instead.

 ❯ src/components/SkillABPanel.test.jsx (5 tests | 1 failed) 9271ms
     ✓ does not score two verified observations as two verified roots 8ms
     × creates real AUTO and DISABLED diagnoses and reports only observed metrics 5949ms
     ✓ quantifies when Skill reaches the decisive collector earlier 2ms
     ✓ keeps an earlier supported hypothesis visible when a later branch is insufficient  1432ms
     ✓ restores a real A/B pair after leaving and returning to the validation center  1870ms
 ✓ src/components/AppLayout.test.jsx (4 tests) 4630ms
     ✓ shows the fallback indicator until the shared stream opens  3621ms
     ✓ returns to the fallback indicator when the stream errors  437ms
     ✓ opens exactly one control connection for the whole shell  321ms
Not implemented: Window's getComputedStyle() method: with pseudo-elements
Not implemented: Window's getComputedStyle() method: with pseudo-elements
Not implemented: Window's getComputedStyle() method: with pseudo-elements
stderr | src/components/AgentCockpit.test.jsx > AgentCockpit > renders evidence roles and gate states as Chinese labels
Warning: [antd: Table] `index` parameter of `rowKey` function is deprecated. There is no guarantee that it will work as expected.
Warning: [antd: Table] `index` parameter of `rowKey` function is deprecated. There is no guarantee that it will work as expected.

 ✓ src/pages/Schedules.test.jsx (3 tests) 7264ms
     ✓ renders the schedule list  4380ms
     ✓ renders an empty state when no schedules exist  600ms
     ✓ opens the creation drawer from the primary action  2214ms
Not implemented: Window's getComputedStyle() method: with pseudo-elements
stderr | src/pages/AgentDetail.test.jsx > ignores late responses from another agent and resets the trend on navigation
Warning: [antd: Descriptions] `labelStyle` is deprecated. Please use `styles={{ label: {} }}` instead.
Warning: [antd: Descriptions] `contentStyle` is deprecated. Please use `styles={{ content: {} }}` instead.
Warning: [antd: Descriptions] Sum of column `span` in a line not match `column` of Descriptions.

stderr | src/pages/AgentDetail.test.jsx > ignores late responses from another agent and resets the trend on navigation
Warning: [antd: Descriptions] `labelStyle` is deprecated. Please use `styles={{ label: {} }}` instead.
Warning: [antd: Descriptions] `contentStyle` is deprecated. Please use `styles={{ content: {} }}` instead.
Warning: [antd: Descriptions] Sum of column `span` in a line not match `column` of Descriptions.

stderr | src/pages/AgentDetail.test.jsx > ignores late responses from another agent and resets the trend on navigation
Warning: [antd: Descriptions] `labelStyle` is deprecated. Please use `styles={{ label: {} }}` instead.
Warning: [antd: Descriptions] `contentStyle` is deprecated. Please use `styles={{ content: {} }}` instead.
Warning: [antd: Descriptions] Sum of column `span` in a line not match `column` of Descriptions.

stderr | src/pages/AgentDetail.test.jsx > ignores late responses from another agent and resets the trend on navigation
Warning: [antd: Descriptions] `labelStyle` is deprecated. Please use `styles={{ label: {} }}` instead.
Warning: [antd: Descriptions] `contentStyle` is deprecated. Please use `styles={{ content: {} }}` instead.
Warning: [antd: Descriptions] Sum of column `span` in a line not match `column` of Descriptions.

Not implemented: Window's getComputedStyle() method: with pseudo-elements
Not implemented: Window's getComputedStyle() method: with pseudo-elements
stderr | src/pages/AgentDetail.test.jsx > ignores late responses from another agent and resets the trend on navigation
Warning: [antd: Descriptions] `labelStyle` is deprecated. Please use `styles={{ label: {} }}` instead.
Warning: [antd: Descriptions] `contentStyle` is deprecated. Please use `styles={{ content: {} }}` instead.
Warning: [antd: Descriptions] Sum of column `span` in a line not match `column` of Descriptions.

Not implemented: Window's getComputedStyle() method: with pseudo-elements
 ✓ src/components/AgentCockpit.test.jsx (13 tests) 10886ms
     ✓ shows eight real metric buttons, including LATS, and the persisted runtime identity  2926ms
     ✓ shows live LATS phase, selection, best path, budget and termination without claiming rollback  1227ms
     ✓ keeps old diagnoses readable when LATS metadata is absent  558ms
     ✓ shows auditable RAG sources while keeping knowledge outside the Evidence layer  859ms
     ✓ opens 查看当前阶段 / 轮次 in an inspectable modal  434ms
     ✓ opens 查看规划假设 in an inspectable modal  732ms
     ✓ opens 查看工具调用 in an inspectable modal  424ms
     ✓ opens 查看证据 in an inspectable modal  585ms
     ✓ separates session context and Skill route memory from factual Evidence  975ms
     ✓ renders evidence roles and gate states as Chinese labels  443ms
     ✓ shows derived evaluation rates and keeps Skill publication human-controlled  1092ms
     ✓ shows the actual checkpoint backend when PostgreSQL has degraded to memory  353ms
Not implemented: Window's getComputedStyle() method: with pseudo-elements
stderr | src/pages/AgentDetail.test.jsx > ignores late responses from another agent and resets the trend on navigation
Warning: [antd: Descriptions] `labelStyle` is deprecated. Please use `styles={{ label: {} }}` instead.
Warning: [antd: Descriptions] `contentStyle` is deprecated. Please use `styles={{ content: {} }}` instead.
Warning: [antd: Descriptions] Sum of column `span` in a line not match `column` of Descriptions.

 ✓ src/components/FlamegraphViewer.test.jsx (4 tests) 5678ms
     ✓ renders a 10k-node flamegraph without crashing  3398ms
     ✓ renders Java HTML as SVG data without inserting an executable iframe  991ms
     ✓ does not show a late response from the previously selected task  1132ms
Not implemented: Window's getComputedStyle() method: with pseudo-elements
stderr | src/pages/AgentDetail.test.jsx > shows a request error and retry instead of only claiming the agent does not exist
Warning: [antd: Descriptions] `labelStyle` is deprecated. Please use `styles={{ label: {} }}` instead.
Warning: [antd: Descriptions] `contentStyle` is deprecated. Please use `styles={{ content: {} }}` instead.
Warning: [antd: Descriptions] Sum of column `span` in a line not match `column` of Descriptions.

stderr | src/pages/AgentDetail.test.jsx > shows a request error and retry instead of only claiming the agent does not exist
Warning: [antd: Descriptions] `labelStyle` is deprecated. Please use `styles={{ label: {} }}` instead.
Warning: [antd: Descriptions] `contentStyle` is deprecated. Please use `styles={{ content: {} }}` instead.
Warning: [antd: Descriptions] Sum of column `span` in a line not match `column` of Descriptions.

 ❯ src/pages/AgentDetail.test.jsx (2 tests | 1 failed) 6500ms
   × ignores late responses from another agent and resets the trend on navigation 5471ms
   ✓ shows a request error and retry instead of only claiming the agent does not exist  1020ms
 ✓ src/components/ScopeCard.test.jsx (13 tests) 14816ms
     ✓ hides raw authority clarification prompts resolved by secure discovery  4231ms
     ✓ auto-selects exactly one eligible server candidate  1403ms
     ✓ requires an explicit closed selection when multiple candidates are eligible  1927ms
     ✓ shows a distinct EMPTY state and disables submission  595ms
     ✓ shows a distinct STALE state and disables submission  987ms
     ✓ shows a distinct UNAVAILABLE state and disables submission  698ms
     ✓ shows a distinct TRUNCATED state and disables submission  548ms
     ✓ ignores unsafe legacy draft fields and discards a mismatched discovery draft  473ms
     ✓ restores only a binding from the matching discovery and persists safe draft fields  400ms
     ✓ fails closed when the selected binding disappears on refresh  771ms
     ✓ submits expected version and binding authority without raw agent or PID  1144ms
     ✓ does not resubmit an immutable server time range  1059ms
     ✓ ignores a late discovery response after switching diagnoses  570ms
 ✓ src/hooks/SSEContext.test.jsx (4 tests) 474ms
Not implemented: Window's getComputedStyle() method: with pseudo-elements
 ✓ src/components/ChatThread.test.jsx (9 tests) 3968ms
     ✓ keeps fix verification disabled for an observation in simple mode  1811ms
     ✓ keeps fix verification disabled for an observation in expert mode  302ms
     ✓ keeps the fix workflow available for an explicitly causal report  316ms
     ✓ renders human interventions as additional conversation rounds  313ms
     ✓ semantically merges a repeated cause without dropping later-round activity  303ms
 ✓ src/components/ToolCallCard.test.jsx (3 tests) 4524ms
     ✓ shows approve/reject for a pending approval tool  2330ms
     ✓ keeps the server-bound agent and PID immutable while editing sampling parameters  2025ms
 ✓ src/components/FaultPlazaPanel.test.jsx (14 tests) 14741ms
     ✓ prefers current engineering localization over a frozen strict failure  4071ms
     ✓ shows the full performance catalog when requested by the performance entry  442ms
     ✓ opens the engineering diagnosis rather than a legacy result without injecting a fault  1108ms
     ✓ never falls back to a legacy score while engineering data is unavailable (legacy passed=false)  712ms
     ✓ never falls back to a legacy score while engineering data is unavailable (legacy passed=true)  460ms
     ✓ keeps all 21 current engineering scenario grades independent of old failures  4139ms
     ✓ starts an allowlisted real fault and forwards its diagnosis request  586ms
     ✓ stops an injected fault when diagnosis creation fails  645ms
     ✓ silently refreshes while a visible fault scenario is active  327ms
     ✓ disables Skill A/B when the server reports no published route  432ms
     ✓ shows one recommended scenario per runtime with counts and non-Python runtimes first  595ms
     ✓ filters by runtime while keeping an active scenario visible for safe stopping  463ms
     ✓ shows runtime investigation metadata and disables only the unavailable scenario  499ms
 ❯ src/components/ManagedServicesPanel.test.jsx (12 tests | 1 failed) 15283ms
   × switches the service inspector and sends the selected service identity 5307ms
   ✓ starts diagnosis by service identity and symptoms without sending a PID  904ms
   ✓ disables diagnosis for stale observations  501ms
   ✓ checks the current state without requiring a fault description  585ms
   ✓ shows real RAG stages and leaves unavailable stages empty  1043ms
   ✓ keeps a current check separate from a selected historical request  771ms
   ✓ shows a real upload's chunking, indexing and process usage  884ms
   ✓ does not retain actionable status after a failed refresh  609ms
   ✓ submits only the selected request ID and rejects an expired selection  1540ms
   ✓ checks both original 2000ms comparisons after preparation (3507)  1124ms
   ✓ checks both original 2000ms comparisons after preparation (3407)  1040ms
   ✓ checks both original 2000ms comparisons after preparation (3448)  965ms
Not implemented: Window's getComputedStyle() method: with pseudo-elements
stderr | src/pages/TaskResult.test.jsx > TaskResult collection boundary > rejects an explicit zero-sample artifact instead of rendering an empty flamegraph
Warning: [antd: Table] `index` parameter of `rowKey` function is deprecated. There is no guarantee that it will work as expected.

stderr | src/pages/TaskResult.test.jsx > TaskResult collection boundary > rejects an explicit zero-sample artifact instead of rendering an empty flamegraph
Warning: [antd: Table] `index` parameter of `rowKey` function is deprecated. There is no guarantee that it will work as expected.

Not implemented: Window's getComputedStyle() method: with pseudo-elements
Not implemented: Window's getComputedStyle() method: with pseudo-elements
stderr | src/pages/TaskResult.test.jsx > TaskResult collection boundary > renders continuous window outcomes in Chinese
Warning: [antd: Table] `index` parameter of `rowKey` function is deprecated. There is no guarantee that it will work as expected.

stderr | src/pages/TaskResult.test.jsx > TaskResult collection boundary > renders continuous window outcomes in Chinese
Warning: [antd: Table] `index` parameter of `rowKey` function is deprecated. There is no guarantee that it will work as expected.

 ✓ src/pages/TaskResult.test.jsx (4 tests) 4798ms
     ✓ renders collection results and points diagnosis to the V2 workspace  2474ms
     ✓ rejects an explicit zero-sample artifact instead of rendering an empty flamegraph  1640ms
     ✓ renders continuous window outcomes in Chinese  669ms
 ✓ src/hooks/usePolling.test.jsx (3 tests) 141ms
 ✓ src/hooks/useSSE.test.jsx (13 tests) 168ms
 ✓ src/components/SafeMarkdown.test.jsx (4 tests) 304ms
 ✓ src/components/PerformanceDiagnosisSummary.test.jsx (3 tests) 123ms
Not implemented: Window's getComputedStyle() method: with pseudo-elements
 ✓ src/components/HealthCheckActions.test.jsx (5 tests) 2661ms
     ✓ creates a fresh sampling session for NORMAL_OBSERVED  2030ms
 ✓ src/utils/diagnosisDisplay.test.js (6 tests) 25ms
 ✓ src/utils/observationAssessment.test.js (20 tests) 22ms
 ✓ src/utils/reportPresentation.test.js (31 tests) 31ms
 ✓ src/utils/asyncProfiler.test.js (8 tests) 23ms
 ✓ src/utils/parseJsonOffMainThread.test.js (1 test) 17ms
 ✓ src/utils/latsReplay.test.js (3 tests) 13ms
 ✓ src/utils/skillBenchmark.test.js (7 tests) 16ms
 ✓ src/utils/sysMetrics.test.js (3 tests) 14ms
 ✓ src/utils/parseJsonPayload.test.js (2 tests) 16ms
 ✓ src/utils/agentMetrics.test.js (2 tests) 12ms
 ✓ src/components/DiagnosisPathPanel.test.jsx (2 tests) 1358ms
     ✓ shows Chinese event and actor labels, with raw protocol codes in secondary details  1338ms
 ✓ src/utils/latsSearch.test.js (8 tests) 12ms
Not implemented: Window's getComputedStyle() method: with pseudo-elements
 ✓ src/utils/diagnosisQuery.test.js (3 tests) 9ms
stderr | src/pages/AIDiagnosis.test.jsx > AIDiagnosis V2 workspace > does not submit while confirming a Chinese IME composition
Warning: An update to AIDiagnosis inside a test was not wrapped in act(...).

When testing, code that causes React state updates should be wrapped into act(...):

act(() => {
  /* fire events that update state */
});
/* assert on the output */

This ensures that you're testing the behavior the user would see in the browser. Learn more at https://reactjs.org/link/wrap-tests-with-act
    at AIDiagnosis (D:/tx/mini-drop/web/src/pages/AIDiagnosis.jsx:198:68)
Warning: An update to AIDiagnosis inside a test was not wrapped in act(...).

When testing, code that causes React state updates should be wrapped into act(...):

act(() => {
  /* fire events that update state */
});
/* assert on the output */

This ensures that you're testing the behavior the user would see in the browser. Learn more at https://reactjs.org/link/wrap-tests-with-act
    at AIDiagnosis (D:/tx/mini-drop/web/src/pages/AIDiagnosis.jsx:198:68)
Warning: An update to AIDiagnosis inside a test was not wrapped in act(...).

When testing, code that causes React state updates should be wrapped into act(...):

act(() => {
  /* fire events that update state */
});
/* assert on the output */

This ensures that you're testing the behavior the user would see in the browser. Learn more at https://reactjs.org/link/wrap-tests-with-act
    at AIDiagnosis (D:/tx/mini-drop/web/src/pages/AIDiagnosis.jsx:198:68)
Warning: An update to AIDiagnosis inside a test was not wrapped in act(...).

When testing, code that causes React state updates should be wrapped into act(...):

act(() => {
  /* fire events that update state */
});
/* assert on the output */

This ensures that you're testing the behavior the user would see in the browser. Learn more at https://reactjs.org/link/wrap-tests-with-act
    at AIDiagnosis (D:/tx/mini-drop/web/src/pages/AIDiagnosis.jsx:198:68)
Warning: An update to ForwardRef inside a test was not wrapped in act(...).

When testing, code that causes React state updates should be wrapped into act(...):

act(() => {
  /* fire events that update state */
});
/* assert on the output */

This ensures that you're testing the behavior the user would see in the browser. Learn more at https://reactjs.org/link/wrap-tests-with-act
    at D:\tx\mini-drop\web\node_modules\antd\lib\message\useMessage.js:52:5
    at div
    at AIDiagnosis (D:/tx/mini-drop/web/src/pages/AIDiagnosis.jsx:198:68)

 ✓ src/components/PlannerBlock.test.jsx (1 test) 728ms
     ✓ merges cross-round paraphrases while keeping the latest state and unique causes  721ms
 ✓ src/components/StatusTag.test.jsx (2 tests) 545ms
     ✓ shows task and diagnosis states as Chinese labels  515ms
 ✓ src/components/RetrievalOutcomeNotice.test.jsx (3 tests) 467ms
     ✓ shows HEALTHY retrieval without claiming business health  430ms
Not implemented: Window's getComputedStyle() method: with pseudo-elements
 ✓ src/components/ConclusionCard.test.jsx (10 tests) 1395ms
     ✓ explains that inclusive Go function shares overlap  687ms
 ✓ src/components/DiagnosisCaseList.test.jsx (1 test) 1195ms
     ✓ separates FULL_LATS frozen replay sessions from ordinary live diagnoses  1188ms
 ✓ src/components/ObservabilityOverview.test.jsx (16 tests) 1186ms
     ✓ keeps the default view concise and exposes provenance on demand  783ms
 ✓ src/components/DiagnosisFinding.test.jsx (2 tests) 418ms
     ✓ retains a supported report when a later branch is inconclusive, without hiding limitations  407ms
 ✓ src/components/PlanningOutputCard.test.jsx (10 tests) 627ms
Not implemented: Window's getComputedStyle() method: with pseudo-elements
 ✓ src/components/EvalPanel.test.jsx (2 tests) 458ms
     ✓ defaults to performance experiments and keeps engineering regressions separate  400ms
 ✓ src/components/EvidenceCard.test.jsx (2 tests) 408ms
     ✓ uses Chinese evidence role, gate decision, tool and observation labels  358ms
Not implemented: Window's getComputedStyle() method: with pseudo-elements
Not implemented: Window's getComputedStyle() method: with pseudo-elements
 ✓ src/pages/AIDiagnosis.test.jsx (20 tests) 18383ms
     ✓ finishes a measured healthy check without a root report and offers fresh sampling  4398ms
     ✓ keeps a deep link available for retry after a transient list failure  597ms
     ✓ retains the requested case while React replays asynchronous state updates  832ms
     ✓ confirms cancellation with session version and refreshes the terminal record  2034ms
     ✓ hides cancellation on completed records  971ms
     ✓ does not automatically generate a skill from a bounded observation  652ms
     ✓ does not use an earlier verified branch to generate a skill from a later insufficient report  640ms
     ✓ still generates a candidate from a completed diagnosis with an eligible latest report  557ms
     ✓ preserves a same-session report on partial and core refresh failures, but clears it when switching sessions  2499ms
     ✓ renders only Drop Insight V2 diagnoses  1464ms
     ✓ uses a full-width primary view and only splits when the user asks  823ms
     ✓ lets the user review and edit a tree intervention before starting a new round  685ms
     ✓ merges the active diagnosis replay, exploration tree and Skill decision in a modal  558ms
     ✓ lets the user challenge the current plan from the persistent composer  316ms

⎯⎯⎯⎯⎯⎯⎯ Failed Tests 5 ⎯⎯⎯⎯⎯⎯⎯

 FAIL  src/components/ManagedServicesPanel.test.jsx > switches the service inspector and sends the selected service identity
Error: Test timed out in 5000ms.
If this is a long-running test, pass a timeout value as the last argument or configure it globally with "testTimeout".
 ❯ src/components/ManagedServicesPanel.test.jsx:9:1
      7| const entry = { id: "office", name: "办公助手", status: "OBSERVED", instan…
      8| beforeEach(() => vi.clearAllMocks());
      9| it("switches the service inspector and sends the selected service iden…
       | ^
     10|   listManagedServices.mockResolvedValue({ items: [entry, { ...entry, i…
     11|   startManagedServiceDiagnosis.mockResolvedValue({ diagnosis_id: "insi…

⎯⎯⎯⎯⎯⎯⎯⎯⎯⎯⎯⎯⎯⎯⎯⎯⎯⎯⎯⎯⎯⎯⎯⎯[1/5]⎯

 FAIL  src/components/MentorComplexShowcase.test.jsx > MentorComplexShowcase > replays only the diagnosis passed by the active workspace
Error: Test timed out in 5000ms.
If this is a long-running test, pass a timeout value as the last argument or configure it globally with "testTimeout".
 ❯ src/components/MentorComplexShowcase.test.jsx:25:3
     23|
     24| describe("MentorComplexShowcase", () => {
     25|   it("replays only the diagnosis passed by the active workspace", () =…
       |   ^
     26|     render(
     27|       <MentorComplexShowcase

⎯⎯⎯⎯⎯⎯⎯⎯⎯⎯⎯⎯⎯⎯⎯⎯⎯⎯⎯⎯⎯⎯⎯⎯[2/5]⎯

 FAIL  src/components/SkillABPanel.test.jsx > SkillABPanel > creates real AUTO and DISABLED diagnoses and reports only observed metrics
Error: Test timed out in 5000ms.
If this is a long-running test, pass a timeout value as the last argument or configure it globally with "testTimeout".
 ❯ src/components/SkillABPanel.test.jsx:93:3
     91|   });
     92|
     93|   it("creates real AUTO and DISABLED diagnoses and reports only observ…
       |   ^
     94|     const onCasesChanged = vi.fn();
     95|     render(<SkillABPanel

 Test Files  5 failed | 47 passed (52)
      Tests  5 failed | 325 passed (330)
   Start at  16:30:15
   Duration  61.23s (transform 29.24s, setup 30.62s, import 815.24s, tests 188.55s, environment 184.62s)


⎯⎯⎯⎯⎯⎯⎯⎯⎯⎯⎯⎯⎯⎯⎯⎯⎯⎯⎯⎯⎯⎯⎯⎯[3/5]⎯

 FAIL  src/components/SkillExperimentPanel.test.jsx > SkillExperimentPanel > uses the server-assigned arm and never asks the browser to choose one
Error: Test timed out in 5000ms.
If this is a long-running test, pass a timeout value as the last argument or configure it globally with "testTimeout".
 ❯ src/components/SkillExperimentPanel.test.jsx:57:3
     55|   afterEach(cleanup);
     56|
     57|   it("uses the server-assigned arm and never asks the browser to choos…
       |   ^
     58|     render(<SkillExperimentPanel seedRequest={{ query: "诊断 Go CPU 异常" …
     59|     await screen.findByText("服务端随机实验");

⎯⎯⎯⎯⎯⎯⎯⎯⎯⎯⎯⎯⎯⎯⎯⎯⎯⎯⎯⎯⎯⎯⎯⎯[4/5]⎯

 FAIL  src/pages/AgentDetail.test.jsx > ignores late responses from another agent and resets the trend on navigation
Error: Test timed out in 5000ms.
If this is a long-running test, pass a timeout value as the last argument or configure it globally with "testTimeout".
 ❯ src/pages/AgentDetail.test.jsx:13:1
     11| const agent = (id, ts, cpu) => ({ id, hostname: id, status: "ONLINE", …
     12| beforeEach(() => { vi.clearAllMocks(); state.id = "a"; listTasks.mockR…
     13| it("ignores late responses from another agent and resets the trend on …
       | ^
     14|   listAgents.mockResolvedValue([agent("a", 1000, 180)]);
     15|   const view = render(<AgentDetail />);

⎯⎯⎯⎯⎯⎯⎯⎯⎯⎯⎯⎯⎯⎯⎯⎯⎯⎯⎯⎯⎯⎯⎯⎯[5/5]⎯

