
 Network mini-drop-clean-951a5977fde46315_default  Creating
 Network mini-drop-clean-951a5977fde46315_default  Created
 Volume "mini-drop-clean-951a5977fde46315_agentoutbox"  Creating
 Volume "mini-drop-clean-951a5977fde46315_agentoutbox"  Created
 Volume "mini-drop-clean-951a5977fde46315_miniodata"  Creating
 Volume "mini-drop-clean-951a5977fde46315_miniodata"  Created
 Volume "mini-drop-clean-951a5977fde46315_pgdata"  Creating
 Volume "mini-drop-clean-951a5977fde46315_pgdata"  Created
 Container mini-drop-clean-951a5977fde46315-postgres-1  Creating
 Container mini-drop-clean-951a5977fde46315-python-hotspot-1  Creating
 Container mini-drop-clean-951a5977fde46315-minio-1  Creating
 Container mini-drop-clean-951a5977fde46315-python-hotspot-1  Created
 Container mini-drop-clean-951a5977fde46315-minio-1  Created
 Container mini-drop-clean-951a5977fde46315-postgres-1  Created
 Container mini-drop-clean-951a5977fde46315-migrate-1  Creating
 Container mini-drop-clean-951a5977fde46315-migrate-1  Created
 Container mini-drop-clean-951a5977fde46315-diagnosis-worker-1  Creating
 Container mini-drop-clean-951a5977fde46315-analyzer-1  Creating
 Container mini-drop-clean-951a5977fde46315-control-plane-1  Creating
 Container mini-drop-clean-951a5977fde46315-analyzer-1  Created
 Container mini-drop-clean-951a5977fde46315-diagnosis-worker-1  Created
 Container mini-drop-clean-951a5977fde46315-control-plane-1  Created
 Container mini-drop-clean-951a5977fde46315-apiserver-1  Creating
 Container mini-drop-clean-951a5977fde46315-native-agent-1  Creating
 Container mini-drop-clean-951a5977fde46315-apiserver-1  Created
 Container mini-drop-clean-951a5977fde46315-web-1  Creating
 Container mini-drop-clean-951a5977fde46315-native-agent-1  Created
 Container mini-drop-clean-951a5977fde46315-web-1  Created
 Container mini-drop-clean-951a5977fde46315-postgres-1  Starting
 Container mini-drop-clean-951a5977fde46315-python-hotspot-1  Starting
 Container mini-drop-clean-951a5977fde46315-minio-1  Starting
 Container mini-drop-clean-951a5977fde46315-minio-1  Started
 Container mini-drop-clean-951a5977fde46315-python-hotspot-1  Started
 Container mini-drop-clean-951a5977fde46315-postgres-1  Started
 Container mini-drop-clean-951a5977fde46315-postgres-1  Waiting
 Container mini-drop-clean-951a5977fde46315-minio-1  Waiting
 Container mini-drop-clean-951a5977fde46315-postgres-1  Healthy
 Container mini-drop-clean-951a5977fde46315-minio-1  Healthy
 Container mini-drop-clean-951a5977fde46315-migrate-1  Starting
 Container mini-drop-clean-951a5977fde46315-migrate-1  Started
 Container mini-drop-clean-951a5977fde46315-migrate-1  Waiting
 Container mini-drop-clean-951a5977fde46315-minio-1  Waiting
 Container mini-drop-clean-951a5977fde46315-postgres-1  Waiting
 Container mini-drop-clean-951a5977fde46315-postgres-1  Waiting
 Container mini-drop-clean-951a5977fde46315-migrate-1  Waiting
 Container mini-drop-clean-951a5977fde46315-minio-1  Waiting
 Container mini-drop-clean-951a5977fde46315-minio-1  Waiting
 Container mini-drop-clean-951a5977fde46315-postgres-1  Waiting
 Container mini-drop-clean-951a5977fde46315-migrate-1  Waiting
 Container mini-drop-clean-951a5977fde46315-minio-1  Healthy
 Container mini-drop-clean-951a5977fde46315-postgres-1  Healthy
 Container mini-drop-clean-951a5977fde46315-postgres-1  Healthy
 Container mini-drop-clean-951a5977fde46315-postgres-1  Healthy
 Container mini-drop-clean-951a5977fde46315-minio-1  Healthy
 Container mini-drop-clean-951a5977fde46315-minio-1  Healthy
 Container mini-drop-clean-951a5977fde46315-migrate-1  Exited
 Container mini-drop-clean-951a5977fde46315-diagnosis-worker-1  Starting
 Container mini-drop-clean-951a5977fde46315-migrate-1  Exited
 Container mini-drop-clean-951a5977fde46315-control-plane-1  Starting
 Container mini-drop-clean-951a5977fde46315-migrate-1  Exited
 Container mini-drop-clean-951a5977fde46315-analyzer-1  Starting
 Container mini-drop-clean-951a5977fde46315-analyzer-1  Started
 Container mini-drop-clean-951a5977fde46315-diagnosis-worker-1  Started
 Container mini-drop-clean-951a5977fde46315-control-plane-1  Started
 Container mini-drop-clean-951a5977fde46315-diagnosis-worker-1  Waiting
 Container mini-drop-clean-951a5977fde46315-minio-1  Waiting
 Container mini-drop-clean-951a5977fde46315-postgres-1  Waiting
 Container mini-drop-clean-951a5977fde46315-control-plane-1  Waiting
 Container mini-drop-clean-951a5977fde46315-control-plane-1  Waiting
 Container mini-drop-clean-951a5977fde46315-minio-1  Waiting
 Container mini-drop-clean-951a5977fde46315-minio-1  Healthy
 Container mini-drop-clean-951a5977fde46315-minio-1  Healthy
 Container mini-drop-clean-951a5977fde46315-postgres-1  Healthy
 Container mini-drop-clean-951a5977fde46315-control-plane-1  Healthy
 Container mini-drop-clean-951a5977fde46315-native-agent-1  Starting
 Container mini-drop-clean-951a5977fde46315-control-plane-1  Healthy
 Container mini-drop-clean-951a5977fde46315-native-agent-1  Started
 Container mini-drop-clean-951a5977fde46315-diagnosis-worker-1  Healthy
 Container mini-drop-clean-951a5977fde46315-apiserver-1  Starting
 Container mini-drop-clean-951a5977fde46315-apiserver-1  Started
 Container mini-drop-clean-951a5977fde46315-apiserver-1  Waiting
 Container mini-drop-clean-951a5977fde46315-apiserver-1  Healthy
 Container mini-drop-clean-951a5977fde46315-web-1  Starting
 Container mini-drop-clean-951a5977fde46315-web-1  Started
