2026-10-02T06:49:57.6723839Z Current runner version: '2.337.0'
2026-10-02T06:49:57.6739579Z ##[group]Runner Image Provisioner
2026-10-02T06:49:57.6740084Z Hosted Compute Agent
2026-10-02T06:49:57.6740466Z Version: 20260901.588
2026-10-02T06:49:57.6741024Z Commit: f88ec8081b781fac6c440065ac7ff9e710ce3d0b
2026-10-02T06:49:57.6741427Z Build Date: 2026-09-01T19:56:44Z
2026-10-02T06:49:57.6741852Z Worker ID: {69251cb8-dc69-4433-9bf5-fc7f8909b3e8}
2026-10-02T06:49:57.6742244Z Azure Region: centralus
2026-10-02T06:49:57.6742590Z ##[endgroup]
2026-10-02T06:49:57.6743363Z ##[group]Operating System
2026-10-02T06:49:57.6743691Z Ubuntu
2026-10-02T06:49:57.6744012Z 22.04.5
2026-10-02T06:49:57.6744299Z LTS
2026-10-02T06:49:57.6744602Z ##[endgroup]
2026-10-02T06:49:57.6744911Z ##[group]Runner Image
2026-10-02T06:49:57.6745310Z Image: ubuntu-22.04
2026-10-02T06:49:57.6745665Z Version: 20260927.309.1
2026-10-02T06:49:57.6746356Z Included Software: https://github.com/actions/runner-images/blob/ubuntu22/20260927.309/images/ubuntu/Ubuntu2204-Readme.md
2026-10-02T06:49:57.6747209Z Image Release: https://github.com/actions/runner-images/releases/tag/ubuntu22%2F20260927.309
2026-10-02T06:49:57.6747747Z ##[endgroup]
2026-10-02T06:49:57.6748423Z ##[group]GITHUB_TOKEN Permissions
2026-10-02T06:49:57.6749563Z Contents: read
2026-10-02T06:49:57.6749917Z Metadata: read
2026-10-02T06:49:57.6750230Z Packages: read
2026-10-02T06:49:57.6750547Z ##[endgroup]
2026-10-02T06:49:57.6752065Z Secret source: Actions
2026-10-02T06:49:57.6752613Z Cache mode: write
2026-10-02T06:49:57.6753010Z Prepare workflow directory
2026-10-02T06:49:57.6953862Z Prepare all required actions
2026-10-02T06:49:57.6985111Z Getting action download info
2026-10-02T06:49:57.9206768Z Download action repository 'actions/checkout@v4' (SHA:11d5960a326750d5838078e36cf38b85af677262)
2026-10-02T06:49:57.9780230Z Download action repository 'actions/setup-python@v5' (SHA:a26af69be951a213d495a4c3e4e4022e16d87065)
2026-10-02T06:49:58.0548430Z Download action repository 'actions/upload-artifact@v4' (SHA:ea165f8d65b6e75b540449e92b4886f43607fa02)
2026-10-02T06:49:58.2307021Z Complete job name: HTTP load and recovery (short regression)
2026-10-02T06:49:58.2684892Z ##[group]Run actions/checkout@v4
2026-10-02T06:49:58.2685307Z with:
2026-10-02T06:49:58.2685567Z   repository: llongwang751-arch/mini-drop
2026-10-02T06:49:58.2687941Z   token: ***
2026-10-02T06:49:58.2688178Z   ssh-strict: true
2026-10-02T06:49:58.2688424Z   ssh-user: git
2026-10-02T06:49:58.2688675Z   persist-credentials: true
2026-10-02T06:49:58.2688952Z   clean: true
2026-10-02T06:49:58.2689203Z   sparse-checkout-cone-mode: true
2026-10-02T06:49:58.2689522Z   fetch-depth: 1
2026-10-02T06:49:58.2689766Z   fetch-tags: false
2026-10-02T06:49:58.2690014Z   show-progress: true
2026-10-02T06:49:58.2690263Z   lfs: false
2026-10-02T06:49:58.2690491Z   submodules: false
2026-10-02T06:49:58.2690911Z   set-safe-directory: true
2026-10-02T06:49:58.2691189Z   allow-unsafe-pr-checkout: false
2026-10-02T06:49:58.2691553Z ##[endgroup]
2026-10-02T06:49:58.3292256Z Syncing repository: llongwang751-arch/mini-drop
2026-10-02T06:49:58.3293983Z ##[group]Getting Git version info
2026-10-02T06:49:58.3294546Z Working directory is '/home/runner/work/mini-drop/mini-drop'
2026-10-02T06:49:58.3295226Z [command]/usr/bin/git version
2026-10-02T06:49:58.3298451Z git version 2.55.0
2026-10-02T06:49:58.3310315Z ##[endgroup]
2026-10-02T06:49:58.3319695Z Temporarily overriding HOME='/home/runner/work/_temp/b9aa9c5f-6aab-40b7-9df5-15f4aca75c14' before making global git config changes
2026-10-02T06:49:58.3321135Z Adding repository directory to the temporary git global config as a safe directory
2026-10-02T06:49:58.3322232Z [command]/usr/bin/git config --global --add safe.directory /home/runner/work/mini-drop/mini-drop
2026-10-02T06:49:58.3340566Z Deleting the contents of '/home/runner/work/mini-drop/mini-drop'
2026-10-02T06:49:58.3343309Z ##[group]Initializing the repository
2026-10-02T06:49:58.3345414Z [command]/usr/bin/git init /home/runner/work/mini-drop/mini-drop
2026-10-02T06:49:58.3409761Z hint: Using 'master' as the name for the initial branch. This default branch name
2026-10-02T06:49:58.3411058Z hint: will change to "main" in Git 3.0. To configure the initial branch name
2026-10-02T06:49:58.3411859Z hint: to use in all of your new repositories, which will suppress this warning,
2026-10-02T06:49:58.3412521Z hint: call:
2026-10-02T06:49:58.3412853Z hint:
2026-10-02T06:49:58.3413158Z hint: 	git config --global init.defaultBranch <name>
2026-10-02T06:49:58.3413495Z hint:
2026-10-02T06:49:58.3413815Z hint: Names commonly chosen instead of 'master' are 'main', 'trunk' and
2026-10-02T06:49:58.3414332Z hint: 'development'. The just-created branch can be renamed via this command:
2026-10-02T06:49:58.3414737Z hint:
2026-10-02T06:49:58.3414966Z hint: 	git branch -m <name>
2026-10-02T06:49:58.3415226Z hint:
2026-10-02T06:49:58.3415651Z hint: Disable this message with "git config set advice.defaultBranchName false"
2026-10-02T06:49:58.3416378Z Initialized empty Git repository in /home/runner/work/mini-drop/mini-drop/.git/
2026-10-02T06:49:58.3417363Z [command]/usr/bin/git remote add origin https://github.com/llongwang751-arch/mini-drop
2026-10-02T06:49:58.3438496Z ##[endgroup]
2026-10-02T06:49:58.3439177Z ##[group]Disabling automatic garbage collection
2026-10-02T06:49:58.3441165Z [command]/usr/bin/git config --local gc.auto 0
2026-10-02T06:49:58.3458520Z ##[endgroup]
2026-10-02T06:49:58.3459032Z ##[group]Setting up auth
2026-10-02T06:49:58.3463748Z [command]/usr/bin/git config --local --name-only --get-regexp core\.sshCommand
2026-10-02T06:49:58.3480465Z [command]/usr/bin/git submodule foreach --recursive sh -c "git config --local --name-only --get-regexp 'core\.sshCommand' && git config --local --unset-all 'core.sshCommand' || :"
2026-10-02T06:49:58.3658984Z [command]/usr/bin/git config --local --name-only --get-regexp http\.https\:\/\/github\.com\/\.extraheader
2026-10-02T06:49:58.3677129Z [command]/usr/bin/git submodule foreach --recursive sh -c "git config --local --name-only --get-regexp 'http\.https\:\/\/github\.com\/\.extraheader' && git config --local --unset-all 'http.https://github.com/.extraheader' || :"
2026-10-02T06:49:58.3794288Z [command]/usr/bin/git config --local --name-only --get-regexp ^includeIf\.gitdir:
2026-10-02T06:49:58.3811442Z [command]/usr/bin/git submodule foreach --recursive git config --local --show-origin --name-only --get-regexp remote.origin.url
2026-10-02T06:49:58.3909635Z [command]/usr/bin/git config --local http.https://github.com/.extraheader AUTHORIZATION: basic ***
2026-10-02T06:49:58.3929958Z ##[endgroup]
2026-10-02T06:49:58.3930390Z ##[group]Fetching the repository
2026-10-02T06:49:58.3935851Z [command]/usr/bin/git -c protocol.version=2 fetch --no-tags --prune --no-recurse-submodules --depth=1 origin +72d452542007e1a01cfb2f923c6fa72471b6fb39:refs/remotes/pull/1/merge
2026-10-02T06:50:05.4214688Z From https://github.com/llongwang751-arch/mini-drop
2026-10-02T06:50:05.4217133Z  * [new ref]         72d452542007e1a01cfb2f923c6fa72471b6fb39 -> pull/1/merge
2026-10-02T06:50:05.4219595Z ##[endgroup]
2026-10-02T06:50:05.4220400Z ##[group]Determining the checkout info
2026-10-02T06:50:05.4221429Z ##[endgroup]
2026-10-02T06:50:05.4223252Z [command]/usr/bin/git sparse-checkout disable
2026-10-02T06:50:05.4246501Z [command]/usr/bin/git config --local --unset-all extensions.worktreeConfig
2026-10-02T06:50:05.4260500Z ##[group]Checking out the ref
2026-10-02T06:50:05.4262372Z [command]/usr/bin/git checkout --progress --force refs/remotes/pull/1/merge
2026-10-02T06:50:06.0531891Z Note: switching to 'refs/remotes/pull/1/merge'.
2026-10-02T06:50:06.0532329Z 
2026-10-02T06:50:06.0532569Z You are in 'detached HEAD' state. You can look around, make experimental
2026-10-02T06:50:06.0533093Z changes and commit them, and you can discard any commits you make in this
2026-10-02T06:50:06.0533608Z state without impacting any branches by switching back to a branch.
2026-10-02T06:50:06.0533904Z 
2026-10-02T06:50:06.0534133Z If you want to create a new branch to retain commits you create, you may
2026-10-02T06:50:06.0534868Z do so (now or later) by using -c with the switch command. Example:
2026-10-02T06:50:06.0535126Z 
2026-10-02T06:50:06.0535270Z   git switch -c <new-branch-name>
2026-10-02T06:50:06.0535469Z 
2026-10-02T06:50:06.0535599Z Or undo this operation with:
2026-10-02T06:50:06.0535778Z 
2026-10-02T06:50:06.0535895Z   git switch -
2026-10-02T06:50:06.0536048Z 
2026-10-02T06:50:06.0536287Z Turn off this advice by setting config variable advice.detachedHead to false
2026-10-02T06:50:06.0536584Z 
2026-10-02T06:50:06.0536953Z HEAD is now at 72d4525 Merge 34b74e7b15c81a883e8a7dc2698d8ba7a356dcbf into 609ea8a73f845b496b59b5cae181f515c5919850
2026-10-02T06:50:06.0569824Z ##[endgroup]
2026-10-02T06:50:06.0598482Z [command]/usr/bin/git log -1 --format=%H
2026-10-02T06:50:06.0611497Z 72d452542007e1a01cfb2f923c6fa72471b6fb39
2026-10-02T06:50:06.0831677Z ##[group]Run actions/setup-python@v5
2026-10-02T06:50:06.0831873Z with:
2026-10-02T06:50:06.0832029Z   python-version: 3.11
2026-10-02T06:50:06.0832188Z   check-latest: false
2026-10-02T06:50:06.0833822Z   token: ***
2026-10-02T06:50:06.0833970Z   update-environment: true
2026-10-02T06:50:06.0834135Z   allow-prereleases: false
2026-10-02T06:50:06.0834303Z   freethreaded: false
2026-10-02T06:50:06.0834457Z ##[endgroup]
2026-10-02T06:50:06.1562700Z ##[group]Installed versions
2026-10-02T06:50:06.1629265Z (node:1832) [DEP0040] DeprecationWarning: The `punycode` module is deprecated. Please use a userland alternative instead.
2026-10-02T06:50:06.1629990Z (Use `node --trace-deprecation ...` to show where the warning was created)
2026-10-02T06:50:06.1630388Z Successfully set up CPython (3.11.16)
2026-10-02T06:50:06.1631230Z ##[endgroup]
2026-10-02T06:50:06.1729277Z ##[group]Run python -m pip install "psutil>=7.2,<8" "matplotlib>=3.8,<4"
2026-10-02T06:50:06.1729673Z [36;1mpython -m pip install "psutil>=7.2,<8" "matplotlib>=3.8,<4"[0m
2026-10-02T06:50:06.1991945Z shell: /usr/bin/bash -e {0}
2026-10-02T06:50:06.1992219Z env:
2026-10-02T06:50:06.1992436Z   pythonLocation: /opt/hostedtoolcache/Python/3.11.16/x64
2026-10-02T06:50:06.1992762Z   PKG_CONFIG_PATH: /opt/hostedtoolcache/Python/3.11.16/x64/lib/pkgconfig
2026-10-02T06:50:06.1993027Z   Python_ROOT_DIR: /opt/hostedtoolcache/Python/3.11.16/x64
2026-10-02T06:50:06.1993268Z   Python2_ROOT_DIR: /opt/hostedtoolcache/Python/3.11.16/x64
2026-10-02T06:50:06.1993507Z   Python3_ROOT_DIR: /opt/hostedtoolcache/Python/3.11.16/x64
2026-10-02T06:50:06.1993749Z   LD_LIBRARY_PATH: /opt/hostedtoolcache/Python/3.11.16/x64/lib
2026-10-02T06:50:06.1993961Z ##[endgroup]
2026-10-02T06:50:07.3669591Z Collecting psutil<8,>=7.2
2026-10-02T06:50:07.4173857Z   Downloading psutil-7.2.2-cp36-abi3-manylinux2010_x86_64.manylinux_2_12_x86_64.manylinux_2_28_x86_64.whl.metadata (22 kB)
2026-10-02T06:50:07.4957251Z Collecting matplotlib<4,>=3.8
2026-10-02T06:50:07.5057080Z   Downloading matplotlib-3.11.2-cp311-cp311-manylinux2014_x86_64.manylinux_2_17_x86_64.whl.metadata (80 kB)
2026-10-02T06:50:07.5603372Z Collecting contourpy>=1.0.1 (from matplotlib<4,>=3.8)
2026-10-02T06:50:07.5702022Z   Downloading contourpy-1.3.3-cp311-cp311-manylinux_2_27_x86_64.manylinux_2_28_x86_64.whl.metadata (5.5 kB)
2026-10-02T06:50:07.5844323Z Collecting cycler>=0.10 (from matplotlib<4,>=3.8)
2026-10-02T06:50:07.5940899Z   Downloading cycler-0.12.1-py3-none-any.whl.metadata (3.8 kB)
2026-10-02T06:50:07.6762269Z Collecting fonttools>=4.28.2 (from matplotlib<4,>=3.8)
2026-10-02T06:50:07.6860043Z   Downloading fonttools-4.66.1-cp311-cp311-manylinux2014_x86_64.manylinux_2_17_x86_64.whl.metadata (130 kB)
2026-10-02T06:50:07.7317950Z Collecting kiwisolver>=1.3.1 (from matplotlib<4,>=3.8)
2026-10-02T06:50:07.7415413Z   Downloading kiwisolver-1.5.1-cp311-cp311-manylinux2014_x86_64.manylinux_2_17_x86_64.whl.metadata (5.2 kB)
2026-10-02T06:50:07.8524909Z Collecting numpy>=1.25 (from matplotlib<4,>=3.8)
2026-10-02T06:50:07.8624537Z   Downloading numpy-2.4.6-cp311-cp311-manylinux_2_27_x86_64.manylinux_2_28_x86_64.whl.metadata (6.6 kB)
2026-10-02T06:50:07.8787802Z Collecting packaging>=20.0 (from matplotlib<4,>=3.8)
2026-10-02T06:50:07.8888919Z   Downloading packaging-26.3-py3-none-any.whl.metadata (3.5 kB)
2026-10-02T06:50:07.9742789Z Collecting pillow>=9 (from matplotlib<4,>=3.8)
2026-10-02T06:50:07.9843986Z   Downloading pillow-12.3.0-cp311-cp311-manylinux_2_27_x86_64.manylinux_2_28_x86_64.whl.metadata (9.1 kB)
2026-10-02T06:50:08.0044901Z Collecting pyparsing>=3 (from matplotlib<4,>=3.8)
2026-10-02T06:50:08.0140034Z   Downloading pyparsing-3.3.3-py3-none-any.whl.metadata (5.9 kB)
2026-10-02T06:50:08.0447087Z Collecting python-dateutil>=2.7 (from matplotlib<4,>=3.8)
2026-10-02T06:50:08.0544119Z   Downloading python_dateutil-2.9.0.post0-py2.py3-none-any.whl.metadata (8.4 kB)
2026-10-02T06:50:08.0708962Z Collecting six>=1.5 (from python-dateutil>=2.7->matplotlib<4,>=3.8)
2026-10-02T06:50:08.0818204Z   Downloading six-1.17.0-py2.py3-none-any.whl.metadata (1.7 kB)
2026-10-02T06:50:08.0934291Z Downloading psutil-7.2.2-cp36-abi3-manylinux2010_x86_64.manylinux_2_12_x86_64.manylinux_2_28_x86_64.whl (155 kB)
2026-10-02T06:50:08.1060245Z Downloading matplotlib-3.11.2-cp311-cp311-manylinux2014_x86_64.manylinux_2_17_x86_64.whl (9.9 MB)
2026-10-02T06:50:08.2045801Z    ━━━━━━━━━━━━━━━━━━━━━━━━━━━━━━━━━━━━━━━━ 9.9/9.9 MB 102.2 MB/s  0:00:00
2026-10-02T06:50:08.2150473Z Downloading contourpy-1.3.3-cp311-cp311-manylinux_2_27_x86_64.manylinux_2_28_x86_64.whl (355 kB)
2026-10-02T06:50:08.2267661Z Downloading cycler-0.12.1-py3-none-any.whl (8.3 kB)
2026-10-02T06:50:08.2500979Z Downloading fonttools-4.66.1-cp311-cp311-manylinux2014_x86_64.manylinux_2_17_x86_64.whl (5.4 MB)
2026-10-02T06:50:08.2817947Z    ━━━━━━━━━━━━━━━━━━━━━━━━━━━━━━━━━━━━━━━━ 5.4/5.4 MB 174.5 MB/s  0:00:00
2026-10-02T06:50:08.2918542Z Downloading kiwisolver-1.5.1-cp311-cp311-manylinux2014_x86_64.manylinux_2_17_x86_64.whl (1.4 MB)
2026-10-02T06:50:08.2967484Z    ━━━━━━━━━━━━━━━━━━━━━━━━━━━━━━━━━━━━━━━━ 1.4/1.4 MB 344.2 MB/s  0:00:00
2026-10-02T06:50:08.3067300Z Downloading numpy-2.4.6-cp311-cp311-manylinux_2_27_x86_64.manylinux_2_28_x86_64.whl (16.9 MB)
2026-10-02T06:50:08.4237853Z    ━━━━━━━━━━━━━━━━━━━━━━━━━━━━━━━━━━━━━━━━ 16.9/16.9 MB 144.2 MB/s  0:00:00
2026-10-02T06:50:08.4340515Z Downloading packaging-26.3-py3-none-any.whl (129 kB)
2026-10-02T06:50:08.4457305Z Downloading pillow-12.3.0-cp311-cp311-manylinux_2_27_x86_64.manylinux_2_28_x86_64.whl (6.9 MB)
2026-10-02T06:50:08.4916155Z    ━━━━━━━━━━━━━━━━━━━━━━━━━━━━━━━━━━━━━━━━ 6.9/6.9 MB 151.3 MB/s  0:00:00
2026-10-02T06:50:08.5021795Z Downloading pyparsing-3.3.3-py3-none-any.whl (126 kB)
2026-10-02T06:50:08.5150633Z Downloading python_dateutil-2.9.0.post0-py2.py3-none-any.whl (229 kB)
2026-10-02T06:50:08.5260115Z Downloading six-1.17.0-py2.py3-none-any.whl (11 kB)
2026-10-02T06:50:08.6409860Z Installing collected packages: six, pyparsing, psutil, pillow, packaging, numpy, kiwisolver, fonttools, cycler, python-dateutil, contourpy, matplotlib
2026-10-02T06:50:11.4627527Z 
2026-10-02T06:50:11.4642156Z Successfully installed contourpy-1.3.3 cycler-0.12.1 fonttools-4.66.1 kiwisolver-1.5.1 matplotlib-3.11.2 numpy-2.4.6 packaging-26.3 pillow-12.3.0 psutil-7.2.2 pyparsing-3.3.3 python-dateutil-2.9.0.post0 six-1.17.0
2026-10-02T06:50:11.5174522Z ##[group]Run python scripts/run_quality_gate.py --profile endurance --output output/quality-endurance
2026-10-02T06:50:11.5174945Z [36;1mpython scripts/run_quality_gate.py --profile endurance --output output/quality-endurance[0m
2026-10-02T06:50:11.5206536Z shell: /usr/bin/bash -e {0}
2026-10-02T06:50:11.5206676Z env:
2026-10-02T06:50:11.5206830Z   pythonLocation: /opt/hostedtoolcache/Python/3.11.16/x64
2026-10-02T06:50:11.5207067Z   PKG_CONFIG_PATH: /opt/hostedtoolcache/Python/3.11.16/x64/lib/pkgconfig
2026-10-02T06:50:11.5207300Z   Python_ROOT_DIR: /opt/hostedtoolcache/Python/3.11.16/x64
2026-10-02T06:50:11.5207507Z   Python2_ROOT_DIR: /opt/hostedtoolcache/Python/3.11.16/x64
2026-10-02T06:50:11.5207718Z   Python3_ROOT_DIR: /opt/hostedtoolcache/Python/3.11.16/x64
2026-10-02T06:50:11.5207927Z   LD_LIBRARY_PATH: /opt/hostedtoolcache/Python/3.11.16/x64/lib
2026-10-02T06:50:11.5208202Z ##[endgroup]
2026-10-02T06:50:11.7328940Z [quality] load-endurance-smoke: RUNNING
2026-10-02T06:50:42.0560663Z [quality] load-endurance-smoke: PASSED
2026-10-02T06:50:42.0796951Z [quality] PASSED: /home/runner/work/mini-drop/mini-drop/output/quality-endurance/report.html
2026-10-02T06:50:42.0879305Z ##[group]Run python scripts/render_load_report.py output/quality-endurance/load-endurance-smoke/measurement/report.json --output output/quality-endurance/load-endurance-smoke/measurement/report.html
2026-10-02T06:50:42.0880059Z [36;1mpython scripts/render_load_report.py output/quality-endurance/load-endurance-smoke/measurement/report.json --output output/quality-endurance/load-endurance-smoke/measurement/report.html[0m
2026-10-02T06:50:42.0910041Z shell: /usr/bin/bash -e {0}
2026-10-02T06:50:42.0910179Z env:
2026-10-02T06:50:42.0910331Z   pythonLocation: /opt/hostedtoolcache/Python/3.11.16/x64
2026-10-02T06:50:42.0910565Z   PKG_CONFIG_PATH: /opt/hostedtoolcache/Python/3.11.16/x64/lib/pkgconfig
2026-10-02T06:50:42.0910915Z   Python_ROOT_DIR: /opt/hostedtoolcache/Python/3.11.16/x64
2026-10-02T06:50:42.0911125Z   Python2_ROOT_DIR: /opt/hostedtoolcache/Python/3.11.16/x64
2026-10-02T06:50:42.0911337Z   Python3_ROOT_DIR: /opt/hostedtoolcache/Python/3.11.16/x64
2026-10-02T06:50:42.0911565Z   LD_LIBRARY_PATH: /opt/hostedtoolcache/Python/3.11.16/x64/lib
2026-10-02T06:50:42.0911745Z ##[endgroup]
2026-10-02T06:50:42.8961747Z output/quality-endurance/load-endurance-smoke/measurement/report.html
2026-10-02T06:50:43.0162793Z ##[group]Run actions/upload-artifact@v4
2026-10-02T06:50:43.0162959Z with:
2026-10-02T06:50:43.0163124Z   name: load-endurance-72d452542007e1a01cfb2f923c6fa72471b6fb39-1
2026-10-02T06:50:43.0163330Z   path: output/quality-endurance/
2026-10-02T06:50:43.0163479Z   if-no-files-found: error
2026-10-02T06:50:43.0163611Z   retention-days: 14
2026-10-02T06:50:43.0163731Z   compression-level: 6
2026-10-02T06:50:43.0163851Z   overwrite: false
2026-10-02T06:50:43.0163978Z   include-hidden-files: false
2026-10-02T06:50:43.0164125Z env:
2026-10-02T06:50:43.0164270Z   pythonLocation: /opt/hostedtoolcache/Python/3.11.16/x64
2026-10-02T06:50:43.0164502Z   PKG_CONFIG_PATH: /opt/hostedtoolcache/Python/3.11.16/x64/lib/pkgconfig
2026-10-02T06:50:43.0164732Z   Python_ROOT_DIR: /opt/hostedtoolcache/Python/3.11.16/x64
2026-10-02T06:50:43.0164938Z   Python2_ROOT_DIR: /opt/hostedtoolcache/Python/3.11.16/x64
2026-10-02T06:50:43.0165146Z   Python3_ROOT_DIR: /opt/hostedtoolcache/Python/3.11.16/x64
2026-10-02T06:50:43.0165366Z   LD_LIBRARY_PATH: /opt/hostedtoolcache/Python/3.11.16/x64/lib
2026-10-02T06:50:43.0165544Z ##[endgroup]
2026-10-02T06:50:43.1641717Z (node:1932) [DEP0040] DeprecationWarning: The `punycode` module is deprecated. Please use a userland alternative instead.
2026-10-02T06:50:43.1642128Z (Use `node --trace-deprecation ...` to show where the warning was created)
2026-10-02T06:50:43.1706431Z With the provided path, there will be 12 files uploaded
2026-10-02T06:50:43.1710042Z Artifact name is valid!
2026-10-02T06:50:43.1711236Z Root directory input is valid!
2026-10-02T06:50:43.4631113Z Beginning upload of artifact content to blob storage
2026-10-02T06:50:43.4904769Z (node:1932) [DEP0169] DeprecationWarning: `url.parse()` behavior is not standardized and prone to errors that have security implications. Use the WHATWG URL API instead. CVEs are not issued for `url.parse()` vulnerabilities.
2026-10-02T06:50:43.7699129Z Uploaded bytes 176393
2026-10-02T06:50:43.8154404Z Finished uploading artifact content to blob storage!
2026-10-02T06:50:43.8154888Z SHA256 digest of uploaded artifact zip is 7752a1071a4e54fff5248d23a35144393b92a9edf8b2cc27949c16a222aea2fd
2026-10-02T06:50:43.8155708Z Finalizing artifact upload
2026-10-02T06:50:44.0502245Z Artifact load-endurance-72d452542007e1a01cfb2f923c6fa72471b6fb39-1.zip successfully finalized. Artifact ID 11213502294
2026-10-02T06:50:44.0502890Z Artifact load-endurance-72d452542007e1a01cfb2f923c6fa72471b6fb39-1 has been successfully uploaded! Final size is 176393 bytes. Artifact ID is 11213502294
2026-10-02T06:50:44.0506452Z Artifact download URL: https://github.com/llongwang751-arch/mini-drop/actions/runs/36975451853/artifacts/11213502294
2026-10-02T06:50:44.0622883Z Post job cleanup.
2026-10-02T06:50:44.1314689Z (node:1945) [DEP0040] DeprecationWarning: The `punycode` module is deprecated. Please use a userland alternative instead.
2026-10-02T06:50:44.1315335Z (Use `node --trace-deprecation ...` to show where the warning was created)
2026-10-02T06:50:44.1398730Z Post job cleanup.
2026-10-02T06:50:44.1919949Z [command]/usr/bin/git version
2026-10-02T06:50:44.1945106Z git version 2.55.0
2026-10-02T06:50:44.1967918Z Temporarily overriding HOME='/home/runner/work/_temp/bb5ffb3d-0780-4652-9def-e8f724e2e9bf' before making global git config changes
2026-10-02T06:50:44.1968656Z Adding repository directory to the temporary git global config as a safe directory
2026-10-02T06:50:44.1972206Z [command]/usr/bin/git config --global --add safe.directory /home/runner/work/mini-drop/mini-drop
2026-10-02T06:50:44.1995793Z [command]/usr/bin/git config --local --name-only --get-regexp core\.sshCommand
2026-10-02T06:50:44.2017986Z [command]/usr/bin/git submodule foreach --recursive sh -c "git config --local --name-only --get-regexp 'core\.sshCommand' && git config --local --unset-all 'core.sshCommand' || :"
2026-10-02T06:50:44.2141209Z [command]/usr/bin/git config --local --name-only --get-regexp http\.https\:\/\/github\.com\/\.extraheader
2026-10-02T06:50:44.2166435Z http.https://github.com/.extraheader
2026-10-02T06:50:44.2172556Z [command]/usr/bin/git config --local --unset-all http.https://github.com/.extraheader
2026-10-02T06:50:44.2186979Z [command]/usr/bin/git submodule foreach --recursive sh -c "git config --local --name-only --get-regexp 'http\.https\:\/\/github\.com\/\.extraheader' && git config --local --unset-all 'http.https://github.com/.extraheader' || :"
2026-10-02T06:50:44.2306879Z [command]/usr/bin/git config --local --name-only --get-regexp ^includeIf\.gitdir:
2026-10-02T06:50:44.2327666Z [command]/usr/bin/git submodule foreach --recursive git config --local --show-origin --name-only --get-regexp remote.origin.url
2026-10-02T06:50:44.2537893Z Cleaning up orphan processes
2026-10-02T06:50:44.2671727Z ##[warning]Node.js 20 is deprecated. The following actions target Node.js 20 but are being forced to run on Node.js 24: actions/checkout@v4, actions/setup-python@v5, actions/upload-artifact@v4. For more information see: https://github.blog/changelog/2025-09-19-deprecation-of-node-20-on-github-actions-runners/
