2026-10-02T06:49:57.8826250Z Current runner version: '2.337.0'
2026-10-02T06:49:57.8852937Z ##[group]Runner Image Provisioner
2026-10-02T06:49:57.8853906Z Hosted Compute Agent
2026-10-02T06:49:57.8854625Z Version: 20260901.588
2026-10-02T06:49:57.8855351Z Commit: f88ec8081b781fac6c440065ac7ff9e710ce3d0b
2026-10-02T06:49:57.8856139Z Build Date: 2026-09-01T19:56:44Z
2026-10-02T06:49:57.8857221Z Worker ID: {b2481ff5-8920-4221-8a34-62ff6cfa8d78}
2026-10-02T06:49:57.8858007Z Azure Region: centralus
2026-10-02T06:49:57.8858704Z ##[endgroup]
2026-10-02T06:49:57.8860167Z ##[group]Operating System
2026-10-02T06:49:57.8860839Z Ubuntu
2026-10-02T06:49:57.8861734Z 22.04.5
2026-10-02T06:49:57.8862308Z LTS
2026-10-02T06:49:57.8862864Z ##[endgroup]
2026-10-02T06:49:57.8863567Z ##[group]Runner Image
2026-10-02T06:49:57.8864456Z Image: ubuntu-22.04
2026-10-02T06:49:57.8865223Z Version: 20260927.309.1
2026-10-02T06:49:57.8866527Z Included Software: https://github.com/actions/runner-images/blob/ubuntu22/20260927.309/images/ubuntu/Ubuntu2204-Readme.md
2026-10-02T06:49:57.8868538Z Image Release: https://github.com/actions/runner-images/releases/tag/ubuntu22%2F20260927.309
2026-10-02T06:49:57.8869702Z ##[endgroup]
2026-10-02T06:49:57.8870992Z ##[group]GITHUB_TOKEN Permissions
2026-10-02T06:49:57.8873638Z Contents: read
2026-10-02T06:49:57.8874318Z Metadata: read
2026-10-02T06:49:57.8874979Z Packages: read
2026-10-02T06:49:57.8875661Z ##[endgroup]
2026-10-02T06:49:57.8878289Z Secret source: Actions
2026-10-02T06:49:57.8879463Z Cache mode: write
2026-10-02T06:49:57.8880210Z Prepare workflow directory
2026-10-02T06:49:57.9222232Z Prepare all required actions
2026-10-02T06:49:57.9273759Z Getting action download info
2026-10-02T06:49:58.1894408Z Download action repository 'actions/checkout@v4' (SHA:11d5960a326750d5838078e36cf38b85af677262)
2026-10-02T06:49:58.2998690Z Download action repository 'actions/upload-artifact@v4' (SHA:ea165f8d65b6e75b540449e92b4886f43607fa02)
2026-10-02T06:49:58.5340721Z Complete job name: Native (C++ control, build only)
2026-10-02T06:49:58.6156107Z ##[group]Run actions/checkout@v4
2026-10-02T06:49:58.6157296Z with:
2026-10-02T06:49:58.6157773Z   repository: llongwang751-arch/mini-drop
2026-10-02T06:49:58.6162046Z   token: ***
2026-10-02T06:49:58.6162494Z   ssh-strict: true
2026-10-02T06:49:58.6162937Z   ssh-user: git
2026-10-02T06:49:58.6163380Z   persist-credentials: true
2026-10-02T06:49:58.6163868Z   clean: true
2026-10-02T06:49:58.6164322Z   sparse-checkout-cone-mode: true
2026-10-02T06:49:58.6164835Z   fetch-depth: 1
2026-10-02T06:49:58.6165264Z   fetch-tags: false
2026-10-02T06:49:58.6165697Z   show-progress: true
2026-10-02T06:49:58.6166142Z   lfs: false
2026-10-02T06:49:58.6166559Z   submodules: false
2026-10-02T06:49:58.6167267Z   set-safe-directory: true
2026-10-02T06:49:58.6167783Z   allow-unsafe-pr-checkout: false
2026-10-02T06:49:58.6168554Z ##[endgroup]
2026-10-02T06:49:58.7296064Z Syncing repository: llongwang751-arch/mini-drop
2026-10-02T06:49:58.7299122Z ##[group]Getting Git version info
2026-10-02T06:49:58.7300421Z Working directory is '/home/runner/work/mini-drop/mini-drop'
2026-10-02T06:49:58.7302183Z [command]/usr/bin/git version
2026-10-02T06:49:58.7340674Z git version 2.55.0
2026-10-02T06:49:58.7361039Z ##[endgroup]
2026-10-02T06:49:58.7375766Z Temporarily overriding HOME='/home/runner/work/_temp/3202c141-cf39-4018-a735-3b3ce9e02b39' before making global git config changes
2026-10-02T06:49:58.7378323Z Adding repository directory to the temporary git global config as a safe directory
2026-10-02T06:49:58.7381642Z [command]/usr/bin/git config --global --add safe.directory /home/runner/work/mini-drop/mini-drop
2026-10-02T06:49:58.7426240Z Deleting the contents of '/home/runner/work/mini-drop/mini-drop'
2026-10-02T06:49:58.7431457Z ##[group]Initializing the repository
2026-10-02T06:49:58.7435457Z [command]/usr/bin/git init /home/runner/work/mini-drop/mini-drop
2026-10-02T06:49:58.7558684Z hint: Using 'master' as the name for the initial branch. This default branch name
2026-10-02T06:49:58.7560787Z hint: will change to "main" in Git 3.0. To configure the initial branch name
2026-10-02T06:49:58.7562915Z hint: to use in all of your new repositories, which will suppress this warning,
2026-10-02T06:49:58.7564291Z hint: call:
2026-10-02T06:49:58.7565739Z hint:
2026-10-02T06:49:58.7566824Z hint: 	git config --global init.defaultBranch <name>
2026-10-02T06:49:58.7567809Z hint:
2026-10-02T06:49:58.7568720Z hint: Names commonly chosen instead of 'master' are 'main', 'trunk' and
2026-10-02T06:49:58.7570170Z hint: 'development'. The just-created branch can be renamed via this command:
2026-10-02T06:49:58.7571318Z hint:
2026-10-02T06:49:58.7571950Z hint: 	git branch -m <name>
2026-10-02T06:49:58.7572692Z hint:
2026-10-02T06:49:58.7573648Z hint: Disable this message with "git config set advice.defaultBranchName false"
2026-10-02T06:49:58.7575241Z Initialized empty Git repository in /home/runner/work/mini-drop/mini-drop/.git/
2026-10-02T06:49:58.7578313Z [command]/usr/bin/git remote add origin https://github.com/llongwang751-arch/mini-drop
2026-10-02T06:49:58.7597199Z ##[endgroup]
2026-10-02T06:49:58.7598202Z ##[group]Disabling automatic garbage collection
2026-10-02T06:49:58.7601721Z [command]/usr/bin/git config --local gc.auto 0
2026-10-02T06:49:58.7644035Z ##[endgroup]
2026-10-02T06:49:58.7645379Z ##[group]Setting up auth
2026-10-02T06:49:58.7654071Z [command]/usr/bin/git config --local --name-only --get-regexp core\.sshCommand
2026-10-02T06:49:58.7699059Z [command]/usr/bin/git submodule foreach --recursive sh -c "git config --local --name-only --get-regexp 'core\.sshCommand' && git config --local --unset-all 'core.sshCommand' || :"
2026-10-02T06:49:58.8126039Z [command]/usr/bin/git config --local --name-only --get-regexp http\.https\:\/\/github\.com\/\.extraheader
2026-10-02T06:49:58.8172974Z [command]/usr/bin/git submodule foreach --recursive sh -c "git config --local --name-only --get-regexp 'http\.https\:\/\/github\.com\/\.extraheader' && git config --local --unset-all 'http.https://github.com/.extraheader' || :"
2026-10-02T06:49:58.8473133Z [command]/usr/bin/git config --local --name-only --get-regexp ^includeIf\.gitdir:
2026-10-02T06:49:58.8524351Z [command]/usr/bin/git submodule foreach --recursive git config --local --show-origin --name-only --get-regexp remote.origin.url
2026-10-02T06:49:58.8819446Z [command]/usr/bin/git config --local http.https://github.com/.extraheader AUTHORIZATION: basic ***
2026-10-02T06:49:58.8869585Z ##[endgroup]
2026-10-02T06:49:58.8870408Z ##[group]Fetching the repository
2026-10-02T06:49:58.8879198Z [command]/usr/bin/git -c protocol.version=2 fetch --no-tags --prune --no-recurse-submodules --depth=1 origin +72d452542007e1a01cfb2f923c6fa72471b6fb39:refs/remotes/pull/1/merge
2026-10-02T06:50:05.8157879Z From https://github.com/llongwang751-arch/mini-drop
2026-10-02T06:50:05.8160033Z  * [new ref]         72d452542007e1a01cfb2f923c6fa72471b6fb39 -> pull/1/merge
2026-10-02T06:50:05.8164562Z ##[endgroup]
2026-10-02T06:50:05.8166058Z ##[group]Determining the checkout info
2026-10-02T06:50:05.8167547Z ##[endgroup]
2026-10-02T06:50:05.8172959Z [command]/usr/bin/git sparse-checkout disable
2026-10-02T06:50:05.8231736Z [command]/usr/bin/git config --local --unset-all extensions.worktreeConfig
2026-10-02T06:50:05.8269901Z ##[group]Checking out the ref
2026-10-02T06:50:05.8273995Z [command]/usr/bin/git checkout --progress --force refs/remotes/pull/1/merge
2026-10-02T06:50:06.8670261Z Updating files:  60% (2387/3961)
2026-10-02T06:50:06.8703679Z Updating files:  61% (2417/3961)
2026-10-02T06:50:06.8748969Z Updating files:  62% (2456/3961)
2026-10-02T06:50:06.8783547Z Updating files:  63% (2496/3961)
2026-10-02T06:50:06.8830908Z Updating files:  64% (2536/3961)
2026-10-02T06:50:06.8864005Z Updating files:  65% (2575/3961)
2026-10-02T06:50:06.9026806Z Updating files:  66% (2615/3961)
2026-10-02T06:50:06.9329534Z Updating files:  67% (2654/3961)
2026-10-02T06:50:06.9630431Z Updating files:  68% (2694/3961)
2026-10-02T06:50:06.9675786Z Updating files:  69% (2734/3961)
2026-10-02T06:50:06.9719117Z Updating files:  70% (2773/3961)
2026-10-02T06:50:06.9802288Z Updating files:  71% (2813/3961)
2026-10-02T06:50:06.9874195Z Updating files:  72% (2852/3961)
2026-10-02T06:50:06.9943585Z Updating files:  73% (2892/3961)
2026-10-02T06:50:06.9992498Z Updating files:  74% (2932/3961)
2026-10-02T06:50:07.0030459Z Updating files:  75% (2971/3961)
2026-10-02T06:50:07.0051211Z Updating files:  76% (3011/3961)
2026-10-02T06:50:07.0089894Z Updating files:  77% (3050/3961)
2026-10-02T06:50:07.0130729Z Updating files:  78% (3090/3961)
2026-10-02T06:50:07.0162007Z Updating files:  79% (3130/3961)
2026-10-02T06:50:07.0211183Z Updating files:  80% (3169/3961)
2026-10-02T06:50:07.0262050Z Updating files:  81% (3209/3961)
2026-10-02T06:50:07.0294229Z Updating files:  82% (3249/3961)
2026-10-02T06:50:07.0365166Z Updating files:  83% (3288/3961)
2026-10-02T06:50:07.0436034Z Updating files:  84% (3328/3961)
2026-10-02T06:50:07.0491742Z Updating files:  85% (3367/3961)
2026-10-02T06:50:07.0548892Z Updating files:  86% (3407/3961)
2026-10-02T06:50:07.0577355Z Updating files:  87% (3447/3961)
2026-10-02T06:50:07.0613044Z Updating files:  88% (3486/3961)
2026-10-02T06:50:07.0639636Z Updating files:  89% (3526/3961)
2026-10-02T06:50:07.0691089Z Updating files:  90% (3565/3961)
2026-10-02T06:50:07.0717022Z Updating files:  91% (3605/3961)
2026-10-02T06:50:07.0742472Z Updating files:  92% (3645/3961)
2026-10-02T06:50:07.0769030Z Updating files:  93% (3684/3961)
2026-10-02T06:50:07.0794873Z Updating files:  94% (3724/3961)
2026-10-02T06:50:07.0837279Z Updating files:  95% (3763/3961)
2026-10-02T06:50:07.0966870Z Updating files:  96% (3803/3961)
2026-10-02T06:50:07.0990428Z Updating files:  97% (3843/3961)
2026-10-02T06:50:07.1018629Z Updating files:  98% (3882/3961)
2026-10-02T06:50:07.1040977Z Updating files:  99% (3922/3961)
2026-10-02T06:50:07.1041406Z Updating files: 100% (3961/3961)
2026-10-02T06:50:07.1041736Z Updating files: 100% (3961/3961), done.
2026-10-02T06:50:07.1101515Z Note: switching to 'refs/remotes/pull/1/merge'.
2026-10-02T06:50:07.1101965Z 
2026-10-02T06:50:07.1102577Z You are in 'detached HEAD' state. You can look around, make experimental
2026-10-02T06:50:07.1103146Z changes and commit them, and you can discard any commits you make in this
2026-10-02T06:50:07.1103678Z state without impacting any branches by switching back to a branch.
2026-10-02T06:50:07.1103984Z 
2026-10-02T06:50:07.1104201Z If you want to create a new branch to retain commits you create, you may
2026-10-02T06:50:07.1104714Z do so (now or later) by using -c with the switch command. Example:
2026-10-02T06:50:07.1104988Z 
2026-10-02T06:50:07.1105136Z   git switch -c <new-branch-name>
2026-10-02T06:50:07.1105331Z 
2026-10-02T06:50:07.1105468Z Or undo this operation with:
2026-10-02T06:50:07.1105650Z 
2026-10-02T06:50:07.1105770Z   git switch -
2026-10-02T06:50:07.1105925Z 
2026-10-02T06:50:07.1106169Z Turn off this advice by setting config variable advice.detachedHead to false
2026-10-02T06:50:07.1106496Z 
2026-10-02T06:50:07.1107306Z HEAD is now at 72d4525 Merge 34b74e7b15c81a883e8a7dc2698d8ba7a356dcbf into 609ea8a73f845b496b59b5cae181f515c5919850
2026-10-02T06:50:07.1219639Z ##[endgroup]
2026-10-02T06:50:07.1281042Z [command]/usr/bin/git log -1 --format=%H
2026-10-02T06:50:07.1317881Z 72d452542007e1a01cfb2f923c6fa72471b6fb39
2026-10-02T06:50:07.1568585Z ##[group]Run sudo apt-get update
2026-10-02T06:50:07.1569073Z [36;1msudo apt-get update[0m
2026-10-02T06:50:07.1569478Z [36;1msudo apt-get install -y --no-install-recommends \[0m
2026-10-02T06:50:07.1570022Z [36;1m  build-essential cmake libgrpc++-dev libprotobuf-dev libpqxx-dev \[0m
2026-10-02T06:50:07.1570600Z [36;1m  nlohmann-json3-dev pkg-config protobuf-compiler protobuf-compiler-grpc[0m
2026-10-02T06:50:07.1927306Z shell: /usr/bin/bash -e {0}
2026-10-02T06:50:07.1927753Z ##[endgroup]
2026-10-02T06:50:07.3250178Z Get:1 file:/etc/apt/apt-mirrors.txt Mirrorlist [144 B]
2026-10-02T06:50:07.3541825Z Get:6 https://packages.microsoft.com/ubuntu/22.04/prod jammy InRelease [3632 B]
2026-10-02T06:50:07.3667461Z Hit:2 http://azure.archive.ubuntu.com/ubuntu jammy InRelease
2026-10-02T06:50:07.3688285Z Get:3 http://azure.archive.ubuntu.com/ubuntu jammy-updates InRelease [128 kB]
2026-10-02T06:50:07.3728705Z Get:4 http://azure.archive.ubuntu.com/ubuntu jammy-backports InRelease [127 kB]
2026-10-02T06:50:07.3749609Z Get:5 http://azure.archive.ubuntu.com/ubuntu jammy-security InRelease [129 kB]
2026-10-02T06:50:07.4455567Z Get:7 https://packages.microsoft.com/ubuntu/22.04/prod jammy/main amd64 Packages [792 kB]
2026-10-02T06:50:07.4920403Z Get:8 https://packages.microsoft.com/ubuntu/22.04/prod jammy/main arm64 Packages [550 kB]
2026-10-02T06:50:07.6505652Z Get:9 http://azure.archive.ubuntu.com/ubuntu jammy-updates/main amd64 Packages [3899 kB]
2026-10-02T06:50:07.6715632Z Get:10 http://azure.archive.ubuntu.com/ubuntu jammy-updates/main Translation-en [575 kB]
2026-10-02T06:50:07.6760145Z Get:11 http://azure.archive.ubuntu.com/ubuntu jammy-updates/restricted amd64 Packages [6701 kB]
2026-10-02T06:50:07.7134299Z Get:12 http://azure.archive.ubuntu.com/ubuntu jammy-updates/restricted Translation-en [1287 kB]
2026-10-02T06:50:07.7220546Z Get:13 http://azure.archive.ubuntu.com/ubuntu jammy-updates/universe amd64 Packages [1285 kB]
2026-10-02T06:50:07.7298814Z Get:14 http://azure.archive.ubuntu.com/ubuntu jammy-updates/universe Translation-en [325 kB]
2026-10-02T06:50:07.8788354Z Get:15 http://azure.archive.ubuntu.com/ubuntu jammy-security/main amd64 Packages [3598 kB]
2026-10-02T06:50:07.8979218Z Get:16 http://azure.archive.ubuntu.com/ubuntu jammy-security/main Translation-en [504 kB]
2026-10-02T06:50:07.9010995Z Get:17 http://azure.archive.ubuntu.com/ubuntu jammy-security/restricted amd64 Packages [6410 kB]
2026-10-02T06:50:07.9357261Z Get:18 http://azure.archive.ubuntu.com/ubuntu jammy-security/restricted Translation-en [1232 kB]
2026-10-02T06:50:07.9834126Z Get:19 http://azure.archive.ubuntu.com/ubuntu jammy-security/universe amd64 Packages [1052 kB]
2026-10-02T06:50:07.9895174Z Get:20 http://azure.archive.ubuntu.com/ubuntu jammy-security/universe Translation-en [236 kB]
2026-10-02T06:50:16.1472603Z Fetched 28.8 MB in 4s (8055 kB/s)
2026-10-02T06:50:17.6590549Z Reading package lists...
2026-10-02T06:50:17.7377378Z Reading package lists...
2026-10-02T06:50:18.0836008Z Building dependency tree...
2026-10-02T06:50:18.0852692Z Reading state information...
2026-10-02T06:50:18.3536136Z build-essential is already the newest version (12.9ubuntu3).
2026-10-02T06:50:18.3537077Z build-essential set to manually installed.
2026-10-02T06:50:18.3537594Z The following additional packages will be installed:
2026-10-02T06:50:18.3548200Z   cmake-data dh-elpa-helper libabsl20210324 libgrpc++1 libgrpc-dev libgrpc10
2026-10-02T06:50:18.3548971Z   libjsoncpp25 libpqxx-6.4 libprotobuf23 libprotoc23 librhash0
2026-10-02T06:50:18.3555724Z Suggested packages:
2026-10-02T06:50:18.3556168Z   cmake-doc ninja-build cmake-format libpqxx-doc protobuf-mode-el
2026-10-02T06:50:18.3876770Z The following packages will be REMOVED:
2026-10-02T06:50:18.3880318Z   pkgconf r-base-dev
2026-10-02T06:50:18.3880981Z The following NEW packages will be installed:
2026-10-02T06:50:18.3885401Z   cmake cmake-data dh-elpa-helper libabsl20210324 libgrpc++-dev libgrpc++1
2026-10-02T06:50:18.3888424Z   libgrpc-dev libgrpc10 libjsoncpp25 libpqxx-6.4 libpqxx-dev libprotobuf-dev
2026-10-02T06:50:18.3895186Z   libprotobuf23 libprotoc23 librhash0 nlohmann-json3-dev pkg-config
2026-10-02T06:50:18.3897148Z   protobuf-compiler protobuf-compiler-grpc
2026-10-02T06:50:18.4122299Z 0 upgraded, 19 newly installed, 2 to remove and 20 not upgraded.
2026-10-02T06:50:18.4122946Z Need to get 14.7 MB of archives.
2026-10-02T06:50:18.4123329Z After this operation, 81.5 MB of additional disk space will be used.
2026-10-02T06:50:18.4123762Z Get:1 file:/etc/apt/apt-mirrors.txt Mirrorlist [144 B]
2026-10-02T06:50:18.4860158Z Get:2 http://azure.archive.ubuntu.com/ubuntu jammy/main amd64 pkg-config amd64 0.29.2-1ubuntu3 [48.2 kB]
2026-10-02T06:50:18.5146058Z Get:3 http://azure.archive.ubuntu.com/ubuntu jammy/main amd64 libjsoncpp25 amd64 1.9.5-3 [80.0 kB]
2026-10-02T06:50:18.5430526Z Get:4 http://azure.archive.ubuntu.com/ubuntu jammy/main amd64 librhash0 amd64 1.4.2-1ubuntu1 [125 kB]
2026-10-02T06:50:18.5715967Z Get:5 http://azure.archive.ubuntu.com/ubuntu jammy/main amd64 dh-elpa-helper all 2.0.9ubuntu1 [7610 B]
2026-10-02T06:50:18.5993721Z Get:6 http://azure.archive.ubuntu.com/ubuntu jammy-updates/main amd64 cmake-data all 3.22.1-1ubuntu1.22.04.2 [1913 kB]
2026-10-02T06:50:18.6432190Z Get:7 http://azure.archive.ubuntu.com/ubuntu jammy-updates/main amd64 cmake amd64 3.22.1-1ubuntu1.22.04.2 [5010 kB]
2026-10-02T06:50:18.7154042Z Get:8 http://azure.archive.ubuntu.com/ubuntu jammy-updates/main amd64 libabsl20210324 amd64 0~20210324.2-2ubuntu0.3 [386 kB]
2026-10-02T06:50:18.7628776Z Get:9 http://azure.archive.ubuntu.com/ubuntu jammy/universe amd64 libgrpc10 amd64 1.30.2-3build6 [1470 kB]
2026-10-02T06:50:18.8308757Z Get:10 http://azure.archive.ubuntu.com/ubuntu jammy-updates/main amd64 libprotobuf23 amd64 3.12.4-1ubuntu7.22.04.6 [877 kB]
2026-10-02T06:50:18.9259755Z Get:11 http://azure.archive.ubuntu.com/ubuntu jammy/universe amd64 libgrpc++1 amd64 1.30.2-3build6 [402 kB]
2026-10-02T06:50:18.9628059Z Get:12 http://azure.archive.ubuntu.com/ubuntu jammy/universe amd64 libgrpc-dev amd64 1.30.2-3build6 [1066 kB]
2026-10-02T06:50:19.0069327Z Get:13 http://azure.archive.ubuntu.com/ubuntu jammy/universe amd64 libgrpc++-dev amd64 1.30.2-3build6 [564 kB]
2026-10-02T06:50:19.0438063Z Get:14 http://azure.archive.ubuntu.com/ubuntu jammy/universe amd64 libpqxx-6.4 amd64 6.4.5-2build1 [155 kB]
2026-10-02T06:50:19.0775347Z Get:15 http://azure.archive.ubuntu.com/ubuntu jammy/universe amd64 libpqxx-dev amd64 6.4.5-2build1 [243 kB]
2026-10-02T06:50:19.1112820Z Get:16 http://azure.archive.ubuntu.com/ubuntu jammy-updates/main amd64 libprotoc23 amd64 3.12.4-1ubuntu7.22.04.6 [662 kB]
2026-10-02T06:50:19.1489860Z Get:17 http://azure.archive.ubuntu.com/ubuntu jammy/universe amd64 nlohmann-json3-dev all 3.10.5-2 [167 kB]
2026-10-02T06:50:19.1819817Z Get:18 http://azure.archive.ubuntu.com/ubuntu jammy-updates/universe amd64 protobuf-compiler amd64 3.12.4-1ubuntu7.22.04.6 [29.2 kB]
2026-10-02T06:50:19.2157286Z Get:19 http://azure.archive.ubuntu.com/ubuntu jammy/universe amd64 protobuf-compiler-grpc amd64 1.30.2-3build6 [185 kB]
2026-10-02T06:50:19.2953734Z Get:20 http://azure.archive.ubuntu.com/ubuntu jammy-updates/main amd64 libprotobuf-dev amd64 3.12.4-1ubuntu7.22.04.6 [1347 kB]
2026-10-02T06:50:19.7003168Z Fetched 14.7 MB in 1s (16.2 MB/s)
2026-10-02T06:50:19.7495182Z (Reading database ... 
2026-10-02T06:50:19.7495640Z (Reading database ... 5%
2026-10-02T06:50:19.7496030Z (Reading database ... 10%
2026-10-02T06:50:19.7496918Z (Reading database ... 15%
2026-10-02T06:50:19.7497274Z (Reading database ... 20%
2026-10-02T06:50:19.7497614Z (Reading database ... 25%
2026-10-02T06:50:19.7498516Z (Reading database ... 30%
2026-10-02T06:50:19.7498859Z (Reading database ... 35%
2026-10-02T06:50:19.7499234Z (Reading database ... 40%
2026-10-02T06:50:19.7499583Z (Reading database ... 45%
2026-10-02T06:50:19.7499966Z (Reading database ... 50%
2026-10-02T06:50:19.8436125Z (Reading database ... 55%
2026-10-02T06:50:20.0494060Z (Reading database ... 60%
2026-10-02T06:50:20.2403343Z (Reading database ... 65%
2026-10-02T06:50:20.4241146Z (Reading database ... 70%
2026-10-02T06:50:20.5911188Z (Reading database ... 75%
2026-10-02T06:50:20.7965872Z (Reading database ... 80%
2026-10-02T06:50:21.0217002Z (Reading database ... 85%
2026-10-02T06:50:21.2530216Z (Reading database ... 90%
2026-10-02T06:50:21.4525647Z (Reading database ... 95%
2026-10-02T06:50:21.4526137Z (Reading database ... 100%
2026-10-02T06:50:21.4526586Z (Reading database ... 260410 files and directories currently installed.)
2026-10-02T06:50:21.4590988Z Removing r-base-dev (4.6.1-6.2204.0) ...
2026-10-02T06:50:21.5211605Z dpkg: pkgconf: dependency problems, but removing anyway as you requested:
2026-10-02T06:50:21.5212325Z  php8.1-dev depends on pkg-config; however:
2026-10-02T06:50:21.5212663Z   Package pkg-config is not installed.
2026-10-02T06:50:21.5213340Z   Package pkgconf which provides pkg-config is to be removed.
2026-10-02T06:50:21.5213705Z  mono-devel depends on pkg-config; however:
2026-10-02T06:50:21.5214001Z   Package pkg-config is not installed.
2026-10-02T06:50:21.5214335Z   Package pkgconf which provides pkg-config is to be removed.
2026-10-02T06:50:21.5214739Z  libmagickwand-6.q16-dev:amd64 depends on pkg-config; however:
2026-10-02T06:50:21.5215090Z   Package pkg-config is not installed.
2026-10-02T06:50:21.5215401Z   Package pkgconf which provides pkg-config is to be removed.
2026-10-02T06:50:21.5215791Z  libmagickcore-6.q16-dev:amd64 depends on pkg-config; however:
2026-10-02T06:50:21.5216119Z   Package pkg-config is not installed.
2026-10-02T06:50:21.5216424Z   Package pkgconf which provides pkg-config is to be removed.
2026-10-02T06:50:21.5217047Z  libglib2.0-dev:amd64 depends on pkg-config; however:
2026-10-02T06:50:21.5217362Z   Package pkg-config is not installed.
2026-10-02T06:50:21.5217682Z   Package pkgconf which provides pkg-config is to be removed.
2026-10-02T06:50:21.5218068Z  libfontconfig-dev:amd64 depends on pkg-config; however:
2026-10-02T06:50:21.5218394Z   Package pkg-config is not installed.
2026-10-02T06:50:21.5218710Z   Package pkgconf which provides pkg-config is to be removed.
2026-10-02T06:50:21.5218944Z 
2026-10-02T06:50:21.5283144Z Removing pkgconf (1.8.0-1) ...
2026-10-02T06:50:21.7316091Z Removing 'diversion of /usr/bin/pkg-config to /usr/bin/pkg-config.real by pkgconf'
2026-10-02T06:50:21.7466231Z Removing 'diversion of /usr/share/aclocal/pkg.m4 to /usr/share/aclocal/pkg.real.m4 by pkgconf'
2026-10-02T06:50:21.7608942Z Removing 'diversion of /usr/share/man/man1/pkg-config.1.gz to /usr/share/man/man1/pkg-config.real.1.gz by pkgconf'
2026-10-02T06:50:21.7751580Z Removing 'diversion of /usr/share/pkg-config-crosswrapper to /usr/share/pkg-config-crosswrapper.real by pkgconf'
2026-10-02T06:50:21.8330617Z Selecting previously unselected package pkg-config.
2026-10-02T06:50:21.8423462Z (Reading database ... 
2026-10-02T06:50:21.8423872Z (Reading database ... 5%
2026-10-02T06:50:21.8424408Z (Reading database ... 10%
2026-10-02T06:50:21.8424757Z (Reading database ... 15%
2026-10-02T06:50:21.8425006Z (Reading database ... 20%
2026-10-02T06:50:21.8425242Z (Reading database ... 25%
2026-10-02T06:50:21.8425461Z (Reading database ... 30%
2026-10-02T06:50:21.8425674Z (Reading database ... 35%
2026-10-02T06:50:21.8425885Z (Reading database ... 40%
2026-10-02T06:50:21.8426094Z (Reading database ... 45%
2026-10-02T06:50:21.8426311Z (Reading database ... 50%
2026-10-02T06:50:21.8463173Z (Reading database ... 55%
2026-10-02T06:50:21.8496471Z (Reading database ... 60%
2026-10-02T06:50:21.8525494Z (Reading database ... 65%
2026-10-02T06:50:21.8649739Z (Reading database ... 70%
2026-10-02T06:50:21.8693908Z (Reading database ... 75%
2026-10-02T06:50:21.8765212Z (Reading database ... 80%
2026-10-02T06:50:21.9171451Z (Reading database ... 85%
2026-10-02T06:50:21.9192470Z (Reading database ... 90%
2026-10-02T06:50:21.9603207Z (Reading database ... 95%
2026-10-02T06:50:21.9603580Z (Reading database ... 100%
2026-10-02T06:50:21.9603952Z (Reading database ... 260388 files and directories currently installed.)
2026-10-02T06:50:21.9669980Z Preparing to unpack .../00-pkg-config_0.29.2-1ubuntu3_amd64.deb ...
2026-10-02T06:50:21.9678767Z Unpacking pkg-config (0.29.2-1ubuntu3) ...
2026-10-02T06:50:21.9955479Z Selecting previously unselected package libjsoncpp25:amd64.
2026-10-02T06:50:22.0176597Z Preparing to unpack .../01-libjsoncpp25_1.9.5-3_amd64.deb ...
2026-10-02T06:50:22.0193821Z Unpacking libjsoncpp25:amd64 (1.9.5-3) ...
2026-10-02T06:50:22.0457506Z Selecting previously unselected package librhash0:amd64.
2026-10-02T06:50:22.0682007Z Preparing to unpack .../02-librhash0_1.4.2-1ubuntu1_amd64.deb ...
2026-10-02T06:50:22.0691121Z Unpacking librhash0:amd64 (1.4.2-1ubuntu1) ...
2026-10-02T06:50:22.0951554Z Selecting previously unselected package dh-elpa-helper.
2026-10-02T06:50:22.1177306Z Preparing to unpack .../03-dh-elpa-helper_2.0.9ubuntu1_all.deb ...
2026-10-02T06:50:22.1184157Z Unpacking dh-elpa-helper (2.0.9ubuntu1) ...
2026-10-02T06:50:22.1498437Z Selecting previously unselected package cmake-data.
2026-10-02T06:50:22.1729242Z Preparing to unpack .../04-cmake-data_3.22.1-1ubuntu1.22.04.2_all.deb ...
2026-10-02T06:50:22.1821271Z Unpacking cmake-data (3.22.1-1ubuntu1.22.04.2) ...
2026-10-02T06:50:22.7302690Z Selecting previously unselected package cmake.
2026-10-02T06:50:22.7541584Z Preparing to unpack .../05-cmake_3.22.1-1ubuntu1.22.04.2_amd64.deb ...
2026-10-02T06:50:22.7549454Z Unpacking cmake (3.22.1-1ubuntu1.22.04.2) ...
2026-10-02T06:50:22.8668163Z Selecting previously unselected package libabsl20210324:amd64.
2026-10-02T06:50:22.8894878Z Preparing to unpack .../06-libabsl20210324_0~20210324.2-2ubuntu0.3_amd64.deb ...
2026-10-02T06:50:22.8903130Z Unpacking libabsl20210324:amd64 (0~20210324.2-2ubuntu0.3) ...
2026-10-02T06:50:22.9362137Z Selecting previously unselected package libgrpc10:amd64.
2026-10-02T06:50:22.9593516Z Preparing to unpack .../07-libgrpc10_1.30.2-3build6_amd64.deb ...
2026-10-02T06:50:22.9600482Z Unpacking libgrpc10:amd64 (1.30.2-3build6) ...
2026-10-02T06:50:23.0137323Z Selecting previously unselected package libprotobuf23:amd64.
2026-10-02T06:50:23.0364482Z Preparing to unpack .../08-libprotobuf23_3.12.4-1ubuntu7.22.04.6_amd64.deb ...
2026-10-02T06:50:23.0371835Z Unpacking libprotobuf23:amd64 (3.12.4-1ubuntu7.22.04.6) ...
2026-10-02T06:50:23.0736969Z Selecting previously unselected package libgrpc++1:amd64.
2026-10-02T06:50:23.0965414Z Preparing to unpack .../09-libgrpc++1_1.30.2-3build6_amd64.deb ...
2026-10-02T06:50:23.0975456Z Unpacking libgrpc++1:amd64 (1.30.2-3build6) ...
2026-10-02T06:50:23.1310023Z Selecting previously unselected package libgrpc-dev:amd64.
2026-10-02T06:50:23.1534888Z Preparing to unpack .../10-libgrpc-dev_1.30.2-3build6_amd64.deb ...
2026-10-02T06:50:23.1541137Z Unpacking libgrpc-dev:amd64 (1.30.2-3build6) ...
2026-10-02T06:50:23.2301646Z Selecting previously unselected package libgrpc++-dev:amd64.
2026-10-02T06:50:23.2528035Z Preparing to unpack .../11-libgrpc++-dev_1.30.2-3build6_amd64.deb ...
2026-10-02T06:50:23.2534606Z Unpacking libgrpc++-dev:amd64 (1.30.2-3build6) ...
2026-10-02T06:50:23.3352136Z Selecting previously unselected package libpqxx-6.4.
2026-10-02T06:50:23.3583143Z Preparing to unpack .../12-libpqxx-6.4_6.4.5-2build1_amd64.deb ...
2026-10-02T06:50:23.3590857Z Unpacking libpqxx-6.4 (6.4.5-2build1) ...
2026-10-02T06:50:23.3946100Z Selecting previously unselected package libpqxx-dev.
2026-10-02T06:50:23.4175835Z Preparing to unpack .../13-libpqxx-dev_6.4.5-2build1_amd64.deb ...
2026-10-02T06:50:23.4182127Z Unpacking libpqxx-dev (6.4.5-2build1) ...
2026-10-02T06:50:23.4785060Z Selecting previously unselected package libprotoc23:amd64.
2026-10-02T06:50:23.5010454Z Preparing to unpack .../14-libprotoc23_3.12.4-1ubuntu7.22.04.6_amd64.deb ...
2026-10-02T06:50:23.5018450Z Unpacking libprotoc23:amd64 (3.12.4-1ubuntu7.22.04.6) ...
2026-10-02T06:50:23.5350041Z Selecting previously unselected package nlohmann-json3-dev.
2026-10-02T06:50:23.5579882Z Preparing to unpack .../15-nlohmann-json3-dev_3.10.5-2_all.deb ...
2026-10-02T06:50:23.5586386Z Unpacking nlohmann-json3-dev (3.10.5-2) ...
2026-10-02T06:50:23.6461918Z Selecting previously unselected package protobuf-compiler.
2026-10-02T06:50:23.6702925Z Preparing to unpack .../16-protobuf-compiler_3.12.4-1ubuntu7.22.04.6_amd64.deb ...
2026-10-02T06:50:23.6708641Z Unpacking protobuf-compiler (3.12.4-1ubuntu7.22.04.6) ...
2026-10-02T06:50:23.6982115Z Selecting previously unselected package protobuf-compiler-grpc.
2026-10-02T06:50:23.7207473Z Preparing to unpack .../17-protobuf-compiler-grpc_1.30.2-3build6_amd64.deb ...
2026-10-02T06:50:23.7214648Z Unpacking protobuf-compiler-grpc (1.30.2-3build6) ...
2026-10-02T06:50:23.7484763Z Selecting previously unselected package libprotobuf-dev:amd64.
2026-10-02T06:50:23.7711634Z Preparing to unpack .../18-libprotobuf-dev_3.12.4-1ubuntu7.22.04.6_amd64.deb ...
2026-10-02T06:50:23.7719400Z Unpacking libprotobuf-dev:amd64 (3.12.4-1ubuntu7.22.04.6) ...
2026-10-02T06:50:23.8782970Z Setting up libprotobuf23:amd64 (3.12.4-1ubuntu7.22.04.6) ...
2026-10-02T06:50:23.8801016Z Setting up libprotobuf-dev:amd64 (3.12.4-1ubuntu7.22.04.6) ...
2026-10-02T06:50:23.8815149Z Setting up dh-elpa-helper (2.0.9ubuntu1) ...
2026-10-02T06:50:23.8829486Z Setting up libprotoc23:amd64 (3.12.4-1ubuntu7.22.04.6) ...
2026-10-02T06:50:23.8844577Z Setting up libjsoncpp25:amd64 (1.9.5-3) ...
2026-10-02T06:50:23.8860428Z Setting up pkg-config (0.29.2-1ubuntu3) ...
2026-10-02T06:50:23.9215255Z Setting up libabsl20210324:amd64 (0~20210324.2-2ubuntu0.3) ...
2026-10-02T06:50:23.9230181Z Setting up libpqxx-6.4 (6.4.5-2build1) ...
2026-10-02T06:50:23.9244445Z Setting up librhash0:amd64 (1.4.2-1ubuntu1) ...
2026-10-02T06:50:23.9259285Z Setting up cmake-data (3.22.1-1ubuntu1.22.04.2) ...
2026-10-02T06:50:23.9903079Z Setting up nlohmann-json3-dev (3.10.5-2) ...
2026-10-02T06:50:23.9916826Z Setting up libpqxx-dev (6.4.5-2build1) ...
2026-10-02T06:50:23.9930299Z Setting up protobuf-compiler (3.12.4-1ubuntu7.22.04.6) ...
2026-10-02T06:50:23.9947581Z Setting up protobuf-compiler-grpc (1.30.2-3build6) ...
2026-10-02T06:50:23.9962788Z Setting up libgrpc10:amd64 (1.30.2-3build6) ...
2026-10-02T06:50:23.9977494Z Setting up cmake (3.22.1-1ubuntu1.22.04.2) ...
2026-10-02T06:50:23.9991480Z Setting up libgrpc++1:amd64 (1.30.2-3build6) ...
2026-10-02T06:50:24.0005780Z Setting up libgrpc-dev:amd64 (1.30.2-3build6) ...
2026-10-02T06:50:24.0020433Z Setting up libgrpc++-dev:amd64 (1.30.2-3build6) ...
2026-10-02T06:50:24.0041053Z Processing triggers for man-db (2.10.2-1) ...
2026-10-02T06:50:24.0063738Z Not building database; man-db/auto-update is not 'true'.
2026-10-02T06:50:24.0075074Z Processing triggers for libc-bin (2.35-0ubuntu3.15) ...
2026-10-02T06:50:24.6855305Z 
2026-10-02T06:50:24.6855936Z Running kernel seems to be up-to-date.
2026-10-02T06:50:24.6856305Z 
2026-10-02T06:50:24.6856825Z No services need to be restarted.
2026-10-02T06:50:24.6857192Z 
2026-10-02T06:50:24.6859938Z No containers need to be restarted.
2026-10-02T06:50:24.6860279Z 
2026-10-02T06:50:24.6860486Z No user sessions are running outdated binaries.
2026-10-02T06:50:24.6860830Z 
2026-10-02T06:50:24.6861153Z No VM guests are running outdated hypervisor (qemu) binaries on this host.
2026-10-02T06:50:26.9305922Z ##[group]Run cmake -S native/control -B /tmp/build-control -DCMAKE_BUILD_TYPE=Release
2026-10-02T06:50:26.9306571Z [36;1mcmake -S native/control -B /tmp/build-control -DCMAKE_BUILD_TYPE=Release[0m
2026-10-02T06:50:26.9389422Z shell: /usr/bin/bash -e {0}
2026-10-02T06:50:26.9389741Z ##[endgroup]
2026-10-02T06:50:27.1121286Z -- The CXX compiler identification is GNU 11.4.0
2026-10-02T06:50:27.1291792Z -- Detecting CXX compiler ABI info
2026-10-02T06:50:27.2122761Z -- Detecting CXX compiler ABI info - done
2026-10-02T06:50:27.2309114Z -- Check for working CXX compiler: /usr/bin/c++ - skipped
2026-10-02T06:50:27.2315280Z -- Detecting CXX compile features
2026-10-02T06:50:27.2324718Z -- Detecting CXX compile features - done
2026-10-02T06:50:27.2461038Z -- Found PkgConfig: /usr/bin/pkg-config (found version "0.29.2")
2026-10-02T06:50:27.2468304Z -- Checking for module 'grpc++'
2026-10-02T06:50:27.2578398Z --   Found grpc++, version 1.30.2
2026-10-02T06:50:27.2915889Z -- Checking for module 'protobuf'
2026-10-02T06:50:27.3019157Z --   Found protobuf, version 3.12.4
2026-10-02T06:50:27.3268667Z -- Checking for module 'libpqxx'
2026-10-02T06:50:27.3387015Z --   Found libpqxx, version 6.4.5
2026-10-02T06:50:27.4251342Z -- Found OpenSSL: /usr/lib/x86_64-linux-gnu/libcrypto.so (found version "3.0.2")
2026-10-02T06:50:27.4260826Z -- Configuring done (0.5s)
2026-10-02T06:50:27.4319477Z -- Generating done (0.0s)
2026-10-02T06:50:27.4324198Z -- Build files have been written to: /tmp/build-control
2026-10-02T06:50:27.4397768Z ##[group]Run cmake --build /tmp/build-control --parallel
2026-10-02T06:50:27.4398238Z [36;1mcmake --build /tmp/build-control --parallel[0m
2026-10-02T06:50:27.4472903Z shell: /usr/bin/bash -e {0}
2026-10-02T06:50:27.4473399Z ##[endgroup]
2026-10-02T06:50:27.4729143Z [  5%] Generating generated/common.pb.cc, generated/common.grpc.pb.cc, generated/errorcode.pb.cc, generated/errorcode.grpc.pb.cc, generated/taskkind.pb.cc, generated/taskkind.grpc.pb.cc, generated/hotmethod.pb.cc, generated/hotmethod.grpc.pb.cc, generated/healthcheck.pb.cc, generated/healthcheck.grpc.pb.cc, generated/init.pb.cc, generated/init.grpc.pb.cc, generated/control.pb.cc, generated/control.grpc.pb.cc
2026-10-02T06:50:27.5257353Z [ 11%] Building CXX object CMakeFiles/mini-drop-native-control.dir/src/main.cpp.o
2026-10-02T06:50:27.5259590Z [ 17%] Building CXX object CMakeFiles/mini-drop-native-control.dir/generated/common.pb.cc.o
2026-10-02T06:50:27.5284707Z [ 29%] Building CXX object CMakeFiles/mini-drop-native-control.dir/generated/common.grpc.pb.cc.o
2026-10-02T06:50:27.5285996Z [ 29%] Building CXX object CMakeFiles/mini-drop-native-control.dir/generated/errorcode.pb.cc.o
2026-10-02T06:50:27.5290980Z [ 35%] Building CXX object CMakeFiles/mini-drop-native-control.dir/generated/errorcode.grpc.pb.cc.o
2026-10-02T06:50:27.5326357Z [ 41%] Building CXX object CMakeFiles/mini-drop-native-control.dir/generated/taskkind.pb.cc.o
2026-10-02T06:50:27.5408019Z [ 47%] Building CXX object CMakeFiles/mini-drop-native-control.dir/generated/taskkind.grpc.pb.cc.o
2026-10-02T06:50:27.5472207Z [ 58%] Building CXX object CMakeFiles/mini-drop-native-control.dir/generated/hotmethod.pb.cc.o
2026-10-02T06:50:27.5510632Z [ 58%] Building CXX object CMakeFiles/mini-drop-native-control.dir/generated/hotmethod.grpc.pb.cc.o
2026-10-02T06:50:27.5526568Z [ 64%] Building CXX object CMakeFiles/mini-drop-native-control.dir/generated/healthcheck.pb.cc.o
2026-10-02T06:50:27.5541864Z [ 70%] Building CXX object CMakeFiles/mini-drop-native-control.dir/generated/healthcheck.grpc.pb.cc.o
2026-10-02T06:50:27.5647901Z [ 76%] Building CXX object CMakeFiles/mini-drop-native-control.dir/generated/init.grpc.pb.cc.o
2026-10-02T06:50:27.5707529Z [ 82%] Building CXX object CMakeFiles/mini-drop-native-control.dir/generated/init.pb.cc.o
2026-10-02T06:50:27.5812221Z [ 88%] Building CXX object CMakeFiles/mini-drop-native-control.dir/generated/control.pb.cc.o
2026-10-02T06:50:27.5968124Z [ 94%] Building CXX object CMakeFiles/mini-drop-native-control.dir/generated/control.grpc.pb.cc.o
2026-10-02T06:50:30.9448032Z In file included from /tmp/build-control/generated/healthcheck.pb.h:37,
2026-10-02T06:50:30.9527898Z                  from /tmp/build-control/generated/healthcheck.pb.cc:4:
2026-10-02T06:50:30.9575769Z /tmp/build-control/generated/hotmethod.pb.h: In member function ‘mini_drop::RecordArgv* mini_drop::TaskDesc::release_sample_argv()’:
2026-10-02T06:50:30.9619297Z /tmp/build-control/generated/hotmethod.pb.h:3159:47: warning: ‘mini_drop::RecordArgv* mini_drop::TaskDesc::unsafe_arena_release_sample_argv()’ is deprecated [-Wdeprecated-declarations]
2026-10-02T06:50:30.9707737Z  3159 |   auto temp = unsafe_arena_release_sample_argv();
2026-10-02T06:50:30.9757557Z       |               ~~~~~~~~~~~~~~~~~~~~~~~~~~~~~~~~^~
2026-10-02T06:50:30.9827787Z /tmp/build-control/generated/hotmethod.pb.h:449:48: note: declared here
2026-10-02T06:50:30.9887963Z   449 |   PROTOBUF_DEPRECATED ::mini_drop::RecordArgv* unsafe_arena_release_sample_argv();
2026-10-02T06:50:30.9937762Z       |                                                ^~~~~~~~~~~~~~~~~~~~~~~~~~~~~~~~
2026-10-02T06:50:31.0029016Z /tmp/build-control/generated/hotmethod.pb.h: In member function ‘mini_drop::CosConfig* mini_drop::TaskDesc::release_cos_config()’:
2026-10-02T06:50:31.0089220Z /tmp/build-control/generated/hotmethod.pb.h:3355:46: warning: ‘mini_drop::CosConfig* mini_drop::TaskDesc::unsafe_arena_release_cos_config()’ is deprecated [-Wdeprecated-declarations]
2026-10-02T06:50:31.0128289Z  3355 |   auto temp = unsafe_arena_release_cos_config();
2026-10-02T06:50:31.0207686Z       |               ~~~~~~~~~~~~~~~~~~~~~~~~~~~~~~~^~
2026-10-02T06:50:31.0297886Z /tmp/build-control/generated/hotmethod.pb.h:467:47: note: declared here
2026-10-02T06:50:31.0337985Z   467 |   PROTOBUF_DEPRECATED ::mini_drop::CosConfig* unsafe_arena_release_cos_config();
2026-10-02T06:50:31.0417822Z       |                                               ^~~~~~~~~~~~~~~~~~~~~~~~~~~~~~~
2026-10-02T06:50:31.3557945Z In file included from /tmp/build-control/generated/healthcheck.pb.h:37,
2026-10-02T06:50:31.3587735Z                  from /tmp/build-control/generated/healthcheck.grpc.pb.cc:5:
2026-10-02T06:50:31.3648771Z /tmp/build-control/generated/hotmethod.pb.h: In member function ‘mini_drop::RecordArgv* mini_drop::TaskDesc::release_sample_argv()’:
2026-10-02T06:50:31.3759530Z /tmp/build-control/generated/hotmethod.pb.h:3159:47: warning: ‘mini_drop::RecordArgv* mini_drop::TaskDesc::unsafe_arena_release_sample_argv()’ is deprecated [-Wdeprecated-declarations]
2026-10-02T06:50:31.3767524Z  3159 |   auto temp = unsafe_arena_release_sample_argv();
2026-10-02T06:50:31.3857667Z       |               ~~~~~~~~~~~~~~~~~~~~~~~~~~~~~~~~^~
2026-10-02T06:50:31.3947854Z /tmp/build-control/generated/hotmethod.pb.h:449:48: note: declared here
2026-10-02T06:50:31.4007994Z   449 |   PROTOBUF_DEPRECATED ::mini_drop::RecordArgv* unsafe_arena_release_sample_argv();
2026-10-02T06:50:31.4067692Z       |                                                ^~~~~~~~~~~~~~~~~~~~~~~~~~~~~~~~
2026-10-02T06:50:31.4159148Z /tmp/build-control/generated/hotmethod.pb.h: In member function ‘mini_drop::CosConfig* mini_drop::TaskDesc::release_cos_config()’:
2026-10-02T06:50:31.4218909Z /tmp/build-control/generated/hotmethod.pb.h:3355:46: warning: ‘mini_drop::CosConfig* mini_drop::TaskDesc::unsafe_arena_release_cos_config()’ is deprecated [-Wdeprecated-declarations]
2026-10-02T06:50:31.4337768Z  3355 |   auto temp = unsafe_arena_release_cos_config();
2026-10-02T06:50:31.4338375Z       |               ~~~~~~~~~~~~~~~~~~~~~~~~~~~~~~~^~
2026-10-02T06:50:31.4338990Z /tmp/build-control/generated/hotmethod.pb.h:467:47: note: declared here
2026-10-02T06:50:31.4339874Z   467 |   PROTOBUF_DEPRECATED ::mini_drop::CosConfig* unsafe_arena_release_cos_config();
2026-10-02T06:50:31.4340590Z       |                                               ^~~~~~~~~~~~~~~~~~~~~~~~~~~~~~~
2026-10-02T06:50:31.6812682Z In file included from /tmp/build-control/generated/control.pb.h:36,
2026-10-02T06:50:31.6837708Z                  from /tmp/build-control/generated/control.grpc.pb.cc:5:
2026-10-02T06:50:31.6868676Z /tmp/build-control/generated/hotmethod.pb.h: In member function ‘mini_drop::RecordArgv* mini_drop::TaskDesc::release_sample_argv()’:
2026-10-02T06:50:31.6898811Z /tmp/build-control/generated/hotmethod.pb.h:3159:47: warning: ‘mini_drop::RecordArgv* mini_drop::TaskDesc::unsafe_arena_release_sample_argv()’ is deprecated [-Wdeprecated-declarations]
2026-10-02T06:50:31.6927590Z  3159 |   auto temp = unsafe_arena_release_sample_argv();
2026-10-02T06:50:31.6957466Z       |               ~~~~~~~~~~~~~~~~~~~~~~~~~~~~~~~~^~
2026-10-02T06:50:31.6978188Z /tmp/build-control/generated/hotmethod.pb.h:449:48: note: declared here
2026-10-02T06:50:31.7007722Z   449 |   PROTOBUF_DEPRECATED ::mini_drop::RecordArgv* unsafe_arena_release_sample_argv();
2026-10-02T06:50:31.7067483Z       |                                                ^~~~~~~~~~~~~~~~~~~~~~~~~~~~~~~~
2026-10-02T06:50:31.7108566Z /tmp/build-control/generated/hotmethod.pb.h: In member function ‘mini_drop::CosConfig* mini_drop::TaskDesc::release_cos_config()’:
2026-10-02T06:50:31.7158794Z /tmp/build-control/generated/hotmethod.pb.h:3355:46: warning: ‘mini_drop::CosConfig* mini_drop::TaskDesc::unsafe_arena_release_cos_config()’ is deprecated [-Wdeprecated-declarations]
2026-10-02T06:50:31.7187464Z  3355 |   auto temp = unsafe_arena_release_cos_config();
2026-10-02T06:50:31.7188044Z       |               ~~~~~~~~~~~~~~~~~~~~~~~~~~~~~~~^~
2026-10-02T06:50:31.7189258Z /tmp/build-control/generated/hotmethod.pb.h:467:47: note: declared here
2026-10-02T06:50:31.7190199Z   467 |   PROTOBUF_DEPRECATED ::mini_drop::CosConfig* unsafe_arena_release_cos_config();
2026-10-02T06:50:31.7190923Z       |                                               ^~~~~~~~~~~~~~~~~~~~~~~~~~~~~~~
2026-10-02T06:50:32.4409574Z /tmp/build-control/generated/common.pb.cc: In member function ‘virtual google::protobuf::uint8* mini_drop::CosConfig::_InternalSerialize(google::protobuf::uint8*, google::protobuf::io::EpsCopyOutputStream*) const’:
2026-10-02T06:50:32.4448699Z /tmp/build-control/generated/common.pb.cc:664:23: warning: ‘const string& mini_drop::CosConfig::access_key() const’ is deprecated [-Wdeprecated-declarations]
2026-10-02T06:50:32.4507629Z   664 |   if (this->access_key().size() > 0) {
2026-10-02T06:50:32.4597732Z       |       ~~~~~~~~~~~~~~~~^~
2026-10-02T06:50:32.4617831Z In file included from /tmp/build-control/generated/common.pb.cc:4:
2026-10-02T06:50:32.4738035Z /tmp/build-control/generated/common.pb.h:1130:27: note: declared here
2026-10-02T06:50:32.4777857Z  1130 | inline const std::string& CosConfig::access_key() const {
2026-10-02T06:50:32.4857711Z       |                           ^~~~~~~~~
2026-10-02T06:50:32.4898893Z /tmp/build-control/generated/common.pb.cc:674:23: warning: ‘const string& mini_drop::CosConfig::secret_key() const’ is deprecated [-Wdeprecated-declarations]
2026-10-02T06:50:32.4957632Z   674 |   if (this->secret_key().size() > 0) {
2026-10-02T06:50:32.5047699Z       |       ~~~~~~~~~~~~~~~~^~
2026-10-02T06:50:32.5107888Z In file included from /tmp/build-control/generated/common.pb.cc:4:
2026-10-02T06:50:32.5167815Z /tmp/build-control/generated/common.pb.h:1211:27: note: declared here
2026-10-02T06:50:32.5198031Z  1211 | inline const std::string& CosConfig::secret_key() const {
2026-10-02T06:50:32.5287616Z       |                           ^~~~~~~~~
2026-10-02T06:50:32.5348756Z /tmp/build-control/generated/common.pb.cc: In member function ‘virtual size_t mini_drop::CosConfig::ByteSizeLong() const’:
2026-10-02T06:50:32.5409125Z /tmp/build-control/generated/common.pb.cc:727:23: warning: ‘const string& mini_drop::CosConfig::access_key() const’ is deprecated [-Wdeprecated-declarations]
2026-10-02T06:50:32.5497769Z   727 |   if (this->access_key().size() > 0) {
2026-10-02T06:50:32.5567690Z       |       ~~~~~~~~~~~~~~~~^~
2026-10-02T06:50:32.5628347Z In file included from /tmp/build-control/generated/common.pb.cc:4:
2026-10-02T06:50:32.5687772Z /tmp/build-control/generated/common.pb.h:1130:27: note: declared here
2026-10-02T06:50:32.5747809Z  1130 | inline const std::string& CosConfig::access_key() const {
2026-10-02T06:50:32.5817681Z       |                           ^~~~~~~~~
2026-10-02T06:50:32.5838851Z /tmp/build-control/generated/common.pb.cc:734:23: warning: ‘const string& mini_drop::CosConfig::secret_key() const’ is deprecated [-Wdeprecated-declarations]
2026-10-02T06:50:32.5937742Z   734 |   if (this->secret_key().size() > 0) {
2026-10-02T06:50:32.5997669Z       |       ~~~~~~~~~~~~~~~~^~
2026-10-02T06:50:32.6057808Z In file included from /tmp/build-control/generated/common.pb.cc:4:
2026-10-02T06:50:32.6137885Z /tmp/build-control/generated/common.pb.h:1211:27: note: declared here
2026-10-02T06:50:32.6197866Z  1211 | inline const std::string& CosConfig::secret_key() const {
2026-10-02T06:50:32.6227554Z       |                           ^~~~~~~~~
2026-10-02T06:50:32.6319032Z /tmp/build-control/generated/common.pb.cc: In member function ‘void mini_drop::CosConfig::MergeFrom(const mini_drop::CosConfig&)’:
2026-10-02T06:50:32.6348673Z /tmp/build-control/generated/common.pb.cc:788:22: warning: ‘const string& mini_drop::CosConfig::access_key() const’ is deprecated [-Wdeprecated-declarations]
2026-10-02T06:50:32.6387700Z   788 |   if (from.access_key().size() > 0) {
2026-10-02T06:50:32.6437511Z       |       ~~~~~~~~~~~~~~~^~
2026-10-02T06:50:32.6467601Z In file included from /tmp/build-control/generated/common.pb.cc:4:
2026-10-02T06:50:32.6528086Z /tmp/build-control/generated/common.pb.h:1130:27: note: declared here
2026-10-02T06:50:32.6567651Z  1130 | inline const std::string& CosConfig::access_key() const {
2026-10-02T06:50:32.6587409Z       |                           ^~~~~~~~~
2026-10-02T06:50:32.6648758Z /tmp/build-control/generated/common.pb.cc:791:22: warning: ‘const string& mini_drop::CosConfig::secret_key() const’ is deprecated [-Wdeprecated-declarations]
2026-10-02T06:50:32.6677431Z   791 |   if (from.secret_key().size() > 0) {
2026-10-02T06:50:32.6737494Z       |       ~~~~~~~~~~~~~~~^~
2026-10-02T06:50:32.6796830Z In file included from /tmp/build-control/generated/common.pb.cc:4:
2026-10-02T06:50:32.6873975Z /tmp/build-control/generated/common.pb.h:1211:27: note: declared here
2026-10-02T06:50:32.6917628Z  1211 | inline const std::string& CosConfig::secret_key() const {
2026-10-02T06:50:32.6977555Z       |                           ^~~~~~~~~
2026-10-02T06:50:32.7067902Z In file included from /tmp/build-control/generated/hotmethod.pb.cc:4:
2026-10-02T06:50:32.7112357Z /tmp/build-control/generated/hotmethod.pb.h: In member function ‘mini_drop::RecordArgv* mini_drop::TaskDesc::release_sample_argv()’:
2026-10-02T06:50:32.7188916Z /tmp/build-control/generated/hotmethod.pb.h:3159:47: warning: ‘mini_drop::RecordArgv* mini_drop::TaskDesc::unsafe_arena_release_sample_argv()’ is deprecated [-Wdeprecated-declarations]
2026-10-02T06:50:32.7217529Z  3159 |   auto temp = unsafe_arena_release_sample_argv();
2026-10-02T06:50:32.7277644Z       |               ~~~~~~~~~~~~~~~~~~~~~~~~~~~~~~~~^~
2026-10-02T06:50:32.7337896Z /tmp/build-control/generated/hotmethod.pb.h:449:48: note: declared here
2026-10-02T06:50:32.7432197Z   449 |   PROTOBUF_DEPRECATED ::mini_drop::RecordArgv* unsafe_arena_release_sample_argv();
2026-10-02T06:50:32.7457609Z       |                                                ^~~~~~~~~~~~~~~~~~~~~~~~~~~~~~~~
2026-10-02T06:50:32.7579319Z /tmp/build-control/generated/hotmethod.pb.h: In member function ‘mini_drop::CosConfig* mini_drop::TaskDesc::release_cos_config()’:
2026-10-02T06:50:32.7599019Z /tmp/build-control/generated/hotmethod.pb.h:3355:46: warning: ‘mini_drop::CosConfig* mini_drop::TaskDesc::unsafe_arena_release_cos_config()’ is deprecated [-Wdeprecated-declarations]
2026-10-02T06:50:32.7667797Z  3355 |   auto temp = unsafe_arena_release_cos_config();
2026-10-02T06:50:32.7717634Z       |               ~~~~~~~~~~~~~~~~~~~~~~~~~~~~~~~^~
2026-10-02T06:50:32.7777787Z /tmp/build-control/generated/hotmethod.pb.h:467:47: note: declared here
2026-10-02T06:50:32.7778726Z   467 |   PROTOBUF_DEPRECATED ::mini_drop::CosConfig* unsafe_arena_release_cos_config();
2026-10-02T06:50:32.7779432Z       |                                               ^~~~~~~~~~~~~~~~~~~~~~~~~~~~~~~
2026-10-02T06:50:32.8619317Z /tmp/build-control/generated/hotmethod.pb.cc: In member function ‘virtual google::protobuf::uint8* mini_drop::TaskDesc::_InternalSerialize(google::protobuf::uint8*, google::protobuf::io::EpsCopyOutputStream*) const’:
2026-10-02T06:50:32.8709408Z /tmp/build-control/generated/hotmethod.pb.cc:1228:28: warning: ‘bool mini_drop::TaskDesc::has_sample_argv() const’ is deprecated [-Wdeprecated-declarations]
2026-10-02T06:50:32.8737543Z  1228 |   if (this->has_sample_argv()) {
2026-10-02T06:50:32.8738020Z       |       ~~~~~~~~~~~~~~~~~~~~~^~
2026-10-02T06:50:32.8738659Z In file included from /tmp/build-control/generated/hotmethod.pb.cc:4:
2026-10-02T06:50:32.8828051Z /tmp/build-control/generated/hotmethod.pb.h:3127:13: note: declared here
2026-10-02T06:50:32.8887932Z  3127 | inline bool TaskDesc::has_sample_argv() const {
2026-10-02T06:50:32.8947565Z       |             ^~~~~~~~
2026-10-02T06:50:32.9009106Z /tmp/build-control/generated/hotmethod.pb.cc:1258:27: warning: ‘bool mini_drop::TaskDesc::has_cos_config() const’ is deprecated [-Wdeprecated-declarations]
2026-10-02T06:50:32.9067729Z  1258 |   if (this->has_cos_config()) {
2026-10-02T06:50:32.9068201Z       |       ~~~~~~~~~~~~~~~~~~~~^~
2026-10-02T06:50:32.9068738Z In file included from /tmp/build-control/generated/hotmethod.pb.cc:4:
2026-10-02T06:50:32.9070037Z /tmp/build-control/generated/hotmethod.pb.h:3329:13: note: declared here
2026-10-02T06:50:32.9070782Z  3329 | inline bool TaskDesc::has_cos_config() const {
2026-10-02T06:50:32.9071245Z       |             ^~~~~~~~
2026-10-02T06:50:32.9072608Z /tmp/build-control/generated/hotmethod.pb.cc: In member function ‘virtual size_t mini_drop::TaskDesc::ByteSizeLong() const’:
2026-10-02T06:50:32.9074706Z /tmp/build-control/generated/hotmethod.pb.cc:1451:28: warning: ‘bool mini_drop::TaskDesc::has_sample_argv() const’ is deprecated [-Wdeprecated-declarations]
2026-10-02T06:50:32.9075750Z  1451 |   if (this->has_sample_argv()) {
2026-10-02T06:50:32.9076156Z       |       ~~~~~~~~~~~~~~~~~~~~~^~
2026-10-02T06:50:32.9076882Z In file included from /tmp/build-control/generated/hotmethod.pb.cc:4:
2026-10-02T06:50:32.9077568Z /tmp/build-control/generated/hotmethod.pb.h:3127:13: note: declared here
2026-10-02T06:50:32.9078154Z  3127 | inline bool TaskDesc::has_sample_argv() const {
2026-10-02T06:50:32.9078647Z       |             ^~~~~~~~
2026-10-02T06:50:32.9079928Z /tmp/build-control/generated/hotmethod.pb.cc:1458:27: warning: ‘bool mini_drop::TaskDesc::has_cos_config() const’ is deprecated [-Wdeprecated-declarations]
2026-10-02T06:50:32.9080965Z  1458 |   if (this->has_cos_config()) {
2026-10-02T06:50:32.9081402Z       |       ~~~~~~~~~~~~~~~~~~~~^~
2026-10-02T06:50:32.9081936Z In file included from /tmp/build-control/generated/hotmethod.pb.cc:4:
2026-10-02T06:50:32.9082662Z /tmp/build-control/generated/hotmethod.pb.h:3329:13: note: declared here
2026-10-02T06:50:32.9083324Z  3329 | inline bool TaskDesc::has_cos_config() const {
2026-10-02T06:50:32.9083803Z       |             ^~~~~~~~
2026-10-02T06:50:32.9084875Z /tmp/build-control/generated/hotmethod.pb.cc: In member function ‘void mini_drop::TaskDesc::MergeFrom(const mini_drop::TaskDesc&)’:
2026-10-02T06:50:32.9086586Z /tmp/build-control/generated/hotmethod.pb.cc:1609:27: warning: ‘bool mini_drop::TaskDesc::has_sample_argv() const’ is deprecated [-Wdeprecated-declarations]
2026-10-02T06:50:32.9087869Z  1609 |   if (from.has_sample_argv()) {
2026-10-02T06:50:32.9088273Z       |       ~~~~~~~~~~~~~~~~~~~~^~
2026-10-02T06:50:32.9088787Z In file included from /tmp/build-control/generated/hotmethod.pb.cc:4:
2026-10-02T06:50:32.9089520Z /tmp/build-control/generated/hotmethod.pb.h:3127:13: note: declared here
2026-10-02T06:50:32.9090173Z  3127 | inline bool TaskDesc::has_sample_argv() const {
2026-10-02T06:50:32.9090651Z       |             ^~~~~~~~
2026-10-02T06:50:32.9091906Z /tmp/build-control/generated/hotmethod.pb.cc:1612:26: warning: ‘bool mini_drop::TaskDesc::has_cos_config() const’ is deprecated [-Wdeprecated-declarations]
2026-10-02T06:50:32.9092905Z  1612 |   if (from.has_cos_config()) {
2026-10-02T06:50:32.9093292Z       |       ~~~~~~~~~~~~~~~~~~~^~
2026-10-02T06:50:32.9093808Z In file included from /tmp/build-control/generated/hotmethod.pb.cc:4:
2026-10-02T06:50:32.9094528Z /tmp/build-control/generated/hotmethod.pb.h:3329:13: note: declared here
2026-10-02T06:50:32.9095445Z  3329 | inline bool TaskDesc::has_cos_config() const {
2026-10-02T06:50:32.9147480Z       |             ^~~~~~~~
2026-10-02T06:50:32.9453268Z In file included from /tmp/build-control/generated/control.pb.h:36,
2026-10-02T06:50:32.9537988Z                  from /tmp/build-control/generated/control.pb.cc:4:
2026-10-02T06:50:32.9599011Z /tmp/build-control/generated/hotmethod.pb.h: In member function ‘mini_drop::RecordArgv* mini_drop::TaskDesc::release_sample_argv()’:
2026-10-02T06:50:32.9659366Z /tmp/build-control/generated/hotmethod.pb.h:3159:47: warning: ‘mini_drop::RecordArgv* mini_drop::TaskDesc::unsafe_arena_release_sample_argv()’ is deprecated [-Wdeprecated-declarations]
2026-10-02T06:50:32.9717945Z  3159 |   auto temp = unsafe_arena_release_sample_argv();
2026-10-02T06:50:32.9777923Z       |               ~~~~~~~~~~~~~~~~~~~~~~~~~~~~~~~~^~
2026-10-02T06:50:32.9837818Z /tmp/build-control/generated/hotmethod.pb.h:449:48: note: declared here
2026-10-02T06:50:32.9978691Z   449 |   PROTOBUF_DEPRECATED ::mini_drop::RecordArgv* unsafe_arena_release_sample_argv();
2026-10-02T06:50:32.9979519Z       |                                                ^~~~~~~~~~~~~~~~~~~~~~~~~~~~~~~~
2026-10-02T06:50:32.9981071Z /tmp/build-control/generated/hotmethod.pb.h: In member function ‘mini_drop::CosConfig* mini_drop::TaskDesc::release_cos_config()’:
2026-10-02T06:50:32.9983298Z /tmp/build-control/generated/hotmethod.pb.h:3355:46: warning: ‘mini_drop::CosConfig* mini_drop::TaskDesc::unsafe_arena_release_cos_config()’ is deprecated [-Wdeprecated-declarations]
2026-10-02T06:50:32.9984680Z  3355 |   auto temp = unsafe_arena_release_cos_config();
2026-10-02T06:50:32.9985782Z       |               ~~~~~~~~~~~~~~~~~~~~~~~~~~~~~~~^~
2026-10-02T06:50:32.9986395Z /tmp/build-control/generated/hotmethod.pb.h:467:47: note: declared here
2026-10-02T06:50:32.9987408Z   467 |   PROTOBUF_DEPRECATED ::mini_drop::CosConfig* unsafe_arena_release_cos_config();
2026-10-02T06:50:32.9988173Z       |                                               ^~~~~~~~~~~~~~~~~~~~~~~~~~~~~~~
2026-10-02T06:50:33.0668004Z In file included from /tmp/build-control/generated/hotmethod.grpc.pb.cc:5:
2026-10-02T06:50:33.0728853Z /tmp/build-control/generated/hotmethod.pb.h: In member function ‘mini_drop::RecordArgv* mini_drop::TaskDesc::release_sample_argv()’:
2026-10-02T06:50:33.0829197Z /tmp/build-control/generated/hotmethod.pb.h:3159:47: warning: ‘mini_drop::RecordArgv* mini_drop::TaskDesc::unsafe_arena_release_sample_argv()’ is deprecated [-Wdeprecated-declarations]
2026-10-02T06:50:33.0887754Z  3159 |   auto temp = unsafe_arena_release_sample_argv();
2026-10-02T06:50:33.0977779Z       |               ~~~~~~~~~~~~~~~~~~~~~~~~~~~~~~~~^~
2026-10-02T06:50:33.0997746Z /tmp/build-control/generated/hotmethod.pb.h:449:48: note: declared here
2026-10-02T06:50:33.1068066Z   449 |   PROTOBUF_DEPRECATED ::mini_drop::RecordArgv* unsafe_arena_release_sample_argv();
2026-10-02T06:50:33.1157781Z       |                                                ^~~~~~~~~~~~~~~~~~~~~~~~~~~~~~~~
2026-10-02T06:50:33.1218773Z /tmp/build-control/generated/hotmethod.pb.h: In member function ‘mini_drop::CosConfig* mini_drop::TaskDesc::release_cos_config()’:
2026-10-02T06:50:33.1278924Z /tmp/build-control/generated/hotmethod.pb.h:3355:46: warning: ‘mini_drop::CosConfig* mini_drop::TaskDesc::unsafe_arena_release_cos_config()’ is deprecated [-Wdeprecated-declarations]
2026-10-02T06:50:33.1337738Z  3355 |   auto temp = unsafe_arena_release_cos_config();
2026-10-02T06:50:33.1417701Z       |               ~~~~~~~~~~~~~~~~~~~~~~~~~~~~~~~^~
2026-10-02T06:50:33.1477847Z /tmp/build-control/generated/hotmethod.pb.h:467:47: note: declared here
2026-10-02T06:50:33.1548340Z   467 |   PROTOBUF_DEPRECATED ::mini_drop::CosConfig* unsafe_arena_release_cos_config();
2026-10-02T06:50:33.1607722Z       |                                               ^~~~~~~~~~~~~~~~~~~~~~~~~~~~~~~
2026-10-02T06:50:34.9317885Z In file included from /tmp/build-control/generated/healthcheck.pb.h:37,
2026-10-02T06:50:34.9337641Z                  from /tmp/build-control/generated/healthcheck.grpc.pb.h:15,
2026-10-02T06:50:34.9437970Z                  from /home/runner/work/mini-drop/mini-drop/native/control/src/main.cpp:10:
2026-10-02T06:50:34.9488908Z /tmp/build-control/generated/hotmethod.pb.h: In member function ‘mini_drop::RecordArgv* mini_drop::TaskDesc::release_sample_argv()’:
2026-10-02T06:50:34.9562713Z /tmp/build-control/generated/hotmethod.pb.h:3159:47: warning: ‘mini_drop::RecordArgv* mini_drop::TaskDesc::unsafe_arena_release_sample_argv()’ is deprecated [-Wdeprecated-declarations]
2026-10-02T06:50:34.9657914Z  3159 |   auto temp = unsafe_arena_release_sample_argv();
2026-10-02T06:50:34.9777929Z       |               ~~~~~~~~~~~~~~~~~~~~~~~~~~~~~~~~^~
2026-10-02T06:50:34.9868051Z /tmp/build-control/generated/hotmethod.pb.h:449:48: note: declared here
2026-10-02T06:50:34.9898228Z   449 |   PROTOBUF_DEPRECATED ::mini_drop::RecordArgv* unsafe_arena_release_sample_argv();
2026-10-02T06:50:34.9988387Z       |                                                ^~~~~~~~~~~~~~~~~~~~~~~~~~~~~~~~
2026-10-02T06:50:35.0088944Z /tmp/build-control/generated/hotmethod.pb.h: In member function ‘mini_drop::CosConfig* mini_drop::TaskDesc::release_cos_config()’:
2026-10-02T06:50:35.0209306Z /tmp/build-control/generated/hotmethod.pb.h:3355:46: warning: ‘mini_drop::CosConfig* mini_drop::TaskDesc::unsafe_arena_release_cos_config()’ is deprecated [-Wdeprecated-declarations]
2026-10-02T06:50:35.0297783Z  3355 |   auto temp = unsafe_arena_release_cos_config();
2026-10-02T06:50:35.0387688Z       |               ~~~~~~~~~~~~~~~~~~~~~~~~~~~~~~~^~
2026-10-02T06:50:35.0447819Z /tmp/build-control/generated/hotmethod.pb.h:467:47: note: declared here
2026-10-02T06:50:35.0537995Z   467 |   PROTOBUF_DEPRECATED ::mini_drop::CosConfig* unsafe_arena_release_cos_config();
2026-10-02T06:50:35.0657867Z       |                                               ^~~~~~~~~~~~~~~~~~~~~~~~~~~~~~~
2026-10-02T06:50:38.5569792Z /home/runner/work/mini-drop/mini-drop/native/control/src/main.cpp: In member function ‘virtual grpc::Status {anonymous}::HealthService::Do(grpc::ServerContext*, const mini_drop::HealthCheckRequest*, mini_drop::HealthCheckResponse*)’:
2026-10-02T06:50:38.5589455Z /home/runner/work/mini-drop/mini-drop/native/control/src/main.cpp:894:47: warning: ‘mini_drop::RecordArgv* mini_drop::TaskDesc::mutable_sample_argv()’ is deprecated [-Wdeprecated-declarations]
2026-10-02T06:50:38.5598497Z   894 |       auto* sample = desc->mutable_sample_argv();
2026-10-02T06:50:38.5630808Z       |                      ~~~~~~~~~~~~~~~~~~~~~~~~~^~
2026-10-02T06:50:38.5650006Z In file included from /tmp/build-control/generated/healthcheck.pb.h:37,
2026-10-02T06:50:38.5674597Z                  from /tmp/build-control/generated/healthcheck.grpc.pb.h:15,
2026-10-02T06:50:38.5697821Z                  from /home/runner/work/mini-drop/mini-drop/native/control/src/main.cpp:10:
2026-10-02T06:50:38.5717429Z /tmp/build-control/generated/hotmethod.pb.h:3180:33: note: declared here
2026-10-02T06:50:38.5727739Z  3180 | inline ::mini_drop::RecordArgv* TaskDesc::mutable_sample_argv() {
2026-10-02T06:50:38.5757354Z       |                                 ^~~~~~~~
2026-10-02T06:50:46.4848100Z [100%] Linking CXX executable mini-drop-native-control
2026-10-02T06:50:46.7997304Z [100%] Built target mini-drop-native-control
2026-10-02T06:50:46.8189915Z Post job cleanup.
2026-10-02T06:50:46.9111697Z [command]/usr/bin/git version
2026-10-02T06:50:46.9157221Z git version 2.55.0
2026-10-02T06:50:46.9195688Z Temporarily overriding HOME='/home/runner/work/_temp/01015f96-32fe-4d54-b853-b1411d5940d9' before making global git config changes
2026-10-02T06:50:46.9197112Z Adding repository directory to the temporary git global config as a safe directory
2026-10-02T06:50:46.9202296Z [command]/usr/bin/git config --global --add safe.directory /home/runner/work/mini-drop/mini-drop
2026-10-02T06:50:46.9252439Z [command]/usr/bin/git config --local --name-only --get-regexp core\.sshCommand
2026-10-02T06:50:46.9299400Z [command]/usr/bin/git submodule foreach --recursive sh -c "git config --local --name-only --get-regexp 'core\.sshCommand' && git config --local --unset-all 'core.sshCommand' || :"
2026-10-02T06:50:46.9642153Z [command]/usr/bin/git config --local --name-only --get-regexp http\.https\:\/\/github\.com\/\.extraheader
2026-10-02T06:50:46.9665099Z http.https://github.com/.extraheader
2026-10-02T06:50:46.9678714Z [command]/usr/bin/git config --local --unset-all http.https://github.com/.extraheader
2026-10-02T06:50:46.9720491Z [command]/usr/bin/git submodule foreach --recursive sh -c "git config --local --name-only --get-regexp 'http\.https\:\/\/github\.com\/\.extraheader' && git config --local --unset-all 'http.https://github.com/.extraheader' || :"
2026-10-02T06:50:47.0044923Z [command]/usr/bin/git config --local --name-only --get-regexp ^includeIf\.gitdir:
2026-10-02T06:50:47.0093697Z [command]/usr/bin/git submodule foreach --recursive git config --local --show-origin --name-only --get-regexp remote.origin.url
2026-10-02T06:50:47.0585124Z Cleaning up orphan processes
2026-10-02T06:50:47.0953170Z ##[warning]Node.js 20 is deprecated. The following actions target Node.js 20 but are being forced to run on Node.js 24: actions/checkout@v4. For more information see: https://github.blog/changelog/2025-09-19-deprecation-of-node-20-on-github-actions-runners/
