2026-10-02T06:49:57.2425694Z Current runner version: '2.337.0'
2026-10-02T06:49:57.2455225Z ##[group]Runner Image Provisioner
2026-10-02T06:49:57.2456344Z Hosted Compute Agent
2026-10-02T06:49:57.2457082Z Version: 20260901.588
2026-10-02T06:49:57.2458094Z Commit: f88ec8081b781fac6c440065ac7ff9e710ce3d0b
2026-10-02T06:49:57.2459187Z Build Date: 2026-09-01T19:56:44Z
2026-10-02T06:49:57.2460024Z Worker ID: {0b066e90-3734-4635-9657-3657499964ab}
2026-10-02T06:49:57.2461028Z Azure Region: eastus
2026-10-02T06:49:57.2461768Z ##[endgroup]
2026-10-02T06:49:57.2463575Z ##[group]Operating System
2026-10-02T06:49:57.2464350Z Ubuntu
2026-10-02T06:49:57.2464996Z 22.04.5
2026-10-02T06:49:57.2465755Z LTS
2026-10-02T06:49:57.2466402Z ##[endgroup]
2026-10-02T06:49:57.2467186Z ##[group]Runner Image
2026-10-02T06:49:57.2467946Z Image: ubuntu-22.04
2026-10-02T06:49:57.2468702Z Version: 20260927.309.1
2026-10-02T06:49:57.2470646Z Included Software: https://github.com/actions/runner-images/blob/ubuntu22/20260927.309/images/ubuntu/Ubuntu2204-Readme.md
2026-10-02T06:49:57.2472623Z Image Release: https://github.com/actions/runner-images/releases/tag/ubuntu22%2F20260927.309
2026-10-02T06:49:57.2473838Z ##[endgroup]
2026-10-02T06:49:57.2475380Z ##[group]GITHUB_TOKEN Permissions
2026-10-02T06:49:57.2478431Z Contents: read
2026-10-02T06:49:57.2479457Z Metadata: read
2026-10-02T06:49:57.2480168Z Packages: read
2026-10-02T06:49:57.2480907Z ##[endgroup]
2026-10-02T06:49:57.2483832Z Secret source: Actions
2026-10-02T06:49:57.2485123Z Cache mode: write
2026-10-02T06:49:57.2486327Z Prepare workflow directory
2026-10-02T06:49:57.2875226Z Prepare all required actions
2026-10-02T06:49:57.2933021Z Getting action download info
2026-10-02T06:49:57.4603358Z Download action repository 'actions/checkout@v4' (SHA:11d5960a326750d5838078e36cf38b85af677262)
2026-10-02T06:49:57.6722125Z Download action repository 'actions/setup-node@v4' (SHA:49933ea5288caeca8642d1e84afbd3f7d6820020)
2026-10-02T06:49:58.0621874Z Download action repository 'actions/upload-artifact@v4' (SHA:ea165f8d65b6e75b540449e92b4886f43607fa02)
2026-10-02T06:49:58.4296166Z Complete job name: Web (real Chromium, synthetic fixtures)
2026-10-02T06:49:58.4922663Z ##[group]Run actions/checkout@v4
2026-10-02T06:49:58.4923334Z with:
2026-10-02T06:49:58.4923711Z   repository: llongwang751-arch/mini-drop
2026-10-02T06:49:58.4926783Z   token: ***
2026-10-02T06:49:58.4927136Z   ssh-strict: true
2026-10-02T06:49:58.4927479Z   ssh-user: git
2026-10-02T06:49:58.4927830Z   persist-credentials: true
2026-10-02T06:49:58.4928212Z   clean: true
2026-10-02T06:49:58.4928549Z   sparse-checkout-cone-mode: true
2026-10-02T06:49:58.4929229Z   fetch-depth: 1
2026-10-02T06:49:58.4929567Z   fetch-tags: false
2026-10-02T06:49:58.4929910Z   show-progress: true
2026-10-02T06:49:58.4930267Z   lfs: false
2026-10-02T06:49:58.4930590Z   submodules: false
2026-10-02T06:49:58.4930939Z   set-safe-directory: true
2026-10-02T06:49:58.4931326Z   allow-unsafe-pr-checkout: false
2026-10-02T06:49:58.4931919Z ##[endgroup]
2026-10-02T06:49:58.5795655Z Syncing repository: llongwang751-arch/mini-drop
2026-10-02T06:49:58.5797992Z ##[group]Getting Git version info
2026-10-02T06:49:58.5799210Z Working directory is '/home/runner/work/mini-drop/mini-drop'
2026-10-02T06:49:58.5800636Z [command]/usr/bin/git version
2026-10-02T06:49:58.6446796Z git version 2.55.0
2026-10-02T06:49:58.6495537Z ##[endgroup]
2026-10-02T06:49:58.6509236Z Temporarily overriding HOME='/home/runner/work/_temp/9093fce2-607a-4ae1-a380-c102a9b8fb42' before making global git config changes
2026-10-02T06:49:58.6511007Z Adding repository directory to the temporary git global config as a safe directory
2026-10-02T06:49:58.6514026Z [command]/usr/bin/git config --global --add safe.directory /home/runner/work/mini-drop/mini-drop
2026-10-02T06:49:58.6570022Z Deleting the contents of '/home/runner/work/mini-drop/mini-drop'
2026-10-02T06:49:58.6572111Z ##[group]Initializing the repository
2026-10-02T06:49:58.6573066Z [command]/usr/bin/git init /home/runner/work/mini-drop/mini-drop
2026-10-02T06:49:58.7191244Z hint: Using 'master' as the name for the initial branch. This default branch name
2026-10-02T06:49:58.7192360Z hint: will change to "main" in Git 3.0. To configure the initial branch name
2026-10-02T06:49:58.7193216Z hint: to use in all of your new repositories, which will suppress this warning,
2026-10-02T06:49:58.7193885Z hint: call:
2026-10-02T06:49:58.7194224Z hint:
2026-10-02T06:49:58.7194674Z hint: 	git config --global init.defaultBranch <name>
2026-10-02T06:49:58.7195363Z hint:
2026-10-02T06:49:58.7195968Z hint: Names commonly chosen instead of 'master' are 'main', 'trunk' and
2026-10-02T06:49:58.7196879Z hint: 'development'. The just-created branch can be renamed via this command:
2026-10-02T06:49:58.7197752Z hint:
2026-10-02T06:49:58.7198089Z hint: 	git branch -m <name>
2026-10-02T06:49:58.7198457Z hint:
2026-10-02T06:49:58.7199164Z hint: Disable this message with "git config set advice.defaultBranchName false"
2026-10-02T06:49:58.7199988Z Initialized empty Git repository in /home/runner/work/mini-drop/mini-drop/.git/
2026-10-02T06:49:58.7202399Z [command]/usr/bin/git remote add origin https://github.com/llongwang751-arch/mini-drop
2026-10-02T06:49:58.7242731Z ##[endgroup]
2026-10-02T06:49:58.7243362Z ##[group]Disabling automatic garbage collection
2026-10-02T06:49:58.7245607Z [command]/usr/bin/git config --local gc.auto 0
2026-10-02T06:49:58.7280445Z ##[endgroup]
2026-10-02T06:49:58.7281030Z ##[group]Setting up auth
2026-10-02T06:49:58.7285632Z [command]/usr/bin/git config --local --name-only --get-regexp core\.sshCommand
2026-10-02T06:49:58.7319459Z [command]/usr/bin/git submodule foreach --recursive sh -c "git config --local --name-only --get-regexp 'core\.sshCommand' && git config --local --unset-all 'core.sshCommand' || :"
2026-10-02T06:49:58.8257275Z [command]/usr/bin/git config --local --name-only --get-regexp http\.https\:\/\/github\.com\/\.extraheader
2026-10-02T06:49:58.8292092Z [command]/usr/bin/git submodule foreach --recursive sh -c "git config --local --name-only --get-regexp 'http\.https\:\/\/github\.com\/\.extraheader' && git config --local --unset-all 'http.https://github.com/.extraheader' || :"
2026-10-02T06:49:58.8516349Z [command]/usr/bin/git config --local --name-only --get-regexp ^includeIf\.gitdir:
2026-10-02T06:49:58.8551652Z [command]/usr/bin/git submodule foreach --recursive git config --local --show-origin --name-only --get-regexp remote.origin.url
2026-10-02T06:49:58.8780125Z [command]/usr/bin/git config --local http.https://github.com/.extraheader AUTHORIZATION: basic ***
2026-10-02T06:49:58.8893570Z ##[endgroup]
2026-10-02T06:49:58.8894442Z ##[group]Fetching the repository
2026-10-02T06:49:58.8905105Z [command]/usr/bin/git -c protocol.version=2 fetch --no-tags --prune --no-recurse-submodules --depth=1 origin +72d452542007e1a01cfb2f923c6fa72471b6fb39:refs/remotes/pull/1/merge
2026-10-02T06:50:05.9629433Z From https://github.com/llongwang751-arch/mini-drop
2026-10-02T06:50:05.9630178Z  * [new ref]         72d452542007e1a01cfb2f923c6fa72471b6fb39 -> pull/1/merge
2026-10-02T06:50:05.9632745Z ##[endgroup]
2026-10-02T06:50:05.9633472Z ##[group]Determining the checkout info
2026-10-02T06:50:05.9639847Z ##[endgroup]
2026-10-02T06:50:05.9640420Z [command]/usr/bin/git sparse-checkout disable
2026-10-02T06:50:05.9691431Z [command]/usr/bin/git config --local --unset-all extensions.worktreeConfig
2026-10-02T06:50:05.9721901Z ##[group]Checking out the ref
2026-10-02T06:50:05.9724876Z [command]/usr/bin/git checkout --progress --force refs/remotes/pull/1/merge
2026-10-02T06:50:06.9674310Z Note: switching to 'refs/remotes/pull/1/merge'.
2026-10-02T06:50:06.9674669Z 
2026-10-02T06:50:06.9674858Z You are in 'detached HEAD' state. You can look around, make experimental
2026-10-02T06:50:06.9675302Z changes and commit them, and you can discard any commits you make in this
2026-10-02T06:50:06.9675693Z state without impacting any branches by switching back to a branch.
2026-10-02T06:50:06.9675915Z 
2026-10-02T06:50:06.9676123Z If you want to create a new branch to retain commits you create, you may
2026-10-02T06:50:06.9676924Z do so (now or later) by using -c with the switch command. Example:
2026-10-02T06:50:06.9677163Z 
2026-10-02T06:50:06.9677273Z   git switch -c <new-branch-name>
2026-10-02T06:50:06.9677453Z 
2026-10-02T06:50:06.9677655Z Or undo this operation with:
2026-10-02T06:50:06.9680172Z 
2026-10-02T06:50:06.9680257Z   git switch -
2026-10-02T06:50:06.9680479Z 
2026-10-02T06:50:06.9680687Z Turn off this advice by setting config variable advice.detachedHead to false
2026-10-02T06:50:06.9681061Z 
2026-10-02T06:50:06.9681486Z HEAD is now at 72d4525 Merge 34b74e7b15c81a883e8a7dc2698d8ba7a356dcbf into 609ea8a73f845b496b59b5cae181f515c5919850
2026-10-02T06:50:06.9766547Z ##[endgroup]
2026-10-02T06:50:06.9810909Z [command]/usr/bin/git log -1 --format=%H
2026-10-02T06:50:06.9837683Z 72d452542007e1a01cfb2f923c6fa72471b6fb39
2026-10-02T06:50:07.0151032Z ##[group]Run actions/setup-node@v4
2026-10-02T06:50:07.0151287Z with:
2026-10-02T06:50:07.0151473Z   node-version: 22
2026-10-02T06:50:07.0151653Z   cache: npm
2026-10-02T06:50:07.0151876Z   cache-dependency-path: web/package-lock.json
2026-10-02T06:50:07.0152122Z   always-auth: false
2026-10-02T06:50:07.0152311Z   check-latest: false
2026-10-02T06:50:07.0154216Z   token: ***
2026-10-02T06:50:07.0154394Z ##[endgroup]
2026-10-02T06:50:07.1878216Z (node:1993) [DEP0040] DeprecationWarning: The `punycode` module is deprecated. Please use a userland alternative instead.
2026-10-02T06:50:07.1879306Z (Use `node --trace-deprecation ...` to show where the warning was created)
2026-10-02T06:50:07.1886551Z Found in cache @ /opt/hostedtoolcache/node/22.23.3/x64
2026-10-02T06:50:07.1887257Z ##[group]Environment details
2026-10-02T06:50:10.3305421Z node: v22.23.3
2026-10-02T06:50:10.3305769Z npm: 10.9.9
2026-10-02T06:50:10.3306004Z yarn: 1.22.22
2026-10-02T06:50:10.3306733Z ##[endgroup]
2026-10-02T06:50:10.3321983Z [command]/opt/hostedtoolcache/node/22.23.3/x64/bin/npm config get cache
2026-10-02T06:50:10.4963514Z /home/runner/.npm
2026-10-02T06:50:10.6092849Z Cache hit for: node-cache-Linux-x64-npm-a79428a48f53c819bdf3224c6f533bf526ae1b21f28f4ee918b0bcba5121d960
2026-10-02T06:50:10.6201259Z (node:1993) [DEP0169] DeprecationWarning: `url.parse()` behavior is not standardized and prone to errors that have security implications. Use the WHATWG URL API instead. CVEs are not issued for `url.parse()` vulnerabilities.
2026-10-02T06:50:10.9799253Z Received 52012766 of 52012766 (100.0%), 156.0 MBs/sec
2026-10-02T06:50:10.9799711Z Cache Size: ~50 MB (52012766 B)
2026-10-02T06:50:10.9843854Z [command]/usr/bin/tar -xf /home/runner/work/_temp/5adaad30-d0a1-43a4-8ff8-11daf93cdca1/cache.tzst -P -C /home/runner/work/mini-drop/mini-drop --use-compress-program unzstd
2026-10-02T06:50:11.1036509Z Cache restored successfully
2026-10-02T06:50:11.1133340Z Cache restored from key: node-cache-Linux-x64-npm-a79428a48f53c819bdf3224c6f533bf526ae1b21f28f4ee918b0bcba5121d960
2026-10-02T06:50:11.1321904Z ##[group]Run npm --prefix web ci
2026-10-02T06:50:11.1322239Z [36;1mnpm --prefix web ci[0m
2026-10-02T06:50:11.1873139Z shell: /usr/bin/bash -e {0}
2026-10-02T06:50:11.1873397Z ##[endgroup]
2026-10-02T06:50:17.5759261Z 
2026-10-02T06:50:17.5768386Z added 346 packages, and audited 347 packages in 6s
2026-10-02T06:50:17.5769102Z 
2026-10-02T06:50:17.5769538Z 118 packages are looking for funding
2026-10-02T06:50:17.5769956Z   run `npm fund` for details
2026-10-02T06:50:17.5872469Z 
2026-10-02T06:50:17.5873007Z 2 vulnerabilities (1 low, 1 high)
2026-10-02T06:50:17.5873301Z 
2026-10-02T06:50:17.5873499Z To address all issues, run:
2026-10-02T06:50:17.5873846Z   npm audit fix
2026-10-02T06:50:17.5874012Z 
2026-10-02T06:50:17.5874177Z Run `npm audit` for details.
2026-10-02T06:50:17.7620399Z ##[group]Run npm --prefix web run build
2026-10-02T06:50:17.7620700Z [36;1mnpm --prefix web run build[0m
2026-10-02T06:50:17.7681490Z shell: /usr/bin/bash -e {0}
2026-10-02T06:50:17.7681700Z ##[endgroup]
2026-10-02T06:50:17.8564935Z 
2026-10-02T06:50:17.8565576Z > mini-drop-web@0.1.0 build
2026-10-02T06:50:17.8565909Z > vite build
2026-10-02T06:50:17.8566354Z 
2026-10-02T06:50:18.0357260Z [36mvite v8.2.2 [32mbuilding client environment for production...[36m[39m
2026-10-02T06:50:18.0439799Z transforming...
2026-10-02T06:50:18.5647498Z ✓ 4595 modules transformed.
2026-10-02T06:50:18.8037774Z rendering chunks...
2026-10-02T06:50:18.9719924Z computing gzip size...
2026-10-02T06:50:18.9892903Z dist/index.html                                0.79 kB │ gzip:   0.42 kB
2026-10-02T06:50:18.9893541Z dist/assets/parseJson.worker-mxB42-VK.js       0.83 kB
2026-10-02T06:50:18.9894027Z dist/assets/TaskResult-BAn5yWN7.css            0.32 kB │ gzip:   0.24 kB
2026-10-02T06:50:18.9894602Z dist/assets/flamegraph-VXIZzpiT.css            0.60 kB │ gzip:   0.32 kB
2026-10-02T06:50:18.9895102Z dist/assets/index-IZHbRe47.css                 8.44 kB │ gzip:   2.63 kB
2026-10-02T06:50:18.9895578Z dist/assets/AIDiagnosis-ChKDK5_y.css          90.44 kB │ gzip:  16.76 kB
2026-10-02T06:50:18.9896069Z dist/assets/ErrorAlert-903HQ4EN.js             0.23 kB │ gzip:   0.19 kB
2026-10-02T06:50:18.9896557Z dist/assets/ArrowLeftOutlined-D5Rce3sA.js      0.60 kB │ gzip:   0.44 kB
2026-10-02T06:50:18.9897031Z dist/assets/rolldown-runtime-B0Z9INg1.js       0.90 kB │ gzip:   0.51 kB
2026-10-02T06:50:18.9897508Z dist/assets/agentMetrics-CZoJGXne.js           1.09 kB │ gzip:   0.67 kB
2026-10-02T06:50:18.9897984Z dist/assets/CloudServerOutlined-nqMoSLwN.js    1.33 kB │ gzip:   0.78 kB
2026-10-02T06:50:18.9898559Z dist/assets/StatusTag-AVBiLPOz.js              2.03 kB │ gzip:   0.82 kB
2026-10-02T06:50:18.9899569Z dist/assets/AuditLogs-a1K87biF.js              3.87 kB │ gzip:   1.88 kB
2026-10-02T06:50:18.9900206Z dist/assets/row-D_0PZE5A.js                    5.51 kB │ gzip:   2.24 kB
2026-10-02T06:50:18.9900665Z dist/assets/collectors-9W4-i_vQ.js             6.12 kB │ gzip:   1.78 kB
2026-10-02T06:50:18.9901133Z dist/assets/alert-C2yT8MYA.js                  6.35 kB │ gzip:   2.66 kB
2026-10-02T06:50:18.9901592Z dist/assets/AgentDetail-CtRfsd4q.js            7.71 kB │ gzip:   3.15 kB
2026-10-02T06:50:18.9902097Z dist/assets/ThunderboltOutlined-_zhhsc5p.js   10.29 kB │ gzip:   4.07 kB
2026-10-02T06:50:18.9902574Z dist/assets/usePolling-CeSosOBk.js            16.17 kB │ gzip:   6.83 kB
2026-10-02T06:50:18.9903037Z dist/assets/Schedules-pjREqHJK.js             17.26 kB │ gzip:   5.82 kB
2026-10-02T06:50:18.9903496Z dist/assets/input-number-BLKstg1f.js          23.73 kB │ gzip:   8.20 kB
2026-10-02T06:50:18.9904168Z dist/assets/modal-CGyc8tVo.js                 27.89 kB │ gzip:   9.27 kB
2026-10-02T06:50:18.9904643Z dist/assets/TaskResult-Bi9jVMvr.js            29.61 kB │ gzip:  10.78 kB
2026-10-02T06:50:18.9905104Z dist/assets/d3-OVqjLuRP.js                    36.91 kB │ gzip:  12.52 kB
2026-10-02T06:50:18.9905577Z dist/assets/PlayCircleOutlined-DDH4N-mk.js    37.49 kB │ gzip:  12.80 kB
2026-10-02T06:50:18.9906035Z dist/assets/axios-B0fvnqBc.js                 49.95 kB │ gzip:  18.75 kB
2026-10-02T06:50:18.9906545Z dist/assets/Dashboard-3NWqFYj5.js             50.52 kB │ gzip:  16.62 kB
2026-10-02T06:50:18.9907018Z dist/assets/index-PkWkl8m-.js                 92.29 kB │ gzip:  32.17 kB
2026-10-02T06:50:18.9907484Z dist/assets/flamegraph-CSYLKD5W.js            96.97 kB │ gzip:  32.80 kB
2026-10-02T06:50:18.9907930Z dist/assets/react-C8_Uech3.js                178.38 kB │ gzip:  58.94 kB
2026-10-02T06:50:18.9908579Z dist/assets/table-B3EaWpvJ.js                343.42 kB │ gzip: 105.31 kB
2026-10-02T06:50:18.9909338Z dist/assets/SafeMarkdown-alpvx08N.js         389.11 kB │ gzip: 122.02 kB
2026-10-02T06:50:18.9910003Z dist/assets/client-C9stzVXG.js               397.22 kB │ gzip: 127.31 kB
2026-10-02T06:50:18.9911146Z dist/assets/AIDiagnosis-4fAFyaRv.js          425.28 kB │ gzip: 134.47 kB
2026-10-02T06:50:18.9911831Z dist/assets/echarts-C79zCWSK.js              612.21 kB │ gzip: 206.37 kB
2026-10-02T06:50:18.9912147Z 
2026-10-02T06:50:18.9912436Z [33m[plugin builtin:vite-reporter] 
2026-10-02T06:50:18.9912897Z (!) Some chunks are larger than 600 kB after minification. Consider:
2026-10-02T06:50:18.9913552Z - Using dynamic import() to code-split the application
2026-10-02T06:50:18.9914399Z - Use build.rolldownOptions.output.codeSplitting to improve chunking: https://rolldown.rs/reference/OutputOptions.codeSplitting
2026-10-02T06:50:18.9915312Z - Adjust chunk size limit for this warning via build.chunkSizeWarningLimit.[39m
2026-10-02T06:50:18.9915803Z [32m✓ built in 953ms[39m
2026-10-02T06:50:19.0605534Z ##[group]Run npx --yes playwright@1.55.0 install --with-deps chromium
2026-10-02T06:50:19.0605947Z [36;1mnpx --yes playwright@1.55.0 install --with-deps chromium[0m
2026-10-02T06:50:19.0667913Z shell: /usr/bin/bash -e {0}
2026-10-02T06:50:19.0668126Z ##[endgroup]
2026-10-02T06:50:21.7266161Z ╔═══════════════════════════════════════════════════════════════════════════════╗
2026-10-02T06:50:21.7267216Z ║ WARNING: It looks like you are running 'npx playwright install' without first ║
2026-10-02T06:50:21.7268126Z ║ installing your project's dependencies.                                       ║
2026-10-02T06:50:21.7269149Z ║                                                                               ║
2026-10-02T06:50:21.7270047Z ║ To avoid unexpected behavior, please install your dependencies first, and     ║
2026-10-02T06:50:21.7270969Z ║ then run Playwright's install command:                                        ║
2026-10-02T06:50:21.7271840Z ║                                                                               ║
2026-10-02T06:50:21.7272535Z ║     npm install                                                               ║
2026-10-02T06:50:21.7273272Z ║     npx playwright install                                                    ║
2026-10-02T06:50:21.7274005Z ║                                                                               ║
2026-10-02T06:50:21.7274751Z ║ If your project does not yet depend on Playwright, first install the          ║
2026-10-02T06:50:21.7275621Z ║ applicable npm package (most commonly @playwright/test), and                  ║
2026-10-02T06:50:21.7276504Z ║ then run Playwright's install command to download the browsers:               ║
2026-10-02T06:50:21.7277270Z ║                                                                               ║
2026-10-02T06:50:21.7277980Z ║     npm install @playwright/test                                              ║
2026-10-02T06:50:21.7278776Z ║     npx playwright install                                                    ║
2026-10-02T06:50:21.7279701Z ║                                                                               ║
2026-10-02T06:50:21.7280459Z ╚═══════════════════════════════════════════════════════════════════════════════╝
2026-10-02T06:50:21.7281002Z Installing dependencies...
2026-10-02T06:50:21.7370469Z Switching to root user to install dependencies...
2026-10-02T06:50:21.9591758Z Get:1 file:/etc/apt/apt-mirrors.txt Mirrorlist [144 B]
2026-10-02T06:50:21.9949415Z Get:6 https://packages.microsoft.com/ubuntu/22.04/prod jammy InRelease [3632 B]
2026-10-02T06:50:22.2251076Z Get:7 https://packages.microsoft.com/ubuntu/22.04/prod jammy/main arm64 Packages [550 kB]
2026-10-02T06:50:22.3242713Z Get:8 https://packages.microsoft.com/ubuntu/22.04/prod jammy/main amd64 Packages [792 kB]
2026-10-02T06:50:26.9933529Z Hit:2 http://azure.archive.ubuntu.com/ubuntu jammy InRelease
2026-10-02T06:50:26.9946331Z Get:3 http://azure.archive.ubuntu.com/ubuntu jammy-updates InRelease [128 kB]
2026-10-02T06:50:26.9986936Z Get:4 http://azure.archive.ubuntu.com/ubuntu jammy-backports InRelease [127 kB]
2026-10-02T06:50:27.0007072Z Get:5 http://azure.archive.ubuntu.com/ubuntu jammy-security InRelease [129 kB]
2026-10-02T06:50:27.1610444Z Get:9 http://azure.archive.ubuntu.com/ubuntu jammy-updates/main amd64 Packages [3899 kB]
2026-10-02T06:50:27.1791461Z Get:10 http://azure.archive.ubuntu.com/ubuntu jammy-updates/main Translation-en [575 kB]
2026-10-02T06:50:27.1839617Z Get:11 http://azure.archive.ubuntu.com/ubuntu jammy-updates/restricted amd64 Packages [6701 kB]
2026-10-02T06:50:27.2100709Z Get:12 http://azure.archive.ubuntu.com/ubuntu jammy-updates/restricted Translation-en [1287 kB]
2026-10-02T06:50:27.2163421Z Get:13 http://azure.archive.ubuntu.com/ubuntu jammy-updates/universe amd64 Packages [1285 kB]
2026-10-02T06:50:27.2237583Z Get:14 http://azure.archive.ubuntu.com/ubuntu jammy-updates/universe Translation-en [325 kB]
2026-10-02T06:50:27.3119073Z Get:15 http://azure.archive.ubuntu.com/ubuntu jammy-security/main amd64 Packages [3598 kB]
2026-10-02T06:50:27.3279329Z Get:16 http://azure.archive.ubuntu.com/ubuntu jammy-security/main Translation-en [504 kB]
2026-10-02T06:50:27.3312314Z Get:17 http://azure.archive.ubuntu.com/ubuntu jammy-security/restricted amd64 Packages [6410 kB]
2026-10-02T06:50:27.3570921Z Get:18 http://azure.archive.ubuntu.com/ubuntu jammy-security/restricted Translation-en [1232 kB]
2026-10-02T06:50:27.4062913Z Get:19 http://azure.archive.ubuntu.com/ubuntu jammy-security/universe amd64 Packages [1052 kB]
2026-10-02T06:50:27.4112226Z Get:20 http://azure.archive.ubuntu.com/ubuntu jammy-security/universe Translation-en [236 kB]
2026-10-02T06:50:38.8836606Z Fetched 28.8 MB in 8s (3748 kB/s)
2026-10-02T06:50:39.9526146Z Reading package lists...
2026-10-02T06:50:40.0094431Z Reading package lists...
2026-10-02T06:50:40.2420143Z Building dependency tree...
2026-10-02T06:50:40.2429964Z Reading state information...
2026-10-02T06:50:40.3901658Z fonts-liberation is already the newest version (1:1.07.4-11).
2026-10-02T06:50:40.3902336Z fonts-liberation set to manually installed.
2026-10-02T06:50:40.3902914Z libatk-bridge2.0-0 is already the newest version (2.38.0-3).
2026-10-02T06:50:40.3903455Z libatk-bridge2.0-0 set to manually installed.
2026-10-02T06:50:40.3904005Z libatk1.0-0 is already the newest version (2.36.0-3build1).
2026-10-02T06:50:40.3904524Z libatk1.0-0 set to manually installed.
2026-10-02T06:50:40.3905021Z libatspi2.0-0 is already the newest version (2.44.0-3).
2026-10-02T06:50:40.3905505Z libatspi2.0-0 set to manually installed.
2026-10-02T06:50:40.3906075Z libfontconfig1 is already the newest version (2.13.1-4.2ubuntu5).
2026-10-02T06:50:40.3906634Z libfontconfig1 set to manually installed.
2026-10-02T06:50:40.3907121Z libxcb1 is already the newest version (1.14-3ubuntu3).
2026-10-02T06:50:40.3907582Z libxcb1 set to manually installed.
2026-10-02T06:50:40.3908069Z libxcomposite1 is already the newest version (1:0.4.5-1build2).
2026-10-02T06:50:40.3908405Z libxcomposite1 set to manually installed.
2026-10-02T06:50:40.3908725Z libxdamage1 is already the newest version (1:1.1.5-2build2).
2026-10-02T06:50:40.3909287Z libxdamage1 set to manually installed.
2026-10-02T06:50:40.3909596Z libxext6 is already the newest version (2:1.3.4-1build1).
2026-10-02T06:50:40.3909895Z libxext6 set to manually installed.
2026-10-02T06:50:40.3910194Z libxfixes3 is already the newest version (1:6.0.0-1).
2026-10-02T06:50:40.3910483Z libxfixes3 set to manually installed.
2026-10-02T06:50:40.3910781Z libxkbcommon0 is already the newest version (1.4.0-1).
2026-10-02T06:50:40.3911081Z libxkbcommon0 set to manually installed.
2026-10-02T06:50:40.3911409Z libxrandr2 is already the newest version (2:1.5.2-1build1).
2026-10-02T06:50:40.3911710Z libxrandr2 set to manually installed.
2026-10-02T06:50:40.3912088Z fonts-noto-color-emoji is already the newest version (2.047-0ubuntu0.22.04.1).
2026-10-02T06:50:40.3912508Z libasound2 is already the newest version (1.2.6.1-1ubuntu1.2).
2026-10-02T06:50:40.3912820Z libasound2 set to manually installed.
2026-10-02T06:50:40.3913141Z libcairo2 is already the newest version (1.16.0-5ubuntu2.1).
2026-10-02T06:50:40.3913441Z libcairo2 set to manually installed.
2026-10-02T06:50:40.3913765Z libcups2 is already the newest version (2.4.1op1-1ubuntu4.21).
2026-10-02T06:50:40.3914070Z libcups2 set to manually installed.
2026-10-02T06:50:40.3914393Z libdbus-1-3 is already the newest version (1.12.20-2ubuntu4.1).
2026-10-02T06:50:40.3914701Z libdbus-1-3 set to manually installed.
2026-10-02T06:50:40.3915029Z libdrm2 is already the newest version (2.4.113-2~ubuntu0.22.04.1).
2026-10-02T06:50:40.3915351Z libdrm2 set to manually installed.
2026-10-02T06:50:40.3915984Z libfreetype6 is already the newest version (2.11.1+dfsg-1ubuntu0.3).
2026-10-02T06:50:40.3916318Z libfreetype6 set to manually installed.
2026-10-02T06:50:40.3916657Z libgbm1 is already the newest version (23.2.1-1ubuntu3.1~22.04.4).
2026-10-02T06:50:40.3916969Z libgbm1 set to manually installed.
2026-10-02T06:50:40.3917436Z libglib2.0-0 is already the newest version (2.72.4-0ubuntu2.10).
2026-10-02T06:50:40.3917757Z libglib2.0-0 set to manually installed.
2026-10-02T06:50:40.3918086Z libnspr4 is already the newest version (2:4.35-0ubuntu0.22.04.1).
2026-10-02T06:50:40.3918457Z libnss3 is already the newest version (2:3.98-0ubuntu0.22.04.4).
2026-10-02T06:50:40.3918933Z libpango-1.0-0 is already the newest version (1.50.6+ds-2ubuntu1).
2026-10-02T06:50:40.3919261Z libpango-1.0-0 set to manually installed.
2026-10-02T06:50:40.3919618Z libwayland-client0 is already the newest version (1.20.0-1ubuntu0.1).
2026-10-02T06:50:40.3919977Z libwayland-client0 set to manually installed.
2026-10-02T06:50:40.3920318Z libx11-6 is already the newest version (2:1.7.5-1ubuntu0.3).
2026-10-02T06:50:40.3920617Z libx11-6 set to manually installed.
2026-10-02T06:50:40.3920940Z xvfb is already the newest version (2:21.1.4-2ubuntu1.7~22.04.16).
2026-10-02T06:50:40.3921301Z The following additional packages will be installed:
2026-10-02T06:50:40.3921605Z   xfonts-encodings xfonts-utils
2026-10-02T06:50:40.3921835Z Recommended packages:
2026-10-02T06:50:40.3922065Z   fonts-ipafont-mincho fonts-tlwg-loma
2026-10-02T06:50:40.4760993Z The following NEW packages will be installed:
2026-10-02T06:50:40.4761704Z   fonts-freefont-ttf fonts-ipafont-gothic fonts-tlwg-loma-otf fonts-unifont
2026-10-02T06:50:40.4770040Z   fonts-wqy-zenhei xfonts-cyrillic xfonts-encodings xfonts-scalable
2026-10-02T06:50:40.4770507Z   xfonts-utils
2026-10-02T06:50:40.4931790Z 0 upgraded, 9 newly installed, 0 to remove and 20 not upgraded.
2026-10-02T06:50:40.4932339Z Need to get 18.4 MB of archives.
2026-10-02T06:50:40.4932921Z After this operation, 56.8 MB of additional disk space will be used.
2026-10-02T06:50:40.4933558Z Get:1 file:/etc/apt/apt-mirrors.txt Mirrorlist [144 B]
2026-10-02T06:50:40.6178376Z Get:2 http://azure.archive.ubuntu.com/ubuntu jammy/universe amd64 fonts-ipafont-gothic all 00303-21ubuntu1 [3513 kB]
2026-10-02T06:50:41.0969504Z Get:3 http://azure.archive.ubuntu.com/ubuntu jammy/main amd64 fonts-freefont-ttf all 20120503-10build1 [2388 kB]
2026-10-02T06:50:41.5027852Z Get:4 http://azure.archive.ubuntu.com/ubuntu jammy/universe amd64 fonts-tlwg-loma-otf all 1:0.7.3-1 [107 kB]
2026-10-02T06:50:41.6005042Z Get:5 http://azure.archive.ubuntu.com/ubuntu jammy/universe amd64 fonts-unifont all 1:14.0.01-1 [3551 kB]
2026-10-02T06:50:42.0272666Z Get:6 http://azure.archive.ubuntu.com/ubuntu jammy/universe amd64 fonts-wqy-zenhei all 0.9.45-8 [7472 kB]
2026-10-02T06:50:42.6344794Z Get:7 http://azure.archive.ubuntu.com/ubuntu jammy/main amd64 xfonts-encodings all 1:1.0.5-0ubuntu2 [578 kB]
2026-10-02T06:50:42.7434889Z Get:8 http://azure.archive.ubuntu.com/ubuntu jammy/main amd64 xfonts-utils amd64 1:7.7+6build2 [94.6 kB]
2026-10-02T06:50:42.8272372Z Get:9 http://azure.archive.ubuntu.com/ubuntu jammy/universe amd64 xfonts-cyrillic all 1:1.0.5 [386 kB]
2026-10-02T06:50:42.9363376Z Get:10 http://azure.archive.ubuntu.com/ubuntu jammy/main amd64 xfonts-scalable all 1:1.0.3-1.2ubuntu1 [306 kB]
2026-10-02T06:50:43.4265297Z Fetched 18.4 MB in 2s (7429 kB/s)
2026-10-02T06:50:43.6652044Z Selecting previously unselected package fonts-ipafont-gothic.
2026-10-02T06:50:43.8216253Z (Reading database ... 
2026-10-02T06:50:43.8216558Z (Reading database ... 5%
2026-10-02T06:50:43.8216788Z (Reading database ... 10%
2026-10-02T06:50:43.8217002Z (Reading database ... 15%
2026-10-02T06:50:43.8217207Z (Reading database ... 20%
2026-10-02T06:50:43.8217408Z (Reading database ... 25%
2026-10-02T06:50:43.8217603Z (Reading database ... 30%
2026-10-02T06:50:43.8217794Z (Reading database ... 35%
2026-10-02T06:50:43.8217991Z (Reading database ... 40%
2026-10-02T06:50:43.8218441Z (Reading database ... 45%
2026-10-02T06:50:43.8218635Z (Reading database ... 50%
2026-10-02T06:50:45.0771045Z (Reading database ... 55%
2026-10-02T06:50:46.1359851Z (Reading database ... 60%
2026-10-02T06:50:46.7188125Z (Reading database ... 65%
2026-10-02T06:50:47.2789159Z (Reading database ... 70%
2026-10-02T06:50:48.9951133Z (Reading database ... 75%
2026-10-02T06:50:50.4724442Z (Reading database ... 80%
2026-10-02T06:50:52.7549711Z (Reading database ... 85%
2026-10-02T06:50:55.7314697Z (Reading database ... 90%
2026-10-02T06:50:59.1849232Z (Reading database ... 95%
2026-10-02T06:50:59.1849667Z (Reading database ... 100%
2026-10-02T06:50:59.1850119Z (Reading database ... 260411 files and directories currently installed.)
2026-10-02T06:50:59.1913172Z Preparing to unpack .../0-fonts-ipafont-gothic_00303-21ubuntu1_all.deb ...
2026-10-02T06:50:59.2098496Z Unpacking fonts-ipafont-gothic (00303-21ubuntu1) ...
2026-10-02T06:50:59.5621270Z Selecting previously unselected package fonts-freefont-ttf.
2026-10-02T06:50:59.5806777Z Preparing to unpack .../1-fonts-freefont-ttf_20120503-10build1_all.deb ...
2026-10-02T06:50:59.5813631Z Unpacking fonts-freefont-ttf (20120503-10build1) ...
2026-10-02T06:51:00.5429822Z Selecting previously unselected package fonts-tlwg-loma-otf.
2026-10-02T06:51:00.5629172Z Preparing to unpack .../2-fonts-tlwg-loma-otf_1%3a0.7.3-1_all.deb ...
2026-10-02T06:51:00.8184676Z Unpacking fonts-tlwg-loma-otf (1:0.7.3-1) ...
2026-10-02T06:51:00.9410794Z Selecting previously unselected package fonts-unifont.
2026-10-02T06:51:00.9593996Z Preparing to unpack .../3-fonts-unifont_1%3a14.0.01-1_all.deb ...
2026-10-02T06:51:00.9600265Z Unpacking fonts-unifont (1:14.0.01-1) ...
2026-10-02T06:51:01.2299781Z Selecting previously unselected package fonts-wqy-zenhei.
2026-10-02T06:51:01.2483335Z Preparing to unpack .../4-fonts-wqy-zenhei_0.9.45-8_all.deb ...
2026-10-02T06:51:01.2808384Z Unpacking fonts-wqy-zenhei (0.9.45-8) ...
2026-10-02T06:51:01.8436982Z Selecting previously unselected package xfonts-encodings.
2026-10-02T06:51:01.8623185Z Preparing to unpack .../5-xfonts-encodings_1%3a1.0.5-0ubuntu2_all.deb ...
2026-10-02T06:51:01.8629301Z Unpacking xfonts-encodings (1:1.0.5-0ubuntu2) ...
2026-10-02T06:51:01.9032207Z Selecting previously unselected package xfonts-utils.
2026-10-02T06:51:01.9214545Z Preparing to unpack .../6-xfonts-utils_1%3a7.7+6build2_amd64.deb ...
2026-10-02T06:51:01.9221455Z Unpacking xfonts-utils (1:7.7+6build2) ...
2026-10-02T06:51:02.1449750Z Selecting previously unselected package xfonts-cyrillic.
2026-10-02T06:51:02.1633375Z Preparing to unpack .../7-xfonts-cyrillic_1%3a1.0.5_all.deb ...
2026-10-02T06:51:02.1663889Z Unpacking xfonts-cyrillic (1:1.0.5) ...
2026-10-02T06:51:02.2167451Z Selecting previously unselected package xfonts-scalable.
2026-10-02T06:51:02.2355426Z Preparing to unpack .../8-xfonts-scalable_1%3a1.0.3-1.2ubuntu1_all.deb ...
2026-10-02T06:51:02.2361832Z Unpacking xfonts-scalable (1:1.0.3-1.2ubuntu1) ...
2026-10-02T06:51:02.3374541Z Setting up fonts-wqy-zenhei (0.9.45-8) ...
2026-10-02T06:51:02.3972698Z Setting up fonts-freefont-ttf (20120503-10build1) ...
2026-10-02T06:51:02.3990768Z Setting up fonts-tlwg-loma-otf (1:0.7.3-1) ...
2026-10-02T06:51:02.4006029Z Setting up xfonts-encodings (1:1.0.5-0ubuntu2) ...
2026-10-02T06:51:02.4021206Z Setting up fonts-ipafont-gothic (00303-21ubuntu1) ...
2026-10-02T06:51:02.4091501Z update-alternatives: using /usr/share/fonts/opentype/ipafont-gothic/ipag.ttf to provide /usr/share/fonts/truetype/fonts-japanese-gothic.ttf (fonts-japanese-gothic.ttf) in auto mode
2026-10-02T06:51:02.4107647Z Setting up fonts-unifont (1:14.0.01-1) ...
2026-10-02T06:51:02.4122029Z Setting up xfonts-utils (1:7.7+6build2) ...
2026-10-02T06:51:02.4156790Z Setting up xfonts-cyrillic (1:1.0.5) ...
2026-10-02T06:51:02.4541609Z Setting up xfonts-scalable (1:1.0.3-1.2ubuntu1) ...
2026-10-02T06:51:02.4797255Z Processing triggers for man-db (2.10.2-1) ...
2026-10-02T06:51:02.4815867Z Not building database; man-db/auto-update is not 'true'.
2026-10-02T06:51:02.4825341Z Processing triggers for fontconfig (2.13.1-4.2ubuntu5) ...
2026-10-02T06:51:06.2644891Z 
2026-10-02T06:51:06.2645582Z Running kernel seems to be up-to-date.
2026-10-02T06:51:06.2645901Z 
2026-10-02T06:51:06.2646108Z No services need to be restarted.
2026-10-02T06:51:06.2646362Z 
2026-10-02T06:51:06.2646560Z No containers need to be restarted.
2026-10-02T06:51:06.2647141Z 
2026-10-02T06:51:06.2647376Z No user sessions are running outdated binaries.
2026-10-02T06:51:06.2647641Z 
2026-10-02T06:51:06.2647992Z No VM guests are running outdated hypervisor (qemu) binaries on this host.
2026-10-02T06:51:07.8699866Z Downloading Chromium 140.0.7339.16 (playwright build v1187) from https://cdn.playwright.dev/dbazure/download/playwright/builds/chromium/1187/chromium-linux.zip
2026-10-02T06:51:07.9821386Z |                                                                                |   0% of 173.7 MiB
2026-10-02T06:51:08.0825230Z |■■■■■■■■                                                                        |  10% of 173.7 MiB
2026-10-02T06:51:08.1708620Z |■■■■■■■■■■■■■■■■                                                                |  20% of 173.7 MiB
2026-10-02T06:51:08.2381800Z |■■■■■■■■■■■■■■■■■■■■■■■■                                                        |  30% of 173.7 MiB
2026-10-02T06:51:08.2921901Z |■■■■■■■■■■■■■■■■■■■■■■■■■■■■■■■■                                                |  40% of 173.7 MiB
2026-10-02T06:51:08.4025467Z |■■■■■■■■■■■■■■■■■■■■■■■■■■■■■■■■■■■■■■■■                                        |  50% of 173.7 MiB
2026-10-02T06:51:08.4733351Z |■■■■■■■■■■■■■■■■■■■■■■■■■■■■■■■■■■■■■■■■■■■■■■■■                                |  60% of 173.7 MiB
2026-10-02T06:51:08.5437996Z |■■■■■■■■■■■■■■■■■■■■■■■■■■■■■■■■■■■■■■■■■■■■■■■■■■■■■■■■                        |  70% of 173.7 MiB
2026-10-02T06:51:08.6237864Z |■■■■■■■■■■■■■■■■■■■■■■■■■■■■■■■■■■■■■■■■■■■■■■■■■■■■■■■■■■■■■■■■                |  80% of 173.7 MiB
2026-10-02T06:51:08.6903567Z |■■■■■■■■■■■■■■■■■■■■■■■■■■■■■■■■■■■■■■■■■■■■■■■■■■■■■■■■■■■■■■■■■■■■■■■■        |  90% of 173.7 MiB
2026-10-02T06:51:08.7743590Z |■■■■■■■■■■■■■■■■■■■■■■■■■■■■■■■■■■■■■■■■■■■■■■■■■■■■■■■■■■■■■■■■■■■■■■■■■■■■■■■■| 100% of 173.7 MiB
2026-10-02T06:51:11.3454344Z Chromium 140.0.7339.16 (playwright build v1187) downloaded to /home/runner/.cache/ms-playwright/chromium-1187
2026-10-02T06:51:11.3457021Z Downloading FFMPEG playwright build v1011 from https://cdn.playwright.dev/dbazure/download/playwright/builds/ffmpeg/1011/ffmpeg-linux.zip
2026-10-02T06:51:11.4757406Z |                                                                                |   0% of 2.3 MiB
2026-10-02T06:51:11.4810637Z |■■■■■■■■                                                                        |  10% of 2.3 MiB
2026-10-02T06:51:11.4830116Z |■■■■■■■■■■■■■■■■                                                                |  20% of 2.3 MiB
2026-10-02T06:51:11.4844191Z |■■■■■■■■■■■■■■■■■■■■■■■■                                                        |  30% of 2.3 MiB
2026-10-02T06:51:11.4858776Z |■■■■■■■■■■■■■■■■■■■■■■■■■■■■■■■■                                                |  40% of 2.3 MiB
2026-10-02T06:51:11.4870155Z |■■■■■■■■■■■■■■■■■■■■■■■■■■■■■■■■■■■■■■■■                                        |  50% of 2.3 MiB
2026-10-02T06:51:11.4892808Z |■■■■■■■■■■■■■■■■■■■■■■■■■■■■■■■■■■■■■■■■■■■■■■■■                                |  60% of 2.3 MiB
2026-10-02T06:51:11.4908326Z |■■■■■■■■■■■■■■■■■■■■■■■■■■■■■■■■■■■■■■■■■■■■■■■■■■■■■■■■                        |  70% of 2.3 MiB
2026-10-02T06:51:11.4913758Z |■■■■■■■■■■■■■■■■■■■■■■■■■■■■■■■■■■■■■■■■■■■■■■■■■■■■■■■■■■■■■■■■                |  80% of 2.3 MiB
2026-10-02T06:51:11.4925433Z |■■■■■■■■■■■■■■■■■■■■■■■■■■■■■■■■■■■■■■■■■■■■■■■■■■■■■■■■■■■■■■■■■■■■■■■■        |  90% of 2.3 MiB
2026-10-02T06:51:11.4942684Z |■■■■■■■■■■■■■■■■■■■■■■■■■■■■■■■■■■■■■■■■■■■■■■■■■■■■■■■■■■■■■■■■■■■■■■■■■■■■■■■■| 100% of 2.3 MiB
2026-10-02T06:51:11.5394289Z FFMPEG playwright build v1011 downloaded to /home/runner/.cache/ms-playwright/ffmpeg-1011
2026-10-02T06:51:11.5396297Z Downloading Chromium Headless Shell 140.0.7339.16 (playwright build v1187) from https://cdn.playwright.dev/dbazure/download/playwright/builds/chromium/1187/chromium-headless-shell-linux.zip
2026-10-02T06:51:11.6496089Z |                                                                                |   0% of 104.3 MiB
2026-10-02T06:51:11.7187688Z |■■■■■■■■                                                                        |  10% of 104.3 MiB
2026-10-02T06:51:11.7720759Z |■■■■■■■■■■■■■■■■                                                                |  20% of 104.3 MiB
2026-10-02T06:51:11.8281161Z |■■■■■■■■■■■■■■■■■■■■■■■■                                                        |  30% of 104.3 MiB
2026-10-02T06:51:11.8687591Z |■■■■■■■■■■■■■■■■■■■■■■■■■■■■■■■■                                                |  40% of 104.3 MiB
2026-10-02T06:51:11.9106694Z |■■■■■■■■■■■■■■■■■■■■■■■■■■■■■■■■■■■■■■■■                                        |  50% of 104.3 MiB
2026-10-02T06:51:11.9599342Z |■■■■■■■■■■■■■■■■■■■■■■■■■■■■■■■■■■■■■■■■■■■■■■■■                                |  60% of 104.3 MiB
2026-10-02T06:51:12.0232970Z |■■■■■■■■■■■■■■■■■■■■■■■■■■■■■■■■■■■■■■■■■■■■■■■■■■■■■■■■                        |  70% of 104.3 MiB
2026-10-02T06:51:12.0840333Z |■■■■■■■■■■■■■■■■■■■■■■■■■■■■■■■■■■■■■■■■■■■■■■■■■■■■■■■■■■■■■■■■                |  80% of 104.3 MiB
2026-10-02T06:51:12.1350625Z |■■■■■■■■■■■■■■■■■■■■■■■■■■■■■■■■■■■■■■■■■■■■■■■■■■■■■■■■■■■■■■■■■■■■■■■■        |  90% of 104.3 MiB
2026-10-02T06:51:12.1716218Z |■■■■■■■■■■■■■■■■■■■■■■■■■■■■■■■■■■■■■■■■■■■■■■■■■■■■■■■■■■■■■■■■■■■■■■■■■■■■■■■■| 100% of 104.3 MiB
2026-10-02T06:51:13.6305723Z Chromium Headless Shell 140.0.7339.16 (playwright build v1187) downloaded to /home/runner/.cache/ms-playwright/chromium_headless_shell-1187
2026-10-02T06:51:14.5901721Z ##[group]Run node scripts/verify_frontend_workbench.mjs --output output/web-browser
2026-10-02T06:51:14.5902226Z [36;1mnode scripts/verify_frontend_workbench.mjs --output output/web-browser[0m
2026-10-02T06:51:14.5970135Z shell: /usr/bin/bash -e {0}
2026-10-02T06:51:14.5970601Z ##[endgroup]
2026-10-02T06:51:32.0536732Z {"passed":true,"checks":["primary entry visible; example fills and focuses the visible composer","mobile no page overflow","check result visible in first viewport; persisted finding retained (top=505px)","active diagnosis fits narrow laptop and mobile","default workbench view renders the real parent-child tree","fullscreen tree canvas fills viewport (height=620px)","failed refresh retains report; retry clears warning","engineering scores 21/21, localization 6/21 and refutations 8 retain all 21 scenarios at four widths; no legacy score display or fetch despite mixed-version fixtures"],"output":"/home/runner/work/mini-drop/mini-drop/output/web-browser"}
2026-10-02T06:51:32.1052951Z ##[group]Run actions/upload-artifact@v4
2026-10-02T06:51:32.1053202Z with:
2026-10-02T06:51:32.1053427Z   name: web-browser-72d452542007e1a01cfb2f923c6fa72471b6fb39-1
2026-10-02T06:51:32.1053739Z   path: output/web-browser/
2026-10-02T06:51:32.1053940Z   if-no-files-found: error
2026-10-02T06:51:32.1054144Z   retention-days: 14
2026-10-02T06:51:32.1054326Z   compression-level: 6
2026-10-02T06:51:32.1054513Z   overwrite: false
2026-10-02T06:51:32.1054690Z   include-hidden-files: false
2026-10-02T06:51:32.1054888Z ##[endgroup]
2026-10-02T06:51:32.2510615Z (node:3155) [DEP0040] DeprecationWarning: The `punycode` module is deprecated. Please use a userland alternative instead.
2026-10-02T06:51:32.2511700Z (Use `node --trace-deprecation ...` to show where the warning was created)
2026-10-02T06:51:32.2587270Z With the provided path, there will be 13 files uploaded
2026-10-02T06:51:32.2587878Z Artifact name is valid!
2026-10-02T06:51:32.2588117Z Root directory input is valid!
2026-10-02T06:51:32.4303025Z Beginning upload of artifact content to blob storage
2026-10-02T06:51:32.4959688Z (node:3155) [DEP0169] DeprecationWarning: `url.parse()` behavior is not standardized and prone to errors that have security implications. Use the WHATWG URL API instead. CVEs are not issued for `url.parse()` vulnerabilities.
2026-10-02T06:51:32.5954274Z Uploaded bytes 1490725
2026-10-02T06:51:32.6129174Z Finished uploading artifact content to blob storage!
2026-10-02T06:51:32.6130145Z SHA256 digest of uploaded artifact zip is 1924a19c4f2c12174297e9bbeab826753c3f2db8c75d4741d238e6cf06e9f46e
2026-10-02T06:51:32.6131387Z Finalizing artifact upload
2026-10-02T06:51:32.8255278Z Artifact web-browser-72d452542007e1a01cfb2f923c6fa72471b6fb39-1.zip successfully finalized. Artifact ID 11212892604
2026-10-02T06:51:32.8256238Z Artifact web-browser-72d452542007e1a01cfb2f923c6fa72471b6fb39-1 has been successfully uploaded! Final size is 1490725 bytes. Artifact ID is 11212892604
2026-10-02T06:51:32.8262284Z Artifact download URL: https://github.com/llongwang751-arch/mini-drop/actions/runs/36975451853/artifacts/11212892604
2026-10-02T06:51:32.8423329Z Post job cleanup.
2026-10-02T06:51:32.9469140Z (node:3167) [DEP0040] DeprecationWarning: The `punycode` module is deprecated. Please use a userland alternative instead.
2026-10-02T06:51:32.9470371Z (Use `node --trace-deprecation ...` to show where the warning was created)
2026-10-02T06:51:32.9471846Z Cache hit occurred on the primary key node-cache-Linux-x64-npm-a79428a48f53c819bdf3224c6f533bf526ae1b21f28f4ee918b0bcba5121d960, not saving cache.
2026-10-02T06:51:32.9584131Z Post job cleanup.
2026-10-02T06:51:33.0307292Z [command]/usr/bin/git version
2026-10-02T06:51:33.0343898Z git version 2.55.0
2026-10-02T06:51:33.0374211Z Temporarily overriding HOME='/home/runner/work/_temp/9d5b1244-669a-428f-97a6-aa109376620a' before making global git config changes
2026-10-02T06:51:33.0375412Z Adding repository directory to the temporary git global config as a safe directory
2026-10-02T06:51:33.0378434Z [command]/usr/bin/git config --global --add safe.directory /home/runner/work/mini-drop/mini-drop
2026-10-02T06:51:33.0414606Z [command]/usr/bin/git config --local --name-only --get-regexp core\.sshCommand
2026-10-02T06:51:33.0448322Z [command]/usr/bin/git submodule foreach --recursive sh -c "git config --local --name-only --get-regexp 'core\.sshCommand' && git config --local --unset-all 'core.sshCommand' || :"
2026-10-02T06:51:33.0716180Z [command]/usr/bin/git config --local --name-only --get-regexp http\.https\:\/\/github\.com\/\.extraheader
2026-10-02T06:51:33.0741820Z http.https://github.com/.extraheader
2026-10-02T06:51:33.0751679Z [command]/usr/bin/git config --local --unset-all http.https://github.com/.extraheader
2026-10-02T06:51:33.0784533Z [command]/usr/bin/git submodule foreach --recursive sh -c "git config --local --name-only --get-regexp 'http\.https\:\/\/github\.com\/\.extraheader' && git config --local --unset-all 'http.https://github.com/.extraheader' || :"
2026-10-02T06:51:33.1033815Z [command]/usr/bin/git config --local --name-only --get-regexp ^includeIf\.gitdir:
2026-10-02T06:51:33.1070713Z [command]/usr/bin/git submodule foreach --recursive git config --local --show-origin --name-only --get-regexp remote.origin.url
2026-10-02T06:51:33.1451188Z Cleaning up orphan processes
2026-10-02T06:51:33.1732930Z ##[warning]Node.js 20 is deprecated. The following actions target Node.js 20 but are being forced to run on Node.js 24: actions/checkout@v4, actions/setup-node@v4, actions/upload-artifact@v4. For more information see: https://github.blog/changelog/2025-09-19-deprecation-of-node-20-on-github-actions-runners/
