........................................................................ [  3%]
........................................................................ [  6%]
........................................................................ [  9%]
........................................................................ [ 13%]
........................................................................ [ 16%]
........................................................................ [ 19%]
........................................................................ [ 23%]
........................................................................ [ 26%]
..........................................................ssssss........ [ 29%]
........................................................................ [ 33%]
........................................................................ [ 36%]
........................................................................ [ 39%]
...................................................ssssss............... [ 43%]
........................................................................ [ 46%]
........................................................................ [ 49%]
........................................................................ [ 52%]
........................................................................ [ 56%]
........................................................................ [ 59%]
..................ss.................................................... [ 62%]
........................................................................ [ 66%]
........................................................................ [ 69%]
........................................................................ [ 72%]
........................................................................ [ 76%]
........................................................................ [ 79%]
........................................................................ [ 82%]
........................................................................ [ 86%]
........................................................................ [ 89%]
........................................................................ [ 92%]
........................................................................ [ 96%]
..........s.s........................................................... [ 99%]
...............                                                          [100%]
============================== warnings summary ===============================
tests/test_acceptance_client_transport.py::test_explicit_direct_route_reads_api_and_artifact_without_global_proxy
  D:\洛伦兹力不做功\Desktop\1\Lib\site-packages\pytest_asyncio\plugin.py:1216: DeprecationWarning: 'asyncio.get_event_loop_policy' is deprecated and slated for removal in Python 3.16
    return asyncio.get_event_loop_policy()

tests/test_agentic_rag.py::test_retrieval_returns_empty_for_unrelated_query
  D:\洛伦兹力不做功\Desktop\1\Lib\site-packages\sqlalchemy\sql\visitors.py:662: ResourceWarning: unclosed database in <sqlite3.Connection object at 0x00000185B88888B0>
    meth = getattr(v, "visit_%s" % obj.__visit_name__, None)
  Enable tracemalloc to get traceback where the object was allocated.
  See https://docs.pytest.org/en/stable/how-to/capture-warnings.html#resource-warnings for more info.

-- Docs: https://docs.pytest.org/en/stable/how-to/capture-warnings.html
- generated xml file: D:\tx\mini-drop\output\acceptance\planning-boundary-v3-20261002\local-python-final\python-all\junit.xml -
=============================== tests coverage ================================
_______________ coverage: platform win32, python 3.14.0-final-0 _______________

Name                                                               Stmts   Miss Branch BrPart  Cover
----------------------------------------------------------------------------------------------------
analyzer\__init__.py                                                   0      0      0      0   100%
analyzer\mini_drop_analyzer\__init__.py                                0      0      0      0   100%
analyzer\mini_drop_analyzer\hotmethod_analyzer.py                    242     62     82     18    75%
analyzer\mini_drop_analyzer\pprof_analyzer.py                         89     21     32      5    77%
analyzer\mini_drop_analyzer\profile_pb2.py                            29     17      2      1    42%
analyzer\mini_drop_analyzer\pyspy_analyzer.py                        110     30     50     18    69%
server\__init__.py                                                     0      0      0      0   100%
server\app\__init__.py                                                 0      0      0      0   100%
server\app\_env.py                                                    49     49     22      0     0%
server\app\agent_runtime\__init__.py                                   3      0      0      0   100%
server\app\agent_runtime\chroma_http.py                               14     14      0      0     0%
server\app\agent_runtime\context.py                                   23      2      8      2    87%
server\app\agent_runtime\deadlines.py                                 34      5      8      1    81%
server\app\agent_runtime\grafana_observations.py                      55     10     20      8    76%
server\app\agent_runtime\harness.py                                   10      0      4      0   100%
server\app\agent_runtime\incident_memory.py                           37      5     18      7    78%
server\app\agent_runtime\investigation_strategy.py                     7      1      2      1    78%
server\app\agent_runtime\memory.py                                    40      0      2      0   100%
server\app\agent_runtime\model_factory.py                             13      2      4      1    82%
server\app\agent_runtime\planning_output.py                           93      1     34      1    98%
server\app\agent_runtime\planning_request.py                         116      6     62      3    94%
server\app\agent_runtime\relevance.py                                160      7     76      2    94%
server\app\agent_runtime\retrieval.py                                211     36     82     10    80%
server\app\agent_runtime\runtime.py                                   18      1      2      0    95%
server\app\agent_runtime\semantic_retrieval.py                       219     51     80      9    75%
server\app\agent_runtime\themes.py                                     9      1      0      0    89%
server\app\ai_provider.py                                            144     31     48      6    78%
server\app\analysis_jobs.py                                          275     89    102     25    61%
server\app\analyzer_runner.py                                        532    129    218     61    71%
server\app\artifact_contracts.py                                      66     13     20      4    78%
server\app\artifact_integrity.py                                      79     10     26      5    84%
server\app\artifact_lifecycle.py                                     104     33     36      7    66%
server\app\common_utils.py                                            10      2      2      1    75%
server\app\database.py                                               254     18    132     25    89%
server\app\diagnosis_worker.py                                       161     85     40      4    44%
server\app\diagnostic_ai_rpc.py                                      346    194    172     30    41%
server\app\drop_insight\__init__.py                                    0      0      0      0   100%
server\app\drop_insight\adaptive_planner.py                           68     10     22      7    81%
server\app\drop_insight\artifact_evidence.py                          46      5     18      2    86%
server\app\drop_insight\benchmark_v2.py                               67      3     10      3    92%
server\app\drop_insight\bottleneck_localization.py                    39      2     24      3    92%
server\app\drop_insight\builtin_skills.py                            154     25     60     21    79%
server\app\drop_insight\business_acceptance.py                        93      3     20      3    95%
server\app\drop_insight\business_observations.py                     169     22     50     12    84%
server\app\drop_insight\business_showcase.py                          20      2     14      5    68%
server\app\drop_insight\campaign_matrix.py                            84     84     42      0     0%
server\app\drop_insight\claim_verifier.py                            205     71     98     15    64%
server\app\drop_insight\cpu_criteria.py                               85      3     42      3    95%
server\app\drop_insight\diagnosis_agent.py                           479     82    106     25    80%
server\app\drop_insight\event_store.py                                65      1     28      2    97%
server\app\drop_insight\evidence.py                                  138      7     52      8    92%
server\app\drop_insight\exploration_tree.py                          209     18     94     15    86%
server\app\drop_insight\fault_acceptance.py                           28      6     16      6    73%
server\app\drop_insight\fault_plaza.py                                88     18     16      2    77%
server\app\drop_insight\fix_verification.py                           88      0     22      0   100%
server\app\drop_insight\frozen_replay_showcase.py                    219     30     80     17    82%
server\app\drop_insight\health_assessment.py                          58      2     24      3    94%
server\app\drop_insight\hypothesis_predicate.py                      317     28    158     18    89%
server\app\drop_insight\lats.py                                      632     68    240     52    86%
server\app\drop_insight\managed_services.py                           91      8     36      6    89%
server\app\drop_insight\observation_verifier.py                       46      2     22      2    94%
server\app\drop_insight\operator_memory.py                           101     39     26      6    58%
server\app\drop_insight\performance_criteria.py                       54      3     24      3    92%
server\app\drop_insight\policy.py                                     80      8     38      9    86%
server\app\drop_insight\rcaeval_benchmark.py                         300    300     70      0     0%
server\app\drop_insight\report_conclusion.py                         109      0     54      0   100%
server\app\drop_insight\retrieval_benchmark.py                        58     58     16      0     0%
server\app\drop_insight\root_cause_benchmark.py                      201     11     40     11    91%
server\app\drop_insight\rounds.py                                     36      4     10      2    87%
server\app\drop_insight\scaled_skill_ab.py                           200    200     52      0     0%
server\app\drop_insight\schemas.py                                   189      7     14      4    94%
server\app\drop_insight\service.py                                  3121    871   1240    261    68%
server\app\drop_insight\showcase.py                                   53      0     12      0   100%
server\app\drop_insight\signal_window_validation.py                   88      8     42      6    89%
server\app\drop_insight\skill_benchmark.py                           236    236     94      0     0%
server\app\drop_insight\skill_evolution.py                           757     98    274     52    84%
server\app\drop_insight\skill_experiments.py                         233     44     48     15    79%
server\app\drop_insight\source_mapper.py                             276     42    140     22    81%
server\app\drop_insight\tools.py                                       3      0      0      0   100%
server\app\generated\__init__.py                                       0      0      0      0   100%
server\app\generated\diagnostic_ai_pb2.py                             20      8      2      1    59%
server\app\generated\diagnostic_ai_pb2_grpc.py                        30     12      2      1    59%
server\app\generated\error_code_contract.py                           33     33      0      0     0%
server\app\generated\status_contract.py                               21      0      0      0   100%
server\app\generated\taskkind_contract.py                             14      8      4      0    33%
server\app\kernel_compatibility.py                                    35      2      8      2    91%
server\app\logging_utils.py                                           45      2     10      2    93%
server\app\metric_analyzers.py                                       505     61    234     48    85%
server\app\models.py                                                 537     11      0      0    98%
server\app\outbox_dispatcher.py                                       39     13      6      0    62%
server\app\process_attestation.py                                    178      7     36      5    94%
server\app\repositories\agent_repo.py                                182     38     44      6    78%
server\app\repositories\analysis_job_repo.py                         252     83    100     30    63%
server\app\repositories\artifact_repo.py                              63      3     12      3    92%
server\app\repositories\outbox_repo.py                                64     27     18      3    51%
server\app\repositories\task_repo.py                                 181     58     58      6    59%
server\app\schemas.py                                                 87      0      0      0   100%
server\app\sql_repository.py                                         190     28     64     11    81%
server\app\state_machine.py                                           48      0      4      0   100%
server\app\storage.py                                                107     27     50     14    69%
server\app\task_attempt_authority.py                                  37      8      4      1    73%
server\migrations\versions\20260910_0008_agent_latest_metrics.py      12      1      2      0    93%
----------------------------------------------------------------------------------------------------
TOTAL                                                              15815   3784   5532   1009    73%
Coverage JSON written to file D:\tx\mini-drop\output\acceptance\planning-boundary-v3-20261002\local-python-final\python-all/coverage.json
2159 passed, 16 skipped, 2 warnings in 219.75s (0:03:39)
