2026-10-02T09:54:04.0280080Z Current runner version: '2.337.0'
2026-10-02T09:54:04.0306505Z ##[group]Runner Image Provisioner
2026-10-02T09:54:04.0307378Z Hosted Compute Agent
2026-10-02T09:54:04.0307992Z Version: 20260901.588
2026-10-02T09:54:04.0308757Z Commit: f88ec8081b781fac6c440065ac7ff9e710ce3d0b
2026-10-02T09:54:04.0309528Z Build Date: 2026-09-01T19:56:44Z
2026-10-02T09:54:04.0310526Z Worker ID: {36637510-fe95-47fa-baba-9af1a677a2fa}
2026-10-02T09:54:04.0311319Z Azure Region: eastus
2026-10-02T09:54:04.0311930Z ##[endgroup]
2026-10-02T09:54:04.0313741Z ##[group]Operating System
2026-10-02T09:54:04.0314444Z Ubuntu
2026-10-02T09:54:04.0315078Z 22.04.5
2026-10-02T09:54:04.0315636Z LTS
2026-10-02T09:54:04.0316183Z ##[endgroup]
2026-10-02T09:54:04.0316838Z ##[group]Runner Image
2026-10-02T09:54:04.0317492Z Image: ubuntu-22.04
2026-10-02T09:54:04.0318152Z Version: 20260927.309.1
2026-10-02T09:54:04.0319505Z Included Software: https://github.com/actions/runner-images/blob/ubuntu22/20260927.309/images/ubuntu/Ubuntu2204-Readme.md
2026-10-02T09:54:04.0321858Z Image Release: https://github.com/actions/runner-images/releases/tag/ubuntu22%2F20260927.309
2026-10-02T09:54:04.0322904Z ##[endgroup]
2026-10-02T09:54:04.0324150Z ##[group]GITHUB_TOKEN Permissions
2026-10-02T09:54:04.0326393Z Contents: read
2026-10-02T09:54:04.0327128Z Metadata: read
2026-10-02T09:54:04.0327785Z ##[endgroup]
2026-10-02T09:54:04.0330639Z Secret source: Actions
2026-10-02T09:54:04.0331677Z Cache mode: write
2026-10-02T09:54:04.0332654Z Prepare workflow directory
2026-10-02T09:54:04.0673448Z Prepare all required actions
2026-10-02T09:54:04.0722981Z Getting action download info
2026-10-02T09:54:04.2859132Z Download action repository 'actions/checkout@v4' (SHA:11d5960a326750d5838078e36cf38b85af677262)
2026-10-02T09:54:04.4151555Z Download action repository 'actions/setup-python@v5' (SHA:a26af69be951a213d495a4c3e4e4022e16d87065)
2026-10-02T09:54:04.5746182Z Download action repository 'actions/upload-artifact@v4' (SHA:ea165f8d65b6e75b540449e92b4886f43607fa02)
2026-10-02T09:54:04.8560455Z Complete job name: Exact Git core stack, mTLS and real Agent artifact
2026-10-02T09:54:04.9374564Z ##[group]Run actions/checkout@v4
2026-10-02T09:54:04.9375459Z with:
2026-10-02T09:54:04.9375925Z   persist-credentials: false
2026-10-02T09:54:04.9376503Z   repository: llongwang751-arch/mini-drop
2026-10-02T09:54:04.9380735Z   token: ***
2026-10-02T09:54:04.9381215Z   ssh-strict: true
2026-10-02T09:54:04.9381674Z   ssh-user: git
2026-10-02T09:54:04.9382102Z   clean: true
2026-10-02T09:54:04.9382554Z   sparse-checkout-cone-mode: true
2026-10-02T09:54:04.9383090Z   fetch-depth: 1
2026-10-02T09:54:04.9383536Z   fetch-tags: false
2026-10-02T09:54:04.9383989Z   show-progress: true
2026-10-02T09:54:04.9384452Z   lfs: false
2026-10-02T09:54:04.9384881Z   submodules: false
2026-10-02T09:54:04.9385352Z   set-safe-directory: true
2026-10-02T09:54:04.9385877Z   allow-unsafe-pr-checkout: false
2026-10-02T09:54:04.9386778Z ##[endgroup]
2026-10-02T09:54:05.0563163Z Syncing repository: llongwang751-arch/mini-drop
2026-10-02T09:54:05.0565907Z ##[group]Getting Git version info
2026-10-02T09:54:05.0567236Z Working directory is '/home/runner/work/mini-drop/mini-drop'
2026-10-02T09:54:05.0568914Z [command]/usr/bin/git version
2026-10-02T09:54:05.0634300Z git version 2.55.0
2026-10-02T09:54:05.0726214Z ##[endgroup]
2026-10-02T09:54:05.0735537Z Temporarily overriding HOME='/home/runner/work/_temp/df8733c9-c760-4b20-be04-2796ec094657' before making global git config changes
2026-10-02T09:54:05.0738464Z Adding repository directory to the temporary git global config as a safe directory
2026-10-02T09:54:05.0741109Z [command]/usr/bin/git config --global --add safe.directory /home/runner/work/mini-drop/mini-drop
2026-10-02T09:54:05.0764169Z Deleting the contents of '/home/runner/work/mini-drop/mini-drop'
2026-10-02T09:54:05.0769064Z ##[group]Initializing the repository
2026-10-02T09:54:05.0774883Z [command]/usr/bin/git init /home/runner/work/mini-drop/mini-drop
2026-10-02T09:54:05.0931696Z hint: Using 'master' as the name for the initial branch. This default branch name
2026-10-02T09:54:05.0934453Z hint: will change to "main" in Git 3.0. To configure the initial branch name
2026-10-02T09:54:05.0936485Z hint: to use in all of your new repositories, which will suppress this warning,
2026-10-02T09:54:05.0938067Z hint: call:
2026-10-02T09:54:05.0938630Z hint:
2026-10-02T09:54:05.0939664Z hint: 	git config --global init.defaultBranch <name>
2026-10-02T09:54:05.0940733Z hint:
2026-10-02T09:54:05.0941685Z hint: Names commonly chosen instead of 'master' are 'main', 'trunk' and
2026-10-02T09:54:05.0943089Z hint: 'development'. The just-created branch can be renamed via this command:
2026-10-02T09:54:05.0945322Z hint:
2026-10-02T09:54:05.0945960Z hint: 	git branch -m <name>
2026-10-02T09:54:05.0946782Z hint:
2026-10-02T09:54:05.0947563Z hint: Disable this message with "git config set advice.defaultBranchName false"
2026-10-02T09:54:05.0949323Z Initialized empty Git repository in /home/runner/work/mini-drop/mini-drop/.git/
2026-10-02T09:54:05.0983215Z [command]/usr/bin/git remote add origin https://github.com/llongwang751-arch/mini-drop
2026-10-02T09:54:05.1031876Z ##[endgroup]
2026-10-02T09:54:05.1052707Z ##[group]Disabling automatic garbage collection
2026-10-02T09:54:05.1071728Z [command]/usr/bin/git config --local gc.auto 0
2026-10-02T09:54:05.1073842Z ##[endgroup]
2026-10-02T09:54:05.1074568Z ##[group]Setting up auth
2026-10-02T09:54:05.1075313Z [command]/usr/bin/git config --local --name-only --get-regexp core\.sshCommand
2026-10-02T09:54:05.1110593Z [command]/usr/bin/git submodule foreach --recursive sh -c "git config --local --name-only --get-regexp 'core\.sshCommand' && git config --local --unset-all 'core.sshCommand' || :"
2026-10-02T09:54:05.1517585Z [command]/usr/bin/git config --local --name-only --get-regexp http\.https\:\/\/github\.com\/\.extraheader
2026-10-02T09:54:05.1562595Z [command]/usr/bin/git submodule foreach --recursive sh -c "git config --local --name-only --get-regexp 'http\.https\:\/\/github\.com\/\.extraheader' && git config --local --unset-all 'http.https://github.com/.extraheader' || :"
2026-10-02T09:54:05.1839152Z [command]/usr/bin/git config --local --name-only --get-regexp ^includeIf\.gitdir:
2026-10-02T09:54:05.1880015Z [command]/usr/bin/git submodule foreach --recursive git config --local --show-origin --name-only --get-regexp remote.origin.url
2026-10-02T09:54:05.2148290Z [command]/usr/bin/git config --local http.https://github.com/.extraheader AUTHORIZATION: basic ***
2026-10-02T09:54:05.2194465Z ##[endgroup]
2026-10-02T09:54:05.2196734Z ##[group]Fetching the repository
2026-10-02T09:54:05.2206268Z [command]/usr/bin/git -c protocol.version=2 fetch --no-tags --prune --no-recurse-submodules --depth=1 origin +d2b5cacfa5ac3bd156736d41e248c7bbc77ebecf:refs/remotes/pull/1/merge
2026-10-02T09:54:12.2139649Z From https://github.com/llongwang751-arch/mini-drop
2026-10-02T09:54:12.2141461Z  * [new ref]         d2b5cacfa5ac3bd156736d41e248c7bbc77ebecf -> pull/1/merge
2026-10-02T09:54:12.2149402Z ##[endgroup]
2026-10-02T09:54:12.2151040Z ##[group]Determining the checkout info
2026-10-02T09:54:12.2152629Z ##[endgroup]
2026-10-02T09:54:12.2159739Z [command]/usr/bin/git sparse-checkout disable
2026-10-02T09:54:12.2214886Z [command]/usr/bin/git config --local --unset-all extensions.worktreeConfig
2026-10-02T09:54:12.2263014Z ##[group]Checking out the ref
2026-10-02T09:54:12.2264423Z [command]/usr/bin/git checkout --progress --force refs/remotes/pull/1/merge
2026-10-02T09:54:13.2409520Z Updating files:  64% (2797/4370)
2026-10-02T09:54:13.2459619Z Updating files:  65% (2841/4370)
2026-10-02T09:54:13.2490777Z Updating files:  66% (2885/4370)
2026-10-02T09:54:13.2544527Z Updating files:  67% (2928/4370)
2026-10-02T09:54:13.2580649Z Updating files:  68% (2972/4370)
2026-10-02T09:54:13.2798112Z Updating files:  69% (3016/4370)
2026-10-02T09:54:13.3106819Z Updating files:  70% (3059/4370)
2026-10-02T09:54:13.3297034Z Updating files:  71% (3103/4370)
2026-10-02T09:54:13.3351622Z Updating files:  72% (3147/4370)
2026-10-02T09:54:13.3415962Z Updating files:  73% (3191/4370)
2026-10-02T09:54:13.3484475Z Updating files:  74% (3234/4370)
2026-10-02T09:54:13.3574990Z Updating files:  75% (3278/4370)
2026-10-02T09:54:13.3627703Z Updating files:  76% (3322/4370)
2026-10-02T09:54:13.3671194Z Updating files:  77% (3365/4370)
2026-10-02T09:54:13.3692667Z Updating files:  78% (3409/4370)
2026-10-02T09:54:13.3742340Z Updating files:  79% (3453/4370)
2026-10-02T09:54:13.3783605Z Updating files:  80% (3496/4370)
2026-10-02T09:54:13.3823481Z Updating files:  81% (3540/4370)
2026-10-02T09:54:13.3890188Z Updating files:  82% (3584/4370)
2026-10-02T09:54:13.3929777Z Updating files:  83% (3628/4370)
2026-10-02T09:54:13.3983615Z Updating files:  84% (3671/4370)
2026-10-02T09:54:13.4081130Z Updating files:  85% (3715/4370)
2026-10-02T09:54:13.4138590Z Updating files:  86% (3759/4370)
2026-10-02T09:54:13.4198618Z Updating files:  87% (3802/4370)
2026-10-02T09:54:13.4229273Z Updating files:  88% (3846/4370)
2026-10-02T09:54:13.4265466Z Updating files:  89% (3890/4370)
2026-10-02T09:54:13.4297287Z Updating files:  90% (3933/4370)
2026-10-02T09:54:13.4348562Z Updating files:  91% (3977/4370)
2026-10-02T09:54:13.4381750Z Updating files:  92% (4021/4370)
2026-10-02T09:54:13.4411067Z Updating files:  93% (4065/4370)
2026-10-02T09:54:13.4438529Z Updating files:  94% (4108/4370)
2026-10-02T09:54:13.4472703Z Updating files:  95% (4152/4370)
2026-10-02T09:54:13.4606141Z Updating files:  96% (4196/4370)
2026-10-02T09:54:13.4632003Z Updating files:  97% (4239/4370)
2026-10-02T09:54:13.4659818Z Updating files:  98% (4283/4370)
2026-10-02T09:54:13.4684798Z Updating files:  99% (4327/4370)
2026-10-02T09:54:13.4685444Z Updating files: 100% (4370/4370)
2026-10-02T09:54:13.4685924Z Updating files: 100% (4370/4370), done.
2026-10-02T09:54:13.4747083Z Note: switching to 'refs/remotes/pull/1/merge'.
2026-10-02T09:54:13.4747597Z 
2026-10-02T09:54:13.4747948Z You are in 'detached HEAD' state. You can look around, make experimental
2026-10-02T09:54:13.4748745Z changes and commit them, and you can discard any commits you make in this
2026-10-02T09:54:13.4749946Z state without impacting any branches by switching back to a branch.
2026-10-02T09:54:13.4750849Z 
2026-10-02T09:54:13.4751134Z If you want to create a new branch to retain commits you create, you may
2026-10-02T09:54:13.4751760Z do so (now or later) by using -c with the switch command. Example:
2026-10-02T09:54:13.4752105Z 
2026-10-02T09:54:13.4752267Z   git switch -c <new-branch-name>
2026-10-02T09:54:13.4752503Z 
2026-10-02T09:54:13.4752654Z Or undo this operation with:
2026-10-02T09:54:13.4752881Z 
2026-10-02T09:54:13.4753018Z   git switch -
2026-10-02T09:54:13.4753195Z 
2026-10-02T09:54:13.4753493Z Turn off this advice by setting config variable advice.detachedHead to false
2026-10-02T09:54:13.4753891Z 
2026-10-02T09:54:13.4754358Z HEAD is now at d2b5cac Merge a6a3626094b8edbb5b9a48bef317153035ccca16 into 609ea8a73f845b496b59b5cae181f515c5919850
2026-10-02T09:54:13.4860354Z ##[endgroup]
2026-10-02T09:54:13.4909693Z [command]/usr/bin/git log -1 --format=%H
2026-10-02T09:54:13.4944036Z d2b5cacfa5ac3bd156736d41e248c7bbc77ebecf
2026-10-02T09:54:13.4959284Z ##[group]Removing auth
2026-10-02T09:54:13.4959818Z [command]/usr/bin/git config --local --name-only --get-regexp core\.sshCommand
2026-10-02T09:54:13.4996168Z [command]/usr/bin/git submodule foreach --recursive sh -c "git config --local --name-only --get-regexp 'core\.sshCommand' && git config --local --unset-all 'core.sshCommand' || :"
2026-10-02T09:54:13.5271385Z [command]/usr/bin/git config --local --name-only --get-regexp http\.https\:\/\/github\.com\/\.extraheader
2026-10-02T09:54:13.5300909Z http.https://github.com/.extraheader
2026-10-02T09:54:13.5392370Z [command]/usr/bin/git config --local --unset-all http.https://github.com/.extraheader
2026-10-02T09:54:13.5396065Z [command]/usr/bin/git submodule foreach --recursive sh -c "git config --local --name-only --get-regexp 'http\.https\:\/\/github\.com\/\.extraheader' && git config --local --unset-all 'http.https://github.com/.extraheader' || :"
2026-10-02T09:54:13.5626997Z [command]/usr/bin/git config --local --name-only --get-regexp ^includeIf\.gitdir:
2026-10-02T09:54:13.5663476Z [command]/usr/bin/git submodule foreach --recursive git config --local --show-origin --name-only --get-regexp remote.origin.url
2026-10-02T09:54:13.5925096Z ##[endgroup]
2026-10-02T09:54:13.6191515Z ##[group]Run actions/setup-python@v5
2026-10-02T09:54:13.6191899Z with:
2026-10-02T09:54:13.6192158Z   python-version: 3.11
2026-10-02T09:54:13.6192452Z   check-latest: false
2026-10-02T09:54:13.6195073Z   token: ***
2026-10-02T09:54:13.6195344Z   update-environment: true
2026-10-02T09:54:13.6195647Z   allow-prereleases: false
2026-10-02T09:54:13.6195939Z   freethreaded: false
2026-10-02T09:54:13.6196206Z ##[endgroup]
2026-10-02T09:54:13.7622021Z ##[group]Installed versions
2026-10-02T09:54:13.7719140Z (node:2104) [DEP0040] DeprecationWarning: The `punycode` module is deprecated. Please use a userland alternative instead.
2026-10-02T09:54:13.7721201Z (Use `node --trace-deprecation ...` to show where the warning was created)
2026-10-02T09:54:13.7721780Z Successfully set up CPython (3.11.16)
2026-10-02T09:54:13.7722344Z ##[endgroup]
2026-10-02T09:54:13.7897339Z ##[group]Run python -m pip install 'PyYAML>=6,<7' 'pytest>=8,<9'
2026-10-02T09:54:13.7898181Z [36;1mpython -m pip install 'PyYAML>=6,<7' 'pytest>=8,<9'[0m
2026-10-02T09:54:13.7898935Z [36;1mpython -m pytest --noconftest tests/test_clean_stack_acceptance.py -q --junitxml=output/quality/clean-stack-gates.xml[0m
2026-10-02T09:54:13.8530975Z shell: /usr/bin/bash -e {0}
2026-10-02T09:54:13.8531377Z env:
2026-10-02T09:54:13.8531725Z   pythonLocation: /opt/hostedtoolcache/Python/3.11.16/x64
2026-10-02T09:54:13.8532282Z   PKG_CONFIG_PATH: /opt/hostedtoolcache/Python/3.11.16/x64/lib/pkgconfig
2026-10-02T09:54:13.8532801Z   Python_ROOT_DIR: /opt/hostedtoolcache/Python/3.11.16/x64
2026-10-02T09:54:13.8533260Z   Python2_ROOT_DIR: /opt/hostedtoolcache/Python/3.11.16/x64
2026-10-02T09:54:13.8533737Z   Python3_ROOT_DIR: /opt/hostedtoolcache/Python/3.11.16/x64
2026-10-02T09:54:13.8534243Z   LD_LIBRARY_PATH: /opt/hostedtoolcache/Python/3.11.16/x64/lib
2026-10-02T09:54:13.8534636Z ##[endgroup]
2026-10-02T09:54:17.1736217Z Collecting PyYAML<7,>=6
2026-10-02T09:54:17.2141544Z   Downloading pyyaml-6.0.3-cp311-cp311-manylinux2014_x86_64.manylinux_2_17_x86_64.manylinux_2_28_x86_64.whl.metadata (2.4 kB)
2026-10-02T09:54:17.2479679Z Collecting pytest<9,>=8
2026-10-02T09:54:17.2520964Z   Downloading pytest-8.4.2-py3-none-any.whl.metadata (7.7 kB)
2026-10-02T09:54:17.2648808Z Collecting iniconfig>=1 (from pytest<9,>=8)
2026-10-02T09:54:17.2721455Z   Downloading iniconfig-2.3.0-py3-none-any.whl.metadata (2.5 kB)
2026-10-02T09:54:17.2902502Z Collecting packaging>=20 (from pytest<9,>=8)
2026-10-02T09:54:17.2942942Z   Downloading packaging-26.3-py3-none-any.whl.metadata (3.5 kB)
2026-10-02T09:54:17.3059207Z Collecting pluggy<2,>=1.5 (from pytest<9,>=8)
2026-10-02T09:54:17.3098190Z   Downloading pluggy-1.6.0-py3-none-any.whl.metadata (4.8 kB)
2026-10-02T09:54:17.3265676Z Collecting pygments>=2.7.2 (from pytest<9,>=8)
2026-10-02T09:54:17.3315692Z   Downloading pygments-2.21.0-py3-none-any.whl.metadata (2.5 kB)
2026-10-02T09:54:17.3402428Z Downloading pyyaml-6.0.3-cp311-cp311-manylinux2014_x86_64.manylinux_2_17_x86_64.manylinux_2_28_x86_64.whl (806 kB)
2026-10-02T09:54:17.3614630Z    ━━━━━━━━━━━━━━━━━━━━━━━━━━━━━━━━━━━━━━━━ 806.6/806.6 kB 57.9 MB/s  0:00:00
2026-10-02T09:54:17.3651972Z Downloading pytest-8.4.2-py3-none-any.whl (365 kB)
2026-10-02T09:54:17.3743877Z Downloading pluggy-1.6.0-py3-none-any.whl (20 kB)
2026-10-02T09:54:17.3836783Z Downloading iniconfig-2.3.0-py3-none-any.whl (7.5 kB)
2026-10-02T09:54:17.3896713Z Downloading packaging-26.3-py3-none-any.whl (129 kB)
2026-10-02T09:54:17.3957665Z Downloading pygments-2.21.0-py3-none-any.whl (1.3 MB)
2026-10-02T09:54:17.4114085Z    ━━━━━━━━━━━━━━━━━━━━━━━━━━━━━━━━━━━━━━━━ 1.3/1.3 MB 85.9 MB/s  0:00:00
2026-10-02T09:54:17.6231052Z Installing collected packages: PyYAML, pygments, pluggy, packaging, iniconfig, pytest
2026-10-02T09:54:18.6751376Z 
2026-10-02T09:54:18.6762678Z Successfully installed PyYAML-6.0.3 iniconfig-2.3.0 packaging-26.3 pluggy-1.6.0 pygments-2.21.0 pytest-8.4.2
2026-10-02T09:54:20.5964343Z ........................................................................ [ 82%]
2026-10-02T09:54:20.6345637Z ...............                                                          [100%]
2026-10-02T09:54:20.6347108Z - generated xml file: /home/runner/work/mini-drop/mini-drop/output/quality/clean-stack-gates.xml -
2026-10-02T09:54:20.6348184Z 87 passed in 0.98s
2026-10-02T09:54:20.6632295Z ##[group]Run python scripts/verify_clean_stack.py --expected-head 'd2b5cacfa5ac3bd156736d41e248c7bbc77ebecf' --output output/quality/clean-stack
2026-10-02T09:54:20.6633389Z [36;1mpython scripts/verify_clean_stack.py --expected-head 'd2b5cacfa5ac3bd156736d41e248c7bbc77ebecf' --output output/quality/clean-stack[0m
2026-10-02T09:54:20.6709289Z shell: /usr/bin/bash -e {0}
2026-10-02T09:54:20.6709561Z env:
2026-10-02T09:54:20.6709878Z   pythonLocation: /opt/hostedtoolcache/Python/3.11.16/x64
2026-10-02T09:54:20.6710621Z   PKG_CONFIG_PATH: /opt/hostedtoolcache/Python/3.11.16/x64/lib/pkgconfig
2026-10-02T09:54:20.6711056Z   Python_ROOT_DIR: /opt/hostedtoolcache/Python/3.11.16/x64
2026-10-02T09:54:20.6711464Z   Python2_ROOT_DIR: /opt/hostedtoolcache/Python/3.11.16/x64
2026-10-02T09:54:20.6711865Z   Python3_ROOT_DIR: /opt/hostedtoolcache/Python/3.11.16/x64
2026-10-02T09:54:20.6712255Z   LD_LIBRARY_PATH: /opt/hostedtoolcache/Python/3.11.16/x64/lib
2026-10-02T09:54:20.6712627Z ##[endgroup]
2026-10-02T09:54:20.7567914Z clean-stack: preflight
2026-10-02T09:54:20.7597113Z clean-stack command 1 completed in 0.0s
2026-10-02T09:54:21.2673463Z clean-stack command 2 completed in 0.5s
2026-10-02T09:54:21.2697608Z clean-stack command 3 completed in 0.0s
2026-10-02T09:54:21.5914017Z clean-stack command 4 completed in 0.3s
2026-10-02T09:54:21.6639349Z clean-stack command 5 completed in 0.1s
2026-10-02T09:54:21.6811244Z clean-stack command 6 completed in 0.0s
2026-10-02T09:54:21.6974113Z clean-stack command 7 completed in 0.0s
2026-10-02T09:54:21.7140997Z clean-stack command 8 completed in 0.0s
2026-10-02T09:54:21.7154964Z clean-stack: configuration
2026-10-02T09:54:23.2434280Z clean-stack command 9 completed in 1.5s
2026-10-02T09:54:23.2527169Z clean-stack command 10 completed in 0.0s
2026-10-02T09:54:23.2612247Z clean-stack command 11 completed in 0.0s
2026-10-02T09:54:23.2699548Z clean-stack command 12 completed in 0.0s
2026-10-02T09:54:23.2783466Z clean-stack command 13 completed in 0.0s
2026-10-02T09:54:23.4395368Z clean-stack command 14 completed in 0.1s
2026-10-02T09:54:23.4440646Z clean-stack: build
2026-10-02T09:54:23.4604185Z clean-stack command 15 completed in 0.0s
2026-10-02T09:57:43.3611779Z clean-stack command 16 completed in 199.9s
2026-10-02T09:57:43.3766111Z clean-stack command 17 completed in 0.0s
2026-10-02T09:58:20.9246214Z clean-stack command 18 completed in 37.5s
2026-10-02T09:58:20.9406508Z clean-stack command 19 completed in 0.0s
2026-10-02T09:59:13.0447347Z clean-stack command 20 completed in 52.1s
2026-10-02T09:59:13.0612562Z clean-stack command 21 completed in 0.0s
2026-10-02T10:00:21.1416383Z clean-stack command 22 completed in 68.1s
2026-10-02T10:00:21.1615488Z clean-stack command 23 completed in 0.0s
2026-10-02T10:01:44.0366905Z clean-stack command 24 completed in 82.9s
2026-10-02T10:01:44.0536693Z clean-stack command 25 completed in 0.0s
2026-10-02T10:01:59.0416429Z clean-stack command 26 completed in 15.0s
2026-10-02T10:01:59.0588805Z clean-stack command 27 completed in 0.0s
2026-10-02T10:02:01.0493761Z clean-stack command 28 completed in 2.0s
2026-10-02T10:02:05.3414803Z clean-stack command 29 completed in 4.3s
2026-10-02T10:02:05.3579536Z clean-stack command 30 completed in 0.0s
2026-10-02T10:02:05.3741790Z clean-stack command 31 completed in 0.0s
2026-10-02T10:02:05.3919248Z clean-stack command 32 completed in 0.0s
2026-10-02T10:02:05.4077790Z clean-stack command 33 completed in 0.0s
2026-10-02T10:02:05.4238049Z clean-stack command 34 completed in 0.0s
2026-10-02T10:02:05.4397868Z clean-stack command 35 completed in 0.0s
2026-10-02T10:02:05.4590706Z clean-stack command 36 completed in 0.0s
2026-10-02T10:02:05.4802568Z clean-stack command 37 completed in 0.0s
2026-10-02T10:02:05.5034252Z clean-stack command 38 completed in 0.0s
2026-10-02T10:02:05.5194877Z clean-stack command 39 completed in 0.0s
2026-10-02T10:02:05.5204863Z clean-stack: start
2026-10-02T10:02:41.3098632Z clean-stack command 40 completed in 35.8s
2026-10-02T10:02:41.3357884Z clean-stack command 41 completed in 0.0s
2026-10-02T10:02:41.3637343Z clean-stack command 42 completed in 0.0s
2026-10-02T10:02:44.3839548Z clean-stack command 43 completed in 0.0s
2026-10-02T10:02:44.4077496Z clean-stack command 44 completed in 0.0s
2026-10-02T10:02:47.4279992Z clean-stack command 45 completed in 0.0s
2026-10-02T10:02:47.4512088Z clean-stack command 46 completed in 0.0s
2026-10-02T10:02:50.4742240Z clean-stack command 47 completed in 0.0s
2026-10-02T10:02:50.5012297Z clean-stack command 48 completed in 0.0s
2026-10-02T10:02:53.5234409Z clean-stack command 49 completed in 0.0s
2026-10-02T10:02:53.5497177Z clean-stack command 50 completed in 0.0s
2026-10-02T10:02:53.6361502Z clean-stack command 51 completed in 0.1s
2026-10-02T10:02:54.0260687Z clean-stack command 52 completed in 0.4s
2026-10-02T10:02:54.1617452Z clean-stack command 53 completed in 0.1s
2026-10-02T10:02:54.1626953Z clean-stack: migration
2026-10-02T10:02:54.3134888Z clean-stack command 54 completed in 0.2s
2026-10-02T10:02:54.3186318Z clean-stack: heartbeat
2026-10-02T10:03:00.3352816Z clean-stack: task
2026-10-02T10:03:00.3522113Z clean-stack command 55 completed in 0.0s
2026-10-02T10:03:00.4328747Z clean-stack command 56 completed in 0.1s
2026-10-02T10:03:00.4504748Z clean-stack command 57 completed in 0.0s
2026-10-02T10:03:15.4884396Z clean-stack: artifacts
2026-10-02T10:03:15.6422407Z clean-stack command 58 completed in 0.1s
2026-10-02T10:03:15.6593442Z clean-stack command 59 completed in 0.0s
2026-10-02T10:03:15.7426782Z clean-stack command 60 completed in 0.1s
2026-10-02T10:03:15.7619116Z clean-stack command 61 completed in 0.0s
2026-10-02T10:03:15.9236847Z clean-stack command 62 completed in 0.2s
2026-10-02T10:03:15.9248352Z clean-stack: readonly
2026-10-02T10:03:15.9463376Z clean-stack command 63 completed in 0.0s
2026-10-02T10:03:15.9760599Z clean-stack command 64 completed in 0.0s
2026-10-02T10:03:16.1099730Z clean-stack command 65 completed in 0.1s
2026-10-02T10:03:16.1106138Z clean-stack: cleanup
2026-10-02T10:03:16.1315608Z clean-stack command 66 completed in 0.0s
2026-10-02T10:03:16.1592830Z clean-stack command 67 completed in 0.0s
2026-10-02T10:03:31.3624164Z clean-stack command 68 completed in 15.2s
2026-10-02T10:03:31.4095402Z clean-stack command 69 completed in 0.0s
2026-10-02T10:03:31.4262902Z clean-stack command 70 completed in 0.0s
2026-10-02T10:03:31.4425356Z clean-stack command 71 completed in 0.0s
2026-10-02T10:03:31.5591180Z clean-stack command 72 completed in 0.1s
2026-10-02T10:03:31.5752597Z clean-stack command 73 completed in 0.0s
2026-10-02T10:03:31.5916436Z clean-stack command 74 completed in 0.0s
2026-10-02T10:03:31.6036564Z clean-stack command 75 completed in 0.0s
2026-10-02T10:03:31.6083042Z {"status": "PASSED", "report": "/home/runner/work/mini-drop/mini-drop/output/quality/clean-stack/report.json", "failure": null}
2026-10-02T10:03:31.6287190Z ##[group]Run actions/upload-artifact@v4
2026-10-02T10:03:31.6287495Z with:
2026-10-02T10:03:31.6287796Z   name: clean-core-stack-d2b5cacfa5ac3bd156736d41e248c7bbc77ebecf-1
2026-10-02T10:03:31.6288295Z   path: output/quality/clean-stack/
output/quality/clean-stack-gates.xml

2026-10-02T10:03:31.6288688Z   if-no-files-found: error
2026-10-02T10:03:31.6288925Z   retention-days: 14
2026-10-02T10:03:31.6289156Z   compression-level: 6
2026-10-02T10:03:31.6289373Z   overwrite: false
2026-10-02T10:03:31.6289614Z   include-hidden-files: false
2026-10-02T10:03:31.6289857Z env:
2026-10-02T10:03:31.6290353Z   pythonLocation: /opt/hostedtoolcache/Python/3.11.16/x64
2026-10-02T10:03:31.6291019Z   PKG_CONFIG_PATH: /opt/hostedtoolcache/Python/3.11.16/x64/lib/pkgconfig
2026-10-02T10:03:31.6291444Z   Python_ROOT_DIR: /opt/hostedtoolcache/Python/3.11.16/x64
2026-10-02T10:03:31.6291827Z   Python2_ROOT_DIR: /opt/hostedtoolcache/Python/3.11.16/x64
2026-10-02T10:03:31.6292251Z   Python3_ROOT_DIR: /opt/hostedtoolcache/Python/3.11.16/x64
2026-10-02T10:03:31.6292652Z   LD_LIBRARY_PATH: /opt/hostedtoolcache/Python/3.11.16/x64/lib
2026-10-02T10:03:31.6292975Z ##[endgroup]
2026-10-02T10:03:31.8161674Z (node:33561) [DEP0040] DeprecationWarning: The `punycode` module is deprecated. Please use a userland alternative instead.
2026-10-02T10:03:31.8162644Z (Use `node --trace-deprecation ...` to show where the warning was created)
2026-10-02T10:03:31.8365306Z Multiple search paths detected. Calculating the least common ancestor of all paths
2026-10-02T10:03:31.8367157Z The least common ancestor is /home/runner/work/mini-drop/mini-drop/output/quality. This will be the root directory of the artifact
2026-10-02T10:03:31.8368316Z With the provided path, there will be 58 files uploaded
2026-10-02T10:03:31.8369157Z Artifact name is valid!
2026-10-02T10:03:31.8369561Z Root directory input is valid!
2026-10-02T10:03:32.0241283Z Beginning upload of artifact content to blob storage
2026-10-02T10:03:32.1052937Z (node:33561) [DEP0169] DeprecationWarning: `url.parse()` behavior is not standardized and prone to errors that have security implications. Use the WHATWG URL API instead. CVEs are not issued for `url.parse()` vulnerabilities.
2026-10-02T10:03:32.1657251Z Uploaded bytes 89937
2026-10-02T10:03:32.1869485Z Finished uploading artifact content to blob storage!
2026-10-02T10:03:32.1870979Z SHA256 digest of uploaded artifact zip is 93cdc2dc5da589ff2bbe7baa7ea3a9002750bf863fb3917245364daeda540f0c
2026-10-02T10:03:32.1873346Z Finalizing artifact upload
2026-10-02T10:03:32.3732685Z Artifact clean-core-stack-d2b5cacfa5ac3bd156736d41e248c7bbc77ebecf-1.zip successfully finalized. Artifact ID 11220526519
2026-10-02T10:03:32.3734688Z Artifact clean-core-stack-d2b5cacfa5ac3bd156736d41e248c7bbc77ebecf-1 has been successfully uploaded! Final size is 89937 bytes. Artifact ID is 11220526519
2026-10-02T10:03:32.3736509Z Artifact download URL: https://github.com/llongwang751-arch/mini-drop/actions/runs/36992014612/artifacts/11220526519
2026-10-02T10:03:32.3931683Z Post job cleanup.
2026-10-02T10:03:32.5267376Z (node:33576) [DEP0040] DeprecationWarning: The `punycode` module is deprecated. Please use a userland alternative instead.
2026-10-02T10:03:32.5268270Z (Use `node --trace-deprecation ...` to show where the warning was created)
2026-10-02T10:03:32.5473376Z Post job cleanup.
2026-10-02T10:03:32.6394938Z [command]/usr/bin/git version
2026-10-02T10:03:32.6443574Z git version 2.55.0
2026-10-02T10:03:32.6490453Z Temporarily overriding HOME='/home/runner/work/_temp/32ea6cc8-191a-48f4-a4f4-afcde738208f' before making global git config changes
2026-10-02T10:03:32.6491910Z Adding repository directory to the temporary git global config as a safe directory
2026-10-02T10:03:32.6495877Z [command]/usr/bin/git config --global --add safe.directory /home/runner/work/mini-drop/mini-drop
2026-10-02T10:03:32.6542988Z [command]/usr/bin/git config --local --name-only --get-regexp core\.sshCommand
2026-10-02T10:03:32.6583172Z [command]/usr/bin/git submodule foreach --recursive sh -c "git config --local --name-only --get-regexp 'core\.sshCommand' && git config --local --unset-all 'core.sshCommand' || :"
2026-10-02T10:03:32.6889557Z [command]/usr/bin/git config --local --name-only --get-regexp http\.https\:\/\/github\.com\/\.extraheader
2026-10-02T10:03:32.6943598Z [command]/usr/bin/git submodule foreach --recursive sh -c "git config --local --name-only --get-regexp 'http\.https\:\/\/github\.com\/\.extraheader' && git config --local --unset-all 'http.https://github.com/.extraheader' || :"
2026-10-02T10:03:32.7371496Z [command]/usr/bin/git config --local --name-only --get-regexp ^includeIf\.gitdir:
2026-10-02T10:03:32.7436335Z [command]/usr/bin/git submodule foreach --recursive git config --local --show-origin --name-only --get-regexp remote.origin.url
2026-10-02T10:03:32.7935027Z Cleaning up orphan processes
2026-10-02T10:03:32.8381581Z ##[warning]Node.js 20 is deprecated. The following actions target Node.js 20 but are being forced to run on Node.js 24: actions/checkout@v4, actions/setup-python@v5, actions/upload-artifact@v4. For more information see: https://github.blog/changelog/2025-09-19-deprecation-of-node-20-on-github-actions-runners/
