Sending build context to Docker daemon  10.76MB

Step 1/7 : FROM sha256:5990620f7a41cd3071135c1106d3f2ec76ebf7754012744ea716ac4c97435891 AS symbols
 ---> 5990620f7a41
Step 2/7 : FROM sha256:3e10aae515c758f1cdb214b0cdcf8f9ad9326d2a0db2bf4968855af0bfd5adc7
 ---> 3e10aae515c7
Step 3/7 : COPY --from=symbols /usr/local/bin/cpp-hotspot /usr/local/bin/cpp-hotspot
 ---> 28c3fc8f522c
Step 4/7 : COPY server/ /app/server/
 ---> e3aba67a0f1b
Step 5/7 : COPY analyzer/ /app/analyzer/
 ---> b66838c37bbe
Step 6/7 : COPY scripts/ /app/scripts/
 ---> 452546a6cd33
Step 7/7 : COPY contracts/ /app/contracts/
 ---> 5ab3d156132e
Successfully built 5ab3d156132e
Successfully tagged mini-drop-diagnosis-worker:20261001T183631Z
candidate imports and source toolchain passed
Sending build context to Docker daemon  10.76MB

Step 1/7 : FROM sha256:5990620f7a41cd3071135c1106d3f2ec76ebf7754012744ea716ac4c97435891 AS symbols
 ---> 5990620f7a41
Step 2/7 : FROM sha256:ae6daeb3555db9ff9c21fc96909a6c15129caec6987a4a227e9f5313adf48cc7
 ---> ae6daeb3555d
Step 3/7 : COPY --from=symbols /usr/local/bin/cpp-hotspot /usr/local/bin/cpp-hotspot
 ---> 1b5abc707500
Step 4/7 : COPY server/ /app/server/
 ---> 10b24393e98b
Step 5/7 : COPY analyzer/ /app/analyzer/
 ---> e69a887c7c1b
Step 6/7 : COPY scripts/ /app/scripts/
 ---> abc1890e92eb
Step 7/7 : COPY contracts/ /app/contracts/
 ---> f7d99a1b60ce
Successfully built f7d99a1b60ce
Successfully tagged mini-drop-analyzer:20261001T183631Z
candidate imports and source toolchain passed
Sending build context to Docker daemon  10.76MB

Step 1/2 : FROM sha256:e220dcb98aedbe629bf94121b7c939d7b8e00fabe79d4d0e063b085591324c6e
 ---> e220dcb98aed
Step 2/2 : COPY web/dist/ /usr/share/nginx/html/
 ---> 50192f36a75c
Successfully built 50192f36a75c
Successfully tagged mini-drop-web:20261001T183631Z
{"release": "/opt/mini-drop-releases/20261001T183631Z", "previous_release": "/opt/mini-drop-releases/20261001T180807Z", "status": "HEALTHY", "manifest_sha256": "8ffd1e52567906390ab67d261717a49ba99978cb5150e1c5973f4f183edd4bc4", "source_head": "35f21b82997349b2f8e8010ae834e27a25fafc8f", "changed_services": ["diagnosis-worker", "analyzer", "web"], "images": {"diagnosis-worker": {"old": "sha256:3e10aae515c758f1cdb214b0cdcf8f9ad9326d2a0db2bf4968855af0bfd5adc7", "new": "sha256:5ab3d156132e8f0aa58cf10a522e19f1955377324bb1bf14ded979ebd749db9b", "tag": "mini-drop-diagnosis-worker:20261001T183631Z"}, "analyzer": {"old": "sha256:ae6daeb3555db9ff9c21fc96909a6c15129caec6987a4a227e9f5313adf48cc7", "new": "sha256:f7d99a1b60ce37a9166b2bdf8fdfd3604d93e6346840921d51496aa9d4a10c6b", "tag": "mini-drop-analyzer:20261001T183631Z"}, "web": {"old": "sha256:e220dcb98aedbe629bf94121b7c939d7b8e00fabe79d4d0e063b085591324c6e", "new": "sha256:50192f36a75cdef1d5bfe7e8879c46d35434638a7f90155f2ae119592b89eee7", "tag": "mini-drop-web:20261001T183631Z"}}, "untouched_container_count": 10, "rollback_config": "/opt/mini-drop-releases/20261001T183631Z/private/rollback.compose.json"}
DEPRECATED: The legacy builder is deprecated and will be removed in a future release.
            Install the buildx component to build images with BuildKit:
            https://docs.docker.com/go/buildx/

DEPRECATED: The legacy builder is deprecated and will be removed in a future release.
            Install the buildx component to build images with BuildKit:
            https://docs.docker.com/go/buildx/

DEPRECATED: The legacy builder is deprecated and will be removed in a future release.
            Install the buildx component to build images with BuildKit:
            https://docs.docker.com/go/buildx/

time="2026-10-02T02:40:48+08:00" level=warning msg="Found orphan containers ([mini-drop-control-demo-agent-1 mini-drop-control-python-hotspot-1 mini-drop-control-java-hotspot-1 mini-drop-control-cpp-hotspot-1 mini-drop-control-go-hotspot-1 mini-drop-control-apiserver-1 mini-drop-control-chroma-1 mini-drop-control-control-plane-1 mini-drop-control-migrate-1 mini-drop-control-minio-1 mini-drop-control-postgres-1]) for this project. If you removed or renamed this service in your compose file, you can run this command with the --remove-orphans flag to clean it up."
 Container mini-drop-control-web-1  Recreate
 Container mini-drop-control-web-1  Recreated
 Container mini-drop-control-web-1  Starting
 Container mini-drop-control-web-1  Started
time="2026-10-02T02:40:59+08:00" level=warning msg="Found orphan containers ([mini-drop-control-demo-agent-1 mini-drop-control-python-hotspot-1 mini-drop-control-java-hotspot-1 mini-drop-control-cpp-hotspot-1 mini-drop-control-go-hotspot-1 mini-drop-control-apiserver-1 mini-drop-control-chroma-1 mini-drop-control-control-plane-1 mini-drop-control-migrate-1 mini-drop-control-minio-1 mini-drop-control-postgres-1]) for this project. If you removed or renamed this service in your compose file, you can run this command with the --remove-orphans flag to clean it up."
 Container mini-drop-control-analyzer-1  Recreate
 Container mini-drop-control-analyzer-1  Recreated
 Container mini-drop-control-analyzer-1  Starting
 Container mini-drop-control-analyzer-1  Started
time="2026-10-02T02:41:22+08:00" level=warning msg="Found orphan containers ([mini-drop-control-demo-agent-1 mini-drop-control-python-hotspot-1 mini-drop-control-java-hotspot-1 mini-drop-control-cpp-hotspot-1 mini-drop-control-go-hotspot-1 mini-drop-control-apiserver-1 mini-drop-control-chroma-1 mini-drop-control-control-plane-1 mini-drop-control-migrate-1 mini-drop-control-minio-1 mini-drop-control-postgres-1]) for this project. If you removed or renamed this service in your compose file, you can run this command with the --remove-orphans flag to clean it up."
 Container mini-drop-control-diagnosis-worker-1  Recreate
 Container mini-drop-control-diagnosis-worker-1  Recreated
 Container mini-drop-control-diagnosis-worker-1  Starting
 Container mini-drop-control-diagnosis-worker-1  Started
