2026-10-02T04:48:20.2221498Z Current runner version: '2.337.0'
2026-10-02T04:48:20.2248763Z ##[group]Runner Image Provisioner
2026-10-02T04:48:20.2249704Z Hosted Compute Agent
2026-10-02T04:48:20.2250476Z Version: 20260901.588
2026-10-02T04:48:20.2251159Z Commit: f88ec8081b781fac6c440065ac7ff9e710ce3d0b
2026-10-02T04:48:20.2251925Z Build Date: 2026-09-01T19:56:44Z
2026-10-02T04:48:20.2252755Z Worker ID: {e3465e9d-a7bd-4313-9e3a-15f800640c60}
2026-10-02T04:48:20.2253998Z Azure Region: centralus
2026-10-02T04:48:20.2254720Z ##[endgroup]
2026-10-02T04:48:20.2256322Z ##[group]Operating System
2026-10-02T04:48:20.2257008Z Ubuntu
2026-10-02T04:48:20.2257708Z 22.04.5
2026-10-02T04:48:20.2258269Z LTS
2026-10-02T04:48:20.2258927Z ##[endgroup]
2026-10-02T04:48:20.2259512Z ##[group]Runner Image
2026-10-02T04:48:20.2260145Z Image: ubuntu-22.04
2026-10-02T04:48:20.2260886Z Version: 20260927.309.1
2026-10-02T04:48:20.2262156Z Included Software: https://github.com/actions/runner-images/blob/ubuntu22/20260927.309/images/ubuntu/Ubuntu2204-Readme.md
2026-10-02T04:48:20.2264402Z Image Release: https://github.com/actions/runner-images/releases/tag/ubuntu22%2F20260927.309
2026-10-02T04:48:20.2265409Z ##[endgroup]
2026-10-02T04:48:20.2266835Z ##[group]GITHUB_TOKEN Permissions
2026-10-02T04:48:20.2269178Z Contents: read
2026-10-02T04:48:20.2269843Z Metadata: read
2026-10-02T04:48:20.2270455Z Packages: read
2026-10-02T04:48:20.2271142Z ##[endgroup]
2026-10-02T04:48:20.2273443Z Secret source: Actions
2026-10-02T04:48:20.2274610Z Cache mode: write
2026-10-02T04:48:20.2276029Z Prepare workflow directory
2026-10-02T04:48:20.2619261Z Prepare all required actions
2026-10-02T04:48:20.2667747Z Getting action download info
2026-10-02T04:48:20.5174744Z Download action repository 'actions/checkout@v4' (SHA:11d5960a326750d5838078e36cf38b85af677262)
2026-10-02T04:48:20.6485730Z Download action repository 'actions/setup-node@v4' (SHA:49933ea5288caeca8642d1e84afbd3f7d6820020)
2026-10-02T04:48:20.8727738Z Download action repository 'actions/upload-artifact@v4' (SHA:ea165f8d65b6e75b540449e92b4886f43607fa02)
2026-10-02T04:48:21.1831624Z Complete job name: Web (real Chromium, synthetic fixtures)
2026-10-02T04:48:21.2663310Z ##[group]Run actions/checkout@v4
2026-10-02T04:48:21.2664329Z with:
2026-10-02T04:48:21.2664872Z   repository: llongwang751-arch/mini-drop
2026-10-02T04:48:21.2668930Z   token: ***
2026-10-02T04:48:21.2669439Z   ssh-strict: true
2026-10-02T04:48:21.2669940Z   ssh-user: git
2026-10-02T04:48:21.2670449Z   persist-credentials: true
2026-10-02T04:48:21.2671005Z   clean: true
2026-10-02T04:48:21.2671524Z   sparse-checkout-cone-mode: true
2026-10-02T04:48:21.2672120Z   fetch-depth: 1
2026-10-02T04:48:21.2672617Z   fetch-tags: false
2026-10-02T04:48:21.2673310Z   show-progress: true
2026-10-02T04:48:21.2673824Z   lfs: false
2026-10-02T04:48:21.2674304Z   submodules: false
2026-10-02T04:48:21.2674820Z   set-safe-directory: true
2026-10-02T04:48:21.2675402Z   allow-unsafe-pr-checkout: false
2026-10-02T04:48:21.2676244Z ##[endgroup]
2026-10-02T04:48:21.3729836Z Syncing repository: llongwang751-arch/mini-drop
2026-10-02T04:48:21.3732473Z ##[group]Getting Git version info
2026-10-02T04:48:21.3734128Z Working directory is '/home/runner/work/mini-drop/mini-drop'
2026-10-02T04:48:21.3736167Z [command]/usr/bin/git version
2026-10-02T04:48:21.3810114Z git version 2.55.0
2026-10-02T04:48:21.3834195Z ##[endgroup]
2026-10-02T04:48:21.3850322Z Temporarily overriding HOME='/home/runner/work/_temp/c6638815-fc08-4b90-b159-338a213ef02d' before making global git config changes
2026-10-02T04:48:21.3852899Z Adding repository directory to the temporary git global config as a safe directory
2026-10-02T04:48:21.3855198Z [command]/usr/bin/git config --global --add safe.directory /home/runner/work/mini-drop/mini-drop
2026-10-02T04:48:21.3895744Z Deleting the contents of '/home/runner/work/mini-drop/mini-drop'
2026-10-02T04:48:21.3899955Z ##[group]Initializing the repository
2026-10-02T04:48:21.3905271Z [command]/usr/bin/git init /home/runner/work/mini-drop/mini-drop
2026-10-02T04:48:21.4008980Z hint: Using 'master' as the name for the initial branch. This default branch name
2026-10-02T04:48:21.4011865Z hint: will change to "main" in Git 3.0. To configure the initial branch name
2026-10-02T04:48:21.4014203Z hint: to use in all of your new repositories, which will suppress this warning,
2026-10-02T04:48:21.4015570Z hint: call:
2026-10-02T04:48:21.4016884Z hint:
2026-10-02T04:48:21.4017954Z hint: 	git config --global init.defaultBranch <name>
2026-10-02T04:48:21.4018758Z hint:
2026-10-02T04:48:21.4019511Z hint: Names commonly chosen instead of 'master' are 'main', 'trunk' and
2026-10-02T04:48:21.4020650Z hint: 'development'. The just-created branch can be renamed via this command:
2026-10-02T04:48:21.4021681Z hint:
2026-10-02T04:48:21.4022595Z hint: 	git branch -m <name>
2026-10-02T04:48:21.4023871Z hint:
2026-10-02T04:48:21.4024986Z hint: Disable this message with "git config set advice.defaultBranchName false"
2026-10-02T04:48:21.4026208Z Initialized empty Git repository in /home/runner/work/mini-drop/mini-drop/.git/
2026-10-02T04:48:21.4028410Z [command]/usr/bin/git remote add origin https://github.com/llongwang751-arch/mini-drop
2026-10-02T04:48:21.4070033Z ##[endgroup]
2026-10-02T04:48:21.4070975Z ##[group]Disabling automatic garbage collection
2026-10-02T04:48:21.4071743Z [command]/usr/bin/git config --local gc.auto 0
2026-10-02T04:48:21.4105614Z ##[endgroup]
2026-10-02T04:48:21.4106595Z ##[group]Setting up auth
2026-10-02T04:48:21.4112538Z [command]/usr/bin/git config --local --name-only --get-regexp core\.sshCommand
2026-10-02T04:48:21.4151521Z [command]/usr/bin/git submodule foreach --recursive sh -c "git config --local --name-only --get-regexp 'core\.sshCommand' && git config --local --unset-all 'core.sshCommand' || :"
2026-10-02T04:48:21.4541511Z [command]/usr/bin/git config --local --name-only --get-regexp http\.https\:\/\/github\.com\/\.extraheader
2026-10-02T04:48:21.4584337Z [command]/usr/bin/git submodule foreach --recursive sh -c "git config --local --name-only --get-regexp 'http\.https\:\/\/github\.com\/\.extraheader' && git config --local --unset-all 'http.https://github.com/.extraheader' || :"
2026-10-02T04:48:21.4867062Z [command]/usr/bin/git config --local --name-only --get-regexp ^includeIf\.gitdir:
2026-10-02T04:48:21.4907629Z [command]/usr/bin/git submodule foreach --recursive git config --local --show-origin --name-only --get-regexp remote.origin.url
2026-10-02T04:48:21.5166596Z [command]/usr/bin/git config --local http.https://github.com/.extraheader AUTHORIZATION: basic ***
2026-10-02T04:48:21.5212091Z ##[endgroup]
2026-10-02T04:48:21.5213353Z ##[group]Fetching the repository
2026-10-02T04:48:21.5221590Z [command]/usr/bin/git -c protocol.version=2 fetch --no-tags --prune --no-recurse-submodules --depth=1 origin +4106ef148573cc39036eb099b4ac1f7757f9f645:refs/remotes/pull/1/merge
2026-10-02T04:48:28.6911373Z From https://github.com/llongwang751-arch/mini-drop
2026-10-02T04:48:28.6912038Z  * [new ref]         4106ef148573cc39036eb099b4ac1f7757f9f645 -> pull/1/merge
2026-10-02T04:48:28.6925678Z ##[endgroup]
2026-10-02T04:48:28.6926175Z ##[group]Determining the checkout info
2026-10-02T04:48:28.6926698Z ##[endgroup]
2026-10-02T04:48:28.6927105Z [command]/usr/bin/git sparse-checkout disable
2026-10-02T04:48:28.7013945Z [command]/usr/bin/git config --local --unset-all extensions.worktreeConfig
2026-10-02T04:48:28.7050269Z ##[group]Checking out the ref
2026-10-02T04:48:28.7053947Z [command]/usr/bin/git checkout --progress --force refs/remotes/pull/1/merge
2026-10-02T04:48:29.7290180Z Updating files:  67% (2612/3871)
2026-10-02T04:48:29.7424249Z Updating files:  68% (2633/3871)
2026-10-02T04:48:29.7478226Z Updating files:  69% (2671/3871)
2026-10-02T04:48:29.7536488Z Updating files:  70% (2710/3871)
2026-10-02T04:48:29.7605116Z Updating files:  71% (2749/3871)
2026-10-02T04:48:29.7671043Z Updating files:  72% (2788/3871)
2026-10-02T04:48:29.7750765Z Updating files:  73% (2826/3871)
2026-10-02T04:48:29.7785315Z Updating files:  74% (2865/3871)
2026-10-02T04:48:29.7815556Z Updating files:  75% (2904/3871)
2026-10-02T04:48:29.7839657Z Updating files:  76% (2942/3871)
2026-10-02T04:48:29.7884022Z Updating files:  77% (2981/3871)
2026-10-02T04:48:29.7919962Z Updating files:  78% (3020/3871)
2026-10-02T04:48:29.7953982Z Updating files:  79% (3059/3871)
2026-10-02T04:48:29.8017026Z Updating files:  80% (3097/3871)
2026-10-02T04:48:29.8052975Z Updating files:  81% (3136/3871)
2026-10-02T04:48:29.8083364Z Updating files:  82% (3175/3871)
2026-10-02T04:48:29.8173959Z Updating files:  83% (3213/3871)
2026-10-02T04:48:29.8237605Z Updating files:  84% (3252/3871)
2026-10-02T04:48:29.8286611Z Updating files:  85% (3291/3871)
2026-10-02T04:48:29.8328922Z Updating files:  86% (3330/3871)
2026-10-02T04:48:29.8353228Z Updating files:  87% (3368/3871)
2026-10-02T04:48:29.8384209Z Updating files:  88% (3407/3871)
2026-10-02T04:48:29.8409100Z Updating files:  89% (3446/3871)
2026-10-02T04:48:29.8456773Z Updating files:  90% (3484/3871)
2026-10-02T04:48:29.8481935Z Updating files:  91% (3523/3871)
2026-10-02T04:48:29.8506580Z Updating files:  92% (3562/3871)
2026-10-02T04:48:29.8529950Z Updating files:  93% (3601/3871)
2026-10-02T04:48:29.8554115Z Updating files:  94% (3639/3871)
2026-10-02T04:48:29.8619898Z Updating files:  95% (3678/3871)
2026-10-02T04:48:29.8711990Z Updating files:  96% (3717/3871)
2026-10-02T04:48:29.8735277Z Updating files:  97% (3755/3871)
2026-10-02T04:48:29.8761753Z Updating files:  98% (3794/3871)
2026-10-02T04:48:29.8782936Z Updating files:  99% (3833/3871)
2026-10-02T04:48:29.8783584Z Updating files: 100% (3871/3871)
2026-10-02T04:48:29.8784065Z Updating files: 100% (3871/3871), done.
2026-10-02T04:48:29.8866631Z Note: switching to 'refs/remotes/pull/1/merge'.
2026-10-02T04:48:29.8867100Z 
2026-10-02T04:48:29.8867452Z You are in 'detached HEAD' state. You can look around, make experimental
2026-10-02T04:48:29.8868314Z changes and commit them, and you can discard any commits you make in this
2026-10-02T04:48:29.8869153Z state without impacting any branches by switching back to a branch.
2026-10-02T04:48:29.8869700Z 
2026-10-02T04:48:29.8870026Z If you want to create a new branch to retain commits you create, you may
2026-10-02T04:48:29.8871093Z do so (now or later) by using -c with the switch command. Example:
2026-10-02T04:48:29.8871567Z 
2026-10-02T04:48:29.8871745Z   git switch -c <new-branch-name>
2026-10-02T04:48:29.8872051Z 
2026-10-02T04:48:29.8872221Z Or undo this operation with:
2026-10-02T04:48:29.8872500Z 
2026-10-02T04:48:29.8872642Z   git switch -
2026-10-02T04:48:29.8872850Z 
2026-10-02T04:48:29.8873452Z Turn off this advice by setting config variable advice.detachedHead to false
2026-10-02T04:48:29.8874010Z 
2026-10-02T04:48:29.8976301Z HEAD is now at 4106ef1 Merge de094fff754f2d8cb7139dd99e31c7a30d5fb754 into 609ea8a73f845b496b59b5cae181f515c5919850
2026-10-02T04:48:29.8999391Z ##[endgroup]
2026-10-02T04:48:29.9054218Z [command]/usr/bin/git log -1 --format=%H
2026-10-02T04:48:29.9086043Z 4106ef148573cc39036eb099b4ac1f7757f9f645
2026-10-02T04:48:29.9366659Z ##[group]Run actions/setup-node@v4
2026-10-02T04:48:29.9366985Z with:
2026-10-02T04:48:29.9367184Z   node-version: 22
2026-10-02T04:48:29.9367403Z   cache: npm
2026-10-02T04:48:29.9367646Z   cache-dependency-path: web/package-lock.json
2026-10-02T04:48:29.9367957Z   always-auth: false
2026-10-02T04:48:29.9368179Z   check-latest: false
2026-10-02T04:48:29.9370616Z   token: ***
2026-10-02T04:48:29.9370826Z ##[endgroup]
2026-10-02T04:48:30.0951451Z Found in cache @ /opt/hostedtoolcache/node/22.23.3/x64
2026-10-02T04:48:30.0955898Z (node:2007) [DEP0040] DeprecationWarning: The `punycode` module is deprecated. Please use a userland alternative instead.
2026-10-02T04:48:30.0957073Z (Use `node --trace-deprecation ...` to show where the warning was created)
2026-10-02T04:48:30.0958552Z ##[group]Environment details
2026-10-02T04:48:32.8665775Z node: v22.23.3
2026-10-02T04:48:32.8666215Z npm: 10.9.9
2026-10-02T04:48:32.8666567Z yarn: 1.22.22
2026-10-02T04:48:32.8668003Z ##[endgroup]
2026-10-02T04:48:32.8688736Z [command]/opt/hostedtoolcache/node/22.23.3/x64/bin/npm config get cache
2026-10-02T04:48:33.1712350Z /home/runner/.npm
2026-10-02T04:48:33.3194729Z Cache hit for: node-cache-Linux-x64-npm-a79428a48f53c819bdf3224c6f533bf526ae1b21f28f4ee918b0bcba5121d960
2026-10-02T04:48:33.3305509Z (node:2007) [DEP0169] DeprecationWarning: `url.parse()` behavior is not standardized and prone to errors that have security implications. Use the WHATWG URL API instead. CVEs are not issued for `url.parse()` vulnerabilities.
2026-10-02T04:48:39.2829253Z Received 52012766 of 52012766 (100.0%), 63.4 MBs/sec
2026-10-02T04:48:39.2831053Z Cache Size: ~50 MB (52012766 B)
2026-10-02T04:48:39.2879260Z [command]/usr/bin/tar -xf /home/runner/work/_temp/2f07b148-cf66-4289-9ca4-3244a1745e07/cache.tzst -P -C /home/runner/work/mini-drop/mini-drop --use-compress-program unzstd
2026-10-02T04:48:39.4387558Z Cache restored successfully
2026-10-02T04:48:39.4510861Z Cache restored from key: node-cache-Linux-x64-npm-a79428a48f53c819bdf3224c6f533bf526ae1b21f28f4ee918b0bcba5121d960
2026-10-02T04:48:39.4707884Z ##[group]Run npm --prefix web ci
2026-10-02T04:48:39.4708246Z [36;1mnpm --prefix web ci[0m
2026-10-02T04:48:39.5097194Z shell: /usr/bin/bash -e {0}
2026-10-02T04:48:39.5097470Z ##[endgroup]
2026-10-02T04:48:47.2870313Z 
2026-10-02T04:48:47.2878628Z added 346 packages, and audited 347 packages in 8s
2026-10-02T04:48:47.2879130Z 
2026-10-02T04:48:47.2879436Z 118 packages are looking for funding
2026-10-02T04:48:47.2879982Z   run `npm fund` for details
2026-10-02T04:48:47.3021564Z 
2026-10-02T04:48:47.3022035Z 2 vulnerabilities (1 low, 1 high)
2026-10-02T04:48:47.3022557Z 
2026-10-02T04:48:47.3022795Z To address all issues, run:
2026-10-02T04:48:47.3023396Z   npm audit fix
2026-10-02T04:48:47.3023544Z 
2026-10-02T04:48:47.3023680Z Run `npm audit` for details.
2026-10-02T04:48:47.3728717Z ##[group]Run npm --prefix web run build
2026-10-02T04:48:47.3729078Z [36;1mnpm --prefix web run build[0m
2026-10-02T04:48:47.3800902Z shell: /usr/bin/bash -e {0}
2026-10-02T04:48:47.3801163Z ##[endgroup]
2026-10-02T04:48:47.4896721Z 
2026-10-02T04:48:47.4897276Z > mini-drop-web@0.1.0 build
2026-10-02T04:48:47.4898076Z > vite build
2026-10-02T04:48:47.4898346Z 
2026-10-02T04:48:47.7473587Z [36mvite v8.2.2 [32mbuilding client environment for production...[36m[39m
2026-10-02T04:48:47.7586754Z transforming...
2026-10-02T04:48:48.4424672Z ✓ 4595 modules transformed.
2026-10-02T04:48:48.6412858Z rendering chunks...
2026-10-02T04:48:48.8654421Z computing gzip size...
2026-10-02T04:48:48.8801533Z dist/index.html                                0.79 kB │ gzip:   0.42 kB
2026-10-02T04:48:48.8802414Z dist/assets/parseJson.worker-mxB42-VK.js       0.83 kB
2026-10-02T04:48:48.8803392Z dist/assets/TaskResult-BAn5yWN7.css            0.32 kB │ gzip:   0.24 kB
2026-10-02T04:48:48.8804191Z dist/assets/flamegraph-VXIZzpiT.css            0.60 kB │ gzip:   0.32 kB
2026-10-02T04:48:48.8804820Z dist/assets/index-IZHbRe47.css                 8.44 kB │ gzip:   2.63 kB
2026-10-02T04:48:48.8805429Z dist/assets/AIDiagnosis-ChKDK5_y.css          90.44 kB │ gzip:  16.76 kB
2026-10-02T04:48:48.8806064Z dist/assets/ErrorAlert-903HQ4EN.js             0.23 kB │ gzip:   0.19 kB
2026-10-02T04:48:48.8806679Z dist/assets/ArrowLeftOutlined-D5Rce3sA.js      0.60 kB │ gzip:   0.44 kB
2026-10-02T04:48:48.8807289Z dist/assets/rolldown-runtime-B0Z9INg1.js       0.90 kB │ gzip:   0.51 kB
2026-10-02T04:48:48.8807902Z dist/assets/agentMetrics-CZoJGXne.js           1.09 kB │ gzip:   0.67 kB
2026-10-02T04:48:48.8808512Z dist/assets/CloudServerOutlined-nqMoSLwN.js    1.33 kB │ gzip:   0.78 kB
2026-10-02T04:48:48.8809138Z dist/assets/StatusTag-AVBiLPOz.js              2.03 kB │ gzip:   0.82 kB
2026-10-02T04:48:48.8809796Z dist/assets/AuditLogs-a1K87biF.js              3.87 kB │ gzip:   1.88 kB
2026-10-02T04:48:48.8810389Z dist/assets/row-D_0PZE5A.js                    5.51 kB │ gzip:   2.24 kB
2026-10-02T04:48:48.8810978Z dist/assets/collectors-9W4-i_vQ.js             6.12 kB │ gzip:   1.78 kB
2026-10-02T04:48:48.8811699Z dist/assets/alert-C2yT8MYA.js                  6.35 kB │ gzip:   2.66 kB
2026-10-02T04:48:48.8813435Z dist/assets/AgentDetail-CtRfsd4q.js            7.71 kB │ gzip:   3.15 kB
2026-10-02T04:48:48.8814602Z dist/assets/ThunderboltOutlined-_zhhsc5p.js   10.29 kB │ gzip:   4.07 kB
2026-10-02T04:48:48.8815749Z dist/assets/usePolling-CeSosOBk.js            16.17 kB │ gzip:   6.83 kB
2026-10-02T04:48:48.8816628Z dist/assets/Schedules-pjREqHJK.js             17.26 kB │ gzip:   5.82 kB
2026-10-02T04:48:48.8817252Z dist/assets/input-number-BLKstg1f.js          23.73 kB │ gzip:   8.20 kB
2026-10-02T04:48:48.8817853Z dist/assets/modal-CGyc8tVo.js                 27.89 kB │ gzip:   9.27 kB
2026-10-02T04:48:48.8818493Z dist/assets/TaskResult-Bi9jVMvr.js            29.61 kB │ gzip:  10.78 kB
2026-10-02T04:48:48.8819090Z dist/assets/d3-OVqjLuRP.js                    36.91 kB │ gzip:  12.52 kB
2026-10-02T04:48:48.8819692Z dist/assets/PlayCircleOutlined-DDH4N-mk.js    37.49 kB │ gzip:  12.80 kB
2026-10-02T04:48:48.8820288Z dist/assets/axios-B0fvnqBc.js                 49.95 kB │ gzip:  18.75 kB
2026-10-02T04:48:48.8821443Z dist/assets/Dashboard-3NWqFYj5.js             50.52 kB │ gzip:  16.62 kB
2026-10-02T04:48:48.8822545Z dist/assets/index-PkWkl8m-.js                 92.29 kB │ gzip:  32.17 kB
2026-10-02T04:48:48.8824273Z dist/assets/flamegraph-CSYLKD5W.js            96.97 kB │ gzip:  32.80 kB
2026-10-02T04:48:48.8825392Z dist/assets/react-C8_Uech3.js                178.38 kB │ gzip:  58.94 kB
2026-10-02T04:48:48.8826034Z dist/assets/table-B3EaWpvJ.js                343.42 kB │ gzip: 105.31 kB
2026-10-02T04:48:48.8826636Z dist/assets/SafeMarkdown-alpvx08N.js         389.11 kB │ gzip: 122.02 kB
2026-10-02T04:48:48.8827234Z dist/assets/client-C9stzVXG.js               397.22 kB │ gzip: 127.31 kB
2026-10-02T04:48:48.8828085Z dist/assets/AIDiagnosis-4fAFyaRv.js          425.28 kB │ gzip: 134.47 kB
2026-10-02T04:48:48.8828721Z dist/assets/echarts-C79zCWSK.js              612.21 kB │ gzip: 206.37 kB
2026-10-02T04:48:48.8829008Z 
2026-10-02T04:48:48.8829194Z [32m✓ built in 1.13s[39m
2026-10-02T04:48:48.8829775Z [33m[plugin builtin:vite-reporter] 
2026-10-02T04:48:48.8830643Z (!) Some chunks are larger than 600 kB after minification. Consider:
2026-10-02T04:48:48.8831360Z - Using dynamic import() to code-split the application
2026-10-02T04:48:48.8832512Z - Use build.rolldownOptions.output.codeSplitting to improve chunking: https://rolldown.rs/reference/OutputOptions.codeSplitting
2026-10-02T04:48:48.8834043Z - Adjust chunk size limit for this warning via build.chunkSizeWarningLimit.[39m
2026-10-02T04:48:48.9263908Z ##[group]Run npx --yes playwright@1.55.0 install --with-deps chromium
2026-10-02T04:48:48.9264805Z [36;1mnpx --yes playwright@1.55.0 install --with-deps chromium[0m
2026-10-02T04:48:48.9334620Z shell: /usr/bin/bash -e {0}
2026-10-02T04:48:48.9334878Z ##[endgroup]
2026-10-02T04:48:52.0214362Z ╔═══════════════════════════════════════════════════════════════════════════════╗
2026-10-02T04:48:52.0215305Z ║ WARNING: It looks like you are running 'npx playwright install' without first ║
2026-10-02T04:48:52.0216207Z ║ installing your project's dependencies.                                       ║
2026-10-02T04:48:52.0216938Z ║                                                                               ║
2026-10-02T04:48:52.0218120Z ║ To avoid unexpected behavior, please install your dependencies first, and     ║
2026-10-02T04:48:52.0219547Z ║ then run Playwright's install command:                                        ║
2026-10-02T04:48:52.0220780Z ║                                                                               ║
2026-10-02T04:48:52.0221727Z ║     npm install                                                               ║
2026-10-02T04:48:52.0222403Z ║     npx playwright install                                                    ║
2026-10-02T04:48:52.0223297Z ║                                                                               ║
2026-10-02T04:48:52.0224029Z ║ If your project does not yet depend on Playwright, first install the          ║
2026-10-02T04:48:52.0225139Z ║ applicable npm package (most commonly @playwright/test), and                  ║
2026-10-02T04:48:52.0225907Z ║ then run Playwright's install command to download the browsers:               ║
2026-10-02T04:48:52.0226560Z ║                                                                               ║
2026-10-02T04:48:52.0227182Z ║     npm install @playwright/test                                              ║
2026-10-02T04:48:52.0227869Z ║     npx playwright install                                                    ║
2026-10-02T04:48:52.0228476Z ║                                                                               ║
2026-10-02T04:48:52.0229110Z ╚═══════════════════════════════════════════════════════════════════════════════╝
2026-10-02T04:48:52.0229576Z Installing dependencies...
2026-10-02T04:48:52.0320338Z Switching to root user to install dependencies...
2026-10-02T04:48:52.2135075Z Get:1 file:/etc/apt/apt-mirrors.txt Mirrorlist [144 B]
2026-10-02T04:48:52.2565798Z Hit:2 http://azure.archive.ubuntu.com/ubuntu jammy InRelease
2026-10-02T04:48:52.2568226Z Get:6 https://packages.microsoft.com/ubuntu/22.04/prod jammy InRelease [3632 B]
2026-10-02T04:48:52.2635648Z Get:3 http://azure.archive.ubuntu.com/ubuntu jammy-updates InRelease [128 kB]
2026-10-02T04:48:52.2664396Z Get:4 http://azure.archive.ubuntu.com/ubuntu jammy-backports InRelease [127 kB]
2026-10-02T04:48:52.2674230Z Get:5 http://azure.archive.ubuntu.com/ubuntu jammy-security InRelease [129 kB]
2026-10-02T04:48:52.4529618Z Get:7 https://packages.microsoft.com/ubuntu/22.04/prod jammy/main arm64 Packages [550 kB]
2026-10-02T04:48:52.4667560Z Get:8 https://packages.microsoft.com/ubuntu/22.04/prod jammy/main amd64 Packages [792 kB]
2026-10-02T04:48:52.5367502Z Get:9 http://azure.archive.ubuntu.com/ubuntu jammy-updates/main amd64 Packages [3899 kB]
2026-10-02T04:48:52.5552843Z Get:10 http://azure.archive.ubuntu.com/ubuntu jammy-updates/main Translation-en [575 kB]
2026-10-02T04:48:52.5624452Z Get:11 http://azure.archive.ubuntu.com/ubuntu jammy-updates/restricted amd64 Packages [6701 kB]
2026-10-02T04:48:52.5950148Z Get:12 http://azure.archive.ubuntu.com/ubuntu jammy-updates/restricted Translation-en [1287 kB]
2026-10-02T04:48:52.6044753Z Get:13 http://azure.archive.ubuntu.com/ubuntu jammy-updates/universe amd64 Packages [1285 kB]
2026-10-02T04:48:52.6096086Z Get:14 http://azure.archive.ubuntu.com/ubuntu jammy-updates/universe Translation-en [325 kB]
2026-10-02T04:48:52.7092425Z Get:15 http://azure.archive.ubuntu.com/ubuntu jammy-security/main amd64 Packages [3598 kB]
2026-10-02T04:48:52.7283845Z Get:16 http://azure.archive.ubuntu.com/ubuntu jammy-security/main Translation-en [504 kB]
2026-10-02T04:48:52.7315223Z Get:17 http://azure.archive.ubuntu.com/ubuntu jammy-security/restricted amd64 Packages [6410 kB]
2026-10-02T04:48:52.7634664Z Get:18 http://azure.archive.ubuntu.com/ubuntu jammy-security/restricted Translation-en [1232 kB]
2026-10-02T04:48:52.8090548Z Get:19 http://azure.archive.ubuntu.com/ubuntu jammy-security/universe amd64 Packages [1052 kB]
2026-10-02T04:48:52.8147422Z Get:20 http://azure.archive.ubuntu.com/ubuntu jammy-security/universe Translation-en [236 kB]
2026-10-02T04:49:01.4099304Z Fetched 28.8 MB in 3s (9011 kB/s)
2026-10-02T04:49:02.6906535Z Reading package lists...
2026-10-02T04:49:02.7538357Z Reading package lists...
2026-10-02T04:49:03.0063316Z Building dependency tree...
2026-10-02T04:49:03.0083339Z Reading state information...
2026-10-02T04:49:03.1810667Z fonts-liberation is already the newest version (1:1.07.4-11).
2026-10-02T04:49:03.1811481Z fonts-liberation set to manually installed.
2026-10-02T04:49:03.1812228Z libatk-bridge2.0-0 is already the newest version (2.38.0-3).
2026-10-02T04:49:03.1812939Z libatk-bridge2.0-0 set to manually installed.
2026-10-02T04:49:03.1814198Z libatk1.0-0 is already the newest version (2.36.0-3build1).
2026-10-02T04:49:03.1814860Z libatk1.0-0 set to manually installed.
2026-10-02T04:49:03.1815720Z libatspi2.0-0 is already the newest version (2.44.0-3).
2026-10-02T04:49:03.1816699Z libatspi2.0-0 set to manually installed.
2026-10-02T04:49:03.1817288Z libfontconfig1 is already the newest version (2.13.1-4.2ubuntu5).
2026-10-02T04:49:03.1817861Z libfontconfig1 set to manually installed.
2026-10-02T04:49:03.1818380Z libxcb1 is already the newest version (1.14-3ubuntu3).
2026-10-02T04:49:03.1818860Z libxcb1 set to manually installed.
2026-10-02T04:49:03.1819613Z libxcomposite1 is already the newest version (1:0.4.5-1build2).
2026-10-02T04:49:03.1820172Z libxcomposite1 set to manually installed.
2026-10-02T04:49:03.1820737Z libxdamage1 is already the newest version (1:1.1.5-2build2).
2026-10-02T04:49:03.1821259Z libxdamage1 set to manually installed.
2026-10-02T04:49:03.1821780Z libxext6 is already the newest version (2:1.3.4-1build1).
2026-10-02T04:49:03.1822291Z libxext6 set to manually installed.
2026-10-02T04:49:03.1822777Z libxfixes3 is already the newest version (1:6.0.0-1).
2026-10-02T04:49:03.1823596Z libxfixes3 set to manually installed.
2026-10-02T04:49:03.1824106Z libxkbcommon0 is already the newest version (1.4.0-1).
2026-10-02T04:49:03.1824617Z libxkbcommon0 set to manually installed.
2026-10-02T04:49:03.1825157Z libxrandr2 is already the newest version (2:1.5.2-1build1).
2026-10-02T04:49:03.1825767Z libxrandr2 set to manually installed.
2026-10-02T04:49:03.1826415Z fonts-noto-color-emoji is already the newest version (2.047-0ubuntu0.22.04.1).
2026-10-02T04:49:03.1827151Z libasound2 is already the newest version (1.2.6.1-1ubuntu1.2).
2026-10-02T04:49:03.1827690Z libasound2 set to manually installed.
2026-10-02T04:49:03.1828219Z libcairo2 is already the newest version (1.16.0-5ubuntu2.1).
2026-10-02T04:49:03.1828731Z libcairo2 set to manually installed.
2026-10-02T04:49:03.1829266Z libcups2 is already the newest version (2.4.1op1-1ubuntu4.21).
2026-10-02T04:49:03.1829793Z libcups2 set to manually installed.
2026-10-02T04:49:03.1830440Z libdbus-1-3 is already the newest version (1.12.20-2ubuntu4.1).
2026-10-02T04:49:03.1830998Z libdbus-1-3 set to manually installed.
2026-10-02T04:49:03.1831438Z libdrm2 is already the newest version (2.4.113-2~ubuntu0.22.04.1).
2026-10-02T04:49:03.1831846Z libdrm2 set to manually installed.
2026-10-02T04:49:03.1832269Z libfreetype6 is already the newest version (2.11.1+dfsg-1ubuntu0.3).
2026-10-02T04:49:03.1832703Z libfreetype6 set to manually installed.
2026-10-02T04:49:03.1833466Z libgbm1 is already the newest version (23.2.1-1ubuntu3.1~22.04.4).
2026-10-02T04:49:03.1833879Z libgbm1 set to manually installed.
2026-10-02T04:49:03.1834610Z libglib2.0-0 is already the newest version (2.72.4-0ubuntu2.10).
2026-10-02T04:49:03.1835047Z libglib2.0-0 set to manually installed.
2026-10-02T04:49:03.1835484Z libnspr4 is already the newest version (2:4.35-0ubuntu0.22.04.1).
2026-10-02T04:49:03.1835979Z libnss3 is already the newest version (2:3.98-0ubuntu0.22.04.4).
2026-10-02T04:49:03.1836470Z libpango-1.0-0 is already the newest version (1.50.6+ds-2ubuntu1).
2026-10-02T04:49:03.1857850Z libpango-1.0-0 set to manually installed.
2026-10-02T04:49:03.1858686Z libwayland-client0 is already the newest version (1.20.0-1ubuntu0.1).
2026-10-02T04:49:03.1859466Z libwayland-client0 set to manually installed.
2026-10-02T04:49:03.1859929Z libx11-6 is already the newest version (2:1.7.5-1ubuntu0.3).
2026-10-02T04:49:03.1860330Z libx11-6 set to manually installed.
2026-10-02T04:49:03.1860765Z xvfb is already the newest version (2:21.1.4-2ubuntu1.7~22.04.16).
2026-10-02T04:49:03.1861228Z The following additional packages will be installed:
2026-10-02T04:49:03.1861592Z   xfonts-encodings xfonts-utils
2026-10-02T04:49:03.1861869Z Recommended packages:
2026-10-02T04:49:03.1862147Z   fonts-ipafont-mincho fonts-tlwg-loma
2026-10-02T04:49:03.2195293Z The following NEW packages will be installed:
2026-10-02T04:49:03.2196246Z   fonts-freefont-ttf fonts-ipafont-gothic fonts-tlwg-loma-otf fonts-unifont
2026-10-02T04:49:03.2202459Z   fonts-wqy-zenhei xfonts-cyrillic xfonts-encodings xfonts-scalable
2026-10-02T04:49:03.2203430Z   xfonts-utils
2026-10-02T04:49:03.2387281Z 0 upgraded, 9 newly installed, 0 to remove and 20 not upgraded.
2026-10-02T04:49:03.2388434Z Need to get 18.4 MB of archives.
2026-10-02T04:49:03.2389203Z After this operation, 56.8 MB of additional disk space will be used.
2026-10-02T04:49:03.2389981Z Get:1 file:/etc/apt/apt-mirrors.txt Mirrorlist [144 B]
2026-10-02T04:49:03.2866422Z Get:2 http://azure.archive.ubuntu.com/ubuntu jammy/universe amd64 fonts-ipafont-gothic all 00303-21ubuntu1 [3513 kB]
2026-10-02T04:49:03.3476863Z Get:3 http://azure.archive.ubuntu.com/ubuntu jammy/main amd64 fonts-freefont-ttf all 20120503-10build1 [2388 kB]
2026-10-02T04:49:03.4001450Z Get:4 http://azure.archive.ubuntu.com/ubuntu jammy/universe amd64 fonts-tlwg-loma-otf all 1:0.7.3-1 [107 kB]
2026-10-02T04:49:03.4310968Z Get:5 http://azure.archive.ubuntu.com/ubuntu jammy/universe amd64 fonts-unifont all 1:14.0.01-1 [3551 kB]
2026-10-02T04:49:03.4926086Z Get:6 http://azure.archive.ubuntu.com/ubuntu jammy/universe amd64 fonts-wqy-zenhei all 0.9.45-8 [7472 kB]
2026-10-02T04:49:03.5858916Z Get:7 http://azure.archive.ubuntu.com/ubuntu jammy/main amd64 xfonts-encodings all 1:1.0.5-0ubuntu2 [578 kB]
2026-10-02T04:49:03.6182915Z Get:8 http://azure.archive.ubuntu.com/ubuntu jammy/main amd64 xfonts-utils amd64 1:7.7+6build2 [94.6 kB]
2026-10-02T04:49:03.6465966Z Get:9 http://azure.archive.ubuntu.com/ubuntu jammy/universe amd64 xfonts-cyrillic all 1:1.0.5 [386 kB]
2026-10-02T04:49:03.6784961Z Get:10 http://azure.archive.ubuntu.com/ubuntu jammy/main amd64 xfonts-scalable all 1:1.0.3-1.2ubuntu1 [306 kB]
2026-10-02T04:49:04.0018427Z Fetched 18.4 MB in 0s (40.4 MB/s)
2026-10-02T04:49:04.1093369Z Selecting previously unselected package fonts-ipafont-gothic.
2026-10-02T04:49:04.1910195Z (Reading database ... 
2026-10-02T04:49:04.1910543Z (Reading database ... 5%
2026-10-02T04:49:04.1910859Z (Reading database ... 10%
2026-10-02T04:49:04.1911424Z (Reading database ... 15%
2026-10-02T04:49:04.1912015Z (Reading database ... 20%
2026-10-02T04:49:04.1912598Z (Reading database ... 25%
2026-10-02T04:49:04.1913338Z (Reading database ... 30%
2026-10-02T04:49:04.1913928Z (Reading database ... 35%
2026-10-02T04:49:04.1914932Z (Reading database ... 40%
2026-10-02T04:49:04.1915251Z (Reading database ... 45%
2026-10-02T04:49:04.1915552Z (Reading database ... 50%
2026-10-02T04:49:04.4917022Z (Reading database ... 55%
2026-10-02T04:49:04.9049682Z (Reading database ... 60%
2026-10-02T04:49:05.1426087Z (Reading database ... 65%
2026-10-02T04:49:05.4801745Z (Reading database ... 70%
2026-10-02T04:49:05.9003380Z (Reading database ... 75%
2026-10-02T04:49:06.5448562Z (Reading database ... 80%
2026-10-02T04:49:07.3167912Z (Reading database ... 85%
2026-10-02T04:49:07.9571565Z (Reading database ... 90%
2026-10-02T04:49:09.3908558Z (Reading database ... 95%
2026-10-02T04:49:09.3908995Z (Reading database ... 100%
2026-10-02T04:49:09.3909561Z (Reading database ... 260411 files and directories currently installed.)
2026-10-02T04:49:09.3965801Z Preparing to unpack .../0-fonts-ipafont-gothic_00303-21ubuntu1_all.deb ...
2026-10-02T04:49:09.4075464Z Unpacking fonts-ipafont-gothic (00303-21ubuntu1) ...
2026-10-02T04:49:09.6834050Z Selecting previously unselected package fonts-freefont-ttf.
2026-10-02T04:49:09.7040202Z Preparing to unpack .../1-fonts-freefont-ttf_20120503-10build1_all.deb ...
2026-10-02T04:49:09.7049374Z Unpacking fonts-freefont-ttf (20120503-10build1) ...
2026-10-02T04:49:09.8932821Z Selecting previously unselected package fonts-tlwg-loma-otf.
2026-10-02T04:49:09.9134848Z Preparing to unpack .../2-fonts-tlwg-loma-otf_1%3a0.7.3-1_all.deb ...
2026-10-02T04:49:09.9143949Z Unpacking fonts-tlwg-loma-otf (1:0.7.3-1) ...
2026-10-02T04:49:09.9452317Z Selecting previously unselected package fonts-unifont.
2026-10-02T04:49:09.9656609Z Preparing to unpack .../3-fonts-unifont_1%3a14.0.01-1_all.deb ...
2026-10-02T04:49:09.9664098Z Unpacking fonts-unifont (1:14.0.01-1) ...
2026-10-02T04:49:10.0556786Z Selecting previously unselected package fonts-wqy-zenhei.
2026-10-02T04:49:10.0762347Z Preparing to unpack .../4-fonts-wqy-zenhei_0.9.45-8_all.deb ...
2026-10-02T04:49:10.0928729Z Unpacking fonts-wqy-zenhei (0.9.45-8) ...
2026-10-02T04:49:10.5933246Z Selecting previously unselected package xfonts-encodings.
2026-10-02T04:49:10.6135767Z Preparing to unpack .../5-xfonts-encodings_1%3a1.0.5-0ubuntu2_all.deb ...
2026-10-02T04:49:10.6142940Z Unpacking xfonts-encodings (1:1.0.5-0ubuntu2) ...
2026-10-02T04:49:10.6467360Z Selecting previously unselected package xfonts-utils.
2026-10-02T04:49:10.6677148Z Preparing to unpack .../6-xfonts-utils_1%3a7.7+6build2_amd64.deb ...
2026-10-02T04:49:10.6682953Z Unpacking xfonts-utils (1:7.7+6build2) ...
2026-10-02T04:49:10.7542937Z Selecting previously unselected package xfonts-cyrillic.
2026-10-02T04:49:10.7747515Z Preparing to unpack .../7-xfonts-cyrillic_1%3a1.0.5_all.deb ...
2026-10-02T04:49:10.7755326Z Unpacking xfonts-cyrillic (1:1.0.5) ...
2026-10-02T04:49:10.8274031Z Selecting previously unselected package xfonts-scalable.
2026-10-02T04:49:10.8478831Z Preparing to unpack .../8-xfonts-scalable_1%3a1.0.3-1.2ubuntu1_all.deb ...
2026-10-02T04:49:10.8485515Z Unpacking xfonts-scalable (1:1.0.3-1.2ubuntu1) ...
2026-10-02T04:49:10.9024279Z Setting up fonts-wqy-zenhei (0.9.45-8) ...
2026-10-02T04:49:10.9151312Z Setting up fonts-freefont-ttf (20120503-10build1) ...
2026-10-02T04:49:10.9169744Z Setting up fonts-tlwg-loma-otf (1:0.7.3-1) ...
2026-10-02T04:49:10.9186295Z Setting up xfonts-encodings (1:1.0.5-0ubuntu2) ...
2026-10-02T04:49:10.9202732Z Setting up fonts-ipafont-gothic (00303-21ubuntu1) ...
2026-10-02T04:49:10.9290798Z update-alternatives: using /usr/share/fonts/opentype/ipafont-gothic/ipag.ttf to provide /usr/share/fonts/truetype/fonts-japanese-gothic.ttf (fonts-japanese-gothic.ttf) in auto mode
2026-10-02T04:49:10.9309324Z Setting up fonts-unifont (1:14.0.01-1) ...
2026-10-02T04:49:10.9326563Z Setting up xfonts-utils (1:7.7+6build2) ...
2026-10-02T04:49:10.9368676Z Setting up xfonts-cyrillic (1:1.0.5) ...
2026-10-02T04:49:10.9857821Z Setting up xfonts-scalable (1:1.0.3-1.2ubuntu1) ...
2026-10-02T04:49:11.0256738Z Processing triggers for man-db (2.10.2-1) ...
2026-10-02T04:49:11.0278163Z Not building database; man-db/auto-update is not 'true'.
2026-10-02T04:49:11.0288939Z Processing triggers for fontconfig (2.13.1-4.2ubuntu5) ...
2026-10-02T04:49:12.3153387Z 
2026-10-02T04:49:12.3154272Z Running kernel seems to be up-to-date.
2026-10-02T04:49:12.3154781Z 
2026-10-02T04:49:12.3155106Z No services need to be restarted.
2026-10-02T04:49:12.3155493Z 
2026-10-02T04:49:12.3155800Z No containers need to be restarted.
2026-10-02T04:49:12.3156605Z 
2026-10-02T04:49:12.3156882Z No user sessions are running outdated binaries.
2026-10-02T04:49:12.3157177Z 
2026-10-02T04:49:12.3157565Z No VM guests are running outdated hypervisor (qemu) binaries on this host.
2026-10-02T04:49:14.0835927Z Downloading Chromium 140.0.7339.16 (playwright build v1187) from https://cdn.playwright.dev/dbazure/download/playwright/builds/chromium/1187/chromium-linux.zip
2026-10-02T04:49:14.4178178Z |                                                                                |   0% of 173.7 MiB
2026-10-02T04:49:14.6775445Z |■■■■■■■■                                                                        |  10% of 173.7 MiB
2026-10-02T04:49:14.8185349Z |■■■■■■■■■■■■■■■■                                                                |  20% of 173.7 MiB
2026-10-02T04:49:15.0171703Z |■■■■■■■■■■■■■■■■■■■■■■■■                                                        |  30% of 173.7 MiB
2026-10-02T04:49:15.1830008Z |■■■■■■■■■■■■■■■■■■■■■■■■■■■■■■■■                                                |  40% of 173.7 MiB
2026-10-02T04:49:15.3548481Z |■■■■■■■■■■■■■■■■■■■■■■■■■■■■■■■■■■■■■■■■                                        |  50% of 173.7 MiB
2026-10-02T04:49:15.5292341Z |■■■■■■■■■■■■■■■■■■■■■■■■■■■■■■■■■■■■■■■■■■■■■■■■                                |  60% of 173.7 MiB
2026-10-02T04:49:15.7538143Z |■■■■■■■■■■■■■■■■■■■■■■■■■■■■■■■■■■■■■■■■■■■■■■■■■■■■■■■■                        |  70% of 173.7 MiB
2026-10-02T04:49:16.0101625Z |■■■■■■■■■■■■■■■■■■■■■■■■■■■■■■■■■■■■■■■■■■■■■■■■■■■■■■■■■■■■■■■■                |  80% of 173.7 MiB
2026-10-02T04:49:16.2375645Z |■■■■■■■■■■■■■■■■■■■■■■■■■■■■■■■■■■■■■■■■■■■■■■■■■■■■■■■■■■■■■■■■■■■■■■■■        |  90% of 173.7 MiB
2026-10-02T04:49:16.3955273Z |■■■■■■■■■■■■■■■■■■■■■■■■■■■■■■■■■■■■■■■■■■■■■■■■■■■■■■■■■■■■■■■■■■■■■■■■■■■■■■■■| 100% of 173.7 MiB
2026-10-02T04:49:19.7365766Z Chromium 140.0.7339.16 (playwright build v1187) downloaded to /home/runner/.cache/ms-playwright/chromium-1187
2026-10-02T04:49:19.7367608Z Downloading FFMPEG playwright build v1011 from https://cdn.playwright.dev/dbazure/download/playwright/builds/ffmpeg/1011/ffmpeg-linux.zip
2026-10-02T04:49:19.9144565Z |                                                                                |   0% of 2.3 MiB
2026-10-02T04:49:19.9389190Z |■■■■■■■■                                                                        |  10% of 2.3 MiB
2026-10-02T04:49:19.9499096Z |■■■■■■■■■■■■■■■■                                                                |  20% of 2.3 MiB
2026-10-02T04:49:19.9572474Z |■■■■■■■■■■■■■■■■■■■■■■■■                                                        |  30% of 2.3 MiB
2026-10-02T04:49:19.9620320Z |■■■■■■■■■■■■■■■■■■■■■■■■■■■■■■■■                                                |  40% of 2.3 MiB
2026-10-02T04:49:19.9660483Z |■■■■■■■■■■■■■■■■■■■■■■■■■■■■■■■■■■■■■■■■                                        |  50% of 2.3 MiB
2026-10-02T04:49:19.9725004Z |■■■■■■■■■■■■■■■■■■■■■■■■■■■■■■■■■■■■■■■■■■■■■■■■                                |  60% of 2.3 MiB
2026-10-02T04:49:19.9851483Z |■■■■■■■■■■■■■■■■■■■■■■■■■■■■■■■■■■■■■■■■■■■■■■■■■■■■■■■■                        |  70% of 2.3 MiB
2026-10-02T04:49:19.9927277Z |■■■■■■■■■■■■■■■■■■■■■■■■■■■■■■■■■■■■■■■■■■■■■■■■■■■■■■■■■■■■■■■■                |  80% of 2.3 MiB
2026-10-02T04:49:20.0012837Z |■■■■■■■■■■■■■■■■■■■■■■■■■■■■■■■■■■■■■■■■■■■■■■■■■■■■■■■■■■■■■■■■■■■■■■■■        |  90% of 2.3 MiB
2026-10-02T04:49:20.0086545Z |■■■■■■■■■■■■■■■■■■■■■■■■■■■■■■■■■■■■■■■■■■■■■■■■■■■■■■■■■■■■■■■■■■■■■■■■■■■■■■■■| 100% of 2.3 MiB
2026-10-02T04:49:20.0643781Z FFMPEG playwright build v1011 downloaded to /home/runner/.cache/ms-playwright/ffmpeg-1011
2026-10-02T04:49:20.0646679Z Downloading Chromium Headless Shell 140.0.7339.16 (playwright build v1187) from https://cdn.playwright.dev/dbazure/download/playwright/builds/chromium/1187/chromium-headless-shell-linux.zip
2026-10-02T04:49:20.2290216Z |                                                                                |   0% of 104.3 MiB
2026-10-02T04:49:20.3637086Z |■■■■■■■■                                                                        |  10% of 104.3 MiB
2026-10-02T04:49:20.4417292Z |■■■■■■■■■■■■■■■■                                                                |  20% of 104.3 MiB
2026-10-02T04:49:20.5141596Z |■■■■■■■■■■■■■■■■■■■■■■■■                                                        |  30% of 104.3 MiB
2026-10-02T04:49:20.6032782Z |■■■■■■■■■■■■■■■■■■■■■■■■■■■■■■■■                                                |  40% of 104.3 MiB
2026-10-02T04:49:20.7026227Z |■■■■■■■■■■■■■■■■■■■■■■■■■■■■■■■■■■■■■■■■                                        |  50% of 104.3 MiB
2026-10-02T04:49:20.7626428Z |■■■■■■■■■■■■■■■■■■■■■■■■■■■■■■■■■■■■■■■■■■■■■■■■                                |  60% of 104.3 MiB
2026-10-02T04:49:20.8925895Z |■■■■■■■■■■■■■■■■■■■■■■■■■■■■■■■■■■■■■■■■■■■■■■■■■■■■■■■■                        |  70% of 104.3 MiB
2026-10-02T04:49:20.9387224Z |■■■■■■■■■■■■■■■■■■■■■■■■■■■■■■■■■■■■■■■■■■■■■■■■■■■■■■■■■■■■■■■■                |  80% of 104.3 MiB
2026-10-02T04:49:21.0010885Z |■■■■■■■■■■■■■■■■■■■■■■■■■■■■■■■■■■■■■■■■■■■■■■■■■■■■■■■■■■■■■■■■■■■■■■■■        |  90% of 104.3 MiB
2026-10-02T04:49:21.1150997Z |■■■■■■■■■■■■■■■■■■■■■■■■■■■■■■■■■■■■■■■■■■■■■■■■■■■■■■■■■■■■■■■■■■■■■■■■■■■■■■■■| 100% of 104.3 MiB
2026-10-02T04:49:22.8937906Z Chromium Headless Shell 140.0.7339.16 (playwright build v1187) downloaded to /home/runner/.cache/ms-playwright/chromium_headless_shell-1187
2026-10-02T04:49:23.2859445Z ##[group]Run node scripts/verify_frontend_workbench.mjs --output output/web-browser
2026-10-02T04:49:23.2860102Z [36;1mnode scripts/verify_frontend_workbench.mjs --output output/web-browser[0m
2026-10-02T04:49:23.2932185Z shell: /usr/bin/bash -e {0}
2026-10-02T04:49:23.2932463Z ##[endgroup]
2026-10-02T04:49:39.7313206Z {"passed":true,"checks":["primary entry visible; example fills and focuses the visible composer","mobile no page overflow","check result visible in first viewport; persisted finding retained (top=509px)","active diagnosis fits narrow laptop and mobile","default workbench view renders the real parent-child tree","fullscreen tree canvas fills viewport (height=620px)","failed refresh retains report; retry clears warning","engineering scores 21/21, localization 6/21 and refutations 8 retain all 21 scenarios at four widths; no legacy score display or fetch despite mixed-version fixtures"],"output":"/home/runner/work/mini-drop/mini-drop/output/web-browser"}
2026-10-02T04:49:39.7944558Z ##[group]Run actions/upload-artifact@v4
2026-10-02T04:49:39.7944874Z with:
2026-10-02T04:49:39.7945157Z   name: web-browser-4106ef148573cc39036eb099b4ac1f7757f9f645-1
2026-10-02T04:49:39.7945734Z   path: output/web-browser/
2026-10-02T04:49:39.7945982Z   if-no-files-found: error
2026-10-02T04:49:39.7946208Z   retention-days: 14
2026-10-02T04:49:39.7946416Z   compression-level: 6
2026-10-02T04:49:39.7946626Z   overwrite: false
2026-10-02T04:49:39.7946845Z   include-hidden-files: false
2026-10-02T04:49:39.7947083Z ##[endgroup]
2026-10-02T04:49:39.9784870Z (node:3143) [DEP0040] DeprecationWarning: The `punycode` module is deprecated. Please use a userland alternative instead.
2026-10-02T04:49:39.9785774Z (Use `node --trace-deprecation ...` to show where the warning was created)
2026-10-02T04:49:39.9882142Z With the provided path, there will be 13 files uploaded
2026-10-02T04:49:39.9889049Z Artifact name is valid!
2026-10-02T04:49:39.9889785Z Root directory input is valid!
2026-10-02T04:49:40.2298430Z Beginning upload of artifact content to blob storage
2026-10-02T04:49:40.3152738Z (node:3143) [DEP0169] DeprecationWarning: `url.parse()` behavior is not standardized and prone to errors that have security implications. Use the WHATWG URL API instead. CVEs are not issued for `url.parse()` vulnerabilities.
2026-10-02T04:49:40.6162504Z Uploaded bytes 1490876
2026-10-02T04:49:40.6552863Z Finished uploading artifact content to blob storage!
2026-10-02T04:49:40.6554513Z SHA256 digest of uploaded artifact zip is ebce5d3fb7b8c5e46835c35118659d98192265a87360ff0b8920e8ab8949d809
2026-10-02T04:49:40.6555757Z Finalizing artifact upload
2026-10-02T04:49:40.8712735Z Artifact web-browser-4106ef148573cc39036eb099b4ac1f7757f9f645-1.zip successfully finalized. Artifact ID 11209289481
2026-10-02T04:49:40.8715139Z Artifact web-browser-4106ef148573cc39036eb099b4ac1f7757f9f645-1 has been successfully uploaded! Final size is 1490876 bytes. Artifact ID is 11209289481
2026-10-02T04:49:40.8721453Z Artifact download URL: https://github.com/llongwang751-arch/mini-drop/actions/runs/36966142203/artifacts/11209289481
2026-10-02T04:49:40.8904987Z Post job cleanup.
2026-10-02T04:49:41.0188909Z (node:3155) [DEP0040] DeprecationWarning: The `punycode` module is deprecated. Please use a userland alternative instead.
2026-10-02T04:49:41.0189917Z (Use `node --trace-deprecation ...` to show where the warning was created)
2026-10-02T04:49:41.0193372Z Cache hit occurred on the primary key node-cache-Linux-x64-npm-a79428a48f53c819bdf3224c6f533bf526ae1b21f28f4ee918b0bcba5121d960, not saving cache.
2026-10-02T04:49:41.0344821Z Post job cleanup.
2026-10-02T04:49:41.1300790Z [command]/usr/bin/git version
2026-10-02T04:49:41.1362390Z git version 2.55.0
2026-10-02T04:49:41.1419122Z Temporarily overriding HOME='/home/runner/work/_temp/4677d893-d957-4fec-954b-1a6c269781d3' before making global git config changes
2026-10-02T04:49:41.1420923Z Adding repository directory to the temporary git global config as a safe directory
2026-10-02T04:49:41.1429171Z [command]/usr/bin/git config --global --add safe.directory /home/runner/work/mini-drop/mini-drop
2026-10-02T04:49:41.1489402Z [command]/usr/bin/git config --local --name-only --get-regexp core\.sshCommand
2026-10-02T04:49:41.1550052Z [command]/usr/bin/git submodule foreach --recursive sh -c "git config --local --name-only --get-regexp 'core\.sshCommand' && git config --local --unset-all 'core.sshCommand' || :"
2026-10-02T04:49:41.1918848Z [command]/usr/bin/git config --local --name-only --get-regexp http\.https\:\/\/github\.com\/\.extraheader
2026-10-02T04:49:41.1953995Z http.https://github.com/.extraheader
2026-10-02T04:49:41.1966095Z [command]/usr/bin/git config --local --unset-all http.https://github.com/.extraheader
2026-10-02T04:49:41.2006149Z [command]/usr/bin/git submodule foreach --recursive sh -c "git config --local --name-only --get-regexp 'http\.https\:\/\/github\.com\/\.extraheader' && git config --local --unset-all 'http.https://github.com/.extraheader' || :"
2026-10-02T04:49:41.2306744Z [command]/usr/bin/git config --local --name-only --get-regexp ^includeIf\.gitdir:
2026-10-02T04:49:41.2346159Z [command]/usr/bin/git submodule foreach --recursive git config --local --show-origin --name-only --get-regexp remote.origin.url
2026-10-02T04:49:41.2802866Z Cleaning up orphan processes
2026-10-02T04:49:41.3168911Z ##[warning]Node.js 20 is deprecated. The following actions target Node.js 20 but are being forced to run on Node.js 24: actions/checkout@v4, actions/setup-node@v4, actions/upload-artifact@v4. For more information see: https://github.blog/changelog/2025-09-19-deprecation-of-node-20-on-github-actions-runners/
