2026-10-02T04:48:19.5042009Z Current runner version: '2.337.0'
2026-10-02T04:48:19.5070223Z ##[group]Runner Image Provisioner
2026-10-02T04:48:19.5071106Z Hosted Compute Agent
2026-10-02T04:48:19.5071877Z Version: 20260901.588
2026-10-02T04:48:19.5072556Z Commit: f88ec8081b781fac6c440065ac7ff9e710ce3d0b
2026-10-02T04:48:19.5073368Z Build Date: 2026-09-01T19:56:44Z
2026-10-02T04:48:19.5074129Z Worker ID: {ed5ed340-005c-4c30-a48c-25196aacda6f}
2026-10-02T04:48:19.5074894Z Azure Region: northcentralus
2026-10-02T04:48:19.5075677Z ##[endgroup]
2026-10-02T04:48:19.5077605Z ##[group]Operating System
2026-10-02T04:48:19.5078362Z Ubuntu
2026-10-02T04:48:19.5078976Z 22.04.5
2026-10-02T04:48:19.5079541Z LTS
2026-10-02T04:48:19.5080170Z ##[endgroup]
2026-10-02T04:48:19.5080769Z ##[group]Runner Image
2026-10-02T04:48:19.5081405Z Image: ubuntu-22.04
2026-10-02T04:48:19.5082142Z Version: 20260927.309.1
2026-10-02T04:48:19.5083499Z Included Software: https://github.com/actions/runner-images/blob/ubuntu22/20260927.309/images/ubuntu/Ubuntu2204-Readme.md
2026-10-02T04:48:19.5085177Z Image Release: https://github.com/actions/runner-images/releases/tag/ubuntu22%2F20260927.309
2026-10-02T04:48:19.5086384Z ##[endgroup]
2026-10-02T04:48:19.5087762Z ##[group]GITHUB_TOKEN Permissions
2026-10-02T04:48:19.5090085Z Contents: read
2026-10-02T04:48:19.5090842Z Metadata: read
2026-10-02T04:48:19.5091529Z Packages: read
2026-10-02T04:48:19.5092193Z ##[endgroup]
2026-10-02T04:48:19.5094433Z Secret source: Actions
2026-10-02T04:48:19.5095497Z Cache mode: write
2026-10-02T04:48:19.5096967Z Prepare workflow directory
2026-10-02T04:48:19.5533182Z Prepare all required actions
2026-10-02T04:48:19.5603617Z Getting action download info
2026-10-02T04:48:19.7972899Z Download action repository 'actions/checkout@v4' (SHA:11d5960a326750d5838078e36cf38b85af677262)
2026-10-02T04:48:20.0426764Z Complete job name: Repository quality
2026-10-02T04:48:20.1204914Z ##[group]Run actions/checkout@v4
2026-10-02T04:48:20.1205739Z with:
2026-10-02T04:48:20.1206351Z   fetch-depth: 0
2026-10-02T04:48:20.1206867Z   repository: llongwang751-arch/mini-drop
2026-10-02T04:48:20.1210651Z   token: ***
2026-10-02T04:48:20.1211092Z   ssh-strict: true
2026-10-02T04:48:20.1211540Z   ssh-user: git
2026-10-02T04:48:20.1211984Z   persist-credentials: true
2026-10-02T04:48:20.1212467Z   clean: true
2026-10-02T04:48:20.1212906Z   sparse-checkout-cone-mode: true
2026-10-02T04:48:20.1213425Z   fetch-tags: false
2026-10-02T04:48:20.1213862Z   show-progress: true
2026-10-02T04:48:20.1214312Z   lfs: false
2026-10-02T04:48:20.1214723Z   submodules: false
2026-10-02T04:48:20.1215164Z   set-safe-directory: true
2026-10-02T04:48:20.1215660Z   allow-unsafe-pr-checkout: false
2026-10-02T04:48:20.1216675Z ##[endgroup]
2026-10-02T04:48:20.2280281Z Syncing repository: llongwang751-arch/mini-drop
2026-10-02T04:48:20.2282966Z ##[group]Getting Git version info
2026-10-02T04:48:20.2284382Z Working directory is '/home/runner/work/mini-drop/mini-drop'
2026-10-02T04:48:20.2286329Z [command]/usr/bin/git version
2026-10-02T04:48:20.2334605Z git version 2.55.0
2026-10-02T04:48:20.2365344Z ##[endgroup]
2026-10-02T04:48:20.2374181Z Temporarily overriding HOME='/home/runner/work/_temp/ac9bccda-b5f9-413c-8ed8-bd6f7df6a880' before making global git config changes
2026-10-02T04:48:20.2377296Z Adding repository directory to the temporary git global config as a safe directory
2026-10-02T04:48:20.2380705Z [command]/usr/bin/git config --global --add safe.directory /home/runner/work/mini-drop/mini-drop
2026-10-02T04:48:20.2428032Z Deleting the contents of '/home/runner/work/mini-drop/mini-drop'
2026-10-02T04:48:20.2437422Z ##[group]Initializing the repository
2026-10-02T04:48:20.2438382Z [command]/usr/bin/git init /home/runner/work/mini-drop/mini-drop
2026-10-02T04:48:20.2538616Z hint: Using 'master' as the name for the initial branch. This default branch name
2026-10-02T04:48:20.2540402Z hint: will change to "main" in Git 3.0. To configure the initial branch name
2026-10-02T04:48:20.2542282Z hint: to use in all of your new repositories, which will suppress this warning,
2026-10-02T04:48:20.2546261Z hint: call:
2026-10-02T04:48:20.2547498Z hint:
2026-10-02T04:48:20.2548805Z hint: 	git config --global init.defaultBranch <name>
2026-10-02T04:48:20.2549848Z hint:
2026-10-02T04:48:20.2550761Z hint: Names commonly chosen instead of 'master' are 'main', 'trunk' and
2026-10-02T04:48:20.2552238Z hint: 'development'. The just-created branch can be renamed via this command:
2026-10-02T04:48:20.2553406Z hint:
2026-10-02T04:48:20.2554040Z hint: 	git branch -m <name>
2026-10-02T04:48:20.2554784Z hint:
2026-10-02T04:48:20.2555759Z hint: Disable this message with "git config set advice.defaultBranchName false"
2026-10-02T04:48:20.2557534Z Initialized empty Git repository in /home/runner/work/mini-drop/mini-drop/.git/
2026-10-02T04:48:20.2560237Z [command]/usr/bin/git remote add origin https://github.com/llongwang751-arch/mini-drop
2026-10-02T04:48:20.2605440Z ##[endgroup]
2026-10-02T04:48:20.2606860Z ##[group]Disabling automatic garbage collection
2026-10-02T04:48:20.2609296Z [command]/usr/bin/git config --local gc.auto 0
2026-10-02T04:48:20.2647154Z ##[endgroup]
2026-10-02T04:48:20.2648346Z ##[group]Setting up auth
2026-10-02T04:48:20.2654961Z [command]/usr/bin/git config --local --name-only --get-regexp core\.sshCommand
2026-10-02T04:48:20.2694459Z [command]/usr/bin/git submodule foreach --recursive sh -c "git config --local --name-only --get-regexp 'core\.sshCommand' && git config --local --unset-all 'core.sshCommand' || :"
2026-10-02T04:48:20.3086309Z [command]/usr/bin/git config --local --name-only --get-regexp http\.https\:\/\/github\.com\/\.extraheader
2026-10-02T04:48:20.3129535Z [command]/usr/bin/git submodule foreach --recursive sh -c "git config --local --name-only --get-regexp 'http\.https\:\/\/github\.com\/\.extraheader' && git config --local --unset-all 'http.https://github.com/.extraheader' || :"
2026-10-02T04:48:20.3431492Z [command]/usr/bin/git config --local --name-only --get-regexp ^includeIf\.gitdir:
2026-10-02T04:48:20.3475243Z [command]/usr/bin/git submodule foreach --recursive git config --local --show-origin --name-only --get-regexp remote.origin.url
2026-10-02T04:48:20.3754079Z [command]/usr/bin/git config --local http.https://github.com/.extraheader AUTHORIZATION: basic ***
2026-10-02T04:48:20.3802017Z ##[endgroup]
2026-10-02T04:48:20.3802960Z ##[group]Fetching the repository
2026-10-02T04:48:20.3812989Z [command]/usr/bin/git -c protocol.version=2 fetch --prune --no-recurse-submodules origin +refs/heads/*:refs/remotes/origin/* +refs/tags/*:refs/tags/* +4106ef148573cc39036eb099b4ac1f7757f9f645:refs/remotes/pull/1/merge
2026-10-02T04:48:25.4047440Z From https://github.com/llongwang751-arch/mini-drop
2026-10-02T04:48:25.4049162Z  * [new branch]      legacy-screening-20260621                -> origin/legacy-screening-20260621
2026-10-02T04:48:25.4050816Z  * [new branch]      master                                   -> origin/master
2026-10-02T04:48:25.4052052Z  * [new branch]      release/unified-ai-diagnosis-20260821    -> origin/release/unified-ai-diagnosis-20260821
2026-10-02T04:48:25.4054030Z  * [new ref]         4106ef148573cc39036eb099b4ac1f7757f9f645 -> pull/1/merge
2026-10-02T04:48:25.4056841Z ##[endgroup]
2026-10-02T04:48:25.4057684Z ##[group]Determining the checkout info
2026-10-02T04:48:25.4058661Z ##[endgroup]
2026-10-02T04:48:25.4077507Z [command]/usr/bin/git sparse-checkout disable
2026-10-02T04:48:25.4155202Z [command]/usr/bin/git config --local --unset-all extensions.worktreeConfig
2026-10-02T04:48:25.4197675Z ##[group]Checking out the ref
2026-10-02T04:48:25.4201634Z [command]/usr/bin/git checkout --progress --force refs/remotes/pull/1/merge
2026-10-02T04:48:26.4806851Z Updating files:  59% (2302/3871)
2026-10-02T04:48:26.4867417Z Updating files:  60% (2323/3871)
2026-10-02T04:48:26.4937247Z Updating files:  61% (2362/3871)
2026-10-02T04:48:26.4968370Z Updating files:  62% (2401/3871)
2026-10-02T04:48:26.5004975Z Updating files:  63% (2439/3871)
2026-10-02T04:48:26.5056882Z Updating files:  64% (2478/3871)
2026-10-02T04:48:26.5117597Z Updating files:  65% (2517/3871)
2026-10-02T04:48:26.5414513Z Updating files:  66% (2555/3871)
2026-10-02T04:48:26.5722566Z Updating files:  67% (2594/3871)
2026-10-02T04:48:26.5863658Z Updating files:  68% (2633/3871)
2026-10-02T04:48:26.5914978Z Updating files:  69% (2671/3871)
2026-10-02T04:48:26.5985031Z Updating files:  70% (2710/3871)
2026-10-02T04:48:26.6082968Z Updating files:  71% (2749/3871)
2026-10-02T04:48:26.6183376Z Updating files:  72% (2788/3871)
2026-10-02T04:48:26.6279913Z Updating files:  73% (2826/3871)
2026-10-02T04:48:26.6313014Z Updating files:  74% (2865/3871)
2026-10-02T04:48:26.6343415Z Updating files:  75% (2904/3871)
2026-10-02T04:48:26.6367468Z Updating files:  76% (2942/3871)
2026-10-02T04:48:26.6411846Z Updating files:  77% (2981/3871)
2026-10-02T04:48:26.6447556Z Updating files:  78% (3020/3871)
2026-10-02T04:48:26.6481352Z Updating files:  79% (3059/3871)
2026-10-02T04:48:26.6557242Z Updating files:  80% (3097/3871)
2026-10-02T04:48:26.6591599Z Updating files:  81% (3136/3871)
2026-10-02T04:48:26.6621064Z Updating files:  82% (3175/3871)
2026-10-02T04:48:26.6725230Z Updating files:  83% (3213/3871)
2026-10-02T04:48:26.6792604Z Updating files:  84% (3252/3871)
2026-10-02T04:48:26.6843411Z Updating files:  85% (3291/3871)
2026-10-02T04:48:26.6888776Z Updating files:  86% (3330/3871)
2026-10-02T04:48:26.6914812Z Updating files:  87% (3368/3871)
2026-10-02T04:48:26.6950438Z Updating files:  88% (3407/3871)
2026-10-02T04:48:26.6978797Z Updating files:  89% (3446/3871)
2026-10-02T04:48:26.7037934Z Updating files:  90% (3484/3871)
2026-10-02T04:48:26.7068734Z Updating files:  91% (3523/3871)
2026-10-02T04:48:26.7095297Z Updating files:  92% (3562/3871)
2026-10-02T04:48:26.7121599Z Updating files:  93% (3601/3871)
2026-10-02T04:48:26.7149709Z Updating files:  94% (3639/3871)
2026-10-02T04:48:26.7227236Z Updating files:  95% (3678/3871)
2026-10-02T04:48:26.7330270Z Updating files:  96% (3717/3871)
2026-10-02T04:48:26.7356686Z Updating files:  97% (3755/3871)
2026-10-02T04:48:26.7387662Z Updating files:  98% (3794/3871)
2026-10-02T04:48:26.7409924Z Updating files:  99% (3833/3871)
2026-10-02T04:48:26.7410437Z Updating files: 100% (3871/3871)
2026-10-02T04:48:26.7410910Z Updating files: 100% (3871/3871), done.
2026-10-02T04:48:26.7470262Z Note: switching to 'refs/remotes/pull/1/merge'.
2026-10-02T04:48:26.7470678Z 
2026-10-02T04:48:26.7471014Z You are in 'detached HEAD' state. You can look around, make experimental
2026-10-02T04:48:26.7471728Z changes and commit them, and you can discard any commits you make in this
2026-10-02T04:48:26.7472269Z state without impacting any branches by switching back to a branch.
2026-10-02T04:48:26.7472564Z 
2026-10-02T04:48:26.7472775Z If you want to create a new branch to retain commits you create, you may
2026-10-02T04:48:26.7473242Z do so (now or later) by using -c with the switch command. Example:
2026-10-02T04:48:26.7473554Z 
2026-10-02T04:48:26.7473681Z   git switch -c <new-branch-name>
2026-10-02T04:48:26.7473859Z 
2026-10-02T04:48:26.7473971Z Or undo this operation with:
2026-10-02T04:48:26.7474184Z 
2026-10-02T04:48:26.7474274Z   git switch -
2026-10-02T04:48:26.7474410Z 
2026-10-02T04:48:26.7474625Z Turn off this advice by setting config variable advice.detachedHead to false
2026-10-02T04:48:26.7474937Z 
2026-10-02T04:48:26.7475316Z HEAD is now at 4106ef1 Merge de094fff754f2d8cb7139dd99e31c7a30d5fb754 into 609ea8a73f845b496b59b5cae181f515c5919850
2026-10-02T04:48:26.7594633Z ##[endgroup]
2026-10-02T04:48:26.7644945Z [command]/usr/bin/git log -1 --format=%H
2026-10-02T04:48:26.7679820Z 4106ef148573cc39036eb099b4ac1f7757f9f645
2026-10-02T04:48:26.7948657Z ##[group]Run git diff --check "609ea8a73f845b496b59b5cae181f515c5919850...4106ef148573cc39036eb099b4ac1f7757f9f645" -- . ':(glob,exclude)reports/**/*.xml'
2026-10-02T04:48:26.7949812Z [36;1mgit diff --check "609ea8a73f845b496b59b5cae181f515c5919850...4106ef148573cc39036eb099b4ac1f7757f9f645" -- . ':(glob,exclude)reports/**/*.xml'[0m
2026-10-02T04:48:26.8427591Z shell: /usr/bin/bash -e {0}
2026-10-02T04:48:26.8428016Z ##[endgroup]
2026-10-02T04:48:27.8236791Z ##[group]Run # Runner-only example values; never fetch a deployment's private env.
2026-10-02T04:48:27.8237482Z [36;1m# Runner-only example values; never fetch a deployment's private env.[0m
2026-10-02T04:48:27.8237921Z [36;1mtest -f .env || cp .env.example .env[0m
2026-10-02T04:48:27.8238229Z [36;1mdocker compose config --quiet[0m
2026-10-02T04:48:27.8406930Z shell: /usr/bin/bash -e {0}
2026-10-02T04:48:27.8407227Z ##[endgroup]
2026-10-02T04:48:31.4868606Z Post job cleanup.
2026-10-02T04:48:31.5765371Z [command]/usr/bin/git version
2026-10-02T04:48:31.5815246Z git version 2.55.0
2026-10-02T04:48:31.5857441Z Temporarily overriding HOME='/home/runner/work/_temp/60b398b0-d7a3-4789-8d79-58dc911a00aa' before making global git config changes
2026-10-02T04:48:31.5858384Z Adding repository directory to the temporary git global config as a safe directory
2026-10-02T04:48:31.5863691Z [command]/usr/bin/git config --global --add safe.directory /home/runner/work/mini-drop/mini-drop
2026-10-02T04:48:31.5909573Z [command]/usr/bin/git config --local --name-only --get-regexp core\.sshCommand
2026-10-02T04:48:31.5950277Z [command]/usr/bin/git submodule foreach --recursive sh -c "git config --local --name-only --get-regexp 'core\.sshCommand' && git config --local --unset-all 'core.sshCommand' || :"
2026-10-02T04:48:31.6260664Z [command]/usr/bin/git config --local --name-only --get-regexp http\.https\:\/\/github\.com\/\.extraheader
2026-10-02T04:48:31.6290888Z http.https://github.com/.extraheader
2026-10-02T04:48:31.6302982Z [command]/usr/bin/git config --local --unset-all http.https://github.com/.extraheader
2026-10-02T04:48:31.6358098Z [command]/usr/bin/git submodule foreach --recursive sh -c "git config --local --name-only --get-regexp 'http\.https\:\/\/github\.com\/\.extraheader' && git config --local --unset-all 'http.https://github.com/.extraheader' || :"
2026-10-02T04:48:31.6666331Z [command]/usr/bin/git config --local --name-only --get-regexp ^includeIf\.gitdir:
2026-10-02T04:48:31.6714245Z [command]/usr/bin/git submodule foreach --recursive git config --local --show-origin --name-only --get-regexp remote.origin.url
2026-10-02T04:48:31.7233710Z Cleaning up orphan processes
2026-10-02T04:48:31.7545629Z ##[warning]Node.js 20 is deprecated. The following actions target Node.js 20 but are being forced to run on Node.js 24: actions/checkout@v4. For more information see: https://github.blog/changelog/2025-09-19-deprecation-of-node-20-on-github-actions-runners/
