2026-10-02T04:48:20.2630689Z Current runner version: '2.337.0'
2026-10-02T04:48:20.2656061Z ##[group]Runner Image Provisioner
2026-10-02T04:48:20.2657114Z Hosted Compute Agent
2026-10-02T04:48:20.2657726Z Version: 20260901.588
2026-10-02T04:48:20.2658463Z Commit: f88ec8081b781fac6c440065ac7ff9e710ce3d0b
2026-10-02T04:48:20.2659251Z Build Date: 2026-09-01T19:56:44Z
2026-10-02T04:48:20.2659978Z Worker ID: {7b41a627-8ebb-436b-ab1d-6a56a0aa4c1a}
2026-10-02T04:48:20.2660850Z Azure Region: westus
2026-10-02T04:48:20.2661450Z ##[endgroup]
2026-10-02T04:48:20.2663012Z ##[group]Operating System
2026-10-02T04:48:20.2663714Z Ubuntu
2026-10-02T04:48:20.2664282Z 22.04.5
2026-10-02T04:48:20.2665272Z LTS
2026-10-02T04:48:20.2665917Z ##[endgroup]
2026-10-02T04:48:20.2666498Z ##[group]Runner Image
2026-10-02T04:48:20.2667241Z Image: ubuntu-22.04
2026-10-02T04:48:20.2667851Z Version: 20260927.309.1
2026-10-02T04:48:20.2669210Z Included Software: https://github.com/actions/runner-images/blob/ubuntu22/20260927.309/images/ubuntu/Ubuntu2204-Readme.md
2026-10-02T04:48:20.2670831Z Image Release: https://github.com/actions/runner-images/releases/tag/ubuntu22%2F20260927.309
2026-10-02T04:48:20.2671906Z ##[endgroup]
2026-10-02T04:48:20.2673158Z ##[group]GITHUB_TOKEN Permissions
2026-10-02T04:48:20.2675605Z Contents: read
2026-10-02T04:48:20.2676241Z Metadata: read
2026-10-02T04:48:20.2676926Z Packages: read
2026-10-02T04:48:20.2677527Z ##[endgroup]
2026-10-02T04:48:20.2679839Z Secret source: Actions
2026-10-02T04:48:20.2681046Z Cache mode: write
2026-10-02T04:48:20.2681764Z Prepare workflow directory
2026-10-02T04:48:20.3158873Z Prepare all required actions
2026-10-02T04:48:20.3208203Z Getting action download info
2026-10-02T04:48:20.6797485Z Download action repository 'actions/checkout@v4' (SHA:11d5960a326750d5838078e36cf38b85af677262)
2026-10-02T04:48:20.8025779Z Download action repository 'actions/setup-node@v4' (SHA:49933ea5288caeca8642d1e84afbd3f7d6820020)
2026-10-02T04:48:21.0492933Z Complete job name: Web (React)
2026-10-02T04:48:21.1304178Z ##[group]Run actions/checkout@v4
2026-10-02T04:48:21.1305351Z with:
2026-10-02T04:48:21.1305822Z   repository: llongwang751-arch/mini-drop
2026-10-02T04:48:21.1309489Z   token: ***
2026-10-02T04:48:21.1309923Z   ssh-strict: true
2026-10-02T04:48:21.1310357Z   ssh-user: git
2026-10-02T04:48:21.1310802Z   persist-credentials: true
2026-10-02T04:48:21.1311284Z   clean: true
2026-10-02T04:48:21.1311718Z   sparse-checkout-cone-mode: true
2026-10-02T04:48:21.1312236Z   fetch-depth: 1
2026-10-02T04:48:21.1312654Z   fetch-tags: false
2026-10-02T04:48:21.1313090Z   show-progress: true
2026-10-02T04:48:21.1313532Z   lfs: false
2026-10-02T04:48:21.1313934Z   submodules: false
2026-10-02T04:48:21.1314375Z   set-safe-directory: true
2026-10-02T04:48:21.1315020Z   allow-unsafe-pr-checkout: false
2026-10-02T04:48:21.1315824Z ##[endgroup]
2026-10-02T04:48:21.2405770Z Syncing repository: llongwang751-arch/mini-drop
2026-10-02T04:48:21.2407892Z ##[group]Getting Git version info
2026-10-02T04:48:21.2408860Z Working directory is '/home/runner/work/mini-drop/mini-drop'
2026-10-02T04:48:21.2414727Z [command]/usr/bin/git version
2026-10-02T04:48:21.2567313Z git version 2.55.0
2026-10-02T04:48:21.2596368Z ##[endgroup]
2026-10-02T04:48:21.2605352Z Temporarily overriding HOME='/home/runner/work/_temp/0413e8a0-827e-4c51-80f0-55e6231e0e30' before making global git config changes
2026-10-02T04:48:21.2607639Z Adding repository directory to the temporary git global config as a safe directory
2026-10-02T04:48:21.2609867Z [command]/usr/bin/git config --global --add safe.directory /home/runner/work/mini-drop/mini-drop
2026-10-02T04:48:21.2655757Z Deleting the contents of '/home/runner/work/mini-drop/mini-drop'
2026-10-02T04:48:21.2661805Z ##[group]Initializing the repository
2026-10-02T04:48:21.2680634Z [command]/usr/bin/git init /home/runner/work/mini-drop/mini-drop
2026-10-02T04:48:21.2818597Z hint: Using 'master' as the name for the initial branch. This default branch name
2026-10-02T04:48:21.2820207Z hint: will change to "main" in Git 3.0. To configure the initial branch name
2026-10-02T04:48:21.2822261Z hint: to use in all of your new repositories, which will suppress this warning,
2026-10-02T04:48:21.2823975Z hint: call:
2026-10-02T04:48:21.2825394Z hint:
2026-10-02T04:48:21.2826363Z hint: 	git config --global init.defaultBranch <name>
2026-10-02T04:48:21.2827399Z hint:
2026-10-02T04:48:21.2828367Z hint: Names commonly chosen instead of 'master' are 'main', 'trunk' and
2026-10-02T04:48:21.2829915Z hint: 'development'. The just-created branch can be renamed via this command:
2026-10-02T04:48:21.2831092Z hint:
2026-10-02T04:48:21.2831831Z hint: 	git branch -m <name>
2026-10-02T04:48:21.2832485Z hint:
2026-10-02T04:48:21.2833572Z hint: Disable this message with "git config set advice.defaultBranchName false"
2026-10-02T04:48:21.2835487Z Initialized empty Git repository in /home/runner/work/mini-drop/mini-drop/.git/
2026-10-02T04:48:21.2838038Z [command]/usr/bin/git remote add origin https://github.com/llongwang751-arch/mini-drop
2026-10-02T04:48:21.2882577Z ##[endgroup]
2026-10-02T04:48:21.2883654Z ##[group]Disabling automatic garbage collection
2026-10-02T04:48:21.2887438Z [command]/usr/bin/git config --local gc.auto 0
2026-10-02T04:48:21.2926745Z ##[endgroup]
2026-10-02T04:48:21.2928433Z ##[group]Setting up auth
2026-10-02T04:48:21.2936088Z [command]/usr/bin/git config --local --name-only --get-regexp core\.sshCommand
2026-10-02T04:48:21.2984322Z [command]/usr/bin/git submodule foreach --recursive sh -c "git config --local --name-only --get-regexp 'core\.sshCommand' && git config --local --unset-all 'core.sshCommand' || :"
2026-10-02T04:48:21.3518017Z [command]/usr/bin/git config --local --name-only --get-regexp http\.https\:\/\/github\.com\/\.extraheader
2026-10-02T04:48:21.3566260Z [command]/usr/bin/git submodule foreach --recursive sh -c "git config --local --name-only --get-regexp 'http\.https\:\/\/github\.com\/\.extraheader' && git config --local --unset-all 'http.https://github.com/.extraheader' || :"
2026-10-02T04:48:21.3863586Z [command]/usr/bin/git config --local --name-only --get-regexp ^includeIf\.gitdir:
2026-10-02T04:48:21.3909684Z [command]/usr/bin/git submodule foreach --recursive git config --local --show-origin --name-only --get-regexp remote.origin.url
2026-10-02T04:48:21.4175347Z [command]/usr/bin/git config --local http.https://github.com/.extraheader AUTHORIZATION: basic ***
2026-10-02T04:48:21.4222892Z ##[endgroup]
2026-10-02T04:48:21.4223713Z ##[group]Fetching the repository
2026-10-02T04:48:21.4233424Z [command]/usr/bin/git -c protocol.version=2 fetch --no-tags --prune --no-recurse-submodules --depth=1 origin +4106ef148573cc39036eb099b4ac1f7757f9f645:refs/remotes/pull/1/merge
2026-10-02T04:48:29.0980192Z From https://github.com/llongwang751-arch/mini-drop
2026-10-02T04:48:29.0982130Z  * [new ref]         4106ef148573cc39036eb099b4ac1f7757f9f645 -> pull/1/merge
2026-10-02T04:48:29.0986052Z ##[endgroup]
2026-10-02T04:48:29.0987631Z ##[group]Determining the checkout info
2026-10-02T04:48:29.0990659Z ##[endgroup]
2026-10-02T04:48:29.0993811Z [command]/usr/bin/git sparse-checkout disable
2026-10-02T04:48:29.1062586Z [command]/usr/bin/git config --local --unset-all extensions.worktreeConfig
2026-10-02T04:48:29.1101979Z ##[group]Checking out the ref
2026-10-02T04:48:29.1104513Z [command]/usr/bin/git checkout --progress --force refs/remotes/pull/1/merge
2026-10-02T04:48:30.1460930Z Updating files:  67% (2597/3871)
2026-10-02T04:48:30.1594098Z Updating files:  68% (2633/3871)
2026-10-02T04:48:30.1648245Z Updating files:  69% (2671/3871)
2026-10-02T04:48:30.1707679Z Updating files:  70% (2710/3871)
2026-10-02T04:48:30.1776718Z Updating files:  71% (2749/3871)
2026-10-02T04:48:30.1843991Z Updating files:  72% (2788/3871)
2026-10-02T04:48:30.1911045Z Updating files:  73% (2826/3871)
2026-10-02T04:48:30.1944901Z Updating files:  74% (2865/3871)
2026-10-02T04:48:30.1976333Z Updating files:  75% (2904/3871)
2026-10-02T04:48:30.2000758Z Updating files:  76% (2942/3871)
2026-10-02T04:48:30.2046334Z Updating files:  77% (2981/3871)
2026-10-02T04:48:30.2083360Z Updating files:  78% (3020/3871)
2026-10-02T04:48:30.2119287Z Updating files:  79% (3059/3871)
2026-10-02T04:48:30.2183142Z Updating files:  80% (3097/3871)
2026-10-02T04:48:30.2219441Z Updating files:  81% (3136/3871)
2026-10-02T04:48:30.2250915Z Updating files:  82% (3175/3871)
2026-10-02T04:48:30.2342707Z Updating files:  83% (3213/3871)
2026-10-02T04:48:30.2407791Z Updating files:  84% (3252/3871)
2026-10-02T04:48:30.2458457Z Updating files:  85% (3291/3871)
2026-10-02T04:48:30.2501663Z Updating files:  86% (3330/3871)
2026-10-02T04:48:30.2527332Z Updating files:  87% (3368/3871)
2026-10-02T04:48:30.2559219Z Updating files:  88% (3407/3871)
2026-10-02T04:48:30.2585133Z Updating files:  89% (3446/3871)
2026-10-02T04:48:30.2633452Z Updating files:  90% (3484/3871)
2026-10-02T04:48:30.2659967Z Updating files:  91% (3523/3871)
2026-10-02T04:48:30.2684899Z Updating files:  92% (3562/3871)
2026-10-02T04:48:30.2709877Z Updating files:  93% (3601/3871)
2026-10-02T04:48:30.2734534Z Updating files:  94% (3639/3871)
2026-10-02T04:48:30.2802185Z Updating files:  95% (3678/3871)
2026-10-02T04:48:30.2898067Z Updating files:  96% (3717/3871)
2026-10-02T04:48:30.2922725Z Updating files:  97% (3755/3871)
2026-10-02T04:48:30.2950013Z Updating files:  98% (3794/3871)
2026-10-02T04:48:30.2975859Z Updating files:  99% (3833/3871)
2026-10-02T04:48:30.2976466Z Updating files: 100% (3871/3871)
2026-10-02T04:48:30.3036686Z Updating files: 100% (3871/3871), done.
2026-10-02T04:48:30.3037414Z Note: switching to 'refs/remotes/pull/1/merge'.
2026-10-02T04:48:30.3038186Z 
2026-10-02T04:48:30.3038625Z You are in 'detached HEAD' state. You can look around, make experimental
2026-10-02T04:48:30.3039659Z changes and commit them, and you can discard any commits you make in this
2026-10-02T04:48:30.3040623Z state without impacting any branches by switching back to a branch.
2026-10-02T04:48:30.3041191Z 
2026-10-02T04:48:30.3041567Z If you want to create a new branch to retain commits you create, you may
2026-10-02T04:48:30.3042804Z do so (now or later) by using -c with the switch command. Example:
2026-10-02T04:48:30.3043353Z 
2026-10-02T04:48:30.3043586Z   git switch -c <new-branch-name>
2026-10-02T04:48:30.3043941Z 
2026-10-02T04:48:30.3044149Z Or undo this operation with:
2026-10-02T04:48:30.3044467Z 
2026-10-02T04:48:30.3044662Z   git switch -
2026-10-02T04:48:30.3045185Z 
2026-10-02T04:48:30.3045621Z Turn off this advice by setting config variable advice.detachedHead to false
2026-10-02T04:48:30.3046212Z 
2026-10-02T04:48:30.3046946Z HEAD is now at 4106ef1 Merge de094fff754f2d8cb7139dd99e31c7a30d5fb754 into 609ea8a73f845b496b59b5cae181f515c5919850
2026-10-02T04:48:30.3150212Z ##[endgroup]
2026-10-02T04:48:30.3199406Z [command]/usr/bin/git log -1 --format=%H
2026-10-02T04:48:30.3231425Z 4106ef148573cc39036eb099b4ac1f7757f9f645
2026-10-02T04:48:30.3585453Z ##[group]Run actions/setup-node@v4
2026-10-02T04:48:30.3585832Z with:
2026-10-02T04:48:30.3586071Z   node-version: 22
2026-10-02T04:48:30.3586311Z   cache: npm
2026-10-02T04:48:30.3586589Z   cache-dependency-path: web/package-lock.json
2026-10-02T04:48:30.3586945Z   always-auth: false
2026-10-02T04:48:30.3587195Z   check-latest: false
2026-10-02T04:48:30.3589765Z   token: ***
2026-10-02T04:48:30.3590006Z ##[endgroup]
2026-10-02T04:48:30.5199192Z (node:2018) [DEP0040] DeprecationWarning: The `punycode` module is deprecated. Please use a userland alternative instead.
2026-10-02T04:48:30.5200034Z (Use `node --trace-deprecation ...` to show where the warning was created)
2026-10-02T04:48:30.5207049Z Found in cache @ /opt/hostedtoolcache/node/22.23.3/x64
2026-10-02T04:48:30.5208150Z ##[group]Environment details
2026-10-02T04:48:30.9376120Z node: v22.23.3
2026-10-02T04:48:30.9376652Z npm: 10.9.9
2026-10-02T04:48:30.9377027Z yarn: 1.22.22
2026-10-02T04:48:30.9378460Z ##[endgroup]
2026-10-02T04:48:30.9400670Z [command]/opt/hostedtoolcache/node/22.23.3/x64/bin/npm config get cache
2026-10-02T04:48:31.0561939Z /home/runner/.npm
2026-10-02T04:48:31.3270835Z Cache hit for: node-cache-Linux-x64-npm-a79428a48f53c819bdf3224c6f533bf526ae1b21f28f4ee918b0bcba5121d960
2026-10-02T04:48:31.3372144Z (node:2018) [DEP0169] DeprecationWarning: `url.parse()` behavior is not standardized and prone to errors that have security implications. Use the WHATWG URL API instead. CVEs are not issued for `url.parse()` vulnerabilities.
2026-10-02T04:48:32.6002309Z Received 8388608 of 52012766 (16.1%), 8.0 MBs/sec
2026-10-02T04:48:33.0279468Z Received 52012766 of 52012766 (100.0%), 34.7 MBs/sec
2026-10-02T04:48:33.0280778Z Cache Size: ~50 MB (52012766 B)
2026-10-02T04:48:33.0405741Z [command]/usr/bin/tar -xf /home/runner/work/_temp/a84e1292-8117-4ddb-97a3-a9f04d4ae0e7/cache.tzst -P -C /home/runner/work/mini-drop/mini-drop --use-compress-program unzstd
2026-10-02T04:48:33.2074078Z Cache restored successfully
2026-10-02T04:48:33.2203102Z Cache restored from key: node-cache-Linux-x64-npm-a79428a48f53c819bdf3224c6f533bf526ae1b21f28f4ee918b0bcba5121d960
2026-10-02T04:48:33.2384770Z ##[group]Run npm ci
2026-10-02T04:48:33.2385518Z [36;1mnpm ci[0m
2026-10-02T04:48:33.2914594Z shell: /usr/bin/bash -e {0}
2026-10-02T04:48:33.2915259Z ##[endgroup]
2026-10-02T04:48:40.0357241Z 
2026-10-02T04:48:40.0366495Z added 346 packages, and audited 347 packages in 7s
2026-10-02T04:48:40.0367007Z 
2026-10-02T04:48:40.0368483Z 118 packages are looking for funding
2026-10-02T04:48:40.0369386Z   run `npm fund` for details
2026-10-02T04:48:40.0540753Z 
2026-10-02T04:48:40.0541395Z 2 vulnerabilities (1 low, 1 high)
2026-10-02T04:48:40.0542065Z 
2026-10-02T04:48:40.0542491Z To address all issues, run:
2026-10-02T04:48:40.0543268Z   npm audit fix
2026-10-02T04:48:40.0543550Z 
2026-10-02T04:48:40.0543829Z Run `npm audit` for details.
2026-10-02T04:48:40.1261958Z ##[group]Run npx vitest run
2026-10-02T04:48:40.1262506Z [36;1mnpx vitest run[0m
2026-10-02T04:48:40.1361492Z shell: /usr/bin/bash -e {0}
2026-10-02T04:48:40.1361938Z ##[endgroup]
2026-10-02T04:48:40.7939058Z 
2026-10-02T04:48:40.7957774Z [1m[30m[46m RUN [49m[39m[22m [36mv4.1.11 [39m[90m/home/runner/work/mini-drop/mini-drop/web[39m
2026-10-02T04:48:40.7958983Z 
2026-10-02T04:48:48.2226930Z Not implemented: Window's getComputedStyle() method: with pseudo-elements
2026-10-02T04:48:49.3042627Z Not implemented: Window's getComputedStyle() method: with pseudo-elements
2026-10-02T04:48:49.7430604Z Not implemented: Window's getComputedStyle() method: with pseudo-elements
2026-10-02T04:48:49.7977936Z [90mstderr[2m | src/components/ActualExplorationTree.test.jsx[2m > [22m[2mActualExplorationTree[2m > [22m[2mshows Skill retrieval, full-body loading and cross-round reuse inside the dynamic tree
2026-10-02T04:48:49.7983122Z [22m[39mWarning: [antd: Descriptions] Sum of column `span` in a line not match `column` of Descriptions.
2026-10-02T04:48:49.7985269Z Warning: [antd: Descriptions] Sum of column `span` in a line not match `column` of Descriptions.
2026-10-02T04:48:49.7986331Z 
2026-10-02T04:48:50.2287433Z  [32m✓[39m src/components/ActualExplorationTree.test.jsx [2m([22m[2m13 tests[22m[2m)[22m[33m 4511[2mms[22m[39m
2026-10-02T04:48:50.2316791Z      [33m[2m✓[22m[39m uses stable tool IDs and distinguishes failed probes from counter-evidence [33m 1160[2mms[22m[39m
2026-10-02T04:48:50.2356789Z      [33m[2m✓[22m[39m shows the route actually explored, including pruning and direction changes [33m 360[2mms[22m[39m
2026-10-02T04:48:50.2387721Z      [33m[2m✓[22m[39m defaults to the parent-child tree, while keeping the round path as an auxiliary view [33m 334[2mms[22m[39m
2026-10-02T04:48:50.2426627Z      [33m[2m✓[22m[39m renders server-provided LATS phase, best path and node scores without flattening the tree [33m 542[2mms[22m[39m
2026-10-02T04:48:50.2428535Z      [33m[2m✓[22m[39m merges legacy paraphrase nodes but preserves descendants and score history [33m 361[2mms[22m[39m
2026-10-02T04:48:50.2456321Z      [33m[2m✓[22m[39m shows Skill retrieval, full-body loading and cross-round reuse inside the dynamic tree [33m 464[2mms[22m[39m
2026-10-02T04:48:52.5732443Z Not implemented: Window's getComputedStyle() method: with pseudo-elements
2026-10-02T04:48:52.8647306Z  [32m✓[39m src/components/FaultPlazaPanel.test.jsx [2m([22m[2m14 tests[22m[2m)[22m[33m 6679[2mms[22m[39m
2026-10-02T04:48:52.8677385Z      [33m[2m✓[22m[39m prefers current engineering localization over a frozen strict failure [33m 1001[2mms[22m[39m
2026-10-02T04:48:52.8679626Z      [33m[2m✓[22m[39m opens the engineering diagnosis rather than a legacy result without injecting a fault [33m 562[2mms[22m[39m
2026-10-02T04:48:52.8706619Z      [33m[2m✓[22m[39m keeps all 21 current engineering scenario grades independent of old failures [33m 2327[2mms[22m[39m
2026-10-02T04:48:52.8736601Z      [33m[2m✓[22m[39m starts an allowlisted real fault and forwards its diagnosis request [33m 313[2mms[22m[39m
2026-10-02T04:48:52.8766322Z      [33m[2m✓[22m[39m stops an injected fault when diagnosis creation fails [33m 365[2mms[22m[39m
2026-10-02T04:48:52.8796409Z      [33m[2m✓[22m[39m shows one recommended scenario per runtime with counts and non-Python runtimes first [33m 328[2mms[22m[39m
2026-10-02T04:48:52.8798207Z      [33m[2m✓[22m[39m filters by runtime while keeping an active scenario visible for safe stopping [33m 309[2mms[22m[39m
2026-10-02T04:48:55.8416845Z Not implemented: Window's getComputedStyle() method: with pseudo-elements
2026-10-02T04:48:56.2136820Z Not implemented: Window's getComputedStyle() method: with pseudo-elements
2026-10-02T04:48:56.4662899Z [90mstderr[2m | src/pages/AIDiagnosis.test.jsx[2m > [22m[2mAIDiagnosis V2 workspace[2m > [22m[2mdoes not submit while confirming a Chinese IME composition
2026-10-02T04:48:56.4665461Z [22m[39mWarning: An update to AIDiagnosis inside a test was not wrapped in act(...).
2026-10-02T04:48:56.4666412Z 
2026-10-02T04:48:56.4667186Z When testing, code that causes React state updates should be wrapped into act(...):
2026-10-02T04:48:56.4667929Z 
2026-10-02T04:48:56.4668230Z act(() => {
2026-10-02T04:48:56.4668956Z   /* fire events that update state */
2026-10-02T04:48:56.4669650Z });
2026-10-02T04:48:56.4670180Z /* assert on the output */
2026-10-02T04:48:56.4670613Z 
2026-10-02T04:48:56.4671839Z This ensures that you're testing the behavior the user would see in the browser. Learn more at https://reactjs.org/link/wrap-tests-with-act
2026-10-02T04:48:56.4673619Z     at AIDiagnosis (/home/runner/work/mini-drop/mini-drop/web/src/pages/AIDiagnosis.jsx:196:68)
2026-10-02T04:48:56.4677259Z Warning: An update to AIDiagnosis inside a test was not wrapped in act(...).
2026-10-02T04:48:56.4677905Z 
2026-10-02T04:48:56.4678785Z When testing, code that causes React state updates should be wrapped into act(...):
2026-10-02T04:48:56.4679526Z 
2026-10-02T04:48:56.4679838Z act(() => {
2026-10-02T04:48:56.4680408Z   /* fire events that update state */
2026-10-02T04:48:56.4681110Z });
2026-10-02T04:48:56.4681677Z /* assert on the output */
2026-10-02T04:48:56.4682144Z 
2026-10-02T04:48:56.4683390Z This ensures that you're testing the behavior the user would see in the browser. Learn more at https://reactjs.org/link/wrap-tests-with-act
2026-10-02T04:48:56.4685377Z     at AIDiagnosis (/home/runner/work/mini-drop/mini-drop/web/src/pages/AIDiagnosis.jsx:196:68)
2026-10-02T04:48:56.4686862Z Warning: An update to AIDiagnosis inside a test was not wrapped in act(...).
2026-10-02T04:48:56.4687600Z 
2026-10-02T04:48:56.4688384Z When testing, code that causes React state updates should be wrapped into act(...):
2026-10-02T04:48:56.4689147Z 
2026-10-02T04:48:56.4689450Z act(() => {
2026-10-02T04:48:56.4689960Z   /* fire events that update state */
2026-10-02T04:48:56.4690655Z });
2026-10-02T04:48:56.4691227Z /* assert on the output */
2026-10-02T04:48:56.4691689Z 
2026-10-02T04:48:56.4692876Z This ensures that you're testing the behavior the user would see in the browser. Learn more at https://reactjs.org/link/wrap-tests-with-act
2026-10-02T04:48:56.4746770Z     at AIDiagnosis (/home/runner/work/mini-drop/mini-drop/web/src/pages/AIDiagnosis.jsx:196:68)
2026-10-02T04:48:56.4748698Z Warning: An update to AIDiagnosis inside a test was not wrapped in act(...).
2026-10-02T04:48:56.4795641Z 
2026-10-02T04:48:56.4826389Z When testing, code that causes React state updates should be wrapped into act(...):
2026-10-02T04:48:56.4835638Z 
2026-10-02T04:48:56.4870445Z act(() => {
2026-10-02T04:48:56.4885692Z   /* fire events that update state */
2026-10-02T04:48:56.4915508Z });
2026-10-02T04:48:56.4915947Z /* assert on the output */
2026-10-02T04:48:56.4945369Z 
2026-10-02T04:48:56.4976676Z This ensures that you're testing the behavior the user would see in the browser. Learn more at https://reactjs.org/link/wrap-tests-with-act
2026-10-02T04:48:56.4996125Z     at AIDiagnosis (/home/runner/work/mini-drop/mini-drop/web/src/pages/AIDiagnosis.jsx:196:68)
2026-10-02T04:48:56.5026192Z Warning: An update to ForwardRef inside a test was not wrapped in act(...).
2026-10-02T04:48:56.5027129Z 
2026-10-02T04:48:56.5028066Z When testing, code that causes React state updates should be wrapped into act(...):
2026-10-02T04:48:56.5028748Z 
2026-10-02T04:48:56.5028921Z act(() => {
2026-10-02T04:48:56.5029389Z   /* fire events that update state */
2026-10-02T04:48:56.5029859Z });
2026-10-02T04:48:56.5030234Z /* assert on the output */
2026-10-02T04:48:56.5030531Z 
2026-10-02T04:48:56.5031587Z This ensures that you're testing the behavior the user would see in the browser. Learn more at https://reactjs.org/link/wrap-tests-with-act
2026-10-02T04:48:56.5033111Z     at /home/runner/work/mini-drop/mini-drop/web/node_modules/antd/lib/message/useMessage.js:52:5
2026-10-02T04:48:56.5033953Z     at div
2026-10-02T04:48:56.5035496Z     at AIDiagnosis (/home/runner/work/mini-drop/mini-drop/web/src/pages/AIDiagnosis.jsx:196:68)
2026-10-02T04:48:56.5036223Z 
2026-10-02T04:48:56.5146218Z Not implemented: Window's getComputedStyle() method: with pseudo-elements
2026-10-02T04:48:56.7337134Z Not implemented: Window's getComputedStyle() method: with pseudo-elements
2026-10-02T04:48:56.8080404Z Not implemented: Window's getComputedStyle() method: with pseudo-elements
2026-10-02T04:48:56.9193662Z Not implemented: Window's getComputedStyle() method: with pseudo-elements
2026-10-02T04:48:57.2775432Z Not implemented: Window's getComputedStyle() method: with pseudo-elements
2026-10-02T04:48:57.2851859Z Not implemented: Window's getComputedStyle() method: with pseudo-elements
2026-10-02T04:48:57.3201054Z [90mstderr[2m | src/components/AgentCockpit.test.jsx[2m > [22m[2mAgentCockpit[2m > [22m[2mopens 查看规划假设 in an inspectable modal
2026-10-02T04:48:57.3206599Z [22m[39mWarning: [antd: Table] `index` parameter of `rowKey` function is deprecated. There is no guarantee that it will work as expected.
2026-10-02T04:48:57.3208552Z Warning: [antd: Table] `index` parameter of `rowKey` function is deprecated. There is no guarantee that it will work as expected.
2026-10-02T04:48:57.3209487Z 
2026-10-02T04:48:57.4770834Z Not implemented: Window's getComputedStyle() method: with pseudo-elements
2026-10-02T04:48:57.4811340Z Not implemented: Window's getComputedStyle() method: with pseudo-elements
2026-10-02T04:48:57.5070385Z [90mstderr[2m | src/components/AgentCockpit.test.jsx[2m > [22m[2mAgentCockpit[2m > [22m[2mopens 查看工具调用 in an inspectable modal
2026-10-02T04:48:57.5077630Z [22m[39mWarning: [antd: Table] `index` parameter of `rowKey` function is deprecated. There is no guarantee that it will work as expected.
2026-10-02T04:48:57.5080041Z Warning: [antd: Table] `index` parameter of `rowKey` function is deprecated. There is no guarantee that it will work as expected.
2026-10-02T04:48:57.5081499Z 
2026-10-02T04:48:57.6664655Z Not implemented: Window's getComputedStyle() method: with pseudo-elements
2026-10-02T04:48:57.6711697Z Not implemented: Window's getComputedStyle() method: with pseudo-elements
2026-10-02T04:48:57.6959683Z [90mstderr[2m | src/components/AgentCockpit.test.jsx[2m > [22m[2mAgentCockpit[2m > [22m[2mopens 查看证据 in an inspectable modal
2026-10-02T04:48:57.6987039Z [22m[39mWarning: [antd: Table] `index` parameter of `rowKey` function is deprecated. There is no guarantee that it will work as expected.
2026-10-02T04:48:57.6996703Z Warning: [antd: Table] `index` parameter of `rowKey` function is deprecated. There is no guarantee that it will work as expected.
2026-10-02T04:48:57.6997987Z 
2026-10-02T04:48:57.8859733Z Not implemented: Window's getComputedStyle() method: with pseudo-elements
2026-10-02T04:48:58.2938285Z Not implemented: Window's getComputedStyle() method: with pseudo-elements
2026-10-02T04:48:58.2996332Z Not implemented: Window's getComputedStyle() method: with pseudo-elements
2026-10-02T04:48:58.3464233Z [90mstderr[2m | src/components/AgentCockpit.test.jsx[2m > [22m[2mAgentCockpit[2m > [22m[2mrenders evidence roles and gate states as Chinese labels
2026-10-02T04:48:58.3503910Z [22m[39mWarning: [antd: Table] `index` parameter of `rowKey` function is deprecated. There is no guarantee that it will work as expected.
2026-10-02T04:48:58.3536366Z Warning: [antd: Table] `index` parameter of `rowKey` function is deprecated. There is no guarantee that it will work as expected.
2026-10-02T04:48:58.3565466Z 
2026-10-02T04:48:58.3838321Z  [32m✓[39m src/components/ObservabilityOverview.test.jsx [2m([22m[2m16 tests[22m[2m)[22m[33m 964[2mms[22m[39m
2026-10-02T04:48:58.3865454Z      [33m[2m✓[22m[39m keeps the default view concise and exposes provenance on demand [33m 541[2mms[22m[39m
2026-10-02T04:48:58.7798496Z Not implemented: Window's getComputedStyle() method: with pseudo-elements
2026-10-02T04:48:58.9972947Z Not implemented: Window's getComputedStyle() method: with pseudo-elements
2026-10-02T04:48:58.9996795Z Not implemented: Window's getComputedStyle() method: with pseudo-elements
2026-10-02T04:48:59.1760823Z Not implemented: Window's getComputedStyle() method: with pseudo-elements
2026-10-02T04:48:59.2216839Z  [32m✓[39m src/components/AgentCockpit.test.jsx [2m([22m[2m13 tests[22m[2m)[22m[33m 4021[2mms[22m[39m
2026-10-02T04:48:59.2217914Z      [33m[2m✓[22m[39m shows eight real metric buttons, including LATS, and the persisted runtime identity [33m 723[2mms[22m[39m
2026-10-02T04:48:59.2219012Z      [33m[2m✓[22m[39m shows live LATS phase, selection, best path, budget and termination without claiming rollback [33m 423[2mms[22m[39m
2026-10-02T04:48:59.2219875Z      [33m[2m✓[22m[39m opens 查看规划假设 in an inspectable modal [33m 373[2mms[22m[39m
2026-10-02T04:48:59.2220649Z      [33m[2m✓[22m[39m separates session context and Skill route memory from factual Evidence [33m 405[2mms[22m[39m
2026-10-02T04:48:59.2221586Z      [33m[2m✓[22m[39m shows derived evaluation rates and keeps Skill publication human-controlled [33m 549[2mms[22m[39m
2026-10-02T04:49:00.2086599Z Not implemented: Window's getComputedStyle() method: with pseudo-elements
2026-10-02T04:49:02.3966409Z Not implemented: Window's getComputedStyle() method: with pseudo-elements
2026-10-02T04:49:04.0267152Z  [32m✓[39m src/pages/AIDiagnosis.test.jsx [2m([22m[2m20 tests[22m[2m)[22m[33m 15490[2mms[22m[39m
2026-10-02T04:49:04.0317142Z      [33m[2m✓[22m[39m finishes a measured healthy check without a root report and offers fresh sampling [33m 2396[2mms[22m[39m
2026-10-02T04:49:04.0377343Z      [33m[2m✓[22m[39m keeps a deep link available for retry after a transient list failure [33m 393[2mms[22m[39m
2026-10-02T04:49:04.0406593Z      [33m[2m✓[22m[39m retains the requested case while React replays asynchronous state updates [33m 589[2mms[22m[39m
2026-10-02T04:49:04.0408637Z      [33m[2m✓[22m[39m confirms cancellation with session version and refreshes the terminal record [33m 1170[2mms[22m[39m
2026-10-02T04:49:04.0410231Z      [33m[2m✓[22m[39m hides cancellation on completed records [33m 554[2mms[22m[39m
2026-10-02T04:49:04.0411991Z      [33m[2m✓[22m[39m does not automatically generate a skill from a bounded observation [33m 321[2mms[22m[39m
2026-10-02T04:49:04.0414199Z      [33m[2m✓[22m[39m does not use an earlier verified branch to generate a skill from a later insufficient report [33m 367[2mms[22m[39m
2026-10-02T04:49:04.0417047Z      [33m[2m✓[22m[39m still generates a candidate from a completed diagnosis with an eligible latest report [33m 334[2mms[22m[39m
2026-10-02T04:49:04.0419288Z      [33m[2m✓[22m[39m preserves a same-session report on partial and core refresh failures, but clears it when switching sessions [33m 1626[2mms[22m[39m
2026-10-02T04:49:04.0421055Z      [33m[2m✓[22m[39m renders only Drop Insight V2 diagnoses [33m 1349[2mms[22m[39m
2026-10-02T04:49:04.0422610Z      [33m[2m✓[22m[39m uses a full-width primary view and only splits when the user asks [33m 1235[2mms[22m[39m
2026-10-02T04:49:04.0424425Z      [33m[2m✓[22m[39m shows a measured normal window before the tree and keeps report limits available [33m 456[2mms[22m[39m
2026-10-02T04:49:04.0426617Z      [33m[2m✓[22m[39m lets the user review and edit a tree intervention before starting a new round [33m 1308[2mms[22m[39m
2026-10-02T04:49:04.0428345Z      [33m[2m✓[22m[39m creates a diagnosis with LATS through the retained V2 API [33m 322[2mms[22m[39m
2026-10-02T04:49:04.0430155Z      [33m[2m✓[22m[39m merges the active diagnosis replay, exploration tree and Skill decision in a modal [33m 1108[2mms[22m[39m
2026-10-02T04:49:04.0431931Z      [33m[2m✓[22m[39m continues a completed diagnosis as a real intervention round [33m 480[2mms[22m[39m
2026-10-02T04:49:04.0433621Z      [33m[2m✓[22m[39m lets the user challenge the current plan from the persistent composer [33m 584[2mms[22m[39m
2026-10-02T04:49:04.0444508Z      [33m[2m✓[22m[39m locks real collection, the ordinary planner and interventions for a frozen replay session [33m 470[2mms[22m[39m
2026-10-02T04:49:06.1087795Z [90mstderr[2m | src/components/ScopeCard.test.jsx[2m > [22m[2mScopeCard secure target discovery[2m > [22m[2mrequires an explicit closed selection when multiple candidates are eligible
2026-10-02T04:49:06.1090332Z [22m[39mWarning: An update to InternalFormItem inside a test was not wrapped in act(...).
2026-10-02T04:49:06.1125524Z 
2026-10-02T04:49:06.1156103Z When testing, code that causes React state updates should be wrapped into act(...):
2026-10-02T04:49:06.1156797Z 
2026-10-02T04:49:06.1156976Z act(() => {
2026-10-02T04:49:06.1157411Z   /* fire events that update state */
2026-10-02T04:49:06.1157872Z });
2026-10-02T04:49:06.1158266Z /* assert on the output */
2026-10-02T04:49:06.1158538Z 
2026-10-02T04:49:06.1159538Z This ensures that you're testing the behavior the user would see in the browser. Learn more at https://reactjs.org/link/wrap-tests-with-act
2026-10-02T04:49:06.1161246Z     at InternalFormItem (/home/runner/work/mini-drop/mini-drop/web/node_modules/antd/lib/form/FormItem/index.js:58:5)
2026-10-02T04:49:06.1162245Z     at div
2026-10-02T04:49:06.1162967Z     at /home/runner/work/mini-drop/mini-drop/web/node_modules/antd/lib/grid/col.js:40:13
2026-10-02T04:49:06.1163758Z     at div
2026-10-02T04:49:06.1164437Z     at /home/runner/work/mini-drop/mini-drop/web/node_modules/antd/lib/grid/row.js:57:18
2026-10-02T04:49:06.1165501Z     at form
2026-10-02T04:49:06.1166332Z     at Form (/home/runner/work/mini-drop/mini-drop/web/node_modules/rc-field-form/lib/Form.js:21:19)
2026-10-02T04:49:06.1167721Z     at NoFormStyle (/home/runner/work/mini-drop/mini-drop/web/node_modules/antd/lib/form/context.js:32:3)
2026-10-02T04:49:06.1169226Z     at FormProvider (/home/runner/work/mini-drop/mini-drop/web/node_modules/rc-field-form/lib/FormContext.js:19:31)
2026-10-02T04:49:06.1170222Z     at FormProvider
2026-10-02T04:49:06.1171439Z     at DisabledContextProvider (/home/runner/work/mini-drop/mini-drop/web/node_modules/antd/lib/config-provider/DisabledContext.js:12:3)
2026-10-02T04:49:06.1173118Z     at InternalForm (/home/runner/work/mini-drop/mini-drop/web/node_modules/antd/lib/form/Form.js:50:33)
2026-10-02T04:49:06.1173963Z     at div
2026-10-02T04:49:06.1174723Z     at Item (/home/runner/work/mini-drop/mini-drop/web/node_modules/antd/lib/space/Item.js:12:3)
2026-10-02T04:49:06.1176266Z     at div
2026-10-02T04:49:06.1177013Z     at /home/runner/work/mini-drop/mini-drop/web/node_modules/antd/lib/space/index.js:44:39
2026-10-02T04:49:06.1177798Z     at div
2026-10-02T04:49:06.1178116Z     at div
2026-10-02T04:49:06.1178809Z     at /home/runner/work/mini-drop/mini-drop/web/node_modules/antd/lib/card/Card.js:53:18
2026-10-02T04:49:06.1180043Z     at ScopeCard (/home/runner/work/mini-drop/mini-drop/web/src/components/ScopeCard.jsx:56:22)
2026-10-02T04:49:06.1181288Z Warning: An update to Field inside a test was not wrapped in act(...).
2026-10-02T04:49:06.1181819Z 
2026-10-02T04:49:06.1182488Z When testing, code that causes React state updates should be wrapped into act(...):
2026-10-02T04:49:06.1183112Z 
2026-10-02T04:49:06.1183262Z act(() => {
2026-10-02T04:49:06.1183701Z   /* fire events that update state */
2026-10-02T04:49:06.1184170Z });
2026-10-02T04:49:06.1184549Z /* assert on the output */
2026-10-02T04:49:06.1215193Z 
2026-10-02T04:49:06.1216338Z This ensures that you're testing the behavior the user would see in the browser. Learn more at https://reactjs.org/link/wrap-tests-with-act
2026-10-02T04:49:06.1217992Z     at Field (/home/runner/work/mini-drop/mini-drop/web/node_modules/rc-field-form/lib/Field.js:49:34)
2026-10-02T04:49:06.1219417Z     at WrapperField (/home/runner/work/mini-drop/mini-drop/web/node_modules/rc-field-form/lib/Field.js:598:20)
2026-10-02T04:49:06.1220997Z     at InternalFormItem (/home/runner/work/mini-drop/mini-drop/web/node_modules/antd/lib/form/FormItem/index.js:58:5)
2026-10-02T04:49:06.1221991Z     at div
2026-10-02T04:49:06.1223017Z     at /home/runner/work/mini-drop/mini-drop/web/node_modules/antd/lib/grid/col.js:40:13
2026-10-02T04:49:06.1223803Z     at div
2026-10-02T04:49:06.1224517Z     at /home/runner/work/mini-drop/mini-drop/web/node_modules/antd/lib/grid/row.js:57:18
2026-10-02T04:49:06.1225505Z     at form
2026-10-02T04:49:06.1226312Z     at Form (/home/runner/work/mini-drop/mini-drop/web/node_modules/rc-field-form/lib/Form.js:21:19)
2026-10-02T04:49:06.1227684Z     at NoFormStyle (/home/runner/work/mini-drop/mini-drop/web/node_modules/antd/lib/form/context.js:32:3)
2026-10-02T04:49:06.1229135Z     at FormProvider (/home/runner/work/mini-drop/mini-drop/web/node_modules/rc-field-form/lib/FormContext.js:19:31)
2026-10-02T04:49:06.1230074Z     at FormProvider
2026-10-02T04:49:06.1231232Z     at DisabledContextProvider (/home/runner/work/mini-drop/mini-drop/web/node_modules/antd/lib/config-provider/DisabledContext.js:12:3)
2026-10-02T04:49:06.1232927Z     at InternalForm (/home/runner/work/mini-drop/mini-drop/web/node_modules/antd/lib/form/Form.js:50:33)
2026-10-02T04:49:06.1233820Z     at div
2026-10-02T04:49:06.1234611Z     at Item (/home/runner/work/mini-drop/mini-drop/web/node_modules/antd/lib/space/Item.js:12:3)
2026-10-02T04:49:06.1235728Z     at div
2026-10-02T04:49:06.1236499Z     at /home/runner/work/mini-drop/mini-drop/web/node_modules/antd/lib/space/index.js:44:39
2026-10-02T04:49:06.1237313Z     at div
2026-10-02T04:49:06.1237719Z     at div
2026-10-02T04:49:06.1238454Z     at /home/runner/work/mini-drop/mini-drop/web/node_modules/antd/lib/card/Card.js:53:18
2026-10-02T04:49:06.1239701Z     at ScopeCard (/home/runner/work/mini-drop/mini-drop/web/src/components/ScopeCard.jsx:56:22)
2026-10-02T04:49:06.1240397Z 
2026-10-02T04:49:08.6052889Z [90mstderr[2m | src/components/ManagedServicesPanel.test.jsx[2m > [22m[2msubmits only the selected request ID and rejects an expired selection
2026-10-02T04:49:08.6055443Z [22m[39mWarning: An update to ForwardRef inside a test was not wrapped in act(...).
2026-10-02T04:49:08.6056362Z 
2026-10-02T04:49:08.6057136Z When testing, code that causes React state updates should be wrapped into act(...):
2026-10-02T04:49:08.6057907Z 
2026-10-02T04:49:08.6058277Z act(() => {
2026-10-02T04:49:08.6058880Z   /* fire events that update state */
2026-10-02T04:49:08.6059493Z });
2026-10-02T04:49:08.6060064Z /* assert on the output */
2026-10-02T04:49:08.6061098Z 
2026-10-02T04:49:08.6062318Z This ensures that you're testing the behavior the user would see in the browser. Learn more at https://reactjs.org/link/wrap-tests-with-act
2026-10-02T04:49:08.6064065Z     at /home/runner/work/mini-drop/mini-drop/web/node_modules/antd/lib/message/index.js:68:60
2026-10-02T04:49:08.6065661Z Warning: An update to ForwardRef inside a test was not wrapped in act(...).
2026-10-02T04:49:08.6066493Z 
2026-10-02T04:49:08.6067317Z When testing, code that causes React state updates should be wrapped into act(...):
2026-10-02T04:49:08.6068174Z 
2026-10-02T04:49:08.6068528Z act(() => {
2026-10-02T04:49:08.6069446Z   /* fire events that update state */
2026-10-02T04:49:08.6079647Z });
2026-10-02T04:49:08.6080261Z /* assert on the output */
2026-10-02T04:49:08.6080734Z 
2026-10-02T04:49:08.6081988Z This ensures that you're testing the behavior the user would see in the browser. Learn more at https://reactjs.org/link/wrap-tests-with-act
2026-10-02T04:49:08.6083757Z     at /home/runner/work/mini-drop/mini-drop/web/node_modules/antd/lib/message/useMessage.js:52:5
2026-10-02T04:49:08.6085469Z     at /home/runner/work/mini-drop/mini-drop/web/node_modules/antd/lib/message/index.js:41:5
2026-10-02T04:49:08.6087176Z     at MotionWrapper (/home/runner/work/mini-drop/mini-drop/web/node_modules/antd/lib/config-provider/MotionWrapper.js:17:30)
2026-10-02T04:49:08.6089037Z     at ProviderChildren (/home/runner/work/mini-drop/mini-drop/web/node_modules/antd/lib/config-provider/index.js:142:5)
2026-10-02T04:49:08.6090870Z     at ConfigProvider (/home/runner/work/mini-drop/mini-drop/web/node_modules/antd/lib/config-provider/index.js:444:25)
2026-10-02T04:49:08.6092820Z     at /home/runner/work/mini-drop/mini-drop/web/node_modules/antd/lib/message/index.js:68:60
2026-10-02T04:49:08.6094262Z Warning: An update to ForwardRef inside a test was not wrapped in act(...).
2026-10-02T04:49:08.6095249Z 
2026-10-02T04:49:08.6096046Z When testing, code that causes React state updates should be wrapped into act(...):
2026-10-02T04:49:08.6096918Z 
2026-10-02T04:49:08.6097262Z act(() => {
2026-10-02T04:49:08.6097942Z   /* fire events that update state */
2026-10-02T04:49:08.6098632Z });
2026-10-02T04:49:08.6099294Z /* assert on the output */
2026-10-02T04:49:08.6099795Z 
2026-10-02T04:49:08.6101100Z This ensures that you're testing the behavior the user would see in the browser. Learn more at https://reactjs.org/link/wrap-tests-with-act
2026-10-02T04:49:08.6102976Z     at /home/runner/work/mini-drop/mini-drop/web/node_modules/antd/lib/message/useMessage.js:52:5
2026-10-02T04:49:08.6104534Z     at /home/runner/work/mini-drop/mini-drop/web/node_modules/antd/lib/message/index.js:41:5
2026-10-02T04:49:08.6106663Z     at MotionWrapper (/home/runner/work/mini-drop/mini-drop/web/node_modules/antd/lib/config-provider/MotionWrapper.js:17:30)
2026-10-02T04:49:08.6108623Z     at ProviderChildren (/home/runner/work/mini-drop/mini-drop/web/node_modules/antd/lib/config-provider/index.js:142:5)
2026-10-02T04:49:08.6125127Z     at ConfigProvider (/home/runner/work/mini-drop/mini-drop/web/node_modules/antd/lib/config-provider/index.js:444:25)
2026-10-02T04:49:08.6126840Z     at /home/runner/work/mini-drop/mini-drop/web/node_modules/antd/lib/message/index.js:68:60
2026-10-02T04:49:08.6128320Z Warning: An update to Notifications inside a test was not wrapped in act(...).
2026-10-02T04:49:08.6129097Z 
2026-10-02T04:49:08.6129884Z When testing, code that causes React state updates should be wrapped into act(...):
2026-10-02T04:49:08.6130675Z 
2026-10-02T04:49:08.6130995Z act(() => {
2026-10-02T04:49:08.6131622Z   /* fire events that update state */
2026-10-02T04:49:08.6132297Z });
2026-10-02T04:49:08.6132886Z /* assert on the output */
2026-10-02T04:49:08.6133364Z 
2026-10-02T04:49:08.6134635Z This ensures that you're testing the behavior the user would see in the browser. Learn more at https://reactjs.org/link/wrap-tests-with-act
2026-10-02T04:49:08.6136946Z     at /home/runner/work/mini-drop/mini-drop/web/node_modules/rc-notification/lib/Notifications.js:19:32
2026-10-02T04:49:08.6138839Z     at /home/runner/work/mini-drop/mini-drop/web/node_modules/antd/lib/message/useMessage.js:52:5
2026-10-02T04:49:08.6140304Z     at /home/runner/work/mini-drop/mini-drop/web/node_modules/antd/lib/message/index.js:41:5
2026-10-02T04:49:08.6141978Z     at MotionWrapper (/home/runner/work/mini-drop/mini-drop/web/node_modules/antd/lib/config-provider/MotionWrapper.js:17:30)
2026-10-02T04:49:08.6143963Z     at ProviderChildren (/home/runner/work/mini-drop/mini-drop/web/node_modules/antd/lib/config-provider/index.js:142:5)
2026-10-02T04:49:08.6146094Z     at ConfigProvider (/home/runner/work/mini-drop/mini-drop/web/node_modules/antd/lib/config-provider/index.js:444:25)
2026-10-02T04:49:08.6148030Z     at /home/runner/work/mini-drop/mini-drop/web/node_modules/antd/lib/message/index.js:68:60
2026-10-02T04:49:08.6157212Z Warning: An update to ForwardRef inside a test was not wrapped in act(...).
2026-10-02T04:49:08.6158015Z 
2026-10-02T04:49:08.6158780Z When testing, code that causes React state updates should be wrapped into act(...):
2026-10-02T04:49:08.6159630Z 
2026-10-02T04:49:08.6159975Z act(() => {
2026-10-02T04:49:08.6160625Z   /* fire events that update state */
2026-10-02T04:49:08.6161336Z });
2026-10-02T04:49:08.6161935Z /* assert on the output */
2026-10-02T04:49:08.6162429Z 
2026-10-02T04:49:08.6163797Z This ensures that you're testing the behavior the user would see in the browser. Learn more at https://reactjs.org/link/wrap-tests-with-act
2026-10-02T04:49:08.6165891Z     at /home/runner/work/mini-drop/mini-drop/web/node_modules/antd/lib/message/useMessage.js:52:5
2026-10-02T04:49:08.6167615Z     at /home/runner/work/mini-drop/mini-drop/web/node_modules/antd/lib/message/index.js:41:5
2026-10-02T04:49:08.6169316Z     at MotionWrapper (/home/runner/work/mini-drop/mini-drop/web/node_modules/antd/lib/config-provider/MotionWrapper.js:17:30)
2026-10-02T04:49:08.6171178Z     at ProviderChildren (/home/runner/work/mini-drop/mini-drop/web/node_modules/antd/lib/config-provider/index.js:142:5)
2026-10-02T04:49:08.6172976Z     at ConfigProvider (/home/runner/work/mini-drop/mini-drop/web/node_modules/antd/lib/config-provider/index.js:444:25)
2026-10-02T04:49:08.6174700Z     at /home/runner/work/mini-drop/mini-drop/web/node_modules/antd/lib/message/index.js:68:60
2026-10-02T04:49:08.6175854Z 
2026-10-02T04:49:09.5859984Z  [32m✓[39m src/components/ScopeCard.test.jsx [2m([22m[2m13 tests[22m[2m)[22m[33m 6308[2mms[22m[39m
2026-10-02T04:49:09.5866361Z      [33m[2m✓[22m[39m hides raw authority clarification prompts resolved by secure discovery [33m 1503[2mms[22m[39m
2026-10-02T04:49:09.5868496Z      [33m[2m✓[22m[39m auto-selects exactly one eligible server candidate [33m 369[2mms[22m[39m
2026-10-02T04:49:09.5896653Z      [33m[2m✓[22m[39m requires an explicit closed selection when multiple candidates are eligible [33m 962[2mms[22m[39m
2026-10-02T04:49:09.5903253Z      [33m[2m✓[22m[39m shows a distinct EMPTY state and disables submission [33m 357[2mms[22m[39m
2026-10-02T04:49:09.5905423Z      [33m[2m✓[22m[39m shows a distinct STALE state and disables submission [33m 330[2mms[22m[39m
2026-10-02T04:49:09.5907341Z      [33m[2m✓[22m[39m shows a distinct UNAVAILABLE state and disables submission [32m 300[2mms[22m[39m
2026-10-02T04:49:09.5909345Z      [33m[2m✓[22m[39m fails closed when the selected binding disappears on refresh [33m 388[2mms[22m[39m
2026-10-02T04:49:09.5911414Z      [33m[2m✓[22m[39m submits expected version and binding authority without raw agent or PID [33m 541[2mms[22m[39m
2026-10-02T04:49:09.5913380Z      [33m[2m✓[22m[39m does not resubmit an immutable server time range [33m 518[2mms[22m[39m
2026-10-02T04:49:09.5915549Z      [33m[2m✓[22m[39m ignores a late discovery response after switching diagnoses [33m 337[2mms[22m[39m
2026-10-02T04:49:10.0667318Z  [32m✓[39m src/components/ManagedServicesPanel.test.jsx [2m([22m[2m12 tests[22m[2m)[22m[33m 6411[2mms[22m[39m
2026-10-02T04:49:10.0696128Z    [33m[2m✓[22m[39m switches the service inspector and sends the selected service identity [33m 1880[2mms[22m[39m
2026-10-02T04:49:10.0733130Z    [33m[2m✓[22m[39m starts diagnosis by service identity and symptoms without sending a PID [33m 449[2mms[22m[39m
2026-10-02T04:49:10.0746447Z    [33m[2m✓[22m[39m shows real RAG stages and leaves unavailable stages empty [33m 543[2mms[22m[39m
2026-10-02T04:49:10.0748205Z    [33m[2m✓[22m[39m keeps a current check separate from a selected historical request [33m 442[2mms[22m[39m
2026-10-02T04:49:10.0770448Z    [33m[2m✓[22m[39m shows a real upload's chunking, indexing and process usage [33m 311[2mms[22m[39m
2026-10-02T04:49:10.0772371Z    [33m[2m✓[22m[39m does not retain actionable status after a failed refresh [33m 324[2mms[22m[39m
2026-10-02T04:49:10.0774422Z    [33m[2m✓[22m[39m submits only the selected request ID and rejects an expired selection [33m 545[2mms[22m[39m
2026-10-02T04:49:10.0777214Z    [33m[2m✓[22m[39m checks both original 2000ms comparisons after preparation (3507) [33m 490[2mms[22m[39m
2026-10-02T04:49:10.0779187Z    [33m[2m✓[22m[39m checks both original 2000ms comparisons after preparation (3407) [33m 541[2mms[22m[39m
2026-10-02T04:49:10.0781121Z    [33m[2m✓[22m[39m checks both original 2000ms comparisons after preparation (3448) [33m 424[2mms[22m[39m
2026-10-02T04:49:10.9687795Z [90mstderr[2m | src/components/SkillABPanel.test.jsx[2m > [22m[2mSkillABPanel[2m > [22m[2mcreates real AUTO and DISABLED diagnoses and reports only observed metrics
2026-10-02T04:49:10.9722098Z [22m[39mWarning: [antd: Card] `bordered` is deprecated. Please use `variant` instead.
2026-10-02T04:49:10.9723518Z Warning: [antd: Card] `bordered` is deprecated. Please use `variant` instead.
2026-10-02T04:49:10.9728438Z Warning: [antd: Card] `bordered` is deprecated. Please use `variant` instead.
2026-10-02T04:49:10.9729275Z 
2026-10-02T04:49:10.9822235Z [90mstderr[2m | src/components/SkillABPanel.test.jsx[2m > [22m[2mSkillABPanel[2m > [22m[2mcreates real AUTO and DISABLED diagnoses and reports only observed metrics
2026-10-02T04:49:10.9846708Z [22m[39mWarning: [antd: Card] `bordered` is deprecated. Please use `variant` instead.
2026-10-02T04:49:10.9861005Z 
2026-10-02T04:49:11.3135817Z [90mstderr[2m | src/components/SkillABPanel.test.jsx[2m > [22m[2mSkillABPanel[2m > [22m[2mcreates real AUTO and DISABLED diagnoses and reports only observed metrics
2026-10-02T04:49:11.3206037Z [22m[39mWarning: [antd: Card] `bordered` is deprecated. Please use `variant` instead.
2026-10-02T04:49:11.3215502Z 
2026-10-02T04:49:11.3510278Z [90mstderr[2m | src/components/SkillABPanel.test.jsx[2m > [22m[2mSkillABPanel[2m > [22m[2mcreates real AUTO and DISABLED diagnoses and reports only observed metrics
2026-10-02T04:49:11.3526735Z [22m[39mWarning: [antd: Card] `bordered` is deprecated. Please use `variant` instead.
2026-10-02T04:49:11.3565355Z 
2026-10-02T04:49:11.4238621Z [90mstderr[2m | src/components/SkillABPanel.test.jsx[2m > [22m[2mSkillABPanel[2m > [22m[2mcreates real AUTO and DISABLED diagnoses and reports only observed metrics
2026-10-02T04:49:11.4256335Z [22m[39mWarning: [antd: Card] `bordered` is deprecated. Please use `variant` instead.
2026-10-02T04:49:11.4295523Z 
2026-10-02T04:49:11.5067536Z [90mstderr[2m | src/components/SkillABPanel.test.jsx[2m > [22m[2mSkillABPanel[2m > [22m[2mcreates real AUTO and DISABLED diagnoses and reports only observed metrics
2026-10-02T04:49:11.5070100Z [22m[39mWarning: [antd: Card] `bordered` is deprecated. Please use `variant` instead.
2026-10-02T04:49:11.5125402Z 
2026-10-02T04:49:11.5587856Z [90mstderr[2m | src/components/SkillABPanel.test.jsx[2m > [22m[2mSkillABPanel[2m > [22m[2mcreates real AUTO and DISABLED diagnoses and reports only observed metrics
2026-10-02T04:49:11.5589953Z [22m[39mWarning: [antd: Card] `bordered` is deprecated. Please use `variant` instead.
2026-10-02T04:49:11.5590602Z 
2026-10-02T04:49:11.6067799Z [90mstderr[2m | src/components/SkillABPanel.test.jsx[2m > [22m[2mSkillABPanel[2m > [22m[2mcreates real AUTO and DISABLED diagnoses and reports only observed metrics
2026-10-02T04:49:11.6121199Z [22m[39mWarning: [antd: Card] `bordered` is deprecated. Please use `variant` instead.
2026-10-02T04:49:11.6130619Z 
2026-10-02T04:49:12.0013668Z  [32m✓[39m src/hooks/useSSE.test.jsx [2m([22m[2m13 tests[22m[2m)[22m[32m 82[2mms[22m[39m
2026-10-02T04:49:12.2249291Z [90mstderr[2m | src/components/SkillABPanel.test.jsx[2m > [22m[2mSkillABPanel[2m > [22m[2mkeeps an earlier supported hypothesis visible when a later branch is insufficient
2026-10-02T04:49:12.2271130Z [22m[39mWarning: [antd: Card] `bordered` is deprecated. Please use `variant` instead.
2026-10-02T04:49:12.2272886Z Warning: [antd: Card] `bordered` is deprecated. Please use `variant` instead.
2026-10-02T04:49:12.2274398Z Warning: [antd: Card] `bordered` is deprecated. Please use `variant` instead.
2026-10-02T04:49:12.2276179Z Warning: [antd: Card] `bordered` is deprecated. Please use `variant` instead.
2026-10-02T04:49:12.2277122Z 
2026-10-02T04:49:12.2313863Z [90mstderr[2m | src/components/SkillABPanel.test.jsx[2m > [22m[2mSkillABPanel[2m > [22m[2mkeeps an earlier supported hypothesis visible when a later branch is insufficient
2026-10-02T04:49:12.2316474Z [22m[39mWarning: [antd: Card] `bordered` is deprecated. Please use `variant` instead.
2026-10-02T04:49:12.2317694Z 
2026-10-02T04:49:12.3678325Z [90mstderr[2m | src/components/SkillABPanel.test.jsx[2m > [22m[2mSkillABPanel[2m > [22m[2mkeeps an earlier supported hypothesis visible when a later branch is insufficient
2026-10-02T04:49:12.3680461Z [22m[39mWarning: [antd: Card] `bordered` is deprecated. Please use `variant` instead.
2026-10-02T04:49:12.3681109Z 
2026-10-02T04:49:12.4148092Z [90mstderr[2m | src/components/SkillABPanel.test.jsx[2m > [22m[2mSkillABPanel[2m > [22m[2mkeeps an earlier supported hypothesis visible when a later branch is insufficient
2026-10-02T04:49:12.4196921Z [22m[39mWarning: [antd: Card] `bordered` is deprecated. Please use `variant` instead.
2026-10-02T04:49:12.4197960Z 
2026-10-02T04:49:12.4656875Z [90mstderr[2m | src/components/SkillABPanel.test.jsx[2m > [22m[2mSkillABPanel[2m > [22m[2mkeeps an earlier supported hypothesis visible when a later branch is insufficient
2026-10-02T04:49:12.4659524Z [22m[39mWarning: [antd: Card] `bordered` is deprecated. Please use `variant` instead.
2026-10-02T04:49:12.4660515Z 
2026-10-02T04:49:12.5483902Z [90mstderr[2m | src/components/SkillABPanel.test.jsx[2m > [22m[2mSkillABPanel[2m > [22m[2mkeeps an earlier supported hypothesis visible when a later branch is insufficient
2026-10-02T04:49:12.5486549Z [22m[39mWarning: [antd: Card] `bordered` is deprecated. Please use `variant` instead.
2026-10-02T04:49:12.5487531Z 
2026-10-02T04:49:12.5827735Z [90mstderr[2m | src/components/SkillABPanel.test.jsx[2m > [22m[2mSkillABPanel[2m > [22m[2mkeeps an earlier supported hypothesis visible when a later branch is insufficient
2026-10-02T04:49:12.5856219Z [22m[39mWarning: [antd: Card] `bordered` is deprecated. Please use `variant` instead.
2026-10-02T04:49:12.5857404Z 
2026-10-02T04:49:12.6337280Z [90mstderr[2m | src/components/SkillABPanel.test.jsx[2m > [22m[2mSkillABPanel[2m > [22m[2mkeeps an earlier supported hypothesis visible when a later branch is insufficient
2026-10-02T04:49:12.6366438Z [22m[39mWarning: [antd: Card] `bordered` is deprecated. Please use `variant` instead.
2026-10-02T04:49:12.6405310Z 
2026-10-02T04:49:12.9400699Z [90mstderr[2m | src/components/SkillABPanel.test.jsx[2m > [22m[2mSkillABPanel[2m > [22m[2mrestores a real A/B pair after leaving and returning to the validation center
2026-10-02T04:49:12.9426910Z [22m[39mWarning: [antd: Card] `bordered` is deprecated. Please use `variant` instead.
2026-10-02T04:49:12.9456283Z Warning: [antd: Card] `bordered` is deprecated. Please use `variant` instead.
2026-10-02T04:49:12.9486075Z Warning: [antd: Card] `bordered` is deprecated. Please use `variant` instead.
2026-10-02T04:49:12.9496009Z Warning: [antd: Card] `bordered` is deprecated. Please use `variant` instead.
2026-10-02T04:49:12.9505548Z 
2026-10-02T04:49:12.9537303Z [90mstderr[2m | src/components/SkillABPanel.test.jsx[2m > [22m[2mSkillABPanel[2m > [22m[2mrestores a real A/B pair after leaving and returning to the validation center
2026-10-02T04:49:12.9539450Z [22m[39mWarning: [antd: Card] `bordered` is deprecated. Please use `variant` instead.
2026-10-02T04:49:12.9540060Z 
2026-10-02T04:49:13.0590273Z [90mstderr[2m | src/components/SkillABPanel.test.jsx[2m > [22m[2mSkillABPanel[2m > [22m[2mrestores a real A/B pair after leaving and returning to the validation center
2026-10-02T04:49:13.0592179Z [22m[39mWarning: [antd: Card] `bordered` is deprecated. Please use `variant` instead.
2026-10-02T04:49:13.0592773Z 
2026-10-02T04:49:13.0839868Z [90mstderr[2m | src/components/SkillABPanel.test.jsx[2m > [22m[2mSkillABPanel[2m > [22m[2mrestores a real A/B pair after leaving and returning to the validation center
2026-10-02T04:49:13.0843371Z [22m[39mWarning: [antd: Card] `bordered` is deprecated. Please use `variant` instead.
2026-10-02T04:49:13.0844417Z 
2026-10-02T04:49:13.1257414Z [90mstderr[2m | src/components/SkillABPanel.test.jsx[2m > [22m[2mSkillABPanel[2m > [22m[2mrestores a real A/B pair after leaving and returning to the validation center
2026-10-02T04:49:13.1261363Z [22m[39mWarning: [antd: Card] `bordered` is deprecated. Please use `variant` instead.
2026-10-02T04:49:13.1262558Z 
2026-10-02T04:49:13.1723994Z [90mstderr[2m | src/components/SkillABPanel.test.jsx[2m > [22m[2mSkillABPanel[2m > [22m[2mrestores a real A/B pair after leaving and returning to the validation center
2026-10-02T04:49:13.1728376Z [22m[39mWarning: [antd: Card] `bordered` is deprecated. Please use `variant` instead.
2026-10-02T04:49:13.1729468Z 
2026-10-02T04:49:13.2048865Z [90mstderr[2m | src/components/SkillABPanel.test.jsx[2m > [22m[2mSkillABPanel[2m > [22m[2mrestores a real A/B pair after leaving and returning to the validation center
2026-10-02T04:49:13.2052945Z [22m[39mWarning: [antd: Card] `bordered` is deprecated. Please use `variant` instead.
2026-10-02T04:49:13.2054062Z 
2026-10-02T04:49:13.2256333Z [90mstderr[2m | src/components/SkillABPanel.test.jsx[2m > [22m[2mSkillABPanel[2m > [22m[2mrestores a real A/B pair after leaving and returning to the validation center
2026-10-02T04:49:13.2263682Z [22m[39mWarning: [antd: Card] `bordered` is deprecated. Please use `variant` instead.
2026-10-02T04:49:13.2264808Z 
2026-10-02T04:49:13.5407126Z  [32m✓[39m src/utils/reportPresentation.test.js [2m([22m[2m31 tests[22m[2m)[22m[32m 18[2mms[22m[39m
2026-10-02T04:49:13.5794137Z [90mstderr[2m | src/components/SkillABPanel.test.jsx[2m > [22m[2mSkillABPanel[2m > [22m[2mrestores a real A/B pair after leaving and returning to the validation center
2026-10-02T04:49:13.5798087Z [22m[39mWarning: [antd: Card] `bordered` is deprecated. Please use `variant` instead.
2026-10-02T04:49:13.5799657Z Warning: [antd: Card] `bordered` is deprecated. Please use `variant` instead.
2026-10-02T04:49:13.5800580Z 
2026-10-02T04:49:13.5843035Z [90mstderr[2m | src/components/SkillABPanel.test.jsx[2m > [22m[2mSkillABPanel[2m > [22m[2mrestores a real A/B pair after leaving and returning to the validation center
2026-10-02T04:49:13.5846551Z [22m[39mWarning: [antd: Card] `bordered` is deprecated. Please use `variant` instead.
2026-10-02T04:49:13.5847603Z 
2026-10-02T04:49:13.6117620Z [90mstderr[2m | src/components/SkillABPanel.test.jsx[2m > [22m[2mSkillABPanel[2m > [22m[2mrestores a real A/B pair after leaving and returning to the validation center
2026-10-02T04:49:13.6119893Z [22m[39mWarning: [antd: Card] `bordered` is deprecated. Please use `variant` instead.
2026-10-02T04:49:13.6120555Z 
2026-10-02T04:49:13.6472716Z [90mstderr[2m | src/components/SkillABPanel.test.jsx[2m > [22m[2mSkillABPanel[2m > [22m[2mrestores a real A/B pair after leaving and returning to the validation center
2026-10-02T04:49:13.6478617Z [22m[39mWarning: [antd: Card] `bordered` is deprecated. Please use `variant` instead.
2026-10-02T04:49:13.6479303Z 
2026-10-02T04:49:13.7215308Z  [32m✓[39m src/components/SkillABPanel.test.jsx [2m([22m[2m5 tests[22m[2m)[22m[33m 4409[2mms[22m[39m
2026-10-02T04:49:13.7217291Z      [33m[2m✓[22m[39m creates real AUTO and DISABLED diagnoses and reports only observed metrics [33m 2557[2mms[22m[39m
2026-10-02T04:49:13.7252313Z      [33m[2m✓[22m[39m keeps an earlier supported hypothesis visible when a later branch is insufficient [33m 794[2mms[22m[39m
2026-10-02T04:49:13.7276553Z      [33m[2m✓[22m[39m restores a real A/B pair after leaving and returning to the validation center [33m 1049[2mms[22m[39m
2026-10-02T04:49:15.1407252Z  [32m✓[39m src/utils/observationAssessment.test.js [2m([22m[2m20 tests[22m[2m)[22m[32m 11[2mms[22m[39m
2026-10-02T04:49:16.1288350Z  [32m✓[39m src/components/ConclusionCard.test.jsx [2m([22m[2m10 tests[22m[2m)[22m[33m 1072[2mms[22m[39m
2026-10-02T04:49:16.1304061Z      [33m[2m✓[22m[39m explains that inclusive Go function shares overlap [33m 572[2mms[22m[39m
2026-10-02T04:49:19.4613659Z Not implemented: Window's getComputedStyle() method: with pseudo-elements
2026-10-02T04:49:20.4046175Z Not implemented: Window's getComputedStyle() method: with pseudo-elements
2026-10-02T04:49:20.7526633Z Not implemented: Window's getComputedStyle() method: with pseudo-elements
2026-10-02T04:49:20.8367700Z  [32m✓[39m src/components/EngineeringDiagnosisSummary.test.jsx [2m([22m[2m5 tests[22m[2m)[22m[33m 2396[2mms[22m[39m
2026-10-02T04:49:20.8426610Z    [33m[2m✓[22m[39m shows engineering acceptance separately from localization, refutation and untouched cases [33m 1775[2mms[22m[39m
2026-10-02T04:49:21.5546561Z  [32m✓[39m src/components/ChatThread.test.jsx [2m([22m[2m9 tests[22m[2m)[22m[33m 1823[2mms[22m[39m
2026-10-02T04:49:21.5569728Z      [33m[2m✓[22m[39m keeps fix verification disabled for an observation in simple mode [33m 679[2mms[22m[39m
2026-10-02T04:49:22.4577399Z  [32m✓[39m src/components/LatsReplayPanel.test.jsx [2m([22m[2m2 tests[22m[2m)[22m[33m 1469[2mms[22m[39m
2026-10-02T04:49:22.4579472Z      [33m[2m✓[22m[39m creates a fresh UUID session and opens the returned diagnosis immediately [33m 1257[2mms[22m[39m
2026-10-02T04:49:22.4589116Z  [32m✓[39m src/utils/diagnosisDisplay.test.js [2m([22m[2m6 tests[22m[2m)[22m[32m 20[2mms[22m[39m
2026-10-02T04:49:24.3198715Z  [32m✓[39m src/hooks/SSEContext.test.jsx [2m([22m[2m4 tests[22m[2m)[22m[32m 170[2mms[22m[39m
2026-10-02T04:49:27.0007481Z  [32m✓[39m src/components/HealthCheckActions.test.jsx [2m([22m[2m5 tests[22m[2m)[22m[33m 1253[2mms[22m[39m
2026-10-02T04:49:27.0046551Z      [33m[2m✓[22m[39m creates a fresh sampling session for NORMAL_OBSERVED [33m 872[2mms[22m[39m
2026-10-02T04:49:29.3294589Z Not implemented: Window's getComputedStyle() method: with pseudo-elements
2026-10-02T04:49:29.3505637Z [90mstderr[2m | src/pages/TaskResult.test.jsx[2m > [22m[2mTaskResult collection boundary[2m > [22m[2mrejects an explicit zero-sample artifact instead of rendering an empty flamegraph
2026-10-02T04:49:29.3527030Z [22m[39mWarning: [antd: Table] `index` parameter of `rowKey` function is deprecated. There is no guarantee that it will work as expected.
2026-10-02T04:49:29.3555413Z 
2026-10-02T04:49:29.3647364Z [90mstderr[2m | src/pages/TaskResult.test.jsx[2m > [22m[2mTaskResult collection boundary[2m > [22m[2mrejects an explicit zero-sample artifact instead of rendering an empty flamegraph
2026-10-02T04:49:29.3650300Z [22m[39mWarning: [antd: Table] `index` parameter of `rowKey` function is deprecated. There is no guarantee that it will work as expected.
2026-10-02T04:49:29.3651589Z 
2026-10-02T04:49:29.9434041Z Not implemented: Window's getComputedStyle() method: with pseudo-elements
2026-10-02T04:49:29.9741831Z Not implemented: Window's getComputedStyle() method: with pseudo-elements
2026-10-02T04:49:29.9946257Z [90mstderr[2m | src/pages/TaskResult.test.jsx[2m > [22m[2mTaskResult collection boundary[2m > [22m[2mrenders continuous window outcomes in Chinese
2026-10-02T04:49:29.9948963Z [22m[39mWarning: [antd: Table] `index` parameter of `rowKey` function is deprecated. There is no guarantee that it will work as expected.
2026-10-02T04:49:29.9950279Z 
2026-10-02T04:49:30.0248990Z [90mstderr[2m | src/pages/TaskResult.test.jsx[2m > [22m[2mTaskResult collection boundary[2m > [22m[2mrenders continuous window outcomes in Chinese
2026-10-02T04:49:30.0267772Z [22m[39mWarning: [antd: Table] `index` parameter of `rowKey` function is deprecated. There is no guarantee that it will work as expected.
2026-10-02T04:49:30.0269045Z 
2026-10-02T04:49:30.0637185Z  [32m✓[39m src/pages/TaskResult.test.jsx [2m([22m[2m4 tests[22m[2m)[22m[33m 2296[2mms[22m[39m
2026-10-02T04:49:30.0649367Z      [33m[2m✓[22m[39m renders collection results and points diagnosis to the V2 workspace [33m 1110[2mms[22m[39m
2026-10-02T04:49:30.0650771Z      [33m[2m✓[22m[39m rejects an explicit zero-sample artifact instead of rendering an empty flamegraph [33m 851[2mms[22m[39m
2026-10-02T04:49:30.0651864Z      [33m[2m✓[22m[39m renders continuous window outcomes in Chinese [33m 328[2mms[22m[39m
2026-10-02T04:49:32.1318582Z Not implemented: Window's getComputedStyle() method: with pseudo-elements
2026-10-02T04:49:32.6482070Z  [32m✓[39m src/components/ToolCallCard.test.jsx [2m([22m[2m3 tests[22m[2m)[22m[33m 2318[2mms[22m[39m
2026-10-02T04:49:32.6483752Z      [33m[2m✓[22m[39m shows approve/reject for a pending approval tool [33m 941[2mms[22m[39m
2026-10-02T04:49:32.6485444Z      [33m[2m✓[22m[39m keeps the server-bound agent and PID immutable while editing sampling parameters [33m 1264[2mms[22m[39m
2026-10-02T04:49:32.6997226Z  [32m✓[39m src/components/EngineeringCasesPanel.test.jsx [2m([22m[2m11 tests[22m[2m)[22m[33m 2163[2mms[22m[39m
2026-10-02T04:49:32.6999605Z    [33m[2m✓[22m[39m shows actual before/after evidence and does not claim automated AI root acceptance [33m 1582[2mms[22m[39m
2026-10-02T04:49:38.0727075Z Not implemented: Window's getComputedStyle() method: with pseudo-elements
2026-10-02T04:49:38.1650815Z  [32m✓[39m src/components/FlamegraphViewer.test.jsx [2m([22m[2m4 tests[22m[2m)[22m[33m 2787[2mms[22m[39m
2026-10-02T04:49:38.1652270Z      [33m[2m✓[22m[39m renders a 10k-node flamegraph without crashing [33m 882[2mms[22m[39m
2026-10-02T04:49:38.1653703Z      [33m[2m✓[22m[39m renders Java HTML as SVG data without inserting an executable iframe [33m 917[2mms[22m[39m
2026-10-02T04:49:38.1655298Z      [33m[2m✓[22m[39m does not show a late response from the previously selected task [33m 955[2mms[22m[39m
2026-10-02T04:49:38.4997540Z  [32m✓[39m src/components/AppLayout.test.jsx [2m([22m[2m4 tests[22m[2m)[22m[33m 1365[2mms[22m[39m
2026-10-02T04:49:38.5008470Z      [33m[2m✓[22m[39m shows the fallback indicator until the shared stream opens [33m 898[2mms[22m[39m
2026-10-02T04:49:38.6006367Z Not implemented: Window's getComputedStyle() method: with pseudo-elements
2026-10-02T04:49:39.1553326Z  [32m✓[39m src/components/MentorComplexShowcase.test.jsx [2m([22m[2m2 tests[22m[2m)[22m[33m 2120[2mms[22m[39m
2026-10-02T04:49:39.1568996Z      [33m[2m✓[22m[39m replays only the diagnosis passed by the active workspace [33m 1198[2mms[22m[39m
2026-10-02T04:49:39.1570838Z      [33m[2m✓[22m[39m shows the candidate Skill produced by the same diagnosis [33m 919[2mms[22m[39m
2026-10-02T04:49:42.9296552Z Not implemented: Window's getComputedStyle() method: with pseudo-elements
2026-10-02T04:49:43.2229742Z Not implemented: Window's getComputedStyle() method: with pseudo-elements
2026-10-02T04:49:43.3327337Z  [32m✓[39m src/components/BusinessAcceptancePanel.test.jsx [2m([22m[2m4 tests[22m[2m)[22m[33m 1672[2mms[22m[39m
2026-10-02T04:49:43.3346611Z    [33m[2m✓[22m[39m does not turn missing evidence into a passing result [33m 799[2mms[22m[39m
2026-10-02T04:49:43.3348471Z    [33m[2m✓[22m[39m shows fallback separately from full recovery and AI diagnosis [33m 488[2mms[22m[39m
2026-10-02T04:49:44.6940526Z  [32m✓[39m src/components/EvalPanel.test.jsx [2m([22m[2m2 tests[22m[2m)[22m[33m 726[2mms[22m[39m
2026-10-02T04:49:44.6989516Z      [33m[2m✓[22m[39m defaults to performance experiments and keeps engineering regressions separate [33m 573[2mms[22m[39m
2026-10-02T04:49:44.9661204Z Not implemented: Window's getComputedStyle() method: with pseudo-elements
2026-10-02T04:49:44.9842906Z [90mstderr[2m | src/pages/AgentDetail.test.jsx[2m > [22m[2mignores late responses from another agent and resets the trend on navigation
2026-10-02T04:49:44.9852956Z [22m[39mWarning: [antd: Descriptions] `labelStyle` is deprecated. Please use `styles={{ label: {} }}` instead.
2026-10-02T04:49:44.9862153Z Warning: [antd: Descriptions] `contentStyle` is deprecated. Please use `styles={{ content: {} }}` instead.
2026-10-02T04:49:44.9864119Z Warning: [antd: Descriptions] Sum of column `span` in a line not match `column` of Descriptions.
2026-10-02T04:49:44.9865402Z 
2026-10-02T04:49:44.9966278Z [90mstderr[2m | src/pages/AgentDetail.test.jsx[2m > [22m[2mignores late responses from another agent and resets the trend on navigation
2026-10-02T04:49:44.9969878Z [22m[39mWarning: [antd: Descriptions] `labelStyle` is deprecated. Please use `styles={{ label: {} }}` instead.
2026-10-02T04:49:44.9972392Z Warning: [antd: Descriptions] `contentStyle` is deprecated. Please use `styles={{ content: {} }}` instead.
2026-10-02T04:49:44.9974246Z Warning: [antd: Descriptions] Sum of column `span` in a line not match `column` of Descriptions.
2026-10-02T04:49:44.9975574Z 
2026-10-02T04:49:45.0152762Z [90mstderr[2m | src/pages/AgentDetail.test.jsx[2m > [22m[2mignores late responses from another agent and resets the trend on navigation
2026-10-02T04:49:45.0166907Z [22m[39mWarning: [antd: Descriptions] `labelStyle` is deprecated. Please use `styles={{ label: {} }}` instead.
2026-10-02T04:49:45.0181559Z Warning: [antd: Descriptions] `contentStyle` is deprecated. Please use `styles={{ content: {} }}` instead.
2026-10-02T04:49:45.0183365Z Warning: [antd: Descriptions] Sum of column `span` in a line not match `column` of Descriptions.
2026-10-02T04:49:45.0184304Z 
2026-10-02T04:49:45.0508264Z [90mstderr[2m | src/pages/AgentDetail.test.jsx[2m > [22m[2mignores late responses from another agent and resets the trend on navigation
2026-10-02T04:49:45.0545992Z [22m[39mWarning: [antd: Descriptions] `labelStyle` is deprecated. Please use `styles={{ label: {} }}` instead.
2026-10-02T04:49:45.0548195Z Warning: [antd: Descriptions] `contentStyle` is deprecated. Please use `styles={{ content: {} }}` instead.
2026-10-02T04:49:45.0549803Z Warning: [antd: Descriptions] Sum of column `span` in a line not match `column` of Descriptions.
2026-10-02T04:49:45.0550652Z 
2026-10-02T04:49:45.4122882Z [90mstderr[2m | src/pages/AgentDetail.test.jsx[2m > [22m[2mignores late responses from another agent and resets the trend on navigation
2026-10-02T04:49:45.4127391Z [22m[39mWarning: [antd: Descriptions] `labelStyle` is deprecated. Please use `styles={{ label: {} }}` instead.
2026-10-02T04:49:45.4129444Z Warning: [antd: Descriptions] `contentStyle` is deprecated. Please use `styles={{ content: {} }}` instead.
2026-10-02T04:49:45.4139846Z Warning: [antd: Descriptions] Sum of column `span` in a line not match `column` of Descriptions.
2026-10-02T04:49:45.4140810Z 
2026-10-02T04:49:45.5746596Z Not implemented: Window's getComputedStyle() method: with pseudo-elements
2026-10-02T04:49:45.5840629Z [90mstderr[2m | src/pages/AgentDetail.test.jsx[2m > [22m[2mignores late responses from another agent and resets the trend on navigation
2026-10-02T04:49:45.5898016Z [22m[39mWarning: [antd: Descriptions] `labelStyle` is deprecated. Please use `styles={{ label: {} }}` instead.
2026-10-02T04:49:45.5900453Z Warning: [antd: Descriptions] `contentStyle` is deprecated. Please use `styles={{ content: {} }}` instead.
2026-10-02T04:49:45.5902298Z Warning: [antd: Descriptions] Sum of column `span` in a line not match `column` of Descriptions.
2026-10-02T04:49:45.5903400Z 
2026-10-02T04:49:45.5916516Z [90mstderr[2m | src/pages/AgentDetail.test.jsx[2m > [22m[2mignores late responses from another agent and resets the trend on navigation
2026-10-02T04:49:45.5918709Z [22m[39mWarning: [antd: Descriptions] `labelStyle` is deprecated. Please use `styles={{ label: {} }}` instead.
2026-10-02T04:49:45.5920700Z Warning: [antd: Descriptions] `contentStyle` is deprecated. Please use `styles={{ content: {} }}` instead.
2026-10-02T04:49:45.5922652Z Warning: [antd: Descriptions] Sum of column `span` in a line not match `column` of Descriptions.
2026-10-02T04:49:45.5923634Z 
2026-10-02T04:49:45.9240208Z Not implemented: Window's getComputedStyle() method: with pseudo-elements
2026-10-02T04:49:45.9374606Z [90mstderr[2m | src/pages/AgentDetail.test.jsx[2m > [22m[2mshows a request error and retry instead of only claiming the agent does not exist
2026-10-02T04:49:45.9406432Z [22m[39mWarning: [antd: Descriptions] `labelStyle` is deprecated. Please use `styles={{ label: {} }}` instead.
2026-10-02T04:49:45.9408308Z Warning: [antd: Descriptions] `contentStyle` is deprecated. Please use `styles={{ content: {} }}` instead.
2026-10-02T04:49:45.9436212Z Warning: [antd: Descriptions] Sum of column `span` in a line not match `column` of Descriptions.
2026-10-02T04:49:45.9495414Z 
2026-10-02T04:49:45.9497699Z [90mstderr[2m | src/pages/AgentDetail.test.jsx[2m > [22m[2mshows a request error and retry instead of only claiming the agent does not exist
2026-10-02T04:49:45.9500049Z [22m[39mWarning: [antd: Descriptions] `labelStyle` is deprecated. Please use `styles={{ label: {} }}` instead.
2026-10-02T04:49:45.9501938Z Warning: [antd: Descriptions] `contentStyle` is deprecated. Please use `styles={{ content: {} }}` instead.
2026-10-02T04:49:45.9503652Z Warning: [antd: Descriptions] Sum of column `span` in a line not match `column` of Descriptions.
2026-10-02T04:49:45.9504565Z 
2026-10-02T04:49:45.9578069Z  [32m✓[39m src/pages/AgentDetail.test.jsx [2m([22m[2m2 tests[22m[2m)[22m[33m 2717[2mms[22m[39m
2026-10-02T04:49:45.9581693Z    [33m[2m✓[22m[39m ignores late responses from another agent and resets the trend on navigation [33m 2374[2mms[22m[39m
2026-10-02T04:49:45.9583804Z    [33m[2m✓[22m[39m shows a request error and retry instead of only claiming the agent does not exist [33m 338[2mms[22m[39m
2026-10-02T04:49:47.4482709Z  [32m✓[39m src/hooks/usePolling.test.jsx [2m([22m[2m3 tests[22m[2m)[22m[32m 73[2mms[22m[39m
2026-10-02T04:49:49.2378873Z  [32m✓[39m src/components/DiagnosisPathPanel.test.jsx [2m([22m[2m2 tests[22m[2m)[22m[33m 1030[2mms[22m[39m
2026-10-02T04:49:49.2381346Z      [33m[2m✓[22m[39m shows Chinese event and actor labels, with raw protocol codes in secondary details [33m 1019[2mms[22m[39m
2026-10-02T04:49:49.3541641Z  [32m✓[39m src/components/DiagnosisSkillOutcomeCard.test.jsx [2m([22m[2m2 tests[22m[2m)[22m[33m 1717[2mms[22m[39m
2026-10-02T04:49:49.3543934Z      [33m[2m✓[22m[39m shows the Skill produced by a verified diagnosis and exposes its gates [33m 1481[2mms[22m[39m
2026-10-02T04:49:53.1916832Z  [32m✓[39m src/components/PlannerBlock.test.jsx [2m([22m[2m1 test[22m[2m)[22m[33m 630[2mms[22m[39m
2026-10-02T04:49:53.1919483Z      [33m[2m✓[22m[39m merges cross-round paraphrases while keeping the latest state and unique causes [33m 625[2mms[22m[39m
2026-10-02T04:49:53.1986652Z [90mstderr[2m | src/components/SkillExperimentPanel.test.jsx[2m > [22m[2mSkillExperimentPanel[2m > [22m[2muses the server-assigned arm and never asks the browser to choose one
2026-10-02T04:49:53.1988932Z [22m[39mWarning: [antd: Card] `bordered` is deprecated. Please use `variant` instead.
2026-10-02T04:49:53.1993479Z Warning: [antd: Card] `bordered` is deprecated. Please use `variant` instead.
2026-10-02T04:49:53.1994612Z 
2026-10-02T04:49:53.8336014Z Not implemented: Window's getComputedStyle() method: with pseudo-elements
2026-10-02T04:49:53.8386979Z [90mstderr[2m | src/components/SkillExperimentPanel.test.jsx[2m > [22m[2mSkillExperimentPanel[2m > [22m[2muses the server-assigned arm and never asks the browser to choose one
2026-10-02T04:49:53.8406555Z [22m[39mWarning: [antd: Card] `bordered` is deprecated. Please use `variant` instead.
2026-10-02T04:49:53.8407529Z 
2026-10-02T04:49:54.1594366Z [90mstderr[2m | src/components/SkillExperimentPanel.test.jsx[2m > [22m[2mSkillExperimentPanel[2m > [22m[2muses the server-assigned arm and never asks the browser to choose one
2026-10-02T04:49:54.1616526Z [22m[39mWarning: [antd: Card] `bordered` is deprecated. Please use `variant` instead.
2026-10-02T04:49:54.1645407Z 
2026-10-02T04:49:54.1832169Z [90mstderr[2m | src/components/SkillExperimentPanel.test.jsx[2m > [22m[2mSkillExperimentPanel[2m > [22m[2muses the server-assigned arm and never asks the browser to choose one
2026-10-02T04:49:54.1846471Z [22m[39mWarning: [antd: Card] `bordered` is deprecated. Please use `variant` instead.
2026-10-02T04:49:54.1856826Z 
2026-10-02T04:49:54.2047954Z [90mstderr[2m | src/components/SkillExperimentPanel.test.jsx[2m > [22m[2mSkillExperimentPanel[2m > [22m[2muses the server-assigned arm and never asks the browser to choose one
2026-10-02T04:49:54.2050775Z [22m[39mWarning: [antd: Card] `bordered` is deprecated. Please use `variant` instead.
2026-10-02T04:49:54.2056208Z 
2026-10-02T04:49:54.2317470Z  [32m✓[39m src/components/SkillExperimentPanel.test.jsx [2m([22m[2m1 test[22m[2m)[22m[33m 1993[2mms[22m[39m
2026-10-02T04:49:54.2353098Z      [33m[2m✓[22m[39m uses the server-assigned arm and never asks the browser to choose one [33m 1990[2mms[22m[39m
2026-10-02T04:49:54.6846426Z Not implemented: Window's getComputedStyle() method: with pseudo-elements
2026-10-02T04:49:54.8759807Z Not implemented: Window's getComputedStyle() method: with pseudo-elements
2026-10-02T04:49:55.6096856Z Not implemented: Window's getComputedStyle() method: with pseudo-elements
2026-10-02T04:49:55.7767829Z  [32m✓[39m src/components/FixVerificationPanel.test.jsx [2m([22m[2m3 tests[22m[2m)[22m[33m 1850[2mms[22m[39m
2026-10-02T04:49:55.7805660Z      [33m[2m✓[22m[39m shows an explicit unverified outcome when no repair records exist [33m 819[2mms[22m[39m
2026-10-02T04:49:55.7807229Z      [33m[2m✓[22m[39m does not mistake a load failure for an absent repair [33m 485[2mms[22m[39m
2026-10-02T04:49:55.7808405Z      [33m[2m✓[22m[39m renders past verification records [33m 542[2mms[22m[39m
2026-10-02T04:49:55.9450695Z  [32m✓[39m src/components/PerformanceDiagnosisSummary.test.jsx [2m([22m[2m3 tests[22m[2m)[22m[32m 55[2mms[22m[39m
2026-10-02T04:49:57.4769379Z  [32m✓[39m src/utils/asyncProfiler.test.js [2m([22m[2m8 tests[22m[2m)[22m[32m 12[2mms[22m[39m
2026-10-02T04:49:58.6511687Z  [32m✓[39m src/components/EvidenceCard.test.jsx [2m([22m[2m2 tests[22m[2m)[22m[33m 499[2mms[22m[39m
2026-10-02T04:49:58.6513462Z      [33m[2m✓[22m[39m uses Chinese evidence role, gate decision, tool and observation labels [33m 435[2mms[22m[39m
2026-10-02T04:50:00.4943247Z  [32m✓[39m src/components/SafeMarkdown.test.jsx [2m([22m[2m4 tests[22m[2m)[22m[32m 122[2mms[22m[39m
2026-10-02T04:50:01.2428171Z  [32m✓[39m src/components/DiagnosisFinding.test.jsx [2m([22m[2m2 tests[22m[2m)[22m[33m 380[2mms[22m[39m
2026-10-02T04:50:01.2460019Z      [33m[2m✓[22m[39m retains a supported report when a later branch is inconclusive, without hiding limitations [33m 372[2mms[22m[39m
2026-10-02T04:50:01.4396603Z Not implemented: Window's getComputedStyle() method: with pseudo-elements
2026-10-02T04:50:01.7646940Z Not implemented: Window's getComputedStyle() method: with pseudo-elements
2026-10-02T04:50:02.0326577Z Not implemented: Window's getComputedStyle() method: with pseudo-elements
2026-10-02T04:50:02.0997740Z  [32m✓[39m src/utils/sysMetrics.test.js [2m([22m[2m3 tests[22m[2m)[22m[32m 12[2mms[22m[39m
2026-10-02T04:50:02.7586575Z Not implemented: Window's getComputedStyle() method: with pseudo-elements
2026-10-02T04:50:02.8402207Z  [32m✓[39m src/pages/Schedules.test.jsx [2m([22m[2m3 tests[22m[2m)[22m[33m 2492[2mms[22m[39m
2026-10-02T04:50:02.8406276Z      [33m[2m✓[22m[39m renders the schedule list [33m 1276[2mms[22m[39m
2026-10-02T04:50:02.8407981Z      [33m[2m✓[22m[39m opens the creation drawer from the primary action [33m 966[2mms[22m[39m
2026-10-02T04:50:04.2712672Z  [32m✓[39m src/utils/latsReplay.test.js [2m([22m[2m3 tests[22m[2m)[22m[32m 6[2mms[22m[39m
2026-10-02T04:50:05.5115370Z  [32m✓[39m src/utils/parseJsonPayload.test.js [2m([22m[2m2 tests[22m[2m)[22m[32m 7[2mms[22m[39m
2026-10-02T04:50:06.4606106Z  [32m✓[39m src/components/EngineeringDiagnosisSummary.integrity.test.jsx [2m([22m[2m4 tests[22m[2m)[22m[33m 872[2mms[22m[39m
2026-10-02T04:50:06.4658034Z    [33m[2m✓[22m[39m rejects an inconsistent refutation aggregate: inflated [33m 669[2mms[22m[39m
2026-10-02T04:50:07.0491517Z  [32m✓[39m src/utils/agentMetrics.test.js [2m([22m[2m2 tests[22m[2m)[22m[32m 7[2mms[22m[39m
2026-10-02T04:50:07.2218382Z  [32m✓[39m src/components/DiagnosisCaseList.test.jsx [2m([22m[2m1 test[22m[2m)[22m[33m 999[2mms[22m[39m
2026-10-02T04:50:07.2222941Z      [33m[2m✓[22m[39m separates FULL_LATS frozen replay sessions from ordinary live diagnoses [33m 995[2mms[22m[39m
2026-10-02T04:50:07.9787133Z  [32m✓[39m src/utils/parseJsonOffMainThread.test.js [2m([22m[2m1 test[22m[2m)[22m[32m 8[2mms[22m[39m
2026-10-02T04:50:08.5654748Z  [32m✓[39m src/utils/diagnosisQuery.test.js [2m([22m[2m3 tests[22m[2m)[22m[32m 5[2mms[22m[39m
2026-10-02T04:50:09.7447030Z  [32m✓[39m src/utils/skillBenchmark.test.js [2m([22m[2m7 tests[22m[2m)[22m[32m 10[2mms[22m[39m
2026-10-02T04:50:09.9997542Z  [32m✓[39m src/utils/latsSearch.test.js [2m([22m[2m8 tests[22m[2m)[22m[32m 6[2mms[22m[39m
2026-10-02T04:50:10.5766579Z  [32m✓[39m src/components/StatusTag.test.jsx [2m([22m[2m2 tests[22m[2m)[22m[32m 236[2mms[22m[39m
2026-10-02T04:50:10.5885535Z 
2026-10-02T04:50:10.5946571Z [2m Test Files [22m [1m[32m50 passed[39m[22m[90m (50)[39m
2026-10-02T04:50:10.5966847Z [2m      Tests [22m [1m[32m317 passed[39m[22m[90m (317)[39m
2026-10-02T04:50:10.5967685Z [2m   Start at [22m 04:48:40
2026-10-02T04:50:10.5968500Z [2m   Duration [22m 89.77s[2m (transform 3.38s, setup 8.27s, import 104.98s, tests 88.29s, environment 54.76s)[22m
2026-10-02T04:50:10.5968922Z 
2026-10-02T04:50:10.6589128Z ##[group]Run npm run audit:prod
2026-10-02T04:50:10.6589445Z [36;1mnpm run audit:prod[0m
2026-10-02T04:50:10.6660979Z shell: /usr/bin/bash -e {0}
2026-10-02T04:50:10.6661250Z ##[endgroup]
2026-10-02T04:50:10.7722890Z 
2026-10-02T04:50:10.7723563Z > mini-drop-web@0.1.0 audit:prod
2026-10-02T04:50:10.7724250Z > npm audit --omit=dev --audit-level=high --registry=https://registry.npmjs.org
2026-10-02T04:50:10.7724650Z 
2026-10-02T04:50:11.1983134Z # npm audit report
2026-10-02T04:50:11.1983471Z 
2026-10-02T04:50:11.1983702Z dompurify  3.4.13 - 3.4.15
2026-10-02T04:50:11.1985780Z DOMPurify: IN_PLACE: node-removing afterSanitize hook leaves detached subtree event handlers armed, causing DOM XSS - https://github.com/advisories/GHSA-p98j-92pf-mc4p
2026-10-02T04:50:11.1987343Z fix available via `npm audit fix`
2026-10-02T04:50:11.1987906Z node_modules/dompurify
2026-10-02T04:50:11.1988190Z 
2026-10-02T04:50:11.1988420Z 1 low severity vulnerability
2026-10-02T04:50:11.1988724Z 
2026-10-02T04:50:11.1989181Z To address all issues, run:
2026-10-02T04:50:11.1989675Z   npm audit fix
2026-10-02T04:50:11.2165816Z ##[group]Run npm run build:check
2026-10-02T04:50:11.2166154Z [36;1mnpm run build:check[0m
2026-10-02T04:50:11.2239758Z shell: /usr/bin/bash -e {0}
2026-10-02T04:50:11.2240029Z ##[endgroup]
2026-10-02T04:50:11.3309334Z 
2026-10-02T04:50:11.3309836Z > mini-drop-web@0.1.0 build:check
2026-10-02T04:50:11.3310566Z > vite build && node ../scripts/check_web_bundle.mjs
2026-10-02T04:50:11.3310859Z 
2026-10-02T04:50:11.5709023Z [36mvite v8.2.2 [32mbuilding client environment for production...[36m[39m
2026-10-02T04:50:11.5821135Z transforming...
2026-10-02T04:50:12.2709622Z ✓ 4595 modules transformed.
2026-10-02T04:50:12.4748453Z rendering chunks...
2026-10-02T04:50:12.7119866Z computing gzip size...
2026-10-02T04:50:12.7325584Z dist/index.html                                0.79 kB │ gzip:   0.42 kB
2026-10-02T04:50:12.7326548Z dist/assets/parseJson.worker-mxB42-VK.js       0.83 kB
2026-10-02T04:50:12.7328051Z dist/assets/TaskResult-BAn5yWN7.css            0.32 kB │ gzip:   0.24 kB
2026-10-02T04:50:12.7329686Z dist/assets/flamegraph-VXIZzpiT.css            0.60 kB │ gzip:   0.32 kB
2026-10-02T04:50:12.7331180Z dist/assets/index-IZHbRe47.css                 8.44 kB │ gzip:   2.63 kB
2026-10-02T04:50:12.7332718Z dist/assets/AIDiagnosis-ChKDK5_y.css          90.44 kB │ gzip:  16.76 kB
2026-10-02T04:50:12.7334298Z [33m[plugin builtin:vite-reporter] 
2026-10-02T04:50:12.7335623Z dist/assets/ErrorAlert-903HQ4EN.js             0.23 kB │ gzip:   0.19 kB
2026-10-02T04:50:12.7337065Z (!) Some chunks are larger than 600 kB after minification. Consider:
2026-10-02T04:50:12.7338020Z - Using dynamic import() to code-split the application
2026-10-02T04:50:12.7339568Z - Use build.rolldownOptions.output.codeSplitting to improve chunking: https://rolldown.rs/reference/OutputOptions.codeSplitting
2026-10-02T04:50:12.7341376Z - Adjust chunk size limit for this warning via build.chunkSizeWarningLimit.[39m
2026-10-02T04:50:12.7342718Z dist/assets/ArrowLeftOutlined-D5Rce3sA.js      0.60 kB │ gzip:   0.44 kB
2026-10-02T04:50:12.7343967Z dist/assets/rolldown-runtime-B0Z9INg1.js       0.90 kB │ gzip:   0.51 kB
2026-10-02T04:50:12.7345515Z dist/assets/agentMetrics-CZoJGXne.js           1.09 kB │ gzip:   0.67 kB
2026-10-02T04:50:12.7346835Z dist/assets/CloudServerOutlined-nqMoSLwN.js    1.33 kB │ gzip:   0.78 kB
2026-10-02T04:50:12.7348158Z dist/assets/StatusTag-AVBiLPOz.js              2.03 kB │ gzip:   0.82 kB
2026-10-02T04:50:12.7349399Z dist/assets/AuditLogs-a1K87biF.js              3.87 kB │ gzip:   1.88 kB
2026-10-02T04:50:12.7350577Z dist/assets/row-D_0PZE5A.js                    5.51 kB │ gzip:   2.24 kB
2026-10-02T04:50:12.7351793Z dist/assets/collectors-9W4-i_vQ.js             6.12 kB │ gzip:   1.78 kB
2026-10-02T04:50:12.7353029Z dist/assets/alert-C2yT8MYA.js                  6.35 kB │ gzip:   2.66 kB
2026-10-02T04:50:12.7354246Z dist/assets/AgentDetail-CtRfsd4q.js            7.71 kB │ gzip:   3.15 kB
2026-10-02T04:50:12.7355776Z dist/assets/ThunderboltOutlined-_zhhsc5p.js   10.29 kB │ gzip:   4.07 kB
2026-10-02T04:50:12.7357041Z dist/assets/usePolling-CeSosOBk.js            16.17 kB │ gzip:   6.83 kB
2026-10-02T04:50:12.7358311Z dist/assets/Schedules-pjREqHJK.js             17.26 kB │ gzip:   5.82 kB
2026-10-02T04:50:12.7359562Z dist/assets/input-number-BLKstg1f.js          23.73 kB │ gzip:   8.20 kB
2026-10-02T04:50:12.7360807Z dist/assets/modal-CGyc8tVo.js                 27.89 kB │ gzip:   9.27 kB
2026-10-02T04:50:12.7362026Z dist/assets/TaskResult-Bi9jVMvr.js            29.61 kB │ gzip:  10.78 kB
2026-10-02T04:50:12.7363183Z dist/assets/d3-OVqjLuRP.js                    36.91 kB │ gzip:  12.52 kB
2026-10-02T04:50:12.7364377Z dist/assets/PlayCircleOutlined-DDH4N-mk.js    37.49 kB │ gzip:  12.80 kB
2026-10-02T04:50:12.7367525Z dist/assets/axios-B0fvnqBc.js                 49.95 kB │ gzip:  18.75 kB
2026-10-02T04:50:12.7368726Z dist/assets/Dashboard-3NWqFYj5.js             50.52 kB │ gzip:  16.62 kB
2026-10-02T04:50:12.7369923Z dist/assets/index-PkWkl8m-.js                 92.29 kB │ gzip:  32.17 kB
2026-10-02T04:50:12.7371598Z dist/assets/flamegraph-CSYLKD5W.js            96.97 kB │ gzip:  32.80 kB
2026-10-02T04:50:12.7373138Z dist/assets/react-C8_Uech3.js                178.38 kB │ gzip:  58.94 kB
2026-10-02T04:50:12.7374323Z dist/assets/table-B3EaWpvJ.js                343.42 kB │ gzip: 105.31 kB
2026-10-02T04:50:12.7375833Z dist/assets/SafeMarkdown-alpvx08N.js         389.11 kB │ gzip: 122.02 kB
2026-10-02T04:50:12.7377066Z dist/assets/client-C9stzVXG.js               397.22 kB │ gzip: 127.31 kB
2026-10-02T04:50:12.7378273Z dist/assets/AIDiagnosis-4fAFyaRv.js          425.28 kB │ gzip: 134.47 kB
2026-10-02T04:50:12.7379458Z dist/assets/echarts-C79zCWSK.js              612.21 kB │ gzip: 206.37 kB
2026-10-02T04:50:12.7379984Z 
2026-10-02T04:50:12.7380262Z [32m✓ built in 1.16s[39m
2026-10-02T04:50:12.8075793Z web bundle check passed: entry 701.9 KiB across 5 files; largest chunk echarts-C79zCWSK.js 597.9 KiB
2026-10-02T04:50:12.8333673Z Post job cleanup.
2026-10-02T04:50:12.9666180Z (node:2608) [DEP0040] DeprecationWarning: The `punycode` module is deprecated. Please use a userland alternative instead.
2026-10-02T04:50:12.9667794Z (Use `node --trace-deprecation ...` to show where the warning was created)
2026-10-02T04:50:12.9671677Z Cache hit occurred on the primary key node-cache-Linux-x64-npm-a79428a48f53c819bdf3224c6f533bf526ae1b21f28f4ee918b0bcba5121d960, not saving cache.
2026-10-02T04:50:12.9833059Z Post job cleanup.
2026-10-02T04:50:13.0739080Z [command]/usr/bin/git version
2026-10-02T04:50:13.0788260Z git version 2.55.0
2026-10-02T04:50:13.0827812Z Temporarily overriding HOME='/home/runner/work/_temp/895a6269-5c64-4613-8a49-a6852428aed2' before making global git config changes
2026-10-02T04:50:13.0830105Z Adding repository directory to the temporary git global config as a safe directory
2026-10-02T04:50:13.0833554Z [command]/usr/bin/git config --global --add safe.directory /home/runner/work/mini-drop/mini-drop
2026-10-02T04:50:13.0878937Z [command]/usr/bin/git config --local --name-only --get-regexp core\.sshCommand
2026-10-02T04:50:13.0930783Z [command]/usr/bin/git submodule foreach --recursive sh -c "git config --local --name-only --get-regexp 'core\.sshCommand' && git config --local --unset-all 'core.sshCommand' || :"
2026-10-02T04:50:13.1243293Z [command]/usr/bin/git config --local --name-only --get-regexp http\.https\:\/\/github\.com\/\.extraheader
2026-10-02T04:50:13.1286555Z http.https://github.com/.extraheader
2026-10-02T04:50:13.1326843Z [command]/usr/bin/git config --local --unset-all http.https://github.com/.extraheader
2026-10-02T04:50:13.1369257Z [command]/usr/bin/git submodule foreach --recursive sh -c "git config --local --name-only --get-regexp 'http\.https\:\/\/github\.com\/\.extraheader' && git config --local --unset-all 'http.https://github.com/.extraheader' || :"
2026-10-02T04:50:13.1779739Z [command]/usr/bin/git config --local --name-only --get-regexp ^includeIf\.gitdir:
2026-10-02T04:50:13.1840063Z [command]/usr/bin/git submodule foreach --recursive git config --local --show-origin --name-only --get-regexp remote.origin.url
2026-10-02T04:50:13.2316943Z Cleaning up orphan processes
2026-10-02T04:50:13.2645334Z ##[warning]Node.js 20 is deprecated. The following actions target Node.js 20 but are being forced to run on Node.js 24: actions/checkout@v4, actions/setup-node@v4. For more information see: https://github.blog/changelog/2025-09-19-deprecation-of-node-20-on-github-actions-runners/
