2026-10-02T04:48:19.4504307Z Current runner version: '2.337.0'
2026-10-02T04:48:19.4531587Z ##[group]Runner Image Provisioner
2026-10-02T04:48:19.4532628Z Hosted Compute Agent
2026-10-02T04:48:19.4533809Z Version: 20260901.588
2026-10-02T04:48:19.4534524Z Commit: f88ec8081b781fac6c440065ac7ff9e710ce3d0b
2026-10-02T04:48:19.4535268Z Build Date: 2026-09-01T19:56:44Z
2026-10-02T04:48:19.4536384Z Worker ID: {1af6b9e3-f9dc-4230-b28f-b15109c0e7b8}
2026-10-02T04:48:19.4537211Z Azure Region: eastus
2026-10-02T04:48:19.4537956Z ##[endgroup]
2026-10-02T04:48:19.4539560Z ##[group]Operating System
2026-10-02T04:48:19.4540268Z Ubuntu
2026-10-02T04:48:19.4541023Z 22.04.5
2026-10-02T04:48:19.4541572Z LTS
2026-10-02T04:48:19.4542352Z ##[endgroup]
2026-10-02T04:48:19.4542979Z ##[group]Runner Image
2026-10-02T04:48:19.4544044Z Image: ubuntu-22.04
2026-10-02T04:48:19.4544805Z Version: 20260927.309.1
2026-10-02T04:48:19.4546186Z Included Software: https://github.com/actions/runner-images/blob/ubuntu22/20260927.309/images/ubuntu/Ubuntu2204-Readme.md
2026-10-02T04:48:19.4547963Z Image Release: https://github.com/actions/runner-images/releases/tag/ubuntu22%2F20260927.309
2026-10-02T04:48:19.4549008Z ##[endgroup]
2026-10-02T04:48:19.4550448Z ##[group]GITHUB_TOKEN Permissions
2026-10-02T04:48:19.4553372Z Contents: read
2026-10-02T04:48:19.4554081Z Metadata: read
2026-10-02T04:48:19.4554697Z Packages: read
2026-10-02T04:48:19.4555409Z ##[endgroup]
2026-10-02T04:48:19.4557640Z Secret source: Actions
2026-10-02T04:48:19.4558851Z Cache mode: write
2026-10-02T04:48:19.4559899Z Prepare workflow directory
2026-10-02T04:48:19.4980435Z Prepare all required actions
2026-10-02T04:48:19.5029560Z Getting action download info
2026-10-02T04:48:19.7200997Z Download action repository 'actions/checkout@v4' (SHA:11d5960a326750d5838078e36cf38b85af677262)
2026-10-02T04:48:19.8234470Z Download action repository 'actions/setup-go@v5' (SHA:40f1582b2485089dde7abd97c1529aa768e1baff)
2026-10-02T04:48:20.0136715Z Download action repository 'actions/upload-artifact@v4' (SHA:ea165f8d65b6e75b540449e92b4886f43607fa02)
2026-10-02T04:48:20.1480464Z Download action repository 'golangci/golangci-lint-action@v9' (SHA:ba0d7d2ec06a0ea1cb5fa41b2e4a3ab91d21278a)
2026-10-02T04:48:20.4837893Z Complete job name: Go (apiserver)
2026-10-02T04:48:20.5813879Z ##[group]Run actions/checkout@v4
2026-10-02T04:48:20.5815311Z with:
2026-10-02T04:48:20.5816155Z   repository: llongwang751-arch/mini-drop
2026-10-02T04:48:20.5825287Z   token: ***
2026-10-02T04:48:20.5826099Z   ssh-strict: true
2026-10-02T04:48:20.5826906Z   ssh-user: git
2026-10-02T04:48:20.5827728Z   persist-credentials: true
2026-10-02T04:48:20.5828638Z   clean: true
2026-10-02T04:48:20.5829472Z   sparse-checkout-cone-mode: true
2026-10-02T04:48:20.5830453Z   fetch-depth: 1
2026-10-02T04:48:20.5831244Z   fetch-tags: false
2026-10-02T04:48:20.5832064Z   show-progress: true
2026-10-02T04:48:20.5832908Z   lfs: false
2026-10-02T04:48:20.5833846Z   submodules: false
2026-10-02T04:48:20.5834682Z   set-safe-directory: true
2026-10-02T04:48:20.5835636Z   allow-unsafe-pr-checkout: false
2026-10-02T04:48:20.5836987Z ##[endgroup]
2026-10-02T04:48:20.6954091Z Syncing repository: llongwang751-arch/mini-drop
2026-10-02T04:48:20.6958281Z ##[group]Getting Git version info
2026-10-02T04:48:20.6959895Z Working directory is '/home/runner/work/mini-drop/mini-drop'
2026-10-02T04:48:20.6962109Z [command]/usr/bin/git version
2026-10-02T04:48:20.7053368Z git version 2.55.0
2026-10-02T04:48:20.7086639Z ##[endgroup]
2026-10-02T04:48:20.7114434Z Temporarily overriding HOME='/home/runner/work/_temp/44d89354-f5e4-4b9c-a790-fccea3c1d012' before making global git config changes
2026-10-02T04:48:20.7117507Z Adding repository directory to the temporary git global config as a safe directory
2026-10-02T04:48:20.7120030Z [command]/usr/bin/git config --global --add safe.directory /home/runner/work/mini-drop/mini-drop
2026-10-02T04:48:20.7158771Z Deleting the contents of '/home/runner/work/mini-drop/mini-drop'
2026-10-02T04:48:20.7167075Z ##[group]Initializing the repository
2026-10-02T04:48:20.7170824Z [command]/usr/bin/git init /home/runner/work/mini-drop/mini-drop
2026-10-02T04:48:20.7311843Z hint: Using 'master' as the name for the initial branch. This default branch name
2026-10-02T04:48:20.7315581Z hint: will change to "main" in Git 3.0. To configure the initial branch name
2026-10-02T04:48:20.7319361Z hint: to use in all of your new repositories, which will suppress this warning,
2026-10-02T04:48:20.7322404Z hint: call:
2026-10-02T04:48:20.7324432Z hint:
2026-10-02T04:48:20.7326672Z hint: 	git config --global init.defaultBranch <name>
2026-10-02T04:48:20.7329053Z hint:
2026-10-02T04:48:20.7330694Z hint: Names commonly chosen instead of 'master' are 'main', 'trunk' and
2026-10-02T04:48:20.7332674Z hint: 'development'. The just-created branch can be renamed via this command:
2026-10-02T04:48:20.7335308Z hint:
2026-10-02T04:48:20.7336669Z hint: 	git branch -m <name>
2026-10-02T04:48:20.7338210Z hint:
2026-10-02T04:48:20.7340353Z hint: Disable this message with "git config set advice.defaultBranchName false"
2026-10-02T04:48:20.7344260Z Initialized empty Git repository in /home/runner/work/mini-drop/mini-drop/.git/
2026-10-02T04:48:20.7350117Z [command]/usr/bin/git remote add origin https://github.com/llongwang751-arch/mini-drop
2026-10-02T04:48:20.7379750Z ##[endgroup]
2026-10-02T04:48:20.7382390Z ##[group]Disabling automatic garbage collection
2026-10-02T04:48:20.7385368Z [command]/usr/bin/git config --local gc.auto 0
2026-10-02T04:48:20.7423558Z ##[endgroup]
2026-10-02T04:48:20.7425978Z ##[group]Setting up auth
2026-10-02T04:48:20.7432115Z [command]/usr/bin/git config --local --name-only --get-regexp core\.sshCommand
2026-10-02T04:48:20.7471931Z [command]/usr/bin/git submodule foreach --recursive sh -c "git config --local --name-only --get-regexp 'core\.sshCommand' && git config --local --unset-all 'core.sshCommand' || :"
2026-10-02T04:48:20.7913516Z [command]/usr/bin/git config --local --name-only --get-regexp http\.https\:\/\/github\.com\/\.extraheader
2026-10-02T04:48:20.7963052Z [command]/usr/bin/git submodule foreach --recursive sh -c "git config --local --name-only --get-regexp 'http\.https\:\/\/github\.com\/\.extraheader' && git config --local --unset-all 'http.https://github.com/.extraheader' || :"
2026-10-02T04:48:20.8243631Z [command]/usr/bin/git config --local --name-only --get-regexp ^includeIf\.gitdir:
2026-10-02T04:48:20.8285335Z [command]/usr/bin/git submodule foreach --recursive git config --local --show-origin --name-only --get-regexp remote.origin.url
2026-10-02T04:48:20.8555373Z [command]/usr/bin/git config --local http.https://github.com/.extraheader AUTHORIZATION: basic ***
2026-10-02T04:48:20.8602560Z ##[endgroup]
2026-10-02T04:48:20.8604482Z ##[group]Fetching the repository
2026-10-02T04:48:20.8613714Z [command]/usr/bin/git -c protocol.version=2 fetch --no-tags --prune --no-recurse-submodules --depth=1 origin +4106ef148573cc39036eb099b4ac1f7757f9f645:refs/remotes/pull/1/merge
2026-10-02T04:48:27.7327397Z From https://github.com/llongwang751-arch/mini-drop
2026-10-02T04:48:27.7336648Z  * [new ref]         4106ef148573cc39036eb099b4ac1f7757f9f645 -> pull/1/merge
2026-10-02T04:48:27.7339399Z ##[endgroup]
2026-10-02T04:48:27.7340169Z ##[group]Determining the checkout info
2026-10-02T04:48:27.7341045Z ##[endgroup]
2026-10-02T04:48:27.7343894Z [command]/usr/bin/git sparse-checkout disable
2026-10-02T04:48:27.7417628Z [command]/usr/bin/git config --local --unset-all extensions.worktreeConfig
2026-10-02T04:48:27.7455822Z ##[group]Checking out the ref
2026-10-02T04:48:27.7459561Z [command]/usr/bin/git checkout --progress --force refs/remotes/pull/1/merge
2026-10-02T04:48:28.7606119Z Updating files:  66% (2587/3871)
2026-10-02T04:48:28.7888145Z Updating files:  67% (2594/3871)
2026-10-02T04:48:28.8028019Z Updating files:  68% (2633/3871)
2026-10-02T04:48:28.8080931Z Updating files:  69% (2671/3871)
2026-10-02T04:48:28.8140026Z Updating files:  70% (2710/3871)
2026-10-02T04:48:28.8209637Z Updating files:  71% (2749/3871)
2026-10-02T04:48:28.8276808Z Updating files:  72% (2788/3871)
2026-10-02T04:48:28.8344017Z Updating files:  73% (2826/3871)
2026-10-02T04:48:28.8378955Z Updating files:  74% (2865/3871)
2026-10-02T04:48:28.8409946Z Updating files:  75% (2904/3871)
2026-10-02T04:48:28.8434592Z Updating files:  76% (2942/3871)
2026-10-02T04:48:28.8480096Z Updating files:  77% (2981/3871)
2026-10-02T04:48:28.8517147Z Updating files:  78% (3020/3871)
2026-10-02T04:48:28.8552648Z Updating files:  79% (3059/3871)
2026-10-02T04:48:28.8619308Z Updating files:  80% (3097/3871)
2026-10-02T04:48:28.8655379Z Updating files:  81% (3136/3871)
2026-10-02T04:48:28.8687784Z Updating files:  82% (3175/3871)
2026-10-02T04:48:28.8780026Z Updating files:  83% (3213/3871)
2026-10-02T04:48:28.8847248Z Updating files:  84% (3252/3871)
2026-10-02T04:48:28.8897646Z Updating files:  85% (3291/3871)
2026-10-02T04:48:28.8941215Z Updating files:  86% (3330/3871)
2026-10-02T04:48:28.8966505Z Updating files:  87% (3368/3871)
2026-10-02T04:48:28.8998120Z Updating files:  88% (3407/3871)
2026-10-02T04:48:28.9023665Z Updating files:  89% (3446/3871)
2026-10-02T04:48:28.9072211Z Updating files:  90% (3484/3871)
2026-10-02T04:48:28.9099027Z Updating files:  91% (3523/3871)
2026-10-02T04:48:28.9124443Z Updating files:  92% (3562/3871)
2026-10-02T04:48:28.9149298Z Updating files:  93% (3601/3871)
2026-10-02T04:48:28.9174026Z Updating files:  94% (3639/3871)
2026-10-02T04:48:28.9241523Z Updating files:  95% (3678/3871)
2026-10-02T04:48:28.9338522Z Updating files:  96% (3717/3871)
2026-10-02T04:48:28.9362526Z Updating files:  97% (3755/3871)
2026-10-02T04:48:28.9390025Z Updating files:  98% (3794/3871)
2026-10-02T04:48:28.9412295Z Updating files:  99% (3833/3871)
2026-10-02T04:48:28.9413400Z Updating files: 100% (3871/3871)
2026-10-02T04:48:28.9413941Z Updating files: 100% (3871/3871), done.
2026-10-02T04:48:28.9472274Z Note: switching to 'refs/remotes/pull/1/merge'.
2026-10-02T04:48:28.9472953Z 
2026-10-02T04:48:28.9473859Z You are in 'detached HEAD' state. You can look around, make experimental
2026-10-02T04:48:28.9475203Z changes and commit them, and you can discard any commits you make in this
2026-10-02T04:48:28.9476242Z state without impacting any branches by switching back to a branch.
2026-10-02T04:48:28.9476757Z 
2026-10-02T04:48:28.9477616Z If you want to create a new branch to retain commits you create, you may
2026-10-02T04:48:28.9478521Z do so (now or later) by using -c with the switch command. Example:
2026-10-02T04:48:28.9479008Z 
2026-10-02T04:48:28.9479198Z   git switch -c <new-branch-name>
2026-10-02T04:48:28.9479501Z 
2026-10-02T04:48:28.9479692Z Or undo this operation with:
2026-10-02T04:48:28.9479989Z 
2026-10-02T04:48:28.9480134Z   git switch -
2026-10-02T04:48:28.9480348Z 
2026-10-02T04:48:28.9480717Z Turn off this advice by setting config variable advice.detachedHead to false
2026-10-02T04:48:28.9481277Z 
2026-10-02T04:48:28.9481900Z HEAD is now at 4106ef1 Merge de094fff754f2d8cb7139dd99e31c7a30d5fb754 into 609ea8a73f845b496b59b5cae181f515c5919850
2026-10-02T04:48:28.9587016Z ##[endgroup]
2026-10-02T04:48:28.9654185Z [command]/usr/bin/git log -1 --format=%H
2026-10-02T04:48:28.9689472Z 4106ef148573cc39036eb099b4ac1f7757f9f645
2026-10-02T04:48:28.9969252Z ##[group]Run actions/setup-go@v5
2026-10-02T04:48:28.9969537Z with:
2026-10-02T04:48:28.9969748Z   go-version-file: apiserver/go.mod
2026-10-02T04:48:28.9970041Z   cache-dependency-path: apiserver/go.sum
2026-10-02T04:48:28.9970305Z   cache: true
2026-10-02T04:48:28.9970511Z   check-latest: false
2026-10-02T04:48:28.9972875Z   token: ***
2026-10-02T04:48:28.9973075Z ##[endgroup]
2026-10-02T04:48:29.1393395Z Setup go version spec 1.26.8
2026-10-02T04:48:29.1427105Z Found in cache @ /opt/hostedtoolcache/go/1.26.8/x64
2026-10-02T04:48:29.1428965Z (node:2086) [DEP0040] DeprecationWarning: The `punycode` module is deprecated. Please use a userland alternative instead.
2026-10-02T04:48:29.1433261Z (Use `node --trace-deprecation ...` to show where the warning was created)
2026-10-02T04:48:29.1433955Z Added go to the path
2026-10-02T04:48:29.1437597Z Successfully set up Go version 1.26.8
2026-10-02T04:48:29.6504311Z [command]/opt/hostedtoolcache/go/1.26.8/x64/bin/go env GOMODCACHE
2026-10-02T04:48:29.6543365Z [command]/opt/hostedtoolcache/go/1.26.8/x64/bin/go env GOCACHE
2026-10-02T04:48:29.6631160Z /home/runner/go/pkg/mod
2026-10-02T04:48:29.6645558Z /home/runner/.cache/go-build
2026-10-02T04:48:29.7438076Z Cache hit for: setup-go-Linux-x64-ubuntu22-go-1.26.8-53ddbd53d793e3fffd22ee7f29b9841d7ddf0fd59f4a944399a5c4503dd61af9
2026-10-02T04:48:29.7551993Z (node:2086) [DEP0169] DeprecationWarning: `url.parse()` behavior is not standardized and prone to errors that have security implications. Use the WHATWG URL API instead. CVEs are not issued for `url.parse()` vulnerabilities.
2026-10-02T04:48:30.8075805Z Received 32217139 of 44800051 (71.9%), 30.7 MBs/sec
2026-10-02T04:48:31.8088886Z Received 32217139 of 44800051 (71.9%), 15.3 MBs/sec
2026-10-02T04:48:32.8094654Z Received 32217139 of 44800051 (71.9%), 10.2 MBs/sec
2026-10-02T04:48:33.8106774Z Received 32217139 of 44800051 (71.9%), 7.7 MBs/sec
2026-10-02T04:48:34.8120203Z Received 32217139 of 44800051 (71.9%), 6.1 MBs/sec
2026-10-02T04:48:35.0843719Z Received 44800051 of 44800051 (100.0%), 8.1 MBs/sec
2026-10-02T04:48:35.0844666Z Cache Size: ~43 MB (44800051 B)
2026-10-02T04:48:35.0902022Z [command]/usr/bin/tar -xf /home/runner/work/_temp/cd77162f-9ad0-4a4f-abfc-63cbd710a549/cache.tzst -P -C /home/runner/work/mini-drop/mini-drop --use-compress-program unzstd
2026-10-02T04:48:35.5372910Z Cache restored successfully
2026-10-02T04:48:35.5479263Z Cache restored from key: setup-go-Linux-x64-ubuntu22-go-1.26.8-53ddbd53d793e3fffd22ee7f29b9841d7ddf0fd59f4a944399a5c4503dd61af9
2026-10-02T04:48:35.5505363Z go version go1.26.8 linux/amd64
2026-10-02T04:48:35.5505587Z 
2026-10-02T04:48:35.5505976Z ##[group]go env
2026-10-02T04:48:35.5795803Z AR='ar'
2026-10-02T04:48:35.5796176Z CC='gcc'
2026-10-02T04:48:35.5796534Z CGO_CFLAGS='-O2 -g'
2026-10-02T04:48:35.5796929Z CGO_CPPFLAGS=''
2026-10-02T04:48:35.5797294Z CGO_CXXFLAGS='-O2 -g'
2026-10-02T04:48:35.5797562Z CGO_ENABLED='1'
2026-10-02T04:48:35.5797826Z CGO_FFLAGS='-O2 -g'
2026-10-02T04:48:35.5798081Z CGO_LDFLAGS='-O2 -g'
2026-10-02T04:48:35.5798313Z CXX='g++'
2026-10-02T04:48:35.5798534Z GCCGO='gccgo'
2026-10-02T04:48:35.5798772Z GO111MODULE=''
2026-10-02T04:48:35.5798989Z GOAMD64='v1'
2026-10-02T04:48:35.5799202Z GOARCH='amd64'
2026-10-02T04:48:35.5799428Z GOAUTH='netrc'
2026-10-02T04:48:35.5799639Z GOBIN=''
2026-10-02T04:48:35.5799880Z GOCACHE='/home/runner/.cache/go-build'
2026-10-02T04:48:35.5800185Z GOCACHEPROG=''
2026-10-02T04:48:35.5800403Z GODEBUG=''
2026-10-02T04:48:35.5800639Z GOENV='/home/runner/.config/go/env'
2026-10-02T04:48:35.5800921Z GOEXE=''
2026-10-02T04:48:35.5801131Z GOEXPERIMENT=''
2026-10-02T04:48:35.5801358Z GOFIPS140='off'
2026-10-02T04:48:35.5801579Z GOFLAGS=''
2026-10-02T04:48:35.5802304Z GOGCCFLAGS='-fPIC -m64 -pthread -Wl,--no-gc-sections -fmessage-length=0 -ffile-prefix-map=/tmp/go-build1438593953=/tmp/go-build -gno-record-gcc-switches'
2026-10-02T04:48:35.5803050Z GOHOSTARCH='amd64'
2026-10-02T04:48:35.5803707Z GOHOSTOS='linux'
2026-10-02T04:48:35.5803949Z GOINSECURE=''
2026-10-02T04:48:35.5804502Z GOMOD='/dev/null'
2026-10-02T04:48:35.5804778Z GOMODCACHE='/home/runner/go/pkg/mod'
2026-10-02T04:48:35.5805074Z GONOPROXY=''
2026-10-02T04:48:35.5805285Z GONOSUMDB=''
2026-10-02T04:48:35.5805500Z GOOS='linux'
2026-10-02T04:48:35.5805723Z GOPATH='/home/runner/go'
2026-10-02T04:48:35.5805997Z GOPRIVATE=''
2026-10-02T04:48:35.5806290Z GOPROXY='https://proxy.golang.org,direct'
2026-10-02T04:48:35.5806663Z GOROOT='/opt/hostedtoolcache/go/1.26.8/x64'
2026-10-02T04:48:35.5806991Z GOSUMDB='sum.golang.org'
2026-10-02T04:48:35.5807246Z GOTELEMETRY='local'
2026-10-02T04:48:35.5807523Z GOTELEMETRYDIR='/home/runner/.config/go/telemetry'
2026-10-02T04:48:35.5807834Z GOTMPDIR=''
2026-10-02T04:48:35.5808062Z GOTOOLCHAIN='auto'
2026-10-02T04:48:35.5808383Z GOTOOLDIR='/opt/hostedtoolcache/go/1.26.8/x64/pkg/tool/linux_amd64'
2026-10-02T04:48:35.5808732Z GOVCS=''
2026-10-02T04:48:35.5808923Z GOVERSION='go1.26.8'
2026-10-02T04:48:35.5809318Z GOWORK=''
2026-10-02T04:48:35.5809522Z PKG_CONFIG='pkg-config'
2026-10-02T04:48:35.5809671Z 
2026-10-02T04:48:35.5810034Z ##[endgroup]
2026-10-02T04:48:35.6016287Z ##[group]Run go vet ./...
2026-10-02T04:48:35.6016625Z [36;1mgo vet ./...[0m
2026-10-02T04:48:35.6392010Z shell: /usr/bin/bash -e {0}
2026-10-02T04:48:35.6392326Z ##[endgroup]
2026-10-02T04:48:36.2359494Z go: downloading github.com/minio/minio-go/v7 v7.0.95
2026-10-02T04:48:36.3011399Z go: downloading google.golang.org/grpc v1.83.2
2026-10-02T04:48:36.6037966Z go: downloading google.golang.org/protobuf v1.36.11
2026-10-02T04:48:36.8274009Z go: downloading github.com/google/uuid v1.6.0
2026-10-02T04:48:36.8275278Z go: downloading github.com/dustin/go-humanize v1.0.1
2026-10-02T04:48:36.8276212Z go: downloading github.com/klauspost/compress v1.18.7
2026-10-02T04:48:36.8468816Z go: downloading github.com/minio/crc64nvme v1.0.2
2026-10-02T04:48:36.8489779Z go: downloading github.com/minio/md5-simd v1.1.2
2026-10-02T04:48:36.8559647Z go: downloading golang.org/x/net v0.58.0
2026-10-02T04:48:37.0303780Z go: downloading github.com/go-ini/ini v1.67.0
2026-10-02T04:48:37.0977709Z go: downloading google.golang.org/genproto/googleapis/rpc v0.0.0-20260526163538-3dc84a4a5aaa
2026-10-02T04:48:37.1709292Z go: downloading github.com/klauspost/cpuid/v2 v2.2.11
2026-10-02T04:48:37.1713582Z go: downloading github.com/goccy/go-json v0.10.5
2026-10-02T04:48:37.1872042Z go: downloading golang.org/x/crypto v0.56.0
2026-10-02T04:48:37.2199319Z go: downloading github.com/rs/xid v1.6.0
2026-10-02T04:48:37.2899561Z go: downloading golang.org/x/sys v0.47.0
2026-10-02T04:48:37.4118150Z go: downloading github.com/tinylib/msgp v1.3.0
2026-10-02T04:48:37.5551666Z go: downloading github.com/philhofer/fwd v1.2.0
2026-10-02T04:49:18.4877119Z ##[group]Run go test -race -count=1 ./...
2026-10-02T04:49:18.4877523Z [36;1mgo test -race -count=1 ./...[0m
2026-10-02T04:49:18.4947756Z shell: /usr/bin/bash -e {0}
2026-10-02T04:49:18.4948011Z ##[endgroup]
2026-10-02T04:49:45.2486753Z ?   	mini-drop/apiserver/cmd/apiserver	[no test files]
2026-10-02T04:49:46.2690532Z ok  	mini-drop/apiserver/internal/config	1.019s
2026-10-02T04:49:46.5894288Z ok  	mini-drop/apiserver/internal/cron	1.337s
2026-10-02T04:49:46.5924132Z ?   	mini-drop/apiserver/internal/errorcode	[no test files]
2026-10-02T04:49:46.5943791Z ?   	mini-drop/apiserver/internal/gen/mini_drop	[no test files]
2026-10-02T04:49:47.7406772Z ok  	mini-drop/apiserver/internal/httpapi	1.057s
2026-10-02T04:49:47.7407225Z ok  	mini-drop/apiserver/internal/objectstore	1.028s
2026-10-02T04:49:47.7407617Z ok  	mini-drop/apiserver/internal/repository	1.022s
2026-10-02T04:49:47.7407976Z ok  	mini-drop/apiserver/internal/scheduler	1.019s
2026-10-02T04:49:48.7139136Z ok  	mini-drop/apiserver/internal/taskkind	1.015s
2026-10-02T04:49:48.7139971Z ?   	mini-drop/apiserver/internal/taskstatus	[no test files]
2026-10-02T04:49:48.7884540Z ##[group]Run go install golang.org/x/vuln/cmd/govulncheck@v1.8.0
2026-10-02T04:49:48.7885056Z [36;1mgo install golang.org/x/vuln/cmd/govulncheck@v1.8.0[0m
2026-10-02T04:49:48.7956208Z shell: /usr/bin/bash -e {0}
2026-10-02T04:49:48.7956478Z ##[endgroup]
2026-10-02T04:49:48.8372298Z go: downloading golang.org/x/vuln v1.8.0
2026-10-02T04:49:48.9667056Z go: downloading golang.org/x/telemetry v0.0.0-20260908163034-4bcc4b2ee518
2026-10-02T04:49:48.9741730Z go: downloading golang.org/x/mod v0.41.0
2026-10-02T04:49:48.9749753Z go: downloading golang.org/x/tools v0.50.0
2026-10-02T04:49:49.0863525Z go: downloading golang.org/x/sync v0.23.0
2026-10-02T04:49:55.5659460Z ##[group]Run set -euo pipefail
2026-10-02T04:49:55.5659808Z [36;1mset -euo pipefail[0m
2026-10-02T04:49:55.5660080Z [36;1mmkdir -p ../output/go-security[0m
2026-10-02T04:49:55.5660459Z [36;1mgovulncheck -json ./... > ../output/go-security/source.json[0m
2026-10-02T04:49:55.5660917Z [36;1mgovulncheck ./... | tee ../output/go-security/source.txt[0m
2026-10-02T04:49:55.5661443Z [36;1mCGO_ENABLED=0 go build -trimpath -o ../output/go-security/apiserver ./cmd/apiserver[0m
2026-10-02T04:49:55.5662291Z [36;1mgo version -m ../output/go-security/apiserver > ../output/go-security/binary-build.txt[0m
2026-10-02T04:49:55.5662950Z [36;1mgovulncheck -mode=binary ../output/go-security/apiserver | tee ../output/go-security/binary.txt[0m
2026-10-02T04:49:55.5663910Z [36;1msha256sum ../output/go-security/apiserver > ../output/go-security/binary.sha256[0m
2026-10-02T04:49:55.5736579Z shell: /usr/bin/bash --noprofile --norc -e -o pipefail {0}
2026-10-02T04:49:55.5737002Z ##[endgroup]
2026-10-02T04:50:01.6672855Z === Symbol Results ===
2026-10-02T04:50:01.6673536Z 
2026-10-02T04:50:01.6673874Z No vulnerabilities found.
2026-10-02T04:50:01.6674145Z 
2026-10-02T04:50:01.6674343Z Your code is affected by 0 vulnerabilities.
2026-10-02T04:50:01.6674956Z This scan also found 0 vulnerabilities in packages you import and 1
2026-10-02T04:50:01.6675757Z vulnerability in modules you require, but your code doesn't appear to call these
2026-10-02T04:50:01.6676397Z vulnerabilities.
2026-10-02T04:50:01.6676772Z Use '-show verbose' for more details.
2026-10-02T04:50:37.6586617Z === Symbol Results ===
2026-10-02T04:50:37.6593780Z 
2026-10-02T04:50:37.6594056Z No vulnerabilities found.
2026-10-02T04:50:37.6594366Z 
2026-10-02T04:50:37.6594588Z Your code is affected by 0 vulnerabilities.
2026-10-02T04:50:37.6595289Z This scan also found 0 vulnerabilities in packages you import and 1
2026-10-02T04:50:37.6596163Z vulnerability in modules you require, but your code doesn't appear to call these
2026-10-02T04:50:37.6596855Z vulnerabilities.
2026-10-02T04:50:37.6597213Z Use '-show verbose' for more details.
2026-10-02T04:50:37.7881056Z ##[group]Run actions/upload-artifact@v4
2026-10-02T04:50:37.7881369Z with:
2026-10-02T04:50:37.7881645Z   name: go-security-4106ef148573cc39036eb099b4ac1f7757f9f645-1
2026-10-02T04:50:37.7881992Z   path: output/go-security/
2026-10-02T04:50:37.7882246Z   if-no-files-found: error
2026-10-02T04:50:37.7882484Z   compression-level: 6
2026-10-02T04:50:37.7882717Z   overwrite: false
2026-10-02T04:50:37.7882929Z   include-hidden-files: false
2026-10-02T04:50:37.7883474Z ##[endgroup]
2026-10-02T04:50:37.9785678Z (node:12791) [DEP0040] DeprecationWarning: The `punycode` module is deprecated. Please use a userland alternative instead.
2026-10-02T04:50:37.9786712Z (Use `node --trace-deprecation ...` to show where the warning was created)
2026-10-02T04:50:37.9893564Z With the provided path, there will be 6 files uploaded
2026-10-02T04:50:37.9895449Z Artifact name is valid!
2026-10-02T04:50:37.9896610Z Root directory input is valid!
2026-10-02T04:50:38.1765763Z Beginning upload of artifact content to blob storage
2026-10-02T04:50:38.8737860Z (node:12791) [DEP0169] DeprecationWarning: `url.parse()` behavior is not standardized and prone to errors that have security implications. Use the WHATWG URL API instead. CVEs are not issued for `url.parse()` vulnerabilities.
2026-10-02T04:50:39.0501250Z Uploaded bytes 8388608
2026-10-02T04:50:39.2511978Z Uploaded bytes 14650414
2026-10-02T04:50:39.2660561Z Finished uploading artifact content to blob storage!
2026-10-02T04:50:39.2661563Z SHA256 digest of uploaded artifact zip is 0e45dcebc2759be19ad3734b8a12f66ffafd972297b28f4372d455a390627770
2026-10-02T04:50:39.2663734Z Finalizing artifact upload
2026-10-02T04:50:39.4655479Z Artifact go-security-4106ef148573cc39036eb099b4ac1f7757f9f645-1.zip successfully finalized. Artifact ID 11210306342
2026-10-02T04:50:39.4657674Z Artifact go-security-4106ef148573cc39036eb099b4ac1f7757f9f645-1 has been successfully uploaded! Final size is 14650414 bytes. Artifact ID is 11210306342
2026-10-02T04:50:39.4662856Z Artifact download URL: https://github.com/llongwang751-arch/mini-drop/actions/runs/36966142203/artifacts/11210306342
2026-10-02T04:50:39.4871507Z ##[group]Run golangci/golangci-lint-action@v9
2026-10-02T04:50:39.4871857Z with:
2026-10-02T04:50:39.4872060Z   version: v2.14.0
2026-10-02T04:50:39.4872296Z   working-directory: apiserver
2026-10-02T04:50:39.4872594Z   args: --issues-exit-code=1
2026-10-02T04:50:39.4873059Z   install-mode: binary
2026-10-02T04:50:39.4873678Z   install-only: false
2026-10-02T04:50:39.4876054Z   github-token: ***
2026-10-02T04:50:39.4876289Z   verify: true
2026-10-02T04:50:39.4876508Z   only-new-issues: false
2026-10-02T04:50:39.4876745Z   skip-cache: false
2026-10-02T04:50:39.4876971Z   skip-save-cache: false
2026-10-02T04:50:39.4877218Z   cache-invalidation-interval: 7
2026-10-02T04:50:39.4877490Z   problem-matchers: false
2026-10-02T04:50:39.4877723Z ##[endgroup]
2026-10-02T04:50:39.6456688Z ##[group]Restore cache
2026-10-02T04:50:39.6461457Z Checking for go.mod: apiserver/go.mod
2026-10-02T04:50:39.7205944Z Cache hit for: golangci-lint.cache-Linux-apiserver-2961-ad8c36800235b485851ccc9662e431fc2cd54984
2026-10-02T04:50:39.8131383Z Received 412620 of 412620 (100.0%), 8.6 MBs/sec
2026-10-02T04:50:39.8132024Z Cache Size: ~0 MB (412620 B)
2026-10-02T04:50:39.8182122Z [command]/usr/bin/tar -xf /home/runner/work/_temp/a0735f9e-e609-4670-849a-5bae833c6fac/cache.tzst -P -C /home/runner/work/mini-drop/mini-drop --use-compress-program unzstd
2026-10-02T04:50:39.9399436Z Cache restored successfully
2026-10-02T04:50:39.9405823Z Restored cache for golangci-lint from key 'golangci-lint.cache-Linux-apiserver-2961-ad8c36800235b485851ccc9662e431fc2cd54984' in 295ms
2026-10-02T04:50:39.9407347Z ##[endgroup]
2026-10-02T04:50:39.9407944Z ##[group]Install
2026-10-02T04:50:39.9408606Z Finding needed golangci-lint version...
2026-10-02T04:50:39.9412244Z Installation mode: binary
2026-10-02T04:50:39.9413421Z Installing golangci-lint binary v2.14.0...
2026-10-02T04:50:39.9415218Z Downloading binary https://github.com/golangci/golangci-lint/releases/download/v2.14.0/golangci-lint-2.14.0-linux-amd64.tar.gz ...
2026-10-02T04:50:40.0886364Z [command]/usr/bin/tar xz --overwrite --warning=no-unknown-keyword --overwrite -C /home/runner -f /home/runner/work/_temp/d1ab7e39-dc83-40e7-b0b3-fd32cecb27a4
2026-10-02T04:50:40.3506941Z Installed golangci-lint into /home/runner/golangci-lint-2.14.0-linux-amd64/golangci-lint in 409ms
2026-10-02T04:50:40.3511377Z ##[endgroup]
2026-10-02T04:50:40.3516582Z ##[group]run golangci-lint
2026-10-02T04:50:40.3521939Z Running [/home/runner/golangci-lint-2.14.0-linux-amd64/golangci-lint config path] in [/home/runner/work/mini-drop/mini-drop/apiserver] ...
2026-10-02T04:50:40.4439626Z Running [/home/runner/golangci-lint-2.14.0-linux-amd64/golangci-lint run --path-mode=abs --issues-exit-code=1] in [/home/runner/work/mini-drop/mini-drop/apiserver] ...
2026-10-02T04:50:44.2895994Z 0 issues.
2026-10-02T04:50:44.2896278Z 
2026-10-02T04:50:44.2896509Z golangci-lint found no issues
2026-10-02T04:50:44.2896995Z Ran golangci-lint in 3846ms
2026-10-02T04:50:44.2897561Z ##[endgroup]
2026-10-02T04:50:44.3120368Z Post job cleanup.
2026-10-02T04:50:44.4761257Z Cache hit occurred on the primary key golangci-lint.cache-Linux-apiserver-2961-ad8c36800235b485851ccc9662e431fc2cd54984, not saving cache.
2026-10-02T04:50:44.4957489Z Post job cleanup.
2026-10-02T04:50:44.6599883Z (node:13007) [DEP0040] DeprecationWarning: The `punycode` module is deprecated. Please use a userland alternative instead.
2026-10-02T04:50:44.6600900Z (Use `node --trace-deprecation ...` to show where the warning was created)
2026-10-02T04:50:44.6674217Z [command]/opt/hostedtoolcache/go/1.26.8/x64/bin/go env GOMODCACHE
2026-10-02T04:50:44.6725089Z [command]/opt/hostedtoolcache/go/1.26.8/x64/bin/go env GOCACHE
2026-10-02T04:50:44.6774285Z /home/runner/go/pkg/mod
2026-10-02T04:50:44.6810884Z /home/runner/.cache/go-build
2026-10-02T04:50:44.6821501Z Cache hit occurred on the primary key setup-go-Linux-x64-ubuntu22-go-1.26.8-53ddbd53d793e3fffd22ee7f29b9841d7ddf0fd59f4a944399a5c4503dd61af9, not saving cache.
2026-10-02T04:50:44.7037360Z Post job cleanup.
2026-10-02T04:50:44.8025129Z [command]/usr/bin/git version
2026-10-02T04:50:44.8074964Z git version 2.55.0
2026-10-02T04:50:44.8121038Z Temporarily overriding HOME='/home/runner/work/_temp/5d62ea36-6da8-46a9-b939-b74137b2e27f' before making global git config changes
2026-10-02T04:50:44.8123039Z Adding repository directory to the temporary git global config as a safe directory
2026-10-02T04:50:44.8129578Z [command]/usr/bin/git config --global --add safe.directory /home/runner/work/mini-drop/mini-drop
2026-10-02T04:50:44.8176275Z [command]/usr/bin/git config --local --name-only --get-regexp core\.sshCommand
2026-10-02T04:50:44.8216451Z [command]/usr/bin/git submodule foreach --recursive sh -c "git config --local --name-only --get-regexp 'core\.sshCommand' && git config --local --unset-all 'core.sshCommand' || :"
2026-10-02T04:50:44.8530015Z [command]/usr/bin/git config --local --name-only --get-regexp http\.https\:\/\/github\.com\/\.extraheader
2026-10-02T04:50:44.8556883Z http.https://github.com/.extraheader
2026-10-02T04:50:44.8587077Z [command]/usr/bin/git config --local --unset-all http.https://github.com/.extraheader
2026-10-02T04:50:44.8634017Z [command]/usr/bin/git submodule foreach --recursive sh -c "git config --local --name-only --get-regexp 'http\.https\:\/\/github\.com\/\.extraheader' && git config --local --unset-all 'http.https://github.com/.extraheader' || :"
2026-10-02T04:50:44.8961541Z [command]/usr/bin/git config --local --name-only --get-regexp ^includeIf\.gitdir:
2026-10-02T04:50:44.9006018Z [command]/usr/bin/git submodule foreach --recursive git config --local --show-origin --name-only --get-regexp remote.origin.url
2026-10-02T04:50:44.9471368Z Cleaning up orphan processes
2026-10-02T04:50:44.9786554Z ##[warning]Node.js 20 is deprecated. The following actions target Node.js 20 but are being forced to run on Node.js 24: actions/checkout@v4, actions/setup-go@v5, actions/upload-artifact@v4. For more information see: https://github.blog/changelog/2025-09-19-deprecation-of-node-20-on-github-actions-runners/
