2026-10-02T04:48:20.1182171Z Current runner version: '2.337.0'
2026-10-02T04:48:20.1208624Z ##[group]Runner Image Provisioner
2026-10-02T04:48:20.1209568Z Hosted Compute Agent
2026-10-02T04:48:20.1210334Z Version: 20260901.588
2026-10-02T04:48:20.1211001Z Commit: f88ec8081b781fac6c440065ac7ff9e710ce3d0b
2026-10-02T04:48:20.1211808Z Build Date: 2026-09-01T19:56:44Z
2026-10-02T04:48:20.1212575Z Worker ID: {821adbce-7d3f-4eea-9356-264ca2f779ea}
2026-10-02T04:48:20.1213316Z Azure Region: westus3
2026-10-02T04:48:20.1213995Z ##[endgroup]
2026-10-02T04:48:20.1215538Z ##[group]Operating System
2026-10-02T04:48:20.1216179Z Ubuntu
2026-10-02T04:48:20.1216859Z 22.04.5
2026-10-02T04:48:20.1217444Z LTS
2026-10-02T04:48:20.1218512Z ##[endgroup]
2026-10-02T04:48:20.1219150Z ##[group]Runner Image
2026-10-02T04:48:20.1219774Z Image: ubuntu-22.04
2026-10-02T04:48:20.1220485Z Version: 20260927.309.1
2026-10-02T04:48:20.1221842Z Included Software: https://github.com/actions/runner-images/blob/ubuntu22/20260927.309/images/ubuntu/Ubuntu2204-Readme.md
2026-10-02T04:48:20.1223522Z Image Release: https://github.com/actions/runner-images/releases/tag/ubuntu22%2F20260927.309
2026-10-02T04:48:20.1224516Z ##[endgroup]
2026-10-02T04:48:20.1225858Z ##[group]GITHUB_TOKEN Permissions
2026-10-02T04:48:20.1228167Z Contents: read
2026-10-02T04:48:20.1228951Z Metadata: read
2026-10-02T04:48:20.1229566Z Packages: read
2026-10-02T04:48:20.1230191Z ##[endgroup]
2026-10-02T04:48:20.1232440Z Secret source: Actions
2026-10-02T04:48:20.1233550Z Cache mode: write
2026-10-02T04:48:20.1234312Z Prepare workflow directory
2026-10-02T04:48:20.1599865Z Prepare all required actions
2026-10-02T04:48:20.1649725Z Getting action download info
2026-10-02T04:48:20.5106943Z Download action repository 'actions/checkout@v4' (SHA:11d5960a326750d5838078e36cf38b85af677262)
2026-10-02T04:48:20.6203958Z Download action repository 'actions/upload-artifact@v4' (SHA:ea165f8d65b6e75b540449e92b4886f43607fa02)
2026-10-02T04:48:20.8525141Z Complete job name: Native (C++ control, build only)
2026-10-02T04:48:20.9383853Z ##[group]Run actions/checkout@v4
2026-10-02T04:48:20.9384756Z with:
2026-10-02T04:48:20.9385229Z   repository: llongwang751-arch/mini-drop
2026-10-02T04:48:20.9389777Z   token: ***
2026-10-02T04:48:20.9390221Z   ssh-strict: true
2026-10-02T04:48:20.9390664Z   ssh-user: git
2026-10-02T04:48:20.9391111Z   persist-credentials: true
2026-10-02T04:48:20.9391601Z   clean: true
2026-10-02T04:48:20.9392047Z   sparse-checkout-cone-mode: true
2026-10-02T04:48:20.9392570Z   fetch-depth: 1
2026-10-02T04:48:20.9393001Z   fetch-tags: false
2026-10-02T04:48:20.9393435Z   show-progress: true
2026-10-02T04:48:20.9393882Z   lfs: false
2026-10-02T04:48:20.9394290Z   submodules: false
2026-10-02T04:48:20.9394732Z   set-safe-directory: true
2026-10-02T04:48:20.9395237Z   allow-unsafe-pr-checkout: false
2026-10-02T04:48:20.9396074Z ##[endgroup]
2026-10-02T04:48:21.0535165Z Syncing repository: llongwang751-arch/mini-drop
2026-10-02T04:48:21.0538283Z ##[group]Getting Git version info
2026-10-02T04:48:21.0539546Z Working directory is '/home/runner/work/mini-drop/mini-drop'
2026-10-02T04:48:21.0541224Z [command]/usr/bin/git version
2026-10-02T04:48:21.0690130Z git version 2.55.0
2026-10-02T04:48:21.0721661Z ##[endgroup]
2026-10-02T04:48:21.0728029Z Temporarily overriding HOME='/home/runner/work/_temp/b128173b-8d0b-4858-814c-aeaf0f5d9b53' before making global git config changes
2026-10-02T04:48:21.0729607Z Adding repository directory to the temporary git global config as a safe directory
2026-10-02T04:48:21.0730738Z [command]/usr/bin/git config --global --add safe.directory /home/runner/work/mini-drop/mini-drop
2026-10-02T04:48:21.0778323Z Deleting the contents of '/home/runner/work/mini-drop/mini-drop'
2026-10-02T04:48:21.0784725Z ##[group]Initializing the repository
2026-10-02T04:48:21.0791434Z [command]/usr/bin/git init /home/runner/work/mini-drop/mini-drop
2026-10-02T04:48:21.0974676Z hint: Using 'master' as the name for the initial branch. This default branch name
2026-10-02T04:48:21.0976393Z hint: will change to "main" in Git 3.0. To configure the initial branch name
2026-10-02T04:48:21.0978528Z hint: to use in all of your new repositories, which will suppress this warning,
2026-10-02T04:48:21.0979717Z hint: call:
2026-10-02T04:48:21.0980588Z hint:
2026-10-02T04:48:21.0981422Z hint: 	git config --global init.defaultBranch <name>
2026-10-02T04:48:21.0982396Z hint:
2026-10-02T04:48:21.0983310Z hint: Names commonly chosen instead of 'master' are 'main', 'trunk' and
2026-10-02T04:48:21.0985037Z hint: 'development'. The just-created branch can be renamed via this command:
2026-10-02T04:48:21.0986295Z hint:
2026-10-02T04:48:21.0986996Z hint: 	git branch -m <name>
2026-10-02T04:48:21.0987981Z hint:
2026-10-02T04:48:21.0989002Z hint: Disable this message with "git config set advice.defaultBranchName false"
2026-10-02T04:48:21.0990633Z Initialized empty Git repository in /home/runner/work/mini-drop/mini-drop/.git/
2026-10-02T04:48:21.0993609Z [command]/usr/bin/git remote add origin https://github.com/llongwang751-arch/mini-drop
2026-10-02T04:48:21.1028076Z ##[endgroup]
2026-10-02T04:48:21.1029447Z ##[group]Disabling automatic garbage collection
2026-10-02T04:48:21.1032754Z [command]/usr/bin/git config --local gc.auto 0
2026-10-02T04:48:21.1072875Z ##[endgroup]
2026-10-02T04:48:21.1074091Z ##[group]Setting up auth
2026-10-02T04:48:21.1080880Z [command]/usr/bin/git config --local --name-only --get-regexp core\.sshCommand
2026-10-02T04:48:21.1123338Z [command]/usr/bin/git submodule foreach --recursive sh -c "git config --local --name-only --get-regexp 'core\.sshCommand' && git config --local --unset-all 'core.sshCommand' || :"
2026-10-02T04:48:21.1588072Z [command]/usr/bin/git config --local --name-only --get-regexp http\.https\:\/\/github\.com\/\.extraheader
2026-10-02T04:48:21.1632289Z [command]/usr/bin/git submodule foreach --recursive sh -c "git config --local --name-only --get-regexp 'http\.https\:\/\/github\.com\/\.extraheader' && git config --local --unset-all 'http.https://github.com/.extraheader' || :"
2026-10-02T04:48:21.1935168Z [command]/usr/bin/git config --local --name-only --get-regexp ^includeIf\.gitdir:
2026-10-02T04:48:21.1985022Z [command]/usr/bin/git submodule foreach --recursive git config --local --show-origin --name-only --get-regexp remote.origin.url
2026-10-02T04:48:21.2289166Z [command]/usr/bin/git config --local http.https://github.com/.extraheader AUTHORIZATION: basic ***
2026-10-02T04:48:21.2338729Z ##[endgroup]
2026-10-02T04:48:21.2339541Z ##[group]Fetching the repository
2026-10-02T04:48:21.2349713Z [command]/usr/bin/git -c protocol.version=2 fetch --no-tags --prune --no-recurse-submodules --depth=1 origin +4106ef148573cc39036eb099b4ac1f7757f9f645:refs/remotes/pull/1/merge
2026-10-02T04:48:29.2156530Z From https://github.com/llongwang751-arch/mini-drop
2026-10-02T04:48:29.2158821Z  * [new ref]         4106ef148573cc39036eb099b4ac1f7757f9f645 -> pull/1/merge
2026-10-02T04:48:29.2162701Z ##[endgroup]
2026-10-02T04:48:29.2164322Z ##[group]Determining the checkout info
2026-10-02T04:48:29.2166199Z ##[endgroup]
2026-10-02T04:48:29.2172108Z [command]/usr/bin/git sparse-checkout disable
2026-10-02T04:48:29.2247042Z [command]/usr/bin/git config --local --unset-all extensions.worktreeConfig
2026-10-02T04:48:29.2302245Z ##[group]Checking out the ref
2026-10-02T04:48:29.2303199Z [command]/usr/bin/git checkout --progress --force refs/remotes/pull/1/merge
2026-10-02T04:48:30.2538231Z Updating files:  66% (2574/3871)
2026-10-02T04:48:30.2821905Z Updating files:  67% (2594/3871)
2026-10-02T04:48:30.2956841Z Updating files:  68% (2633/3871)
2026-10-02T04:48:30.3012397Z Updating files:  69% (2671/3871)
2026-10-02T04:48:30.3073584Z Updating files:  70% (2710/3871)
2026-10-02T04:48:30.3144288Z Updating files:  71% (2749/3871)
2026-10-02T04:48:30.3213476Z Updating files:  72% (2788/3871)
2026-10-02T04:48:30.3282001Z Updating files:  73% (2826/3871)
2026-10-02T04:48:30.3315687Z Updating files:  74% (2865/3871)
2026-10-02T04:48:30.3347347Z Updating files:  75% (2904/3871)
2026-10-02T04:48:30.3372808Z Updating files:  76% (2942/3871)
2026-10-02T04:48:30.3418861Z Updating files:  77% (2981/3871)
2026-10-02T04:48:30.3456085Z Updating files:  78% (3020/3871)
2026-10-02T04:48:30.3492074Z Updating files:  79% (3059/3871)
2026-10-02T04:48:30.3557909Z Updating files:  80% (3097/3871)
2026-10-02T04:48:30.3594013Z Updating files:  81% (3136/3871)
2026-10-02T04:48:30.3625800Z Updating files:  82% (3175/3871)
2026-10-02T04:48:30.3722145Z Updating files:  83% (3213/3871)
2026-10-02T04:48:30.3789114Z Updating files:  84% (3252/3871)
2026-10-02T04:48:30.3839418Z Updating files:  85% (3291/3871)
2026-10-02T04:48:30.3883496Z Updating files:  86% (3330/3871)
2026-10-02T04:48:30.3908112Z Updating files:  87% (3368/3871)
2026-10-02T04:48:30.3939646Z Updating files:  88% (3407/3871)
2026-10-02T04:48:30.3965278Z Updating files:  89% (3446/3871)
2026-10-02T04:48:30.4015679Z Updating files:  90% (3484/3871)
2026-10-02T04:48:30.4042219Z Updating files:  91% (3523/3871)
2026-10-02T04:48:30.4067435Z Updating files:  92% (3562/3871)
2026-10-02T04:48:30.4092439Z Updating files:  93% (3601/3871)
2026-10-02T04:48:30.4116987Z Updating files:  94% (3639/3871)
2026-10-02T04:48:30.4186469Z Updating files:  95% (3678/3871)
2026-10-02T04:48:30.4282619Z Updating files:  96% (3717/3871)
2026-10-02T04:48:30.4306923Z Updating files:  97% (3755/3871)
2026-10-02T04:48:30.4334373Z Updating files:  98% (3794/3871)
2026-10-02T04:48:30.4356198Z Updating files:  99% (3833/3871)
2026-10-02T04:48:30.4358379Z Updating files: 100% (3871/3871)
2026-10-02T04:48:30.4359924Z Updating files: 100% (3871/3871), done.
2026-10-02T04:48:30.4414587Z Note: switching to 'refs/remotes/pull/1/merge'.
2026-10-02T04:48:30.4415681Z 
2026-10-02T04:48:30.4416542Z You are in 'detached HEAD' state. You can look around, make experimental
2026-10-02T04:48:30.4419008Z changes and commit them, and you can discard any commits you make in this
2026-10-02T04:48:30.4421246Z state without impacting any branches by switching back to a branch.
2026-10-02T04:48:30.4422556Z 
2026-10-02T04:48:30.4423725Z If you want to create a new branch to retain commits you create, you may
2026-10-02T04:48:30.4425729Z do so (now or later) by using -c with the switch command. Example:
2026-10-02T04:48:30.4426862Z 
2026-10-02T04:48:30.4427337Z   git switch -c <new-branch-name>
2026-10-02T04:48:30.4428311Z 
2026-10-02T04:48:30.4428756Z Or undo this operation with:
2026-10-02T04:48:30.4429513Z 
2026-10-02T04:48:30.4429909Z   git switch -
2026-10-02T04:48:30.4430469Z 
2026-10-02T04:48:30.4431351Z Turn off this advice by setting config variable advice.detachedHead to false
2026-10-02T04:48:30.4432804Z 
2026-10-02T04:48:30.4434568Z HEAD is now at 4106ef1 Merge de094fff754f2d8cb7139dd99e31c7a30d5fb754 into 609ea8a73f845b496b59b5cae181f515c5919850
2026-10-02T04:48:30.4532291Z ##[endgroup]
2026-10-02T04:48:30.4586352Z [command]/usr/bin/git log -1 --format=%H
2026-10-02T04:48:30.4627416Z 4106ef148573cc39036eb099b4ac1f7757f9f645
2026-10-02T04:48:30.4922827Z ##[group]Run sudo apt-get update
2026-10-02T04:48:30.4924161Z [36;1msudo apt-get update[0m
2026-10-02T04:48:30.4925599Z [36;1msudo apt-get install -y --no-install-recommends \[0m
2026-10-02T04:48:30.4927583Z [36;1m  build-essential cmake libgrpc++-dev libprotobuf-dev libpqxx-dev \[0m
2026-10-02T04:48:30.4930136Z [36;1m  nlohmann-json3-dev pkg-config protobuf-compiler protobuf-compiler-grpc[0m
2026-10-02T04:48:30.5301469Z shell: /usr/bin/bash -e {0}
2026-10-02T04:48:30.5302667Z ##[endgroup]
2026-10-02T04:48:30.6550300Z Get:1 file:/etc/apt/apt-mirrors.txt Mirrorlist [144 B]
2026-10-02T04:48:30.6818313Z Get:6 https://packages.microsoft.com/ubuntu/22.04/prod jammy InRelease [3632 B]
2026-10-02T04:48:30.6923323Z Hit:2 http://azure.archive.ubuntu.com/ubuntu jammy InRelease
2026-10-02T04:48:30.6944937Z Get:3 http://azure.archive.ubuntu.com/ubuntu jammy-updates InRelease [128 kB]
2026-10-02T04:48:30.6977100Z Get:4 http://azure.archive.ubuntu.com/ubuntu jammy-backports InRelease [127 kB]
2026-10-02T04:48:30.6993344Z Get:5 http://azure.archive.ubuntu.com/ubuntu jammy-security InRelease [129 kB]
2026-10-02T04:48:30.7575406Z Get:7 https://packages.microsoft.com/ubuntu/22.04/prod jammy/main arm64 Packages [550 kB]
2026-10-02T04:48:30.7843399Z Get:8 https://packages.microsoft.com/ubuntu/22.04/prod jammy/main amd64 Packages [792 kB]
2026-10-02T04:48:30.9693391Z Get:9 http://azure.archive.ubuntu.com/ubuntu jammy-updates/main amd64 Packages [3899 kB]
2026-10-02T04:48:30.9940643Z Get:10 http://azure.archive.ubuntu.com/ubuntu jammy-updates/main Translation-en [575 kB]
2026-10-02T04:48:30.9959650Z Get:11 http://azure.archive.ubuntu.com/ubuntu jammy-updates/restricted amd64 Packages [6701 kB]
2026-10-02T04:48:31.0294389Z Get:12 http://azure.archive.ubuntu.com/ubuntu jammy-updates/restricted Translation-en [1287 kB]
2026-10-02T04:48:31.0393465Z Get:13 http://azure.archive.ubuntu.com/ubuntu jammy-updates/universe amd64 Packages [1285 kB]
2026-10-02T04:48:31.0470680Z Get:14 http://azure.archive.ubuntu.com/ubuntu jammy-updates/universe Translation-en [325 kB]
2026-10-02T04:48:31.1662580Z Get:15 http://azure.archive.ubuntu.com/ubuntu jammy-security/main amd64 Packages [3598 kB]
2026-10-02T04:48:31.1833195Z Get:16 http://azure.archive.ubuntu.com/ubuntu jammy-security/main Translation-en [504 kB]
2026-10-02T04:48:31.1862525Z Get:17 http://azure.archive.ubuntu.com/ubuntu jammy-security/restricted amd64 Packages [6410 kB]
2026-10-02T04:48:31.2143775Z Get:18 http://azure.archive.ubuntu.com/ubuntu jammy-security/restricted Translation-en [1232 kB]
2026-10-02T04:48:31.2645012Z Get:19 http://azure.archive.ubuntu.com/ubuntu jammy-security/universe amd64 Packages [1052 kB]
2026-10-02T04:48:31.2698032Z Get:20 http://azure.archive.ubuntu.com/ubuntu jammy-security/universe Translation-en [236 kB]
2026-10-02T04:48:37.8471338Z Fetched 28.8 MB in 3s (8841 kB/s)
2026-10-02T04:48:39.3896597Z Reading package lists...
2026-10-02T04:48:39.4679191Z Reading package lists...
2026-10-02T04:48:39.7878214Z Building dependency tree...
2026-10-02T04:48:39.7889761Z Reading state information...
2026-10-02T04:48:40.0348768Z build-essential is already the newest version (12.9ubuntu3).
2026-10-02T04:48:40.0350047Z build-essential set to manually installed.
2026-10-02T04:48:40.0350850Z The following additional packages will be installed:
2026-10-02T04:48:40.0352066Z   cmake-data dh-elpa-helper libabsl20210324 libgrpc++1 libgrpc-dev libgrpc10
2026-10-02T04:48:40.0359199Z   libjsoncpp25 libpqxx-6.4 libprotobuf23 libprotoc23 librhash0
2026-10-02T04:48:40.0370540Z Suggested packages:
2026-10-02T04:48:40.0371237Z   cmake-doc ninja-build cmake-format libpqxx-doc protobuf-mode-el
2026-10-02T04:48:40.0741899Z The following packages will be REMOVED:
2026-10-02T04:48:40.0744416Z   pkgconf r-base-dev
2026-10-02T04:48:40.0745216Z The following NEW packages will be installed:
2026-10-02T04:48:40.0764083Z   cmake cmake-data dh-elpa-helper libabsl20210324 libgrpc++-dev libgrpc++1
2026-10-02T04:48:40.0765832Z   libgrpc-dev libgrpc10 libjsoncpp25 libpqxx-6.4 libpqxx-dev libprotobuf-dev
2026-10-02T04:48:40.0766677Z   libprotobuf23 libprotoc23 librhash0 nlohmann-json3-dev pkg-config
2026-10-02T04:48:40.0767373Z   protobuf-compiler protobuf-compiler-grpc
2026-10-02T04:48:40.0995229Z 0 upgraded, 19 newly installed, 2 to remove and 20 not upgraded.
2026-10-02T04:48:40.0995866Z Need to get 14.7 MB of archives.
2026-10-02T04:48:40.0996234Z After this operation, 81.5 MB of additional disk space will be used.
2026-10-02T04:48:40.0996706Z Get:1 file:/etc/apt/apt-mirrors.txt Mirrorlist [144 B]
2026-10-02T04:48:40.1934276Z Get:2 http://azure.archive.ubuntu.com/ubuntu jammy/main amd64 pkg-config amd64 0.29.2-1ubuntu3 [48.2 kB]
2026-10-02T04:48:40.2694713Z Get:3 http://azure.archive.ubuntu.com/ubuntu jammy/main amd64 libjsoncpp25 amd64 1.9.5-3 [80.0 kB]
2026-10-02T04:48:40.3463878Z Get:4 http://azure.archive.ubuntu.com/ubuntu jammy/main amd64 librhash0 amd64 1.4.2-1ubuntu1 [125 kB]
2026-10-02T04:48:40.4306395Z Get:5 http://azure.archive.ubuntu.com/ubuntu jammy/main amd64 dh-elpa-helper all 2.0.9ubuntu1 [7610 B]
2026-10-02T04:48:40.5044066Z Get:6 http://azure.archive.ubuntu.com/ubuntu jammy-updates/main amd64 cmake-data all 3.22.1-1ubuntu1.22.04.2 [1913 kB]
2026-10-02T04:48:40.6664223Z Get:7 http://azure.archive.ubuntu.com/ubuntu jammy-updates/main amd64 cmake amd64 3.22.1-1ubuntu1.22.04.2 [5010 kB]
2026-10-02T04:48:40.8500139Z Get:8 http://azure.archive.ubuntu.com/ubuntu jammy-updates/main amd64 libabsl20210324 amd64 0~20210324.2-2ubuntu0.3 [386 kB]
2026-10-02T04:48:40.9172331Z Get:9 http://azure.archive.ubuntu.com/ubuntu jammy/universe amd64 libgrpc10 amd64 1.30.2-3build6 [1470 kB]
2026-10-02T04:48:41.0016664Z Get:10 http://azure.archive.ubuntu.com/ubuntu jammy-updates/main amd64 libprotobuf23 amd64 3.12.4-1ubuntu7.22.04.6 [877 kB]
2026-10-02T04:48:41.0737269Z Get:11 http://azure.archive.ubuntu.com/ubuntu jammy/universe amd64 libgrpc++1 amd64 1.30.2-3build6 [402 kB]
2026-10-02T04:48:41.1451808Z Get:12 http://azure.archive.ubuntu.com/ubuntu jammy/universe amd64 libgrpc-dev amd64 1.30.2-3build6 [1066 kB]
2026-10-02T04:48:41.2304461Z Get:13 http://azure.archive.ubuntu.com/ubuntu jammy/universe amd64 libgrpc++-dev amd64 1.30.2-3build6 [564 kB]
2026-10-02T04:48:41.3056397Z Get:14 http://azure.archive.ubuntu.com/ubuntu jammy/universe amd64 libpqxx-6.4 amd64 6.4.5-2build1 [155 kB]
2026-10-02T04:48:41.3741390Z Get:15 http://azure.archive.ubuntu.com/ubuntu jammy/universe amd64 libpqxx-dev amd64 6.4.5-2build1 [243 kB]
2026-10-02T04:48:41.4427973Z Get:16 http://azure.archive.ubuntu.com/ubuntu jammy-updates/main amd64 libprotoc23 amd64 3.12.4-1ubuntu7.22.04.6 [662 kB]
2026-10-02T04:48:41.5207442Z Get:17 http://azure.archive.ubuntu.com/ubuntu jammy/universe amd64 nlohmann-json3-dev all 3.10.5-2 [167 kB]
2026-10-02T04:48:41.5886892Z Get:18 http://azure.archive.ubuntu.com/ubuntu jammy-updates/universe amd64 protobuf-compiler amd64 3.12.4-1ubuntu7.22.04.6 [29.2 kB]
2026-10-02T04:48:41.6540266Z Get:19 http://azure.archive.ubuntu.com/ubuntu jammy/universe amd64 protobuf-compiler-grpc amd64 1.30.2-3build6 [185 kB]
2026-10-02T04:48:41.7224743Z Get:20 http://azure.archive.ubuntu.com/ubuntu jammy-updates/main amd64 libprotobuf-dev amd64 3.12.4-1ubuntu7.22.04.6 [1347 kB]
2026-10-02T04:48:42.1348539Z Fetched 14.7 MB in 2s (8857 kB/s)
2026-10-02T04:48:42.1887307Z (Reading database ... 
2026-10-02T04:48:42.1888028Z (Reading database ... 5%
2026-10-02T04:48:42.1888449Z (Reading database ... 10%
2026-10-02T04:48:42.1888729Z (Reading database ... 15%
2026-10-02T04:48:42.1888954Z (Reading database ... 20%
2026-10-02T04:48:42.1889178Z (Reading database ... 25%
2026-10-02T04:48:42.1889397Z (Reading database ... 30%
2026-10-02T04:48:42.1889626Z (Reading database ... 35%
2026-10-02T04:48:42.1890017Z (Reading database ... 40%
2026-10-02T04:48:42.1890396Z (Reading database ... 45%
2026-10-02T04:48:42.1890790Z (Reading database ... 50%
2026-10-02T04:48:42.2537099Z (Reading database ... 55%
2026-10-02T04:48:42.4153939Z (Reading database ... 60%
2026-10-02T04:48:42.6058943Z (Reading database ... 65%
2026-10-02T04:48:42.8199122Z (Reading database ... 70%
2026-10-02T04:48:42.9036903Z (Reading database ... 75%
2026-10-02T04:48:42.9785506Z (Reading database ... 80%
2026-10-02T04:48:43.1072843Z (Reading database ... 85%
2026-10-02T04:48:43.3220911Z (Reading database ... 90%
2026-10-02T04:48:43.4753357Z (Reading database ... 95%
2026-10-02T04:48:43.4753723Z (Reading database ... 100%
2026-10-02T04:48:43.4754135Z (Reading database ... 260410 files and directories currently installed.)
2026-10-02T04:48:43.4812795Z Removing r-base-dev (4.6.1-6.2204.0) ...
2026-10-02T04:48:43.5564361Z dpkg: pkgconf: dependency problems, but removing anyway as you requested:
2026-10-02T04:48:43.5565067Z  php8.1-dev depends on pkg-config; however:
2026-10-02T04:48:43.5565548Z   Package pkg-config is not installed.
2026-10-02T04:48:43.5566078Z   Package pkgconf which provides pkg-config is to be removed.
2026-10-02T04:48:43.5566644Z  mono-devel depends on pkg-config; however:
2026-10-02T04:48:43.5567091Z   Package pkg-config is not installed.
2026-10-02T04:48:43.5567645Z   Package pkgconf which provides pkg-config is to be removed.
2026-10-02T04:48:43.5568813Z  libmagickwand-6.q16-dev:amd64 depends on pkg-config; however:
2026-10-02T04:48:43.5570009Z   Package pkg-config is not installed.
2026-10-02T04:48:43.5570639Z   Package pkgconf which provides pkg-config is to be removed.
2026-10-02T04:48:43.5571413Z  libmagickcore-6.q16-dev:amd64 depends on pkg-config; however:
2026-10-02T04:48:43.5572091Z   Package pkg-config is not installed.
2026-10-02T04:48:43.5572705Z   Package pkgconf which provides pkg-config is to be removed.
2026-10-02T04:48:43.5573166Z  libglib2.0-dev:amd64 depends on pkg-config; however:
2026-10-02T04:48:43.5573548Z   Package pkg-config is not installed.
2026-10-02T04:48:43.5573941Z   Package pkgconf which provides pkg-config is to be removed.
2026-10-02T04:48:43.5574412Z  libfontconfig-dev:amd64 depends on pkg-config; however:
2026-10-02T04:48:43.5574826Z   Package pkg-config is not installed.
2026-10-02T04:48:43.5575235Z   Package pkgconf which provides pkg-config is to be removed.
2026-10-02T04:48:43.5575551Z 
2026-10-02T04:48:43.5629474Z Removing pkgconf (1.8.0-1) ...
2026-10-02T04:48:43.6319465Z Removing 'diversion of /usr/bin/pkg-config to /usr/bin/pkg-config.real by pkgconf'
2026-10-02T04:48:43.6464907Z Removing 'diversion of /usr/share/aclocal/pkg.m4 to /usr/share/aclocal/pkg.real.m4 by pkgconf'
2026-10-02T04:48:43.6609272Z Removing 'diversion of /usr/share/man/man1/pkg-config.1.gz to /usr/share/man/man1/pkg-config.real.1.gz by pkgconf'
2026-10-02T04:48:43.6755648Z Removing 'diversion of /usr/share/pkg-config-crosswrapper to /usr/share/pkg-config-crosswrapper.real by pkgconf'
2026-10-02T04:48:43.7328972Z Selecting previously unselected package pkg-config.
2026-10-02T04:48:43.7413506Z (Reading database ... 
2026-10-02T04:48:43.7414020Z (Reading database ... 5%
2026-10-02T04:48:43.7414817Z (Reading database ... 10%
2026-10-02T04:48:43.7415554Z (Reading database ... 15%
2026-10-02T04:48:43.7416051Z (Reading database ... 20%
2026-10-02T04:48:43.7416556Z (Reading database ... 25%
2026-10-02T04:48:43.7416925Z (Reading database ... 30%
2026-10-02T04:48:43.7417225Z (Reading database ... 35%
2026-10-02T04:48:43.7417543Z (Reading database ... 40%
2026-10-02T04:48:43.7418095Z (Reading database ... 45%
2026-10-02T04:48:43.7418385Z (Reading database ... 50%
2026-10-02T04:48:43.7452656Z (Reading database ... 55%
2026-10-02T04:48:43.7487237Z (Reading database ... 60%
2026-10-02T04:48:43.7517612Z (Reading database ... 65%
2026-10-02T04:48:43.7653358Z (Reading database ... 70%
2026-10-02T04:48:43.7701992Z (Reading database ... 75%
2026-10-02T04:48:43.7777643Z (Reading database ... 80%
2026-10-02T04:48:43.8199986Z (Reading database ... 85%
2026-10-02T04:48:43.8221167Z (Reading database ... 90%
2026-10-02T04:48:43.8611295Z (Reading database ... 95%
2026-10-02T04:48:43.8611778Z (Reading database ... 100%
2026-10-02T04:48:43.8612366Z (Reading database ... 260388 files and directories currently installed.)
2026-10-02T04:48:43.8671953Z Preparing to unpack .../00-pkg-config_0.29.2-1ubuntu3_amd64.deb ...
2026-10-02T04:48:43.8680538Z Unpacking pkg-config (0.29.2-1ubuntu3) ...
2026-10-02T04:48:43.8970908Z Selecting previously unselected package libjsoncpp25:amd64.
2026-10-02T04:48:43.9186067Z Preparing to unpack .../01-libjsoncpp25_1.9.5-3_amd64.deb ...
2026-10-02T04:48:43.9203659Z Unpacking libjsoncpp25:amd64 (1.9.5-3) ...
2026-10-02T04:48:43.9475996Z Selecting previously unselected package librhash0:amd64.
2026-10-02T04:48:43.9692505Z Preparing to unpack .../02-librhash0_1.4.2-1ubuntu1_amd64.deb ...
2026-10-02T04:48:43.9705306Z Unpacking librhash0:amd64 (1.4.2-1ubuntu1) ...
2026-10-02T04:48:43.9972053Z Selecting previously unselected package dh-elpa-helper.
2026-10-02T04:48:44.0189441Z Preparing to unpack .../03-dh-elpa-helper_2.0.9ubuntu1_all.deb ...
2026-10-02T04:48:44.0206566Z Unpacking dh-elpa-helper (2.0.9ubuntu1) ...
2026-10-02T04:48:44.0469057Z Selecting previously unselected package cmake-data.
2026-10-02T04:48:44.0686870Z Preparing to unpack .../04-cmake-data_3.22.1-1ubuntu1.22.04.2_all.deb ...
2026-10-02T04:48:44.0775287Z Unpacking cmake-data (3.22.1-1ubuntu1.22.04.2) ...
2026-10-02T04:48:44.6265721Z Selecting previously unselected package cmake.
2026-10-02T04:48:44.6495440Z Preparing to unpack .../05-cmake_3.22.1-1ubuntu1.22.04.2_amd64.deb ...
2026-10-02T04:48:44.6504863Z Unpacking cmake (3.22.1-1ubuntu1.22.04.2) ...
2026-10-02T04:48:44.7587569Z Selecting previously unselected package libabsl20210324:amd64.
2026-10-02T04:48:44.7809213Z Preparing to unpack .../06-libabsl20210324_0~20210324.2-2ubuntu0.3_amd64.deb ...
2026-10-02T04:48:44.7818071Z Unpacking libabsl20210324:amd64 (0~20210324.2-2ubuntu0.3) ...
2026-10-02T04:48:44.8261900Z Selecting previously unselected package libgrpc10:amd64.
2026-10-02T04:48:44.8477124Z Preparing to unpack .../07-libgrpc10_1.30.2-3build6_amd64.deb ...
2026-10-02T04:48:44.8485278Z Unpacking libgrpc10:amd64 (1.30.2-3build6) ...
2026-10-02T04:48:44.9022949Z Selecting previously unselected package libprotobuf23:amd64.
2026-10-02T04:48:44.9239831Z Preparing to unpack .../08-libprotobuf23_3.12.4-1ubuntu7.22.04.6_amd64.deb ...
2026-10-02T04:48:44.9249753Z Unpacking libprotobuf23:amd64 (3.12.4-1ubuntu7.22.04.6) ...
2026-10-02T04:48:44.9637097Z Selecting previously unselected package libgrpc++1:amd64.
2026-10-02T04:48:44.9854131Z Preparing to unpack .../09-libgrpc++1_1.30.2-3build6_amd64.deb ...
2026-10-02T04:48:44.9862916Z Unpacking libgrpc++1:amd64 (1.30.2-3build6) ...
2026-10-02T04:48:45.0189821Z Selecting previously unselected package libgrpc-dev:amd64.
2026-10-02T04:48:45.0403225Z Preparing to unpack .../10-libgrpc-dev_1.30.2-3build6_amd64.deb ...
2026-10-02T04:48:45.0410206Z Unpacking libgrpc-dev:amd64 (1.30.2-3build6) ...
2026-10-02T04:48:45.1162561Z Selecting previously unselected package libgrpc++-dev:amd64.
2026-10-02T04:48:45.1376719Z Preparing to unpack .../11-libgrpc++-dev_1.30.2-3build6_amd64.deb ...
2026-10-02T04:48:45.1384147Z Unpacking libgrpc++-dev:amd64 (1.30.2-3build6) ...
2026-10-02T04:48:45.2274711Z Selecting previously unselected package libpqxx-6.4.
2026-10-02T04:48:45.2492730Z Preparing to unpack .../12-libpqxx-6.4_6.4.5-2build1_amd64.deb ...
2026-10-02T04:48:45.2500579Z Unpacking libpqxx-6.4 (6.4.5-2build1) ...
2026-10-02T04:48:45.2831103Z Selecting previously unselected package libpqxx-dev.
2026-10-02T04:48:45.3049699Z Preparing to unpack .../13-libpqxx-dev_6.4.5-2build1_amd64.deb ...
2026-10-02T04:48:45.3058157Z Unpacking libpqxx-dev (6.4.5-2build1) ...
2026-10-02T04:48:45.3608757Z Selecting previously unselected package libprotoc23:amd64.
2026-10-02T04:48:45.3826130Z Preparing to unpack .../14-libprotoc23_3.12.4-1ubuntu7.22.04.6_amd64.deb ...
2026-10-02T04:48:45.3834606Z Unpacking libprotoc23:amd64 (3.12.4-1ubuntu7.22.04.6) ...
2026-10-02T04:48:45.4167306Z Selecting previously unselected package nlohmann-json3-dev.
2026-10-02T04:48:45.4386799Z Preparing to unpack .../15-nlohmann-json3-dev_3.10.5-2_all.deb ...
2026-10-02T04:48:45.4395192Z Unpacking nlohmann-json3-dev (3.10.5-2) ...
2026-10-02T04:48:45.5211813Z Selecting previously unselected package protobuf-compiler.
2026-10-02T04:48:45.5432232Z Preparing to unpack .../16-protobuf-compiler_3.12.4-1ubuntu7.22.04.6_amd64.deb ...
2026-10-02T04:48:45.5440305Z Unpacking protobuf-compiler (3.12.4-1ubuntu7.22.04.6) ...
2026-10-02T04:48:45.5742666Z Selecting previously unselected package protobuf-compiler-grpc.
2026-10-02T04:48:45.5960615Z Preparing to unpack .../17-protobuf-compiler-grpc_1.30.2-3build6_amd64.deb ...
2026-10-02T04:48:45.5969257Z Unpacking protobuf-compiler-grpc (1.30.2-3build6) ...
2026-10-02T04:48:45.6234305Z Selecting previously unselected package libprotobuf-dev:amd64.
2026-10-02T04:48:45.6450340Z Preparing to unpack .../18-libprotobuf-dev_3.12.4-1ubuntu7.22.04.6_amd64.deb ...
2026-10-02T04:48:45.6460781Z Unpacking libprotobuf-dev:amd64 (3.12.4-1ubuntu7.22.04.6) ...
2026-10-02T04:48:45.7515871Z Setting up libprotobuf23:amd64 (3.12.4-1ubuntu7.22.04.6) ...
2026-10-02T04:48:45.7537519Z Setting up libprotobuf-dev:amd64 (3.12.4-1ubuntu7.22.04.6) ...
2026-10-02T04:48:45.7556866Z Setting up dh-elpa-helper (2.0.9ubuntu1) ...
2026-10-02T04:48:45.7581178Z Setting up libprotoc23:amd64 (3.12.4-1ubuntu7.22.04.6) ...
2026-10-02T04:48:45.7605108Z Setting up libjsoncpp25:amd64 (1.9.5-3) ...
2026-10-02T04:48:45.7633438Z Setting up pkg-config (0.29.2-1ubuntu3) ...
2026-10-02T04:48:45.8005184Z Setting up libabsl20210324:amd64 (0~20210324.2-2ubuntu0.3) ...
2026-10-02T04:48:45.8023735Z Setting up libpqxx-6.4 (6.4.5-2build1) ...
2026-10-02T04:48:45.8042671Z Setting up librhash0:amd64 (1.4.2-1ubuntu1) ...
2026-10-02T04:48:45.8068992Z Setting up cmake-data (3.22.1-1ubuntu1.22.04.2) ...
2026-10-02T04:48:45.8617320Z Setting up nlohmann-json3-dev (3.10.5-2) ...
2026-10-02T04:48:45.8636112Z Setting up libpqxx-dev (6.4.5-2build1) ...
2026-10-02T04:48:45.8653432Z Setting up protobuf-compiler (3.12.4-1ubuntu7.22.04.6) ...
2026-10-02T04:48:45.8671843Z Setting up protobuf-compiler-grpc (1.30.2-3build6) ...
2026-10-02T04:48:45.8689830Z Setting up libgrpc10:amd64 (1.30.2-3build6) ...
2026-10-02T04:48:45.8707687Z Setting up cmake (3.22.1-1ubuntu1.22.04.2) ...
2026-10-02T04:48:45.8730170Z Setting up libgrpc++1:amd64 (1.30.2-3build6) ...
2026-10-02T04:48:45.8746941Z Setting up libgrpc-dev:amd64 (1.30.2-3build6) ...
2026-10-02T04:48:45.8763141Z Setting up libgrpc++-dev:amd64 (1.30.2-3build6) ...
2026-10-02T04:48:45.8785977Z Processing triggers for man-db (2.10.2-1) ...
2026-10-02T04:48:45.8809790Z Not building database; man-db/auto-update is not 'true'.
2026-10-02T04:48:45.8823718Z Processing triggers for libc-bin (2.35-0ubuntu3.15) ...
2026-10-02T04:48:46.5713233Z 
2026-10-02T04:48:46.5713895Z Running kernel seems to be up-to-date.
2026-10-02T04:48:46.5714361Z 
2026-10-02T04:48:46.5714570Z No services need to be restarted.
2026-10-02T04:48:46.5714946Z 
2026-10-02T04:48:46.5715190Z No containers need to be restarted.
2026-10-02T04:48:46.5715625Z 
2026-10-02T04:48:46.5715878Z No user sessions are running outdated binaries.
2026-10-02T04:48:46.5716307Z 
2026-10-02T04:48:46.5716659Z No VM guests are running outdated hypervisor (qemu) binaries on this host.
2026-10-02T04:48:48.7682908Z ##[group]Run cmake -S native/control -B /tmp/build-control -DCMAKE_BUILD_TYPE=Release
2026-10-02T04:48:48.7683589Z [36;1mcmake -S native/control -B /tmp/build-control -DCMAKE_BUILD_TYPE=Release[0m
2026-10-02T04:48:48.7760483Z shell: /usr/bin/bash -e {0}
2026-10-02T04:48:48.7760772Z ##[endgroup]
2026-10-02T04:48:48.9587190Z -- The CXX compiler identification is GNU 11.4.0
2026-10-02T04:48:48.9761658Z -- Detecting CXX compiler ABI info
2026-10-02T04:48:49.0574864Z -- Detecting CXX compiler ABI info - done
2026-10-02T04:48:49.0761096Z -- Check for working CXX compiler: /usr/bin/c++ - skipped
2026-10-02T04:48:49.0768220Z -- Detecting CXX compile features
2026-10-02T04:48:49.0777278Z -- Detecting CXX compile features - done
2026-10-02T04:48:49.0922203Z -- Found PkgConfig: /usr/bin/pkg-config (found version "0.29.2")
2026-10-02T04:48:49.0931916Z -- Checking for module 'grpc++'
2026-10-02T04:48:49.1043372Z --   Found grpc++, version 1.30.2
2026-10-02T04:48:49.1363712Z -- Checking for module 'protobuf'
2026-10-02T04:48:49.1465806Z --   Found protobuf, version 3.12.4
2026-10-02T04:48:49.1704455Z -- Checking for module 'libpqxx'
2026-10-02T04:48:49.1803112Z --   Found libpqxx, version 6.4.5
2026-10-02T04:48:49.2530284Z -- Found OpenSSL: /usr/lib/x86_64-linux-gnu/libcrypto.so (found version "3.0.2")
2026-10-02T04:48:49.2538385Z -- Configuring done (0.4s)
2026-10-02T04:48:49.2596123Z -- Generating done (0.0s)
2026-10-02T04:48:49.2601343Z -- Build files have been written to: /tmp/build-control
2026-10-02T04:48:49.2699006Z ##[group]Run cmake --build /tmp/build-control --parallel
2026-10-02T04:48:49.2699918Z [36;1mcmake --build /tmp/build-control --parallel[0m
2026-10-02T04:48:49.2805691Z shell: /usr/bin/bash -e {0}
2026-10-02T04:48:49.2806042Z ##[endgroup]
2026-10-02T04:48:49.3063926Z [  5%] Generating generated/common.pb.cc, generated/common.grpc.pb.cc, generated/errorcode.pb.cc, generated/errorcode.grpc.pb.cc, generated/taskkind.pb.cc, generated/taskkind.grpc.pb.cc, generated/hotmethod.pb.cc, generated/hotmethod.grpc.pb.cc, generated/healthcheck.pb.cc, generated/healthcheck.grpc.pb.cc, generated/init.pb.cc, generated/init.grpc.pb.cc, generated/control.pb.cc, generated/control.grpc.pb.cc
2026-10-02T04:48:49.3608678Z [ 11%] Building CXX object CMakeFiles/mini-drop-native-control.dir/src/main.cpp.o
2026-10-02T04:48:49.3615357Z [ 17%] Building CXX object CMakeFiles/mini-drop-native-control.dir/generated/common.pb.cc.o
2026-10-02T04:48:49.3617074Z [ 23%] Building CXX object CMakeFiles/mini-drop-native-control.dir/generated/common.grpc.pb.cc.o
2026-10-02T04:48:49.3644369Z [ 29%] Building CXX object CMakeFiles/mini-drop-native-control.dir/generated/errorcode.pb.cc.o
2026-10-02T04:48:49.3649851Z [ 35%] Building CXX object CMakeFiles/mini-drop-native-control.dir/generated/errorcode.grpc.pb.cc.o
2026-10-02T04:48:49.3846163Z [ 41%] Building CXX object CMakeFiles/mini-drop-native-control.dir/generated/taskkind.grpc.pb.cc.o
2026-10-02T04:48:49.3881022Z [ 47%] Building CXX object CMakeFiles/mini-drop-native-control.dir/generated/taskkind.pb.cc.o
2026-10-02T04:48:49.3885612Z [ 52%] Building CXX object CMakeFiles/mini-drop-native-control.dir/generated/hotmethod.pb.cc.o
2026-10-02T04:48:49.3902630Z [ 58%] Building CXX object CMakeFiles/mini-drop-native-control.dir/generated/hotmethod.grpc.pb.cc.o
2026-10-02T04:48:49.4010388Z [ 64%] Building CXX object CMakeFiles/mini-drop-native-control.dir/generated/healthcheck.pb.cc.o
2026-10-02T04:48:49.4093027Z [ 70%] Building CXX object CMakeFiles/mini-drop-native-control.dir/generated/healthcheck.grpc.pb.cc.o
2026-10-02T04:48:49.4139776Z [ 76%] Building CXX object CMakeFiles/mini-drop-native-control.dir/generated/init.pb.cc.o
2026-10-02T04:48:49.4194814Z [ 82%] Building CXX object CMakeFiles/mini-drop-native-control.dir/generated/init.grpc.pb.cc.o
2026-10-02T04:48:49.4218886Z [ 88%] Building CXX object CMakeFiles/mini-drop-native-control.dir/generated/control.pb.cc.o
2026-10-02T04:48:49.4258921Z [ 94%] Building CXX object CMakeFiles/mini-drop-native-control.dir/generated/control.grpc.pb.cc.o
2026-10-02T04:48:53.5849099Z In file included from /tmp/build-control/generated/hotmethod.grpc.pb.cc:5:
2026-10-02T04:48:53.5976523Z /tmp/build-control/generated/hotmethod.pb.h: In member function ‘mini_drop::RecordArgv* mini_drop::TaskDesc::release_sample_argv()’:
2026-10-02T04:48:53.6040630Z /tmp/build-control/generated/hotmethod.pb.h:3159:47: warning: ‘mini_drop::RecordArgv* mini_drop::TaskDesc::unsafe_arena_release_sample_argv()’ is deprecated [-Wdeprecated-declarations]
2026-10-02T04:48:53.6129055Z  3159 |   auto temp = unsafe_arena_release_sample_argv();
2026-10-02T04:48:53.6188692Z       |               ~~~~~~~~~~~~~~~~~~~~~~~~~~~~~~~~^~
2026-10-02T04:48:53.6249005Z /tmp/build-control/generated/hotmethod.pb.h:449:48: note: declared here
2026-10-02T04:48:53.6309021Z   449 |   PROTOBUF_DEPRECATED ::mini_drop::RecordArgv* unsafe_arena_release_sample_argv();
2026-10-02T04:48:53.6368820Z       |                                                ^~~~~~~~~~~~~~~~~~~~~~~~~~~~~~~~
2026-10-02T04:48:53.6429888Z /tmp/build-control/generated/hotmethod.pb.h: In member function ‘mini_drop::CosConfig* mini_drop::TaskDesc::release_cos_config()’:
2026-10-02T04:48:53.6490281Z /tmp/build-control/generated/hotmethod.pb.h:3355:46: warning: ‘mini_drop::CosConfig* mini_drop::TaskDesc::unsafe_arena_release_cos_config()’ is deprecated [-Wdeprecated-declarations]
2026-10-02T04:48:53.6558833Z  3355 |   auto temp = unsafe_arena_release_cos_config();
2026-10-02T04:48:53.6619421Z       |               ~~~~~~~~~~~~~~~~~~~~~~~~~~~~~~~^~
2026-10-02T04:48:53.6699028Z /tmp/build-control/generated/hotmethod.pb.h:467:47: note: declared here
2026-10-02T04:48:53.6739210Z   467 |   PROTOBUF_DEPRECATED ::mini_drop::CosConfig* unsafe_arena_release_cos_config();
2026-10-02T04:48:53.6798761Z       |                                               ^~~~~~~~~~~~~~~~~~~~~~~~~~~~~~~
2026-10-02T04:48:53.9899432Z In file included from /tmp/build-control/generated/control.pb.h:36,
2026-10-02T04:48:53.9998920Z                  from /tmp/build-control/generated/control.pb.cc:4:
2026-10-02T04:48:54.0079973Z /tmp/build-control/generated/hotmethod.pb.h: In member function ‘mini_drop::RecordArgv* mini_drop::TaskDesc::release_sample_argv()’:
2026-10-02T04:48:54.0180551Z /tmp/build-control/generated/hotmethod.pb.h:3159:47: warning: ‘mini_drop::RecordArgv* mini_drop::TaskDesc::unsafe_arena_release_sample_argv()’ is deprecated [-Wdeprecated-declarations]
2026-10-02T04:48:54.0238770Z  3159 |   auto temp = unsafe_arena_release_sample_argv();
2026-10-02T04:48:54.0361740Z       |               ~~~~~~~~~~~~~~~~~~~~~~~~~~~~~~~~^~
2026-10-02T04:48:54.0479107Z /tmp/build-control/generated/hotmethod.pb.h:449:48: note: declared here
2026-10-02T04:48:54.0539256Z   449 |   PROTOBUF_DEPRECATED ::mini_drop::RecordArgv* unsafe_arena_release_sample_argv();
2026-10-02T04:48:54.0689071Z       |                                                ^~~~~~~~~~~~~~~~~~~~~~~~~~~~~~~~
2026-10-02T04:48:54.0750073Z /tmp/build-control/generated/hotmethod.pb.h: In member function ‘mini_drop::CosConfig* mini_drop::TaskDesc::release_cos_config()’:
2026-10-02T04:48:54.0860623Z /tmp/build-control/generated/hotmethod.pb.h:3355:46: warning: ‘mini_drop::CosConfig* mini_drop::TaskDesc::unsafe_arena_release_cos_config()’ is deprecated [-Wdeprecated-declarations]
2026-10-02T04:48:54.0959059Z  3355 |   auto temp = unsafe_arena_release_cos_config();
2026-10-02T04:48:54.1068843Z       |               ~~~~~~~~~~~~~~~~~~~~~~~~~~~~~~~^~
2026-10-02T04:48:54.1229160Z /tmp/build-control/generated/hotmethod.pb.h:467:47: note: declared here
2026-10-02T04:48:54.1319179Z   467 |   PROTOBUF_DEPRECATED ::mini_drop::CosConfig* unsafe_arena_release_cos_config();
2026-10-02T04:48:54.1438977Z       |                                               ^~~~~~~~~~~~~~~~~~~~~~~~~~~~~~~
2026-10-02T04:48:54.2736330Z /tmp/build-control/generated/common.pb.cc: In member function ‘virtual google::protobuf::uint8* mini_drop::CosConfig::_InternalSerialize(google::protobuf::uint8*, google::protobuf::io::EpsCopyOutputStream*) const’:
2026-10-02T04:48:54.2800348Z /tmp/build-control/generated/common.pb.cc:664:23: warning: ‘const string& mini_drop::CosConfig::access_key() const’ is deprecated [-Wdeprecated-declarations]
2026-10-02T04:48:54.2899075Z   664 |   if (this->access_key().size() > 0) {
2026-10-02T04:48:54.3008835Z       |       ~~~~~~~~~~~~~~~~^~
2026-10-02T04:48:54.3099260Z In file included from /tmp/build-control/generated/common.pb.cc:4:
2026-10-02T04:48:54.3169049Z /tmp/build-control/generated/common.pb.h:1130:27: note: declared here
2026-10-02T04:48:54.3229152Z  1130 | inline const std::string& CosConfig::access_key() const {
2026-10-02T04:48:54.3358970Z       |                           ^~~~~~~~~
2026-10-02T04:48:54.3398772Z /tmp/build-control/generated/common.pb.cc:674:23: warning: ‘const string& mini_drop::CosConfig::secret_key() const’ is deprecated [-Wdeprecated-declarations]
2026-10-02T04:48:54.3488969Z   674 |   if (this->secret_key().size() > 0) {
2026-10-02T04:48:54.3589010Z       |       ~~~~~~~~~~~~~~~~^~
2026-10-02T04:48:54.3689983Z In file included from /tmp/build-control/generated/common.pb.cc:4:
2026-10-02T04:48:54.3789027Z /tmp/build-control/generated/common.pb.h:1211:27: note: declared here
2026-10-02T04:48:54.3909112Z  1211 | inline const std::string& CosConfig::secret_key() const {
2026-10-02T04:48:54.3999023Z       |                           ^~~~~~~~~
2026-10-02T04:48:54.4110003Z /tmp/build-control/generated/common.pb.cc: In member function ‘virtual size_t mini_drop::CosConfig::ByteSizeLong() const’:
2026-10-02T04:48:54.4241075Z /tmp/build-control/generated/common.pb.cc:727:23: warning: ‘const string& mini_drop::CosConfig::access_key() const’ is deprecated [-Wdeprecated-declarations]
2026-10-02T04:48:54.4242982Z   727 |   if (this->access_key().size() > 0) {
2026-10-02T04:48:54.4288699Z       |       ~~~~~~~~~~~~~~~~^~
2026-10-02T04:48:54.4318853Z In file included from /tmp/build-control/generated/common.pb.cc:4:
2026-10-02T04:48:54.4348746Z /tmp/build-control/generated/common.pb.h:1130:27: note: declared here
2026-10-02T04:48:54.4380026Z  1130 | inline const std::string& CosConfig::access_key() const {
2026-10-02T04:48:54.4408926Z       |                           ^~~~~~~~~
2026-10-02T04:48:54.4419880Z /tmp/build-control/generated/common.pb.cc:734:23: warning: ‘const string& mini_drop::CosConfig::secret_key() const’ is deprecated [-Wdeprecated-declarations]
2026-10-02T04:48:54.4438507Z   734 |   if (this->secret_key().size() > 0) {
2026-10-02T04:48:54.4498769Z       |       ~~~~~~~~~~~~~~~~^~
2026-10-02T04:48:54.4559161Z In file included from /tmp/build-control/generated/common.pb.cc:4:
2026-10-02T04:48:54.4588876Z /tmp/build-control/generated/common.pb.h:1211:27: note: declared here
2026-10-02T04:48:54.4618981Z  1211 | inline const std::string& CosConfig::secret_key() const {
2026-10-02T04:48:54.4678759Z       |                           ^~~~~~~~~
2026-10-02T04:48:54.4736932Z /tmp/build-control/generated/common.pb.cc: In member function ‘void mini_drop::CosConfig::MergeFrom(const mini_drop::CosConfig&)’:
2026-10-02T04:48:54.4739566Z /tmp/build-control/generated/common.pb.cc:788:22: warning: ‘const string& mini_drop::CosConfig::access_key() const’ is deprecated [-Wdeprecated-declarations]
2026-10-02T04:48:54.4798782Z   788 |   if (from.access_key().size() > 0) {
2026-10-02T04:48:54.4849142Z       |       ~~~~~~~~~~~~~~~^~
2026-10-02T04:48:54.4879059Z In file included from /tmp/build-control/generated/common.pb.cc:4:
2026-10-02T04:48:54.4919040Z /tmp/build-control/generated/common.pb.h:1130:27: note: declared here
2026-10-02T04:48:54.4968871Z  1130 | inline const std::string& CosConfig::access_key() const {
2026-10-02T04:48:54.5028902Z       |                           ^~~~~~~~~
2026-10-02T04:48:54.5090296Z /tmp/build-control/generated/common.pb.cc:791:22: warning: ‘const string& mini_drop::CosConfig::secret_key() const’ is deprecated [-Wdeprecated-declarations]
2026-10-02T04:48:54.5178998Z   791 |   if (from.secret_key().size() > 0) {
2026-10-02T04:48:54.5298892Z       |       ~~~~~~~~~~~~~~~^~
2026-10-02T04:48:54.5329107Z In file included from /tmp/build-control/generated/common.pb.cc:4:
2026-10-02T04:48:54.5389253Z /tmp/build-control/generated/common.pb.h:1211:27: note: declared here
2026-10-02T04:48:54.5414751Z  1211 | inline const std::string& CosConfig::secret_key() const {
2026-10-02T04:48:54.5458842Z       |                           ^~~~~~~~~
2026-10-02T04:48:54.5492356Z In file included from /tmp/build-control/generated/healthcheck.pb.h:37,
2026-10-02T04:48:54.5528848Z                  from /tmp/build-control/generated/healthcheck.grpc.pb.cc:5:
2026-10-02T04:48:54.5559728Z /tmp/build-control/generated/hotmethod.pb.h: In member function ‘mini_drop::RecordArgv* mini_drop::TaskDesc::release_sample_argv()’:
2026-10-02T04:48:54.5589912Z /tmp/build-control/generated/hotmethod.pb.h:3159:47: warning: ‘mini_drop::RecordArgv* mini_drop::TaskDesc::unsafe_arena_release_sample_argv()’ is deprecated [-Wdeprecated-declarations]
2026-10-02T04:48:54.5591771Z  3159 |   auto temp = unsafe_arena_release_sample_argv();
2026-10-02T04:48:54.5618504Z       |               ~~~~~~~~~~~~~~~~~~~~~~~~~~~~~~~~^~
2026-10-02T04:48:54.5648656Z /tmp/build-control/generated/hotmethod.pb.h:449:48: note: declared here
2026-10-02T04:48:54.5679015Z   449 |   PROTOBUF_DEPRECATED ::mini_drop::RecordArgv* unsafe_arena_release_sample_argv();
2026-10-02T04:48:54.5680358Z       |                                                ^~~~~~~~~~~~~~~~~~~~~~~~~~~~~~~~
2026-10-02T04:48:54.5723583Z /tmp/build-control/generated/hotmethod.pb.h: In member function ‘mini_drop::CosConfig* mini_drop::TaskDesc::release_cos_config()’:
2026-10-02T04:48:54.5749812Z /tmp/build-control/generated/hotmethod.pb.h:3355:46: warning: ‘mini_drop::CosConfig* mini_drop::TaskDesc::unsafe_arena_release_cos_config()’ is deprecated [-Wdeprecated-declarations]
2026-10-02T04:48:54.5778558Z  3355 |   auto temp = unsafe_arena_release_cos_config();
2026-10-02T04:48:54.5808465Z       |               ~~~~~~~~~~~~~~~~~~~~~~~~~~~~~~~^~
2026-10-02T04:48:54.5809489Z /tmp/build-control/generated/hotmethod.pb.h:467:47: note: declared here
2026-10-02T04:48:54.5838792Z   467 |   PROTOBUF_DEPRECATED ::mini_drop::CosConfig* unsafe_arena_release_cos_config();
2026-10-02T04:48:54.5868499Z       |                                               ^~~~~~~~~~~~~~~~~~~~~~~~~~~~~~~
2026-10-02T04:48:54.5874823Z In file included from /tmp/build-control/generated/healthcheck.pb.h:37,
2026-10-02T04:48:54.5876027Z                  from /tmp/build-control/generated/healthcheck.pb.cc:4:
2026-10-02T04:48:54.5899360Z /tmp/build-control/generated/hotmethod.pb.h: In member function ‘mini_drop::RecordArgv* mini_drop::TaskDesc::release_sample_argv()’:
2026-10-02T04:48:54.5929869Z /tmp/build-control/generated/hotmethod.pb.h:3159:47: warning: ‘mini_drop::RecordArgv* mini_drop::TaskDesc::unsafe_arena_release_sample_argv()’ is deprecated [-Wdeprecated-declarations]
2026-10-02T04:48:54.5958490Z  3159 |   auto temp = unsafe_arena_release_sample_argv();
2026-10-02T04:48:54.5959444Z       |               ~~~~~~~~~~~~~~~~~~~~~~~~~~~~~~~~^~
2026-10-02T04:48:54.5988640Z /tmp/build-control/generated/hotmethod.pb.h:449:48: note: declared here
2026-10-02T04:48:54.6018980Z   449 |   PROTOBUF_DEPRECATED ::mini_drop::RecordArgv* unsafe_arena_release_sample_argv();
2026-10-02T04:48:54.6048484Z       |                                                ^~~~~~~~~~~~~~~~~~~~~~~~~~~~~~~~
2026-10-02T04:48:54.6057678Z /tmp/build-control/generated/hotmethod.pb.h: In member function ‘mini_drop::CosConfig* mini_drop::TaskDesc::release_cos_config()’:
2026-10-02T04:48:54.6090005Z /tmp/build-control/generated/hotmethod.pb.h:3355:46: warning: ‘mini_drop::CosConfig* mini_drop::TaskDesc::unsafe_arena_release_cos_config()’ is deprecated [-Wdeprecated-declarations]
2026-10-02T04:48:54.6118474Z  3355 |   auto temp = unsafe_arena_release_cos_config();
2026-10-02T04:48:54.6168640Z       |               ~~~~~~~~~~~~~~~~~~~~~~~~~~~~~~~^~
2026-10-02T04:48:54.6169816Z /tmp/build-control/generated/hotmethod.pb.h:467:47: note: declared here
2026-10-02T04:48:54.6198914Z   467 |   PROTOBUF_DEPRECATED ::mini_drop::CosConfig* unsafe_arena_release_cos_config();
2026-10-02T04:48:54.6228545Z       |                                               ^~~~~~~~~~~~~~~~~~~~~~~~~~~~~~~
2026-10-02T04:48:54.6679099Z In file included from /tmp/build-control/generated/hotmethod.pb.cc:4:
2026-10-02T04:48:54.6681529Z /tmp/build-control/generated/hotmethod.pb.h: In member function ‘mini_drop::RecordArgv* mini_drop::TaskDesc::release_sample_argv()’:
2026-10-02T04:48:54.6710229Z /tmp/build-control/generated/hotmethod.pb.h:3159:47: warning: ‘mini_drop::RecordArgv* mini_drop::TaskDesc::unsafe_arena_release_sample_argv()’ is deprecated [-Wdeprecated-declarations]
2026-10-02T04:48:54.6738778Z  3159 |   auto temp = unsafe_arena_release_sample_argv();
2026-10-02T04:48:54.6788663Z       |               ~~~~~~~~~~~~~~~~~~~~~~~~~~~~~~~~^~
2026-10-02T04:48:54.6799069Z /tmp/build-control/generated/hotmethod.pb.h:449:48: note: declared here
2026-10-02T04:48:54.6858070Z   449 |   PROTOBUF_DEPRECATED ::mini_drop::RecordArgv* unsafe_arena_release_sample_argv();
2026-10-02T04:48:54.6908743Z       |                                                ^~~~~~~~~~~~~~~~~~~~~~~~~~~~~~~~
2026-10-02T04:48:54.6969863Z /tmp/build-control/generated/hotmethod.pb.h: In member function ‘mini_drop::CosConfig* mini_drop::TaskDesc::release_cos_config()’:
2026-10-02T04:48:54.7030218Z /tmp/build-control/generated/hotmethod.pb.h:3355:46: warning: ‘mini_drop::CosConfig* mini_drop::TaskDesc::unsafe_arena_release_cos_config()’ is deprecated [-Wdeprecated-declarations]
2026-10-02T04:48:54.7089365Z  3355 |   auto temp = unsafe_arena_release_cos_config();
2026-10-02T04:48:54.7208880Z       |               ~~~~~~~~~~~~~~~~~~~~~~~~~~~~~~~^~
2026-10-02T04:48:54.7268931Z /tmp/build-control/generated/hotmethod.pb.h:467:47: note: declared here
2026-10-02T04:48:54.7359195Z   467 |   PROTOBUF_DEPRECATED ::mini_drop::CosConfig* unsafe_arena_release_cos_config();
2026-10-02T04:48:54.7418776Z       |                                               ^~~~~~~~~~~~~~~~~~~~~~~~~~~~~~~
2026-10-02T04:48:54.7889289Z In file included from /tmp/build-control/generated/control.pb.h:36,
2026-10-02T04:48:54.7958985Z                  from /tmp/build-control/generated/control.grpc.pb.cc:5:
2026-10-02T04:48:54.8010051Z /tmp/build-control/generated/hotmethod.pb.h: In member function ‘mini_drop::RecordArgv* mini_drop::TaskDesc::release_sample_argv()’:
2026-10-02T04:48:54.8050451Z /tmp/build-control/generated/hotmethod.pb.h:3159:47: warning: ‘mini_drop::RecordArgv* mini_drop::TaskDesc::unsafe_arena_release_sample_argv()’ is deprecated [-Wdeprecated-declarations]
2026-10-02T04:48:54.8149135Z  3159 |   auto temp = unsafe_arena_release_sample_argv();
2026-10-02T04:48:54.8199128Z       |               ~~~~~~~~~~~~~~~~~~~~~~~~~~~~~~~~^~
2026-10-02T04:48:54.8289263Z /tmp/build-control/generated/hotmethod.pb.h:449:48: note: declared here
2026-10-02T04:48:54.8329031Z   449 |   PROTOBUF_DEPRECATED ::mini_drop::RecordArgv* unsafe_arena_release_sample_argv();
2026-10-02T04:48:54.8388924Z       |                                                ^~~~~~~~~~~~~~~~~~~~~~~~~~~~~~~~
2026-10-02T04:48:54.8470186Z /tmp/build-control/generated/hotmethod.pb.h: In member function ‘mini_drop::CosConfig* mini_drop::TaskDesc::release_cos_config()’:
2026-10-02T04:48:54.8529474Z /tmp/build-control/generated/hotmethod.pb.h:3355:46: warning: ‘mini_drop::CosConfig* mini_drop::TaskDesc::unsafe_arena_release_cos_config()’ is deprecated [-Wdeprecated-declarations]
2026-10-02T04:48:54.8568776Z  3355 |   auto temp = unsafe_arena_release_cos_config();
2026-10-02T04:48:54.8598541Z       |               ~~~~~~~~~~~~~~~~~~~~~~~~~~~~~~~^~
2026-10-02T04:48:54.8599341Z /tmp/build-control/generated/hotmethod.pb.h:467:47: note: declared here
2026-10-02T04:48:54.8600313Z   467 |   PROTOBUF_DEPRECATED ::mini_drop::CosConfig* unsafe_arena_release_cos_config();
2026-10-02T04:48:54.8601139Z       |                                               ^~~~~~~~~~~~~~~~~~~~~~~~~~~~~~~
2026-10-02T04:48:55.0793058Z /tmp/build-control/generated/hotmethod.pb.cc: In member function ‘virtual google::protobuf::uint8* mini_drop::TaskDesc::_InternalSerialize(google::protobuf::uint8*, google::protobuf::io::EpsCopyOutputStream*) const’:
2026-10-02T04:48:55.0850306Z /tmp/build-control/generated/hotmethod.pb.cc:1228:28: warning: ‘bool mini_drop::TaskDesc::has_sample_argv() const’ is deprecated [-Wdeprecated-declarations]
2026-10-02T04:48:55.0908901Z  1228 |   if (this->has_sample_argv()) {
2026-10-02T04:48:55.0988769Z       |       ~~~~~~~~~~~~~~~~~~~~~^~
2026-10-02T04:48:55.1049322Z In file included from /tmp/build-control/generated/hotmethod.pb.cc:4:
2026-10-02T04:48:55.1118999Z /tmp/build-control/generated/hotmethod.pb.h:3127:13: note: declared here
2026-10-02T04:48:55.1168746Z  3127 | inline bool TaskDesc::has_sample_argv() const {
2026-10-02T04:48:55.1258724Z       |             ^~~~~~~~
2026-10-02T04:48:55.1320088Z /tmp/build-control/generated/hotmethod.pb.cc:1258:27: warning: ‘bool mini_drop::TaskDesc::has_cos_config() const’ is deprecated [-Wdeprecated-declarations]
2026-10-02T04:48:55.1358572Z  1258 |   if (this->has_cos_config()) {
2026-10-02T04:48:55.1428771Z       |       ~~~~~~~~~~~~~~~~~~~~^~
2026-10-02T04:48:55.1498870Z In file included from /tmp/build-control/generated/hotmethod.pb.cc:4:
2026-10-02T04:48:55.1569031Z /tmp/build-control/generated/hotmethod.pb.h:3329:13: note: declared here
2026-10-02T04:48:55.1619013Z  3329 | inline bool TaskDesc::has_cos_config() const {
2026-10-02T04:48:55.1699106Z       |             ^~~~~~~~
2026-10-02T04:48:55.1750331Z /tmp/build-control/generated/hotmethod.pb.cc: In member function ‘virtual size_t mini_drop::TaskDesc::ByteSizeLong() const’:
2026-10-02T04:48:55.1800301Z /tmp/build-control/generated/hotmethod.pb.cc:1451:28: warning: ‘bool mini_drop::TaskDesc::has_sample_argv() const’ is deprecated [-Wdeprecated-declarations]
2026-10-02T04:48:55.1858956Z  1451 |   if (this->has_sample_argv()) {
2026-10-02T04:48:55.1949051Z       |       ~~~~~~~~~~~~~~~~~~~~~^~
2026-10-02T04:48:55.1980286Z In file included from /tmp/build-control/generated/hotmethod.pb.cc:4:
2026-10-02T04:48:55.2059000Z /tmp/build-control/generated/hotmethod.pb.h:3127:13: note: declared here
2026-10-02T04:48:55.2129049Z  3127 | inline bool TaskDesc::has_sample_argv() const {
2026-10-02T04:48:55.2188747Z       |             ^~~~~~~~
2026-10-02T04:48:55.2250236Z /tmp/build-control/generated/hotmethod.pb.cc:1458:27: warning: ‘bool mini_drop::TaskDesc::has_cos_config() const’ is deprecated [-Wdeprecated-declarations]
2026-10-02T04:48:55.2308872Z  1458 |   if (this->has_cos_config()) {
2026-10-02T04:48:55.2388913Z       |       ~~~~~~~~~~~~~~~~~~~~^~
2026-10-02T04:48:55.2534417Z In file included from /tmp/build-control/generated/hotmethod.pb.cc:4:
2026-10-02T04:48:55.2599073Z /tmp/build-control/generated/hotmethod.pb.h:3329:13: note: declared here
2026-10-02T04:48:55.2628719Z  3329 | inline bool TaskDesc::has_cos_config() const {
2026-10-02T04:48:55.2658743Z       |             ^~~~~~~~
2026-10-02T04:48:55.2719964Z /tmp/build-control/generated/hotmethod.pb.cc: In member function ‘void mini_drop::TaskDesc::MergeFrom(const mini_drop::TaskDesc&)’:
2026-10-02T04:48:55.2779832Z /tmp/build-control/generated/hotmethod.pb.cc:1609:27: warning: ‘bool mini_drop::TaskDesc::has_sample_argv() const’ is deprecated [-Wdeprecated-declarations]
2026-10-02T04:48:55.2808540Z  1609 |   if (from.has_sample_argv()) {
2026-10-02T04:48:55.2838574Z       |       ~~~~~~~~~~~~~~~~~~~~^~
2026-10-02T04:48:55.2899053Z In file included from /tmp/build-control/generated/hotmethod.pb.cc:4:
2026-10-02T04:48:55.2928869Z /tmp/build-control/generated/hotmethod.pb.h:3127:13: note: declared here
2026-10-02T04:48:55.2975867Z  3127 | inline bool TaskDesc::has_sample_argv() const {
2026-10-02T04:48:55.3018917Z       |             ^~~~~~~~
2026-10-02T04:48:55.3079862Z /tmp/build-control/generated/hotmethod.pb.cc:1612:26: warning: ‘bool mini_drop::TaskDesc::has_cos_config() const’ is deprecated [-Wdeprecated-declarations]
2026-10-02T04:48:55.3101099Z  1612 |   if (from.has_cos_config()) {
2026-10-02T04:48:55.3158678Z       |       ~~~~~~~~~~~~~~~~~~~^~
2026-10-02T04:48:55.3179023Z In file included from /tmp/build-control/generated/hotmethod.pb.cc:4:
2026-10-02T04:48:55.3248763Z /tmp/build-control/generated/hotmethod.pb.h:3329:13: note: declared here
2026-10-02T04:48:55.3278844Z  3329 | inline bool TaskDesc::has_cos_config() const {
2026-10-02T04:48:55.3318458Z       |             ^~~~~~~~
2026-10-02T04:48:57.0867126Z In file included from /tmp/build-control/generated/healthcheck.pb.h:37,
2026-10-02T04:48:57.0908958Z                  from /tmp/build-control/generated/healthcheck.grpc.pb.h:15,
2026-10-02T04:48:57.0969189Z                  from /home/runner/work/mini-drop/mini-drop/native/control/src/main.cpp:10:
2026-10-02T04:48:57.0999827Z /tmp/build-control/generated/hotmethod.pb.h: In member function ‘mini_drop::RecordArgv* mini_drop::TaskDesc::release_sample_argv()’:
2026-10-02T04:48:57.1050142Z /tmp/build-control/generated/hotmethod.pb.h:3159:47: warning: ‘mini_drop::RecordArgv* mini_drop::TaskDesc::unsafe_arena_release_sample_argv()’ is deprecated [-Wdeprecated-declarations]
2026-10-02T04:48:57.1082208Z  3159 |   auto temp = unsafe_arena_release_sample_argv();
2026-10-02T04:48:57.1138860Z       |               ~~~~~~~~~~~~~~~~~~~~~~~~~~~~~~~~^~
2026-10-02T04:48:57.1169048Z /tmp/build-control/generated/hotmethod.pb.h:449:48: note: declared here
2026-10-02T04:48:57.1219180Z   449 |   PROTOBUF_DEPRECATED ::mini_drop::RecordArgv* unsafe_arena_release_sample_argv();
2026-10-02T04:48:57.1259471Z       |                                                ^~~~~~~~~~~~~~~~~~~~~~~~~~~~~~~~
2026-10-02T04:48:57.1319907Z /tmp/build-control/generated/hotmethod.pb.h: In member function ‘mini_drop::CosConfig* mini_drop::TaskDesc::release_cos_config()’:
2026-10-02T04:48:57.1350009Z /tmp/build-control/generated/hotmethod.pb.h:3355:46: warning: ‘mini_drop::CosConfig* mini_drop::TaskDesc::unsafe_arena_release_cos_config()’ is deprecated [-Wdeprecated-declarations]
2026-10-02T04:48:57.1351561Z  3355 |   auto temp = unsafe_arena_release_cos_config();
2026-10-02T04:48:57.1352155Z       |               ~~~~~~~~~~~~~~~~~~~~~~~~~~~~~~~^~
2026-10-02T04:48:57.1352859Z /tmp/build-control/generated/hotmethod.pb.h:467:47: note: declared here
2026-10-02T04:48:57.1354283Z   467 |   PROTOBUF_DEPRECATED ::mini_drop::CosConfig* unsafe_arena_release_cos_config();
2026-10-02T04:48:57.1355124Z       |                                               ^~~~~~~~~~~~~~~~~~~~~~~~~~~~~~~
2026-10-02T04:49:00.6170848Z /home/runner/work/mini-drop/mini-drop/native/control/src/main.cpp: In member function ‘virtual grpc::Status {anonymous}::HealthService::Do(grpc::ServerContext*, const mini_drop::HealthCheckRequest*, mini_drop::HealthCheckResponse*)’:
2026-10-02T04:49:00.6230286Z /home/runner/work/mini-drop/mini-drop/native/control/src/main.cpp:894:47: warning: ‘mini_drop::RecordArgv* mini_drop::TaskDesc::mutable_sample_argv()’ is deprecated [-Wdeprecated-declarations]
2026-10-02T04:49:00.6258835Z   894 |       auto* sample = desc->mutable_sample_argv();
2026-10-02T04:49:00.6288492Z       |                      ~~~~~~~~~~~~~~~~~~~~~~~~~^~
2026-10-02T04:49:00.6348898Z In file included from /tmp/build-control/generated/healthcheck.pb.h:37,
2026-10-02T04:49:00.6378636Z                  from /tmp/build-control/generated/healthcheck.grpc.pb.h:15,
2026-10-02T04:49:00.6438913Z                  from /home/runner/work/mini-drop/mini-drop/native/control/src/main.cpp:10:
2026-10-02T04:49:00.6468774Z /tmp/build-control/generated/hotmethod.pb.h:3180:33: note: declared here
2026-10-02T04:49:00.6528955Z  3180 | inline ::mini_drop::RecordArgv* TaskDesc::mutable_sample_argv() {
2026-10-02T04:49:00.6558761Z       |                                 ^~~~~~~~
2026-10-02T04:49:09.2973085Z [100%] Linking CXX executable mini-drop-native-control
2026-10-02T04:49:09.5175540Z [100%] Built target mini-drop-native-control
2026-10-02T04:49:09.5382749Z Post job cleanup.
2026-10-02T04:49:09.6354435Z [command]/usr/bin/git version
2026-10-02T04:49:09.6406116Z git version 2.55.0
2026-10-02T04:49:09.6454825Z Temporarily overriding HOME='/home/runner/work/_temp/a8670a5a-3e75-478d-9acc-9c58940ba88e' before making global git config changes
2026-10-02T04:49:09.6456083Z Adding repository directory to the temporary git global config as a safe directory
2026-10-02T04:49:09.6461956Z [command]/usr/bin/git config --global --add safe.directory /home/runner/work/mini-drop/mini-drop
2026-10-02T04:49:09.6515602Z [command]/usr/bin/git config --local --name-only --get-regexp core\.sshCommand
2026-10-02T04:49:09.6564958Z [command]/usr/bin/git submodule foreach --recursive sh -c "git config --local --name-only --get-regexp 'core\.sshCommand' && git config --local --unset-all 'core.sshCommand' || :"
2026-10-02T04:49:09.6882649Z [command]/usr/bin/git config --local --name-only --get-regexp http\.https\:\/\/github\.com\/\.extraheader
2026-10-02T04:49:09.6916800Z http.https://github.com/.extraheader
2026-10-02T04:49:09.6942308Z [command]/usr/bin/git config --local --unset-all http.https://github.com/.extraheader
2026-10-02T04:49:09.6988586Z [command]/usr/bin/git submodule foreach --recursive sh -c "git config --local --name-only --get-regexp 'http\.https\:\/\/github\.com\/\.extraheader' && git config --local --unset-all 'http.https://github.com/.extraheader' || :"
2026-10-02T04:49:09.7314216Z [command]/usr/bin/git config --local --name-only --get-regexp ^includeIf\.gitdir:
2026-10-02T04:49:09.7364866Z [command]/usr/bin/git submodule foreach --recursive git config --local --show-origin --name-only --get-regexp remote.origin.url
2026-10-02T04:49:09.7860939Z Cleaning up orphan processes
2026-10-02T04:49:09.8223257Z ##[warning]Node.js 20 is deprecated. The following actions target Node.js 20 but are being forced to run on Node.js 24: actions/checkout@v4. For more information see: https://github.blog/changelog/2025-09-19-deprecation-of-node-20-on-github-actions-runners/
