#1 [internal] load local bake definitions
#1 reading from stdin 2.00kB done
#1 DONE 0.0s

#2 [internal] load build definition from native-control.Dockerfile
#2 transferring dockerfile: 1.38kB done
#2 DONE 0.0s

#3 [internal] load metadata for docker.io/library/ubuntu:22.04
#3 ...

#4 [auth] library/ubuntu:pull token for registry-1.docker.io
#4 DONE 0.0s

#3 [internal] load metadata for docker.io/library/ubuntu:22.04
#3 DONE 0.9s

#5 [internal] load .dockerignore
#5 transferring context: 653B done
#5 DONE 0.0s

#6 [builder 1/7] FROM docker.io/library/ubuntu:22.04@sha256:b1066385161d28ddf6bc7e7b28a9170eec11484c821d1a5150d176cbde41d7f7
#6 resolve docker.io/library/ubuntu:22.04@sha256:b1066385161d28ddf6bc7e7b28a9170eec11484c821d1a5150d176cbde41d7f7 done
#6 sha256:e8df6c74f650ad385efe2e20103eca9b0ad50690fb3c63d49fa00762412bbf55 2.05kB / 2.05kB done
#6 sha256:98c4455a98982b35380ec62f90d5cf0edff02eeb4b3bb18595d871fdeb0c0c67 9.44MB / 29.75MB 0.1s
#6 sha256:b1066385161d28ddf6bc7e7b28a9170eec11484c821d1a5150d176cbde41d7f7 6.69kB / 6.69kB done
#6 sha256:08ea48a03a3e78ebc7cd526e6a275053223aadd88bfc09cc49b06d5281525fde 424B / 424B done
#6 ...

#7 [internal] load build context
#7 transferring context: 84.60kB 0.0s done
#7 DONE 0.3s

#6 [builder 1/7] FROM docker.io/library/ubuntu:22.04@sha256:b1066385161d28ddf6bc7e7b28a9170eec11484c821d1a5150d176cbde41d7f7
#6 sha256:98c4455a98982b35380ec62f90d5cf0edff02eeb4b3bb18595d871fdeb0c0c67 29.75MB / 29.75MB 0.2s
#6 sha256:98c4455a98982b35380ec62f90d5cf0edff02eeb4b3bb18595d871fdeb0c0c67 29.75MB / 29.75MB 0.3s done
#6 extracting sha256:98c4455a98982b35380ec62f90d5cf0edff02eeb4b3bb18595d871fdeb0c0c67 0.1s
#6 extracting sha256:98c4455a98982b35380ec62f90d5cf0edff02eeb4b3bb18595d871fdeb0c0c67 0.7s done
#6 DONE 1.1s

#8 [builder 2/7] RUN sed -i     -e "s|http://archive.ubuntu.com/ubuntu|http://archive.ubuntu.com/ubuntu|g"     -e "s|http://security.ubuntu.com/ubuntu|http://archive.ubuntu.com/ubuntu|g"     /etc/apt/sources.list     && apt-get update && apt-get install -y --no-install-recommends     build-essential cmake libgrpc++-dev libprotobuf-dev libpqxx-dev libssl-dev     nlohmann-json3-dev pkg-config protobuf-compiler protobuf-compiler-grpc     && rm -rf /var/lib/apt/lists/*
#8 0.429 Get:1 http://archive.ubuntu.com/ubuntu jammy InRelease [270 kB]
#8 1.124 Get:2 http://archive.ubuntu.com/ubuntu jammy-updates InRelease [128 kB]
#8 1.291 Get:3 http://archive.ubuntu.com/ubuntu jammy-backports InRelease [127 kB]
#8 1.458 Get:4 http://archive.ubuntu.com/ubuntu jammy-security InRelease [129 kB]
#8 1.627 Get:5 http://archive.ubuntu.com/ubuntu jammy/multiverse amd64 Packages [266 kB]
#8 1.727 Get:6 http://archive.ubuntu.com/ubuntu jammy/restricted amd64 Packages [164 kB]
#8 1.777 Get:7 http://archive.ubuntu.com/ubuntu jammy/universe amd64 Packages [17.5 MB]
#8 2.623 Get:8 http://archive.ubuntu.com/ubuntu jammy/main amd64 Packages [1792 kB]
#8 2.629 Get:9 http://archive.ubuntu.com/ubuntu jammy-updates/universe amd64 Packages [1623 kB]
#8 2.642 Get:10 http://archive.ubuntu.com/ubuntu jammy-updates/multiverse amd64 Packages [93.2 kB]
#8 2.643 Get:11 http://archive.ubuntu.com/ubuntu jammy-updates/main amd64 Packages [4747 kB]
#8 2.850 Get:12 http://archive.ubuntu.com/ubuntu jammy-updates/restricted amd64 Packages [8198 kB]
#8 3.084 Get:13 http://archive.ubuntu.com/ubuntu jammy-backports/main amd64 Packages [82.9 kB]
#8 3.085 Get:14 http://archive.ubuntu.com/ubuntu jammy-backports/universe amd64 Packages [35.6 kB]
#8 3.085 Get:15 http://archive.ubuntu.com/ubuntu jammy-security/restricted amd64 Packages [7843 kB]
#8 3.311 Get:16 http://archive.ubuntu.com/ubuntu jammy-security/universe amd64 Packages [1321 kB]
#8 3.346 Get:17 http://archive.ubuntu.com/ubuntu jammy-security/multiverse amd64 Packages [84.6 kB]
#8 3.348 Get:18 http://archive.ubuntu.com/ubuntu jammy-security/main amd64 Packages [4376 kB]
#8 4.060 Fetched 48.8 MB in 4s (12.6 MB/s)
#8 4.060 Reading package lists...
#8 5.060 Reading package lists...
#8 6.024 Building dependency tree...
#8 6.312 Reading state information...
#8 ...

#9 [stage-1 2/3] RUN sed -i     -e "s|http://archive.ubuntu.com/ubuntu|http://archive.ubuntu.com/ubuntu|g"     -e "s|http://security.ubuntu.com/ubuntu|http://archive.ubuntu.com/ubuntu|g"     /etc/apt/sources.list     && apt-get update && apt-get install -y --no-install-recommends     ca-certificates libgrpc++1 libprotobuf23 libpqxx-6.4     && rm -rf /var/lib/apt/lists/*
#9 0.306 Get:1 http://archive.ubuntu.com/ubuntu jammy InRelease [270 kB]
#9 0.654 Get:2 http://archive.ubuntu.com/ubuntu jammy-updates InRelease [128 kB]
#9 0.738 Get:3 http://archive.ubuntu.com/ubuntu jammy-backports InRelease [127 kB]
#9 0.821 Get:4 http://archive.ubuntu.com/ubuntu jammy-security InRelease [129 kB]
#9 0.906 Get:5 http://archive.ubuntu.com/ubuntu jammy/universe amd64 Packages [17.5 MB]
#9 1.371 Get:6 http://archive.ubuntu.com/ubuntu jammy/restricted amd64 Packages [164 kB]
#9 1.371 Get:7 http://archive.ubuntu.com/ubuntu jammy/multiverse amd64 Packages [266 kB]
#9 1.371 Get:8 http://archive.ubuntu.com/ubuntu jammy/main amd64 Packages [1792 kB]
#9 1.400 Get:9 http://archive.ubuntu.com/ubuntu jammy-updates/restricted amd64 Packages [8198 kB]
#9 1.520 Get:10 http://archive.ubuntu.com/ubuntu jammy-updates/main amd64 Packages [4747 kB]
#9 1.587 Get:11 http://archive.ubuntu.com/ubuntu jammy-updates/multiverse amd64 Packages [93.2 kB]
#9 1.588 Get:12 http://archive.ubuntu.com/ubuntu jammy-updates/universe amd64 Packages [1623 kB]
#9 1.611 Get:13 http://archive.ubuntu.com/ubuntu jammy-backports/main amd64 Packages [82.9 kB]
#9 1.612 Get:14 http://archive.ubuntu.com/ubuntu jammy-backports/universe amd64 Packages [35.6 kB]
#9 1.613 Get:15 http://archive.ubuntu.com/ubuntu jammy-security/restricted amd64 Packages [7843 kB]
#9 1.732 Get:16 http://archive.ubuntu.com/ubuntu jammy-security/universe amd64 Packages [1321 kB]
#9 1.749 Get:17 http://archive.ubuntu.com/ubuntu jammy-security/main amd64 Packages [4376 kB]
#9 1.813 Get:18 http://archive.ubuntu.com/ubuntu jammy-security/multiverse amd64 Packages [84.6 kB]
#9 2.819 Fetched 48.8 MB in 3s (18.5 MB/s)
#9 2.819 Reading package lists...
#9 3.792 Reading package lists...
#9 4.756 Building dependency tree...
#9 5.017 Reading state information...
#9 5.235 The following additional packages will be installed:
#9 5.235   libabsl20210324 libc-ares2 libgrpc10 libldap-2.5-0 libpq5 libsasl2-2
#9 5.236   libsasl2-modules-db openssl
#9 5.237 Recommended packages:
#9 5.237   libldap-common libsasl2-modules
#9 5.293 The following NEW packages will be installed:
#9 5.294   ca-certificates libabsl20210324 libc-ares2 libgrpc++1 libgrpc10
#9 5.294   libldap-2.5-0 libpq5 libpqxx-6.4 libprotobuf23 libsasl2-2
#9 5.295   libsasl2-modules-db openssl
#9 5.445 0 upgraded, 12 newly installed, 0 to remove and 1 not upgraded.
#9 5.445 Need to get 5077 kB of archives.
#9 5.445 After this operation, 18.1 MB of additional disk space will be used.
#9 5.445 Get:1 http://archive.ubuntu.com/ubuntu jammy-updates/main amd64 openssl amd64 3.0.2-0ubuntu1.30 [1186 kB]
#9 5.940 Get:2 http://archive.ubuntu.com/ubuntu jammy-updates/main amd64 ca-certificates all 20260601~22.04.1 [141 kB]
#9 5.945 Get:3 http://archive.ubuntu.com/ubuntu jammy-updates/main amd64 libabsl20210324 amd64 0~20210324.2-2ubuntu0.3 [386 kB]
#9 5.960 Get:4 http://archive.ubuntu.com/ubuntu jammy-updates/main amd64 libc-ares2 amd64 1.18.1-1ubuntu0.22.04.3 [45.1 kB]
#9 5.962 Get:5 http://archive.ubuntu.com/ubuntu jammy/universe amd64 libgrpc10 amd64 1.30.2-3build6 [1470 kB]
#9 6.035 Get:6 http://archive.ubuntu.com/ubuntu jammy-updates/main amd64 libprotobuf23 amd64 3.12.4-1ubuntu7.22.04.6 [877 kB]
#9 6.065 Get:7 http://archive.ubuntu.com/ubuntu jammy/universe amd64 libgrpc++1 amd64 1.30.2-3build6 [402 kB]
#9 6.073 Get:8 http://archive.ubuntu.com/ubuntu jammy-updates/main amd64 libsasl2-modules-db amd64 2.1.27+dfsg2-3ubuntu1.2 [20.5 kB]
#9 6.074 Get:9 http://archive.ubuntu.com/ubuntu jammy-updates/main amd64 libsasl2-2 amd64 2.1.27+dfsg2-3ubuntu1.2 [53.8 kB]
#9 6.074 Get:10 http://archive.ubuntu.com/ubuntu jammy-updates/main amd64 libldap-2.5-0 amd64 2.5.20+dfsg-0ubuntu0.22.04.1 [184 kB]
#9 6.078 Get:11 http://archive.ubuntu.com/ubuntu jammy-updates/main amd64 libpq5 amd64 14.24-0ubuntu0.22.04.1 [157 kB]
#9 6.080 Get:12 http://archive.ubuntu.com/ubuntu jammy/universe amd64 libpqxx-6.4 amd64 6.4.5-2build1 [155 kB]
#9 6.180 debconf: delaying package configuration, since apt-utils is not installed
#9 6.212 Fetched 5077 kB in 1s (6492 kB/s)
#9 6.225 Selecting previously unselected package openssl.
#9 6.225 (Reading database ... 
(Reading database ... 5%
(Reading database ... 10%
(Reading database ... 15%
(Reading database ... 20%
(Reading database ... 25%
(Reading database ... 30%
(Reading database ... 35%
(Reading database ... 40%
(Reading database ... 45%
(Reading database ... 50%
(Reading database ... 55%
(Reading database ... 60%
(Reading database ... 65%
(Reading database ... 70%
(Reading database ... 75%
(Reading database ... 80%
(Reading database ... 85%
(Reading database ... 90%
(Reading database ... 95%
(Reading database ... 100%
(Reading database ... 4393 files and directories currently installed.)
#9 6.230 Preparing to unpack .../00-openssl_3.0.2-0ubuntu1.30_amd64.deb ...
#9 6.231 Unpacking openssl (3.0.2-0ubuntu1.30) ...
#9 6.262 Selecting previously unselected package ca-certificates.
#9 6.264 Preparing to unpack .../01-ca-certificates_20260601~22.04.1_all.deb ...
#9 6.265 Unpacking ca-certificates (20260601~22.04.1) ...
#9 6.298 Selecting previously unselected package libabsl20210324:amd64.
#9 6.300 Preparing to unpack .../02-libabsl20210324_0~20210324.2-2ubuntu0.3_amd64.deb ...
#9 6.301 Unpacking libabsl20210324:amd64 (0~20210324.2-2ubuntu0.3) ...
#9 6.333 Selecting previously unselected package libc-ares2:amd64.
#9 6.335 Preparing to unpack .../03-libc-ares2_1.18.1-1ubuntu0.22.04.3_amd64.deb ...
#9 6.336 Unpacking libc-ares2:amd64 (1.18.1-1ubuntu0.22.04.3) ...
#9 6.348 Selecting previously unselected package libgrpc10:amd64.
#9 6.351 Preparing to unpack .../04-libgrpc10_1.30.2-3build6_amd64.deb ...
#9 6.351 Unpacking libgrpc10:amd64 (1.30.2-3build6) ...
#9 6.397 Selecting previously unselected package libprotobuf23:amd64.
#9 6.399 Preparing to unpack .../05-libprotobuf23_3.12.4-1ubuntu7.22.04.6_amd64.deb ...
#9 6.399 Unpacking libprotobuf23:amd64 (3.12.4-1ubuntu7.22.04.6) ...
#9 6.467 Selecting previously unselected package libgrpc++1:amd64.
#9 6.469 Preparing to unpack .../06-libgrpc++1_1.30.2-3build6_amd64.deb ...
#9 6.589 Unpacking libgrpc++1:amd64 (1.30.2-3build6) ...
#9 6.608 Selecting previously unselected package libsasl2-modules-db:amd64.
#9 6.610 Preparing to unpack .../07-libsasl2-modules-db_2.1.27+dfsg2-3ubuntu1.2_amd64.deb ...
#9 6.611 Unpacking libsasl2-modules-db:amd64 (2.1.27+dfsg2-3ubuntu1.2) ...
#9 6.624 Selecting previously unselected package libsasl2-2:amd64.
#9 6.626 Preparing to unpack .../08-libsasl2-2_2.1.27+dfsg2-3ubuntu1.2_amd64.deb ...
#9 6.626 Unpacking libsasl2-2:amd64 (2.1.27+dfsg2-3ubuntu1.2) ...
#9 6.639 Selecting previously unselected package libldap-2.5-0:amd64.
#9 6.641 Preparing to unpack .../09-libldap-2.5-0_2.5.20+dfsg-0ubuntu0.22.04.1_amd64.deb ...
#9 6.642 Unpacking libldap-2.5-0:amd64 (2.5.20+dfsg-0ubuntu0.22.04.1) ...
#9 6.687 Selecting previously unselected package libpq5:amd64.
#9 6.688 Preparing to unpack .../10-libpq5_14.24-0ubuntu0.22.04.1_amd64.deb ...
#9 6.689 Unpacking libpq5:amd64 (14.24-0ubuntu0.22.04.1) ...
#9 ...

#8 [builder 2/7] RUN sed -i     -e "s|http://archive.ubuntu.com/ubuntu|http://archive.ubuntu.com/ubuntu|g"     -e "s|http://security.ubuntu.com/ubuntu|http://archive.ubuntu.com/ubuntu|g"     /etc/apt/sources.list     && apt-get update && apt-get install -y --no-install-recommends     build-essential cmake libgrpc++-dev libprotobuf-dev libpqxx-dev libssl-dev     nlohmann-json3-dev pkg-config protobuf-compiler protobuf-compiler-grpc     && rm -rf /var/lib/apt/lists/*
#8 6.608 The following additional packages will be installed:
#8 6.608   binutils binutils-common binutils-x86-64-linux-gnu bzip2 cmake-data cpp
#8 6.608   cpp-11 dh-elpa-helper dpkg-dev emacsen-common g++ g++-11 gcc gcc-11
#8 6.609   gcc-11-base libabsl20210324 libarchive13 libasan6 libatomic1 libbinutils
#8 6.609   libbrotli1 libc-ares2 libc-dev-bin libc6-dev libcc1-0 libcrypt-dev
#8 6.609   libctf-nobfd0 libctf0 libcurl4 libdpkg-perl libexpat1 libgcc-11-dev
#8 6.609   libgdbm-compat4 libgdbm6 libglib2.0-0 libgomp1 libgrpc++1 libgrpc-dev
#8 6.609   libgrpc10 libicu70 libisl23 libitm1 libjsoncpp25 libldap-2.5-0 liblsan0
#8 6.609   libmpc3 libmpfr6 libnghttp2-14 libnsl-dev libperl5.34 libpq-dev libpq5
#8 6.609   libpqxx-6.4 libprotobuf-lite23 libprotobuf23 libprotoc23 libpsl5
#8 6.609   libquadmath0 librhash0 librtmp1 libsasl2-2 libsasl2-modules-db libssh-4
#8 6.609   libssl3 libstdc++-11-dev libtirpc-dev libtsan0 libubsan1 libuv1 libxml2
#8 6.610   linux-libc-dev lto-disabled-list make patch perl perl-modules-5.34
#8 6.610   rpcsvc-proto xz-utils zlib1g-dev
#8 6.612 Suggested packages:
#8 6.612   binutils-doc bzip2-doc cmake-doc ninja-build cmake-format cpp-doc
#8 6.612   gcc-11-locales debian-keyring g++-multilib g++-11-multilib gcc-11-doc
#8 6.612   gcc-multilib manpages-dev autoconf automake libtool flex bison gdb gcc-doc
#8 6.612   gcc-11-multilib lrzip glibc-doc gnupg git bzr gdbm-l10n postgresql-doc-14
#8 6.612   libpqxx-doc libssl-doc libstdc++-11-doc make-doc ed diffutils-doc perl-doc
#8 6.612   libterm-readline-gnu-perl | libterm-readline-perl-perl
#8 6.612   libtap-harness-archive-perl protobuf-mode-el
#8 6.612 Recommended packages:
#8 6.612   fakeroot gnupg libalgorithm-merge-perl manpages manpages-dev libc-devtools
#8 6.612   ca-certificates libfile-fcntllock-perl liblocale-gettext-perl
#8 6.612   libglib2.0-data shared-mime-info xdg-user-dirs libldap-common publicsuffix
#8 6.612   libsasl2-modules netbase
#8 6.799 The following NEW packages will be installed:
#8 6.799   binutils binutils-common binutils-x86-64-linux-gnu build-essential bzip2
#8 6.799   cmake cmake-data cpp cpp-11 dh-elpa-helper dpkg-dev emacsen-common g++
#8 6.800   g++-11 gcc gcc-11 gcc-11-base libabsl20210324 libarchive13 libasan6
#8 6.800   libatomic1 libbinutils libbrotli1 libc-ares2 libc-dev-bin libc6-dev libcc1-0
#8 6.800   libcrypt-dev libctf-nobfd0 libctf0 libcurl4 libdpkg-perl libexpat1
#8 6.800   libgcc-11-dev libgdbm-compat4 libgdbm6 libglib2.0-0 libgomp1 libgrpc++-dev
#8 6.800   libgrpc++1 libgrpc-dev libgrpc10 libicu70 libisl23 libitm1 libjsoncpp25
#8 6.800   libldap-2.5-0 liblsan0 libmpc3 libmpfr6 libnghttp2-14 libnsl-dev libperl5.34
#8 6.800   libpq-dev libpq5 libpqxx-6.4 libpqxx-dev libprotobuf-dev libprotobuf-lite23
#8 6.800   libprotobuf23 libprotoc23 libpsl5 libquadmath0 librhash0 librtmp1 libsasl2-2
#8 6.800   libsasl2-modules-db libssh-4 libssl-dev libstdc++-11-dev libtirpc-dev
#8 6.800   libtsan0 libubsan1 libuv1 libxml2 linux-libc-dev lto-disabled-list make
#8 6.801   nlohmann-json3-dev patch perl perl-modules-5.34 pkg-config protobuf-compiler
#8 6.801   protobuf-compiler-grpc rpcsvc-proto xz-utils zlib1g-dev
#8 6.802 The following packages will be upgraded:
#8 6.802   libssl3
#8 7.082 1 upgraded, 88 newly installed, 0 to remove and 0 not upgraded.
#8 7.082 Need to get 107 MB of archives.
#8 7.082 After this operation, 407 MB of additional disk space will be used.
#8 7.082 Get:1 http://archive.ubuntu.com/ubuntu jammy-updates/main amd64 perl-modules-5.34 all 5.34.0-3ubuntu1.9 [2977 kB]
#8 8.215 Get:2 http://archive.ubuntu.com/ubuntu jammy/main amd64 libgdbm6 amd64 1.23-1 [33.9 kB]
#8 8.216 Get:3 http://archive.ubuntu.com/ubuntu jammy/main amd64 libgdbm-compat4 amd64 1.23-1 [6606 B]
#8 8.216 Get:4 http://archive.ubuntu.com/ubuntu jammy-updates/main amd64 libperl5.34 amd64 5.34.0-3ubuntu1.9 [4796 kB]
#8 8.408 Get:5 http://archive.ubuntu.com/ubuntu jammy-updates/main amd64 perl amd64 5.34.0-3ubuntu1.9 [232 kB]
#8 8.413 Get:6 http://archive.ubuntu.com/ubuntu jammy-updates/main amd64 libssl3 amd64 3.0.2-0ubuntu1.30 [1907 kB]
#8 8.465 Get:7 http://archive.ubuntu.com/ubuntu jammy-updates/main amd64 libexpat1 amd64 2.4.7-1ubuntu0.9 [96.9 kB]
#8 8.493 Get:8 http://archive.ubuntu.com/ubuntu jammy-updates/main amd64 libglib2.0-0 amd64 2.72.4-0ubuntu2.10 [1469 kB]
#8 8.513 Get:9 http://archive.ubuntu.com/ubuntu jammy/main amd64 libicu70 amd64 70.1-2 [10.6 MB]
#8 8.874 Get:10 http://archive.ubuntu.com/ubuntu jammy-updates/main amd64 libxml2 amd64 2.9.13+dfsg-1ubuntu0.13 [764 kB]
#8 8.882 Get:11 http://archive.ubuntu.com/ubuntu jammy-updates/main amd64 libnghttp2-14 amd64 1.43.0-1ubuntu0.4 [76.9 kB]
#8 8.942 Get:12 http://archive.ubuntu.com/ubuntu jammy/main amd64 libpsl5 amd64 0.21.0-1.2build2 [58.4 kB]
#8 8.943 Get:13 http://archive.ubuntu.com/ubuntu jammy-updates/main amd64 libuv1 amd64 1.43.0-1ubuntu0.1 [92.7 kB]
#8 8.944 Get:14 http://archive.ubuntu.com/ubuntu jammy-updates/main amd64 xz-utils amd64 5.2.5-2ubuntu1.1 [84.8 kB]
#8 8.952 Get:15 http://archive.ubuntu.com/ubuntu jammy-updates/main amd64 binutils-common amd64 2.38-4ubuntu2.12 [223 kB]
#8 8.962 Get:16 http://archive.ubuntu.com/ubuntu jammy-updates/main amd64 libbinutils amd64 2.38-4ubuntu2.12 [663 kB]
#8 8.972 Get:17 http://archive.ubuntu.com/ubuntu jammy-updates/main amd64 libctf-nobfd0 amd64 2.38-4ubuntu2.12 [108 kB]
#8 8.973 Get:18 http://archive.ubuntu.com/ubuntu jammy-updates/main amd64 libctf0 amd64 2.38-4ubuntu2.12 [103 kB]
#8 9.000 Get:19 http://archive.ubuntu.com/ubuntu jammy-updates/main amd64 binutils-x86-64-linux-gnu amd64 2.38-4ubuntu2.12 [2324 kB]
#8 9.164 Get:20 http://archive.ubuntu.com/ubuntu jammy-updates/main amd64 binutils amd64 2.38-4ubuntu2.12 [3184 B]
#8 9.165 Get:21 http://archive.ubuntu.com/ubuntu jammy-updates/main amd64 libc-dev-bin amd64 2.35-0ubuntu3.15 [20.3 kB]
#8 9.165 Get:22 http://archive.ubuntu.com/ubuntu jammy-updates/main amd64 linux-libc-dev amd64 5.15.0-198.208 [1391 kB]
#8 9.182 Get:23 http://archive.ubuntu.com/ubuntu jammy/main amd64 libcrypt-dev amd64 1:4.4.27-1 [112 kB]
#8 9.222 Get:24 http://archive.ubuntu.com/ubuntu jammy/main amd64 rpcsvc-proto amd64 1.4.2-0ubuntu6 [68.5 kB]
#8 9.223 Get:25 http://archive.ubuntu.com/ubuntu jammy-updates/main amd64 libtirpc-dev amd64 1.3.2-2ubuntu0.1 [192 kB]
#8 9.232 Get:26 http://archive.ubuntu.com/ubuntu jammy/main amd64 libnsl-dev amd64 1.3.0-2build2 [71.3 kB]
#8 9.232 Get:27 http://archive.ubuntu.com/ubuntu jammy-updates/main amd64 libc6-dev amd64 2.35-0ubuntu3.15 [2100 kB]
#8 9.244 Get:28 http://archive.ubuntu.com/ubuntu jammy-updates/main amd64 gcc-11-base amd64 11.4.0-1ubuntu1~22.04.3 [216 kB]
#8 9.288 Get:29 http://archive.ubuntu.com/ubuntu jammy/main amd64 libisl23 amd64 0.24-2build1 [727 kB]
#8 ...

#9 [stage-1 2/3] RUN sed -i     -e "s|http://archive.ubuntu.com/ubuntu|http://archive.ubuntu.com/ubuntu|g"     -e "s|http://security.ubuntu.com/ubuntu|http://archive.ubuntu.com/ubuntu|g"     /etc/apt/sources.list     && apt-get update && apt-get install -y --no-install-recommends     ca-certificates libgrpc++1 libprotobuf23 libpqxx-6.4     && rm -rf /var/lib/apt/lists/*
#9 6.704 Selecting previously unselected package libpqxx-6.4.
#9 6.706 Preparing to unpack .../11-libpqxx-6.4_6.4.5-2build1_amd64.deb ...
#9 6.706 Unpacking libpqxx-6.4 (6.4.5-2build1) ...
#9 6.786 Setting up libprotobuf23:amd64 (3.12.4-1ubuntu7.22.04.6) ...
#9 6.788 Setting up libc-ares2:amd64 (1.18.1-1ubuntu0.22.04.3) ...
#9 6.906 Setting up libsasl2-modules-db:amd64 (2.1.27+dfsg2-3ubuntu1.2) ...
#9 6.908 Setting up libabsl20210324:amd64 (0~20210324.2-2ubuntu0.3) ...
#9 6.909 Setting up libsasl2-2:amd64 (2.1.27+dfsg2-3ubuntu1.2) ...
#9 6.911 Setting up openssl (3.0.2-0ubuntu1.30) ...
#9 6.914 Setting up libldap-2.5-0:amd64 (2.5.20+dfsg-0ubuntu0.22.04.1) ...
#9 6.916 Setting up ca-certificates (20260601~22.04.1) ...
#9 6.967 debconf: unable to initialize frontend: Dialog
#9 6.967 debconf: (TERM is not set, so the dialog frontend is not usable.)
#9 6.967 debconf: falling back to frontend: Readline
#9 6.967 debconf: unable to initialize frontend: Readline
#9 6.967 debconf: (Can't locate Term/ReadLine.pm in @INC (you may need to install the Term::ReadLine module) (@INC contains: /etc/perl /usr/local/lib/x86_64-linux-gnu/perl/5.34.0 /usr/local/share/perl/5.34.0 /usr/lib/x86_64-linux-gnu/perl5/5.34 /usr/share/perl5 /usr/lib/x86_64-linux-gnu/perl-base /usr/lib/x86_64-linux-gnu/perl/5.34 /usr/share/perl/5.34 /usr/local/lib/site_perl) at /usr/share/perl5/Debconf/FrontEnd/Readline.pm line 7.)
#9 6.967 debconf: falling back to frontend: Teletype
#9 7.276 Updating certificates in /etc/ssl/certs...
#9 7.703 121 added, 0 removed; done.
#9 7.738 Setting up libgrpc10:amd64 (1.30.2-3build6) ...
#9 7.740 Setting up libgrpc++1:amd64 (1.30.2-3build6) ...
#9 7.742 Setting up libpq5:amd64 (14.24-0ubuntu0.22.04.1) ...
#9 7.743 Setting up libpqxx-6.4 (6.4.5-2build1) ...
#9 7.745 Processing triggers for libc-bin (2.35-0ubuntu3.15) ...
#9 7.758 Processing triggers for ca-certificates (20260601~22.04.1) ...
#9 7.762 Updating certificates in /etc/ssl/certs...
#9 8.107 0 added, 0 removed; done.
#9 8.107 Running hooks in /etc/ca-certificates/update.d...
#9 8.108 done.
#9 DONE 9.4s

#8 [builder 2/7] RUN sed -i     -e "s|http://archive.ubuntu.com/ubuntu|http://archive.ubuntu.com/ubuntu|g"     -e "s|http://security.ubuntu.com/ubuntu|http://archive.ubuntu.com/ubuntu|g"     /etc/apt/sources.list     && apt-get update && apt-get install -y --no-install-recommends     build-essential cmake libgrpc++-dev libprotobuf-dev libpqxx-dev libssl-dev     nlohmann-json3-dev pkg-config protobuf-compiler protobuf-compiler-grpc     && rm -rf /var/lib/apt/lists/*
#8 9.413 Get:30 http://archive.ubuntu.com/ubuntu jammy/main amd64 libmpfr6 amd64 4.1.0-3build3 [1425 kB]
#8 9.455 Get:31 http://archive.ubuntu.com/ubuntu jammy/main amd64 libmpc3 amd64 1.2.1-2build1 [46.9 kB]
#8 9.457 Get:32 http://archive.ubuntu.com/ubuntu jammy-updates/main amd64 cpp-11 amd64 11.4.0-1ubuntu1~22.04.3 [10.0 MB]
#8 9.761 Get:33 http://archive.ubuntu.com/ubuntu jammy/main amd64 cpp amd64 4:11.2.0-1ubuntu1 [27.7 kB]
#8 9.761 Get:34 http://archive.ubuntu.com/ubuntu jammy-updates/main amd64 libcc1-0 amd64 12.3.0-1ubuntu1~22.04.3 [48.3 kB]
#8 9.762 Get:35 http://archive.ubuntu.com/ubuntu jammy-updates/main amd64 libgomp1 amd64 12.3.0-1ubuntu1~22.04.3 [127 kB]
#8 9.764 Get:36 http://archive.ubuntu.com/ubuntu jammy-updates/main amd64 libitm1 amd64 12.3.0-1ubuntu1~22.04.3 [30.2 kB]
#8 9.765 Get:37 http://archive.ubuntu.com/ubuntu jammy-updates/main amd64 libatomic1 amd64 12.3.0-1ubuntu1~22.04.3 [10.5 kB]
#8 9.766 Get:38 http://archive.ubuntu.com/ubuntu jammy-updates/main amd64 libasan6 amd64 11.4.0-1ubuntu1~22.04.3 [2283 kB]
#8 9.835 Get:39 http://archive.ubuntu.com/ubuntu jammy-updates/main amd64 liblsan0 amd64 12.3.0-1ubuntu1~22.04.3 [1069 kB]
#8 9.867 Get:40 http://archive.ubuntu.com/ubuntu jammy-updates/main amd64 libtsan0 amd64 11.4.0-1ubuntu1~22.04.3 [2260 kB]
#8 9.934 Get:41 http://archive.ubuntu.com/ubuntu jammy-updates/main amd64 libubsan1 amd64 12.3.0-1ubuntu1~22.04.3 [976 kB]
#8 9.964 Get:42 http://archive.ubuntu.com/ubuntu jammy-updates/main amd64 libquadmath0 amd64 12.3.0-1ubuntu1~22.04.3 [154 kB]
#8 10.01 Get:43 http://archive.ubuntu.com/ubuntu jammy-updates/main amd64 libgcc-11-dev amd64 11.4.0-1ubuntu1~22.04.3 [2517 kB]
#8 10.07 Get:44 http://archive.ubuntu.com/ubuntu jammy-updates/main amd64 gcc-11 amd64 11.4.0-1ubuntu1~22.04.3 [20.1 MB]
#8 10.75 Get:45 http://archive.ubuntu.com/ubuntu jammy/main amd64 gcc amd64 4:11.2.0-1ubuntu1 [5112 B]
#8 10.75 Get:46 http://archive.ubuntu.com/ubuntu jammy-updates/main amd64 libstdc++-11-dev amd64 11.4.0-1ubuntu1~22.04.3 [2101 kB]
#8 10.81 Get:47 http://archive.ubuntu.com/ubuntu jammy-updates/main amd64 g++-11 amd64 11.4.0-1ubuntu1~22.04.3 [11.4 MB]
#8 11.15 Get:48 http://archive.ubuntu.com/ubuntu jammy/main amd64 g++ amd64 4:11.2.0-1ubuntu1 [1412 B]
#8 11.16 Get:49 http://archive.ubuntu.com/ubuntu jammy/main amd64 make amd64 4.3-4.1build1 [180 kB]
#8 11.16 Get:50 http://archive.ubuntu.com/ubuntu jammy-updates/main amd64 libdpkg-perl all 1.21.1ubuntu2.6 [237 kB]
#8 11.16 Get:51 http://archive.ubuntu.com/ubuntu jammy-updates/main amd64 bzip2 amd64 1.0.8-5ubuntu0.1 [34.8 kB]
#8 11.16 Get:52 http://archive.ubuntu.com/ubuntu jammy/main amd64 patch amd64 2.7.6-7build2 [109 kB]
#8 11.17 Get:53 http://archive.ubuntu.com/ubuntu jammy/main amd64 lto-disabled-list all 24 [12.5 kB]
#8 11.17 Get:54 http://archive.ubuntu.com/ubuntu jammy-updates/main amd64 dpkg-dev all 1.21.1ubuntu2.6 [922 kB]
#8 11.21 Get:55 http://archive.ubuntu.com/ubuntu jammy/main amd64 build-essential amd64 12.9ubuntu3 [4744 B]
#8 11.21 Get:56 http://archive.ubuntu.com/ubuntu jammy-updates/main amd64 libarchive13 amd64 3.6.0-1ubuntu1.8 [368 kB]
#8 11.28 Get:57 http://archive.ubuntu.com/ubuntu jammy/main amd64 libbrotli1 amd64 1.0.9-2build6 [315 kB]
#8 11.29 Get:58 http://archive.ubuntu.com/ubuntu jammy-updates/main amd64 libsasl2-modules-db amd64 2.1.27+dfsg2-3ubuntu1.2 [20.5 kB]
#8 11.40 Get:59 http://archive.ubuntu.com/ubuntu jammy-updates/main amd64 libsasl2-2 amd64 2.1.27+dfsg2-3ubuntu1.2 [53.8 kB]
#8 11.41 Get:60 http://archive.ubuntu.com/ubuntu jammy-updates/main amd64 libldap-2.5-0 amd64 2.5.20+dfsg-0ubuntu0.22.04.1 [184 kB]
#8 11.41 Get:61 http://archive.ubuntu.com/ubuntu jammy/main amd64 librtmp1 amd64 2.4+20151223.gitfa8646d.1-2build4 [58.2 kB]
#8 11.41 Get:62 http://archive.ubuntu.com/ubuntu jammy-updates/main amd64 libssh-4 amd64 0.9.6-2ubuntu0.22.04.8 [189 kB]
#8 11.42 Get:63 http://archive.ubuntu.com/ubuntu jammy-updates/main amd64 libcurl4 amd64 7.81.0-1ubuntu1.29 [292 kB]
#8 11.42 Get:64 http://archive.ubuntu.com/ubuntu jammy/main amd64 libjsoncpp25 amd64 1.9.5-3 [80.0 kB]
#8 11.42 Get:65 http://archive.ubuntu.com/ubuntu jammy/main amd64 librhash0 amd64 1.4.2-1ubuntu1 [125 kB]
#8 11.43 Get:66 http://archive.ubuntu.com/ubuntu jammy/main amd64 dh-elpa-helper all 2.0.9ubuntu1 [7610 B]
#8 11.53 Get:67 http://archive.ubuntu.com/ubuntu jammy/main amd64 emacsen-common all 3.0.4 [14.9 kB]
#8 11.53 Get:68 http://archive.ubuntu.com/ubuntu jammy-updates/main amd64 cmake-data all 3.22.1-1ubuntu1.22.04.2 [1913 kB]
#8 11.65 Get:69 http://archive.ubuntu.com/ubuntu jammy-updates/main amd64 cmake amd64 3.22.1-1ubuntu1.22.04.2 [5010 kB]
#8 11.80 Get:70 http://archive.ubuntu.com/ubuntu jammy-updates/main amd64 libabsl20210324 amd64 0~20210324.2-2ubuntu0.3 [386 kB]
#8 11.81 Get:71 http://archive.ubuntu.com/ubuntu jammy-updates/main amd64 libc-ares2 amd64 1.18.1-1ubuntu0.22.04.3 [45.1 kB]
#8 11.81 Get:72 http://archive.ubuntu.com/ubuntu jammy/universe amd64 libgrpc10 amd64 1.30.2-3build6 [1470 kB]
#8 11.84 Get:73 http://archive.ubuntu.com/ubuntu jammy-updates/main amd64 libprotobuf23 amd64 3.12.4-1ubuntu7.22.04.6 [877 kB]
#8 11.87 Get:74 http://archive.ubuntu.com/ubuntu jammy/universe amd64 libgrpc++1 amd64 1.30.2-3build6 [402 kB]
#8 11.87 Get:75 http://archive.ubuntu.com/ubuntu jammy/universe amd64 libgrpc-dev amd64 1.30.2-3build6 [1066 kB]
#8 11.93 Get:76 http://archive.ubuntu.com/ubuntu jammy/universe amd64 libgrpc++-dev amd64 1.30.2-3build6 [564 kB]
#8 11.94 Get:77 http://archive.ubuntu.com/ubuntu jammy-updates/main amd64 libpq5 amd64 14.24-0ubuntu0.22.04.1 [157 kB]
#8 11.94 Get:78 http://archive.ubuntu.com/ubuntu jammy-updates/main amd64 libssl-dev amd64 3.0.2-0ubuntu1.30 [2377 kB]
#8 12.02 Get:79 http://archive.ubuntu.com/ubuntu jammy-updates/main amd64 libpq-dev amd64 14.24-0ubuntu0.22.04.1 [149 kB]
#8 12.05 Get:80 http://archive.ubuntu.com/ubuntu jammy/universe amd64 libpqxx-6.4 amd64 6.4.5-2build1 [155 kB]
#8 12.05 Get:81 http://archive.ubuntu.com/ubuntu jammy/main amd64 pkg-config amd64 0.29.2-1ubuntu3 [48.2 kB]
#8 12.05 Get:82 http://archive.ubuntu.com/ubuntu jammy/universe amd64 libpqxx-dev amd64 6.4.5-2build1 [243 kB]
#8 12.06 Get:83 http://archive.ubuntu.com/ubuntu jammy-updates/main amd64 libprotobuf-lite23 amd64 3.12.4-1ubuntu7.22.04.6 [209 kB]
#8 12.06 Get:84 http://archive.ubuntu.com/ubuntu jammy-updates/main amd64 libprotoc23 amd64 3.12.4-1ubuntu7.22.04.6 [662 kB]
#8 12.17 Get:85 http://archive.ubuntu.com/ubuntu jammy/universe amd64 nlohmann-json3-dev all 3.10.5-2 [167 kB]
#8 12.18 Get:86 http://archive.ubuntu.com/ubuntu jammy-updates/universe amd64 protobuf-compiler amd64 3.12.4-1ubuntu7.22.04.6 [29.2 kB]
#8 12.18 Get:87 http://archive.ubuntu.com/ubuntu jammy/universe amd64 protobuf-compiler-grpc amd64 1.30.2-3build6 [185 kB]
#8 12.18 Get:88 http://archive.ubuntu.com/ubuntu jammy-updates/main amd64 zlib1g-dev amd64 1:1.2.11.dfsg-2ubuntu9.2 [164 kB]
#8 12.18 Get:89 http://archive.ubuntu.com/ubuntu jammy-updates/main amd64 libprotobuf-dev amd64 3.12.4-1ubuntu7.22.04.6 [1347 kB]
#8 12.32 debconf: delaying package configuration, since apt-utils is not installed
#8 12.35 Fetched 107 MB in 5s (19.8 MB/s)
#8 12.36 Selecting previously unselected package perl-modules-5.34.
#8 12.36 (Reading database ... 
(Reading database ... 5%
(Reading database ... 10%
(Reading database ... 15%
(Reading database ... 20%
(Reading database ... 25%
(Reading database ... 30%
(Reading database ... 35%
(Reading database ... 40%
(Reading database ... 45%
(Reading database ... 50%
(Reading database ... 55%
(Reading database ... 60%
(Reading database ... 65%
(Reading database ... 70%
(Reading database ... 75%
(Reading database ... 80%
(Reading database ... 85%
(Reading database ... 90%
(Reading database ... 95%
(Reading database ... 100%
(Reading database ... 4393 files and directories currently installed.)
#8 12.37 Preparing to unpack .../0-perl-modules-5.34_5.34.0-3ubuntu1.9_all.deb ...
#8 12.37 Unpacking perl-modules-5.34 (5.34.0-3ubuntu1.9) ...
#8 12.62 Selecting previously unselected package libgdbm6:amd64.
#8 12.62 Preparing to unpack .../1-libgdbm6_1.23-1_amd64.deb ...
#8 12.62 Unpacking libgdbm6:amd64 (1.23-1) ...
#8 12.63 Selecting previously unselected package libgdbm-compat4:amd64.
#8 12.63 Preparing to unpack .../2-libgdbm-compat4_1.23-1_amd64.deb ...
#8 12.63 Unpacking libgdbm-compat4:amd64 (1.23-1) ...
#8 12.64 Selecting previously unselected package libperl5.34:amd64.
#8 12.64 Preparing to unpack .../3-libperl5.34_5.34.0-3ubuntu1.9_amd64.deb ...
#8 12.64 Unpacking libperl5.34:amd64 (5.34.0-3ubuntu1.9) ...
#8 12.79 Selecting previously unselected package perl.
#8 12.79 Preparing to unpack .../4-perl_5.34.0-3ubuntu1.9_amd64.deb ...
#8 12.79 Unpacking perl (5.34.0-3ubuntu1.9) ...
#8 12.82 Preparing to unpack .../5-libssl3_3.0.2-0ubuntu1.30_amd64.deb ...
#8 12.82 Unpacking libssl3:amd64 (3.0.2-0ubuntu1.30) over (3.0.2-0ubuntu1.29) ...
#8 12.91 Setting up libssl3:amd64 (3.0.2-0ubuntu1.30) ...
#8 12.96 debconf: unable to initialize frontend: Dialog
#8 12.96 debconf: (TERM is not set, so the dialog frontend is not usable.)
#8 12.96 debconf: falling back to frontend: Readline
#8 13.00 Selecting previously unselected package libexpat1:amd64.
#8 13.00 (Reading database ... 
(Reading database ... 5%
(Reading database ... 10%
(Reading database ... 15%
(Reading database ... 20%
(Reading database ... 25%
(Reading database ... 30%
(Reading database ... 35%
(Reading database ... 40%
(Reading database ... 45%
(Reading database ... 50%
(Reading database ... 55%
(Reading database ... 60%
(Reading database ... 65%
(Reading database ... 70%
(Reading database ... 75%
(Reading database ... 80%
(Reading database ... 85%
(Reading database ... 90%
(Reading database ... 95%
(Reading database ... 100%
(Reading database ... 6381 files and directories currently installed.)
#8 13.00 Preparing to unpack .../00-libexpat1_2.4.7-1ubuntu0.9_amd64.deb ...
#8 13.00 Unpacking libexpat1:amd64 (2.4.7-1ubuntu0.9) ...
#8 13.08 Selecting previously unselected package libglib2.0-0:amd64.
#8 13.08 Preparing to unpack .../01-libglib2.0-0_2.72.4-0ubuntu2.10_amd64.deb ...
#8 13.08 Unpacking libglib2.0-0:amd64 (2.72.4-0ubuntu2.10) ...
#8 13.11 Selecting previously unselected package libicu70:amd64.
#8 13.11 Preparing to unpack .../02-libicu70_70.1-2_amd64.deb ...
#8 13.11 Unpacking libicu70:amd64 (70.1-2) ...
#8 13.23 Selecting previously unselected package libxml2:amd64.
#8 13.23 Preparing to unpack .../03-libxml2_2.9.13+dfsg-1ubuntu0.13_amd64.deb ...
#8 13.23 Unpacking libxml2:amd64 (2.9.13+dfsg-1ubuntu0.13) ...
#8 13.26 Selecting previously unselected package libnghttp2-14:amd64.
#8 13.26 Preparing to unpack .../04-libnghttp2-14_1.43.0-1ubuntu0.4_amd64.deb ...
#8 13.26 Unpacking libnghttp2-14:amd64 (1.43.0-1ubuntu0.4) ...
#8 13.27 Selecting previously unselected package libpsl5:amd64.
#8 13.27 Preparing to unpack .../05-libpsl5_0.21.0-1.2build2_amd64.deb ...
#8 13.28 Unpacking libpsl5:amd64 (0.21.0-1.2build2) ...
#8 13.29 Selecting previously unselected package libuv1:amd64.
#8 13.29 Preparing to unpack .../06-libuv1_1.43.0-1ubuntu0.1_amd64.deb ...
#8 13.29 Unpacking libuv1:amd64 (1.43.0-1ubuntu0.1) ...
#8 13.30 Selecting previously unselected package xz-utils.
#8 13.30 Preparing to unpack .../07-xz-utils_5.2.5-2ubuntu1.1_amd64.deb ...
#8 13.30 Unpacking xz-utils (5.2.5-2ubuntu1.1) ...
#8 13.32 Selecting previously unselected package binutils-common:amd64.
#8 13.32 Preparing to unpack .../08-binutils-common_2.38-4ubuntu2.12_amd64.deb ...
#8 13.32 Unpacking binutils-common:amd64 (2.38-4ubuntu2.12) ...
#8 13.33 Selecting previously unselected package libbinutils:amd64.
#8 13.33 Preparing to unpack .../09-libbinutils_2.38-4ubuntu2.12_amd64.deb ...
#8 13.33 Unpacking libbinutils:amd64 (2.38-4ubuntu2.12) ...
#8 13.35 Selecting previously unselected package libctf-nobfd0:amd64.
#8 13.35 Preparing to unpack .../10-libctf-nobfd0_2.38-4ubuntu2.12_amd64.deb ...
#8 13.36 Unpacking libctf-nobfd0:amd64 (2.38-4ubuntu2.12) ...
#8 13.37 Selecting previously unselected package libctf0:amd64.
#8 13.37 Preparing to unpack .../11-libctf0_2.38-4ubuntu2.12_amd64.deb ...
#8 13.37 Unpacking libctf0:amd64 (2.38-4ubuntu2.12) ...
#8 13.38 Selecting previously unselected package binutils-x86-64-linux-gnu.
#8 13.38 Preparing to unpack .../12-binutils-x86-64-linux-gnu_2.38-4ubuntu2.12_amd64.deb ...
#8 13.38 Unpacking binutils-x86-64-linux-gnu (2.38-4ubuntu2.12) ...
#8 13.45 Selecting previously unselected package binutils.
#8 13.45 Preparing to unpack .../13-binutils_2.38-4ubuntu2.12_amd64.deb ...
#8 13.45 Unpacking binutils (2.38-4ubuntu2.12) ...
#8 13.46 Selecting previously unselected package libc-dev-bin.
#8 13.46 Preparing to unpack .../14-libc-dev-bin_2.35-0ubuntu3.15_amd64.deb ...
#8 13.46 Unpacking libc-dev-bin (2.35-0ubuntu3.15) ...
#8 13.48 Selecting previously unselected package linux-libc-dev:amd64.
#8 13.48 Preparing to unpack .../15-linux-libc-dev_5.15.0-198.208_amd64.deb ...
#8 13.48 Unpacking linux-libc-dev:amd64 (5.15.0-198.208) ...
#8 13.63 Selecting previously unselected package libcrypt-dev:amd64.
#8 13.63 Preparing to unpack .../16-libcrypt-dev_1%3a4.4.27-1_amd64.deb ...
#8 13.63 Unpacking libcrypt-dev:amd64 (1:4.4.27-1) ...
#8 13.64 Selecting previously unselected package rpcsvc-proto.
#8 13.64 Preparing to unpack .../17-rpcsvc-proto_1.4.2-0ubuntu6_amd64.deb ...
#8 13.64 Unpacking rpcsvc-proto (1.4.2-0ubuntu6) ...
#8 13.70 Selecting previously unselected package libtirpc-dev:amd64.
#8 13.70 Preparing to unpack .../18-libtirpc-dev_1.3.2-2ubuntu0.1_amd64.deb ...
#8 13.70 Unpacking libtirpc-dev:amd64 (1.3.2-2ubuntu0.1) ...
#8 13.72 Selecting previously unselected package libnsl-dev:amd64.
#8 13.72 Preparing to unpack .../19-libnsl-dev_1.3.0-2build2_amd64.deb ...
#8 13.72 Unpacking libnsl-dev:amd64 (1.3.0-2build2) ...
#8 13.73 Selecting previously unselected package libc6-dev:amd64.
#8 13.73 Preparing to unpack .../20-libc6-dev_2.35-0ubuntu3.15_amd64.deb ...
#8 13.74 Unpacking libc6-dev:amd64 (2.35-0ubuntu3.15) ...
#8 13.84 Selecting previously unselected package gcc-11-base:amd64.
#8 13.84 Preparing to unpack .../21-gcc-11-base_11.4.0-1ubuntu1~22.04.3_amd64.deb ...
#8 13.85 Unpacking gcc-11-base:amd64 (11.4.0-1ubuntu1~22.04.3) ...
#8 13.86 Selecting previously unselected package libisl23:amd64.
#8 13.86 Preparing to unpack .../22-libisl23_0.24-2build1_amd64.deb ...
#8 13.86 Unpacking libisl23:amd64 (0.24-2build1) ...
#8 13.88 Selecting previously unselected package libmpfr6:amd64.
#8 13.88 Preparing to unpack .../23-libmpfr6_4.1.0-3build3_amd64.deb ...
#8 13.88 Unpacking libmpfr6:amd64 (4.1.0-3build3) ...
#8 13.90 Selecting previously unselected package libmpc3:amd64.
#8 13.90 Preparing to unpack .../24-libmpc3_1.2.1-2build1_amd64.deb ...
#8 13.90 Unpacking libmpc3:amd64 (1.2.1-2build1) ...
#8 13.92 Selecting previously unselected package cpp-11.
#8 13.92 Preparing to unpack .../25-cpp-11_11.4.0-1ubuntu1~22.04.3_amd64.deb ...
#8 13.92 Unpacking cpp-11 (11.4.0-1ubuntu1~22.04.3) ...
#8 14.02 Selecting previously unselected package cpp.
#8 14.02 Preparing to unpack .../26-cpp_4%3a11.2.0-1ubuntu1_amd64.deb ...
#8 14.02 Unpacking cpp (4:11.2.0-1ubuntu1) ...
#8 14.03 Selecting previously unselected package libcc1-0:amd64.
#8 14.03 Preparing to unpack .../27-libcc1-0_12.3.0-1ubuntu1~22.04.3_amd64.deb ...
#8 14.03 Unpacking libcc1-0:amd64 (12.3.0-1ubuntu1~22.04.3) ...
#8 14.05 Selecting previously unselected package libgomp1:amd64.
#8 14.05 Preparing to unpack .../28-libgomp1_12.3.0-1ubuntu1~22.04.3_amd64.deb ...
#8 14.05 Unpacking libgomp1:amd64 (12.3.0-1ubuntu1~22.04.3) ...
#8 14.09 Selecting previously unselected package libitm1:amd64.
#8 14.09 Preparing to unpack .../29-libitm1_12.3.0-1ubuntu1~22.04.3_amd64.deb ...
#8 14.09 Unpacking libitm1:amd64 (12.3.0-1ubuntu1~22.04.3) ...
#8 14.11 Selecting previously unselected package libatomic1:amd64.
#8 14.11 Preparing to unpack .../30-libatomic1_12.3.0-1ubuntu1~22.04.3_amd64.deb ...
#8 14.11 Unpacking libatomic1:amd64 (12.3.0-1ubuntu1~22.04.3) ...
#8 14.12 Selecting previously unselected package libasan6:amd64.
#8 14.12 Preparing to unpack .../31-libasan6_11.4.0-1ubuntu1~22.04.3_amd64.deb ...
#8 14.12 Unpacking libasan6:amd64 (11.4.0-1ubuntu1~22.04.3) ...
#8 14.17 Selecting previously unselected package liblsan0:amd64.
#8 14.17 Preparing to unpack .../32-liblsan0_12.3.0-1ubuntu1~22.04.3_amd64.deb ...
#8 14.17 Unpacking liblsan0:amd64 (12.3.0-1ubuntu1~22.04.3) ...
#8 14.19 Selecting previously unselected package libtsan0:amd64.
#8 14.19 Preparing to unpack .../33-libtsan0_11.4.0-1ubuntu1~22.04.3_amd64.deb ...
#8 14.19 Unpacking libtsan0:amd64 (11.4.0-1ubuntu1~22.04.3) ...
#8 14.23 Selecting previously unselected package libubsan1:amd64.
#8 14.23 Preparing to unpack .../34-libubsan1_12.3.0-1ubuntu1~22.04.3_amd64.deb ...
#8 14.23 Unpacking libubsan1:amd64 (12.3.0-1ubuntu1~22.04.3) ...
#8 14.26 Selecting previously unselected package libquadmath0:amd64.
#8 14.26 Preparing to unpack .../35-libquadmath0_12.3.0-1ubuntu1~22.04.3_amd64.deb ...
#8 14.26 Unpacking libquadmath0:amd64 (12.3.0-1ubuntu1~22.04.3) ...
#8 14.27 Selecting previously unselected package libgcc-11-dev:amd64.
#8 14.27 Preparing to unpack .../36-libgcc-11-dev_11.4.0-1ubuntu1~22.04.3_amd64.deb ...
#8 14.27 Unpacking libgcc-11-dev:amd64 (11.4.0-1ubuntu1~22.04.3) ...
#8 14.34 Selecting previously unselected package gcc-11.
#8 14.34 Preparing to unpack .../37-gcc-11_11.4.0-1ubuntu1~22.04.3_amd64.deb ...
#8 14.34 Unpacking gcc-11 (11.4.0-1ubuntu1~22.04.3) ...
#8 14.53 Selecting previously unselected package gcc.
#8 14.53 Preparing to unpack .../38-gcc_4%3a11.2.0-1ubuntu1_amd64.deb ...
#8 14.53 Unpacking gcc (4:11.2.0-1ubuntu1) ...
#8 14.54 Selecting previously unselected package libstdc++-11-dev:amd64.
#8 14.55 Preparing to unpack .../39-libstdc++-11-dev_11.4.0-1ubuntu1~22.04.3_amd64.deb ...
#8 14.55 Unpacking libstdc++-11-dev:amd64 (11.4.0-1ubuntu1~22.04.3) ...
#8 14.70 Selecting previously unselected package g++-11.
#8 14.70 Preparing to unpack .../40-g++-11_11.4.0-1ubuntu1~22.04.3_amd64.deb ...
#8 14.70 Unpacking g++-11 (11.4.0-1ubuntu1~22.04.3) ...
#8 14.91 Selecting previously unselected package g++.
#8 14.91 Preparing to unpack .../41-g++_4%3a11.2.0-1ubuntu1_amd64.deb ...
#8 14.91 Unpacking g++ (4:11.2.0-1ubuntu1) ...
#8 14.92 Selecting previously unselected package make.
#8 14.92 Preparing to unpack .../42-make_4.3-4.1build1_amd64.deb ...
#8 14.92 Unpacking make (4.3-4.1build1) ...
#8 14.93 Selecting previously unselected package libdpkg-perl.
#8 14.93 Preparing to unpack .../43-libdpkg-perl_1.21.1ubuntu2.6_all.deb ...
#8 14.93 Unpacking libdpkg-perl (1.21.1ubuntu2.6) ...
#8 14.96 Selecting previously unselected package bzip2.
#8 14.96 Preparing to unpack .../44-bzip2_1.0.8-5ubuntu0.1_amd64.deb ...
#8 14.96 Unpacking bzip2 (1.0.8-5ubuntu0.1) ...
#8 14.97 Selecting previously unselected package patch.
#8 14.98 Preparing to unpack .../45-patch_2.7.6-7build2_amd64.deb ...
#8 14.98 Unpacking patch (2.7.6-7build2) ...
#8 15.01 Selecting previously unselected package lto-disabled-list.
#8 15.01 Preparing to unpack .../46-lto-disabled-list_24_all.deb ...
#8 15.01 Unpacking lto-disabled-list (24) ...
#8 15.02 Selecting previously unselected package dpkg-dev.
#8 15.02 Preparing to unpack .../47-dpkg-dev_1.21.1ubuntu2.6_all.deb ...
#8 15.02 Unpacking dpkg-dev (1.21.1ubuntu2.6) ...
#8 15.05 Selecting previously unselected package build-essential.
#8 15.05 Preparing to unpack .../48-build-essential_12.9ubuntu3_amd64.deb ...
#8 15.05 Unpacking build-essential (12.9ubuntu3) ...
#8 15.07 Selecting previously unselected package libarchive13:amd64.
#8 15.07 Preparing to unpack .../49-libarchive13_3.6.0-1ubuntu1.8_amd64.deb ...
#8 15.07 Unpacking libarchive13:amd64 (3.6.0-1ubuntu1.8) ...
#8 15.08 Selecting previously unselected package libbrotli1:amd64.
#8 15.08 Preparing to unpack .../50-libbrotli1_1.0.9-2build6_amd64.deb ...
#8 15.08 Unpacking libbrotli1:amd64 (1.0.9-2build6) ...
#8 15.10 Selecting previously unselected package libsasl2-modules-db:amd64.
#8 15.10 Preparing to unpack .../51-libsasl2-modules-db_2.1.27+dfsg2-3ubuntu1.2_amd64.deb ...
#8 15.10 Unpacking libsasl2-modules-db:amd64 (2.1.27+dfsg2-3ubuntu1.2) ...
#8 15.22 Selecting previously unselected package libsasl2-2:amd64.
#8 15.22 Preparing to unpack .../52-libsasl2-2_2.1.27+dfsg2-3ubuntu1.2_amd64.deb ...
#8 15.23 Unpacking libsasl2-2:amd64 (2.1.27+dfsg2-3ubuntu1.2) ...
#8 15.24 Selecting previously unselected package libldap-2.5-0:amd64.
#8 15.24 Preparing to unpack .../53-libldap-2.5-0_2.5.20+dfsg-0ubuntu0.22.04.1_amd64.deb ...
#8 15.24 Unpacking libldap-2.5-0:amd64 (2.5.20+dfsg-0ubuntu0.22.04.1) ...
#8 15.25 Selecting previously unselected package librtmp1:amd64.
#8 15.26 Preparing to unpack .../54-librtmp1_2.4+20151223.gitfa8646d.1-2build4_amd64.deb ...
#8 15.26 Unpacking librtmp1:amd64 (2.4+20151223.gitfa8646d.1-2build4) ...
#8 15.27 Selecting previously unselected package libssh-4:amd64.
#8 15.27 Preparing to unpack .../55-libssh-4_0.9.6-2ubuntu0.22.04.8_amd64.deb ...
#8 15.27 Unpacking libssh-4:amd64 (0.9.6-2ubuntu0.22.04.8) ...
#8 15.29 Selecting previously unselected package libcurl4:amd64.
#8 15.29 Preparing to unpack .../56-libcurl4_7.81.0-1ubuntu1.29_amd64.deb ...
#8 15.29 Unpacking libcurl4:amd64 (7.81.0-1ubuntu1.29) ...
#8 15.31 Selecting previously unselected package libjsoncpp25:amd64.
#8 15.31 Preparing to unpack .../57-libjsoncpp25_1.9.5-3_amd64.deb ...
#8 15.31 Unpacking libjsoncpp25:amd64 (1.9.5-3) ...
#8 15.32 Selecting previously unselected package librhash0:amd64.
#8 15.32 Preparing to unpack .../58-librhash0_1.4.2-1ubuntu1_amd64.deb ...
#8 15.32 Unpacking librhash0:amd64 (1.4.2-1ubuntu1) ...
#8 15.34 Selecting previously unselected package dh-elpa-helper.
#8 15.34 Preparing to unpack .../59-dh-elpa-helper_2.0.9ubuntu1_all.deb ...
#8 15.34 Unpacking dh-elpa-helper (2.0.9ubuntu1) ...
#8 15.40 Selecting previously unselected package emacsen-common.
#8 15.40 Preparing to unpack .../60-emacsen-common_3.0.4_all.deb ...
#8 15.41 Unpacking emacsen-common (3.0.4) ...
#8 15.43 Selecting previously unselected package cmake-data.
#8 15.43 Preparing to unpack .../61-cmake-data_3.22.1-1ubuntu1.22.04.2_all.deb ...
#8 15.43 Unpacking cmake-data (3.22.1-1ubuntu1.22.04.2) ...
#8 15.99 Selecting previously unselected package cmake.
#8 16.00 Preparing to unpack .../62-cmake_3.22.1-1ubuntu1.22.04.2_amd64.deb ...
#8 16.00 Unpacking cmake (3.22.1-1ubuntu1.22.04.2) ...
#8 16.08 Selecting previously unselected package libabsl20210324:amd64.
#8 16.08 Preparing to unpack .../63-libabsl20210324_0~20210324.2-2ubuntu0.3_amd64.deb ...
#8 16.08 Unpacking libabsl20210324:amd64 (0~20210324.2-2ubuntu0.3) ...
#8 16.11 Selecting previously unselected package libc-ares2:amd64.
#8 16.11 Preparing to unpack .../64-libc-ares2_1.18.1-1ubuntu0.22.04.3_amd64.deb ...
#8 16.11 Unpacking libc-ares2:amd64 (1.18.1-1ubuntu0.22.04.3) ...
#8 16.13 Selecting previously unselected package libgrpc10:amd64.
#8 16.13 Preparing to unpack .../65-libgrpc10_1.30.2-3build6_amd64.deb ...
#8 16.13 Unpacking libgrpc10:amd64 (1.30.2-3build6) ...
#8 16.18 Selecting previously unselected package libprotobuf23:amd64.
#8 16.18 Preparing to unpack .../66-libprotobuf23_3.12.4-1ubuntu7.22.04.6_amd64.deb ...
#8 16.18 Unpacking libprotobuf23:amd64 (3.12.4-1ubuntu7.22.04.6) ...
#8 16.20 Selecting previously unselected package libgrpc++1:amd64.
#8 16.20 Preparing to unpack .../67-libgrpc++1_1.30.2-3build6_amd64.deb ...
#8 16.20 Unpacking libgrpc++1:amd64 (1.30.2-3build6) ...
#8 16.23 Selecting previously unselected package libgrpc-dev:amd64.
#8 16.24 Preparing to unpack .../68-libgrpc-dev_1.30.2-3build6_amd64.deb ...
#8 16.24 Unpacking libgrpc-dev:amd64 (1.30.2-3build6) ...
#8 16.28 Selecting previously unselected package libgrpc++-dev:amd64.
#8 16.28 Preparing to unpack .../69-libgrpc++-dev_1.30.2-3build6_amd64.deb ...
#8 16.29 Unpacking libgrpc++-dev:amd64 (1.30.2-3build6) ...
#8 16.34 Selecting previously unselected package libpq5:amd64.
#8 16.35 Preparing to unpack .../70-libpq5_14.24-0ubuntu0.22.04.1_amd64.deb ...
#8 16.35 Unpacking libpq5:amd64 (14.24-0ubuntu0.22.04.1) ...
#8 16.36 Selecting previously unselected package libssl-dev:amd64.
#8 16.36 Preparing to unpack .../71-libssl-dev_3.0.2-0ubuntu1.30_amd64.deb ...
#8 16.36 Unpacking libssl-dev:amd64 (3.0.2-0ubuntu1.30) ...
#8 16.46 Selecting previously unselected package libpq-dev.
#8 16.46 Preparing to unpack .../72-libpq-dev_14.24-0ubuntu0.22.04.1_amd64.deb ...
#8 16.46 Unpacking libpq-dev (14.24-0ubuntu0.22.04.1) ...
#8 16.48 Selecting previously unselected package libpqxx-6.4.
#8 16.48 Preparing to unpack .../73-libpqxx-6.4_6.4.5-2build1_amd64.deb ...
#8 16.48 Unpacking libpqxx-6.4 (6.4.5-2build1) ...
#8 16.50 Selecting previously unselected package pkg-config.
#8 16.50 Preparing to unpack .../74-pkg-config_0.29.2-1ubuntu3_amd64.deb ...
#8 16.50 Unpacking pkg-config (0.29.2-1ubuntu3) ...
#8 16.51 Selecting previously unselected package libpqxx-dev.
#8 16.52 Preparing to unpack .../75-libpqxx-dev_6.4.5-2build1_amd64.deb ...
#8 16.52 Unpacking libpqxx-dev (6.4.5-2build1) ...
#8 16.56 Selecting previously unselected package libprotobuf-lite23:amd64.
#8 16.56 Preparing to unpack .../76-libprotobuf-lite23_3.12.4-1ubuntu7.22.04.6_amd64.deb ...
#8 16.56 Unpacking libprotobuf-lite23:amd64 (3.12.4-1ubuntu7.22.04.6) ...
#8 16.57 Selecting previously unselected package libprotoc23:amd64.
#8 16.57 Preparing to unpack .../77-libprotoc23_3.12.4-1ubuntu7.22.04.6_amd64.deb ...
#8 16.57 Unpacking libprotoc23:amd64 (3.12.4-1ubuntu7.22.04.6) ...
#8 16.60 Selecting previously unselected package nlohmann-json3-dev.
#8 16.60 Preparing to unpack .../78-nlohmann-json3-dev_3.10.5-2_all.deb ...
#8 16.60 Unpacking nlohmann-json3-dev (3.10.5-2) ...
#8 16.63 Selecting previously unselected package protobuf-compiler.
#8 16.63 Preparing to unpack .../79-protobuf-compiler_3.12.4-1ubuntu7.22.04.6_amd64.deb ...
#8 16.64 Unpacking protobuf-compiler (3.12.4-1ubuntu7.22.04.6) ...
#8 16.65 Selecting previously unselected package protobuf-compiler-grpc.
#8 16.65 Preparing to unpack .../80-protobuf-compiler-grpc_1.30.2-3build6_amd64.deb ...
#8 16.65 Unpacking protobuf-compiler-grpc (1.30.2-3build6) ...
#8 16.66 Selecting previously unselected package zlib1g-dev:amd64.
#8 16.67 Preparing to unpack .../81-zlib1g-dev_1%3a1.2.11.dfsg-2ubuntu9.2_amd64.deb ...
#8 16.67 Unpacking zlib1g-dev:amd64 (1:1.2.11.dfsg-2ubuntu9.2) ...
#8 16.68 Selecting previously unselected package libprotobuf-dev:amd64.
#8 16.68 Preparing to unpack .../82-libprotobuf-dev_3.12.4-1ubuntu7.22.04.6_amd64.deb ...
#8 16.68 Unpacking libprotobuf-dev:amd64 (3.12.4-1ubuntu7.22.04.6) ...
#8 16.77 Setting up libexpat1:amd64 (2.4.7-1ubuntu0.9) ...
#8 16.77 Setting up gcc-11-base:amd64 (11.4.0-1ubuntu1~22.04.3) ...
#8 16.77 Setting up lto-disabled-list (24) ...
#8 16.78 Setting up libpsl5:amd64 (0.21.0-1.2build2) ...
#8 16.78 Setting up libglib2.0-0:amd64 (2.72.4-0ubuntu2.10) ...
#8 16.78 No schema files found: doing nothing.
#8 16.79 Setting up libbrotli1:amd64 (1.0.9-2build6) ...
#8 16.79 Setting up binutils-common:amd64 (2.38-4ubuntu2.12) ...
#8 16.79 Setting up libnghttp2-14:amd64 (1.43.0-1ubuntu0.4) ...
#8 16.79 Setting up linux-libc-dev:amd64 (5.15.0-198.208) ...
#8 16.79 Setting up libctf-nobfd0:amd64 (2.38-4ubuntu2.12) ...
#8 16.79 Setting up libprotobuf23:amd64 (3.12.4-1ubuntu7.22.04.6) ...
#8 16.79 Setting up libc-ares2:amd64 (1.18.1-1ubuntu0.22.04.3) ...
#8 16.80 Setting up libgomp1:amd64 (12.3.0-1ubuntu1~22.04.3) ...
#8 16.80 Setting up perl-modules-5.34 (5.34.0-3ubuntu1.9) ...
#8 16.80 Setting up bzip2 (1.0.8-5ubuntu0.1) ...
#8 16.80 Setting up libasan6:amd64 (11.4.0-1ubuntu1~22.04.3) ...
#8 16.80 Setting up libsasl2-modules-db:amd64 (2.1.27+dfsg2-3ubuntu1.2) ...
#8 16.81 Setting up libprotobuf-lite23:amd64 (3.12.4-1ubuntu7.22.04.6) ...
#8 16.81 Setting up libtirpc-dev:amd64 (1.3.2-2ubuntu0.1) ...
#8 16.81 Setting up libuv1:amd64 (1.43.0-1ubuntu0.1) ...
#8 16.81 Setting up rpcsvc-proto (1.4.2-0ubuntu6) ...
#8 16.82 Setting up emacsen-common (3.0.4) ...
#8 16.85 Setting up make (4.3-4.1build1) ...
#8 16.85 Setting up libmpfr6:amd64 (4.1.0-3build3) ...
#8 16.85 Setting up librtmp1:amd64 (2.4+20151223.gitfa8646d.1-2build4) ...
#8 16.86 Setting up dh-elpa-helper (2.0.9ubuntu1) ...
#8 16.86 Setting up libprotoc23:amd64 (3.12.4-1ubuntu7.22.04.6) ...
#8 16.86 Setting up xz-utils (5.2.5-2ubuntu1.1) ...
#8 16.86 update-alternatives: using /usr/bin/xz to provide /usr/bin/lzma (lzma) in auto mode
#8 16.86 update-alternatives: warning: skip creation of /usr/share/man/man1/lzma.1.gz because associated file /usr/share/man/man1/xz.1.gz (of link group lzma) doesn't exist
#8 16.86 update-alternatives: warning: skip creation of /usr/share/man/man1/unlzma.1.gz because associated file /usr/share/man/man1/unxz.1.gz (of link group lzma) doesn't exist
#8 16.86 update-alternatives: warning: skip creation of /usr/share/man/man1/lzcat.1.gz because associated file /usr/share/man/man1/xzcat.1.gz (of link group lzma) doesn't exist
#8 16.86 update-alternatives: warning: skip creation of /usr/share/man/man1/lzmore.1.gz because associated file /usr/share/man/man1/xzmore.1.gz (of link group lzma) doesn't exist
#8 16.86 update-alternatives: warning: skip creation of /usr/share/man/man1/lzless.1.gz because associated file /usr/share/man/man1/xzless.1.gz (of link group lzma) doesn't exist
#8 16.86 update-alternatives: warning: skip creation of /usr/share/man/man1/lzdiff.1.gz because associated file /usr/share/man/man1/xzdiff.1.gz (of link group lzma) doesn't exist
#8 16.86 update-alternatives: warning: skip creation of /usr/share/man/man1/lzcmp.1.gz because associated file /usr/share/man/man1/xzcmp.1.gz (of link group lzma) doesn't exist
#8 16.86 update-alternatives: warning: skip creation of /usr/share/man/man1/lzgrep.1.gz because associated file /usr/share/man/man1/xzgrep.1.gz (of link group lzma) doesn't exist
#8 16.86 update-alternatives: warning: skip creation of /usr/share/man/man1/lzegrep.1.gz because associated file /usr/share/man/man1/xzegrep.1.gz (of link group lzma) doesn't exist
#8 16.86 update-alternatives: warning: skip creation of /usr/share/man/man1/lzfgrep.1.gz because associated file /usr/share/man/man1/xzfgrep.1.gz (of link group lzma) doesn't exist
#8 16.87 Setting up libquadmath0:amd64 (12.3.0-1ubuntu1~22.04.3) ...
#8 16.87 Setting up libssl-dev:amd64 (3.0.2-0ubuntu1.30) ...
#8 16.87 Setting up libmpc3:amd64 (1.2.1-2build1) ...
#8 16.87 Setting up libatomic1:amd64 (12.3.0-1ubuntu1~22.04.3) ...
#8 16.87 Setting up patch (2.7.6-7build2) ...
#8 16.87 Setting up libjsoncpp25:amd64 (1.9.5-3) ...
#8 16.88 Setting up libabsl20210324:amd64 (0~20210324.2-2ubuntu0.3) ...
#8 16.88 Setting up libsasl2-2:amd64 (2.1.27+dfsg2-3ubuntu1.2) ...
#8 16.88 Setting up libssh-4:amd64 (0.9.6-2ubuntu0.22.04.8) ...
#8 16.88 Setting up libubsan1:amd64 (12.3.0-1ubuntu1~22.04.3) ...
#8 16.88 Setting up libnsl-dev:amd64 (1.3.0-2build2) ...
#8 16.89 Setting up librhash0:amd64 (1.4.2-1ubuntu1) ...
#8 16.89 Setting up libcrypt-dev:amd64 (1:4.4.27-1) ...
#8 16.89 Setting up cmake-data (3.22.1-1ubuntu1.22.04.2) ...
#8 16.91 Setting up nlohmann-json3-dev (3.10.5-2) ...
#8 16.95 Setting up libbinutils:amd64 (2.38-4ubuntu2.12) ...
#8 16.95 Setting up libisl23:amd64 (0.24-2build1) ...
#8 16.95 Setting up libc-dev-bin (2.35-0ubuntu3.15) ...
#8 16.95 Setting up libcc1-0:amd64 (12.3.0-1ubuntu1~22.04.3) ...
#8 16.95 Setting up liblsan0:amd64 (12.3.0-1ubuntu1~22.04.3) ...
#8 16.95 Setting up libitm1:amd64 (12.3.0-1ubuntu1~22.04.3) ...
#8 16.96 Setting up libgdbm6:amd64 (1.23-1) ...
#8 16.96 Setting up libicu70:amd64 (70.1-2) ...
#8 16.96 Setting up libtsan0:amd64 (11.4.0-1ubuntu1~22.04.3) ...
#8 16.96 Setting up libctf0:amd64 (2.38-4ubuntu2.12) ...
#8 16.96 Setting up cpp-11 (11.4.0-1ubuntu1~22.04.3) ...
#8 16.96 Setting up protobuf-compiler (3.12.4-1ubuntu7.22.04.6) ...
#8 16.97 Setting up libldap-2.5-0:amd64 (2.5.20+dfsg-0ubuntu0.22.04.1) ...
#8 16.97 Setting up protobuf-compiler-grpc (1.30.2-3build6) ...
#8 16.97 Setting up libgrpc10:amd64 (1.30.2-3build6) ...
#8 16.97 Setting up libgdbm-compat4:amd64 (1.23-1) ...
#8 16.97 Setting up libgcc-11-dev:amd64 (11.4.0-1ubuntu1~22.04.3) ...
#8 16.97 Setting up cpp (4:11.2.0-1ubuntu1) ...
#8 16.98 Setting up libcurl4:amd64 (7.81.0-1ubuntu1.29) ...
#8 16.98 Setting up libc6-dev:amd64 (2.35-0ubuntu3.15) ...
#8 16.98 Setting up libgrpc++1:amd64 (1.30.2-3build6) ...
#8 16.98 Setting up libxml2:amd64 (2.9.13+dfsg-1ubuntu0.13) ...
#8 16.99 Setting up binutils-x86-64-linux-gnu (2.38-4ubuntu2.12) ...
#8 16.99 Setting up libperl5.34:amd64 (5.34.0-3ubuntu1.9) ...
#8 16.99 Setting up libarchive13:amd64 (3.6.0-1ubuntu1.8) ...
#8 16.99 Setting up libpq5:amd64 (14.24-0ubuntu0.22.04.1) ...
#8 17.00 Setting up libpq-dev (14.24-0ubuntu0.22.04.1) ...
#8 17.00 Setting up binutils (2.38-4ubuntu2.12) ...
#8 17.00 Setting up libgrpc-dev:amd64 (1.30.2-3build6) ...
#8 17.00 Setting up perl (5.34.0-3ubuntu1.9) ...
#8 17.01 Setting up libdpkg-perl (1.21.1ubuntu2.6) ...
#8 17.01 Setting up libstdc++-11-dev:amd64 (11.4.0-1ubuntu1~22.04.3) ...
#8 17.01 Setting up zlib1g-dev:amd64 (1:1.2.11.dfsg-2ubuntu9.2) ...
#8 17.01 Setting up libpqxx-6.4 (6.4.5-2build1) ...
#8 17.01 Setting up gcc-11 (11.4.0-1ubuntu1~22.04.3) ...
#8 17.02 Setting up libgrpc++-dev:amd64 (1.30.2-3build6) ...
#8 17.02 Setting up cmake (3.22.1-1ubuntu1.22.04.2) ...
#8 17.02 Setting up g++-11 (11.4.0-1ubuntu1~22.04.3) ...
#8 17.02 Setting up gcc (4:11.2.0-1ubuntu1) ...
#8 17.03 Setting up dpkg-dev (1.21.1ubuntu2.6) ...
#8 17.07 Setting up libprotobuf-dev:amd64 (3.12.4-1ubuntu7.22.04.6) ...
#8 17.07 Setting up pkg-config (0.29.2-1ubuntu3) ...
#8 17.08 Setting up g++ (4:11.2.0-1ubuntu1) ...
#8 17.09 update-alternatives: using /usr/bin/g++ to provide /usr/bin/c++ (c++) in auto mode
#8 17.10 update-alternatives: warning: skip creation of /usr/share/man/man1/c++.1.gz because associated file /usr/share/man/man1/g++.1.gz (of link group c++) doesn't exist
#8 17.10 Setting up build-essential (12.9ubuntu3) ...
#8 17.10 Setting up libpqxx-dev (6.4.5-2build1) ...
#8 17.10 Processing triggers for libc-bin (2.35-0ubuntu3.15) ...
#8 DONE 19.5s

#10 [builder 3/7] WORKDIR /src
#10 DONE 0.0s

#11 [builder 4/7] COPY proto/ ./proto/
#11 DONE 0.0s

#12 [builder 5/7] COPY native/control/ ./native/control/
#12 DONE 0.0s

#13 [builder 6/7] COPY native/generated/ ./native/generated/
#13 DONE 0.0s

#14 [builder 7/7] RUN cmake -S native/control -B /build -DCMAKE_BUILD_TYPE=Release     && cmake --build /build --parallel "1"
#14 0.187 -- The CXX compiler identification is GNU 11.4.0
#14 0.194 -- Detecting CXX compiler ABI info
#14 0.267 -- Detecting CXX compiler ABI info - done
#14 0.273 -- Check for working CXX compiler: /usr/bin/c++ - skipped
#14 0.273 -- Detecting CXX compile features
#14 0.274 -- Detecting CXX compile features - done
#14 0.278 -- Found PkgConfig: /usr/bin/pkg-config (found version "0.29.2") 
#14 0.278 -- Checking for module 'grpc++'
#14 0.288 --   Found grpc++, version 1.30.2
#14 0.316 -- Checking for module 'protobuf'
#14 0.325 --   Found protobuf, version 3.12.4
#14 0.350 -- Checking for module 'libpqxx'
#14 0.359 --   Found libpqxx, version 6.4.5
#14 0.423 -- Found OpenSSL: /usr/lib/x86_64-linux-gnu/libcrypto.so (found version "3.0.2")  
#14 0.424 -- Configuring done
#14 0.428 -- Generating done
#14 0.429 -- Build files have been written to: /build
#14 0.466 [  5%] Generating generated/common.pb.cc, generated/common.grpc.pb.cc, generated/errorcode.pb.cc, generated/errorcode.grpc.pb.cc, generated/taskkind.pb.cc, generated/taskkind.grpc.pb.cc, generated/hotmethod.pb.cc, generated/hotmethod.grpc.pb.cc, generated/healthcheck.pb.cc, generated/healthcheck.grpc.pb.cc, generated/init.pb.cc, generated/init.grpc.pb.cc, generated/control.pb.cc, generated/control.grpc.pb.cc
#14 0.519 [ 11%] Building CXX object CMakeFiles/mini-drop-native-control.dir/src/main.cpp.o
#14 1.472 In file included from /build/generated/healthcheck.pb.h:37,
#14 1.472                  from /build/generated/healthcheck.grpc.pb.h:15,
#14 1.472                  from /src/native/control/src/main.cpp:10:
#14 1.472 /build/generated/hotmethod.pb.h: In member function 'mini_drop::RecordArgv* mini_drop::TaskDesc::release_sample_argv()':
#14 1.472 /build/generated/hotmethod.pb.h:3159:47: warning: 'mini_drop::RecordArgv* mini_drop::TaskDesc::unsafe_arena_release_sample_argv()' is deprecated [-Wdeprecated-declarations]
#14 1.472  3159 |   auto temp = unsafe_arena_release_sample_argv();
#14 1.472       |               ~~~~~~~~~~~~~~~~~~~~~~~~~~~~~~~~^~
#14 1.472 /build/generated/hotmethod.pb.h:449:48: note: declared here
#14 1.472   449 |   PROTOBUF_DEPRECATED ::mini_drop::RecordArgv* unsafe_arena_release_sample_argv();
#14 1.472       |                                                ^~~~~~~~~~~~~~~~~~~~~~~~~~~~~~~~
#14 1.473 /build/generated/hotmethod.pb.h: In member function 'mini_drop::CosConfig* mini_drop::TaskDesc::release_cos_config()':
#14 1.473 /build/generated/hotmethod.pb.h:3355:46: warning: 'mini_drop::CosConfig* mini_drop::TaskDesc::unsafe_arena_release_cos_config()' is deprecated [-Wdeprecated-declarations]
#14 1.473  3355 |   auto temp = unsafe_arena_release_cos_config();
#14 1.473       |               ~~~~~~~~~~~~~~~~~~~~~~~~~~~~~~~^~
#14 1.473 /build/generated/hotmethod.pb.h:467:47: note: declared here
#14 1.473   467 |   PROTOBUF_DEPRECATED ::mini_drop::CosConfig* unsafe_arena_release_cos_config();
#14 1.473       |                                               ^~~~~~~~~~~~~~~~~~~~~~~~~~~~~~~
#14 2.443 /src/native/control/src/main.cpp: In member function 'virtual grpc::Status {anonymous}::HealthService::Do(grpc::ServerContext*, const mini_drop::HealthCheckRequest*, mini_drop::HealthCheckResponse*)':
#14 2.443 /src/native/control/src/main.cpp:894:47: warning: 'mini_drop::RecordArgv* mini_drop::TaskDesc::mutable_sample_argv()' is deprecated [-Wdeprecated-declarations]
#14 2.443   894 |       auto* sample = desc->mutable_sample_argv();
#14 2.443       |                      ~~~~~~~~~~~~~~~~~~~~~~~~~^~
#14 2.443 In file included from /build/generated/healthcheck.pb.h:37,
#14 2.443                  from /build/generated/healthcheck.grpc.pb.h:15,
#14 2.443                  from /src/native/control/src/main.cpp:10:
#14 2.443 /build/generated/hotmethod.pb.h:3180:33: note: declared here
#14 2.443  3180 | inline ::mini_drop::RecordArgv* TaskDesc::mutable_sample_argv() {
#14 2.443       |                                 ^~~~~~~~
#14 8.648 [ 17%] Building CXX object CMakeFiles/mini-drop-native-control.dir/generated/common.pb.cc.o
#14 9.230 /build/generated/common.pb.cc: In member function 'virtual google::protobuf::uint8* mini_drop::CosConfig::_InternalSerialize(google::protobuf::uint8*, google::protobuf::io::EpsCopyOutputStream*) const':
#14 9.230 /build/generated/common.pb.cc:664:23: warning: 'const string& mini_drop::CosConfig::access_key() const' is deprecated [-Wdeprecated-declarations]
#14 9.230   664 |   if (this->access_key().size() > 0) {
#14 9.230       |       ~~~~~~~~~~~~~~~~^~
#14 9.230 In file included from /build/generated/common.pb.cc:4:
#14 9.230 /build/generated/common.pb.h:1130:27: note: declared here
#14 9.230  1130 | inline const std::string& CosConfig::access_key() const {
#14 9.230       |                           ^~~~~~~~~
#14 9.230 /build/generated/common.pb.cc:674:23: warning: 'const string& mini_drop::CosConfig::secret_key() const' is deprecated [-Wdeprecated-declarations]
#14 9.230   674 |   if (this->secret_key().size() > 0) {
#14 9.230       |       ~~~~~~~~~~~~~~~~^~
#14 9.230 In file included from /build/generated/common.pb.cc:4:
#14 9.230 /build/generated/common.pb.h:1211:27: note: declared here
#14 9.230  1211 | inline const std::string& CosConfig::secret_key() const {
#14 9.230       |                           ^~~~~~~~~
#14 9.230 /build/generated/common.pb.cc: In member function 'virtual size_t mini_drop::CosConfig::ByteSizeLong() const':
#14 9.230 /build/generated/common.pb.cc:727:23: warning: 'const string& mini_drop::CosConfig::access_key() const' is deprecated [-Wdeprecated-declarations]
#14 9.230   727 |   if (this->access_key().size() > 0) {
#14 9.230       |       ~~~~~~~~~~~~~~~~^~
#14 9.230 In file included from /build/generated/common.pb.cc:4:
#14 9.230 /build/generated/common.pb.h:1130:27: note: declared here
#14 9.230  1130 | inline const std::string& CosConfig::access_key() const {
#14 9.230       |                           ^~~~~~~~~
#14 9.230 /build/generated/common.pb.cc:734:23: warning: 'const string& mini_drop::CosConfig::secret_key() const' is deprecated [-Wdeprecated-declarations]
#14 9.230   734 |   if (this->secret_key().size() > 0) {
#14 9.230       |       ~~~~~~~~~~~~~~~~^~
#14 9.230 In file included from /build/generated/common.pb.cc:4:
#14 9.230 /build/generated/common.pb.h:1211:27: note: declared here
#14 9.230  1211 | inline const std::string& CosConfig::secret_key() const {
#14 9.230       |                           ^~~~~~~~~
#14 9.231 /build/generated/common.pb.cc: In member function 'void mini_drop::CosConfig::MergeFrom(const mini_drop::CosConfig&)':
#14 9.231 /build/generated/common.pb.cc:788:22: warning: 'const string& mini_drop::CosConfig::access_key() const' is deprecated [-Wdeprecated-declarations]
#14 9.231   788 |   if (from.access_key().size() > 0) {
#14 9.231       |       ~~~~~~~~~~~~~~~^~
#14 9.231 In file included from /build/generated/common.pb.cc:4:
#14 9.231 /build/generated/common.pb.h:1130:27: note: declared here
#14 9.231  1130 | inline const std::string& CosConfig::access_key() const {
#14 9.231       |                           ^~~~~~~~~
#14 9.231 /build/generated/common.pb.cc:791:22: warning: 'const string& mini_drop::CosConfig::secret_key() const' is deprecated [-Wdeprecated-declarations]
#14 9.231   791 |   if (from.secret_key().size() > 0) {
#14 9.231       |       ~~~~~~~~~~~~~~~^~
#14 9.231 In file included from /build/generated/common.pb.cc:4:
#14 9.231 /build/generated/common.pb.h:1211:27: note: declared here
#14 9.231  1211 | inline const std::string& CosConfig::secret_key() const {
#14 9.231       |                           ^~~~~~~~~
#14 9.746 [ 23%] Building CXX object CMakeFiles/mini-drop-native-control.dir/generated/common.grpc.pb.cc.o
#14 10.81 [ 29%] Building CXX object CMakeFiles/mini-drop-native-control.dir/generated/errorcode.pb.cc.o
#14 11.41 [ 35%] Building CXX object CMakeFiles/mini-drop-native-control.dir/generated/errorcode.grpc.pb.cc.o
#14 12.47 [ 41%] Building CXX object CMakeFiles/mini-drop-native-control.dir/generated/taskkind.pb.cc.o
#14 13.05 [ 47%] Building CXX object CMakeFiles/mini-drop-native-control.dir/generated/taskkind.grpc.pb.cc.o
#14 14.06 [ 52%] Building CXX object CMakeFiles/mini-drop-native-control.dir/generated/hotmethod.pb.cc.o
#14 14.63 In file included from /build/generated/hotmethod.pb.cc:4:
#14 14.63 /build/generated/hotmethod.pb.h: In member function 'mini_drop::RecordArgv* mini_drop::TaskDesc::release_sample_argv()':
#14 14.63 /build/generated/hotmethod.pb.h:3159:47: warning: 'mini_drop::RecordArgv* mini_drop::TaskDesc::unsafe_arena_release_sample_argv()' is deprecated [-Wdeprecated-declarations]
#14 14.63  3159 |   auto temp = unsafe_arena_release_sample_argv();
#14 14.63       |               ~~~~~~~~~~~~~~~~~~~~~~~~~~~~~~~~^~
#14 14.63 /build/generated/hotmethod.pb.h:449:48: note: declared here
#14 14.63   449 |   PROTOBUF_DEPRECATED ::mini_drop::RecordArgv* unsafe_arena_release_sample_argv();
#14 14.63       |                                                ^~~~~~~~~~~~~~~~~~~~~~~~~~~~~~~~
#14 14.63 /build/generated/hotmethod.pb.h: In member function 'mini_drop::CosConfig* mini_drop::TaskDesc::release_cos_config()':
#14 14.63 /build/generated/hotmethod.pb.h:3355:46: warning: 'mini_drop::CosConfig* mini_drop::TaskDesc::unsafe_arena_release_cos_config()' is deprecated [-Wdeprecated-declarations]
#14 14.63  3355 |   auto temp = unsafe_arena_release_cos_config();
#14 14.63       |               ~~~~~~~~~~~~~~~~~~~~~~~~~~~~~~~^~
#14 14.63 /build/generated/hotmethod.pb.h:467:47: note: declared here
#14 14.63   467 |   PROTOBUF_DEPRECATED ::mini_drop::CosConfig* unsafe_arena_release_cos_config();
#14 14.63       |                                               ^~~~~~~~~~~~~~~~~~~~~~~~~~~~~~~
#14 14.66 /build/generated/hotmethod.pb.cc: In member function 'virtual google::protobuf::uint8* mini_drop::TaskDesc::_InternalSerialize(google::protobuf::uint8*, google::protobuf::io::EpsCopyOutputStream*) const':
#14 14.66 /build/generated/hotmethod.pb.cc:1228:28: warning: 'bool mini_drop::TaskDesc::has_sample_argv() const' is deprecated [-Wdeprecated-declarations]
#14 14.66  1228 |   if (this->has_sample_argv()) {
#14 14.66       |       ~~~~~~~~~~~~~~~~~~~~~^~
#14 14.66 In file included from /build/generated/hotmethod.pb.cc:4:
#14 14.66 /build/generated/hotmethod.pb.h:3127:13: note: declared here
#14 14.66  3127 | inline bool TaskDesc::has_sample_argv() const {
#14 14.66       |             ^~~~~~~~
#14 14.66 /build/generated/hotmethod.pb.cc:1258:27: warning: 'bool mini_drop::TaskDesc::has_cos_config() const' is deprecated [-Wdeprecated-declarations]
#14 14.66  1258 |   if (this->has_cos_config()) {
#14 14.66       |       ~~~~~~~~~~~~~~~~~~~~^~
#14 14.66 In file included from /build/generated/hotmethod.pb.cc:4:
#14 14.66 /build/generated/hotmethod.pb.h:3329:13: note: declared here
#14 14.66  3329 | inline bool TaskDesc::has_cos_config() const {
#14 14.66       |             ^~~~~~~~
#14 14.66 /build/generated/hotmethod.pb.cc: In member function 'virtual size_t mini_drop::TaskDesc::ByteSizeLong() const':
#14 14.66 /build/generated/hotmethod.pb.cc:1451:28: warning: 'bool mini_drop::TaskDesc::has_sample_argv() const' is deprecated [-Wdeprecated-declarations]
#14 14.66  1451 |   if (this->has_sample_argv()) {
#14 14.66       |       ~~~~~~~~~~~~~~~~~~~~~^~
#14 14.66 In file included from /build/generated/hotmethod.pb.cc:4:
#14 14.66 /build/generated/hotmethod.pb.h:3127:13: note: declared here
#14 14.66  3127 | inline bool TaskDesc::has_sample_argv() const {
#14 14.66       |             ^~~~~~~~
#14 14.66 /build/generated/hotmethod.pb.cc:1458:27: warning: 'bool mini_drop::TaskDesc::has_cos_config() const' is deprecated [-Wdeprecated-declarations]
#14 14.66  1458 |   if (this->has_cos_config()) {
#14 14.66       |       ~~~~~~~~~~~~~~~~~~~~^~
#14 14.66 In file included from /build/generated/hotmethod.pb.cc:4:
#14 14.66 /build/generated/hotmethod.pb.h:3329:13: note: declared here
#14 14.66  3329 | inline bool TaskDesc::has_cos_config() const {
#14 14.66       |             ^~~~~~~~
#14 14.66 /build/generated/hotmethod.pb.cc: In member function 'void mini_drop::TaskDesc::MergeFrom(const mini_drop::TaskDesc&)':
#14 14.66 /build/generated/hotmethod.pb.cc:1609:27: warning: 'bool mini_drop::TaskDesc::has_sample_argv() const' is deprecated [-Wdeprecated-declarations]
#14 14.66  1609 |   if (from.has_sample_argv()) {
#14 14.66       |       ~~~~~~~~~~~~~~~~~~~~^~
#14 14.66 In file included from /build/generated/hotmethod.pb.cc:4:
#14 14.66 /build/generated/hotmethod.pb.h:3127:13: note: declared here
#14 14.66  3127 | inline bool TaskDesc::has_sample_argv() const {
#14 14.66       |             ^~~~~~~~
#14 14.66 /build/generated/hotmethod.pb.cc:1612:26: warning: 'bool mini_drop::TaskDesc::has_cos_config() const' is deprecated [-Wdeprecated-declarations]
#14 14.66  1612 |   if (from.has_cos_config()) {
#14 14.66       |       ~~~~~~~~~~~~~~~~~~~^~
#14 14.66 In file included from /build/generated/hotmethod.pb.cc:4:
#14 14.66 /build/generated/hotmethod.pb.h:3329:13: note: declared here
#14 14.66  3329 | inline bool TaskDesc::has_cos_config() const {
#14 14.66       |             ^~~~~~~~
#14 16.28 [ 58%] Building CXX object CMakeFiles/mini-drop-native-control.dir/generated/hotmethod.grpc.pb.cc.o
#14 16.85 In file included from /build/generated/hotmethod.grpc.pb.cc:5:
#14 16.85 /build/generated/hotmethod.pb.h: In member function 'mini_drop::RecordArgv* mini_drop::TaskDesc::release_sample_argv()':
#14 16.85 /build/generated/hotmethod.pb.h:3159:47: warning: 'mini_drop::RecordArgv* mini_drop::TaskDesc::unsafe_arena_release_sample_argv()' is deprecated [-Wdeprecated-declarations]
#14 16.85  3159 |   auto temp = unsafe_arena_release_sample_argv();
#14 16.85       |               ~~~~~~~~~~~~~~~~~~~~~~~~~~~~~~~~^~
#14 16.85 /build/generated/hotmethod.pb.h:449:48: note: declared here
#14 16.85   449 |   PROTOBUF_DEPRECATED ::mini_drop::RecordArgv* unsafe_arena_release_sample_argv();
#14 16.85       |                                                ^~~~~~~~~~~~~~~~~~~~~~~~~~~~~~~~
#14 16.86 /build/generated/hotmethod.pb.h: In member function 'mini_drop::CosConfig* mini_drop::TaskDesc::release_cos_config()':
#14 16.86 /build/generated/hotmethod.pb.h:3355:46: warning: 'mini_drop::CosConfig* mini_drop::TaskDesc::unsafe_arena_release_cos_config()' is deprecated [-Wdeprecated-declarations]
#14 16.86  3355 |   auto temp = unsafe_arena_release_cos_config();
#14 16.86       |               ~~~~~~~~~~~~~~~~~~~~~~~~~~~~~~~^~
#14 16.86 /build/generated/hotmethod.pb.h:467:47: note: declared here
#14 16.86   467 |   PROTOBUF_DEPRECATED ::mini_drop::CosConfig* unsafe_arena_release_cos_config();
#14 16.86       |                                               ^~~~~~~~~~~~~~~~~~~~~~~~~~~~~~~
#14 18.65 [ 64%] Building CXX object CMakeFiles/mini-drop-native-control.dir/generated/healthcheck.pb.cc.o
#14 19.21 In file included from /build/generated/healthcheck.pb.h:37,
#14 19.21                  from /build/generated/healthcheck.pb.cc:4:
#14 19.21 /build/generated/hotmethod.pb.h: In member function 'mini_drop::RecordArgv* mini_drop::TaskDesc::release_sample_argv()':
#14 19.21 /build/generated/hotmethod.pb.h:3159:47: warning: 'mini_drop::RecordArgv* mini_drop::TaskDesc::unsafe_arena_release_sample_argv()' is deprecated [-Wdeprecated-declarations]
#14 19.21  3159 |   auto temp = unsafe_arena_release_sample_argv();
#14 19.21       |               ~~~~~~~~~~~~~~~~~~~~~~~~~~~~~~~~^~
#14 19.21 /build/generated/hotmethod.pb.h:449:48: note: declared here
#14 19.21   449 |   PROTOBUF_DEPRECATED ::mini_drop::RecordArgv* unsafe_arena_release_sample_argv();
#14 19.21       |                                                ^~~~~~~~~~~~~~~~~~~~~~~~~~~~~~~~
#14 19.21 /build/generated/hotmethod.pb.h: In member function 'mini_drop::CosConfig* mini_drop::TaskDesc::release_cos_config()':
#14 19.21 /build/generated/hotmethod.pb.h:3355:46: warning: 'mini_drop::CosConfig* mini_drop::TaskDesc::unsafe_arena_release_cos_config()' is deprecated [-Wdeprecated-declarations]
#14 19.21  3355 |   auto temp = unsafe_arena_release_cos_config();
#14 19.21       |               ~~~~~~~~~~~~~~~~~~~~~~~~~~~~~~~^~
#14 19.21 /build/generated/hotmethod.pb.h:467:47: note: declared here
#14 19.21   467 |   PROTOBUF_DEPRECATED ::mini_drop::CosConfig* unsafe_arena_release_cos_config();
#14 19.21       |                                               ^~~~~~~~~~~~~~~~~~~~~~~~~~~~~~~
#14 20.02 [ 70%] Building CXX object CMakeFiles/mini-drop-native-control.dir/generated/healthcheck.grpc.pb.cc.o
#14 20.60 In file included from /build/generated/healthcheck.pb.h:37,
#14 20.60                  from /build/generated/healthcheck.grpc.pb.cc:5:
#14 20.60 /build/generated/hotmethod.pb.h: In member function 'mini_drop::RecordArgv* mini_drop::TaskDesc::release_sample_argv()':
#14 20.60 /build/generated/hotmethod.pb.h:3159:47: warning: 'mini_drop::RecordArgv* mini_drop::TaskDesc::unsafe_arena_release_sample_argv()' is deprecated [-Wdeprecated-declarations]
#14 20.60  3159 |   auto temp = unsafe_arena_release_sample_argv();
#14 20.60       |               ~~~~~~~~~~~~~~~~~~~~~~~~~~~~~~~~^~
#14 20.60 /build/generated/hotmethod.pb.h:449:48: note: declared here
#14 20.60   449 |   PROTOBUF_DEPRECATED ::mini_drop::RecordArgv* unsafe_arena_release_sample_argv();
#14 20.60       |                                                ^~~~~~~~~~~~~~~~~~~~~~~~~~~~~~~~
#14 20.60 /build/generated/hotmethod.pb.h: In member function 'mini_drop::CosConfig* mini_drop::TaskDesc::release_cos_config()':
#14 20.60 /build/generated/hotmethod.pb.h:3355:46: warning: 'mini_drop::CosConfig* mini_drop::TaskDesc::unsafe_arena_release_cos_config()' is deprecated [-Wdeprecated-declarations]
#14 20.60  3355 |   auto temp = unsafe_arena_release_cos_config();
#14 20.60       |               ~~~~~~~~~~~~~~~~~~~~~~~~~~~~~~~^~
#14 20.60 /build/generated/hotmethod.pb.h:467:47: note: declared here
#14 20.60   467 |   PROTOBUF_DEPRECATED ::mini_drop::CosConfig* unsafe_arena_release_cos_config();
#14 20.60       |                                               ^~~~~~~~~~~~~~~~~~~~~~~~~~~~~~~
#14 22.40 [ 76%] Building CXX object CMakeFiles/mini-drop-native-control.dir/generated/init.pb.cc.o
#14 23.43 [ 82%] Building CXX object CMakeFiles/mini-drop-native-control.dir/generated/init.grpc.pb.cc.o
#14 26.21 [ 88%] Building CXX object CMakeFiles/mini-drop-native-control.dir/generated/control.pb.cc.o
#14 26.77 In file included from /build/generated/control.pb.h:36,
#14 26.77                  from /build/generated/control.pb.cc:4:
#14 26.77 /build/generated/hotmethod.pb.h: In member function 'mini_drop::RecordArgv* mini_drop::TaskDesc::release_sample_argv()':
#14 26.77 /build/generated/hotmethod.pb.h:3159:47: warning: 'mini_drop::RecordArgv* mini_drop::TaskDesc::unsafe_arena_release_sample_argv()' is deprecated [-Wdeprecated-declarations]
#14 26.77  3159 |   auto temp = unsafe_arena_release_sample_argv();
#14 26.77       |               ~~~~~~~~~~~~~~~~~~~~~~~~~~~~~~~~^~
#14 26.77 /build/generated/hotmethod.pb.h:449:48: note: declared here
#14 26.77   449 |   PROTOBUF_DEPRECATED ::mini_drop::RecordArgv* unsafe_arena_release_sample_argv();
#14 26.77       |                                                ^~~~~~~~~~~~~~~~~~~~~~~~~~~~~~~~
#14 26.78 /build/generated/hotmethod.pb.h: In member function 'mini_drop::CosConfig* mini_drop::TaskDesc::release_cos_config()':
#14 26.78 /build/generated/hotmethod.pb.h:3355:46: warning: 'mini_drop::CosConfig* mini_drop::TaskDesc::unsafe_arena_release_cos_config()' is deprecated [-Wdeprecated-declarations]
#14 26.78  3355 |   auto temp = unsafe_arena_release_cos_config();
#14 26.78       |               ~~~~~~~~~~~~~~~~~~~~~~~~~~~~~~~^~
#14 26.78 /build/generated/hotmethod.pb.h:467:47: note: declared here
#14 26.78   467 |   PROTOBUF_DEPRECATED ::mini_drop::CosConfig* unsafe_arena_release_cos_config();
#14 26.78       |                                               ^~~~~~~~~~~~~~~~~~~~~~~~~~~~~~~
#14 27.32 [ 94%] Building CXX object CMakeFiles/mini-drop-native-control.dir/generated/control.grpc.pb.cc.o
#14 27.93 In file included from /build/generated/control.pb.h:36,
#14 27.93                  from /build/generated/control.grpc.pb.cc:5:
#14 27.93 /build/generated/hotmethod.pb.h: In member function 'mini_drop::RecordArgv* mini_drop::TaskDesc::release_sample_argv()':
#14 27.93 /build/generated/hotmethod.pb.h:3159:47: warning: 'mini_drop::RecordArgv* mini_drop::TaskDesc::unsafe_arena_release_sample_argv()' is deprecated [-Wdeprecated-declarations]
#14 27.93  3159 |   auto temp = unsafe_arena_release_sample_argv();
#14 27.93       |               ~~~~~~~~~~~~~~~~~~~~~~~~~~~~~~~~^~
#14 27.93 /build/generated/hotmethod.pb.h:449:48: note: declared here
#14 27.93   449 |   PROTOBUF_DEPRECATED ::mini_drop::RecordArgv* unsafe_arena_release_sample_argv();
#14 27.93       |                                                ^~~~~~~~~~~~~~~~~~~~~~~~~~~~~~~~
#14 27.93 /build/generated/hotmethod.pb.h: In member function 'mini_drop::CosConfig* mini_drop::TaskDesc::release_cos_config()':
#14 27.93 /build/generated/hotmethod.pb.h:3355:46: warning: 'mini_drop::CosConfig* mini_drop::TaskDesc::unsafe_arena_release_cos_config()' is deprecated [-Wdeprecated-declarations]
#14 27.93  3355 |   auto temp = unsafe_arena_release_cos_config();
#14 27.93       |               ~~~~~~~~~~~~~~~~~~~~~~~~~~~~~~~^~
#14 27.93 /build/generated/hotmethod.pb.h:467:47: note: declared here
#14 27.93   467 |   PROTOBUF_DEPRECATED ::mini_drop::CosConfig* unsafe_arena_release_cos_config();
#14 27.93       |                                               ^~~~~~~~~~~~~~~~~~~~~~~~~~~~~~~
#14 30.19 [100%] Linking CXX executable mini-drop-native-control
#14 30.37 [100%] Built target mini-drop-native-control
#14 DONE 30.5s

#15 [stage-1 3/3] COPY --from=builder /build/mini-drop-native-control /usr/local/bin/
#15 DONE 0.0s

#16 exporting to image
#16 exporting layers
#16 exporting layers 0.6s done
#16 writing image sha256:055c7c02fedabe9e421bdfeb596e9a80ef89358725ae121655607723eeb97822 done
#16 naming to docker.io/mini-drop-clean-5fa1596972ec2678/control-plane:exact-git done
#16 DONE 0.6s

#17 resolving provenance for metadata file
#17 DONE 0.0s

 control-plane  Built
