
> mini-drop-web@0.1.0 build:check
> vite build && node ../scripts/check_web_bundle.mjs

vite v8.2.2 building client environment for production...
transforming...
✓ 4597 modules transformed.
rendering chunks...
computing gzip size...
dist/index.html                                0.79 kB │ gzip:   0.42 kB
dist/assets/parseJson.worker-mxB42-VK.js       0.83 kB
dist/assets/TaskResult-BAn5yWN7.css            0.32 kB │ gzip:   0.24 kB
dist/assets/flamegraph-VXIZzpiT.css            0.60 kB │ gzip:   0.32 kB
dist/assets/index-IZHbRe47.css                 8.44 kB │ gzip:   2.63 kB
dist/assets/AIDiagnosis-ChKDK5_y.css          90.44 kB │ gzip:  16.76 kB
dist/assets/ErrorAlert-903HQ4EN.js             0.23 kB │ gzip:   0.19 kB
dist/assets/ArrowLeftOutlined-D5Rce3sA.js      0.60 kB │ gzip:   0.44 kB
dist/assets/rolldown-runtime-B0Z9INg1.js       0.90 kB │ gzip:   0.51 kB
dist/assets/agentMetrics-CZoJGXne.js           1.09 kB │ gzip:   0.67 kB
dist/assets/CloudServerOutlined-nqMoSLwN.js    1.33 kB │ gzip:   0.78 kB
dist/assets/StatusTag-AVBiLPOz.js              2.03 kB │ gzip:   0.82 kB
dist/assets/AuditLogs-CLKuAA5c.js              3.87 kB │ gzip:   1.88 kB
dist/assets/row-D_0PZE5A.js                    5.51 kB │ gzip:   2.24 kB
dist/assets/collectors-9W4-i_vQ.js             6.12 kB │ gzip:   1.78 kB
dist/assets/alert-C2yT8MYA.js                  6.35 kB │ gzip:   2.66 kB
dist/assets/AgentDetail-jxoIQzEZ.js            7.71 kB │ gzip:   3.15 kB
dist/assets/ThunderboltOutlined-_zhhsc5p.js   10.29 kB │ gzip:   4.07 kB
dist/assets/usePolling-CeSosOBk.js            16.17 kB │ gzip:   6.83 kB
dist/assets/Schedules-10l6wFhc.js             17.26 kB │ gzip:   5.82 kB
dist/assets/input-number-BLKstg1f.js          23.73 kB │ gzip:   8.20 kB
dist/assets/modal-CGyc8tVo.js                 27.89 kB │ gzip:   9.27 kB
dist/assets/TaskResult-E3zDOq9_.js            29.61 kB │ gzip:  10.78 kB
dist/assets/d3-OVqjLuRP.js                    36.91 kB │ gzip:  12.52 kB
dist/assets/PlayCircleOutlined-DDH4N-mk.js    37.49 kB │ gzip:  12.80 kB
dist/assets/axios-B0fvnqBc.js                 49.95 kB │ gzip:  18.75 kB
dist/assets/Dashboard-BffNcTwA.js             50.52 kB │ gzip:  16.62 kB
dist/assets/index-B_X_9XCC.js                 92.29 kB │ gzip:  32.17 kB
dist/assets/flamegraph-CSYLKD5W.js            96.97 kB │ gzip:  32.80 kB
dist/assets/react-C8_Uech3.js                178.38 kB │ gzip:  58.94 kB
dist/assets/table-B3EaWpvJ.js                343.42 kB │ gzip: 105.31 kB
dist/assets/SafeMarkdown-DTMU3vYp.js         389.11 kB │ gzip: 122.02 kB
dist/assets/client-C9stzVXG.js               397.22 kB │ gzip: 127.31 kB
dist/assets/AIDiagnosis-DcyjBW3x.js          427.34 kB │ gzip: 135.21 kB
dist/assets/echarts-C79zCWSK.js              612.21 kB │ gzip: 206.37 kB

✓ built in 598ms
web bundle check passed: entry 701.9 KiB across 5 files; largest chunk echarts-C79zCWSK.js 597.9 KiB
[plugin builtin:vite-reporter] 
(!) Some chunks are larger than 600 kB after minification. Consider:
- Using dynamic import() to code-split the application
- Use build.rolldownOptions.output.codeSplitting to improve chunking: https://rolldown.rs/reference/OutputOptions.codeSplitting
- Adjust chunk size limit for this warning via build.chunkSizeWarningLimit.
npm notice
npm notice New major version of npm available! 11.12.1 -> 12.2.0
npm notice Changelog: https://github.com/npm/cli/releases/tag/v12.2.0
npm notice To update run: npm install -g npm@12.2.0
npm notice
