
 Network mini-drop-clean-1282cdf72b9dd084_default  Creating
 Network mini-drop-clean-1282cdf72b9dd084_default  Created
 Volume "mini-drop-clean-1282cdf72b9dd084_pgdata"  Creating
 Volume "mini-drop-clean-1282cdf72b9dd084_pgdata"  Created
 Volume "mini-drop-clean-1282cdf72b9dd084_agentoutbox"  Creating
 Volume "mini-drop-clean-1282cdf72b9dd084_agentoutbox"  Created
 Volume "mini-drop-clean-1282cdf72b9dd084_miniodata"  Creating
 Volume "mini-drop-clean-1282cdf72b9dd084_miniodata"  Created
 Container mini-drop-clean-1282cdf72b9dd084-postgres-1  Creating
 Container mini-drop-clean-1282cdf72b9dd084-python-hotspot-1  Creating
 Container mini-drop-clean-1282cdf72b9dd084-minio-1  Creating
 Container mini-drop-clean-1282cdf72b9dd084-minio-1  Created
 Container mini-drop-clean-1282cdf72b9dd084-postgres-1  Created
 Container mini-drop-clean-1282cdf72b9dd084-python-hotspot-1  Created
 Container mini-drop-clean-1282cdf72b9dd084-migrate-1  Creating
 Container mini-drop-clean-1282cdf72b9dd084-migrate-1  Created
 Container mini-drop-clean-1282cdf72b9dd084-analyzer-1  Creating
 Container mini-drop-clean-1282cdf72b9dd084-control-plane-1  Creating
 Container mini-drop-clean-1282cdf72b9dd084-diagnosis-worker-1  Creating
 Container mini-drop-clean-1282cdf72b9dd084-analyzer-1  Created
 Container mini-drop-clean-1282cdf72b9dd084-control-plane-1  Created
 Container mini-drop-clean-1282cdf72b9dd084-native-agent-1  Creating
 Container mini-drop-clean-1282cdf72b9dd084-diagnosis-worker-1  Created
 Container mini-drop-clean-1282cdf72b9dd084-apiserver-1  Creating
 Container mini-drop-clean-1282cdf72b9dd084-native-agent-1  Created
 Container mini-drop-clean-1282cdf72b9dd084-apiserver-1  Created
 Container mini-drop-clean-1282cdf72b9dd084-web-1  Creating
 Container mini-drop-clean-1282cdf72b9dd084-web-1  Created
 Container mini-drop-clean-1282cdf72b9dd084-python-hotspot-1  Starting
 Container mini-drop-clean-1282cdf72b9dd084-minio-1  Starting
 Container mini-drop-clean-1282cdf72b9dd084-postgres-1  Starting
 Container mini-drop-clean-1282cdf72b9dd084-minio-1  Started
 Container mini-drop-clean-1282cdf72b9dd084-python-hotspot-1  Started
 Container mini-drop-clean-1282cdf72b9dd084-postgres-1  Started
 Container mini-drop-clean-1282cdf72b9dd084-minio-1  Waiting
 Container mini-drop-clean-1282cdf72b9dd084-postgres-1  Waiting
 Container mini-drop-clean-1282cdf72b9dd084-postgres-1  Healthy
 Container mini-drop-clean-1282cdf72b9dd084-minio-1  Healthy
 Container mini-drop-clean-1282cdf72b9dd084-migrate-1  Starting
 Container mini-drop-clean-1282cdf72b9dd084-migrate-1  Started
 Container mini-drop-clean-1282cdf72b9dd084-migrate-1  Waiting
 Container mini-drop-clean-1282cdf72b9dd084-minio-1  Waiting
 Container mini-drop-clean-1282cdf72b9dd084-postgres-1  Waiting
 Container mini-drop-clean-1282cdf72b9dd084-migrate-1  Waiting
 Container mini-drop-clean-1282cdf72b9dd084-migrate-1  Waiting
 Container mini-drop-clean-1282cdf72b9dd084-minio-1  Waiting
 Container mini-drop-clean-1282cdf72b9dd084-minio-1  Waiting
 Container mini-drop-clean-1282cdf72b9dd084-postgres-1  Waiting
 Container mini-drop-clean-1282cdf72b9dd084-postgres-1  Waiting
 Container mini-drop-clean-1282cdf72b9dd084-minio-1  Healthy
 Container mini-drop-clean-1282cdf72b9dd084-postgres-1  Healthy
 Container mini-drop-clean-1282cdf72b9dd084-minio-1  Healthy
 Container mini-drop-clean-1282cdf72b9dd084-minio-1  Healthy
 Container mini-drop-clean-1282cdf72b9dd084-postgres-1  Healthy
 Container mini-drop-clean-1282cdf72b9dd084-postgres-1  Healthy
 Container mini-drop-clean-1282cdf72b9dd084-migrate-1  Exited
 Container mini-drop-clean-1282cdf72b9dd084-analyzer-1  Starting
 Container mini-drop-clean-1282cdf72b9dd084-migrate-1  Exited
 Container mini-drop-clean-1282cdf72b9dd084-diagnosis-worker-1  Starting
 Container mini-drop-clean-1282cdf72b9dd084-migrate-1  Exited
 Container mini-drop-clean-1282cdf72b9dd084-control-plane-1  Starting
 Container mini-drop-clean-1282cdf72b9dd084-diagnosis-worker-1  Started
 Container mini-drop-clean-1282cdf72b9dd084-control-plane-1  Started
 Container mini-drop-clean-1282cdf72b9dd084-control-plane-1  Waiting
 Container mini-drop-clean-1282cdf72b9dd084-minio-1  Waiting
 Container mini-drop-clean-1282cdf72b9dd084-control-plane-1  Waiting
 Container mini-drop-clean-1282cdf72b9dd084-diagnosis-worker-1  Waiting
 Container mini-drop-clean-1282cdf72b9dd084-minio-1  Waiting
 Container mini-drop-clean-1282cdf72b9dd084-postgres-1  Waiting
 Container mini-drop-clean-1282cdf72b9dd084-analyzer-1  Started
 Container mini-drop-clean-1282cdf72b9dd084-minio-1  Healthy
 Container mini-drop-clean-1282cdf72b9dd084-postgres-1  Healthy
 Container mini-drop-clean-1282cdf72b9dd084-minio-1  Healthy
 Container mini-drop-clean-1282cdf72b9dd084-control-plane-1  Healthy
 Container mini-drop-clean-1282cdf72b9dd084-native-agent-1  Starting
 Container mini-drop-clean-1282cdf72b9dd084-control-plane-1  Healthy
 Container mini-drop-clean-1282cdf72b9dd084-native-agent-1  Started
 Container mini-drop-clean-1282cdf72b9dd084-diagnosis-worker-1  Healthy
 Container mini-drop-clean-1282cdf72b9dd084-apiserver-1  Starting
 Container mini-drop-clean-1282cdf72b9dd084-apiserver-1  Started
 Container mini-drop-clean-1282cdf72b9dd084-apiserver-1  Waiting
 Container mini-drop-clean-1282cdf72b9dd084-apiserver-1  Healthy
 Container mini-drop-clean-1282cdf72b9dd084-web-1  Starting
 Container mini-drop-clean-1282cdf72b9dd084-web-1  Started
