Sending build context to Docker daemon  2.856MB

Step 1/7 : FROM sha256:5990620f7a41cd3071135c1106d3f2ec76ebf7754012744ea716ac4c97435891 AS symbols
 ---> 5990620f7a41
Step 2/7 : FROM sha256:00900f5f3222c97f705a96791d0b161f30f59529008f4e539e6bbb3840f3c73e
 ---> 00900f5f3222
Step 3/7 : COPY --from=symbols /usr/local/bin/cpp-hotspot /usr/local/bin/cpp-hotspot
 ---> 1018146c5f62
Step 4/7 : COPY server/ /app/server/
 ---> a3188ac3c111
Step 5/7 : COPY analyzer/ /app/analyzer/
 ---> d58b610e7a68
Step 6/7 : COPY scripts/ /app/scripts/
 ---> 29f92af1bdb7
Step 7/7 : COPY contracts/ /app/contracts/
 ---> 3e10aae515c7
Successfully built 3e10aae515c7
Successfully tagged mini-drop-diagnosis-worker:20261001T180807Z
candidate imports and source toolchain passed
Sending build context to Docker daemon  2.856MB

Step 1/7 : FROM sha256:5990620f7a41cd3071135c1106d3f2ec76ebf7754012744ea716ac4c97435891 AS symbols
 ---> 5990620f7a41
Step 2/7 : FROM sha256:ba08dc5a3221c18bbf8f66d51e86d5b0c30c0808e134aeec469d3b057c670efa
 ---> ba08dc5a3221
Step 3/7 : COPY --from=symbols /usr/local/bin/cpp-hotspot /usr/local/bin/cpp-hotspot
 ---> 2f3b091b7011
Step 4/7 : COPY server/ /app/server/
 ---> b8f8bd8ddaea
Step 5/7 : COPY analyzer/ /app/analyzer/
 ---> c8a3db60b461
Step 6/7 : COPY scripts/ /app/scripts/
 ---> 54a7d1fa3168
Step 7/7 : COPY contracts/ /app/contracts/
 ---> ae6daeb3555d
Successfully built ae6daeb3555d
Successfully tagged mini-drop-analyzer:20261001T180807Z
candidate imports and source toolchain passed
{"release": "/opt/mini-drop-releases/20261001T180807Z", "previous_release": "/opt/mini-drop-releases/20261001T172534Z", "status": "HEALTHY", "manifest_sha256": "f1282f80afc48fba8c5ad178c02c42c96fa74ae1d6e758e64f7355434f09721d", "source_head": "63a8284dcc6eacd925cb04064305c36df3455fad", "changed_services": ["diagnosis-worker", "analyzer"], "images": {"diagnosis-worker": {"old": "sha256:00900f5f3222c97f705a96791d0b161f30f59529008f4e539e6bbb3840f3c73e", "new": "sha256:3e10aae515c758f1cdb214b0cdcf8f9ad9326d2a0db2bf4968855af0bfd5adc7", "tag": "mini-drop-diagnosis-worker:20261001T180807Z"}, "analyzer": {"old": "sha256:ba08dc5a3221c18bbf8f66d51e86d5b0c30c0808e134aeec469d3b057c670efa", "new": "sha256:ae6daeb3555db9ff9c21fc96909a6c15129caec6987a4a227e9f5313adf48cc7", "tag": "mini-drop-analyzer:20261001T180807Z"}}, "untouched_container_count": 11, "rollback_config": "/opt/mini-drop-releases/20261001T180807Z/private/rollback.compose.json"}
DEPRECATED: The legacy builder is deprecated and will be removed in a future release.
            Install the buildx component to build images with BuildKit:
            https://docs.docker.com/go/buildx/

DEPRECATED: The legacy builder is deprecated and will be removed in a future release.
            Install the buildx component to build images with BuildKit:
            https://docs.docker.com/go/buildx/

time="2026-10-02T02:15:09+08:00" level=warning msg="Found orphan containers ([mini-drop-control-demo-agent-1 mini-drop-control-python-hotspot-1 mini-drop-control-java-hotspot-1 mini-drop-control-cpp-hotspot-1 mini-drop-control-web-1 mini-drop-control-go-hotspot-1 mini-drop-control-apiserver-1 mini-drop-control-chroma-1 mini-drop-control-control-plane-1 mini-drop-control-migrate-1 mini-drop-control-minio-1 mini-drop-control-postgres-1]) for this project. If you removed or renamed this service in your compose file, you can run this command with the --remove-orphans flag to clean it up."
 Container mini-drop-control-analyzer-1  Recreate
 Container mini-drop-control-analyzer-1  Recreated
 Container mini-drop-control-analyzer-1  Starting
 Container mini-drop-control-analyzer-1  Started
time="2026-10-02T02:15:33+08:00" level=warning msg="Found orphan containers ([mini-drop-control-demo-agent-1 mini-drop-control-python-hotspot-1 mini-drop-control-java-hotspot-1 mini-drop-control-cpp-hotspot-1 mini-drop-control-web-1 mini-drop-control-go-hotspot-1 mini-drop-control-apiserver-1 mini-drop-control-chroma-1 mini-drop-control-control-plane-1 mini-drop-control-migrate-1 mini-drop-control-minio-1 mini-drop-control-postgres-1]) for this project. If you removed or renamed this service in your compose file, you can run this command with the --remove-orphans flag to clean it up."
 Container mini-drop-control-diagnosis-worker-1  Recreate
 Container mini-drop-control-diagnosis-worker-1  Recreated
 Container mini-drop-control-diagnosis-worker-1  Starting
 Container mini-drop-control-diagnosis-worker-1  Started
