2026-10-02T12:00:18.4348757Z Current runner version: '2.337.0'
2026-10-02T12:00:18.4370563Z ##[group]Runner Image Provisioner
2026-10-02T12:00:18.4371271Z Hosted Compute Agent
2026-10-02T12:00:18.4371863Z Version: 20260901.588
2026-10-02T12:00:18.4372570Z Commit: f88ec8081b781fac6c440065ac7ff9e710ce3d0b
2026-10-02T12:00:18.4373157Z Build Date: 2026-09-01T19:56:44Z
2026-10-02T12:00:18.4373865Z Worker ID: {da6eb6bc-d167-4863-9734-02e91fe92cba}
2026-10-02T12:00:18.4374462Z Azure Region: westus
2026-10-02T12:00:18.4375013Z ##[endgroup]
2026-10-02T12:00:18.4376131Z ##[group]Operating System
2026-10-02T12:00:18.4376638Z Ubuntu
2026-10-02T12:00:18.4377187Z 22.04.5
2026-10-02T12:00:18.4377627Z LTS
2026-10-02T12:00:18.4378106Z ##[endgroup]
2026-10-02T12:00:18.4378591Z ##[group]Runner Image
2026-10-02T12:00:18.4379113Z Image: ubuntu-22.04
2026-10-02T12:00:18.4379688Z Version: 20260927.309.1
2026-10-02T12:00:18.4380723Z Included Software: https://github.com/actions/runner-images/blob/ubuntu22/20260927.309/images/ubuntu/Ubuntu2204-Readme.md
2026-10-02T12:00:18.4382021Z Image Release: https://github.com/actions/runner-images/releases/tag/ubuntu22%2F20260927.309
2026-10-02T12:00:18.4382983Z ##[endgroup]
2026-10-02T12:00:18.4384027Z ##[group]GITHUB_TOKEN Permissions
2026-10-02T12:00:18.4385634Z Contents: read
2026-10-02T12:00:18.4386240Z Metadata: read
2026-10-02T12:00:18.4386731Z Packages: read
2026-10-02T12:00:18.4387243Z ##[endgroup]
2026-10-02T12:00:18.4388952Z Secret source: Actions
2026-10-02T12:00:18.4389831Z Cache mode: write
2026-10-02T12:00:18.4390441Z Prepare workflow directory
2026-10-02T12:00:18.4648788Z Prepare all required actions
2026-10-02T12:00:18.4688319Z Getting action download info
2026-10-02T12:00:18.8270187Z Download action repository 'actions/checkout@v4' (SHA:11d5960a326750d5838078e36cf38b85af677262)
2026-10-02T12:00:18.9184806Z Download action repository 'actions/setup-python@v5' (SHA:a26af69be951a213d495a4c3e4e4022e16d87065)
2026-10-02T12:00:19.4478751Z Download action repository 'actions/upload-artifact@v4' (SHA:ea165f8d65b6e75b540449e92b4886f43607fa02)
2026-10-02T12:00:19.7416805Z Complete job name: HTTP load and recovery (short regression)
2026-10-02T12:00:19.8074808Z ##[group]Run actions/checkout@v4
2026-10-02T12:00:19.8075534Z with:
2026-10-02T12:00:19.8075936Z   repository: llongwang751-arch/mini-drop
2026-10-02T12:00:19.8079310Z   token: ***
2026-10-02T12:00:19.8079748Z   ssh-strict: true
2026-10-02T12:00:19.8080129Z   ssh-user: git
2026-10-02T12:00:19.8080505Z   persist-credentials: true
2026-10-02T12:00:19.8080922Z   clean: true
2026-10-02T12:00:19.8081302Z   sparse-checkout-cone-mode: true
2026-10-02T12:00:19.8081736Z   fetch-depth: 1
2026-10-02T12:00:19.8082220Z   fetch-tags: false
2026-10-02T12:00:19.8082600Z   show-progress: true
2026-10-02T12:00:19.8082989Z   lfs: false
2026-10-02T12:00:19.8083348Z   submodules: false
2026-10-02T12:00:19.8083725Z   set-safe-directory: true
2026-10-02T12:00:19.8084162Z   allow-unsafe-pr-checkout: false
2026-10-02T12:00:19.8084770Z ##[endgroup]
2026-10-02T12:00:19.8948191Z Syncing repository: llongwang751-arch/mini-drop
2026-10-02T12:00:19.8950580Z ##[group]Getting Git version info
2026-10-02T12:00:19.8951656Z Working directory is '/home/runner/work/mini-drop/mini-drop'
2026-10-02T12:00:19.8953472Z [command]/usr/bin/git version
2026-10-02T12:00:19.9305058Z git version 2.55.0
2026-10-02T12:00:19.9321084Z ##[endgroup]
2026-10-02T12:00:19.9333809Z Temporarily overriding HOME='/home/runner/work/_temp/74a2ff19-95c2-49b0-8f93-a5198a201361' before making global git config changes
2026-10-02T12:00:19.9335789Z Adding repository directory to the temporary git global config as a safe directory
2026-10-02T12:00:19.9338225Z [command]/usr/bin/git config --global --add safe.directory /home/runner/work/mini-drop/mini-drop
2026-10-02T12:00:19.9399404Z Deleting the contents of '/home/runner/work/mini-drop/mini-drop'
2026-10-02T12:00:19.9401090Z ##[group]Initializing the repository
2026-10-02T12:00:19.9413268Z [command]/usr/bin/git init /home/runner/work/mini-drop/mini-drop
2026-10-02T12:00:19.9495489Z hint: Using 'master' as the name for the initial branch. This default branch name
2026-10-02T12:00:19.9497503Z hint: will change to "main" in Git 3.0. To configure the initial branch name
2026-10-02T12:00:19.9499030Z hint: to use in all of your new repositories, which will suppress this warning,
2026-10-02T12:00:19.9500207Z hint: call:
2026-10-02T12:00:19.9501300Z hint:
2026-10-02T12:00:19.9502282Z hint: 	git config --global init.defaultBranch <name>
2026-10-02T12:00:19.9503283Z hint:
2026-10-02T12:00:19.9504226Z hint: Names commonly chosen instead of 'master' are 'main', 'trunk' and
2026-10-02T12:00:19.9505656Z hint: 'development'. The just-created branch can be renamed via this command:
2026-10-02T12:00:19.9507019Z hint:
2026-10-02T12:00:19.9507960Z hint: 	git branch -m <name>
2026-10-02T12:00:19.9508813Z hint:
2026-10-02T12:00:19.9509890Z hint: Disable this message with "git config set advice.defaultBranchName false"
2026-10-02T12:00:19.9511679Z Initialized empty Git repository in /home/runner/work/mini-drop/mini-drop/.git/
2026-10-02T12:00:19.9515005Z [command]/usr/bin/git remote add origin https://github.com/llongwang751-arch/mini-drop
2026-10-02T12:00:19.9548028Z ##[endgroup]
2026-10-02T12:00:19.9549149Z ##[group]Disabling automatic garbage collection
2026-10-02T12:00:19.9552027Z [command]/usr/bin/git config --local gc.auto 0
2026-10-02T12:00:19.9589194Z ##[endgroup]
2026-10-02T12:00:19.9590217Z ##[group]Setting up auth
2026-10-02T12:00:19.9596553Z [command]/usr/bin/git config --local --name-only --get-regexp core\.sshCommand
2026-10-02T12:00:19.9635597Z [command]/usr/bin/git submodule foreach --recursive sh -c "git config --local --name-only --get-regexp 'core\.sshCommand' && git config --local --unset-all 'core.sshCommand' || :"
2026-10-02T12:00:19.9949136Z [command]/usr/bin/git config --local --name-only --get-regexp http\.https\:\/\/github\.com\/\.extraheader
2026-10-02T12:00:19.9984274Z [command]/usr/bin/git submodule foreach --recursive sh -c "git config --local --name-only --get-regexp 'http\.https\:\/\/github\.com\/\.extraheader' && git config --local --unset-all 'http.https://github.com/.extraheader' || :"
2026-10-02T12:00:20.0205487Z [command]/usr/bin/git config --local --name-only --get-regexp ^includeIf\.gitdir:
2026-10-02T12:00:20.0239228Z [command]/usr/bin/git submodule foreach --recursive git config --local --show-origin --name-only --get-regexp remote.origin.url
2026-10-02T12:00:20.0459771Z [command]/usr/bin/git config --local http.https://github.com/.extraheader AUTHORIZATION: basic ***
2026-10-02T12:00:20.0499229Z ##[endgroup]
2026-10-02T12:00:20.0499913Z ##[group]Fetching the repository
2026-10-02T12:00:20.0506861Z [command]/usr/bin/git -c protocol.version=2 fetch --no-tags --prune --no-recurse-submodules --depth=1 origin +7abe089ae9bfc9705b56c73a5b1dd19dd3bad7ea:refs/remotes/pull/1/merge
2026-10-02T12:00:24.2022883Z From https://github.com/llongwang751-arch/mini-drop
2026-10-02T12:00:24.2023511Z  * [new ref]         7abe089ae9bfc9705b56c73a5b1dd19dd3bad7ea -> pull/1/merge
2026-10-02T12:00:24.2026758Z ##[endgroup]
2026-10-02T12:00:24.2027448Z ##[group]Determining the checkout info
2026-10-02T12:00:24.2029457Z ##[endgroup]
2026-10-02T12:00:24.2034450Z [command]/usr/bin/git sparse-checkout disable
2026-10-02T12:00:24.2078318Z [command]/usr/bin/git config --local --unset-all extensions.worktreeConfig
2026-10-02T12:00:24.2146651Z ##[group]Checking out the ref
2026-10-02T12:00:24.2150554Z [command]/usr/bin/git checkout --progress --force refs/remotes/pull/1/merge
2026-10-02T12:00:25.2254974Z Updating files:  74% (4604/6162)
2026-10-02T12:00:25.2302524Z Updating files:  75% (4622/6162)
2026-10-02T12:00:25.2353258Z Updating files:  76% (4684/6162)
2026-10-02T12:00:25.2389906Z Updating files:  77% (4745/6162)
2026-10-02T12:00:25.2719345Z Updating files:  78% (4807/6162)
2026-10-02T12:00:25.2988628Z Updating files:  79% (4868/6162)
2026-10-02T12:00:25.3038752Z Updating files:  80% (4930/6162)
2026-10-02T12:00:25.3132282Z Updating files:  81% (4992/6162)
2026-10-02T12:00:25.3214078Z Updating files:  82% (5053/6162)
2026-10-02T12:00:25.3268885Z Updating files:  83% (5115/6162)
2026-10-02T12:00:25.3299051Z Updating files:  84% (5177/6162)
2026-10-02T12:00:25.3352577Z Updating files:  85% (5238/6162)
2026-10-02T12:00:25.3391310Z Updating files:  86% (5300/6162)
2026-10-02T12:00:25.3460876Z Updating files:  87% (5361/6162)
2026-10-02T12:00:25.3501547Z Updating files:  88% (5423/6162)
2026-10-02T12:00:25.3599756Z Updating files:  89% (5485/6162)
2026-10-02T12:00:25.3668983Z Updating files:  90% (5546/6162)
2026-10-02T12:00:25.3709199Z Updating files:  91% (5608/6162)
2026-10-02T12:00:25.3745431Z Updating files:  92% (5670/6162)
2026-10-02T12:00:25.3798292Z Updating files:  93% (5731/6162)
2026-10-02T12:00:25.3828116Z Updating files:  94% (5793/6162)
2026-10-02T12:00:25.3859363Z Updating files:  95% (5854/6162)
2026-10-02T12:00:25.3893560Z Updating files:  96% (5916/6162)
2026-10-02T12:00:25.4014352Z Updating files:  97% (5978/6162)
2026-10-02T12:00:25.4044717Z Updating files:  98% (6039/6162)
2026-10-02T12:00:25.4073174Z Updating files:  99% (6101/6162)
2026-10-02T12:00:25.4073644Z Updating files: 100% (6162/6162)
2026-10-02T12:00:25.4073990Z Updating files: 100% (6162/6162), done.
2026-10-02T12:00:25.4141363Z Note: switching to 'refs/remotes/pull/1/merge'.
2026-10-02T12:00:25.4141707Z 
2026-10-02T12:00:25.4141964Z You are in 'detached HEAD' state. You can look around, make experimental
2026-10-02T12:00:25.4142738Z changes and commit them, and you can discard any commits you make in this
2026-10-02T12:00:25.4143277Z state without impacting any branches by switching back to a branch.
2026-10-02T12:00:25.4143641Z 
2026-10-02T12:00:25.4143878Z If you want to create a new branch to retain commits you create, you may
2026-10-02T12:00:25.4144423Z do so (now or later) by using -c with the switch command. Example:
2026-10-02T12:00:25.4144777Z 
2026-10-02T12:00:25.4144905Z   git switch -c <new-branch-name>
2026-10-02T12:00:25.4145113Z 
2026-10-02T12:00:25.4145238Z Or undo this operation with:
2026-10-02T12:00:25.4145442Z 
2026-10-02T12:00:25.4145582Z   git switch -
2026-10-02T12:00:25.4145742Z 
2026-10-02T12:00:25.4146296Z Turn off this advice by setting config variable advice.detachedHead to false
2026-10-02T12:00:25.4146699Z 
2026-10-02T12:00:25.4147149Z HEAD is now at 7abe089 Merge cfea6744fc2395d5392440b2404ee275ada0a69f into 609ea8a73f845b496b59b5cae181f515c5919850
2026-10-02T12:00:25.4245802Z ##[endgroup]
2026-10-02T12:00:25.4286416Z [command]/usr/bin/git log -1 --format=%H
2026-10-02T12:00:25.4312717Z 7abe089ae9bfc9705b56c73a5b1dd19dd3bad7ea
2026-10-02T12:00:25.4621948Z ##[group]Run actions/setup-python@v5
2026-10-02T12:00:25.4622416Z with:
2026-10-02T12:00:25.4622595Z   python-version: 3.11
2026-10-02T12:00:25.4622786Z   check-latest: false
2026-10-02T12:00:25.4624788Z   token: ***
2026-10-02T12:00:25.4624974Z   update-environment: true
2026-10-02T12:00:25.4625177Z   allow-prereleases: false
2026-10-02T12:00:25.4625364Z   freethreaded: false
2026-10-02T12:00:25.4625542Z ##[endgroup]
2026-10-02T12:00:25.5751265Z ##[group]Installed versions
2026-10-02T12:00:25.5888863Z (node:1848) [DEP0040] DeprecationWarning: The `punycode` module is deprecated. Please use a userland alternative instead.
2026-10-02T12:00:25.5889440Z (Use `node --trace-deprecation ...` to show where the warning was created)
2026-10-02T12:00:25.5889915Z Successfully set up CPython (3.11.16)
2026-10-02T12:00:25.5890512Z ##[endgroup]
2026-10-02T12:00:25.6005229Z ##[group]Run python -m pip install "psutil>=7.2,<8" "matplotlib>=3.8,<4"
2026-10-02T12:00:25.6005706Z [36;1mpython -m pip install "psutil>=7.2,<8" "matplotlib>=3.8,<4"[0m
2026-10-02T12:00:25.6413501Z shell: /usr/bin/bash -e {0}
2026-10-02T12:00:25.6413796Z env:
2026-10-02T12:00:25.6414048Z   pythonLocation: /opt/hostedtoolcache/Python/3.11.16/x64
2026-10-02T12:00:25.6414420Z   PKG_CONFIG_PATH: /opt/hostedtoolcache/Python/3.11.16/x64/lib/pkgconfig
2026-10-02T12:00:25.6414765Z   Python_ROOT_DIR: /opt/hostedtoolcache/Python/3.11.16/x64
2026-10-02T12:00:25.6415116Z   Python2_ROOT_DIR: /opt/hostedtoolcache/Python/3.11.16/x64
2026-10-02T12:00:25.6415648Z   Python3_ROOT_DIR: /opt/hostedtoolcache/Python/3.11.16/x64
2026-10-02T12:00:25.6415946Z   LD_LIBRARY_PATH: /opt/hostedtoolcache/Python/3.11.16/x64/lib
2026-10-02T12:00:25.6416218Z ##[endgroup]
2026-10-02T12:00:29.7053620Z Collecting psutil<8,>=7.2
2026-10-02T12:00:29.7346541Z   Downloading psutil-7.2.2-cp36-abi3-manylinux2010_x86_64.manylinux_2_12_x86_64.manylinux_2_28_x86_64.whl.metadata (22 kB)
2026-10-02T12:00:29.8319427Z Collecting matplotlib<4,>=3.8
2026-10-02T12:00:29.8347166Z   Downloading matplotlib-3.11.2-cp311-cp311-manylinux2014_x86_64.manylinux_2_17_x86_64.whl.metadata (80 kB)
2026-10-02T12:00:29.9010093Z Collecting contourpy>=1.0.1 (from matplotlib<4,>=3.8)
2026-10-02T12:00:29.9036700Z   Downloading contourpy-1.3.3-cp311-cp311-manylinux_2_27_x86_64.manylinux_2_28_x86_64.whl.metadata (5.5 kB)
2026-10-02T12:00:29.9325599Z Collecting cycler>=0.10 (from matplotlib<4,>=3.8)
2026-10-02T12:00:29.9349253Z   Downloading cycler-0.12.1-py3-none-any.whl.metadata (3.8 kB)
2026-10-02T12:00:30.0375056Z Collecting fonttools>=4.28.2 (from matplotlib<4,>=3.8)
2026-10-02T12:00:30.0403432Z   Downloading fonttools-4.66.1-cp311-cp311-manylinux2014_x86_64.manylinux_2_17_x86_64.whl.metadata (130 kB)
2026-10-02T12:00:30.0899494Z Collecting kiwisolver>=1.3.1 (from matplotlib<4,>=3.8)
2026-10-02T12:00:30.0926551Z   Downloading kiwisolver-1.5.1-cp311-cp311-manylinux2014_x86_64.manylinux_2_17_x86_64.whl.metadata (5.2 kB)
2026-10-02T12:00:30.2359994Z Collecting numpy>=1.25 (from matplotlib<4,>=3.8)
2026-10-02T12:00:30.2388228Z   Downloading numpy-2.4.6-cp311-cp311-manylinux_2_27_x86_64.manylinux_2_28_x86_64.whl.metadata (6.6 kB)
2026-10-02T12:00:30.2495679Z Collecting packaging>=20.0 (from matplotlib<4,>=3.8)
2026-10-02T12:00:30.2520027Z   Downloading packaging-26.3-py3-none-any.whl.metadata (3.5 kB)
2026-10-02T12:00:30.3626417Z Collecting pillow>=9 (from matplotlib<4,>=3.8)
2026-10-02T12:00:30.3655938Z   Downloading pillow-12.3.0-cp311-cp311-manylinux_2_27_x86_64.manylinux_2_28_x86_64.whl.metadata (9.1 kB)
2026-10-02T12:00:30.3989055Z Collecting pyparsing>=3 (from matplotlib<4,>=3.8)
2026-10-02T12:00:30.4015828Z   Downloading pyparsing-3.3.3-py3-none-any.whl.metadata (5.9 kB)
2026-10-02T12:00:30.4223830Z Collecting python-dateutil>=2.7 (from matplotlib<4,>=3.8)
2026-10-02T12:00:30.4250011Z   Downloading python_dateutil-2.9.0.post0-py2.py3-none-any.whl.metadata (8.4 kB)
2026-10-02T12:00:30.4358278Z Collecting six>=1.5 (from python-dateutil>=2.7->matplotlib<4,>=3.8)
2026-10-02T12:00:30.4382303Z   Downloading six-1.17.0-py2.py3-none-any.whl.metadata (1.7 kB)
2026-10-02T12:00:30.4436154Z Downloading psutil-7.2.2-cp36-abi3-manylinux2010_x86_64.manylinux_2_12_x86_64.manylinux_2_28_x86_64.whl (155 kB)
2026-10-02T12:00:30.4503041Z Downloading matplotlib-3.11.2-cp311-cp311-manylinux2014_x86_64.manylinux_2_17_x86_64.whl (9.9 MB)
2026-10-02T12:00:30.5743458Z    ━━━━━━━━━━━━━━━━━━━━━━━━━━━━━━━━━━━━━━━━ 9.9/9.9 MB 79.1 MB/s  0:00:00
2026-10-02T12:00:30.5772701Z Downloading contourpy-1.3.3-cp311-cp311-manylinux_2_27_x86_64.manylinux_2_28_x86_64.whl (355 kB)
2026-10-02T12:00:30.5826156Z Downloading cycler-0.12.1-py3-none-any.whl (8.3 kB)
2026-10-02T12:00:30.5874520Z Downloading fonttools-4.66.1-cp311-cp311-manylinux2014_x86_64.manylinux_2_17_x86_64.whl (5.4 MB)
2026-10-02T12:00:30.7760880Z    ━━━━━━━━━━━━━━━━━━━━━━━━━━━━━━━━━━━━━━━━ 5.4/5.4 MB 28.0 MB/s  0:00:00
2026-10-02T12:00:30.7818774Z Downloading kiwisolver-1.5.1-cp311-cp311-manylinux2014_x86_64.manylinux_2_17_x86_64.whl (1.4 MB)
2026-10-02T12:00:31.0137882Z    ━━━━━━━━━━━━━━━━━━━━━━━━━━━━━━━━━━━━━━━━ 1.4/1.4 MB 5.1 MB/s  0:00:00
2026-10-02T12:00:31.0169229Z Downloading numpy-2.4.6-cp311-cp311-manylinux_2_27_x86_64.manylinux_2_28_x86_64.whl (16.9 MB)
2026-10-02T12:00:31.1658018Z    ━━━━━━━━━━━━━━━━━━━━━━━━━━━━━━━━━━━━━━━━ 16.9/16.9 MB 114.0 MB/s  0:00:00
2026-10-02T12:00:31.1687335Z Downloading packaging-26.3-py3-none-any.whl (129 kB)
2026-10-02T12:00:31.1734924Z Downloading pillow-12.3.0-cp311-cp311-manylinux_2_27_x86_64.manylinux_2_28_x86_64.whl (6.9 MB)
2026-10-02T12:00:31.2309020Z    ━━━━━━━━━━━━━━━━━━━━━━━━━━━━━━━━━━━━━━━━ 6.9/6.9 MB 122.4 MB/s  0:00:00
2026-10-02T12:00:31.2339216Z Downloading pyparsing-3.3.3-py3-none-any.whl (126 kB)
2026-10-02T12:00:31.2390195Z Downloading python_dateutil-2.9.0.post0-py2.py3-none-any.whl (229 kB)
2026-10-02T12:00:31.2437948Z Downloading six-1.17.0-py2.py3-none-any.whl (11 kB)
2026-10-02T12:00:31.6613808Z Installing collected packages: six, pyparsing, psutil, pillow, packaging, numpy, kiwisolver, fonttools, cycler, python-dateutil, contourpy, matplotlib
2026-10-02T12:00:35.7689087Z 
2026-10-02T12:00:35.7700921Z Successfully installed contourpy-1.3.3 cycler-0.12.1 fonttools-4.66.1 kiwisolver-1.5.1 matplotlib-3.11.2 numpy-2.4.6 packaging-26.3 pillow-12.3.0 psutil-7.2.2 pyparsing-3.3.3 python-dateutil-2.9.0.post0 six-1.17.0
2026-10-02T12:00:35.8599285Z ##[group]Run python scripts/run_quality_gate.py --profile endurance --output output/quality-endurance
2026-10-02T12:00:35.8599882Z [36;1mpython scripts/run_quality_gate.py --profile endurance --output output/quality-endurance[0m
2026-10-02T12:00:35.8663423Z shell: /usr/bin/bash -e {0}
2026-10-02T12:00:35.8663633Z env:
2026-10-02T12:00:35.8663859Z   pythonLocation: /opt/hostedtoolcache/Python/3.11.16/x64
2026-10-02T12:00:35.8664201Z   PKG_CONFIG_PATH: /opt/hostedtoolcache/Python/3.11.16/x64/lib/pkgconfig
2026-10-02T12:00:35.8664538Z   Python_ROOT_DIR: /opt/hostedtoolcache/Python/3.11.16/x64
2026-10-02T12:00:35.8664844Z   Python2_ROOT_DIR: /opt/hostedtoolcache/Python/3.11.16/x64
2026-10-02T12:00:35.8665144Z   Python3_ROOT_DIR: /opt/hostedtoolcache/Python/3.11.16/x64
2026-10-02T12:00:35.8665440Z   LD_LIBRARY_PATH: /opt/hostedtoolcache/Python/3.11.16/x64/lib
2026-10-02T12:00:35.8665697Z ##[endgroup]
2026-10-02T12:00:36.7310590Z [quality] load-endurance-smoke: RUNNING
2026-10-02T12:01:07.2870065Z [quality] load-endurance-smoke: PASSED
2026-10-02T12:01:07.3457722Z [quality] PASSED: /home/runner/work/mini-drop/mini-drop/output/quality-endurance/report.html
2026-10-02T12:01:07.3558162Z ##[group]Run python scripts/render_load_report.py output/quality-endurance/load-endurance-smoke/measurement/report.json --output output/quality-endurance/load-endurance-smoke/measurement/report.html
2026-10-02T12:01:07.3559252Z [36;1mpython scripts/render_load_report.py output/quality-endurance/load-endurance-smoke/measurement/report.json --output output/quality-endurance/load-endurance-smoke/measurement/report.html[0m
2026-10-02T12:01:07.3622073Z shell: /usr/bin/bash -e {0}
2026-10-02T12:01:07.3622401Z env:
2026-10-02T12:01:07.3622626Z   pythonLocation: /opt/hostedtoolcache/Python/3.11.16/x64
2026-10-02T12:01:07.3622974Z   PKG_CONFIG_PATH: /opt/hostedtoolcache/Python/3.11.16/x64/lib/pkgconfig
2026-10-02T12:01:07.3623306Z   Python_ROOT_DIR: /opt/hostedtoolcache/Python/3.11.16/x64
2026-10-02T12:01:07.3623608Z   Python2_ROOT_DIR: /opt/hostedtoolcache/Python/3.11.16/x64
2026-10-02T12:01:07.3623907Z   Python3_ROOT_DIR: /opt/hostedtoolcache/Python/3.11.16/x64
2026-10-02T12:01:07.3624241Z   LD_LIBRARY_PATH: /opt/hostedtoolcache/Python/3.11.16/x64/lib
2026-10-02T12:01:07.3624507Z ##[endgroup]
2026-10-02T12:01:10.4189931Z output/quality-endurance/load-endurance-smoke/measurement/report.html
2026-10-02T12:01:10.4935417Z ##[group]Run actions/upload-artifact@v4
2026-10-02T12:01:10.4935658Z with:
2026-10-02T12:01:10.4935907Z   name: load-endurance-7abe089ae9bfc9705b56c73a5b1dd19dd3bad7ea-1
2026-10-02T12:01:10.4936211Z   path: output/quality-endurance/
2026-10-02T12:01:10.4936430Z   if-no-files-found: error
2026-10-02T12:01:10.4936618Z   retention-days: 14
2026-10-02T12:01:10.4936796Z   compression-level: 6
2026-10-02T12:01:10.4936968Z   overwrite: false
2026-10-02T12:01:10.4937143Z   include-hidden-files: false
2026-10-02T12:01:10.4937332Z env:
2026-10-02T12:01:10.4937548Z   pythonLocation: /opt/hostedtoolcache/Python/3.11.16/x64
2026-10-02T12:01:10.4937895Z   PKG_CONFIG_PATH: /opt/hostedtoolcache/Python/3.11.16/x64/lib/pkgconfig
2026-10-02T12:01:10.4938229Z   Python_ROOT_DIR: /opt/hostedtoolcache/Python/3.11.16/x64
2026-10-02T12:01:10.4938718Z   Python2_ROOT_DIR: /opt/hostedtoolcache/Python/3.11.16/x64
2026-10-02T12:01:10.4939009Z   Python3_ROOT_DIR: /opt/hostedtoolcache/Python/3.11.16/x64
2026-10-02T12:01:10.4939329Z   LD_LIBRARY_PATH: /opt/hostedtoolcache/Python/3.11.16/x64/lib
2026-10-02T12:01:10.4939587Z ##[endgroup]
2026-10-02T12:01:10.6369332Z (node:1968) [DEP0040] DeprecationWarning: The `punycode` module is deprecated. Please use a userland alternative instead.
2026-10-02T12:01:10.6370092Z (Use `node --trace-deprecation ...` to show where the warning was created)
2026-10-02T12:01:10.6446959Z With the provided path, there will be 12 files uploaded
2026-10-02T12:01:10.6447626Z Artifact name is valid!
2026-10-02T12:01:10.6447970Z Root directory input is valid!
2026-10-02T12:01:11.0313261Z Beginning upload of artifact content to blob storage
2026-10-02T12:01:11.0671084Z (node:1968) [DEP0169] DeprecationWarning: `url.parse()` behavior is not standardized and prone to errors that have security implications. Use the WHATWG URL API instead. CVEs are not issued for `url.parse()` vulnerabilities.
2026-10-02T12:01:11.6008036Z Uploaded bytes 178570
2026-10-02T12:01:11.6811613Z Finished uploading artifact content to blob storage!
2026-10-02T12:01:11.6812658Z SHA256 digest of uploaded artifact zip is 8f5c4cc121c67eb257a2f71d3c83bbf5493d9b3762f17e628263b1dc468cac9b
2026-10-02T12:01:11.6813818Z Finalizing artifact upload
2026-10-02T12:01:11.9538171Z Artifact load-endurance-7abe089ae9bfc9705b56c73a5b1dd19dd3bad7ea-1.zip successfully finalized. Artifact ID 11225017541
2026-10-02T12:01:11.9539657Z Artifact load-endurance-7abe089ae9bfc9705b56c73a5b1dd19dd3bad7ea-1 has been successfully uploaded! Final size is 178570 bytes. Artifact ID is 11225017541
2026-10-02T12:01:11.9545110Z Artifact download URL: https://github.com/llongwang751-arch/mini-drop/actions/runs/37004140437/artifacts/11225017541
2026-10-02T12:01:11.9704327Z Post job cleanup.
2026-10-02T12:01:12.0740022Z (node:1982) [DEP0040] DeprecationWarning: The `punycode` module is deprecated. Please use a userland alternative instead.
2026-10-02T12:01:12.0740688Z (Use `node --trace-deprecation ...` to show where the warning was created)
2026-10-02T12:01:12.0857330Z Post job cleanup.
2026-10-02T12:01:12.1643468Z [command]/usr/bin/git version
2026-10-02T12:01:12.1694619Z git version 2.55.0
2026-10-02T12:01:12.1744045Z Temporarily overriding HOME='/home/runner/work/_temp/f5105fdb-c044-4fb6-afa5-132c4419d97a' before making global git config changes
2026-10-02T12:01:12.1746282Z Adding repository directory to the temporary git global config as a safe directory
2026-10-02T12:01:12.1747297Z [command]/usr/bin/git config --global --add safe.directory /home/runner/work/mini-drop/mini-drop
2026-10-02T12:01:12.1805316Z [command]/usr/bin/git config --local --name-only --get-regexp core\.sshCommand
2026-10-02T12:01:12.1851131Z [command]/usr/bin/git submodule foreach --recursive sh -c "git config --local --name-only --get-regexp 'core\.sshCommand' && git config --local --unset-all 'core.sshCommand' || :"
2026-10-02T12:01:12.2215560Z [command]/usr/bin/git config --local --name-only --get-regexp http\.https\:\/\/github\.com\/\.extraheader
2026-10-02T12:01:12.2249340Z http.https://github.com/.extraheader
2026-10-02T12:01:12.2284715Z [command]/usr/bin/git config --local --unset-all http.https://github.com/.extraheader
2026-10-02T12:01:12.2346152Z [command]/usr/bin/git submodule foreach --recursive sh -c "git config --local --name-only --get-regexp 'http\.https\:\/\/github\.com\/\.extraheader' && git config --local --unset-all 'http.https://github.com/.extraheader' || :"
2026-10-02T12:01:12.2723019Z [command]/usr/bin/git config --local --name-only --get-regexp ^includeIf\.gitdir:
2026-10-02T12:01:12.2733967Z [command]/usr/bin/git submodule foreach --recursive git config --local --show-origin --name-only --get-regexp remote.origin.url
2026-10-02T12:01:12.3125988Z Cleaning up orphan processes
2026-10-02T12:01:12.3382902Z ##[warning]Node.js 20 is deprecated. The following actions target Node.js 20 but are being forced to run on Node.js 24: actions/checkout@v4, actions/setup-python@v5, actions/upload-artifact@v4. For more information see: https://github.blog/changelog/2025-09-19-deprecation-of-node-20-on-github-actions-runners/
