2026-10-02T12:00:18.0414666Z Current runner version: '2.337.0'
2026-10-02T12:00:18.0452881Z ##[group]Runner Image Provisioner
2026-10-02T12:00:18.0454320Z Hosted Compute Agent
2026-10-02T12:00:18.0455544Z Version: 20260901.588
2026-10-02T12:00:18.0456789Z Commit: f88ec8081b781fac6c440065ac7ff9e710ce3d0b
2026-10-02T12:00:18.0458134Z Build Date: 2026-09-01T19:56:44Z
2026-10-02T12:00:18.0459860Z Worker ID: {e64c7589-d231-468c-9f73-c6da8c8e71b4}
2026-10-02T12:00:18.0461093Z Azure Region: eastus
2026-10-02T12:00:18.0462250Z ##[endgroup]
2026-10-02T12:00:18.0464646Z ##[group]Operating System
2026-10-02T12:00:18.0465810Z Ubuntu
2026-10-02T12:00:18.0466888Z 22.04.5
2026-10-02T12:00:18.0467893Z LTS
2026-10-02T12:00:18.0469405Z ##[endgroup]
2026-10-02T12:00:18.0470421Z ##[group]Runner Image
2026-10-02T12:00:18.0471488Z Image: ubuntu-22.04
2026-10-02T12:00:18.0472676Z Version: 20260927.309.1
2026-10-02T12:00:18.0475093Z Included Software: https://github.com/actions/runner-images/blob/ubuntu22/20260927.309/images/ubuntu/Ubuntu2204-Readme.md
2026-10-02T12:00:18.0477903Z Image Release: https://github.com/actions/runner-images/releases/tag/ubuntu22%2F20260927.309
2026-10-02T12:00:18.0480336Z ##[endgroup]
2026-10-02T12:00:18.0482614Z ##[group]GITHUB_TOKEN Permissions
2026-10-02T12:00:18.0485526Z Contents: read
2026-10-02T12:00:18.0486572Z Metadata: read
2026-10-02T12:00:18.0487663Z Packages: read
2026-10-02T12:00:18.0489018Z ##[endgroup]
2026-10-02T12:00:18.0492336Z Secret source: Actions
2026-10-02T12:00:18.0494134Z Cache mode: write
2026-10-02T12:00:18.0495535Z Prepare workflow directory
2026-10-02T12:00:18.1006033Z Prepare all required actions
2026-10-02T12:00:18.1080405Z Getting action download info
2026-10-02T12:00:18.2994264Z Download action repository 'actions/checkout@v4' (SHA:11d5960a326750d5838078e36cf38b85af677262)
2026-10-02T12:00:18.4012104Z Download action repository 'actions/upload-artifact@v4' (SHA:ea165f8d65b6e75b540449e92b4886f43607fa02)
2026-10-02T12:00:18.6969165Z Complete job name: Native (C++ agent, build + CTest)
2026-10-02T12:00:18.7758957Z ##[group]Run actions/checkout@v4
2026-10-02T12:00:18.7759878Z with:
2026-10-02T12:00:18.7760350Z   repository: llongwang751-arch/mini-drop
2026-10-02T12:00:18.7764123Z   token: ***
2026-10-02T12:00:18.7764552Z   ssh-strict: true
2026-10-02T12:00:18.7764993Z   ssh-user: git
2026-10-02T12:00:18.7765441Z   persist-credentials: true
2026-10-02T12:00:18.7765928Z   clean: true
2026-10-02T12:00:18.7766371Z   sparse-checkout-cone-mode: true
2026-10-02T12:00:18.7766884Z   fetch-depth: 1
2026-10-02T12:00:18.7767310Z   fetch-tags: false
2026-10-02T12:00:18.7767866Z   show-progress: true
2026-10-02T12:00:18.7768307Z   lfs: false
2026-10-02T12:00:18.7768888Z   submodules: false
2026-10-02T12:00:18.7769335Z   set-safe-directory: true
2026-10-02T12:00:18.7769839Z   allow-unsafe-pr-checkout: false
2026-10-02T12:00:18.7770638Z ##[endgroup]
2026-10-02T12:00:18.8838823Z Syncing repository: llongwang751-arch/mini-drop
2026-10-02T12:00:18.8841856Z ##[group]Getting Git version info
2026-10-02T12:00:18.8843139Z Working directory is '/home/runner/work/mini-drop/mini-drop'
2026-10-02T12:00:18.8845127Z [command]/usr/bin/git version
2026-10-02T12:00:18.8875958Z git version 2.55.0
2026-10-02T12:00:18.8911191Z ##[endgroup]
2026-10-02T12:00:18.8917472Z Temporarily overriding HOME='/home/runner/work/_temp/bec8e023-9b06-4389-ad8e-070a79b5039b' before making global git config changes
2026-10-02T12:00:18.8920625Z Adding repository directory to the temporary git global config as a safe directory
2026-10-02T12:00:18.8922791Z [command]/usr/bin/git config --global --add safe.directory /home/runner/work/mini-drop/mini-drop
2026-10-02T12:00:18.8962872Z Deleting the contents of '/home/runner/work/mini-drop/mini-drop'
2026-10-02T12:00:18.8967546Z ##[group]Initializing the repository
2026-10-02T12:00:18.8971646Z [command]/usr/bin/git init /home/runner/work/mini-drop/mini-drop
2026-10-02T12:00:18.9095004Z hint: Using 'master' as the name for the initial branch. This default branch name
2026-10-02T12:00:18.9096839Z hint: will change to "main" in Git 3.0. To configure the initial branch name
2026-10-02T12:00:18.9099121Z hint: to use in all of your new repositories, which will suppress this warning,
2026-10-02T12:00:18.9100545Z hint: call:
2026-10-02T12:00:18.9101641Z hint:
2026-10-02T12:00:18.9102634Z hint: 	git config --global init.defaultBranch <name>
2026-10-02T12:00:18.9103797Z hint:
2026-10-02T12:00:18.9104887Z hint: Names commonly chosen instead of 'master' are 'main', 'trunk' and
2026-10-02T12:00:18.9106565Z hint: 'development'. The just-created branch can be renamed via this command:
2026-10-02T12:00:18.9108015Z hint:
2026-10-02T12:00:18.9109077Z hint: 	git branch -m <name>
2026-10-02T12:00:18.9110141Z hint:
2026-10-02T12:00:18.9111338Z hint: Disable this message with "git config set advice.defaultBranchName false"
2026-10-02T12:00:18.9113161Z Initialized empty Git repository in /home/runner/work/mini-drop/mini-drop/.git/
2026-10-02T12:00:18.9116386Z [command]/usr/bin/git remote add origin https://github.com/llongwang751-arch/mini-drop
2026-10-02T12:00:18.9155289Z ##[endgroup]
2026-10-02T12:00:18.9156666Z ##[group]Disabling automatic garbage collection
2026-10-02T12:00:18.9160593Z [command]/usr/bin/git config --local gc.auto 0
2026-10-02T12:00:18.9199673Z ##[endgroup]
2026-10-02T12:00:18.9200529Z ##[group]Setting up auth
2026-10-02T12:00:18.9207420Z [command]/usr/bin/git config --local --name-only --get-regexp core\.sshCommand
2026-10-02T12:00:18.9245251Z [command]/usr/bin/git submodule foreach --recursive sh -c "git config --local --name-only --get-regexp 'core\.sshCommand' && git config --local --unset-all 'core.sshCommand' || :"
2026-10-02T12:00:18.9635729Z [command]/usr/bin/git config --local --name-only --get-regexp http\.https\:\/\/github\.com\/\.extraheader
2026-10-02T12:00:18.9678071Z [command]/usr/bin/git submodule foreach --recursive sh -c "git config --local --name-only --get-regexp 'http\.https\:\/\/github\.com\/\.extraheader' && git config --local --unset-all 'http.https://github.com/.extraheader' || :"
2026-10-02T12:00:18.9977029Z [command]/usr/bin/git config --local --name-only --get-regexp ^includeIf\.gitdir:
2026-10-02T12:00:19.0028182Z [command]/usr/bin/git submodule foreach --recursive git config --local --show-origin --name-only --get-regexp remote.origin.url
2026-10-02T12:00:19.0305742Z [command]/usr/bin/git config --local http.https://github.com/.extraheader AUTHORIZATION: basic ***
2026-10-02T12:00:19.0355985Z ##[endgroup]
2026-10-02T12:00:19.0357345Z ##[group]Fetching the repository
2026-10-02T12:00:19.0367107Z [command]/usr/bin/git -c protocol.version=2 fetch --no-tags --prune --no-recurse-submodules --depth=1 origin +7abe089ae9bfc9705b56c73a5b1dd19dd3bad7ea:refs/remotes/pull/1/merge
2026-10-02T12:00:22.2045189Z From https://github.com/llongwang751-arch/mini-drop
2026-10-02T12:00:22.2046364Z  * [new ref]         7abe089ae9bfc9705b56c73a5b1dd19dd3bad7ea -> pull/1/merge
2026-10-02T12:00:22.2051848Z ##[endgroup]
2026-10-02T12:00:22.2053101Z ##[group]Determining the checkout info
2026-10-02T12:00:22.2054707Z ##[endgroup]
2026-10-02T12:00:22.2063446Z [command]/usr/bin/git sparse-checkout disable
2026-10-02T12:00:22.2122029Z [command]/usr/bin/git config --local --unset-all extensions.worktreeConfig
2026-10-02T12:00:22.2164097Z ##[group]Checking out the ref
2026-10-02T12:00:22.2169214Z [command]/usr/bin/git checkout --progress --force refs/remotes/pull/1/merge
2026-10-02T12:00:23.2301159Z Updating files:  54% (3369/6162)
2026-10-02T12:00:23.2356323Z Updating files:  55% (3390/6162)
2026-10-02T12:00:23.2402693Z Updating files:  56% (3451/6162)
2026-10-02T12:00:23.2462839Z Updating files:  57% (3513/6162)
2026-10-02T12:00:23.2523217Z Updating files:  58% (3574/6162)
2026-10-02T12:00:23.2593190Z Updating files:  59% (3636/6162)
2026-10-02T12:00:23.2646731Z Updating files:  60% (3698/6162)
2026-10-02T12:00:23.2698702Z Updating files:  61% (3759/6162)
2026-10-02T12:00:23.2761821Z Updating files:  62% (3821/6162)
2026-10-02T12:00:23.2958595Z Updating files:  63% (3883/6162)
2026-10-02T12:00:23.3097111Z Updating files:  64% (3944/6162)
2026-10-02T12:00:23.3295954Z Updating files:  65% (4006/6162)
2026-10-02T12:00:23.3368547Z Updating files:  66% (4067/6162)
2026-10-02T12:00:23.3435646Z Updating files:  67% (4129/6162)
2026-10-02T12:00:23.3483174Z Updating files:  68% (4191/6162)
2026-10-02T12:00:23.3555574Z Updating files:  69% (4252/6162)
2026-10-02T12:00:23.3606419Z Updating files:  70% (4314/6162)
2026-10-02T12:00:23.3651702Z Updating files:  71% (4376/6162)
2026-10-02T12:00:23.3716347Z Updating files:  72% (4437/6162)
2026-10-02T12:00:23.3949836Z Updating files:  73% (4499/6162)
2026-10-02T12:00:23.4485304Z Updating files:  74% (4560/6162)
2026-10-02T12:00:23.4543472Z Updating files:  75% (4622/6162)
2026-10-02T12:00:23.4608001Z Updating files:  76% (4684/6162)
2026-10-02T12:00:23.4654643Z Updating files:  77% (4745/6162)
2026-10-02T12:00:23.5040258Z Updating files:  78% (4807/6162)
2026-10-02T12:00:23.5363965Z Updating files:  79% (4868/6162)
2026-10-02T12:00:23.5428802Z Updating files:  80% (4930/6162)
2026-10-02T12:00:23.5544502Z Updating files:  81% (4992/6162)
2026-10-02T12:00:23.5647246Z Updating files:  82% (5053/6162)
2026-10-02T12:00:23.5719209Z Updating files:  83% (5115/6162)
2026-10-02T12:00:23.5760606Z Updating files:  84% (5177/6162)
2026-10-02T12:00:23.5833026Z Updating files:  85% (5238/6162)
2026-10-02T12:00:23.5886270Z Updating files:  86% (5300/6162)
2026-10-02T12:00:23.5977002Z Updating files:  87% (5361/6162)
2026-10-02T12:00:23.6032327Z Updating files:  88% (5423/6162)
2026-10-02T12:00:23.6179265Z Updating files:  89% (5485/6162)
2026-10-02T12:00:23.6268120Z Updating files:  90% (5546/6162)
2026-10-02T12:00:23.6319304Z Updating files:  91% (5608/6162)
2026-10-02T12:00:23.6364498Z Updating files:  92% (5670/6162)
2026-10-02T12:00:23.6429729Z Updating files:  93% (5731/6162)
2026-10-02T12:00:23.6468871Z Updating files:  94% (5793/6162)
2026-10-02T12:00:23.6508502Z Updating files:  95% (5854/6162)
2026-10-02T12:00:23.6552086Z Updating files:  96% (5916/6162)
2026-10-02T12:00:23.6700329Z Updating files:  97% (5978/6162)
2026-10-02T12:00:23.6739025Z Updating files:  98% (6039/6162)
2026-10-02T12:00:23.6775358Z Updating files:  99% (6101/6162)
2026-10-02T12:00:23.6775936Z Updating files: 100% (6162/6162)
2026-10-02T12:00:23.6776292Z Updating files: 100% (6162/6162), done.
2026-10-02T12:00:23.6859871Z Note: switching to 'refs/remotes/pull/1/merge'.
2026-10-02T12:00:23.6860562Z 
2026-10-02T12:00:23.6860968Z You are in 'detached HEAD' state. You can look around, make experimental
2026-10-02T12:00:23.6861783Z changes and commit them, and you can discard any commits you make in this
2026-10-02T12:00:23.6862509Z state without impacting any branches by switching back to a branch.
2026-10-02T12:00:23.6862934Z 
2026-10-02T12:00:23.6863217Z If you want to create a new branch to retain commits you create, you may
2026-10-02T12:00:23.6863890Z do so (now or later) by using -c with the switch command. Example:
2026-10-02T12:00:23.6864287Z 
2026-10-02T12:00:23.6864458Z   git switch -c <new-branch-name>
2026-10-02T12:00:23.6864754Z 
2026-10-02T12:00:23.6864935Z Or undo this operation with:
2026-10-02T12:00:23.6865141Z 
2026-10-02T12:00:23.6865243Z   git switch -
2026-10-02T12:00:23.6865390Z 
2026-10-02T12:00:23.6865656Z Turn off this advice by setting config variable advice.detachedHead to false
2026-10-02T12:00:23.6866142Z 
2026-10-02T12:00:23.6866584Z HEAD is now at 7abe089 Merge cfea6744fc2395d5392440b2404ee275ada0a69f into 609ea8a73f845b496b59b5cae181f515c5919850
2026-10-02T12:00:23.6984773Z ##[endgroup]
2026-10-02T12:00:23.7033800Z [command]/usr/bin/git log -1 --format=%H
2026-10-02T12:00:23.7065828Z 7abe089ae9bfc9705b56c73a5b1dd19dd3bad7ea
2026-10-02T12:00:23.7304228Z ##[group]Run sudo apt-get update
2026-10-02T12:00:23.7304604Z [36;1msudo apt-get update[0m
2026-10-02T12:00:23.7304960Z [36;1msudo apt-get install -y --no-install-recommends \[0m
2026-10-02T12:00:23.7305467Z [36;1m  build-essential cmake libgrpc++-dev libprotobuf-dev libpqxx-dev \[0m
2026-10-02T12:00:23.7306034Z [36;1m  nlohmann-json3-dev pkg-config protobuf-compiler protobuf-compiler-grpc[0m
2026-10-02T12:00:23.7920050Z shell: /usr/bin/bash -e {0}
2026-10-02T12:00:23.7920359Z ##[endgroup]
2026-10-02T12:00:23.9123799Z Get:1 file:/etc/apt/apt-mirrors.txt Mirrorlist [144 B]
2026-10-02T12:00:23.9609944Z Hit:2 http://azure.archive.ubuntu.com/ubuntu jammy InRelease
2026-10-02T12:00:23.9612681Z Get:6 https://packages.microsoft.com/ubuntu/22.04/prod jammy InRelease [3632 B]
2026-10-02T12:00:23.9614057Z Get:3 http://azure.archive.ubuntu.com/ubuntu jammy-updates InRelease [128 kB]
2026-10-02T12:00:23.9651336Z Get:4 http://azure.archive.ubuntu.com/ubuntu jammy-backports InRelease [127 kB]
2026-10-02T12:00:23.9672154Z Get:5 http://azure.archive.ubuntu.com/ubuntu jammy-security InRelease [129 kB]
2026-10-02T12:00:24.1300804Z Get:7 https://packages.microsoft.com/ubuntu/22.04/prod jammy/main amd64 Packages [792 kB]
2026-10-02T12:00:24.1520173Z Get:8 https://packages.microsoft.com/ubuntu/22.04/prod jammy/main arm64 Packages [550 kB]
2026-10-02T12:00:24.2186766Z Get:9 http://azure.archive.ubuntu.com/ubuntu jammy-updates/main amd64 Packages [3899 kB]
2026-10-02T12:00:24.2370747Z Get:10 http://azure.archive.ubuntu.com/ubuntu jammy-updates/main Translation-en [575 kB]
2026-10-02T12:00:24.2400149Z Get:11 http://azure.archive.ubuntu.com/ubuntu jammy-updates/restricted amd64 Packages [6701 kB]
2026-10-02T12:00:24.2749862Z Get:12 http://azure.archive.ubuntu.com/ubuntu jammy-updates/restricted Translation-en [1287 kB]
2026-10-02T12:00:24.2841800Z Get:13 http://azure.archive.ubuntu.com/ubuntu jammy-updates/universe amd64 Packages [1285 kB]
2026-10-02T12:00:24.2918331Z Get:14 http://azure.archive.ubuntu.com/ubuntu jammy-updates/universe Translation-en [325 kB]
2026-10-02T12:00:24.4420472Z Get:15 http://azure.archive.ubuntu.com/ubuntu jammy-security/main amd64 Packages [3598 kB]
2026-10-02T12:00:24.4665889Z Get:16 http://azure.archive.ubuntu.com/ubuntu jammy-security/main Translation-en [504 kB]
2026-10-02T12:00:24.4680885Z Get:17 http://azure.archive.ubuntu.com/ubuntu jammy-security/restricted amd64 Packages [6410 kB]
2026-10-02T12:00:24.5120495Z Get:18 http://azure.archive.ubuntu.com/ubuntu jammy-security/restricted Translation-en [1232 kB]
2026-10-02T12:00:24.5582073Z Get:19 http://azure.archive.ubuntu.com/ubuntu jammy-security/universe amd64 Packages [1052 kB]
2026-10-02T12:00:24.5632681Z Get:20 http://azure.archive.ubuntu.com/ubuntu jammy-security/universe Translation-en [236 kB]
2026-10-02T12:00:30.4855450Z Fetched 28.8 MB in 3s (8987 kB/s)
2026-10-02T12:00:31.8104342Z Reading package lists...
2026-10-02T12:00:31.8821420Z Reading package lists...
2026-10-02T12:00:32.1452054Z Building dependency tree...
2026-10-02T12:00:32.1463784Z Reading state information...
2026-10-02T12:00:32.3330374Z build-essential is already the newest version (12.9ubuntu3).
2026-10-02T12:00:32.3330909Z build-essential set to manually installed.
2026-10-02T12:00:32.3331562Z The following additional packages will be installed:
2026-10-02T12:00:32.3332260Z   cmake-data dh-elpa-helper libabsl20210324 libgrpc++1 libgrpc-dev libgrpc10
2026-10-02T12:00:32.3338062Z   libjsoncpp25 libpqxx-6.4 libprotobuf23 libprotoc23 librhash0
2026-10-02T12:00:32.3343623Z Suggested packages:
2026-10-02T12:00:32.3344093Z   cmake-doc ninja-build cmake-format libpqxx-doc protobuf-mode-el
2026-10-02T12:00:32.3602331Z The following packages will be REMOVED:
2026-10-02T12:00:32.3603713Z   pkgconf r-base-dev
2026-10-02T12:00:32.3604161Z The following NEW packages will be installed:
2026-10-02T12:00:32.3606397Z   cmake cmake-data dh-elpa-helper libabsl20210324 libgrpc++-dev libgrpc++1
2026-10-02T12:00:32.3608186Z   libgrpc-dev libgrpc10 libjsoncpp25 libpqxx-6.4 libpqxx-dev libprotobuf-dev
2026-10-02T12:00:32.3611735Z   libprotobuf23 libprotoc23 librhash0 nlohmann-json3-dev pkg-config
2026-10-02T12:00:32.3612549Z   protobuf-compiler protobuf-compiler-grpc
2026-10-02T12:00:32.3800715Z 0 upgraded, 19 newly installed, 2 to remove and 20 not upgraded.
2026-10-02T12:00:32.3801291Z Need to get 14.7 MB of archives.
2026-10-02T12:00:32.3801898Z After this operation, 81.5 MB of additional disk space will be used.
2026-10-02T12:00:32.3803006Z Get:1 file:/etc/apt/apt-mirrors.txt Mirrorlist [144 B]
2026-10-02T12:00:32.5735051Z Get:2 http://azure.archive.ubuntu.com/ubuntu jammy/main amd64 pkg-config amd64 0.29.2-1ubuntu3 [48.2 kB]
2026-10-02T12:00:32.8271549Z Get:3 http://azure.archive.ubuntu.com/ubuntu jammy/main amd64 libjsoncpp25 amd64 1.9.5-3 [80.0 kB]
2026-10-02T12:00:33.0157247Z Get:4 http://azure.archive.ubuntu.com/ubuntu jammy/main amd64 librhash0 amd64 1.4.2-1ubuntu1 [125 kB]
2026-10-02T12:00:33.1725836Z Get:5 http://azure.archive.ubuntu.com/ubuntu jammy/main amd64 dh-elpa-helper all 2.0.9ubuntu1 [7610 B]
2026-10-02T12:00:33.2587918Z Get:6 http://azure.archive.ubuntu.com/ubuntu jammy-updates/main amd64 cmake-data all 3.22.1-1ubuntu1.22.04.2 [1913 kB]
2026-10-02T12:00:33.6611499Z Get:7 http://azure.archive.ubuntu.com/ubuntu jammy-updates/main amd64 cmake amd64 3.22.1-1ubuntu1.22.04.2 [5010 kB]
2026-10-02T12:00:34.1229084Z Get:8 http://azure.archive.ubuntu.com/ubuntu jammy-updates/main amd64 libabsl20210324 amd64 0~20210324.2-2ubuntu0.3 [386 kB]
2026-10-02T12:00:34.2457547Z Get:9 http://azure.archive.ubuntu.com/ubuntu jammy/universe amd64 libgrpc10 amd64 1.30.2-3build6 [1470 kB]
2026-10-02T12:00:34.4666303Z Get:10 http://azure.archive.ubuntu.com/ubuntu jammy-updates/main amd64 libprotobuf23 amd64 3.12.4-1ubuntu7.22.04.6 [877 kB]
2026-10-02T12:00:34.6469539Z Get:11 http://azure.archive.ubuntu.com/ubuntu jammy/universe amd64 libgrpc++1 amd64 1.30.2-3build6 [402 kB]
2026-10-02T12:00:34.7525091Z Get:12 http://azure.archive.ubuntu.com/ubuntu jammy/universe amd64 libgrpc-dev amd64 1.30.2-3build6 [1066 kB]
2026-10-02T12:00:34.9244856Z Get:13 http://azure.archive.ubuntu.com/ubuntu jammy/universe amd64 libgrpc++-dev amd64 1.30.2-3build6 [564 kB]
2026-10-02T12:00:35.0415611Z Get:14 http://azure.archive.ubuntu.com/ubuntu jammy/universe amd64 libpqxx-6.4 amd64 6.4.5-2build1 [155 kB]
2026-10-02T12:00:35.1389237Z Get:15 http://azure.archive.ubuntu.com/ubuntu jammy/universe amd64 libpqxx-dev amd64 6.4.5-2build1 [243 kB]
2026-10-02T12:00:35.2529325Z Get:16 http://azure.archive.ubuntu.com/ubuntu jammy-updates/main amd64 libprotoc23 amd64 3.12.4-1ubuntu7.22.04.6 [662 kB]
2026-10-02T12:00:35.3783691Z Get:17 http://azure.archive.ubuntu.com/ubuntu jammy/universe amd64 nlohmann-json3-dev all 3.10.5-2 [167 kB]
2026-10-02T12:00:35.4706101Z Get:18 http://azure.archive.ubuntu.com/ubuntu jammy-updates/universe amd64 protobuf-compiler amd64 3.12.4-1ubuntu7.22.04.6 [29.2 kB]
2026-10-02T12:00:35.5543345Z Get:19 http://azure.archive.ubuntu.com/ubuntu jammy/universe amd64 protobuf-compiler-grpc amd64 1.30.2-3build6 [185 kB]
2026-10-02T12:00:35.6496657Z Get:20 http://azure.archive.ubuntu.com/ubuntu jammy-updates/main amd64 libprotobuf-dev amd64 3.12.4-1ubuntu7.22.04.6 [1347 kB]
2026-10-02T12:00:36.1364119Z Fetched 14.7 MB in 3s (4329 kB/s)
2026-10-02T12:00:36.1874061Z (Reading database ... 
2026-10-02T12:00:36.1874493Z (Reading database ... 5%
2026-10-02T12:00:36.1874881Z (Reading database ... 10%
2026-10-02T12:00:36.1875261Z (Reading database ... 15%
2026-10-02T12:00:36.1875653Z (Reading database ... 20%
2026-10-02T12:00:36.1876169Z (Reading database ... 25%
2026-10-02T12:00:36.1876533Z (Reading database ... 30%
2026-10-02T12:00:36.1876884Z (Reading database ... 35%
2026-10-02T12:00:36.1877271Z (Reading database ... 40%
2026-10-02T12:00:36.1878260Z (Reading database ... 45%
2026-10-02T12:00:36.1878921Z (Reading database ... 50%
2026-10-02T12:00:36.2870456Z (Reading database ... 55%
2026-10-02T12:00:36.4927946Z (Reading database ... 60%
2026-10-02T12:00:36.7284613Z (Reading database ... 65%
2026-10-02T12:00:36.9564680Z (Reading database ... 70%
2026-10-02T12:00:37.1445711Z (Reading database ... 75%
2026-10-02T12:00:37.3349089Z (Reading database ... 80%
2026-10-02T12:00:37.5109209Z (Reading database ... 85%
2026-10-02T12:00:37.7406156Z (Reading database ... 90%
2026-10-02T12:00:37.8926529Z (Reading database ... 95%
2026-10-02T12:00:37.8927019Z (Reading database ... 100%
2026-10-02T12:00:37.8927513Z (Reading database ... 260410 files and directories currently installed.)
2026-10-02T12:00:37.8982420Z Removing r-base-dev (4.6.1-6.2204.0) ...
2026-10-02T12:00:37.9747479Z dpkg: pkgconf: dependency problems, but removing anyway as you requested:
2026-10-02T12:00:37.9748703Z  php8.1-dev depends on pkg-config; however:
2026-10-02T12:00:37.9749362Z   Package pkg-config is not installed.
2026-10-02T12:00:37.9750074Z   Package pkgconf which provides pkg-config is to be removed.
2026-10-02T12:00:37.9750828Z  mono-devel depends on pkg-config; however:
2026-10-02T12:00:37.9751440Z   Package pkg-config is not installed.
2026-10-02T12:00:37.9752181Z   Package pkgconf which provides pkg-config is to be removed.
2026-10-02T12:00:37.9752896Z  libmagickwand-6.q16-dev:amd64 depends on pkg-config; however:
2026-10-02T12:00:37.9753270Z   Package pkg-config is not installed.
2026-10-02T12:00:37.9753607Z   Package pkgconf which provides pkg-config is to be removed.
2026-10-02T12:00:37.9754027Z  libmagickcore-6.q16-dev:amd64 depends on pkg-config; however:
2026-10-02T12:00:37.9754407Z   Package pkg-config is not installed.
2026-10-02T12:00:37.9754744Z   Package pkgconf which provides pkg-config is to be removed.
2026-10-02T12:00:37.9755133Z  libglib2.0-dev:amd64 depends on pkg-config; however:
2026-10-02T12:00:37.9755462Z   Package pkg-config is not installed.
2026-10-02T12:00:37.9755812Z   Package pkgconf which provides pkg-config is to be removed.
2026-10-02T12:00:37.9756219Z  libfontconfig-dev:amd64 depends on pkg-config; however:
2026-10-02T12:00:37.9756567Z   Package pkg-config is not installed.
2026-10-02T12:00:37.9756912Z   Package pkgconf which provides pkg-config is to be removed.
2026-10-02T12:00:37.9757170Z 
2026-10-02T12:00:37.9806893Z Removing pkgconf (1.8.0-1) ...
2026-10-02T12:00:38.1068951Z Removing 'diversion of /usr/bin/pkg-config to /usr/bin/pkg-config.real by pkgconf'
2026-10-02T12:00:38.1207820Z Removing 'diversion of /usr/share/aclocal/pkg.m4 to /usr/share/aclocal/pkg.real.m4 by pkgconf'
2026-10-02T12:00:38.1344030Z Removing 'diversion of /usr/share/man/man1/pkg-config.1.gz to /usr/share/man/man1/pkg-config.real.1.gz by pkgconf'
2026-10-02T12:00:38.1483925Z Removing 'diversion of /usr/share/pkg-config-crosswrapper to /usr/share/pkg-config-crosswrapper.real by pkgconf'
2026-10-02T12:00:38.2032560Z Selecting previously unselected package pkg-config.
2026-10-02T12:00:38.2114001Z (Reading database ... 
2026-10-02T12:00:38.2114607Z (Reading database ... 5%
2026-10-02T12:00:38.2115028Z (Reading database ... 10%
2026-10-02T12:00:38.2115439Z (Reading database ... 15%
2026-10-02T12:00:38.2115818Z (Reading database ... 20%
2026-10-02T12:00:38.2116219Z (Reading database ... 25%
2026-10-02T12:00:38.2116589Z (Reading database ... 30%
2026-10-02T12:00:38.2116959Z (Reading database ... 35%
2026-10-02T12:00:38.2117324Z (Reading database ... 40%
2026-10-02T12:00:38.2117696Z (Reading database ... 45%
2026-10-02T12:00:38.2118060Z (Reading database ... 50%
2026-10-02T12:00:38.2151583Z (Reading database ... 55%
2026-10-02T12:00:38.2182895Z (Reading database ... 60%
2026-10-02T12:00:38.2209077Z (Reading database ... 65%
2026-10-02T12:00:38.2321857Z (Reading database ... 70%
2026-10-02T12:00:38.2362555Z (Reading database ... 75%
2026-10-02T12:00:38.2425963Z (Reading database ... 80%
2026-10-02T12:00:38.2765768Z (Reading database ... 85%
2026-10-02T12:00:38.2784265Z (Reading database ... 90%
2026-10-02T12:00:38.3100721Z (Reading database ... 95%
2026-10-02T12:00:38.3101139Z (Reading database ... 100%
2026-10-02T12:00:38.3101697Z (Reading database ... 260388 files and directories currently installed.)
2026-10-02T12:00:38.3152754Z Preparing to unpack .../00-pkg-config_0.29.2-1ubuntu3_amd64.deb ...
2026-10-02T12:00:38.3161006Z Unpacking pkg-config (0.29.2-1ubuntu3) ...
2026-10-02T12:00:38.3423141Z Selecting previously unselected package libjsoncpp25:amd64.
2026-10-02T12:00:38.3627061Z Preparing to unpack .../01-libjsoncpp25_1.9.5-3_amd64.deb ...
2026-10-02T12:00:38.3647924Z Unpacking libjsoncpp25:amd64 (1.9.5-3) ...
2026-10-02T12:00:38.3897697Z Selecting previously unselected package librhash0:amd64.
2026-10-02T12:00:38.4098242Z Preparing to unpack .../02-librhash0_1.4.2-1ubuntu1_amd64.deb ...
2026-10-02T12:00:38.4105670Z Unpacking librhash0:amd64 (1.4.2-1ubuntu1) ...
2026-10-02T12:00:38.4340040Z Selecting previously unselected package dh-elpa-helper.
2026-10-02T12:00:38.4545971Z Preparing to unpack .../03-dh-elpa-helper_2.0.9ubuntu1_all.deb ...
2026-10-02T12:00:38.4553207Z Unpacking dh-elpa-helper (2.0.9ubuntu1) ...
2026-10-02T12:00:38.4827248Z Selecting previously unselected package cmake-data.
2026-10-02T12:00:38.5029831Z Preparing to unpack .../04-cmake-data_3.22.1-1ubuntu1.22.04.2_all.deb ...
2026-10-02T12:00:38.5109336Z Unpacking cmake-data (3.22.1-1ubuntu1.22.04.2) ...
2026-10-02T12:00:39.0834114Z Selecting previously unselected package cmake.
2026-10-02T12:00:39.1052255Z Preparing to unpack .../05-cmake_3.22.1-1ubuntu1.22.04.2_amd64.deb ...
2026-10-02T12:00:39.1060596Z Unpacking cmake (3.22.1-1ubuntu1.22.04.2) ...
2026-10-02T12:00:39.2059203Z Selecting previously unselected package libabsl20210324:amd64.
2026-10-02T12:00:39.2265202Z Preparing to unpack .../06-libabsl20210324_0~20210324.2-2ubuntu0.3_amd64.deb ...
2026-10-02T12:00:39.2273008Z Unpacking libabsl20210324:amd64 (0~20210324.2-2ubuntu0.3) ...
2026-10-02T12:00:39.2687810Z Selecting previously unselected package libgrpc10:amd64.
2026-10-02T12:00:39.2895270Z Preparing to unpack .../07-libgrpc10_1.30.2-3build6_amd64.deb ...
2026-10-02T12:00:39.2904024Z Unpacking libgrpc10:amd64 (1.30.2-3build6) ...
2026-10-02T12:00:39.3384531Z Selecting previously unselected package libprotobuf23:amd64.
2026-10-02T12:00:39.3594160Z Preparing to unpack .../08-libprotobuf23_3.12.4-1ubuntu7.22.04.6_amd64.deb ...
2026-10-02T12:00:39.3601053Z Unpacking libprotobuf23:amd64 (3.12.4-1ubuntu7.22.04.6) ...
2026-10-02T12:00:39.3953758Z Selecting previously unselected package libgrpc++1:amd64.
2026-10-02T12:00:39.4159634Z Preparing to unpack .../09-libgrpc++1_1.30.2-3build6_amd64.deb ...
2026-10-02T12:00:39.4166629Z Unpacking libgrpc++1:amd64 (1.30.2-3build6) ...
2026-10-02T12:00:39.4463947Z Selecting previously unselected package libgrpc-dev:amd64.
2026-10-02T12:00:39.4669938Z Preparing to unpack .../10-libgrpc-dev_1.30.2-3build6_amd64.deb ...
2026-10-02T12:00:39.4676696Z Unpacking libgrpc-dev:amd64 (1.30.2-3build6) ...
2026-10-02T12:00:39.5370498Z Selecting previously unselected package libgrpc++-dev:amd64.
2026-10-02T12:00:39.5578588Z Preparing to unpack .../11-libgrpc++-dev_1.30.2-3build6_amd64.deb ...
2026-10-02T12:00:39.5584469Z Unpacking libgrpc++-dev:amd64 (1.30.2-3build6) ...
2026-10-02T12:00:39.6459308Z Selecting previously unselected package libpqxx-6.4.
2026-10-02T12:00:39.6666538Z Preparing to unpack .../12-libpqxx-6.4_6.4.5-2build1_amd64.deb ...
2026-10-02T12:00:39.6673672Z Unpacking libpqxx-6.4 (6.4.5-2build1) ...
2026-10-02T12:00:39.6997118Z Selecting previously unselected package libpqxx-dev.
2026-10-02T12:00:39.7203167Z Preparing to unpack .../13-libpqxx-dev_6.4.5-2build1_amd64.deb ...
2026-10-02T12:00:39.7209222Z Unpacking libpqxx-dev (6.4.5-2build1) ...
2026-10-02T12:00:39.7783646Z Selecting previously unselected package libprotoc23:amd64.
2026-10-02T12:00:39.7991928Z Preparing to unpack .../14-libprotoc23_3.12.4-1ubuntu7.22.04.6_amd64.deb ...
2026-10-02T12:00:39.8001194Z Unpacking libprotoc23:amd64 (3.12.4-1ubuntu7.22.04.6) ...
2026-10-02T12:00:39.8333068Z Selecting previously unselected package nlohmann-json3-dev.
2026-10-02T12:00:39.8537528Z Preparing to unpack .../15-nlohmann-json3-dev_3.10.5-2_all.deb ...
2026-10-02T12:00:39.8544996Z Unpacking nlohmann-json3-dev (3.10.5-2) ...
2026-10-02T12:00:39.9344059Z Selecting previously unselected package protobuf-compiler.
2026-10-02T12:00:39.9551342Z Preparing to unpack .../16-protobuf-compiler_3.12.4-1ubuntu7.22.04.6_amd64.deb ...
2026-10-02T12:00:39.9562746Z Unpacking protobuf-compiler (3.12.4-1ubuntu7.22.04.6) ...
2026-10-02T12:00:39.9828229Z Selecting previously unselected package protobuf-compiler-grpc.
2026-10-02T12:00:40.0036527Z Preparing to unpack .../17-protobuf-compiler-grpc_1.30.2-3build6_amd64.deb ...
2026-10-02T12:00:40.0057702Z Unpacking protobuf-compiler-grpc (1.30.2-3build6) ...
2026-10-02T12:00:40.0313604Z Selecting previously unselected package libprotobuf-dev:amd64.
2026-10-02T12:00:40.0524697Z Preparing to unpack .../18-libprotobuf-dev_3.12.4-1ubuntu7.22.04.6_amd64.deb ...
2026-10-02T12:00:40.0532893Z Unpacking libprotobuf-dev:amd64 (3.12.4-1ubuntu7.22.04.6) ...
2026-10-02T12:00:40.1560816Z Setting up libprotobuf23:amd64 (3.12.4-1ubuntu7.22.04.6) ...
2026-10-02T12:00:40.1586638Z Setting up libprotobuf-dev:amd64 (3.12.4-1ubuntu7.22.04.6) ...
2026-10-02T12:00:40.1605967Z Setting up dh-elpa-helper (2.0.9ubuntu1) ...
2026-10-02T12:00:40.1623694Z Setting up libprotoc23:amd64 (3.12.4-1ubuntu7.22.04.6) ...
2026-10-02T12:00:40.1641367Z Setting up libjsoncpp25:amd64 (1.9.5-3) ...
2026-10-02T12:00:40.1659176Z Setting up pkg-config (0.29.2-1ubuntu3) ...
2026-10-02T12:00:40.2013112Z Setting up libabsl20210324:amd64 (0~20210324.2-2ubuntu0.3) ...
2026-10-02T12:00:40.2031388Z Setting up libpqxx-6.4 (6.4.5-2build1) ...
2026-10-02T12:00:40.2049328Z Setting up librhash0:amd64 (1.4.2-1ubuntu1) ...
2026-10-02T12:00:40.2069608Z Setting up cmake-data (3.22.1-1ubuntu1.22.04.2) ...
2026-10-02T12:00:40.2580016Z Setting up nlohmann-json3-dev (3.10.5-2) ...
2026-10-02T12:00:40.2597256Z Setting up libpqxx-dev (6.4.5-2build1) ...
2026-10-02T12:00:40.2616460Z Setting up protobuf-compiler (3.12.4-1ubuntu7.22.04.6) ...
2026-10-02T12:00:40.2634446Z Setting up protobuf-compiler-grpc (1.30.2-3build6) ...
2026-10-02T12:00:40.2654033Z Setting up libgrpc10:amd64 (1.30.2-3build6) ...
2026-10-02T12:00:40.2672745Z Setting up cmake (3.22.1-1ubuntu1.22.04.2) ...
2026-10-02T12:00:40.2689371Z Setting up libgrpc++1:amd64 (1.30.2-3build6) ...
2026-10-02T12:00:40.2707012Z Setting up libgrpc-dev:amd64 (1.30.2-3build6) ...
2026-10-02T12:00:40.2724658Z Setting up libgrpc++-dev:amd64 (1.30.2-3build6) ...
2026-10-02T12:00:40.2748259Z Processing triggers for man-db (2.10.2-1) ...
2026-10-02T12:00:40.2769393Z Not building database; man-db/auto-update is not 'true'.
2026-10-02T12:00:40.2783114Z Processing triggers for libc-bin (2.35-0ubuntu3.15) ...
2026-10-02T12:00:40.9407618Z 
2026-10-02T12:00:40.9408159Z Running kernel seems to be up-to-date.
2026-10-02T12:00:40.9408768Z 
2026-10-02T12:00:40.9408948Z No services need to be restarted.
2026-10-02T12:00:40.9409261Z 
2026-10-02T12:00:40.9409424Z No containers need to be restarted.
2026-10-02T12:00:40.9409746Z 
2026-10-02T12:00:40.9409974Z No user sessions are running outdated binaries.
2026-10-02T12:00:40.9410335Z 
2026-10-02T12:00:40.9410708Z No VM guests are running outdated hypervisor (qemu) binaries on this host.
2026-10-02T12:00:42.7298820Z ##[group]Run cmake -S native/agent -B /tmp/build-agent -DCMAKE_BUILD_TYPE=Release
2026-10-02T12:00:42.7299460Z [36;1mcmake -S native/agent -B /tmp/build-agent -DCMAKE_BUILD_TYPE=Release[0m
2026-10-02T12:00:42.7373682Z shell: /usr/bin/bash -e {0}
2026-10-02T12:00:42.7373943Z ##[endgroup]
2026-10-02T12:00:43.9151311Z -- The CXX compiler identification is GNU 11.4.0
2026-10-02T12:00:44.1077398Z -- Detecting CXX compiler ABI info
2026-10-02T12:00:44.3266074Z -- Detecting CXX compiler ABI info - done
2026-10-02T12:00:44.3446771Z -- Check for working CXX compiler: /usr/bin/c++ - skipped
2026-10-02T12:00:44.3496998Z -- Detecting CXX compile features
2026-10-02T12:00:44.3510703Z -- Detecting CXX compile features - done
2026-10-02T12:00:44.3809010Z -- Found PkgConfig: /usr/bin/pkg-config (found version "0.29.2")
2026-10-02T12:00:44.3817238Z -- Checking for module 'grpc++'
2026-10-02T12:00:44.3916930Z --   Found grpc++, version 1.30.2
2026-10-02T12:00:44.4231597Z -- Checking for module 'protobuf'
2026-10-02T12:00:44.4326979Z --   Found protobuf, version 3.12.4
2026-10-02T12:00:44.4563689Z -- Configuring done (1.1s)
2026-10-02T12:00:44.4695553Z -- Generating done (0.0s)
2026-10-02T12:00:44.4700038Z -- Build files have been written to: /tmp/build-agent
2026-10-02T12:00:44.4764161Z ##[group]Run cmake --build /tmp/build-agent --parallel
2026-10-02T12:00:44.4764572Z [36;1mcmake --build /tmp/build-agent --parallel[0m
2026-10-02T12:00:44.4836447Z shell: /usr/bin/bash -e {0}
2026-10-02T12:00:44.4836706Z ##[endgroup]
2026-10-02T12:00:44.5084889Z [  2%] Generating generated/common.pb.cc, generated/common.grpc.pb.cc, generated/errorcode.pb.cc, generated/errorcode.grpc.pb.cc, generated/taskkind.pb.cc, generated/taskkind.grpc.pb.cc, generated/hotmethod.pb.cc, generated/hotmethod.grpc.pb.cc, generated/healthcheck.pb.cc, generated/healthcheck.grpc.pb.cc, generated/init.pb.cc, generated/init.grpc.pb.cc
2026-10-02T12:00:44.5173716Z [  5%] Building CXX object CMakeFiles/process-snapshot-test.dir/tests/process_snapshot_test.cpp.o
2026-10-02T12:00:44.5189654Z [  8%] Building CXX object CMakeFiles/self-metrics-test.dir/tests/self_metrics_test.cpp.o
2026-10-02T12:00:44.5209316Z [ 10%] Building CXX object CMakeFiles/result-outbox-test.dir/tests/result_outbox_test.cpp.o
2026-10-02T12:00:44.5213035Z [ 13%] Building CXX object CMakeFiles/perf-samples-test.dir/tests/perf_samples_test.cpp.o
2026-10-02T12:00:44.5239383Z [ 16%] Building CXX object CMakeFiles/result-outbox-test.dir/src/result_outbox.cpp.o
2026-10-02T12:00:44.5269384Z [ 18%] Building CXX object CMakeFiles/process-snapshot-test.dir/src/process_snapshot.cpp.o
2026-10-02T12:00:44.5270561Z [ 21%] Building CXX object CMakeFiles/runtime-guard-test.dir/tests/runtime_guard_test.cpp.o
2026-10-02T12:00:44.5841860Z [ 24%] Building CXX object CMakeFiles/mini-drop-native-agent.dir/src/config.cpp.o
2026-10-02T12:00:44.5850791Z [ 29%] Building CXX object CMakeFiles/mini-drop-native-agent.dir/src/process_runner.cpp.o
2026-10-02T12:00:44.5878983Z [ 32%] Building CXX object CMakeFiles/mini-drop-native-agent.dir/src/process_snapshot.cpp.o
2026-10-02T12:00:44.5941077Z [ 35%] Building CXX object CMakeFiles/mini-drop-native-agent.dir/src/artifact_uploader.cpp.o
2026-10-02T12:00:44.5942277Z [ 37%] Building CXX object CMakeFiles/mini-drop-native-agent.dir/src/perf_collector.cpp.o
2026-10-02T12:00:44.5989268Z [ 27%] Building CXX object CMakeFiles/mini-drop-native-agent.dir/src/main.cpp.o
2026-10-02T12:00:44.6053041Z [ 40%] Building CXX object CMakeFiles/mini-drop-native-agent.dir/src/collector_registry.cpp.o
2026-10-02T12:00:44.6286283Z [ 43%] Building CXX object CMakeFiles/mini-drop-native-agent.dir/src/ebpf_io_collector.cpp.o
2026-10-02T12:00:44.6466401Z [ 45%] Building CXX object CMakeFiles/mini-drop-native-agent.dir/src/language_collectors.cpp.o
2026-10-02T12:00:44.6566886Z [ 48%] Building CXX object CMakeFiles/mini-drop-native-agent.dir/src/proc_collectors.cpp.o
2026-10-02T12:00:44.6649295Z [ 51%] Building CXX object CMakeFiles/mini-drop-native-agent.dir/src/result_outbox.cpp.o
2026-10-02T12:00:44.6650401Z [ 54%] Building CXX object CMakeFiles/mini-drop-native-agent.dir/generated/common.pb.cc.o
2026-10-02T12:00:44.6749439Z [ 56%] Building CXX object CMakeFiles/mini-drop-native-agent.dir/generated/common.grpc.pb.cc.o
2026-10-02T12:00:44.6890342Z [ 59%] Building CXX object CMakeFiles/mini-drop-native-agent.dir/generated/errorcode.pb.cc.o
2026-10-02T12:00:44.7109397Z [ 62%] Building CXX object CMakeFiles/mini-drop-native-agent.dir/generated/errorcode.grpc.pb.cc.o
2026-10-02T12:00:44.7139336Z [ 64%] Building CXX object CMakeFiles/mini-drop-native-agent.dir/generated/taskkind.pb.cc.o
2026-10-02T12:00:44.7289045Z [ 67%] Building CXX object CMakeFiles/mini-drop-native-agent.dir/generated/taskkind.grpc.pb.cc.o
2026-10-02T12:00:44.7452293Z [ 70%] Building CXX object CMakeFiles/mini-drop-native-agent.dir/generated/hotmethod.pb.cc.o
2026-10-02T12:00:44.7629872Z [ 72%] Building CXX object CMakeFiles/mini-drop-native-agent.dir/generated/hotmethod.grpc.pb.cc.o
2026-10-02T12:00:44.7762343Z [ 75%] Building CXX object CMakeFiles/mini-drop-native-agent.dir/generated/healthcheck.pb.cc.o
2026-10-02T12:00:44.7863316Z [ 78%] Building CXX object CMakeFiles/mini-drop-native-agent.dir/generated/healthcheck.grpc.pb.cc.o
2026-10-02T12:00:44.7960106Z [ 81%] Building CXX object CMakeFiles/mini-drop-native-agent.dir/generated/init.pb.cc.o
2026-10-02T12:00:44.8098266Z [ 83%] Building CXX object CMakeFiles/mini-drop-native-agent.dir/generated/init.grpc.pb.cc.o
2026-10-02T12:00:51.0009566Z [ 86%] Linking CXX executable self-metrics-test
2026-10-02T12:00:51.3919287Z /home/runner/work/mini-drop/mini-drop/native/agent/src/language_collectors.cpp: In member function ‘virtual mini_drop_native::TaskResult mini_drop_native::{anonymous}::PySpyCollector::collect(const mini_drop_native::Config&, const mini_drop_native::Task&, const std::atomic<bool>&, std::atomic<bool>&) const’:
2026-10-02T12:00:51.4101233Z /home/runner/work/mini-drop/mini-drop/native/agent/src/language_collectors.cpp:176:82: warning: missing initializer for member ‘mini_drop_native::TaskResult::task_attempt_authority’ [-Wmissing-field-initializers]
2026-10-02T12:00:51.4149578Z   176 |       return {task.id, false, "py-spy is not installed in native Agent image", ""};
2026-10-02T12:00:51.4309514Z       |                                                                                  ^
2026-10-02T12:00:51.4430896Z /home/runner/work/mini-drop/mini-drop/native/agent/src/language_collectors.cpp:176:82: warning: missing initializer for member ‘mini_drop_native::TaskResult::task_attempt_id’ [-Wmissing-field-initializers]
2026-10-02T12:00:51.4520692Z /home/runner/work/mini-drop/mini-drop/native/agent/src/language_collectors.cpp:176:82: warning: missing initializer for member ‘mini_drop_native::TaskResult::error_code’ [-Wmissing-field-initializers]
2026-10-02T12:00:51.4696007Z /home/runner/work/mini-drop/mini-drop/native/agent/src/language_collectors.cpp: In member function ‘virtual mini_drop_native::TaskResult mini_drop_native::{anonymous}::AsyncProfilerCollector::collect(const mini_drop_native::Config&, const mini_drop_native::Task&, const std::atomic<bool>&, std::atomic<bool>&) const’:
2026-10-02T12:00:51.4821057Z /home/runner/work/mini-drop/mini-drop/native/agent/src/language_collectors.cpp:202:17: warning: missing initializer for member ‘mini_drop_native::TaskResult::task_attempt_authority’ [-Wmissing-field-initializers]
2026-10-02T12:00:51.4969140Z   202 |               ""};
2026-10-02T12:00:51.5059103Z       |                 ^
2026-10-02T12:00:51.5061218Z /home/runner/work/mini-drop/mini-drop/native/agent/src/language_collectors.cpp:202:17: warning: missing initializer for member ‘mini_drop_native::TaskResult::task_attempt_id’ [-Wmissing-field-initializers]
2026-10-02T12:00:51.5063765Z /home/runner/work/mini-drop/mini-drop/native/agent/src/language_collectors.cpp:202:17: warning: missing initializer for member ‘mini_drop_native::TaskResult::error_code’ [-Wmissing-field-initializers]
2026-10-02T12:00:51.5066375Z /home/runner/work/mini-drop/mini-drop/native/agent/src/language_collectors.cpp:209:17: warning: missing initializer for member ‘mini_drop_native::TaskResult::task_attempt_authority’ [-Wmissing-field-initializers]
2026-10-02T12:00:51.5067835Z   209 |               ""};
2026-10-02T12:00:51.5068172Z       |                 ^
2026-10-02T12:00:51.5070051Z /home/runner/work/mini-drop/mini-drop/native/agent/src/language_collectors.cpp:209:17: warning: missing initializer for member ‘mini_drop_native::TaskResult::task_attempt_id’ [-Wmissing-field-initializers]
2026-10-02T12:00:51.5072629Z /home/runner/work/mini-drop/mini-drop/native/agent/src/language_collectors.cpp:209:17: warning: missing initializer for member ‘mini_drop_native::TaskResult::error_code’ [-Wmissing-field-initializers]
2026-10-02T12:00:51.7919575Z [ 89%] Linking CXX executable perf-samples-test
2026-10-02T12:00:51.9769486Z [ 89%] Built target self-metrics-test
2026-10-02T12:00:52.5899503Z [ 89%] Built target perf-samples-test
2026-10-02T12:00:53.2641410Z /tmp/build-agent/generated/common.pb.cc: In member function ‘virtual google::protobuf::uint8* mini_drop::CosConfig::_InternalSerialize(google::protobuf::uint8*, google::protobuf::io::EpsCopyOutputStream*) const’:
2026-10-02T12:00:53.2791742Z /tmp/build-agent/generated/common.pb.cc:664:23: warning: ‘const string& mini_drop::CosConfig::access_key() const’ is deprecated [-Wdeprecated-declarations]
2026-10-02T12:00:53.2909547Z   664 |   if (this->access_key().size() > 0) {
2026-10-02T12:00:53.2969190Z       |       ~~~~~~~~~~~~~~~~^~
2026-10-02T12:00:53.3112474Z In file included from /tmp/build-agent/generated/common.pb.cc:4:
2026-10-02T12:00:53.3169301Z /tmp/build-agent/generated/common.pb.h:1130:27: note: declared here
2026-10-02T12:00:53.3289493Z  1130 | inline const std::string& CosConfig::access_key() const {
2026-10-02T12:00:53.3409197Z       |                           ^~~~~~~~~
2026-10-02T12:00:53.3500414Z /tmp/build-agent/generated/common.pb.cc:674:23: warning: ‘const string& mini_drop::CosConfig::secret_key() const’ is deprecated [-Wdeprecated-declarations]
2026-10-02T12:00:53.3659230Z   674 |   if (this->secret_key().size() > 0) {
2026-10-02T12:00:53.3709114Z       |       ~~~~~~~~~~~~~~~~^~
2026-10-02T12:00:53.3859435Z In file included from /tmp/build-agent/generated/common.pb.cc:4:
2026-10-02T12:00:53.3979365Z /tmp/build-agent/generated/common.pb.h:1211:27: note: declared here
2026-10-02T12:00:53.4039331Z  1211 | inline const std::string& CosConfig::secret_key() const {
2026-10-02T12:00:53.4159124Z       |                           ^~~~~~~~~
2026-10-02T12:00:53.4293987Z /tmp/build-agent/generated/common.pb.cc: In member function ‘virtual size_t mini_drop::CosConfig::ByteSizeLong() const’:
2026-10-02T12:00:53.4340417Z /tmp/build-agent/generated/common.pb.cc:727:23: warning: ‘const string& mini_drop::CosConfig::access_key() const’ is deprecated [-Wdeprecated-declarations]
2026-10-02T12:00:53.4489278Z   727 |   if (this->access_key().size() > 0) {
2026-10-02T12:00:53.4589094Z       |       ~~~~~~~~~~~~~~~~^~
2026-10-02T12:00:53.4679249Z In file included from /tmp/build-agent/generated/common.pb.cc:4:
2026-10-02T12:00:53.4769276Z /tmp/build-agent/generated/common.pb.h:1130:27: note: declared here
2026-10-02T12:00:53.4770160Z  1130 | inline const std::string& CosConfig::access_key() const {
2026-10-02T12:00:53.4770819Z       |                           ^~~~~~~~~
2026-10-02T12:00:53.4772592Z /tmp/build-agent/generated/common.pb.cc:734:23: warning: ‘const string& mini_drop::CosConfig::secret_key() const’ is deprecated [-Wdeprecated-declarations]
2026-10-02T12:00:53.4773890Z   734 |   if (this->secret_key().size() > 0) {
2026-10-02T12:00:53.4774380Z       |       ~~~~~~~~~~~~~~~~^~
2026-10-02T12:00:53.4774937Z In file included from /tmp/build-agent/generated/common.pb.cc:4:
2026-10-02T12:00:53.4775716Z /tmp/build-agent/generated/common.pb.h:1211:27: note: declared here
2026-10-02T12:00:53.4776507Z  1211 | inline const std::string& CosConfig::secret_key() const {
2026-10-02T12:00:53.4777086Z       |                           ^~~~~~~~~
2026-10-02T12:00:53.4778670Z /tmp/build-agent/generated/common.pb.cc: In member function ‘void mini_drop::CosConfig::MergeFrom(const mini_drop::CosConfig&)’:
2026-10-02T12:00:53.4780774Z /tmp/build-agent/generated/common.pb.cc:788:22: warning: ‘const string& mini_drop::CosConfig::access_key() const’ is deprecated [-Wdeprecated-declarations]
2026-10-02T12:00:53.4781869Z   788 |   if (from.access_key().size() > 0) {
2026-10-02T12:00:53.4782301Z       |       ~~~~~~~~~~~~~~~^~
2026-10-02T12:00:53.4782781Z In file included from /tmp/build-agent/generated/common.pb.cc:4:
2026-10-02T12:00:53.4783463Z /tmp/build-agent/generated/common.pb.h:1130:27: note: declared here
2026-10-02T12:00:53.4784133Z  1130 | inline const std::string& CosConfig::access_key() const {
2026-10-02T12:00:53.4784647Z       |                           ^~~~~~~~~
2026-10-02T12:00:53.4785927Z /tmp/build-agent/generated/common.pb.cc:791:22: warning: ‘const string& mini_drop::CosConfig::secret_key() const’ is deprecated [-Wdeprecated-declarations]
2026-10-02T12:00:53.4787284Z   791 |   if (from.secret_key().size() > 0) {
2026-10-02T12:00:53.4787704Z       |       ~~~~~~~~~~~~~~~^~
2026-10-02T12:00:53.4788173Z In file included from /tmp/build-agent/generated/common.pb.cc:4:
2026-10-02T12:00:53.4789575Z /tmp/build-agent/generated/common.pb.h:1211:27: note: declared here
2026-10-02T12:00:53.4790271Z  1211 | inline const std::string& CosConfig::secret_key() const {
2026-10-02T12:00:53.4791110Z       |                           ^~~~~~~~~
2026-10-02T12:00:53.6289662Z In file included from /tmp/build-agent/generated/healthcheck.pb.h:37,
2026-10-02T12:00:53.6290523Z                  from /tmp/build-agent/generated/healthcheck.pb.cc:4:
2026-10-02T12:00:53.6292339Z /tmp/build-agent/generated/hotmethod.pb.h: In member function ‘mini_drop::RecordArgv* mini_drop::TaskDesc::release_sample_argv()’:
2026-10-02T12:00:53.6294586Z /tmp/build-agent/generated/hotmethod.pb.h:3159:47: warning: ‘mini_drop::RecordArgv* mini_drop::TaskDesc::unsafe_arena_release_sample_argv()’ is deprecated [-Wdeprecated-declarations]
2026-10-02T12:00:53.6295996Z  3159 |   auto temp = unsafe_arena_release_sample_argv();
2026-10-02T12:00:53.6296584Z       |               ~~~~~~~~~~~~~~~~~~~~~~~~~~~~~~~~^~
2026-10-02T12:00:53.6297281Z /tmp/build-agent/generated/hotmethod.pb.h:449:48: note: declared here
2026-10-02T12:00:53.6298206Z   449 |   PROTOBUF_DEPRECATED ::mini_drop::RecordArgv* unsafe_arena_release_sample_argv();
2026-10-02T12:00:53.6299327Z       |                                                ^~~~~~~~~~~~~~~~~~~~~~~~~~~~~~~~
2026-10-02T12:00:53.6410385Z /tmp/build-agent/generated/hotmethod.pb.h: In member function ‘mini_drop::CosConfig* mini_drop::TaskDesc::release_cos_config()’:
2026-10-02T12:00:53.6490615Z /tmp/build-agent/generated/hotmethod.pb.h:3355:46: warning: ‘mini_drop::CosConfig* mini_drop::TaskDesc::unsafe_arena_release_cos_config()’ is deprecated [-Wdeprecated-declarations]
2026-10-02T12:00:53.6589437Z  3355 |   auto temp = unsafe_arena_release_cos_config();
2026-10-02T12:00:53.6739484Z       |               ~~~~~~~~~~~~~~~~~~~~~~~~~~~~~~~^~
2026-10-02T12:00:53.6819284Z /tmp/build-agent/generated/hotmethod.pb.h:467:47: note: declared here
2026-10-02T12:00:53.6939453Z   467 |   PROTOBUF_DEPRECATED ::mini_drop::CosConfig* unsafe_arena_release_cos_config();
2026-10-02T12:00:53.7029171Z       |                                               ^~~~~~~~~~~~~~~~~~~~~~~~~~~~~~~
2026-10-02T12:00:53.7539582Z [ 91%] Linking CXX executable runtime-guard-test
2026-10-02T12:00:53.7739596Z In file included from /tmp/build-agent/generated/hotmethod.grpc.pb.cc:5:
2026-10-02T12:00:53.7890435Z /tmp/build-agent/generated/hotmethod.pb.h: In member function ‘mini_drop::RecordArgv* mini_drop::TaskDesc::release_sample_argv()’:
2026-10-02T12:00:53.8040740Z /tmp/build-agent/generated/hotmethod.pb.h:3159:47: warning: ‘mini_drop::RecordArgv* mini_drop::TaskDesc::unsafe_arena_release_sample_argv()’ is deprecated [-Wdeprecated-declarations]
2026-10-02T12:00:53.8139261Z  3159 |   auto temp = unsafe_arena_release_sample_argv();
2026-10-02T12:00:53.8279204Z       |               ~~~~~~~~~~~~~~~~~~~~~~~~~~~~~~~~^~
2026-10-02T12:00:53.8369342Z /tmp/build-agent/generated/hotmethod.pb.h:449:48: note: declared here
2026-10-02T12:00:53.8519574Z   449 |   PROTOBUF_DEPRECATED ::mini_drop::RecordArgv* unsafe_arena_release_sample_argv();
2026-10-02T12:00:53.8679400Z       |                                                ^~~~~~~~~~~~~~~~~~~~~~~~~~~~~~~~
2026-10-02T12:00:53.8820532Z /tmp/build-agent/generated/hotmethod.pb.h: In member function ‘mini_drop::CosConfig* mini_drop::TaskDesc::release_cos_config()’:
2026-10-02T12:00:53.8850410Z /tmp/build-agent/generated/hotmethod.pb.h:3355:46: warning: ‘mini_drop::CosConfig* mini_drop::TaskDesc::unsafe_arena_release_cos_config()’ is deprecated [-Wdeprecated-declarations]
2026-10-02T12:00:53.9029343Z  3355 |   auto temp = unsafe_arena_release_cos_config();
2026-10-02T12:00:53.9119169Z       |               ~~~~~~~~~~~~~~~~~~~~~~~~~~~~~~~^~
2026-10-02T12:00:53.9239338Z /tmp/build-agent/generated/hotmethod.pb.h:467:47: note: declared here
2026-10-02T12:00:53.9429459Z   467 |   PROTOBUF_DEPRECATED ::mini_drop::CosConfig* unsafe_arena_release_cos_config();
2026-10-02T12:00:53.9499176Z       |                                               ^~~~~~~~~~~~~~~~~~~~~~~~~~~~~~~
2026-10-02T12:00:54.4240599Z In file included from /tmp/build-agent/generated/hotmethod.pb.cc:4:
2026-10-02T12:00:54.4360486Z /tmp/build-agent/generated/hotmethod.pb.h: In member function ‘mini_drop::RecordArgv* mini_drop::TaskDesc::release_sample_argv()’:
2026-10-02T12:00:54.4500744Z /tmp/build-agent/generated/hotmethod.pb.h:3159:47: warning: ‘mini_drop::RecordArgv* mini_drop::TaskDesc::unsafe_arena_release_sample_argv()’ is deprecated [-Wdeprecated-declarations]
2026-10-02T12:00:54.4609537Z  3159 |   auto temp = unsafe_arena_release_sample_argv();
2026-10-02T12:00:54.4759413Z       |               ~~~~~~~~~~~~~~~~~~~~~~~~~~~~~~~~^~
2026-10-02T12:00:54.4849383Z /tmp/build-agent/generated/hotmethod.pb.h:449:48: note: declared here
2026-10-02T12:00:54.4980006Z   449 |   PROTOBUF_DEPRECATED ::mini_drop::RecordArgv* unsafe_arena_release_sample_argv();
2026-10-02T12:00:54.5129561Z       |                                                ^~~~~~~~~~~~~~~~~~~~~~~~~~~~~~~~
2026-10-02T12:00:54.5250585Z /tmp/build-agent/generated/hotmethod.pb.h: In member function ‘mini_drop::CosConfig* mini_drop::TaskDesc::release_cos_config()’:
2026-10-02T12:00:54.5330454Z /tmp/build-agent/generated/hotmethod.pb.h:3355:46: warning: ‘mini_drop::CosConfig* mini_drop::TaskDesc::unsafe_arena_release_cos_config()’ is deprecated [-Wdeprecated-declarations]
2026-10-02T12:00:54.5509638Z  3355 |   auto temp = unsafe_arena_release_cos_config();
2026-10-02T12:00:54.5659300Z       |               ~~~~~~~~~~~~~~~~~~~~~~~~~~~~~~~^~
2026-10-02T12:00:54.5779377Z /tmp/build-agent/generated/hotmethod.pb.h:467:47: note: declared here
2026-10-02T12:00:54.5869622Z   467 |   PROTOBUF_DEPRECATED ::mini_drop::CosConfig* unsafe_arena_release_cos_config();
2026-10-02T12:00:54.6049532Z       |                                               ^~~~~~~~~~~~~~~~~~~~~~~~~~~~~~~
2026-10-02T12:00:54.6229363Z [ 91%] Built target runtime-guard-test
2026-10-02T12:00:54.9161613Z /tmp/build-agent/generated/hotmethod.pb.cc: In member function ‘virtual google::protobuf::uint8* mini_drop::TaskDesc::_InternalSerialize(google::protobuf::uint8*, google::protobuf::io::EpsCopyOutputStream*) const’:
2026-10-02T12:00:54.9280669Z /tmp/build-agent/generated/hotmethod.pb.cc:1228:28: warning: ‘bool mini_drop::TaskDesc::has_sample_argv() const’ is deprecated [-Wdeprecated-declarations]
2026-10-02T12:00:54.9399324Z  1228 |   if (this->has_sample_argv()) {
2026-10-02T12:00:54.9489249Z       |       ~~~~~~~~~~~~~~~~~~~~~^~
2026-10-02T12:00:54.9609565Z In file included from /tmp/build-agent/generated/hotmethod.pb.cc:4:
2026-10-02T12:00:54.9739510Z /tmp/build-agent/generated/hotmethod.pb.h:3127:13: note: declared here
2026-10-02T12:00:54.9819336Z  3127 | inline bool TaskDesc::has_sample_argv() const {
2026-10-02T12:00:54.9949285Z       |             ^~~~~~~~
2026-10-02T12:00:55.0030634Z /tmp/build-agent/generated/hotmethod.pb.cc:1258:27: warning: ‘bool mini_drop::TaskDesc::has_cos_config() const’ is deprecated [-Wdeprecated-declarations]
2026-10-02T12:00:55.0149121Z  1258 |   if (this->has_cos_config()) {
2026-10-02T12:00:55.0249379Z       |       ~~~~~~~~~~~~~~~~~~~~^~
2026-10-02T12:00:55.0369417Z In file included from /tmp/build-agent/generated/hotmethod.pb.cc:4:
2026-10-02T12:00:55.0459409Z /tmp/build-agent/generated/hotmethod.pb.h:3329:13: note: declared here
2026-10-02T12:00:55.0549276Z  3329 | inline bool TaskDesc::has_cos_config() const {
2026-10-02T12:00:55.0699535Z       |             ^~~~~~~~
2026-10-02T12:00:55.0790441Z /tmp/build-agent/generated/hotmethod.pb.cc: In member function ‘virtual size_t mini_drop::TaskDesc::ByteSizeLong() const’:
2026-10-02T12:00:55.0887181Z /tmp/build-agent/generated/hotmethod.pb.cc:1451:28: warning: ‘bool mini_drop::TaskDesc::has_sample_argv() const’ is deprecated [-Wdeprecated-declarations]
2026-10-02T12:00:55.1009299Z  1451 |   if (this->has_sample_argv()) {
2026-10-02T12:00:55.1129342Z       |       ~~~~~~~~~~~~~~~~~~~~~^~
2026-10-02T12:00:55.1285426Z In file included from /tmp/build-agent/generated/hotmethod.pb.cc:4:
2026-10-02T12:00:55.1286933Z /tmp/build-agent/generated/hotmethod.pb.h:3127:13: note: declared here
2026-10-02T12:00:55.1379291Z  3127 | inline bool TaskDesc::has_sample_argv() const {
2026-10-02T12:00:55.1459155Z       |             ^~~~~~~~
2026-10-02T12:00:55.1560379Z /tmp/build-agent/generated/hotmethod.pb.cc:1458:27: warning: ‘bool mini_drop::TaskDesc::has_cos_config() const’ is deprecated [-Wdeprecated-declarations]
2026-10-02T12:00:55.1619105Z  1458 |   if (this->has_cos_config()) {
2026-10-02T12:00:55.1754981Z       |       ~~~~~~~~~~~~~~~~~~~~^~
2026-10-02T12:00:55.1819228Z In file included from /tmp/build-agent/generated/hotmethod.pb.cc:4:
2026-10-02T12:00:55.1849210Z /tmp/build-agent/generated/hotmethod.pb.h:3329:13: note: declared here
2026-10-02T12:00:55.1969178Z  3329 | inline bool TaskDesc::has_cos_config() const {
2026-10-02T12:00:55.2089242Z       |             ^~~~~~~~
2026-10-02T12:00:55.2150169Z /tmp/build-agent/generated/hotmethod.pb.cc: In member function ‘void mini_drop::TaskDesc::MergeFrom(const mini_drop::TaskDesc&)’:
2026-10-02T12:00:55.2270356Z /tmp/build-agent/generated/hotmethod.pb.cc:1609:27: warning: ‘bool mini_drop::TaskDesc::has_sample_argv() const’ is deprecated [-Wdeprecated-declarations]
2026-10-02T12:00:55.2389139Z  1609 |   if (from.has_sample_argv()) {
2026-10-02T12:00:55.2519320Z       |       ~~~~~~~~~~~~~~~~~~~~^~
2026-10-02T12:00:55.2569286Z In file included from /tmp/build-agent/generated/hotmethod.pb.cc:4:
2026-10-02T12:00:55.2689443Z /tmp/build-agent/generated/hotmethod.pb.h:3127:13: note: declared here
2026-10-02T12:00:55.2779741Z  3127 | inline bool TaskDesc::has_sample_argv() const {
2026-10-02T12:00:55.2869305Z       |             ^~~~~~~~
2026-10-02T12:00:55.2900552Z /tmp/build-agent/generated/hotmethod.pb.cc:1612:26: warning: ‘bool mini_drop::TaskDesc::has_cos_config() const’ is deprecated [-Wdeprecated-declarations]
2026-10-02T12:00:55.3009317Z  1612 |   if (from.has_cos_config()) {
2026-10-02T12:00:55.3119484Z       |       ~~~~~~~~~~~~~~~~~~~^~
2026-10-02T12:00:55.3131056Z In file included from /tmp/build-agent/generated/hotmethod.pb.cc:4:
2026-10-02T12:00:55.3269558Z /tmp/build-agent/generated/hotmethod.pb.h:3329:13: note: declared here
2026-10-02T12:00:55.3389283Z  3329 | inline bool TaskDesc::has_cos_config() const {
2026-10-02T12:00:55.3389875Z       |             ^~~~~~~~
2026-10-02T12:00:55.3390455Z In file included from /tmp/build-agent/generated/healthcheck.pb.h:37,
2026-10-02T12:00:55.3391234Z                  from /tmp/build-agent/generated/healthcheck.grpc.pb.cc:5:
2026-10-02T12:00:55.3392908Z /tmp/build-agent/generated/hotmethod.pb.h: In member function ‘mini_drop::RecordArgv* mini_drop::TaskDesc::release_sample_argv()’:
2026-10-02T12:00:55.3395118Z /tmp/build-agent/generated/hotmethod.pb.h:3159:47: warning: ‘mini_drop::RecordArgv* mini_drop::TaskDesc::unsafe_arena_release_sample_argv()’ is deprecated [-Wdeprecated-declarations]
2026-10-02T12:00:55.3396643Z  3159 |   auto temp = unsafe_arena_release_sample_argv();
2026-10-02T12:00:55.3397218Z       |               ~~~~~~~~~~~~~~~~~~~~~~~~~~~~~~~~^~
2026-10-02T12:00:55.3397907Z /tmp/build-agent/generated/hotmethod.pb.h:449:48: note: declared here
2026-10-02T12:00:55.3399089Z   449 |   PROTOBUF_DEPRECATED ::mini_drop::RecordArgv* unsafe_arena_release_sample_argv();
2026-10-02T12:00:55.3399918Z       |                                                ^~~~~~~~~~~~~~~~~~~~~~~~~~~~~~~~
2026-10-02T12:00:55.3401284Z /tmp/build-agent/generated/hotmethod.pb.h: In member function ‘mini_drop::CosConfig* mini_drop::TaskDesc::release_cos_config()’:
2026-10-02T12:00:55.3403458Z /tmp/build-agent/generated/hotmethod.pb.h:3355:46: warning: ‘mini_drop::CosConfig* mini_drop::TaskDesc::unsafe_arena_release_cos_config()’ is deprecated [-Wdeprecated-declarations]
2026-10-02T12:00:55.3404841Z  3355 |   auto temp = unsafe_arena_release_cos_config();
2026-10-02T12:00:55.3489035Z       |               ~~~~~~~~~~~~~~~~~~~~~~~~~~~~~~~^~
2026-10-02T12:00:55.3609402Z /tmp/build-agent/generated/hotmethod.pb.h:467:47: note: declared here
2026-10-02T12:00:55.3669802Z   467 |   PROTOBUF_DEPRECATED ::mini_drop::CosConfig* unsafe_arena_release_cos_config();
2026-10-02T12:00:55.3729164Z       |                                               ^~~~~~~~~~~~~~~~~~~~~~~~~~~~~~~
2026-10-02T12:00:55.8806129Z In file included from /tmp/build-agent/generated/healthcheck.pb.h:37,
2026-10-02T12:00:55.8869356Z                  from /tmp/build-agent/generated/healthcheck.grpc.pb.h:15,
2026-10-02T12:00:55.8989531Z                  from /home/runner/work/mini-drop/mini-drop/native/agent/src/main.cpp:10:
2026-10-02T12:00:55.9080444Z /tmp/build-agent/generated/hotmethod.pb.h: In member function ‘mini_drop::RecordArgv* mini_drop::TaskDesc::release_sample_argv()’:
2026-10-02T12:00:55.9140711Z /tmp/build-agent/generated/hotmethod.pb.h:3159:47: warning: ‘mini_drop::RecordArgv* mini_drop::TaskDesc::unsafe_arena_release_sample_argv()’ is deprecated [-Wdeprecated-declarations]
2026-10-02T12:00:55.9219360Z  3159 |   auto temp = unsafe_arena_release_sample_argv();
2026-10-02T12:00:55.9339274Z       |               ~~~~~~~~~~~~~~~~~~~~~~~~~~~~~~~~^~
2026-10-02T12:00:55.9409322Z /tmp/build-agent/generated/hotmethod.pb.h:449:48: note: declared here
2026-10-02T12:00:55.9469390Z   449 |   PROTOBUF_DEPRECATED ::mini_drop::RecordArgv* unsafe_arena_release_sample_argv();
2026-10-02T12:00:55.9589402Z       |                                                ^~~~~~~~~~~~~~~~~~~~~~~~~~~~~~~~
2026-10-02T12:00:55.9680329Z /tmp/build-agent/generated/hotmethod.pb.h: In member function ‘mini_drop::CosConfig* mini_drop::TaskDesc::release_cos_config()’:
2026-10-02T12:00:55.9730534Z /tmp/build-agent/generated/hotmethod.pb.h:3355:46: warning: ‘mini_drop::CosConfig* mini_drop::TaskDesc::unsafe_arena_release_cos_config()’ is deprecated [-Wdeprecated-declarations]
2026-10-02T12:00:55.9839680Z  3355 |   auto temp = unsafe_arena_release_cos_config();
2026-10-02T12:00:55.9909241Z       |               ~~~~~~~~~~~~~~~~~~~~~~~~~~~~~~~^~
2026-10-02T12:00:55.9999621Z /tmp/build-agent/generated/hotmethod.pb.h:467:47: note: declared here
2026-10-02T12:00:56.0089552Z   467 |   PROTOBUF_DEPRECATED ::mini_drop::CosConfig* unsafe_arena_release_cos_config();
2026-10-02T12:00:56.0199285Z       |                                               ^~~~~~~~~~~~~~~~~~~~~~~~~~~~~~~
2026-10-02T12:01:00.1759391Z [ 94%] Linking CXX executable result-outbox-test
2026-10-02T12:01:00.4341025Z /home/runner/work/mini-drop/mini-drop/native/agent/src/main.cpp: In function ‘mini_drop_native::Task {anonymous}::task_from_proto(const mini_drop::TaskDesc&)’:
2026-10-02T12:01:00.4370477Z /home/runner/work/mini-drop/mini-drop/native/agent/src/main.cpp:570:27: warning: ‘bool mini_drop::TaskDesc::has_sample_argv() const’ is deprecated [-Wdeprecated-declarations]
2026-10-02T12:01:00.4519306Z   570 |   if (desc.has_sample_argv()) {
2026-10-02T12:01:00.4639302Z       |       ~~~~~~~~~~~~~~~~~~~~^~
2026-10-02T12:01:00.4749618Z In file included from /tmp/build-agent/generated/healthcheck.pb.h:37,
2026-10-02T12:01:00.4849193Z                  from /tmp/build-agent/generated/healthcheck.grpc.pb.h:15,
2026-10-02T12:01:00.4942330Z                  from /home/runner/work/mini-drop/mini-drop/native/agent/src/main.cpp:10:
2026-10-02T12:01:00.5029418Z /tmp/build-agent/generated/hotmethod.pb.h:3127:13: note: declared here
2026-10-02T12:01:00.5129190Z  3127 | inline bool TaskDesc::has_sample_argv() const {
2026-10-02T12:01:00.5231197Z       |             ^~~~~~~~
2026-10-02T12:01:00.5270676Z /home/runner/work/mini-drop/mini-drop/native/agent/src/main.cpp:571:32: warning: ‘const mini_drop::RecordArgv& mini_drop::TaskDesc::sample_argv() const’ is deprecated [-Wdeprecated-declarations]
2026-10-02T12:01:00.5349173Z   571 |     task.pid = desc.sample_argv().pid();
2026-10-02T12:01:00.5439257Z       |                ~~~~~~~~~~~~~~~~^~
2026-10-02T12:01:00.5469789Z In file included from /tmp/build-agent/generated/healthcheck.pb.h:37,
2026-10-02T12:01:00.5599332Z                  from /tmp/build-agent/generated/healthcheck.grpc.pb.h:15,
2026-10-02T12:01:00.5600108Z [ 94%] Built target result-outbox-test
2026-10-02T12:01:00.5659685Z                  from /home/runner/work/mini-drop/mini-drop/native/agent/src/main.cpp:10:
2026-10-02T12:01:00.5749249Z /tmp/build-agent/generated/hotmethod.pb.h:3141:39: note: declared here
2026-10-02T12:01:00.5839367Z  3141 | inline const ::mini_drop::RecordArgv& TaskDesc::sample_argv() const {
2026-10-02T12:01:00.5929293Z       |                                       ^~~~~~~~
2026-10-02T12:01:00.6020618Z /home/runner/work/mini-drop/mini-drop/native/agent/src/main.cpp:572:48: warning: ‘const mini_drop::RecordArgv& mini_drop::TaskDesc::sample_argv() const’ is deprecated [-Wdeprecated-declarations]
2026-10-02T12:01:00.6109173Z   572 |     task.hz = static_cast<int>(desc.sample_argv().hz());
2026-10-02T12:01:00.6199214Z       |                                ~~~~~~~~~~~~~~~~^~
2026-10-02T12:01:00.6279500Z In file included from /tmp/build-agent/generated/healthcheck.pb.h:37,
2026-10-02T12:01:00.6349271Z                  from /tmp/build-agent/generated/healthcheck.grpc.pb.h:15,
2026-10-02T12:01:00.6409420Z                  from /home/runner/work/mini-drop/mini-drop/native/agent/src/main.cpp:10:
2026-10-02T12:01:00.6410290Z [ 97%] Linking CXX executable process-snapshot-test
2026-10-02T12:01:00.6469210Z /tmp/build-agent/generated/hotmethod.pb.h:3141:39: note: declared here
2026-10-02T12:01:00.6519269Z  3141 | inline const ::mini_drop::RecordArgv& TaskDesc::sample_argv() const {
2026-10-02T12:01:00.6589229Z       |                                       ^~~~~~~~
2026-10-02T12:01:00.6640597Z /home/runner/work/mini-drop/mini-drop/native/agent/src/main.cpp:573:54: warning: ‘const mini_drop::RecordArgv& mini_drop::TaskDesc::sample_argv() const’ is deprecated [-Wdeprecated-declarations]
2026-10-02T12:01:00.6709327Z   573 |     task.duration = static_cast<int>(desc.sample_argv().duration());
2026-10-02T12:01:00.6789059Z       |                                      ~~~~~~~~~~~~~~~~^~
2026-10-02T12:01:00.6859218Z In file included from /tmp/build-agent/generated/healthcheck.pb.h:37,
2026-10-02T12:01:00.6919229Z                  from /tmp/build-agent/generated/healthcheck.grpc.pb.h:15,
2026-10-02T12:01:00.6949240Z                  from /home/runner/work/mini-drop/mini-drop/native/agent/src/main.cpp:10:
2026-10-02T12:01:00.6979280Z /tmp/build-agent/generated/hotmethod.pb.h:3141:39: note: declared here
2026-10-02T12:01:00.7039455Z  3141 | inline const ::mini_drop::RecordArgv& TaskDesc::sample_argv() const {
2026-10-02T12:01:00.7069112Z       |                                       ^~~~~~~~
2026-10-02T12:01:00.7130617Z /home/runner/work/mini-drop/mini-drop/native/agent/src/main.cpp:574:38: warning: ‘const mini_drop::RecordArgv& mini_drop::TaskDesc::sample_argv() const’ is deprecated [-Wdeprecated-declarations]
2026-10-02T12:01:00.7159200Z   574 |     task.callgraph = desc.sample_argv().callgraph();
2026-10-02T12:01:00.7218988Z       |                      ~~~~~~~~~~~~~~~~^~
2026-10-02T12:01:00.7249288Z In file included from /tmp/build-agent/generated/healthcheck.pb.h:37,
2026-10-02T12:01:00.7279363Z                  from /tmp/build-agent/generated/healthcheck.grpc.pb.h:15,
2026-10-02T12:01:00.7339309Z                  from /home/runner/work/mini-drop/mini-drop/native/agent/src/main.cpp:10:
2026-10-02T12:01:00.7368111Z /tmp/build-agent/generated/hotmethod.pb.h:3141:39: note: declared here
2026-10-02T12:01:00.7412731Z  3141 | inline const ::mini_drop::RecordArgv& TaskDesc::sample_argv() const {
2026-10-02T12:01:00.7549412Z       |                                       ^~~~~~~~
2026-10-02T12:01:00.7630978Z /home/runner/work/mini-drop/mini-drop/native/agent/src/main.cpp:575:34: warning: ‘const mini_drop::RecordArgv& mini_drop::TaskDesc::sample_argv() const’ is deprecated [-Wdeprecated-declarations]
2026-10-02T12:01:00.7682082Z   575 |     task.event = desc.sample_argv().event();
2026-10-02T12:01:00.7739268Z       |                  ~~~~~~~~~~~~~~~~^~
2026-10-02T12:01:00.7819545Z In file included from /tmp/build-agent/generated/healthcheck.pb.h:37,
2026-10-02T12:01:00.7909816Z                  from /tmp/build-agent/generated/healthcheck.grpc.pb.h:15,
2026-10-02T12:01:00.7960178Z                  from /home/runner/work/mini-drop/mini-drop/native/agent/src/main.cpp:10:
2026-10-02T12:01:00.8019530Z /tmp/build-agent/generated/hotmethod.pb.h:3141:39: note: declared here
2026-10-02T12:01:00.8089216Z  3141 | inline const ::mini_drop::RecordArgv& TaskDesc::sample_argv() const {
2026-10-02T12:01:00.8169192Z       |                                       ^~~~~~~~
2026-10-02T12:01:00.9459596Z [ 97%] Built target process-snapshot-test
2026-10-02T12:01:05.6384799Z [100%] Linking CXX executable mini-drop-native-agent
2026-10-02T12:01:05.8061732Z [100%] Built target mini-drop-native-agent
2026-10-02T12:01:05.8177564Z ##[group]Run ctest --test-dir /tmp/build-agent --output-on-failure --no-tests=error --output-junit /tmp/build-agent/ctest.xml
2026-10-02T12:01:05.8178805Z [36;1mctest --test-dir /tmp/build-agent --output-on-failure --no-tests=error --output-junit /tmp/build-agent/ctest.xml[0m
2026-10-02T12:01:05.8251440Z shell: /usr/bin/bash -e {0}
2026-10-02T12:01:05.8251693Z ##[endgroup]
2026-10-02T12:01:06.5186324Z Internal ctest changing into directory: /tmp/build-agent
2026-10-02T12:01:06.5689207Z Test project /tmp/build-agent
2026-10-02T12:01:06.6158002Z     Start 1: self-metrics-test
2026-10-02T12:01:06.6487065Z 1/5 Test #1: self-metrics-test ................   Passed    0.00 sec
2026-10-02T12:01:06.6488201Z     Start 2: result-outbox-test
2026-10-02T12:01:06.6628958Z 2/5 Test #2: result-outbox-test ...............   Passed    0.01 sec
2026-10-02T12:01:06.6629705Z     Start 3: process-snapshot-test
2026-10-02T12:01:06.6728152Z 3/5 Test #3: process-snapshot-test ............   Passed    0.01 sec
2026-10-02T12:01:06.6729119Z     Start 4: perf-samples-test
2026-10-02T12:01:06.6765419Z 4/5 Test #4: perf-samples-test ................   Passed    0.00 sec
2026-10-02T12:01:06.6766149Z     Start 5: runtime-guard-test
2026-10-02T12:01:06.6796603Z 5/5 Test #5: runtime-guard-test ...............   Passed    0.00 sec
2026-10-02T12:01:06.6798937Z 
2026-10-02T12:01:06.6799178Z 100% tests passed, 0 tests failed out of 5
2026-10-02T12:01:06.6799584Z 
2026-10-02T12:01:06.6799794Z Total Test time (real) =   0.11 sec
2026-10-02T12:01:06.7203854Z ##[group]Run actions/upload-artifact@v4
2026-10-02T12:01:06.7204156Z with:
2026-10-02T12:01:06.7204473Z   name: native-agent-binary-7abe089ae9bfc9705b56c73a5b1dd19dd3bad7ea-1
2026-10-02T12:01:06.7205032Z   path: /tmp/build-agent/mini-drop-native-agent
/tmp/build-agent/ctest.xml

2026-10-02T12:01:06.7205424Z   if-no-files-found: error
2026-10-02T12:01:06.7205655Z   retention-days: 14
2026-10-02T12:01:06.7205863Z   compression-level: 6
2026-10-02T12:01:06.7206077Z   overwrite: false
2026-10-02T12:01:06.7206288Z   include-hidden-files: false
2026-10-02T12:01:06.7206522Z ##[endgroup]
2026-10-02T12:01:06.9041333Z (node:3091) [DEP0040] DeprecationWarning: The `punycode` module is deprecated. Please use a userland alternative instead.
2026-10-02T12:01:06.9042302Z (Use `node --trace-deprecation ...` to show where the warning was created)
2026-10-02T12:01:06.9108408Z Multiple search paths detected. Calculating the least common ancestor of all paths
2026-10-02T12:01:06.9113811Z The least common ancestor is /tmp/build-agent. This will be the root directory of the artifact
2026-10-02T12:01:06.9115185Z With the provided path, there will be 2 files uploaded
2026-10-02T12:01:06.9117752Z Artifact name is valid!
2026-10-02T12:01:06.9118722Z Root directory input is valid!
2026-10-02T12:01:07.1084325Z Beginning upload of artifact content to blob storage
2026-10-02T12:01:07.1738028Z (node:3091) [DEP0169] DeprecationWarning: `url.parse()` behavior is not standardized and prone to errors that have security implications. Use the WHATWG URL API instead. CVEs are not issued for `url.parse()` vulnerabilities.
2026-10-02T12:01:07.2222927Z Uploaded bytes 437834
2026-10-02T12:01:07.2384312Z Finished uploading artifact content to blob storage!
2026-10-02T12:01:07.2385340Z SHA256 digest of uploaded artifact zip is 4adc984e0c7b324b2659154a3ad71e50308cf742cfe0923f4ddb3579a3a4e2a9
2026-10-02T12:01:07.2387099Z Finalizing artifact upload
2026-10-02T12:01:07.4292070Z Artifact native-agent-binary-7abe089ae9bfc9705b56c73a5b1dd19dd3bad7ea-1.zip successfully finalized. Artifact ID 11225391618
2026-10-02T12:01:07.4293838Z Artifact native-agent-binary-7abe089ae9bfc9705b56c73a5b1dd19dd3bad7ea-1 has been successfully uploaded! Final size is 437834 bytes. Artifact ID is 11225391618
2026-10-02T12:01:07.4299157Z Artifact download URL: https://github.com/llongwang751-arch/mini-drop/actions/runs/37004140437/artifacts/11225391618
2026-10-02T12:01:07.4516776Z Post job cleanup.
2026-10-02T12:01:07.5460548Z [command]/usr/bin/git version
2026-10-02T12:01:07.5507474Z git version 2.55.0
2026-10-02T12:01:07.5554131Z Temporarily overriding HOME='/home/runner/work/_temp/9dc2a04d-89f1-4c89-b4b5-1846a648bb33' before making global git config changes
2026-10-02T12:01:07.5555586Z Adding repository directory to the temporary git global config as a safe directory
2026-10-02T12:01:07.5560751Z [command]/usr/bin/git config --global --add safe.directory /home/runner/work/mini-drop/mini-drop
2026-10-02T12:01:07.5605421Z [command]/usr/bin/git config --local --name-only --get-regexp core\.sshCommand
2026-10-02T12:01:07.5644855Z [command]/usr/bin/git submodule foreach --recursive sh -c "git config --local --name-only --get-regexp 'core\.sshCommand' && git config --local --unset-all 'core.sshCommand' || :"
2026-10-02T12:01:07.5948326Z [command]/usr/bin/git config --local --name-only --get-regexp http\.https\:\/\/github\.com\/\.extraheader
2026-10-02T12:01:07.5979401Z http.https://github.com/.extraheader
2026-10-02T12:01:07.5991022Z [command]/usr/bin/git config --local --unset-all http.https://github.com/.extraheader
2026-10-02T12:01:07.6031551Z [command]/usr/bin/git submodule foreach --recursive sh -c "git config --local --name-only --get-regexp 'http\.https\:\/\/github\.com\/\.extraheader' && git config --local --unset-all 'http.https://github.com/.extraheader' || :"
2026-10-02T12:01:07.6344950Z [command]/usr/bin/git config --local --name-only --get-regexp ^includeIf\.gitdir:
2026-10-02T12:01:07.6390137Z [command]/usr/bin/git submodule foreach --recursive git config --local --show-origin --name-only --get-regexp remote.origin.url
2026-10-02T12:01:07.6890230Z Cleaning up orphan processes
2026-10-02T12:01:07.7319240Z ##[warning]Node.js 20 is deprecated. The following actions target Node.js 20 but are being forced to run on Node.js 24: actions/checkout@v4, actions/upload-artifact@v4. For more information see: https://github.blog/changelog/2025-09-19-deprecation-of-node-20-on-github-actions-runners/
