2026-10-02T12:00:18.4721400Z Current runner version: '2.337.0'
2026-10-02T12:00:18.4758148Z ##[group]Runner Image Provisioner
2026-10-02T12:00:18.4759816Z Hosted Compute Agent
2026-10-02T12:00:18.4761055Z Version: 20260901.588
2026-10-02T12:00:18.4762289Z Commit: f88ec8081b781fac6c440065ac7ff9e710ce3d0b
2026-10-02T12:00:18.4763646Z Build Date: 2026-09-01T19:56:44Z
2026-10-02T12:00:18.4765066Z Worker ID: {6897b621-329a-40fd-81ae-1192b8b5c976}
2026-10-02T12:00:18.4766410Z Azure Region: centralus
2026-10-02T12:00:18.4767706Z ##[endgroup]
2026-10-02T12:00:18.4770472Z ##[group]Operating System
2026-10-02T12:00:18.4771614Z Ubuntu
2026-10-02T12:00:18.4772735Z 22.04.5
2026-10-02T12:00:18.4773732Z LTS
2026-10-02T12:00:18.4774863Z ##[endgroup]
2026-10-02T12:00:18.4776014Z ##[group]Runner Image
2026-10-02T12:00:18.4777189Z Image: ubuntu-22.04
2026-10-02T12:00:18.4778373Z Version: 20260927.309.1
2026-10-02T12:00:18.4780763Z Included Software: https://github.com/actions/runner-images/blob/ubuntu22/20260927.309/images/ubuntu/Ubuntu2204-Readme.md
2026-10-02T12:00:18.4783256Z Image Release: https://github.com/actions/runner-images/releases/tag/ubuntu22%2F20260927.309
2026-10-02T12:00:18.4784282Z ##[endgroup]
2026-10-02T12:00:18.4785596Z ##[group]GITHUB_TOKEN Permissions
2026-10-02T12:00:18.4787789Z Contents: read
2026-10-02T12:00:18.4788529Z Metadata: read
2026-10-02T12:00:18.4789118Z Packages: read
2026-10-02T12:00:18.4790190Z ##[endgroup]
2026-10-02T12:00:18.4792287Z Secret source: Actions
2026-10-02T12:00:18.4793237Z Cache mode: write
2026-10-02T12:00:18.4794457Z Prepare workflow directory
2026-10-02T12:00:18.5175734Z Prepare all required actions
2026-10-02T12:00:18.5247599Z Getting action download info
2026-10-02T12:00:18.7781664Z Download action repository 'actions/checkout@v4' (SHA:11d5960a326750d5838078e36cf38b85af677262)
2026-10-02T12:00:18.8675164Z Download action repository 'actions/upload-artifact@v4' (SHA:ea165f8d65b6e75b540449e92b4886f43607fa02)
2026-10-02T12:00:19.0914791Z Complete job name: Native (C++ control, build only)
2026-10-02T12:00:19.1694330Z ##[group]Run actions/checkout@v4
2026-10-02T12:00:19.1695307Z with:
2026-10-02T12:00:19.1695776Z   repository: llongwang751-arch/mini-drop
2026-10-02T12:00:19.1699810Z   token: ***
2026-10-02T12:00:19.1700246Z   ssh-strict: true
2026-10-02T12:00:19.1700679Z   ssh-user: git
2026-10-02T12:00:19.1701116Z   persist-credentials: true
2026-10-02T12:00:19.1701588Z   clean: true
2026-10-02T12:00:19.1702030Z   sparse-checkout-cone-mode: true
2026-10-02T12:00:19.1702554Z   fetch-depth: 1
2026-10-02T12:00:19.1702975Z   fetch-tags: false
2026-10-02T12:00:19.1703401Z   show-progress: true
2026-10-02T12:00:19.1703824Z   lfs: false
2026-10-02T12:00:19.1704219Z   submodules: false
2026-10-02T12:00:19.1704664Z   set-safe-directory: true
2026-10-02T12:00:19.1705164Z   allow-unsafe-pr-checkout: false
2026-10-02T12:00:19.1705929Z ##[endgroup]
2026-10-02T12:00:19.2796009Z Syncing repository: llongwang751-arch/mini-drop
2026-10-02T12:00:19.2798924Z ##[group]Getting Git version info
2026-10-02T12:00:19.2800707Z Working directory is '/home/runner/work/mini-drop/mini-drop'
2026-10-02T12:00:19.2802520Z [command]/usr/bin/git version
2026-10-02T12:00:19.2887723Z git version 2.55.0
2026-10-02T12:00:19.2916300Z ##[endgroup]
2026-10-02T12:00:19.2925779Z Temporarily overriding HOME='/home/runner/work/_temp/d0de73a6-fd5f-4552-995d-0acb767b372e' before making global git config changes
2026-10-02T12:00:19.2928587Z Adding repository directory to the temporary git global config as a safe directory
2026-10-02T12:00:19.2933115Z [command]/usr/bin/git config --global --add safe.directory /home/runner/work/mini-drop/mini-drop
2026-10-02T12:00:19.2990416Z Deleting the contents of '/home/runner/work/mini-drop/mini-drop'
2026-10-02T12:00:19.2995527Z ##[group]Initializing the repository
2026-10-02T12:00:19.3002197Z [command]/usr/bin/git init /home/runner/work/mini-drop/mini-drop
2026-10-02T12:00:19.3143033Z hint: Using 'master' as the name for the initial branch. This default branch name
2026-10-02T12:00:19.3144972Z hint: will change to "main" in Git 3.0. To configure the initial branch name
2026-10-02T12:00:19.3148202Z hint: to use in all of your new repositories, which will suppress this warning,
2026-10-02T12:00:19.3150054Z hint: call:
2026-10-02T12:00:19.3150920Z hint:
2026-10-02T12:00:19.3151895Z hint: 	git config --global init.defaultBranch <name>
2026-10-02T12:00:19.3153045Z hint:
2026-10-02T12:00:19.3155418Z hint: Names commonly chosen instead of 'master' are 'main', 'trunk' and
2026-10-02T12:00:19.3157314Z hint: 'development'. The just-created branch can be renamed via this command:
2026-10-02T12:00:19.3158777Z hint:
2026-10-02T12:00:19.3159907Z hint: 	git branch -m <name>
2026-10-02T12:00:19.3161016Z hint:
2026-10-02T12:00:19.3162061Z hint: Disable this message with "git config set advice.defaultBranchName false"
2026-10-02T12:00:19.3164006Z Initialized empty Git repository in /home/runner/work/mini-drop/mini-drop/.git/
2026-10-02T12:00:19.3167348Z [command]/usr/bin/git remote add origin https://github.com/llongwang751-arch/mini-drop
2026-10-02T12:00:19.3200253Z ##[endgroup]
2026-10-02T12:00:19.3201585Z ##[group]Disabling automatic garbage collection
2026-10-02T12:00:19.3205704Z [command]/usr/bin/git config --local gc.auto 0
2026-10-02T12:00:19.3242236Z ##[endgroup]
2026-10-02T12:00:19.3243603Z ##[group]Setting up auth
2026-10-02T12:00:19.3248002Z [command]/usr/bin/git config --local --name-only --get-regexp core\.sshCommand
2026-10-02T12:00:19.3288138Z [command]/usr/bin/git submodule foreach --recursive sh -c "git config --local --name-only --get-regexp 'core\.sshCommand' && git config --local --unset-all 'core.sshCommand' || :"
2026-10-02T12:00:19.3715800Z [command]/usr/bin/git config --local --name-only --get-regexp http\.https\:\/\/github\.com\/\.extraheader
2026-10-02T12:00:19.3764242Z [command]/usr/bin/git submodule foreach --recursive sh -c "git config --local --name-only --get-regexp 'http\.https\:\/\/github\.com\/\.extraheader' && git config --local --unset-all 'http.https://github.com/.extraheader' || :"
2026-10-02T12:00:19.4031031Z [command]/usr/bin/git config --local --name-only --get-regexp ^includeIf\.gitdir:
2026-10-02T12:00:19.4070062Z [command]/usr/bin/git submodule foreach --recursive git config --local --show-origin --name-only --get-regexp remote.origin.url
2026-10-02T12:00:19.4330298Z [command]/usr/bin/git config --local http.https://github.com/.extraheader AUTHORIZATION: basic ***
2026-10-02T12:00:19.4381471Z ##[endgroup]
2026-10-02T12:00:19.4382774Z ##[group]Fetching the repository
2026-10-02T12:00:19.4395458Z [command]/usr/bin/git -c protocol.version=2 fetch --no-tags --prune --no-recurse-submodules --depth=1 origin +7abe089ae9bfc9705b56c73a5b1dd19dd3bad7ea:refs/remotes/pull/1/merge
2026-10-02T12:00:22.8044178Z From https://github.com/llongwang751-arch/mini-drop
2026-10-02T12:00:22.8046297Z  * [new ref]         7abe089ae9bfc9705b56c73a5b1dd19dd3bad7ea -> pull/1/merge
2026-10-02T12:00:22.8051403Z ##[endgroup]
2026-10-02T12:00:22.8053347Z ##[group]Determining the checkout info
2026-10-02T12:00:22.8055393Z ##[endgroup]
2026-10-02T12:00:22.8060975Z [command]/usr/bin/git sparse-checkout disable
2026-10-02T12:00:22.8120085Z [command]/usr/bin/git config --local --unset-all extensions.worktreeConfig
2026-10-02T12:00:22.8160944Z ##[group]Checking out the ref
2026-10-02T12:00:22.8164026Z [command]/usr/bin/git checkout --progress --force refs/remotes/pull/1/merge
2026-10-02T12:00:23.8300896Z Updating files:  55% (3430/6162)
2026-10-02T12:00:23.8345503Z Updating files:  56% (3451/6162)
2026-10-02T12:00:23.8405564Z Updating files:  57% (3513/6162)
2026-10-02T12:00:23.8464368Z Updating files:  58% (3574/6162)
2026-10-02T12:00:23.8535923Z Updating files:  59% (3636/6162)
2026-10-02T12:00:23.8589587Z Updating files:  60% (3698/6162)
2026-10-02T12:00:23.8642016Z Updating files:  61% (3759/6162)
2026-10-02T12:00:23.8705945Z Updating files:  62% (3821/6162)
2026-10-02T12:00:23.8906125Z Updating files:  63% (3883/6162)
2026-10-02T12:00:23.9044601Z Updating files:  64% (3944/6162)
2026-10-02T12:00:23.9244491Z Updating files:  65% (4006/6162)
2026-10-02T12:00:23.9318081Z Updating files:  66% (4067/6162)
2026-10-02T12:00:23.9383433Z Updating files:  67% (4129/6162)
2026-10-02T12:00:23.9429641Z Updating files:  68% (4191/6162)
2026-10-02T12:00:23.9502351Z Updating files:  69% (4252/6162)
2026-10-02T12:00:23.9552199Z Updating files:  70% (4314/6162)
2026-10-02T12:00:23.9598974Z Updating files:  71% (4376/6162)
2026-10-02T12:00:23.9664902Z Updating files:  72% (4437/6162)
2026-10-02T12:00:23.9903242Z Updating files:  73% (4499/6162)
2026-10-02T12:00:24.0436826Z Updating files:  74% (4560/6162)
2026-10-02T12:00:24.0495098Z Updating files:  75% (4622/6162)
2026-10-02T12:00:24.0558588Z Updating files:  76% (4684/6162)
2026-10-02T12:00:24.0605986Z Updating files:  77% (4745/6162)
2026-10-02T12:00:24.0992066Z Updating files:  78% (4807/6162)
2026-10-02T12:00:24.1313731Z Updating files:  79% (4868/6162)
2026-10-02T12:00:24.1378746Z Updating files:  80% (4930/6162)
2026-10-02T12:00:24.1495829Z Updating files:  81% (4992/6162)
2026-10-02T12:00:24.1597882Z Updating files:  82% (5053/6162)
2026-10-02T12:00:24.1668237Z Updating files:  83% (5115/6162)
2026-10-02T12:00:24.1709048Z Updating files:  84% (5177/6162)
2026-10-02T12:00:24.1779621Z Updating files:  85% (5238/6162)
2026-10-02T12:00:24.1832000Z Updating files:  86% (5300/6162)
2026-10-02T12:00:24.1920641Z Updating files:  87% (5361/6162)
2026-10-02T12:00:24.1974449Z Updating files:  88% (5423/6162)
2026-10-02T12:00:24.2123190Z Updating files:  89% (5485/6162)
2026-10-02T12:00:24.2210548Z Updating files:  90% (5546/6162)
2026-10-02T12:00:24.2261362Z Updating files:  91% (5608/6162)
2026-10-02T12:00:24.2306516Z Updating files:  92% (5670/6162)
2026-10-02T12:00:24.2371858Z Updating files:  93% (5731/6162)
2026-10-02T12:00:24.2411204Z Updating files:  94% (5793/6162)
2026-10-02T12:00:24.2450418Z Updating files:  95% (5854/6162)
2026-10-02T12:00:24.2493776Z Updating files:  96% (5916/6162)
2026-10-02T12:00:24.2641712Z Updating files:  97% (5978/6162)
2026-10-02T12:00:24.2680552Z Updating files:  98% (6039/6162)
2026-10-02T12:00:24.2716362Z Updating files:  99% (6101/6162)
2026-10-02T12:00:24.2716714Z Updating files: 100% (6162/6162)
2026-10-02T12:00:24.2717058Z Updating files: 100% (6162/6162), done.
2026-10-02T12:00:24.2800544Z Note: switching to 'refs/remotes/pull/1/merge'.
2026-10-02T12:00:24.2801361Z 
2026-10-02T12:00:24.2802073Z You are in 'detached HEAD' state. You can look around, make experimental
2026-10-02T12:00:24.2802841Z changes and commit them, and you can discard any commits you make in this
2026-10-02T12:00:24.2803569Z state without impacting any branches by switching back to a branch.
2026-10-02T12:00:24.2804142Z 
2026-10-02T12:00:24.2804471Z If you want to create a new branch to retain commits you create, you may
2026-10-02T12:00:24.2805209Z do so (now or later) by using -c with the switch command. Example:
2026-10-02T12:00:24.2805622Z 
2026-10-02T12:00:24.2805780Z   git switch -c <new-branch-name>
2026-10-02T12:00:24.2806087Z 
2026-10-02T12:00:24.2806240Z Or undo this operation with:
2026-10-02T12:00:24.2806533Z 
2026-10-02T12:00:24.2806667Z   git switch -
2026-10-02T12:00:24.2806958Z 
2026-10-02T12:00:24.2807285Z Turn off this advice by setting config variable advice.detachedHead to false
2026-10-02T12:00:24.2807773Z 
2026-10-02T12:00:24.2808240Z HEAD is now at 7abe089 Merge cfea6744fc2395d5392440b2404ee275ada0a69f into 609ea8a73f845b496b59b5cae181f515c5919850
2026-10-02T12:00:24.2924623Z ##[endgroup]
2026-10-02T12:00:24.2974074Z [command]/usr/bin/git log -1 --format=%H
2026-10-02T12:00:24.3008541Z 7abe089ae9bfc9705b56c73a5b1dd19dd3bad7ea
2026-10-02T12:00:24.3237783Z ##[group]Run sudo apt-get update
2026-10-02T12:00:24.3238172Z [36;1msudo apt-get update[0m
2026-10-02T12:00:24.3238534Z [36;1msudo apt-get install -y --no-install-recommends \[0m
2026-10-02T12:00:24.3239031Z [36;1m  build-essential cmake libgrpc++-dev libprotobuf-dev libpqxx-dev \[0m
2026-10-02T12:00:24.3239942Z [36;1m  nlohmann-json3-dev pkg-config protobuf-compiler protobuf-compiler-grpc[0m
2026-10-02T12:00:24.3621127Z shell: /usr/bin/bash -e {0}
2026-10-02T12:00:24.3621653Z ##[endgroup]
2026-10-02T12:00:24.4924486Z Get:1 file:/etc/apt/apt-mirrors.txt Mirrorlist [144 B]
2026-10-02T12:00:24.5299624Z Hit:2 http://azure.archive.ubuntu.com/ubuntu jammy InRelease
2026-10-02T12:00:24.5311429Z Get:6 https://packages.microsoft.com/ubuntu/22.04/prod jammy InRelease [3632 B]
2026-10-02T12:00:24.5335330Z Get:3 http://azure.archive.ubuntu.com/ubuntu jammy-updates InRelease [128 kB]
2026-10-02T12:00:24.5352376Z Get:4 http://azure.archive.ubuntu.com/ubuntu jammy-backports InRelease [127 kB]
2026-10-02T12:00:24.5390292Z Get:5 http://azure.archive.ubuntu.com/ubuntu jammy-security InRelease [129 kB]
2026-10-02T12:00:24.6990258Z Get:7 https://packages.microsoft.com/ubuntu/22.04/prod jammy/main amd64 Packages [792 kB]
2026-10-02T12:00:24.7177349Z Get:8 https://packages.microsoft.com/ubuntu/22.04/prod jammy/main arm64 Packages [550 kB]
2026-10-02T12:00:24.7826789Z Get:9 http://azure.archive.ubuntu.com/ubuntu jammy-updates/main amd64 Packages [3899 kB]
2026-10-02T12:00:24.8040438Z Get:10 http://azure.archive.ubuntu.com/ubuntu jammy-updates/main Translation-en [575 kB]
2026-10-02T12:00:24.8059214Z Get:11 http://azure.archive.ubuntu.com/ubuntu jammy-updates/restricted amd64 Packages [6701 kB]
2026-10-02T12:00:24.8448362Z Get:12 http://azure.archive.ubuntu.com/ubuntu jammy-updates/restricted Translation-en [1287 kB]
2026-10-02T12:00:24.8519072Z Get:13 http://azure.archive.ubuntu.com/ubuntu jammy-updates/universe amd64 Packages [1285 kB]
2026-10-02T12:00:24.8601159Z Get:14 http://azure.archive.ubuntu.com/ubuntu jammy-updates/universe Translation-en [325 kB]
2026-10-02T12:00:24.9643006Z Get:15 http://azure.archive.ubuntu.com/ubuntu jammy-security/main amd64 Packages [3598 kB]
2026-10-02T12:00:24.9810171Z Get:16 http://azure.archive.ubuntu.com/ubuntu jammy-security/main Translation-en [504 kB]
2026-10-02T12:00:24.9840781Z Get:17 http://azure.archive.ubuntu.com/ubuntu jammy-security/restricted amd64 Packages [6410 kB]
2026-10-02T12:00:25.0123353Z Get:18 http://azure.archive.ubuntu.com/ubuntu jammy-security/restricted Translation-en [1232 kB]
2026-10-02T12:00:25.0621010Z Get:19 http://azure.archive.ubuntu.com/ubuntu jammy-security/universe amd64 Packages [1052 kB]
2026-10-02T12:00:25.0693655Z Get:20 http://azure.archive.ubuntu.com/ubuntu jammy-security/universe Translation-en [236 kB]
2026-10-02T12:00:31.0496030Z Fetched 28.8 MB in 3s (9022 kB/s)
2026-10-02T12:00:32.3907444Z Reading package lists...
2026-10-02T12:00:32.4627614Z Reading package lists...
2026-10-02T12:00:32.7246855Z Building dependency tree...
2026-10-02T12:00:32.7258447Z Reading state information...
2026-10-02T12:00:32.9219733Z build-essential is already the newest version (12.9ubuntu3).
2026-10-02T12:00:32.9220459Z build-essential set to manually installed.
2026-10-02T12:00:32.9221474Z The following additional packages will be installed:
2026-10-02T12:00:32.9221997Z   cmake-data dh-elpa-helper libabsl20210324 libgrpc++1 libgrpc-dev libgrpc10
2026-10-02T12:00:32.9227915Z   libjsoncpp25 libpqxx-6.4 libprotobuf23 libprotoc23 librhash0
2026-10-02T12:00:32.9235215Z Suggested packages:
2026-10-02T12:00:32.9235692Z   cmake-doc ninja-build cmake-format libpqxx-doc protobuf-mode-el
2026-10-02T12:00:32.9501449Z The following packages will be REMOVED:
2026-10-02T12:00:32.9503106Z   pkgconf r-base-dev
2026-10-02T12:00:32.9503684Z The following NEW packages will be installed:
2026-10-02T12:00:32.9506142Z   cmake cmake-data dh-elpa-helper libabsl20210324 libgrpc++-dev libgrpc++1
2026-10-02T12:00:32.9507663Z   libgrpc-dev libgrpc10 libjsoncpp25 libpqxx-6.4 libpqxx-dev libprotobuf-dev
2026-10-02T12:00:32.9512441Z   libprotobuf23 libprotoc23 librhash0 nlohmann-json3-dev pkg-config
2026-10-02T12:00:32.9513776Z   protobuf-compiler protobuf-compiler-grpc
2026-10-02T12:00:32.9715211Z 0 upgraded, 19 newly installed, 2 to remove and 20 not upgraded.
2026-10-02T12:00:32.9715848Z Need to get 14.7 MB of archives.
2026-10-02T12:00:32.9716457Z After this operation, 81.5 MB of additional disk space will be used.
2026-10-02T12:00:32.9717198Z Get:1 file:/etc/apt/apt-mirrors.txt Mirrorlist [144 B]
2026-10-02T12:00:33.0277536Z Get:2 http://azure.archive.ubuntu.com/ubuntu jammy/main amd64 pkg-config amd64 0.29.2-1ubuntu3 [48.2 kB]
2026-10-02T12:00:33.0607271Z Get:3 http://azure.archive.ubuntu.com/ubuntu jammy/main amd64 libjsoncpp25 amd64 1.9.5-3 [80.0 kB]
2026-10-02T12:00:33.0932934Z Get:4 http://azure.archive.ubuntu.com/ubuntu jammy/main amd64 librhash0 amd64 1.4.2-1ubuntu1 [125 kB]
2026-10-02T12:00:33.1261625Z Get:5 http://azure.archive.ubuntu.com/ubuntu jammy/main amd64 dh-elpa-helper all 2.0.9ubuntu1 [7610 B]
2026-10-02T12:00:33.1581278Z Get:6 http://azure.archive.ubuntu.com/ubuntu jammy-updates/main amd64 cmake-data all 3.22.1-1ubuntu1.22.04.2 [1913 kB]
2026-10-02T12:00:33.2080677Z Get:7 http://azure.archive.ubuntu.com/ubuntu jammy-updates/main amd64 cmake amd64 3.22.1-1ubuntu1.22.04.2 [5010 kB]
2026-10-02T12:00:33.2916183Z Get:8 http://azure.archive.ubuntu.com/ubuntu jammy-updates/main amd64 libabsl20210324 amd64 0~20210324.2-2ubuntu0.3 [386 kB]
2026-10-02T12:00:33.3263814Z Get:9 http://azure.archive.ubuntu.com/ubuntu jammy/universe amd64 libgrpc10 amd64 1.30.2-3build6 [1470 kB]
2026-10-02T12:00:33.3693033Z Get:10 http://azure.archive.ubuntu.com/ubuntu jammy-updates/main amd64 libprotobuf23 amd64 3.12.4-1ubuntu7.22.04.6 [877 kB]
2026-10-02T12:00:33.4041404Z Get:11 http://azure.archive.ubuntu.com/ubuntu jammy/universe amd64 libgrpc++1 amd64 1.30.2-3build6 [402 kB]
2026-10-02T12:00:33.4384050Z Get:12 http://azure.archive.ubuntu.com/ubuntu jammy/universe amd64 libgrpc-dev amd64 1.30.2-3build6 [1066 kB]
2026-10-02T12:00:33.4812391Z Get:13 http://azure.archive.ubuntu.com/ubuntu jammy/universe amd64 libgrpc++-dev amd64 1.30.2-3build6 [564 kB]
2026-10-02T12:00:33.5177115Z Get:14 http://azure.archive.ubuntu.com/ubuntu jammy/universe amd64 libpqxx-6.4 amd64 6.4.5-2build1 [155 kB]
2026-10-02T12:00:33.5502969Z Get:15 http://azure.archive.ubuntu.com/ubuntu jammy/universe amd64 libpqxx-dev amd64 6.4.5-2build1 [243 kB]
2026-10-02T12:00:33.5838253Z Get:16 http://azure.archive.ubuntu.com/ubuntu jammy-updates/main amd64 libprotoc23 amd64 3.12.4-1ubuntu7.22.04.6 [662 kB]
2026-10-02T12:00:33.6212422Z Get:17 http://azure.archive.ubuntu.com/ubuntu jammy/universe amd64 nlohmann-json3-dev all 3.10.5-2 [167 kB]
2026-10-02T12:00:33.6538775Z Get:18 http://azure.archive.ubuntu.com/ubuntu jammy-updates/universe amd64 protobuf-compiler amd64 3.12.4-1ubuntu7.22.04.6 [29.2 kB]
2026-10-02T12:00:33.6857350Z Get:19 http://azure.archive.ubuntu.com/ubuntu jammy/universe amd64 protobuf-compiler-grpc amd64 1.30.2-3build6 [185 kB]
2026-10-02T12:00:33.7599174Z Get:20 http://azure.archive.ubuntu.com/ubuntu jammy-updates/main amd64 libprotobuf-dev amd64 3.12.4-1ubuntu7.22.04.6 [1347 kB]
2026-10-02T12:00:34.1413493Z Fetched 14.7 MB in 1s (18.1 MB/s)
2026-10-02T12:00:34.1909708Z (Reading database ... 
2026-10-02T12:00:34.1910228Z (Reading database ... 5%
2026-10-02T12:00:34.1910575Z (Reading database ... 10%
2026-10-02T12:00:34.1911097Z (Reading database ... 15%
2026-10-02T12:00:34.1911623Z (Reading database ... 20%
2026-10-02T12:00:34.1912104Z (Reading database ... 25%
2026-10-02T12:00:34.1912518Z (Reading database ... 30%
2026-10-02T12:00:34.1913019Z (Reading database ... 35%
2026-10-02T12:00:34.1913472Z (Reading database ... 40%
2026-10-02T12:00:34.1913890Z (Reading database ... 45%
2026-10-02T12:00:34.1914200Z (Reading database ... 50%
2026-10-02T12:00:34.2423433Z (Reading database ... 55%
2026-10-02T12:00:34.4459430Z (Reading database ... 60%
2026-10-02T12:00:34.6087444Z (Reading database ... 65%
2026-10-02T12:00:34.8134953Z (Reading database ... 70%
2026-10-02T12:00:34.9461636Z (Reading database ... 75%
2026-10-02T12:00:35.0532449Z (Reading database ... 80%
2026-10-02T12:00:35.2327864Z (Reading database ... 85%
2026-10-02T12:00:35.4419619Z (Reading database ... 90%
2026-10-02T12:00:35.6531884Z (Reading database ... 95%
2026-10-02T12:00:35.6532519Z (Reading database ... 100%
2026-10-02T12:00:35.6533383Z (Reading database ... 260410 files and directories currently installed.)
2026-10-02T12:00:35.6585467Z Removing r-base-dev (4.6.1-6.2204.0) ...
2026-10-02T12:00:35.7200702Z dpkg: pkgconf: dependency problems, but removing anyway as you requested:
2026-10-02T12:00:35.7201430Z  php8.1-dev depends on pkg-config; however:
2026-10-02T12:00:35.7201935Z   Package pkg-config is not installed.
2026-10-02T12:00:35.7202562Z   Package pkgconf which provides pkg-config is to be removed.
2026-10-02T12:00:35.7203192Z  mono-devel depends on pkg-config; however:
2026-10-02T12:00:35.7203705Z   Package pkg-config is not installed.
2026-10-02T12:00:35.7204303Z   Package pkgconf which provides pkg-config is to be removed.
2026-10-02T12:00:35.7205033Z  libmagickwand-6.q16-dev:amd64 depends on pkg-config; however:
2026-10-02T12:00:35.7205616Z   Package pkg-config is not installed.
2026-10-02T12:00:35.7206132Z   Package pkgconf which provides pkg-config is to be removed.
2026-10-02T12:00:35.7206793Z  libmagickcore-6.q16-dev:amd64 depends on pkg-config; however:
2026-10-02T12:00:35.7207370Z   Package pkg-config is not installed.
2026-10-02T12:00:35.7207902Z   Package pkgconf which provides pkg-config is to be removed.
2026-10-02T12:00:35.7208503Z  libglib2.0-dev:amd64 depends on pkg-config; however:
2026-10-02T12:00:35.7209009Z   Package pkg-config is not installed.
2026-10-02T12:00:35.7209785Z   Package pkgconf which provides pkg-config is to be removed.
2026-10-02T12:00:35.7210417Z  libfontconfig-dev:amd64 depends on pkg-config; however:
2026-10-02T12:00:35.7210945Z   Package pkg-config is not installed.
2026-10-02T12:00:35.7211475Z   Package pkgconf which provides pkg-config is to be removed.
2026-10-02T12:00:35.7211887Z 
2026-10-02T12:00:35.7264925Z Removing pkgconf (1.8.0-1) ...
2026-10-02T12:00:35.8334236Z Removing 'diversion of /usr/bin/pkg-config to /usr/bin/pkg-config.real by pkgconf'
2026-10-02T12:00:35.8471119Z Removing 'diversion of /usr/share/aclocal/pkg.m4 to /usr/share/aclocal/pkg.real.m4 by pkgconf'
2026-10-02T12:00:35.8604653Z Removing 'diversion of /usr/share/man/man1/pkg-config.1.gz to /usr/share/man/man1/pkg-config.real.1.gz by pkgconf'
2026-10-02T12:00:35.8743641Z Removing 'diversion of /usr/share/pkg-config-crosswrapper to /usr/share/pkg-config-crosswrapper.real by pkgconf'
2026-10-02T12:00:35.9294187Z Selecting previously unselected package pkg-config.
2026-10-02T12:00:35.9375239Z (Reading database ... 
2026-10-02T12:00:35.9375710Z (Reading database ... 5%
2026-10-02T12:00:35.9376129Z (Reading database ... 10%
2026-10-02T12:00:35.9376540Z (Reading database ... 15%
2026-10-02T12:00:35.9376935Z (Reading database ... 20%
2026-10-02T12:00:35.9377857Z (Reading database ... 25%
2026-10-02T12:00:35.9378264Z (Reading database ... 30%
2026-10-02T12:00:35.9378651Z (Reading database ... 35%
2026-10-02T12:00:35.9379039Z (Reading database ... 40%
2026-10-02T12:00:35.9379672Z (Reading database ... 45%
2026-10-02T12:00:35.9380065Z (Reading database ... 50%
2026-10-02T12:00:35.9412046Z (Reading database ... 55%
2026-10-02T12:00:35.9442016Z (Reading database ... 60%
2026-10-02T12:00:35.9467743Z (Reading database ... 65%
2026-10-02T12:00:35.9575496Z (Reading database ... 70%
2026-10-02T12:00:35.9612860Z (Reading database ... 75%
2026-10-02T12:00:35.9671649Z (Reading database ... 80%
2026-10-02T12:00:36.0023888Z (Reading database ... 85%
2026-10-02T12:00:36.0042482Z (Reading database ... 90%
2026-10-02T12:00:36.0365072Z (Reading database ... 95%
2026-10-02T12:00:36.0365424Z (Reading database ... 100%
2026-10-02T12:00:36.0365923Z (Reading database ... 260388 files and directories currently installed.)
2026-10-02T12:00:36.0415520Z Preparing to unpack .../00-pkg-config_0.29.2-1ubuntu3_amd64.deb ...
2026-10-02T12:00:36.0425335Z Unpacking pkg-config (0.29.2-1ubuntu3) ...
2026-10-02T12:00:36.0691744Z Selecting previously unselected package libjsoncpp25:amd64.
2026-10-02T12:00:36.0891546Z Preparing to unpack .../01-libjsoncpp25_1.9.5-3_amd64.deb ...
2026-10-02T12:00:36.0912716Z Unpacking libjsoncpp25:amd64 (1.9.5-3) ...
2026-10-02T12:00:36.1163703Z Selecting previously unselected package librhash0:amd64.
2026-10-02T12:00:36.1362698Z Preparing to unpack .../02-librhash0_1.4.2-1ubuntu1_amd64.deb ...
2026-10-02T12:00:36.1372804Z Unpacking librhash0:amd64 (1.4.2-1ubuntu1) ...
2026-10-02T12:00:36.1614394Z Selecting previously unselected package dh-elpa-helper.
2026-10-02T12:00:36.1812895Z Preparing to unpack .../03-dh-elpa-helper_2.0.9ubuntu1_all.deb ...
2026-10-02T12:00:36.1822161Z Unpacking dh-elpa-helper (2.0.9ubuntu1) ...
2026-10-02T12:00:36.2096506Z Selecting previously unselected package cmake-data.
2026-10-02T12:00:36.2333315Z Preparing to unpack .../04-cmake-data_3.22.1-1ubuntu1.22.04.2_all.deb ...
2026-10-02T12:00:36.2481115Z Unpacking cmake-data (3.22.1-1ubuntu1.22.04.2) ...
2026-10-02T12:00:36.7880590Z Selecting previously unselected package cmake.
2026-10-02T12:00:36.8093612Z Preparing to unpack .../05-cmake_3.22.1-1ubuntu1.22.04.2_amd64.deb ...
2026-10-02T12:00:36.8103293Z Unpacking cmake (3.22.1-1ubuntu1.22.04.2) ...
2026-10-02T12:00:36.9276376Z Selecting previously unselected package libabsl20210324:amd64.
2026-10-02T12:00:36.9480131Z Preparing to unpack .../06-libabsl20210324_0~20210324.2-2ubuntu0.3_amd64.deb ...
2026-10-02T12:00:36.9488986Z Unpacking libabsl20210324:amd64 (0~20210324.2-2ubuntu0.3) ...
2026-10-02T12:00:36.9915780Z Selecting previously unselected package libgrpc10:amd64.
2026-10-02T12:00:37.0123548Z Preparing to unpack .../07-libgrpc10_1.30.2-3build6_amd64.deb ...
2026-10-02T12:00:37.0131471Z Unpacking libgrpc10:amd64 (1.30.2-3build6) ...
2026-10-02T12:00:37.0610212Z Selecting previously unselected package libprotobuf23:amd64.
2026-10-02T12:00:37.0813508Z Preparing to unpack .../08-libprotobuf23_3.12.4-1ubuntu7.22.04.6_amd64.deb ...
2026-10-02T12:00:37.0821583Z Unpacking libprotobuf23:amd64 (3.12.4-1ubuntu7.22.04.6) ...
2026-10-02T12:00:37.1176127Z Selecting previously unselected package libgrpc++1:amd64.
2026-10-02T12:00:37.1380588Z Preparing to unpack .../09-libgrpc++1_1.30.2-3build6_amd64.deb ...
2026-10-02T12:00:37.1388472Z Unpacking libgrpc++1:amd64 (1.30.2-3build6) ...
2026-10-02T12:00:37.1691727Z Selecting previously unselected package libgrpc-dev:amd64.
2026-10-02T12:00:37.1892479Z Preparing to unpack .../10-libgrpc-dev_1.30.2-3build6_amd64.deb ...
2026-10-02T12:00:37.1899699Z Unpacking libgrpc-dev:amd64 (1.30.2-3build6) ...
2026-10-02T12:00:37.2617709Z Selecting previously unselected package libgrpc++-dev:amd64.
2026-10-02T12:00:37.2821830Z Preparing to unpack .../11-libgrpc++-dev_1.30.2-3build6_amd64.deb ...
2026-10-02T12:00:37.2829583Z Unpacking libgrpc++-dev:amd64 (1.30.2-3build6) ...
2026-10-02T12:00:37.3611574Z Selecting previously unselected package libpqxx-6.4.
2026-10-02T12:00:37.3815144Z Preparing to unpack .../12-libpqxx-6.4_6.4.5-2build1_amd64.deb ...
2026-10-02T12:00:37.3821791Z Unpacking libpqxx-6.4 (6.4.5-2build1) ...
2026-10-02T12:00:37.4142736Z Selecting previously unselected package libpqxx-dev.
2026-10-02T12:00:37.4344449Z Preparing to unpack .../13-libpqxx-dev_6.4.5-2build1_amd64.deb ...
2026-10-02T12:00:37.4352311Z Unpacking libpqxx-dev (6.4.5-2build1) ...
2026-10-02T12:00:37.4957609Z Selecting previously unselected package libprotoc23:amd64.
2026-10-02T12:00:37.5161679Z Preparing to unpack .../14-libprotoc23_3.12.4-1ubuntu7.22.04.6_amd64.deb ...
2026-10-02T12:00:37.5170215Z Unpacking libprotoc23:amd64 (3.12.4-1ubuntu7.22.04.6) ...
2026-10-02T12:00:37.5485459Z Selecting previously unselected package nlohmann-json3-dev.
2026-10-02T12:00:37.5691401Z Preparing to unpack .../15-nlohmann-json3-dev_3.10.5-2_all.deb ...
2026-10-02T12:00:37.5698296Z Unpacking nlohmann-json3-dev (3.10.5-2) ...
2026-10-02T12:00:37.6560801Z Selecting previously unselected package protobuf-compiler.
2026-10-02T12:00:37.6766256Z Preparing to unpack .../16-protobuf-compiler_3.12.4-1ubuntu7.22.04.6_amd64.deb ...
2026-10-02T12:00:37.6773863Z Unpacking protobuf-compiler (3.12.4-1ubuntu7.22.04.6) ...
2026-10-02T12:00:37.7032495Z Selecting previously unselected package protobuf-compiler-grpc.
2026-10-02T12:00:37.7240853Z Preparing to unpack .../17-protobuf-compiler-grpc_1.30.2-3build6_amd64.deb ...
2026-10-02T12:00:37.7245286Z Unpacking protobuf-compiler-grpc (1.30.2-3build6) ...
2026-10-02T12:00:37.7505922Z Selecting previously unselected package libprotobuf-dev:amd64.
2026-10-02T12:00:37.7708927Z Preparing to unpack .../18-libprotobuf-dev_3.12.4-1ubuntu7.22.04.6_amd64.deb ...
2026-10-02T12:00:37.7715630Z Unpacking libprotobuf-dev:amd64 (3.12.4-1ubuntu7.22.04.6) ...
2026-10-02T12:00:37.8770616Z Setting up libprotobuf23:amd64 (3.12.4-1ubuntu7.22.04.6) ...
2026-10-02T12:00:37.8791027Z Setting up libprotobuf-dev:amd64 (3.12.4-1ubuntu7.22.04.6) ...
2026-10-02T12:00:37.8809207Z Setting up dh-elpa-helper (2.0.9ubuntu1) ...
2026-10-02T12:00:37.8826677Z Setting up libprotoc23:amd64 (3.12.4-1ubuntu7.22.04.6) ...
2026-10-02T12:00:37.8844843Z Setting up libjsoncpp25:amd64 (1.9.5-3) ...
2026-10-02T12:00:37.8862901Z Setting up pkg-config (0.29.2-1ubuntu3) ...
2026-10-02T12:00:37.9218018Z Setting up libabsl20210324:amd64 (0~20210324.2-2ubuntu0.3) ...
2026-10-02T12:00:37.9237359Z Setting up libpqxx-6.4 (6.4.5-2build1) ...
2026-10-02T12:00:37.9257910Z Setting up librhash0:amd64 (1.4.2-1ubuntu1) ...
2026-10-02T12:00:37.9276142Z Setting up cmake-data (3.22.1-1ubuntu1.22.04.2) ...
2026-10-02T12:00:37.9968715Z Setting up nlohmann-json3-dev (3.10.5-2) ...
2026-10-02T12:00:37.9988497Z Setting up libpqxx-dev (6.4.5-2build1) ...
2026-10-02T12:00:38.0007135Z Setting up protobuf-compiler (3.12.4-1ubuntu7.22.04.6) ...
2026-10-02T12:00:38.0024774Z Setting up protobuf-compiler-grpc (1.30.2-3build6) ...
2026-10-02T12:00:38.0044711Z Setting up libgrpc10:amd64 (1.30.2-3build6) ...
2026-10-02T12:00:38.0064419Z Setting up cmake (3.22.1-1ubuntu1.22.04.2) ...
2026-10-02T12:00:38.0082673Z Setting up libgrpc++1:amd64 (1.30.2-3build6) ...
2026-10-02T12:00:38.0101493Z Setting up libgrpc-dev:amd64 (1.30.2-3build6) ...
2026-10-02T12:00:38.0118459Z Setting up libgrpc++-dev:amd64 (1.30.2-3build6) ...
2026-10-02T12:00:38.0143690Z Processing triggers for man-db (2.10.2-1) ...
2026-10-02T12:00:38.0167601Z Not building database; man-db/auto-update is not 'true'.
2026-10-02T12:00:38.0178616Z Processing triggers for libc-bin (2.35-0ubuntu3.15) ...
2026-10-02T12:00:38.7400825Z 
2026-10-02T12:00:38.7401317Z Running kernel seems to be up-to-date.
2026-10-02T12:00:38.7401742Z 
2026-10-02T12:00:38.7410352Z No services need to be restarted.
2026-10-02T12:00:38.7410682Z 
2026-10-02T12:00:38.7410850Z No containers need to be restarted.
2026-10-02T12:00:38.7411173Z 
2026-10-02T12:00:38.7411379Z No user sessions are running outdated binaries.
2026-10-02T12:00:38.7411738Z 
2026-10-02T12:00:38.7412104Z No VM guests are running outdated hypervisor (qemu) binaries on this host.
2026-10-02T12:00:40.4995275Z ##[group]Run cmake -S native/control -B /tmp/build-control -DCMAKE_BUILD_TYPE=Release
2026-10-02T12:00:40.4995940Z [36;1mcmake -S native/control -B /tmp/build-control -DCMAKE_BUILD_TYPE=Release[0m
2026-10-02T12:00:40.5068893Z shell: /usr/bin/bash -e {0}
2026-10-02T12:00:40.5069161Z ##[endgroup]
2026-10-02T12:00:40.6945279Z -- The CXX compiler identification is GNU 11.4.0
2026-10-02T12:00:40.7145164Z -- Detecting CXX compiler ABI info
2026-10-02T12:00:40.7942846Z -- Detecting CXX compiler ABI info - done
2026-10-02T12:00:40.8121566Z -- Check for working CXX compiler: /usr/bin/c++ - skipped
2026-10-02T12:00:40.8128075Z -- Detecting CXX compile features
2026-10-02T12:00:40.8138308Z -- Detecting CXX compile features - done
2026-10-02T12:00:40.8376565Z -- Found PkgConfig: /usr/bin/pkg-config (found version "0.29.2")
2026-10-02T12:00:40.8385732Z -- Checking for module 'grpc++'
2026-10-02T12:00:40.8488812Z --   Found grpc++, version 1.30.2
2026-10-02T12:00:40.8803266Z -- Checking for module 'protobuf'
2026-10-02T12:00:40.8897948Z --   Found protobuf, version 3.12.4
2026-10-02T12:00:40.9127086Z -- Checking for module 'libpqxx'
2026-10-02T12:00:40.9221419Z --   Found libpqxx, version 6.4.5
2026-10-02T12:00:40.9906933Z -- Found OpenSSL: /usr/lib/x86_64-linux-gnu/libcrypto.so (found version "3.0.2")
2026-10-02T12:00:40.9914500Z -- Configuring done (0.4s)
2026-10-02T12:00:40.9971370Z -- Generating done (0.0s)
2026-10-02T12:00:40.9975213Z -- Build files have been written to: /tmp/build-control
2026-10-02T12:00:41.0039674Z ##[group]Run cmake --build /tmp/build-control --parallel
2026-10-02T12:00:41.0040142Z [36;1mcmake --build /tmp/build-control --parallel[0m
2026-10-02T12:00:41.0109849Z shell: /usr/bin/bash -e {0}
2026-10-02T12:00:41.0110120Z ##[endgroup]
2026-10-02T12:00:41.0341140Z [  5%] Generating generated/common.pb.cc, generated/common.grpc.pb.cc, generated/errorcode.pb.cc, generated/errorcode.grpc.pb.cc, generated/taskkind.pb.cc, generated/taskkind.grpc.pb.cc, generated/hotmethod.pb.cc, generated/hotmethod.grpc.pb.cc, generated/healthcheck.pb.cc, generated/healthcheck.grpc.pb.cc, generated/init.pb.cc, generated/init.grpc.pb.cc, generated/control.pb.cc, generated/control.grpc.pb.cc
2026-10-02T12:00:41.0846743Z [ 11%] Building CXX object CMakeFiles/mini-drop-native-control.dir/src/main.cpp.o
2026-10-02T12:00:41.0847746Z [ 17%] Building CXX object CMakeFiles/mini-drop-native-control.dir/generated/common.pb.cc.o
2026-10-02T12:00:41.0860498Z [ 23%] Building CXX object CMakeFiles/mini-drop-native-control.dir/generated/errorcode.pb.cc.o
2026-10-02T12:00:41.0861480Z [ 29%] Building CXX object CMakeFiles/mini-drop-native-control.dir/generated/common.grpc.pb.cc.o
2026-10-02T12:00:41.0898425Z [ 35%] Building CXX object CMakeFiles/mini-drop-native-control.dir/generated/errorcode.grpc.pb.cc.o
2026-10-02T12:00:41.0988710Z [ 41%] Building CXX object CMakeFiles/mini-drop-native-control.dir/generated/taskkind.pb.cc.o
2026-10-02T12:00:41.1033090Z [ 47%] Building CXX object CMakeFiles/mini-drop-native-control.dir/generated/taskkind.grpc.pb.cc.o
2026-10-02T12:00:41.1043247Z [ 52%] Building CXX object CMakeFiles/mini-drop-native-control.dir/generated/hotmethod.pb.cc.o
2026-10-02T12:00:41.1046276Z [ 58%] Building CXX object CMakeFiles/mini-drop-native-control.dir/generated/hotmethod.grpc.pb.cc.o
2026-10-02T12:00:41.1110115Z [ 64%] Building CXX object CMakeFiles/mini-drop-native-control.dir/generated/healthcheck.pb.cc.o
2026-10-02T12:00:41.1270775Z [ 70%] Building CXX object CMakeFiles/mini-drop-native-control.dir/generated/healthcheck.grpc.pb.cc.o
2026-10-02T12:00:41.1321013Z [ 76%] Building CXX object CMakeFiles/mini-drop-native-control.dir/generated/init.pb.cc.o
2026-10-02T12:00:41.1426913Z [ 82%] Building CXX object CMakeFiles/mini-drop-native-control.dir/generated/control.grpc.pb.cc.o
2026-10-02T12:00:41.1500297Z [ 88%] Building CXX object CMakeFiles/mini-drop-native-control.dir/generated/init.grpc.pb.cc.o
2026-10-02T12:00:41.1541873Z [ 94%] Building CXX object CMakeFiles/mini-drop-native-control.dir/generated/control.pb.cc.o
2026-10-02T12:00:44.9750517Z In file included from /tmp/build-control/generated/hotmethod.pb.cc:4:
2026-10-02T12:00:44.9868149Z /tmp/build-control/generated/hotmethod.pb.h: In member function ‘mini_drop::RecordArgv* mini_drop::TaskDesc::release_sample_argv()’:
2026-10-02T12:00:44.9971666Z /tmp/build-control/generated/hotmethod.pb.h:3159:47: warning: ‘mini_drop::RecordArgv* mini_drop::TaskDesc::unsafe_arena_release_sample_argv()’ is deprecated [-Wdeprecated-declarations]
2026-10-02T12:00:45.0030106Z  3159 |   auto temp = unsafe_arena_release_sample_argv();
2026-10-02T12:00:45.0109967Z       |               ~~~~~~~~~~~~~~~~~~~~~~~~~~~~~~~~^~
2026-10-02T12:00:45.0170170Z /tmp/build-control/generated/hotmethod.pb.h:449:48: note: declared here
2026-10-02T12:00:45.0203539Z   449 |   PROTOBUF_DEPRECATED ::mini_drop::RecordArgv* unsafe_arena_release_sample_argv();
2026-10-02T12:00:45.0270019Z       |                                                ^~~~~~~~~~~~~~~~~~~~~~~~~~~~~~~~
2026-10-02T12:00:45.0361115Z /tmp/build-control/generated/hotmethod.pb.h: In member function ‘mini_drop::CosConfig* mini_drop::TaskDesc::release_cos_config()’:
2026-10-02T12:00:45.0391296Z /tmp/build-control/generated/hotmethod.pb.h:3355:46: warning: ‘mini_drop::CosConfig* mini_drop::TaskDesc::unsafe_arena_release_cos_config()’ is deprecated [-Wdeprecated-declarations]
2026-10-02T12:00:45.0480025Z  3355 |   auto temp = unsafe_arena_release_cos_config();
2026-10-02T12:00:45.0530359Z       |               ~~~~~~~~~~~~~~~~~~~~~~~~~~~~~~~^~
2026-10-02T12:00:45.0585012Z /tmp/build-control/generated/hotmethod.pb.h:467:47: note: declared here
2026-10-02T12:00:45.0680237Z   467 |   PROTOBUF_DEPRECATED ::mini_drop::CosConfig* unsafe_arena_release_cos_config();
2026-10-02T12:00:45.0719945Z       |                                               ^~~~~~~~~~~~~~~~~~~~~~~~~~~~~~~
2026-10-02T12:00:45.0770162Z In file included from /tmp/build-control/generated/hotmethod.grpc.pb.cc:5:
2026-10-02T12:00:45.0772064Z /tmp/build-control/generated/hotmethod.pb.h: In member function ‘mini_drop::RecordArgv* mini_drop::TaskDesc::release_sample_argv()’:
2026-10-02T12:00:45.0774635Z /tmp/build-control/generated/hotmethod.pb.h:3159:47: warning: ‘mini_drop::RecordArgv* mini_drop::TaskDesc::unsafe_arena_release_sample_argv()’ is deprecated [-Wdeprecated-declarations]
2026-10-02T12:00:45.0776239Z  3159 |   auto temp = unsafe_arena_release_sample_argv();
2026-10-02T12:00:45.0776865Z       |               ~~~~~~~~~~~~~~~~~~~~~~~~~~~~~~~~^~
2026-10-02T12:00:45.0777644Z /tmp/build-control/generated/hotmethod.pb.h:449:48: note: declared here
2026-10-02T12:00:45.0778701Z   449 |   PROTOBUF_DEPRECATED ::mini_drop::RecordArgv* unsafe_arena_release_sample_argv();
2026-10-02T12:00:45.0779928Z       |                                                ^~~~~~~~~~~~~~~~~~~~~~~~~~~~~~~~
2026-10-02T12:00:45.0781487Z /tmp/build-control/generated/hotmethod.pb.h: In member function ‘mini_drop::CosConfig* mini_drop::TaskDesc::release_cos_config()’:
2026-10-02T12:00:45.0783982Z /tmp/build-control/generated/hotmethod.pb.h:3355:46: warning: ‘mini_drop::CosConfig* mini_drop::TaskDesc::unsafe_arena_release_cos_config()’ is deprecated [-Wdeprecated-declarations]
2026-10-02T12:00:45.0785520Z  3355 |   auto temp = unsafe_arena_release_cos_config();
2026-10-02T12:00:45.0786113Z       |               ~~~~~~~~~~~~~~~~~~~~~~~~~~~~~~~^~
2026-10-02T12:00:45.0786809Z /tmp/build-control/generated/hotmethod.pb.h:467:47: note: declared here
2026-10-02T12:00:45.0787880Z   467 |   PROTOBUF_DEPRECATED ::mini_drop::CosConfig* unsafe_arena_release_cos_config();
2026-10-02T12:00:45.0788705Z       |                                               ^~~~~~~~~~~~~~~~~~~~~~~~~~~~~~~
2026-10-02T12:00:45.2441297Z /tmp/build-control/generated/hotmethod.pb.cc: In member function ‘virtual google::protobuf::uint8* mini_drop::TaskDesc::_InternalSerialize(google::protobuf::uint8*, google::protobuf::io::EpsCopyOutputStream*) const’:
2026-10-02T12:00:45.2561262Z /tmp/build-control/generated/hotmethod.pb.cc:1228:28: warning: ‘bool mini_drop::TaskDesc::has_sample_argv() const’ is deprecated [-Wdeprecated-declarations]
2026-10-02T12:00:45.2640027Z  1228 |   if (this->has_sample_argv()) {
2026-10-02T12:00:45.2734671Z       |       ~~~~~~~~~~~~~~~~~~~~~^~
2026-10-02T12:00:45.2770101Z In file included from /tmp/build-control/generated/hotmethod.pb.cc:4:
2026-10-02T12:00:45.2910282Z /tmp/build-control/generated/hotmethod.pb.h:3127:13: note: declared here
2026-10-02T12:00:45.2964004Z  3127 | inline bool TaskDesc::has_sample_argv() const {
2026-10-02T12:00:45.3050028Z       |             ^~~~~~~~
2026-10-02T12:00:45.3141340Z /tmp/build-control/generated/hotmethod.pb.cc:1258:27: warning: ‘bool mini_drop::TaskDesc::has_cos_config() const’ is deprecated [-Wdeprecated-declarations]
2026-10-02T12:00:45.3192287Z  1258 |   if (this->has_cos_config()) {
2026-10-02T12:00:45.3299911Z       |       ~~~~~~~~~~~~~~~~~~~~^~
2026-10-02T12:00:45.3410257Z In file included from /tmp/build-control/generated/hotmethod.pb.cc:4:
2026-10-02T12:00:45.3434508Z /tmp/build-control/generated/hotmethod.pb.h:3329:13: note: declared here
2026-10-02T12:00:45.3540220Z  3329 | inline bool TaskDesc::has_cos_config() const {
2026-10-02T12:00:45.3659937Z       |             ^~~~~~~~
2026-10-02T12:00:45.3721094Z /tmp/build-control/generated/hotmethod.pb.cc: In member function ‘virtual size_t mini_drop::TaskDesc::ByteSizeLong() const’:
2026-10-02T12:00:45.3782218Z /tmp/build-control/generated/hotmethod.pb.cc:1451:28: warning: ‘bool mini_drop::TaskDesc::has_sample_argv() const’ is deprecated [-Wdeprecated-declarations]
2026-10-02T12:00:45.3839912Z  1451 |   if (this->has_sample_argv()) {
2026-10-02T12:00:45.3849847Z       |       ~~~~~~~~~~~~~~~~~~~~~^~
2026-10-02T12:00:45.3910078Z In file included from /tmp/build-control/generated/hotmethod.pb.cc:4:
2026-10-02T12:00:45.3960109Z /tmp/build-control/generated/hotmethod.pb.h:3127:13: note: declared here
2026-10-02T12:00:45.3990137Z  3127 | inline bool TaskDesc::has_sample_argv() const {
2026-10-02T12:00:45.4019810Z       |             ^~~~~~~~
2026-10-02T12:00:45.4081167Z /tmp/build-control/generated/hotmethod.pb.cc:1458:27: warning: ‘bool mini_drop::TaskDesc::has_cos_config() const’ is deprecated [-Wdeprecated-declarations]
2026-10-02T12:00:45.4169994Z  1458 |   if (this->has_cos_config()) {
2026-10-02T12:00:45.4249886Z       |       ~~~~~~~~~~~~~~~~~~~~^~
2026-10-02T12:00:45.4350113Z In file included from /tmp/build-control/generated/hotmethod.pb.cc:4:
2026-10-02T12:00:45.4400174Z /tmp/build-control/generated/hotmethod.pb.h:3329:13: note: declared here
2026-10-02T12:00:45.4401369Z  3329 | inline bool TaskDesc::has_cos_config() const {
2026-10-02T12:00:45.4429938Z       |             ^~~~~~~~
2026-10-02T12:00:45.4440939Z /tmp/build-control/generated/hotmethod.pb.cc: In member function ‘void mini_drop::TaskDesc::MergeFrom(const mini_drop::TaskDesc&)’:
2026-10-02T12:00:45.4491067Z /tmp/build-control/generated/hotmethod.pb.cc:1609:27: warning: ‘bool mini_drop::TaskDesc::has_sample_argv() const’ is deprecated [-Wdeprecated-declarations]
2026-10-02T12:00:45.4492627Z  1609 |   if (from.has_sample_argv()) {
2026-10-02T12:00:45.4510145Z       |       ~~~~~~~~~~~~~~~~~~~~^~
2026-10-02T12:00:45.4550045Z In file included from /tmp/build-control/generated/hotmethod.pb.cc:4:
2026-10-02T12:00:45.4580077Z /tmp/build-control/generated/hotmethod.pb.h:3127:13: note: declared here
2026-10-02T12:00:45.4581216Z  3127 | inline bool TaskDesc::has_sample_argv() const {
2026-10-02T12:00:45.4609931Z       |             ^~~~~~~~
2026-10-02T12:00:45.4631068Z /tmp/build-control/generated/hotmethod.pb.cc:1612:26: warning: ‘bool mini_drop::TaskDesc::has_cos_config() const’ is deprecated [-Wdeprecated-declarations]
2026-10-02T12:00:45.4669910Z  1612 |   if (from.has_cos_config()) {
2026-10-02T12:00:45.4688855Z       |       ~~~~~~~~~~~~~~~~~~~^~
2026-10-02T12:00:45.4720050Z In file included from /tmp/build-control/generated/hotmethod.pb.cc:4:
2026-10-02T12:00:45.4750067Z /tmp/build-control/generated/hotmethod.pb.h:3329:13: note: declared here
2026-10-02T12:00:45.4751193Z  3329 | inline bool TaskDesc::has_cos_config() const {
2026-10-02T12:00:45.4780051Z       |             ^~~~~~~~
2026-10-02T12:00:45.4811658Z /tmp/build-control/generated/common.pb.cc: In member function ‘virtual google::protobuf::uint8* mini_drop::CosConfig::_InternalSerialize(google::protobuf::uint8*, google::protobuf::io::EpsCopyOutputStream*) const’:
2026-10-02T12:00:45.4841154Z /tmp/build-control/generated/common.pb.cc:664:23: warning: ‘const string& mini_drop::CosConfig::access_key() const’ is deprecated [-Wdeprecated-declarations]
2026-10-02T12:00:45.4842804Z   664 |   if (this->access_key().size() > 0) {
2026-10-02T12:00:45.4869986Z       |       ~~~~~~~~~~~~~~~~^~
2026-10-02T12:00:45.4890053Z In file included from /tmp/build-control/generated/common.pb.cc:4:
2026-10-02T12:00:45.4930180Z /tmp/build-control/generated/common.pb.h:1130:27: note: declared here
2026-10-02T12:00:45.4931505Z  1130 | inline const std::string& CosConfig::access_key() const {
2026-10-02T12:00:45.4960047Z       |                           ^~~~~~~~~
2026-10-02T12:00:45.5001095Z /tmp/build-control/generated/common.pb.cc:674:23: warning: ‘const string& mini_drop::CosConfig::secret_key() const’ is deprecated [-Wdeprecated-declarations]
2026-10-02T12:00:45.5009919Z   674 |   if (this->secret_key().size() > 0) {
2026-10-02T12:00:45.5059834Z       |       ~~~~~~~~~~~~~~~~^~
2026-10-02T12:00:45.5060744Z In file included from /tmp/build-control/generated/common.pb.cc:4:
2026-10-02T12:00:45.5090446Z /tmp/build-control/generated/common.pb.h:1211:27: note: declared here
2026-10-02T12:00:45.5120045Z  1211 | inline const std::string& CosConfig::secret_key() const {
2026-10-02T12:00:45.5120943Z       |                           ^~~~~~~~~
2026-10-02T12:00:45.5150945Z /tmp/build-control/generated/common.pb.cc: In member function ‘virtual size_t mini_drop::CosConfig::ByteSizeLong() const’:
2026-10-02T12:00:45.5161012Z /tmp/build-control/generated/common.pb.cc:727:23: warning: ‘const string& mini_drop::CosConfig::access_key() const’ is deprecated [-Wdeprecated-declarations]
2026-10-02T12:00:45.5209909Z   727 |   if (this->access_key().size() > 0) {
2026-10-02T12:00:45.5210773Z       |       ~~~~~~~~~~~~~~~~^~
2026-10-02T12:00:45.5245217Z In file included from /tmp/build-control/generated/common.pb.cc:4:
2026-10-02T12:00:45.5270064Z /tmp/build-control/generated/common.pb.h:1130:27: note: declared here
2026-10-02T12:00:45.5280058Z  1130 | inline const std::string& CosConfig::access_key() const {
2026-10-02T12:00:45.5369955Z       |                           ^~~~~~~~~
2026-10-02T12:00:45.5372152Z /tmp/build-control/generated/common.pb.cc:734:23: warning: ‘const string& mini_drop::CosConfig::secret_key() const’ is deprecated [-Wdeprecated-declarations]
2026-10-02T12:00:45.5400180Z   734 |   if (this->secret_key().size() > 0) {
2026-10-02T12:00:45.5409804Z       |       ~~~~~~~~~~~~~~~~^~
2026-10-02T12:00:45.5460030Z In file included from /tmp/build-control/generated/common.pb.cc:4:
2026-10-02T12:00:45.5461176Z /tmp/build-control/generated/common.pb.h:1211:27: note: declared here
2026-10-02T12:00:45.5490108Z  1211 | inline const std::string& CosConfig::secret_key() const {
2026-10-02T12:00:45.5519863Z       |                           ^~~~~~~~~
2026-10-02T12:00:45.5551063Z /tmp/build-control/generated/common.pb.cc: In member function ‘void mini_drop::CosConfig::MergeFrom(const mini_drop::CosConfig&)’:
2026-10-02T12:00:45.5581288Z /tmp/build-control/generated/common.pb.cc:788:22: warning: ‘const string& mini_drop::CosConfig::access_key() const’ is deprecated [-Wdeprecated-declarations]
2026-10-02T12:00:45.5639880Z   788 |   if (from.access_key().size() > 0) {
2026-10-02T12:00:45.5669870Z       |       ~~~~~~~~~~~~~~~^~
2026-10-02T12:00:45.5670825Z In file included from /tmp/build-control/generated/common.pb.cc:4:
2026-10-02T12:00:45.5700259Z /tmp/build-control/generated/common.pb.h:1130:27: note: declared here
2026-10-02T12:00:45.5730128Z  1130 | inline const std::string& CosConfig::access_key() const {
2026-10-02T12:00:45.5759849Z       |                           ^~~~~~~~~
2026-10-02T12:00:45.5761907Z /tmp/build-control/generated/common.pb.cc:791:22: warning: ‘const string& mini_drop::CosConfig::secret_key() const’ is deprecated [-Wdeprecated-declarations]
2026-10-02T12:00:45.5790185Z   791 |   if (from.secret_key().size() > 0) {
2026-10-02T12:00:45.5819915Z       |       ~~~~~~~~~~~~~~~^~
2026-10-02T12:00:45.5830128Z In file included from /tmp/build-control/generated/common.pb.cc:4:
2026-10-02T12:00:45.5850273Z /tmp/build-control/generated/common.pb.h:1211:27: note: declared here
2026-10-02T12:00:45.5880338Z  1211 | inline const std::string& CosConfig::secret_key() const {
2026-10-02T12:00:45.5909836Z       |                           ^~~~~~~~~
2026-10-02T12:00:45.5939283Z In file included from /tmp/build-control/generated/control.pb.h:36,
2026-10-02T12:00:45.5987468Z                  from /tmp/build-control/generated/control.grpc.pb.cc:5:
2026-10-02T12:00:45.6031165Z /tmp/build-control/generated/hotmethod.pb.h: In member function ‘mini_drop::RecordArgv* mini_drop::TaskDesc::release_sample_argv()’:
2026-10-02T12:00:45.6051478Z /tmp/build-control/generated/hotmethod.pb.h:3159:47: warning: ‘mini_drop::RecordArgv* mini_drop::TaskDesc::unsafe_arena_release_sample_argv()’ is deprecated [-Wdeprecated-declarations]
2026-10-02T12:00:45.6099976Z  3159 |   auto temp = unsafe_arena_release_sample_argv();
2026-10-02T12:00:45.6100634Z       |               ~~~~~~~~~~~~~~~~~~~~~~~~~~~~~~~~^~
2026-10-02T12:00:45.6130283Z /tmp/build-control/generated/hotmethod.pb.h:449:48: note: declared here
2026-10-02T12:00:45.6160658Z   449 |   PROTOBUF_DEPRECATED ::mini_drop::RecordArgv* unsafe_arena_release_sample_argv();
2026-10-02T12:00:45.6189907Z       |                                                ^~~~~~~~~~~~~~~~~~~~~~~~~~~~~~~~
2026-10-02T12:00:45.6191842Z /tmp/build-control/generated/hotmethod.pb.h: In member function ‘mini_drop::CosConfig* mini_drop::TaskDesc::release_cos_config()’:
2026-10-02T12:00:45.6221395Z /tmp/build-control/generated/hotmethod.pb.h:3355:46: warning: ‘mini_drop::CosConfig* mini_drop::TaskDesc::unsafe_arena_release_cos_config()’ is deprecated [-Wdeprecated-declarations]
2026-10-02T12:00:45.6250132Z  3355 |   auto temp = unsafe_arena_release_cos_config();
2026-10-02T12:00:45.6279860Z       |               ~~~~~~~~~~~~~~~~~~~~~~~~~~~~~~~^~
2026-10-02T12:00:45.6280603Z /tmp/build-control/generated/hotmethod.pb.h:467:47: note: declared here
2026-10-02T12:00:45.6310384Z   467 |   PROTOBUF_DEPRECATED ::mini_drop::CosConfig* unsafe_arena_release_cos_config();
2026-10-02T12:00:45.6340088Z       |                                               ^~~~~~~~~~~~~~~~~~~~~~~~~~~~~~~
2026-10-02T12:00:45.6341045Z In file included from /tmp/build-control/generated/control.pb.h:36,
2026-10-02T12:00:45.6370225Z                  from /tmp/build-control/generated/control.pb.cc:4:
2026-10-02T12:00:45.6401060Z /tmp/build-control/generated/hotmethod.pb.h: In member function ‘mini_drop::RecordArgv* mini_drop::TaskDesc::release_sample_argv()’:
2026-10-02T12:00:45.6431305Z /tmp/build-control/generated/hotmethod.pb.h:3159:47: warning: ‘mini_drop::RecordArgv* mini_drop::TaskDesc::unsafe_arena_release_sample_argv()’ is deprecated [-Wdeprecated-declarations]
2026-10-02T12:00:45.6459967Z  3159 |   auto temp = unsafe_arena_release_sample_argv();
2026-10-02T12:00:45.6460596Z       |               ~~~~~~~~~~~~~~~~~~~~~~~~~~~~~~~~^~
2026-10-02T12:00:45.6490265Z /tmp/build-control/generated/hotmethod.pb.h:449:48: note: declared here
2026-10-02T12:00:45.6520275Z   449 |   PROTOBUF_DEPRECATED ::mini_drop::RecordArgv* unsafe_arena_release_sample_argv();
2026-10-02T12:00:45.6549932Z       |                                                ^~~~~~~~~~~~~~~~~~~~~~~~~~~~~~~~
2026-10-02T12:00:45.6551561Z /tmp/build-control/generated/hotmethod.pb.h: In member function ‘mini_drop::CosConfig* mini_drop::TaskDesc::release_cos_config()’:
2026-10-02T12:00:45.6581312Z /tmp/build-control/generated/hotmethod.pb.h:3355:46: warning: ‘mini_drop::CosConfig* mini_drop::TaskDesc::unsafe_arena_release_cos_config()’ is deprecated [-Wdeprecated-declarations]
2026-10-02T12:00:45.6609926Z  3355 |   auto temp = unsafe_arena_release_cos_config();
2026-10-02T12:00:45.6639861Z       |               ~~~~~~~~~~~~~~~~~~~~~~~~~~~~~~~^~
2026-10-02T12:00:45.6640872Z /tmp/build-control/generated/hotmethod.pb.h:467:47: note: declared here
2026-10-02T12:00:45.6670344Z   467 |   PROTOBUF_DEPRECATED ::mini_drop::CosConfig* unsafe_arena_release_cos_config();
2026-10-02T12:00:45.6699926Z       |                                               ^~~~~~~~~~~~~~~~~~~~~~~~~~~~~~~
2026-10-02T12:00:45.6700862Z In file included from /tmp/build-control/generated/healthcheck.pb.h:37,
2026-10-02T12:00:45.6730275Z                  from /tmp/build-control/generated/healthcheck.grpc.pb.cc:5:
2026-10-02T12:00:45.6760973Z /tmp/build-control/generated/hotmethod.pb.h: In member function ‘mini_drop::RecordArgv* mini_drop::TaskDesc::release_sample_argv()’:
2026-10-02T12:00:45.6791208Z /tmp/build-control/generated/hotmethod.pb.h:3159:47: warning: ‘mini_drop::RecordArgv* mini_drop::TaskDesc::unsafe_arena_release_sample_argv()’ is deprecated [-Wdeprecated-declarations]
2026-10-02T12:00:45.6793055Z  3159 |   auto temp = unsafe_arena_release_sample_argv();
2026-10-02T12:00:45.6820052Z       |               ~~~~~~~~~~~~~~~~~~~~~~~~~~~~~~~~^~
2026-10-02T12:00:45.6850268Z /tmp/build-control/generated/hotmethod.pb.h:449:48: note: declared here
2026-10-02T12:00:45.6880157Z   449 |   PROTOBUF_DEPRECATED ::mini_drop::RecordArgv* unsafe_arena_release_sample_argv();
2026-10-02T12:00:45.6882199Z       |                                                ^~~~~~~~~~~~~~~~~~~~~~~~~~~~~~~~
2026-10-02T12:00:45.6911017Z /tmp/build-control/generated/hotmethod.pb.h: In member function ‘mini_drop::CosConfig* mini_drop::TaskDesc::release_cos_config()’:
2026-10-02T12:00:45.6941236Z /tmp/build-control/generated/hotmethod.pb.h:3355:46: warning: ‘mini_drop::CosConfig* mini_drop::TaskDesc::unsafe_arena_release_cos_config()’ is deprecated [-Wdeprecated-declarations]
2026-10-02T12:00:45.7086103Z  3355 |   auto temp = unsafe_arena_release_cos_config();
2026-10-02T12:00:45.7086806Z       |               ~~~~~~~~~~~~~~~~~~~~~~~~~~~~~~~^~
2026-10-02T12:00:45.7087546Z /tmp/build-control/generated/hotmethod.pb.h:467:47: note: declared here
2026-10-02T12:00:45.7088538Z   467 |   PROTOBUF_DEPRECATED ::mini_drop::CosConfig* unsafe_arena_release_cos_config();
2026-10-02T12:00:45.7089630Z       |                                               ^~~~~~~~~~~~~~~~~~~~~~~~~~~~~~~
2026-10-02T12:00:45.7090457Z In file included from /tmp/build-control/generated/healthcheck.pb.h:37,
2026-10-02T12:00:45.7091256Z                  from /tmp/build-control/generated/healthcheck.pb.cc:4:
2026-10-02T12:00:45.7092810Z /tmp/build-control/generated/hotmethod.pb.h: In member function ‘mini_drop::RecordArgv* mini_drop::TaskDesc::release_sample_argv()’:
2026-10-02T12:00:45.7095252Z /tmp/build-control/generated/hotmethod.pb.h:3159:47: warning: ‘mini_drop::RecordArgv* mini_drop::TaskDesc::unsafe_arena_release_sample_argv()’ is deprecated [-Wdeprecated-declarations]
2026-10-02T12:00:45.7096836Z  3159 |   auto temp = unsafe_arena_release_sample_argv();
2026-10-02T12:00:45.7097450Z       |               ~~~~~~~~~~~~~~~~~~~~~~~~~~~~~~~~^~
2026-10-02T12:00:45.7098183Z /tmp/build-control/generated/hotmethod.pb.h:449:48: note: declared here
2026-10-02T12:00:45.7099188Z   449 |   PROTOBUF_DEPRECATED ::mini_drop::RecordArgv* unsafe_arena_release_sample_argv();
2026-10-02T12:00:45.7100285Z       |                                                ^~~~~~~~~~~~~~~~~~~~~~~~~~~~~~~~
2026-10-02T12:00:45.7101794Z /tmp/build-control/generated/hotmethod.pb.h: In member function ‘mini_drop::CosConfig* mini_drop::TaskDesc::release_cos_config()’:
2026-10-02T12:00:45.7104096Z /tmp/build-control/generated/hotmethod.pb.h:3355:46: warning: ‘mini_drop::CosConfig* mini_drop::TaskDesc::unsafe_arena_release_cos_config()’ is deprecated [-Wdeprecated-declarations]
2026-10-02T12:00:45.7105582Z  3355 |   auto temp = unsafe_arena_release_cos_config();
2026-10-02T12:00:45.7106172Z       |               ~~~~~~~~~~~~~~~~~~~~~~~~~~~~~~~^~
2026-10-02T12:00:45.7106895Z /tmp/build-control/generated/hotmethod.pb.h:467:47: note: declared here
2026-10-02T12:00:45.7107892Z   467 |   PROTOBUF_DEPRECATED ::mini_drop::CosConfig* unsafe_arena_release_cos_config();
2026-10-02T12:00:45.7108744Z       |                                               ^~~~~~~~~~~~~~~~~~~~~~~~~~~~~~~
2026-10-02T12:00:48.3340508Z In file included from /tmp/build-control/generated/healthcheck.pb.h:37,
2026-10-02T12:00:48.3390280Z                  from /tmp/build-control/generated/healthcheck.grpc.pb.h:15,
2026-10-02T12:00:48.3510341Z                  from /home/runner/work/mini-drop/mini-drop/native/control/src/main.cpp:10:
2026-10-02T12:00:48.3551319Z /tmp/build-control/generated/hotmethod.pb.h: In member function ‘mini_drop::RecordArgv* mini_drop::TaskDesc::release_sample_argv()’:
2026-10-02T12:00:48.3591938Z /tmp/build-control/generated/hotmethod.pb.h:3159:47: warning: ‘mini_drop::RecordArgv* mini_drop::TaskDesc::unsafe_arena_release_sample_argv()’ is deprecated [-Wdeprecated-declarations]
2026-10-02T12:00:48.3660067Z  3159 |   auto temp = unsafe_arena_release_sample_argv();
2026-10-02T12:00:48.3749968Z       |               ~~~~~~~~~~~~~~~~~~~~~~~~~~~~~~~~^~
2026-10-02T12:00:48.3810123Z /tmp/build-control/generated/hotmethod.pb.h:449:48: note: declared here
2026-10-02T12:00:48.3890405Z   449 |   PROTOBUF_DEPRECATED ::mini_drop::RecordArgv* unsafe_arena_release_sample_argv();
2026-10-02T12:00:48.3930307Z       |                                                ^~~~~~~~~~~~~~~~~~~~~~~~~~~~~~~~
2026-10-02T12:00:48.4017173Z /tmp/build-control/generated/hotmethod.pb.h: In member function ‘mini_drop::CosConfig* mini_drop::TaskDesc::release_cos_config()’:
2026-10-02T12:00:48.4051300Z /tmp/build-control/generated/hotmethod.pb.h:3355:46: warning: ‘mini_drop::CosConfig* mini_drop::TaskDesc::unsafe_arena_release_cos_config()’ is deprecated [-Wdeprecated-declarations]
2026-10-02T12:00:48.4090094Z  3355 |   auto temp = unsafe_arena_release_cos_config();
2026-10-02T12:00:48.4189925Z       |               ~~~~~~~~~~~~~~~~~~~~~~~~~~~~~~~^~
2026-10-02T12:00:48.4210176Z /tmp/build-control/generated/hotmethod.pb.h:467:47: note: declared here
2026-10-02T12:00:48.4211215Z   467 |   PROTOBUF_DEPRECATED ::mini_drop::CosConfig* unsafe_arena_release_cos_config();
2026-10-02T12:00:48.4212069Z       |                                               ^~~~~~~~~~~~~~~~~~~~~~~~~~~~~~~
2026-10-02T12:00:52.0034261Z /home/runner/work/mini-drop/mini-drop/native/control/src/main.cpp: In member function ‘virtual grpc::Status {anonymous}::HealthService::Do(grpc::ServerContext*, const mini_drop::HealthCheckRequest*, mini_drop::HealthCheckResponse*)’:
2026-10-02T12:00:52.0092280Z /home/runner/work/mini-drop/mini-drop/native/control/src/main.cpp:894:47: warning: ‘mini_drop::RecordArgv* mini_drop::TaskDesc::mutable_sample_argv()’ is deprecated [-Wdeprecated-declarations]
2026-10-02T12:00:52.0161106Z   894 |       auto* sample = desc->mutable_sample_argv();
2026-10-02T12:00:52.0190801Z       |                      ~~~~~~~~~~~~~~~~~~~~~~~~~^~
2026-10-02T12:00:52.0191580Z In file included from /tmp/build-control/generated/healthcheck.pb.h:37,
2026-10-02T12:00:52.0212941Z                  from /tmp/build-control/generated/healthcheck.grpc.pb.h:15,
2026-10-02T12:00:52.0233848Z                  from /home/runner/work/mini-drop/mini-drop/native/control/src/main.cpp:10:
2026-10-02T12:00:52.0260226Z /tmp/build-control/generated/hotmethod.pb.h:3180:33: note: declared here
2026-10-02T12:00:52.0290094Z  3180 | inline ::mini_drop::RecordArgv* TaskDesc::mutable_sample_argv() {
2026-10-02T12:00:52.0290811Z       |                                 ^~~~~~~~
2026-10-02T12:00:59.1466990Z [100%] Linking CXX executable mini-drop-native-control
2026-10-02T12:00:59.3424383Z [100%] Built target mini-drop-native-control
2026-10-02T12:00:59.3629058Z Post job cleanup.
2026-10-02T12:00:59.4516065Z [command]/usr/bin/git version
2026-10-02T12:00:59.4563057Z git version 2.55.0
2026-10-02T12:00:59.4601321Z Temporarily overriding HOME='/home/runner/work/_temp/b10bd31c-2ff7-40b8-8c2d-09f363b0158d' before making global git config changes
2026-10-02T12:00:59.4602782Z Adding repository directory to the temporary git global config as a safe directory
2026-10-02T12:00:59.4606059Z [command]/usr/bin/git config --global --add safe.directory /home/runner/work/mini-drop/mini-drop
2026-10-02T12:00:59.4649775Z [command]/usr/bin/git config --local --name-only --get-regexp core\.sshCommand
2026-10-02T12:00:59.4688401Z [command]/usr/bin/git submodule foreach --recursive sh -c "git config --local --name-only --get-regexp 'core\.sshCommand' && git config --local --unset-all 'core.sshCommand' || :"
2026-10-02T12:00:59.4995383Z [command]/usr/bin/git config --local --name-only --get-regexp http\.https\:\/\/github\.com\/\.extraheader
2026-10-02T12:00:59.5036663Z http.https://github.com/.extraheader
2026-10-02T12:00:59.5048959Z [command]/usr/bin/git config --local --unset-all http.https://github.com/.extraheader
2026-10-02T12:00:59.5095166Z [command]/usr/bin/git submodule foreach --recursive sh -c "git config --local --name-only --get-regexp 'http\.https\:\/\/github\.com\/\.extraheader' && git config --local --unset-all 'http.https://github.com/.extraheader' || :"
2026-10-02T12:00:59.5401571Z [command]/usr/bin/git config --local --name-only --get-regexp ^includeIf\.gitdir:
2026-10-02T12:00:59.5456368Z [command]/usr/bin/git submodule foreach --recursive git config --local --show-origin --name-only --get-regexp remote.origin.url
2026-10-02T12:00:59.5896773Z Cleaning up orphan processes
2026-10-02T12:00:59.6244534Z ##[warning]Node.js 20 is deprecated. The following actions target Node.js 20 but are being forced to run on Node.js 24: actions/checkout@v4. For more information see: https://github.blog/changelog/2025-09-19-deprecation-of-node-20-on-github-actions-runners/
