2026-10-02T12:00:18.0428340Z Current runner version: '2.337.0'
2026-10-02T12:00:18.0442749Z ##[group]Runner Image Provisioner
2026-10-02T12:00:18.0443268Z Hosted Compute Agent
2026-10-02T12:00:18.0443595Z Version: 20260901.588
2026-10-02T12:00:18.0443933Z Commit: f88ec8081b781fac6c440065ac7ff9e710ce3d0b
2026-10-02T12:00:18.0444384Z Build Date: 2026-09-01T19:56:44Z
2026-10-02T12:00:18.0444761Z Worker ID: {c69f189f-bba2-40bf-aea5-c4e82d69c124}
2026-10-02T12:00:18.0445162Z Azure Region: westus3
2026-10-02T12:00:18.0445479Z ##[endgroup]
2026-10-02T12:00:18.0446368Z ##[group]Operating System
2026-10-02T12:00:18.0446742Z Ubuntu
2026-10-02T12:00:18.0447022Z 22.04.5
2026-10-02T12:00:18.0447305Z LTS
2026-10-02T12:00:18.0447594Z ##[endgroup]
2026-10-02T12:00:18.0447892Z ##[group]Runner Image
2026-10-02T12:00:18.0448251Z Image: ubuntu-22.04
2026-10-02T12:00:18.0448558Z Version: 20260927.309.1
2026-10-02T12:00:18.0449258Z Included Software: https://github.com/actions/runner-images/blob/ubuntu22/20260927.309/images/ubuntu/Ubuntu2204-Readme.md
2026-10-02T12:00:18.0450067Z Image Release: https://github.com/actions/runner-images/releases/tag/ubuntu22%2F20260927.309
2026-10-02T12:00:18.0450612Z ##[endgroup]
2026-10-02T12:00:18.0451247Z ##[group]GITHUB_TOKEN Permissions
2026-10-02T12:00:18.0452380Z Contents: read
2026-10-02T12:00:18.0452686Z Metadata: read
2026-10-02T12:00:18.0453020Z Packages: read
2026-10-02T12:00:18.0453328Z ##[endgroup]
2026-10-02T12:00:18.0454490Z Secret source: Actions
2026-10-02T12:00:18.0455026Z Cache mode: write
2026-10-02T12:00:18.0455397Z Prepare workflow directory
2026-10-02T12:00:18.0646464Z Prepare all required actions
2026-10-02T12:00:18.0676132Z Getting action download info
2026-10-02T12:00:18.3962609Z Download action repository 'actions/checkout@v4' (SHA:11d5960a326750d5838078e36cf38b85af677262)
2026-10-02T12:00:18.4583711Z Download action repository 'actions/setup-python@v5' (SHA:a26af69be951a213d495a4c3e4e4022e16d87065)
2026-10-02T12:00:18.6555455Z Download action repository 'actions/upload-artifact@v4' (SHA:ea165f8d65b6e75b540449e92b4886f43607fa02)
2026-10-02T12:00:18.8748112Z Complete job name: Real Python Java C++ observation windows
2026-10-02T12:00:18.9106497Z ##[group]Run actions/checkout@v4
2026-10-02T12:00:18.9106909Z with:
2026-10-02T12:00:18.9107145Z   repository: llongwang751-arch/mini-drop
2026-10-02T12:00:18.9109227Z   token: ***
2026-10-02T12:00:18.9109447Z   ssh-strict: true
2026-10-02T12:00:18.9109669Z   ssh-user: git
2026-10-02T12:00:18.9109896Z   persist-credentials: true
2026-10-02T12:00:18.9110143Z   clean: true
2026-10-02T12:00:18.9110369Z   sparse-checkout-cone-mode: true
2026-10-02T12:00:18.9110633Z   fetch-depth: 1
2026-10-02T12:00:18.9110855Z   fetch-tags: false
2026-10-02T12:00:18.9111084Z   show-progress: true
2026-10-02T12:00:18.9111313Z   lfs: false
2026-10-02T12:00:18.9111524Z   submodules: false
2026-10-02T12:00:18.9111752Z   set-safe-directory: true
2026-10-02T12:00:18.9112012Z   allow-unsafe-pr-checkout: false
2026-10-02T12:00:18.9112342Z ##[endgroup]
2026-10-02T12:00:18.9667249Z Syncing repository: llongwang751-arch/mini-drop
2026-10-02T12:00:18.9668952Z ##[group]Getting Git version info
2026-10-02T12:00:18.9669569Z Working directory is '/home/runner/work/mini-drop/mini-drop'
2026-10-02T12:00:18.9670438Z [command]/usr/bin/git version
2026-10-02T12:00:18.9670840Z git version 2.55.0
2026-10-02T12:00:18.9678336Z ##[endgroup]
2026-10-02T12:00:18.9686996Z Temporarily overriding HOME='/home/runner/work/_temp/db4560cd-28a1-4d50-b876-a8ea3c9bde74' before making global git config changes
2026-10-02T12:00:18.9688226Z Adding repository directory to the temporary git global config as a safe directory
2026-10-02T12:00:18.9689558Z [command]/usr/bin/git config --global --add safe.directory /home/runner/work/mini-drop/mini-drop
2026-10-02T12:00:18.9707285Z Deleting the contents of '/home/runner/work/mini-drop/mini-drop'
2026-10-02T12:00:18.9709671Z ##[group]Initializing the repository
2026-10-02T12:00:18.9711573Z [command]/usr/bin/git init /home/runner/work/mini-drop/mini-drop
2026-10-02T12:00:18.9791742Z hint: Using 'master' as the name for the initial branch. This default branch name
2026-10-02T12:00:18.9792845Z hint: will change to "main" in Git 3.0. To configure the initial branch name
2026-10-02T12:00:18.9793443Z hint: to use in all of your new repositories, which will suppress this warning,
2026-10-02T12:00:18.9794145Z hint: call:
2026-10-02T12:00:18.9794454Z hint:
2026-10-02T12:00:18.9794833Z hint: 	git config --global init.defaultBranch <name>
2026-10-02T12:00:18.9795230Z hint:
2026-10-02T12:00:18.9795643Z hint: Names commonly chosen instead of 'master' are 'main', 'trunk' and
2026-10-02T12:00:18.9796526Z hint: 'development'. The just-created branch can be renamed via this command:
2026-10-02T12:00:18.9797088Z hint:
2026-10-02T12:00:18.9797304Z hint: 	git branch -m <name>
2026-10-02T12:00:18.9797546Z hint:
2026-10-02T12:00:18.9797866Z hint: Disable this message with "git config set advice.defaultBranchName false"
2026-10-02T12:00:18.9798367Z Initialized empty Git repository in /home/runner/work/mini-drop/mini-drop/.git/
2026-10-02T12:00:18.9799314Z [command]/usr/bin/git remote add origin https://github.com/llongwang751-arch/mini-drop
2026-10-02T12:00:18.9815684Z ##[endgroup]
2026-10-02T12:00:18.9816418Z ##[group]Disabling automatic garbage collection
2026-10-02T12:00:18.9818396Z [command]/usr/bin/git config --local gc.auto 0
2026-10-02T12:00:18.9837006Z ##[endgroup]
2026-10-02T12:00:18.9837625Z ##[group]Setting up auth
2026-10-02T12:00:18.9840863Z [command]/usr/bin/git config --local --name-only --get-regexp core\.sshCommand
2026-10-02T12:00:18.9856157Z [command]/usr/bin/git submodule foreach --recursive sh -c "git config --local --name-only --get-regexp 'core\.sshCommand' && git config --local --unset-all 'core.sshCommand' || :"
2026-10-02T12:00:19.0019736Z [command]/usr/bin/git config --local --name-only --get-regexp http\.https\:\/\/github\.com\/\.extraheader
2026-10-02T12:00:19.0037293Z [command]/usr/bin/git submodule foreach --recursive sh -c "git config --local --name-only --get-regexp 'http\.https\:\/\/github\.com\/\.extraheader' && git config --local --unset-all 'http.https://github.com/.extraheader' || :"
2026-10-02T12:00:19.0146760Z [command]/usr/bin/git config --local --name-only --get-regexp ^includeIf\.gitdir:
2026-10-02T12:00:19.0162637Z [command]/usr/bin/git submodule foreach --recursive git config --local --show-origin --name-only --get-regexp remote.origin.url
2026-10-02T12:00:19.0268769Z [command]/usr/bin/git config --local http.https://github.com/.extraheader AUTHORIZATION: basic ***
2026-10-02T12:00:19.0288935Z ##[endgroup]
2026-10-02T12:00:19.0289550Z ##[group]Fetching the repository
2026-10-02T12:00:19.0294974Z [command]/usr/bin/git -c protocol.version=2 fetch --no-tags --prune --no-recurse-submodules --depth=1 origin +7abe089ae9bfc9705b56c73a5b1dd19dd3bad7ea:refs/remotes/pull/1/merge
2026-10-02T12:00:23.7603187Z From https://github.com/llongwang751-arch/mini-drop
2026-10-02T12:00:23.7605042Z  * [new ref]         7abe089ae9bfc9705b56c73a5b1dd19dd3bad7ea -> pull/1/merge
2026-10-02T12:00:23.7607100Z ##[endgroup]
2026-10-02T12:00:23.7607720Z ##[group]Determining the checkout info
2026-10-02T12:00:23.7608688Z ##[endgroup]
2026-10-02T12:00:23.7616684Z [command]/usr/bin/git sparse-checkout disable
2026-10-02T12:00:23.7637867Z [command]/usr/bin/git config --local --unset-all extensions.worktreeConfig
2026-10-02T12:00:23.7662760Z ##[group]Checking out the ref
2026-10-02T12:00:23.7664956Z [command]/usr/bin/git checkout --progress --force refs/remotes/pull/1/merge
2026-10-02T12:00:24.4984219Z Note: switching to 'refs/remotes/pull/1/merge'.
2026-10-02T12:00:24.4984659Z 
2026-10-02T12:00:24.4984897Z You are in 'detached HEAD' state. You can look around, make experimental
2026-10-02T12:00:24.4985420Z changes and commit them, and you can discard any commits you make in this
2026-10-02T12:00:24.4986145Z state without impacting any branches by switching back to a branch.
2026-10-02T12:00:24.4986481Z 
2026-10-02T12:00:24.4986733Z If you want to create a new branch to retain commits you create, you may
2026-10-02T12:00:24.4987561Z do so (now or later) by using -c with the switch command. Example:
2026-10-02T12:00:24.4987831Z 
2026-10-02T12:00:24.4987990Z   git switch -c <new-branch-name>
2026-10-02T12:00:24.4988204Z 
2026-10-02T12:00:24.4988341Z Or undo this operation with:
2026-10-02T12:00:24.4988514Z 
2026-10-02T12:00:24.4988634Z   git switch -
2026-10-02T12:00:24.4988790Z 
2026-10-02T12:00:24.4989074Z Turn off this advice by setting config variable advice.detachedHead to false
2026-10-02T12:00:24.4989412Z 
2026-10-02T12:00:24.4989780Z HEAD is now at 7abe089 Merge cfea6744fc2395d5392440b2404ee275ada0a69f into 609ea8a73f845b496b59b5cae181f515c5919850
2026-10-02T12:00:24.5024537Z ##[endgroup]
2026-10-02T12:00:24.5052958Z [command]/usr/bin/git log -1 --format=%H
2026-10-02T12:00:24.5071677Z 7abe089ae9bfc9705b56c73a5b1dd19dd3bad7ea
2026-10-02T12:00:24.5287888Z ##[group]Run actions/setup-python@v5
2026-10-02T12:00:24.5288103Z with:
2026-10-02T12:00:24.5288270Z   python-version: 3.11
2026-10-02T12:00:24.5288448Z   check-latest: false
2026-10-02T12:00:24.5290292Z   token: ***
2026-10-02T12:00:24.5290454Z   update-environment: true
2026-10-02T12:00:24.5290640Z   allow-prereleases: false
2026-10-02T12:00:24.5290832Z   freethreaded: false
2026-10-02T12:00:24.5291003Z ##[endgroup]
2026-10-02T12:00:24.6123194Z ##[group]Installed versions
2026-10-02T12:00:24.6199802Z (node:1912) [DEP0040] DeprecationWarning: The `punycode` module is deprecated. Please use a userland alternative instead.
2026-10-02T12:00:24.6200583Z (Use `node --trace-deprecation ...` to show where the warning was created)
2026-10-02T12:00:24.6201045Z Successfully set up CPython (3.11.16)
2026-10-02T12:00:24.6201582Z ##[endgroup]
2026-10-02T12:00:24.6289221Z ##[group]Run docker build --build-arg ALPINE_MIRROR=https://dl-cdn.alpinelinux.org/alpine -t mini-drop-python-hotspot:ci demo/python-hotspot
2026-10-02T12:00:24.6289956Z [36;1mdocker build --build-arg ALPINE_MIRROR=https://dl-cdn.alpinelinux.org/alpine -t mini-drop-python-hotspot:ci demo/python-hotspot[0m
2026-10-02T12:00:24.6290618Z [36;1mdocker build --build-arg ALPINE_MIRROR=https://dl-cdn.alpinelinux.org/alpine -t mini-drop-java-hotspot:ci -f demo/java-hotspot/Dockerfile .[0m
2026-10-02T12:00:24.6291217Z [36;1mdocker build --build-arg ALPINE_MIRROR=https://dl-cdn.alpinelinux.org/alpine -t mini-drop-cpp-hotspot:ci demo/cpp-hotspot[0m
2026-10-02T12:00:24.6746918Z shell: /usr/bin/bash -e {0}
2026-10-02T12:00:24.6747180Z env:
2026-10-02T12:00:24.6747402Z   pythonLocation: /opt/hostedtoolcache/Python/3.11.16/x64
2026-10-02T12:00:24.6747725Z   PKG_CONFIG_PATH: /opt/hostedtoolcache/Python/3.11.16/x64/lib/pkgconfig
2026-10-02T12:00:24.6748074Z   Python_ROOT_DIR: /opt/hostedtoolcache/Python/3.11.16/x64
2026-10-02T12:00:24.6748361Z   Python2_ROOT_DIR: /opt/hostedtoolcache/Python/3.11.16/x64
2026-10-02T12:00:24.6748642Z   Python3_ROOT_DIR: /opt/hostedtoolcache/Python/3.11.16/x64
2026-10-02T12:00:24.6748922Z   LD_LIBRARY_PATH: /opt/hostedtoolcache/Python/3.11.16/x64/lib
2026-10-02T12:00:24.6749161Z ##[endgroup]
2026-10-02T12:00:24.9759329Z #0 building with "default" instance using docker driver
2026-10-02T12:00:24.9759602Z 
2026-10-02T12:00:24.9759731Z #1 [internal] load build definition from Dockerfile
2026-10-02T12:00:24.9760023Z #1 transferring dockerfile: 140B done
2026-10-02T12:00:24.9760253Z #1 DONE 0.0s
2026-10-02T12:00:24.9760349Z 
2026-10-02T12:00:24.9760508Z #2 [internal] load metadata for docker.io/library/python:3.12-slim
2026-10-02T12:00:25.1922884Z #2 ...
2026-10-02T12:00:25.1923338Z 
2026-10-02T12:00:25.1923461Z #3 [auth] library/python:pull token for registry-1.docker.io
2026-10-02T12:00:25.1923663Z #3 DONE 0.0s
2026-10-02T12:00:25.3428747Z 
2026-10-02T12:00:25.3429016Z #2 [internal] load metadata for docker.io/library/python:3.12-slim
2026-10-02T12:00:25.7627252Z #2 DONE 0.9s
2026-10-02T12:00:25.8758109Z 
2026-10-02T12:00:25.8758403Z #4 [internal] load .dockerignore
2026-10-02T12:00:25.8758682Z #4 transferring context: 2B done
2026-10-02T12:00:25.8758825Z #4 DONE 0.0s
2026-10-02T12:00:25.8758917Z 
2026-10-02T12:00:25.8759874Z #5 [internal] load build context
2026-10-02T12:00:25.8760439Z #5 transferring context: 33.94kB done
2026-10-02T12:00:25.8760973Z #5 DONE 0.0s
2026-10-02T12:00:25.8761213Z 
2026-10-02T12:00:25.8762288Z #6 [1/3] FROM docker.io/library/python:3.12-slim@sha256:dddfd7e07f9d15aeeca61529320492139d21cac7f0070c00609243e51e4e0016
2026-10-02T12:00:25.8764141Z #6 resolve docker.io/library/python:3.12-slim@sha256:dddfd7e07f9d15aeeca61529320492139d21cac7f0070c00609243e51e4e0016 done
2026-10-02T12:00:25.8765596Z #6 sha256:dddfd7e07f9d15aeeca61529320492139d21cac7f0070c00609243e51e4e0016 10.37kB / 10.37kB done
2026-10-02T12:00:25.8766360Z #6 sha256:6b1f85a08c199d29d5b6d71ab9c27bd5b3b393492e01216a15758ff69c4be8b8 1.75kB / 1.75kB done
2026-10-02T12:00:25.8767318Z #6 sha256:414a398990af718f018ff9c23cea0e7489b7986eb54f2b1d7cc874c99ebc7364 5.66kB / 5.66kB done
2026-10-02T12:00:25.8768021Z #6 sha256:6b37362b3da78869050b894b799ad4df04f1f3b52774087db0d81151570244c8 11.53MB / 29.83MB 0.1s
2026-10-02T12:00:25.8769222Z #6 sha256:a510a9ea6d60786b7cefdbf9577945344c72879881de8d32ef07ec38111fb045 0B / 4.27MB 0.1s
2026-10-02T12:00:25.8770488Z #6 sha256:e360d85fdc0f3910a4fe48ba2bb0865d5e618392ea8abfa424e66575e45273c0 0B / 12.12MB 0.1s
2026-10-02T12:00:26.0754377Z #6 sha256:6b37362b3da78869050b894b799ad4df04f1f3b52774087db0d81151570244c8 29.83MB / 29.83MB 0.3s
2026-10-02T12:00:26.0755063Z #6 sha256:a510a9ea6d60786b7cefdbf9577945344c72879881de8d32ef07ec38111fb045 4.27MB / 4.27MB 0.1s done
2026-10-02T12:00:26.0755683Z #6 sha256:e360d85fdc0f3910a4fe48ba2bb0865d5e618392ea8abfa424e66575e45273c0 12.12MB / 12.12MB 0.3s
2026-10-02T12:00:26.0756323Z #6 sha256:5e62c0470a0973ad9561440c8a37984c3252eda1dd19e00ca7e76a37b62b5dc7 249B / 249B 0.3s
2026-10-02T12:00:26.2580165Z #6 sha256:6b37362b3da78869050b894b799ad4df04f1f3b52774087db0d81151570244c8 29.83MB / 29.83MB 0.4s done
2026-10-02T12:00:26.2581906Z #6 sha256:e360d85fdc0f3910a4fe48ba2bb0865d5e618392ea8abfa424e66575e45273c0 12.12MB / 12.12MB 0.4s done
2026-10-02T12:00:26.2582503Z #6 sha256:5e62c0470a0973ad9561440c8a37984c3252eda1dd19e00ca7e76a37b62b5dc7 249B / 249B 0.4s done
2026-10-02T12:00:26.2582996Z #6 extracting sha256:6b37362b3da78869050b894b799ad4df04f1f3b52774087db0d81151570244c8 0.1s
2026-10-02T12:00:26.6223260Z #6 extracting sha256:6b37362b3da78869050b894b799ad4df04f1f3b52774087db0d81151570244c8 0.4s done
2026-10-02T12:00:26.6224017Z #6 extracting sha256:a510a9ea6d60786b7cefdbf9577945344c72879881de8d32ef07ec38111fb045 0.1s done
2026-10-02T12:00:29.6268666Z #6 extracting sha256:e360d85fdc0f3910a4fe48ba2bb0865d5e618392ea8abfa424e66575e45273c0
2026-10-02T12:00:29.8372512Z #6 extracting sha256:e360d85fdc0f3910a4fe48ba2bb0865d5e618392ea8abfa424e66575e45273c0 0.2s done
2026-10-02T12:00:30.0874835Z #6 extracting sha256:5e62c0470a0973ad9561440c8a37984c3252eda1dd19e00ca7e76a37b62b5dc7
2026-10-02T12:00:30.2608481Z #6 extracting sha256:5e62c0470a0973ad9561440c8a37984c3252eda1dd19e00ca7e76a37b62b5dc7 done
2026-10-02T12:00:30.2608773Z #6 DONE 4.3s
2026-10-02T12:00:30.2608843Z 
2026-10-02T12:00:30.2608938Z #7 [2/3] WORKDIR /app
2026-10-02T12:00:30.2609082Z #7 DONE 0.0s
2026-10-02T12:00:30.2609142Z 
2026-10-02T12:00:30.2609206Z #8 [3/3] COPY app.py /app/app.py
2026-10-02T12:00:30.2609337Z #8 DONE 0.0s
2026-10-02T12:00:30.2609399Z 
2026-10-02T12:00:30.2609448Z #9 exporting to image
2026-10-02T12:00:30.2609565Z #9 exporting layers
2026-10-02T12:00:31.0044360Z #9 exporting layers 0.9s done
2026-10-02T12:00:31.0157129Z #9 writing image sha256:a7fefb5d064c9ae76d9cb08fe70c1ce1350227b174c9d5571176e8e0e8aba14f done
2026-10-02T12:00:31.0157508Z #9 naming to docker.io/library/mini-drop-python-hotspot:ci done
2026-10-02T12:00:31.0157794Z #9 DONE 0.9s
2026-10-02T12:00:31.2262686Z #0 building with "default" instance using docker driver
2026-10-02T12:00:31.2262879Z 
2026-10-02T12:00:31.2262963Z #1 [internal] load build definition from Dockerfile
2026-10-02T12:00:31.2263137Z #1 transferring dockerfile: 900B done
2026-10-02T12:00:31.2263275Z #1 DONE 0.0s
2026-10-02T12:00:31.2263339Z 
2026-10-02T12:00:31.2263460Z #2 [internal] load metadata for docker.io/library/eclipse-temurin:24.0.2_12-jdk-noble
2026-10-02T12:00:31.3977268Z #2 ...
2026-10-02T12:00:31.3977398Z 
2026-10-02T12:00:31.3977525Z #3 [auth] library/eclipse-temurin:pull token for registry-1.docker.io
2026-10-02T12:00:31.5479647Z #3 DONE 0.0s
2026-10-02T12:00:31.5479779Z 
2026-10-02T12:00:31.5480005Z #2 [internal] load metadata for docker.io/library/eclipse-temurin:24.0.2_12-jdk-noble
2026-10-02T12:00:31.8111879Z #2 DONE 0.7s
2026-10-02T12:00:31.9216993Z 
2026-10-02T12:00:31.9218106Z #4 [internal] load .dockerignore
2026-10-02T12:00:31.9218546Z #4 transferring context: 653B done
2026-10-02T12:00:31.9218737Z #4 DONE 0.0s
2026-10-02T12:00:31.9218833Z 
2026-10-02T12:00:31.9218891Z #5 [internal] load build context
2026-10-02T12:00:31.9219037Z #5 transferring context: 466.39kB done
2026-10-02T12:00:31.9219175Z #5 DONE 0.0s
2026-10-02T12:00:31.9219238Z 
2026-10-02T12:00:31.9219486Z #6 [build 1/6] FROM docker.io/library/eclipse-temurin:24.0.2_12-jdk-noble@sha256:dacac8e9a0df0d2bd24e702b4431132875c249930b70555ebd7ca285b5bee684
2026-10-02T12:00:31.9220103Z #6 resolve docker.io/library/eclipse-temurin:24.0.2_12-jdk-noble@sha256:dacac8e9a0df0d2bd24e702b4431132875c249930b70555ebd7ca285b5bee684 done
2026-10-02T12:00:31.9220850Z #6 sha256:19785d8f66fe4a41156f82a889524a8b03adeb6de31b6a9087a892e1c294b7d3 6.02kB / 6.02kB done
2026-10-02T12:00:31.9221593Z #6 sha256:953cdd4133718b72c5d0a78e754c1405c02510fdb5237265f7955863f1757f83 10.49MB / 29.72MB 0.1s
2026-10-02T12:00:31.9222205Z #6 sha256:4000407e97061a43c910eb593eb01a2814f47650259377239537c9ab38a9fcca 0B / 21.33MB 0.1s
2026-10-02T12:00:31.9223051Z #6 sha256:b84e544576dd7113db8846bdf787740de90cf5a07f5602eaef536f03aa0051b7 0B / 89.97MB 0.1s
2026-10-02T12:00:31.9223537Z #6 sha256:dacac8e9a0df0d2bd24e702b4431132875c249930b70555ebd7ca285b5bee684 6.54kB / 6.54kB done
2026-10-02T12:00:31.9224134Z #6 sha256:14d6dcce8dfa01af324da353c44971570400490da416fb6b121a16fdf0178124 1.94kB / 1.94kB done
2026-10-02T12:00:32.0317686Z #6 sha256:953cdd4133718b72c5d0a78e754c1405c02510fdb5237265f7955863f1757f83 29.72MB / 29.72MB 0.2s
2026-10-02T12:00:32.0318349Z #6 sha256:4000407e97061a43c910eb593eb01a2814f47650259377239537c9ab38a9fcca 15.73MB / 21.33MB 0.2s
2026-10-02T12:00:32.0318899Z #6 sha256:b84e544576dd7113db8846bdf787740de90cf5a07f5602eaef536f03aa0051b7 5.24MB / 89.97MB 0.2s
2026-10-02T12:00:32.2210975Z #6 sha256:953cdd4133718b72c5d0a78e754c1405c02510fdb5237265f7955863f1757f83 29.72MB / 29.72MB 0.4s done
2026-10-02T12:00:32.2211648Z #6 sha256:4000407e97061a43c910eb593eb01a2814f47650259377239537c9ab38a9fcca 21.33MB / 21.33MB 0.4s done
2026-10-02T12:00:32.2212285Z #6 sha256:b84e544576dd7113db8846bdf787740de90cf5a07f5602eaef536f03aa0051b7 70.25MB / 89.97MB 0.4s
2026-10-02T12:00:32.2212852Z #6 sha256:4f4fb700ef54461cfa02571ae0db9a0dc1e0cdb5577484a6d75e68dc38e8acc1 0B / 32B 0.4s
2026-10-02T12:00:32.2213414Z #6 sha256:e376267f7e6de41d3cd65d1f2f873ec0e882212dc2a38f2d750bbc87cd1c3693 0B / 2.28kB 0.4s
2026-10-02T12:00:32.3215116Z #6 sha256:b84e544576dd7113db8846bdf787740de90cf5a07f5602eaef536f03aa0051b7 89.97MB / 89.97MB 0.5s
2026-10-02T12:00:32.3215742Z #6 sha256:e376267f7e6de41d3cd65d1f2f873ec0e882212dc2a38f2d750bbc87cd1c3693 2.28kB / 2.28kB 0.5s done
2026-10-02T12:00:32.3216730Z #6 extracting sha256:953cdd4133718b72c5d0a78e754c1405c02510fdb5237265f7955863f1757f83
2026-10-02T12:00:32.5741210Z #6 sha256:4f4fb700ef54461cfa02571ae0db9a0dc1e0cdb5577484a6d75e68dc38e8acc1 32B / 32B 0.7s
2026-10-02T12:00:32.6842432Z #6 extracting sha256:953cdd4133718b72c5d0a78e754c1405c02510fdb5237265f7955863f1757f83 0.4s done
2026-10-02T12:00:32.8209828Z #6 sha256:b84e544576dd7113db8846bdf787740de90cf5a07f5602eaef536f03aa0051b7 89.97MB / 89.97MB 0.9s done
2026-10-02T12:00:32.8210560Z #6 sha256:4f4fb700ef54461cfa02571ae0db9a0dc1e0cdb5577484a6d75e68dc38e8acc1 32B / 32B 0.9s done
2026-10-02T12:00:32.8211119Z #6 extracting sha256:4000407e97061a43c910eb593eb01a2814f47650259377239537c9ab38a9fcca
2026-10-02T12:00:33.0493029Z #6 extracting sha256:4000407e97061a43c910eb593eb01a2814f47650259377239537c9ab38a9fcca 0.3s done
2026-10-02T12:00:33.9178426Z #6 extracting sha256:b84e544576dd7113db8846bdf787740de90cf5a07f5602eaef536f03aa0051b7
2026-10-02T12:00:34.7335412Z #6 extracting sha256:b84e544576dd7113db8846bdf787740de90cf5a07f5602eaef536f03aa0051b7 0.7s done
2026-10-02T12:00:35.8493804Z #6 extracting sha256:4f4fb700ef54461cfa02571ae0db9a0dc1e0cdb5577484a6d75e68dc38e8acc1
2026-10-02T12:00:36.0380626Z #6 extracting sha256:4f4fb700ef54461cfa02571ae0db9a0dc1e0cdb5577484a6d75e68dc38e8acc1 done
2026-10-02T12:00:36.0381564Z #6 extracting sha256:e376267f7e6de41d3cd65d1f2f873ec0e882212dc2a38f2d750bbc87cd1c3693 done
2026-10-02T12:00:36.0382287Z #6 DONE 4.1s
2026-10-02T12:00:36.0382620Z 
2026-10-02T12:00:36.0382839Z #7 [stage-1 2/4] WORKDIR /app
2026-10-02T12:00:36.0383140Z #7 DONE 0.0s
2026-10-02T12:00:36.0383352Z 
2026-10-02T12:00:36.0383534Z #8 [build 2/6] WORKDIR /src
2026-10-02T12:00:36.0383825Z #8 DONE 0.0s
2026-10-02T12:00:36.0384017Z 
2026-10-02T12:00:36.0384242Z #9 [build 3/6] COPY demo/java-hotspot/Hotspot.java ./
2026-10-02T12:00:36.0384613Z #9 DONE 0.0s
2026-10-02T12:00:36.0384804Z 
2026-10-02T12:00:36.0384995Z #10 [build 4/6] RUN javac Hotspot.java
2026-10-02T12:00:36.4827880Z #10 DONE 0.6s
2026-10-02T12:00:36.5886304Z 
2026-10-02T12:00:36.5887025Z #11 [build 5/6] COPY deploy/vendor/async-profiler-4.4-linux-x64.tar.gz /tmp/async-profiler.tar.gz
2026-10-02T12:00:36.5887385Z #11 DONE 0.0s
2026-10-02T12:00:36.5890246Z 
2026-10-02T12:00:36.5891664Z #12 [build 6/6] RUN echo "1233f26fc95753e75ce32733bbcaf8f0bedc2c098b0e798af87935b08a63b24e  /tmp/async-profiler.tar.gz" | sha256sum -c -     && mkdir -p /opt/async-profiler     && tar -xzf /tmp/async-profiler.tar.gz -C /opt/async-profiler --strip-components=1     && test -f /opt/async-profiler/lib/libasyncProfiler.so     && rm -f /tmp/async-profiler.tar.gz
2026-10-02T12:00:36.5892946Z #12 0.089 /tmp/async-profiler.tar.gz: OK
2026-10-02T12:00:36.5893827Z #12 DONE 0.1s
2026-10-02T12:00:36.8089338Z 
2026-10-02T12:00:36.8089711Z #13 [stage-1 3/4] COPY --from=build /src/Hotspot*.class ./
2026-10-02T12:00:36.8090028Z #13 DONE 0.0s
2026-10-02T12:00:36.8090103Z 
2026-10-02T12:00:36.8090225Z #14 [stage-1 4/4] COPY --from=build /opt/async-profiler /opt/async-profiler
2026-10-02T12:00:36.8090420Z #14 DONE 0.0s
2026-10-02T12:00:36.8090483Z 
2026-10-02T12:00:36.8090531Z #15 exporting to image
2026-10-02T12:00:36.8090651Z #15 exporting layers
2026-10-02T12:00:37.0065767Z #15 exporting layers 0.3s done
2026-10-02T12:00:37.0179863Z #15 writing image sha256:4392f8ba2236a54d398c186b7bafc8afc1bed2272710edf71fe3870c499b20ae done
2026-10-02T12:00:37.0180297Z #15 naming to docker.io/library/mini-drop-java-hotspot:ci done
2026-10-02T12:00:37.0180493Z #15 DONE 0.4s
2026-10-02T12:00:37.2291516Z #0 building with "default" instance using docker driver
2026-10-02T12:00:37.2291706Z 
2026-10-02T12:00:37.2291785Z #1 [internal] load build definition from Dockerfile
2026-10-02T12:00:37.2291968Z #1 transferring dockerfile: 475B done
2026-10-02T12:00:37.2292108Z #1 DONE 0.0s
2026-10-02T12:00:37.2292168Z 
2026-10-02T12:00:37.2292292Z #2 [internal] load metadata for docker.io/library/alpine:3.24.1
2026-10-02T12:00:37.3881584Z #2 ...
2026-10-02T12:00:37.3881666Z 
2026-10-02T12:00:37.3881772Z #3 [auth] library/alpine:pull token for registry-1.docker.io
2026-10-02T12:00:37.3882002Z #3 DONE 0.0s
2026-10-02T12:00:37.5385398Z 
2026-10-02T12:00:37.5385567Z #2 [internal] load metadata for docker.io/library/alpine:3.24.1
2026-10-02T12:00:38.1657363Z #2 DONE 1.1s
2026-10-02T12:00:38.2753520Z 
2026-10-02T12:00:38.2753929Z #4 [internal] load .dockerignore
2026-10-02T12:00:38.2754191Z #4 transferring context: 2B done
2026-10-02T12:00:38.2754325Z #4 DONE 0.0s
2026-10-02T12:00:38.2754428Z 
2026-10-02T12:00:38.2754514Z #5 [internal] load build context
2026-10-02T12:00:38.2754658Z #5 transferring context: 24.05kB done
2026-10-02T12:00:38.2754801Z #5 DONE 0.0s
2026-10-02T12:00:38.2754862Z 
2026-10-02T12:00:38.2755088Z #6 [build 1/5] FROM docker.io/library/alpine:3.24.1@sha256:28bd5fe8b56d1bd048e5babf5b10710ebe0bae67db86916198a6eec434943f8b
2026-10-02T12:00:38.2755667Z #6 resolve docker.io/library/alpine:3.24.1@sha256:28bd5fe8b56d1bd048e5babf5b10710ebe0bae67db86916198a6eec434943f8b done
2026-10-02T12:00:38.2756191Z #6 sha256:28bd5fe8b56d1bd048e5babf5b10710ebe0bae67db86916198a6eec434943f8b 9.22kB / 9.22kB done
2026-10-02T12:00:38.2756522Z #6 sha256:79ff19e9084a00eece421b2523fb93e22d730e2c0e525905de047e848e56d95f 1.02kB / 1.02kB done
2026-10-02T12:00:38.2756839Z #6 sha256:d529dd0c6e5597ac7e4a3e2dea65c3fcc6173f4cae713c409265c1dd9914a11b 611B / 611B done
2026-10-02T12:00:38.2757157Z #6 sha256:55afa1ecc21d2bb5e5045f32dafee56272ffd89860bac26f6c32123439af26a4 0B / 3.85MB 0.1s
2026-10-02T12:00:38.5103143Z #6 sha256:55afa1ecc21d2bb5e5045f32dafee56272ffd89860bac26f6c32123439af26a4 3.85MB / 3.85MB 0.1s done
2026-10-02T12:00:38.5103570Z #6 extracting sha256:55afa1ecc21d2bb5e5045f32dafee56272ffd89860bac26f6c32123439af26a4 0.0s done
2026-10-02T12:00:38.5103814Z #6 DONE 0.2s
2026-10-02T12:00:38.5103888Z 
2026-10-02T12:00:38.5104193Z #7 [build 2/5] RUN sed -i "s|https://dl-cdn.alpinelinux.org/alpine|https://dl-cdn.alpinelinux.org/alpine|g" /etc/apk/repositories     && apk add --no-cache g++
2026-10-02T12:00:38.9338023Z #7 0.574 ( 1/16) Installing libgcc (15.2.0-r5)
2026-10-02T12:00:39.0386112Z #7 0.583 ( 2/16) Installing libstdc++ (15.2.0-r5)
2026-10-02T12:00:39.0386356Z #7 0.601 ( 3/16) Installing libstdc++-dev (15.2.0-r5)
2026-10-02T12:00:39.0386528Z #7 0.679 ( 4/16) Installing jansson (2.15.0-r0)
2026-10-02T12:00:39.1453143Z #7 0.688 ( 5/16) Installing zstd-libs (1.5.7-r2)
2026-10-02T12:00:39.1453351Z #7 0.701 ( 6/16) Installing binutils (2.45.1-r1)
2026-10-02T12:00:39.1453717Z #7 0.746 ( 7/16) Installing libgcc-static (15.2.0-r5)
2026-10-02T12:00:39.1453893Z #7 0.766 ( 8/16) Installing libgomp (15.2.0-r5)
2026-10-02T12:00:39.1454059Z #7 0.777 ( 9/16) Installing libatomic (15.2.0-r5)
2026-10-02T12:00:39.1454219Z #7 0.786 (10/16) Installing gmp (6.3.0-r4)
2026-10-02T12:00:39.3458927Z #7 0.797 (11/16) Installing isl26 (0.26-r2)
2026-10-02T12:00:39.3459233Z #7 0.814 (12/16) Installing mpfr4 (4.2.2-r0)
2026-10-02T12:00:39.3459494Z #7 0.827 (13/16) Installing mpc1 (1.3.1-r1)
2026-10-02T12:00:39.3459730Z #7 0.836 (14/16) Installing gcc (15.2.0-r5)
2026-10-02T12:00:39.7597067Z #7 1.400 (15/16) Installing musl-dev (1.2.6-r2)
2026-10-02T12:00:39.9492089Z #7 1.439 (16/16) Installing g++ (15.2.0-r5)
2026-10-02T12:00:39.9859041Z #7 1.626 Executing busybox-1.37.0-r31.trigger
2026-10-02T12:00:40.1393706Z #7 1.629 OK: 264.8 MiB in 32 packages
2026-10-02T12:00:41.2692511Z #7 DONE 2.9s
2026-10-02T12:00:41.4309085Z 
2026-10-02T12:00:41.4309595Z #8 [build 3/5] WORKDIR /src
2026-10-02T12:00:41.4309807Z #8 DONE 0.0s
2026-10-02T12:00:41.4309918Z 
2026-10-02T12:00:41.4309987Z #9 [build 4/5] COPY main.cpp build.sh ./
2026-10-02T12:00:41.4310135Z #9 DONE 0.0s
2026-10-02T12:00:41.4310199Z 
2026-10-02T12:00:41.4310297Z #10 [build 5/5] RUN chmod 0755 build.sh && ./build.sh /out/cpp-hotspot
2026-10-02T12:00:42.4046515Z #10 DONE 1.1s
2026-10-02T12:00:42.5709116Z 
2026-10-02T12:00:42.5709435Z #11 [stage-1 2/2] COPY --from=build /out/cpp-hotspot /usr/local/bin/cpp-hotspot
2026-10-02T12:00:42.5709729Z #11 DONE 0.0s
2026-10-02T12:00:42.5709802Z 
2026-10-02T12:00:42.5709863Z #12 exporting to image
2026-10-02T12:00:42.5709987Z #12 exporting layers
2026-10-02T12:00:43.0030631Z #12 exporting layers 0.6s done
2026-10-02T12:00:43.0140499Z #12 writing image sha256:ea9e4bd073fc8aef9fe53cfdbed15cdd739df454dae9faab7a14587209f06745 done
2026-10-02T12:00:43.0140897Z #12 naming to docker.io/library/mini-drop-cpp-hotspot:ci done
2026-10-02T12:00:43.0141091Z #12 DONE 0.6s
2026-10-02T12:00:43.0192969Z ##[group]Run docker build --target analyzer-toolchain --build-arg ALPINE_MIRROR=https://dl-cdn.alpinelinux.org/alpine -t mini-drop-analyzer-toolchain:ci -f deploy/dockerfiles/python-worker.Dockerfile .
2026-10-02T12:00:43.0193759Z [36;1mdocker build --target analyzer-toolchain --build-arg ALPINE_MIRROR=https://dl-cdn.alpinelinux.org/alpine -t mini-drop-analyzer-toolchain:ci -f deploy/dockerfiles/python-worker.Dockerfile .[0m
2026-10-02T12:00:43.0226320Z shell: /usr/bin/bash -e {0}
2026-10-02T12:00:43.0226546Z env:
2026-10-02T12:00:43.0226743Z   pythonLocation: /opt/hostedtoolcache/Python/3.11.16/x64
2026-10-02T12:00:43.0227059Z   PKG_CONFIG_PATH: /opt/hostedtoolcache/Python/3.11.16/x64/lib/pkgconfig
2026-10-02T12:00:43.0227356Z   Python_ROOT_DIR: /opt/hostedtoolcache/Python/3.11.16/x64
2026-10-02T12:00:43.0227606Z   Python2_ROOT_DIR: /opt/hostedtoolcache/Python/3.11.16/x64
2026-10-02T12:00:43.0227832Z   Python3_ROOT_DIR: /opt/hostedtoolcache/Python/3.11.16/x64
2026-10-02T12:00:43.0228070Z   LD_LIBRARY_PATH: /opt/hostedtoolcache/Python/3.11.16/x64/lib
2026-10-02T12:00:43.0228248Z ##[endgroup]
2026-10-02T12:00:43.0840348Z #0 building with "default" instance using docker driver
2026-10-02T12:00:43.0841374Z 
2026-10-02T12:00:43.0843741Z #1 [internal] load build definition from python-worker.Dockerfile
2026-10-02T12:00:43.2383046Z #1 transferring dockerfile: 2.38kB done
2026-10-02T12:00:43.2383223Z #1 DONE 0.0s
2026-10-02T12:00:43.2383328Z 
2026-10-02T12:00:43.5563912Z #2 [internal] load metadata for docker.io/library/python:3.11-slim
2026-10-02T12:00:43.5564211Z #2 DONE 0.5s
2026-10-02T12:00:43.6585214Z 
2026-10-02T12:00:43.6585720Z #3 [internal] load .dockerignore
2026-10-02T12:00:43.6586085Z #3 transferring context: 653B done
2026-10-02T12:00:43.6586300Z #3 DONE 0.0s
2026-10-02T12:00:43.6586390Z 
2026-10-02T12:00:43.6586885Z #4 [analyzer-toolchain 1/3] FROM docker.io/library/python:3.11-slim@sha256:bab1b7ef4b450c81002278d035eff85ebe394ae94df904f7a3ba14f7e16e487b
2026-10-02T12:00:43.6587714Z #4 resolve docker.io/library/python:3.11-slim@sha256:bab1b7ef4b450c81002278d035eff85ebe394ae94df904f7a3ba14f7e16e487b done
2026-10-02T12:00:43.6588378Z #4 extracting sha256:f64163c1b799b4915c58c0439006ebe6e393a8c346d2393f08fa0ca74e306f6e
2026-10-02T12:00:43.7636389Z #4 extracting sha256:f64163c1b799b4915c58c0439006ebe6e393a8c346d2393f08fa0ca74e306f6e 0.1s done
2026-10-02T12:00:43.7636975Z #4 sha256:bab1b7ef4b450c81002278d035eff85ebe394ae94df904f7a3ba14f7e16e487b 10.37kB / 10.37kB done
2026-10-02T12:00:43.7637543Z #4 sha256:922f47525757de33aff59f24cdfc85f412ac4a06aa8af7c7e9028d584b7bcdeb 1.75kB / 1.75kB done
2026-10-02T12:00:43.7638067Z #4 sha256:d3846bce6e97d0ef5c32fc023300d5e39251ad791e6fdfaee41d2ba75246766e 5.49kB / 5.49kB done
2026-10-02T12:00:43.7638595Z #4 sha256:f64163c1b799b4915c58c0439006ebe6e393a8c346d2393f08fa0ca74e306f6e 4.27MB / 4.27MB 0.1s done
2026-10-02T12:00:43.7639108Z #4 sha256:295f1967d0454b54c78432d56f412a274da4b46e92cdf5679aea04fbd47b9c36 14.46MB / 14.46MB 0.2s
2026-10-02T12:00:43.7639451Z #4 sha256:48355dfcbf9e05ad2daf9d9506583bdb41b02ff7d67a5f2b239217e09320604c 250B / 250B 0.2s done
2026-10-02T12:00:43.9427452Z #4 sha256:295f1967d0454b54c78432d56f412a274da4b46e92cdf5679aea04fbd47b9c36 14.46MB / 14.46MB 0.2s done
2026-10-02T12:00:43.9428152Z #4 extracting sha256:295f1967d0454b54c78432d56f412a274da4b46e92cdf5679aea04fbd47b9c36 0.1s
2026-10-02T12:00:44.2577062Z #4 extracting sha256:295f1967d0454b54c78432d56f412a274da4b46e92cdf5679aea04fbd47b9c36 0.3s done
2026-10-02T12:00:44.3884435Z #4 extracting sha256:48355dfcbf9e05ad2daf9d9506583bdb41b02ff7d67a5f2b239217e09320604c
2026-10-02T12:00:44.5838068Z #4 extracting sha256:48355dfcbf9e05ad2daf9d9506583bdb41b02ff7d67a5f2b239217e09320604c done
2026-10-02T12:00:44.5838529Z #4 DONE 0.8s
2026-10-02T12:00:44.5838639Z 
2026-10-02T12:00:44.5839603Z #5 [analyzer-toolchain 2/3] RUN if [ -n "" ]; then         find /etc/apt -type f ( -name '*.list' -o -name '*.sources' )           -exec sed -ri             -e "s@https?://deb.debian.org/debian@@g"             -e "s@https?://security.debian.org/debian-security@@g"             {} +;     fi
2026-10-02T12:00:44.5840507Z #5 DONE 0.1s
2026-10-02T12:00:44.5840609Z 
2026-10-02T12:00:44.5841353Z #6 [analyzer-toolchain 3/3] RUN apt-get update && apt-get install -y --no-install-recommends     bash gosu linux-perf perl binutils     && rm -rf /var/lib/apt/lists/*     && useradd --create-home --shell /bin/bash mini-drop
2026-10-02T12:00:44.5842243Z #6 0.115 Hit:1 http://deb.debian.org/debian trixie InRelease
2026-10-02T12:00:44.6925632Z #6 0.120 Get:2 http://deb.debian.org/debian trixie-updates InRelease [47.3 kB]
2026-10-02T12:00:44.6926343Z #6 0.136 Get:3 http://deb.debian.org/debian-security trixie-security InRelease [43.4 kB]
2026-10-02T12:00:44.6926836Z #6 0.147 Get:4 http://deb.debian.org/debian trixie/main amd64 Packages [9678 kB]
2026-10-02T12:00:44.6927279Z #6 0.214 Get:5 http://deb.debian.org/debian trixie-updates/main amd64 Packages [4412 B]
2026-10-02T12:00:44.6927802Z #6 0.223 Get:6 http://deb.debian.org/debian-security trixie-security/main amd64 Packages [263 kB]
2026-10-02T12:00:45.1358365Z #6 0.666 Fetched 10.0 MB in 1s (17.2 MB/s)
2026-10-02T12:00:45.4102783Z #6 0.666 Reading package lists...
2026-10-02T12:00:45.6921736Z #6 0.951 Reading package lists...
2026-10-02T12:00:45.8568315Z #6 1.229 Building dependency tree...
2026-10-02T12:00:45.8568965Z #6 1.296 Reading state information...
2026-10-02T12:00:45.8569736Z #6 1.388 bash is already the newest version (5.2.37-2+b10).
2026-10-02T12:00:45.8570135Z #6 1.388 bash set to manually installed.
2026-10-02T12:00:45.8570441Z #6 1.388 The following additional packages will be installed:
2026-10-02T12:00:46.0083396Z #6 1.388   binutils-common binutils-x86-64-linux-gnu libatomic1 libbabeltrace1
2026-10-02T12:00:46.0083889Z #6 1.388   libbinutils libbrotli1 libcom-err2 libctf-nobfd0 libctf0 libcurl3t64-gnutls
2026-10-02T12:00:46.0084328Z #6 1.388   libdebuginfod-common libdebuginfod1t64 libdw1t64 libelf1t64 libexpat1
2026-10-02T12:00:46.0084757Z #6 1.388   libgdbm-compat4t64 libglib2.0-0t64 libgnutls30t64 libgprofng0
2026-10-02T12:00:46.0085168Z #6 1.388   libgssapi-krb5-2 libidn2-0 libjansson4 libjson-c5 libk5crypto3 libkeyutils1
2026-10-02T12:00:46.0085601Z #6 1.388   libkrb5-3 libkrb5support0 libldap2 libnghttp2-14 libnghttp3-9 libngtcp2-16
2026-10-02T12:00:46.0086182Z #6 1.388   libngtcp2-crypto-gnutls8 libnuma1 libopencsd1 libp11-kit0 libperl5.40
2026-10-02T12:00:46.0086611Z #6 1.388   libproc2-0 libpsl5t64 libpython3-stdlib libpython3.13 libpython3.13-minimal
2026-10-02T12:00:46.0087065Z #6 1.388   libpython3.13-stdlib librtmp1 libsasl2-2 libsasl2-modules-db libsframe1
2026-10-02T12:00:46.0087454Z #6 1.388   libslang2 libssh2-1t64 libtasn1-6 libtext-charwidth-perl
2026-10-02T12:00:46.0087848Z #6 1.388   libtext-wrapi18n-perl libtraceevent1 libunistring5 libunwind8 media-types
2026-10-02T12:00:46.0088239Z #6 1.388   perl-modules-5.40 procps python3 python3-minimal python3.13
2026-10-02T12:00:46.0088542Z #6 1.388   python3.13-minimal sensible-utils ucf
2026-10-02T12:00:46.0088790Z #6 1.389 Suggested packages:
2026-10-02T12:00:46.0089090Z #6 1.389   binutils-doc gprofng-gui binutils-gold low-memory-monitor gnutls-bin
2026-10-02T12:00:46.0089397Z #6 1.389   krb5-doc krb5-user linux-doc-6.12 perl-doc libterm-readline-gnu-perl
2026-10-02T12:00:46.0089670Z #6 1.389   | libterm-readline-perl-perl make libtap-harness-archive-perl python3-doc
2026-10-02T12:00:46.0089945Z #6 1.389   python3-tk python3-venv python3.13-venv python3.13-doc binfmt-support
2026-10-02T12:00:46.0090151Z #6 1.389 Recommended packages:
2026-10-02T12:00:46.0090352Z #6 1.389   libglib2.0-data shared-mime-info xdg-user-dirs krb5-locales libldap-common
2026-10-02T12:00:46.0090624Z #6 1.389   publicsuffix libsasl2-modules psmisc linux-sysctl-defaults
2026-10-02T12:00:46.0395162Z #6 1.570 The following NEW packages will be installed:
2026-10-02T12:00:46.1475468Z #6 1.570   binutils binutils-common binutils-x86-64-linux-gnu gosu libatomic1
2026-10-02T12:00:46.1476530Z #6 1.570   libbabeltrace1 libbinutils libbrotli1 libcom-err2 libctf-nobfd0 libctf0
2026-10-02T12:00:46.1477079Z #6 1.570   libcurl3t64-gnutls libdebuginfod-common libdebuginfod1t64 libdw1t64
2026-10-02T12:00:46.1477643Z #6 1.571   libelf1t64 libexpat1 libgdbm-compat4t64 libglib2.0-0t64 libgnutls30t64
2026-10-02T12:00:46.1478238Z #6 1.571   libgprofng0 libgssapi-krb5-2 libidn2-0 libjansson4 libjson-c5 libk5crypto3
2026-10-02T12:00:46.1478818Z #6 1.571   libkeyutils1 libkrb5-3 libkrb5support0 libldap2 libnghttp2-14 libnghttp3-9
2026-10-02T12:00:46.1479466Z #6 1.571   libngtcp2-16 libngtcp2-crypto-gnutls8 libnuma1 libopencsd1 libp11-kit0
2026-10-02T12:00:46.1480006Z #6 1.571   libperl5.40 libproc2-0 libpsl5t64 libpython3-stdlib libpython3.13
2026-10-02T12:00:46.1480531Z #6 1.571   libpython3.13-minimal libpython3.13-stdlib librtmp1 libsasl2-2
2026-10-02T12:00:46.1481057Z #6 1.571   libsasl2-modules-db libsframe1 libslang2 libssh2-1t64 libtasn1-6
2026-10-02T12:00:46.1481626Z #6 1.571   libtext-charwidth-perl libtext-wrapi18n-perl libtraceevent1 libunistring5
2026-10-02T12:00:46.1482205Z #6 1.571   libunwind8 linux-perf media-types perl perl-modules-5.40 procps python3
2026-10-02T12:00:46.1482745Z #6 1.571   python3-minimal python3.13 python3.13-minimal sensible-utils ucf
2026-10-02T12:00:46.1483262Z #6 1.623 0 upgraded, 67 newly installed, 0 to remove and 1 not upgraded.
2026-10-02T12:00:46.1483689Z #6 1.623 Need to get 36.2 MB of archives.
2026-10-02T12:00:46.1484114Z #6 1.623 After this operation, 167 MB of additional disk space will be used.
2026-10-02T12:00:46.1484580Z #6 1.623 Get:1 http://deb.debian.org/debian trixie/main amd64 libtext-charwidth-perl amd64 0.04-11+b4 [9476 B]
2026-10-02T12:00:46.1484953Z #6 1.633 Get:2 http://deb.debian.org/debian trixie/main amd64 libtext-wrapi18n-perl all 0.06-10 [8808 B]
2026-10-02T12:00:46.1485305Z #6 1.634 Get:3 http://deb.debian.org/debian trixie/main amd64 libproc2-0 amd64 2:4.0.4-9 [65.6 kB]
2026-10-02T12:00:46.1485628Z #6 1.653 Get:4 http://deb.debian.org/debian trixie/main amd64 procps amd64 2:4.0.4-9 [882 kB]
2026-10-02T12:00:46.1486141Z #6 1.678 Get:5 http://deb.debian.org/debian trixie/main amd64 sensible-utils all 0.0.25 [25.0 kB]
2026-10-02T12:00:46.2509124Z #6 1.679 Get:6 http://deb.debian.org/debian trixie/main amd64 ucf all 3.0052 [43.3 kB]
2026-10-02T12:00:46.2509729Z #6 1.680 Get:7 http://deb.debian.org/debian trixie/main amd64 libdebuginfod-common all 0.192-4 [23.7 kB]
2026-10-02T12:00:46.2510324Z #6 1.680 Get:8 http://deb.debian.org/debian trixie/main amd64 libexpat1 amd64 2.8.3-1~deb13u1 [123 kB]
2026-10-02T12:00:46.2510985Z #6 1.696 Get:9 http://deb.debian.org/debian trixie/main amd64 libpython3.13-minimal amd64 3.13.5-2+deb13u5 [863 kB]
2026-10-02T12:00:46.2511649Z #6 1.700 Get:10 http://deb.debian.org/debian trixie/main amd64 python3.13-minimal amd64 3.13.5-2+deb13u5 [2225 kB]
2026-10-02T12:00:46.2512284Z #6 1.711 Get:11 http://deb.debian.org/debian trixie/main amd64 python3-minimal amd64 3.13.5-1 [27.2 kB]
2026-10-02T12:00:46.2512852Z #6 1.711 Get:12 http://deb.debian.org/debian trixie/main amd64 media-types all 13.0.0 [29.3 kB]
2026-10-02T12:00:46.2513462Z #6 1.711 Get:13 http://deb.debian.org/debian trixie/main amd64 libpython3.13-stdlib amd64 3.13.5-2+deb13u5 [1959 kB]
2026-10-02T12:00:46.2514095Z #6 1.717 Get:14 http://deb.debian.org/debian trixie/main amd64 python3.13 amd64 3.13.5-2+deb13u5 [757 kB]
2026-10-02T12:00:46.2514707Z #6 1.719 Get:15 http://deb.debian.org/debian trixie/main amd64 libpython3-stdlib amd64 3.13.5-1 [10.2 kB]
2026-10-02T12:00:46.2515279Z #6 1.719 Get:16 http://deb.debian.org/debian trixie/main amd64 python3 amd64 3.13.5-1 [28.2 kB]
2026-10-02T12:00:46.2516010Z #6 1.719 Get:17 http://deb.debian.org/debian trixie/main amd64 perl-modules-5.40 all 5.40.1-6+deb13u1 [3014 kB]
2026-10-02T12:00:46.2516639Z #6 1.726 Get:18 http://deb.debian.org/debian trixie/main amd64 libgdbm-compat4t64 amd64 1.24-2 [50.3 kB]
2026-10-02T12:00:46.2517246Z #6 1.726 Get:19 http://deb.debian.org/debian trixie/main amd64 libperl5.40 amd64 5.40.1-6+deb13u1 [4326 kB]
2026-10-02T12:00:46.2517918Z #6 1.744 Get:20 http://deb.debian.org/debian trixie/main amd64 perl amd64 5.40.1-6+deb13u1 [268 kB]
2026-10-02T12:00:46.2518469Z #6 1.745 Get:21 http://deb.debian.org/debian trixie/main amd64 libsframe1 amd64 2.44-3 [78.4 kB]
2026-10-02T12:00:46.2519036Z #6 1.745 Get:22 http://deb.debian.org/debian trixie/main amd64 binutils-common amd64 2.44-3 [2509 kB]
2026-10-02T12:00:46.2519599Z #6 1.750 Get:23 http://deb.debian.org/debian trixie/main amd64 libbinutils amd64 2.44-3 [534 kB]
2026-10-02T12:00:46.2520207Z #6 1.751 Get:24 http://deb.debian.org/debian trixie/main amd64 libgprofng0 amd64 2.44-3 [808 kB]
2026-10-02T12:00:46.2520762Z #6 1.754 Get:25 http://deb.debian.org/debian trixie/main amd64 libctf-nobfd0 amd64 2.44-3 [156 kB]
2026-10-02T12:00:46.2521317Z #6 1.754 Get:26 http://deb.debian.org/debian trixie/main amd64 libctf0 amd64 2.44-3 [88.6 kB]
2026-10-02T12:00:46.2521863Z #6 1.754 Get:27 http://deb.debian.org/debian trixie/main amd64 libjansson4 amd64 2.14-2+b3 [39.8 kB]
2026-10-02T12:00:46.2522468Z #6 1.755 Get:28 http://deb.debian.org/debian trixie/main amd64 binutils-x86-64-linux-gnu amd64 2.44-3 [1014 kB]
2026-10-02T12:00:46.2523050Z #6 1.757 Get:29 http://deb.debian.org/debian trixie/main amd64 binutils amd64 2.44-3 [265 kB]
2026-10-02T12:00:46.2523578Z #6 1.758 Get:30 http://deb.debian.org/debian trixie/main amd64 gosu amd64 1.17-3+b4 [940 kB]
2026-10-02T12:00:46.2524110Z #6 1.762 Get:31 http://deb.debian.org/debian trixie/main amd64 libatomic1 amd64 14.2.0-19 [9308 B]
2026-10-02T12:00:46.2524646Z #6 1.765 Get:32 http://deb.debian.org/debian trixie/main amd64 libelf1t64 amd64 0.192-4 [189 kB]
2026-10-02T12:00:46.2525178Z #6 1.765 Get:33 http://deb.debian.org/debian trixie/main amd64 libdw1t64 amd64 0.192-4 [255 kB]
2026-10-02T12:00:46.2525777Z #6 1.766 Get:34 http://deb.debian.org/debian trixie/main amd64 libglib2.0-0t64 amd64 2.84.4-3~deb13u5 [1521 kB]
2026-10-02T12:00:46.2526495Z #6 1.769 Get:35 http://deb.debian.org/debian trixie/main amd64 libbabeltrace1 amd64 1.5.11-4+b2 [176 kB]
2026-10-02T12:00:46.2545061Z #6 1.769 Get:36 http://deb.debian.org/debian trixie/main amd64 libbrotli1 amd64 1.1.0-2+b7 [307 kB]
2026-10-02T12:00:46.2545653Z #6 1.770 Get:37 http://deb.debian.org/debian trixie/main amd64 libcom-err2 amd64 1.47.2-3+b12 [25.0 kB]
2026-10-02T12:00:46.2546333Z #6 1.773 Get:38 http://deb.debian.org/debian trixie/main amd64 libunistring5 amd64 1.3-2 [477 kB]
2026-10-02T12:00:46.2546878Z #6 1.774 Get:39 http://deb.debian.org/debian trixie/main amd64 libidn2-0 amd64 2.3.8-2 [109 kB]
2026-10-02T12:00:46.2547428Z #6 1.775 Get:40 http://deb.debian.org/debian trixie/main amd64 libp11-kit0 amd64 0.25.5-3 [425 kB]
2026-10-02T12:00:46.2548021Z #6 1.776 Get:41 http://deb.debian.org/debian trixie/main amd64 libtasn1-6 amd64 4.20.0-2+deb13u1 [50.1 kB]
2026-10-02T12:00:46.2548634Z #6 1.782 Get:42 http://deb.debian.org/debian trixie/main amd64 libgnutls30t64 amd64 3.8.9-3+deb13u4 [1469 kB]
2026-10-02T12:00:46.3964652Z #6 1.786 Get:43 http://deb.debian.org/debian trixie/main amd64 libkrb5support0 amd64 1.21.3-5+deb13u1 [33.1 kB]
2026-10-02T12:00:46.3965543Z #6 1.786 Get:44 http://deb.debian.org/debian trixie/main amd64 libk5crypto3 amd64 1.21.3-5+deb13u1 [81.2 kB]
2026-10-02T12:00:46.3966229Z #6 1.787 Get:45 http://deb.debian.org/debian trixie/main amd64 libkeyutils1 amd64 1.6.3-6 [9456 B]
2026-10-02T12:00:46.3966688Z #6 1.787 Get:46 http://deb.debian.org/debian trixie/main amd64 libkrb5-3 amd64 1.21.3-5+deb13u1 [326 kB]
2026-10-02T12:00:46.3967164Z #6 1.787 Get:47 http://deb.debian.org/debian trixie/main amd64 libgssapi-krb5-2 amd64 1.21.3-5+deb13u1 [138 kB]
2026-10-02T12:00:46.3967612Z #6 1.790 Get:48 http://deb.debian.org/debian trixie/main amd64 libsasl2-modules-db amd64 2.1.28+dfsg1-9 [19.8 kB]
2026-10-02T12:00:46.3968071Z #6 1.791 Get:49 http://deb.debian.org/debian trixie/main amd64 libsasl2-2 amd64 2.1.28+dfsg1-9 [57.5 kB]
2026-10-02T12:00:46.3968807Z #6 1.791 Get:50 http://deb.debian.org/debian trixie/main amd64 libldap2 amd64 2.6.10+dfsg-1 [194 kB]
2026-10-02T12:00:46.3969595Z #6 1.791 Get:51 http://deb.debian.org/debian trixie/main amd64 libnghttp2-14 amd64 1.64.0-1.1+deb13u1 [76.2 kB]
2026-10-02T12:00:46.3970161Z #6 1.799 Get:52 http://deb.debian.org/debian trixie/main amd64 libnghttp3-9 amd64 1.8.0-1 [67.7 kB]
2026-10-02T12:00:46.3970560Z #6 1.799 Get:53 http://deb.debian.org/debian trixie/main amd64 libngtcp2-16 amd64 1.11.0-1+deb13u1 [132 kB]
2026-10-02T12:00:46.3970978Z #6 1.799 Get:54 http://deb.debian.org/debian trixie/main amd64 libngtcp2-crypto-gnutls8 amd64 1.11.0-1+deb13u1 [29.5 kB]
2026-10-02T12:00:46.3971418Z #6 1.800 Get:55 http://deb.debian.org/debian trixie/main amd64 libpsl5t64 amd64 0.21.2-1.1+b1 [57.2 kB]
2026-10-02T12:00:46.3971758Z #6 1.800 Get:56 http://deb.debian.org/debian trixie/main amd64 librtmp1 amd64 2.4+20151223.gitfa8646d.1-2+b5 [58.8 kB]
2026-10-02T12:00:46.3972104Z #6 1.800 Get:57 http://deb.debian.org/debian trixie/main amd64 libssh2-1t64 amd64 1.11.1-1+deb13u2 [245 kB]
2026-10-02T12:00:46.3972444Z #6 1.807 Get:58 http://deb.debian.org/debian trixie/main amd64 libcurl3t64-gnutls amd64 8.14.1-2+deb13u5 [384 kB]
2026-10-02T12:00:46.3972774Z #6 1.808 Get:59 http://deb.debian.org/debian trixie/main amd64 libjson-c5 amd64 0.18+ds-1 [46.0 kB]
2026-10-02T12:00:46.3973086Z #6 1.809 Get:60 http://deb.debian.org/debian trixie/main amd64 libdebuginfod1t64 amd64 0.192-4 [32.4 kB]
2026-10-02T12:00:46.3973394Z #6 1.809 Get:61 http://deb.debian.org/debian trixie/main amd64 libnuma1 amd64 2.0.19-1 [22.2 kB]
2026-10-02T12:00:46.3973693Z #6 1.817 Get:62 http://deb.debian.org/debian trixie/main amd64 libopencsd1 amd64 1.5.5-1 [197 kB]
2026-10-02T12:00:46.3974188Z #6 1.826 Get:63 http://deb.debian.org/debian trixie/main amd64 libpython3.13 amd64 3.13.5-2+deb13u5 [2160 kB]
2026-10-02T12:00:46.3974575Z #6 1.839 Get:64 http://deb.debian.org/debian trixie/main amd64 libslang2 amd64 2.3.3-5+b2 [549 kB]
2026-10-02T12:00:46.3974880Z #6 1.840 Get:65 http://deb.debian.org/debian trixie/main amd64 libtraceevent1 amd64 1:1.8.4-2 [57.3 kB]
2026-10-02T12:00:46.3975190Z #6 1.840 Get:66 http://deb.debian.org/debian trixie/main amd64 libunwind8 amd64 1.8.1-0.1 [56.3 kB]
2026-10-02T12:00:46.3975533Z #6 1.849 Get:67 http://deb.debian.org/debian-security trixie-security/main amd64 linux-perf amd64 6.12.111-1 [4993 kB]
2026-10-02T12:00:46.3975975Z #6 1.927 debconf: unable to initialize frontend: Dialog
2026-10-02T12:00:46.3976192Z #6 1.927 debconf: (TERM is not set, so the dialog frontend is not usable.)
2026-10-02T12:00:46.3976401Z #6 1.927 debconf: falling back to frontend: Readline
2026-10-02T12:00:46.5490914Z #6 1.927 debconf: unable to initialize frontend: Readline
2026-10-02T12:00:46.5492051Z #6 1.927 debconf: (Can't locate Term/ReadLine.pm in @INC (you may need to install the Term::ReadLine module) (@INC entries checked: /etc/perl /usr/local/lib/x86_64-linux-gnu/perl/5.40.1 /usr/local/share/perl/5.40.1 /usr/lib/x86_64-linux-gnu/perl5/5.40 /usr/share/perl5 /usr/lib/x86_64-linux-gnu/perl-base /usr/lib/x86_64-linux-gnu/perl/5.40 /usr/share/perl/5.40 /usr/local/lib/site_perl) at /usr/share/perl5/Debconf/FrontEnd/Readline.pm line 8, <STDIN> line 67.)
2026-10-02T12:00:46.5493254Z #6 1.927 debconf: falling back to frontend: Teletype
2026-10-02T12:00:46.5493456Z #6 1.929 debconf: unable to initialize frontend: Teletype
2026-10-02T12:00:46.5493667Z #6 1.929 debconf: (This frontend requires a controlling tty.)
2026-10-02T12:00:46.5493879Z #6 1.929 debconf: falling back to frontend: Noninteractive
2026-10-02T12:00:47.2069969Z #6 2.738 Preconfiguring packages ...
2026-10-02T12:00:47.3114302Z #6 2.764 Fetched 36.2 MB in 0s (128 MB/s)
2026-10-02T12:00:47.3114756Z #6 2.769 Selecting previously unselected package libtext-charwidth-perl:amd64.
2026-10-02T12:00:47.3115155Z #6 2.769 (Reading database ... 
2026-10-02T12:00:47.3115496Z (Reading database ... 5%
2026-10-02T12:00:47.3115695Z (Reading database ... 10%
2026-10-02T12:00:47.3116011Z (Reading database ... 15%
2026-10-02T12:00:47.3116205Z (Reading database ... 20%
2026-10-02T12:00:47.3116393Z (Reading database ... 25%
2026-10-02T12:00:47.3116585Z (Reading database ... 30%
2026-10-02T12:00:47.3116942Z (Reading database ... 35%
2026-10-02T12:00:47.3117065Z (Reading database ... 40%
2026-10-02T12:00:47.3117184Z (Reading database ... 45%
2026-10-02T12:00:47.3117303Z (Reading database ... 50%
2026-10-02T12:00:47.3117420Z (Reading database ... 55%
2026-10-02T12:00:47.3117535Z (Reading database ... 60%
2026-10-02T12:00:47.3117652Z (Reading database ... 65%
2026-10-02T12:00:47.3117768Z (Reading database ... 70%
2026-10-02T12:00:47.3117885Z (Reading database ... 75%
2026-10-02T12:00:47.3118077Z (Reading database ... 80%
2026-10-02T12:00:47.3118246Z (Reading database ... 85%
2026-10-02T12:00:47.3118405Z (Reading database ... 90%
2026-10-02T12:00:47.3118532Z (Reading database ... 95%
2026-10-02T12:00:47.3118655Z (Reading database ... 100%
2026-10-02T12:00:47.3118829Z (Reading database ... 5660 files and directories currently installed.)
2026-10-02T12:00:47.3119089Z #6 2.772 Preparing to unpack .../0-libtext-charwidth-perl_0.04-11+b4_amd64.deb ...
2026-10-02T12:00:47.3119337Z #6 2.772 Unpacking libtext-charwidth-perl:amd64 (0.04-11+b4) ...
2026-10-02T12:00:47.3119565Z #6 2.778 Selecting previously unselected package libtext-wrapi18n-perl.
2026-10-02T12:00:47.3119899Z #6 2.779 Preparing to unpack .../1-libtext-wrapi18n-perl_0.06-10_all.deb ...
2026-10-02T12:00:47.3120184Z #6 2.779 Unpacking libtext-wrapi18n-perl (0.06-10) ...
2026-10-02T12:00:47.3120503Z #6 2.786 Selecting previously unselected package libproc2-0:amd64.
2026-10-02T12:00:47.3120873Z #6 2.786 Preparing to unpack .../2-libproc2-0_2%3a4.0.4-9_amd64.deb ...
2026-10-02T12:00:47.3121172Z #6 2.787 Unpacking libproc2-0:amd64 (2:4.0.4-9) ...
2026-10-02T12:00:47.3121352Z #6 2.796 Selecting previously unselected package procps.
2026-10-02T12:00:47.3121613Z #6 2.796 Preparing to unpack .../3-procps_2%3a4.0.4-9_amd64.deb ...
2026-10-02T12:00:47.3121904Z #6 2.798 Unpacking procps (2:4.0.4-9) ...
2026-10-02T12:00:47.3122198Z #6 2.824 Selecting previously unselected package sensible-utils.
2026-10-02T12:00:47.3122559Z #6 2.825 Preparing to unpack .../4-sensible-utils_0.0.25_all.deb ...
2026-10-02T12:00:47.3122868Z #6 2.825 Unpacking sensible-utils (0.0.25) ...
2026-10-02T12:00:47.3123144Z #6 2.833 Selecting previously unselected package ucf.
2026-10-02T12:00:47.3123442Z #6 2.833 Preparing to unpack .../5-ucf_3.0052_all.deb ...
2026-10-02T12:00:47.3123714Z #6 2.834 Moving old data out of the way
2026-10-02T12:00:47.3123941Z #6 2.834 Unpacking ucf (3.0052) ...
2026-10-02T12:00:47.3124234Z #6 2.842 Selecting previously unselected package libdebuginfod-common.
2026-10-02T12:00:47.4354339Z #6 2.843 Preparing to unpack .../6-libdebuginfod-common_0.192-4_all.deb ...
2026-10-02T12:00:47.4354762Z #6 2.843 Unpacking libdebuginfod-common (0.192-4) ...
2026-10-02T12:00:47.4355076Z #6 2.850 Selecting previously unselected package libexpat1:amd64.
2026-10-02T12:00:47.4355418Z #6 2.851 Preparing to unpack .../7-libexpat1_2.8.3-1~deb13u1_amd64.deb ...
2026-10-02T12:00:47.4355744Z #6 2.851 Unpacking libexpat1:amd64 (2.8.3-1~deb13u1) ...
2026-10-02T12:00:47.4356232Z #6 2.862 Selecting previously unselected package libpython3.13-minimal:amd64.
2026-10-02T12:00:47.4356645Z #6 2.862 Preparing to unpack .../8-libpython3.13-minimal_3.13.5-2+deb13u5_amd64.deb ...
2026-10-02T12:00:47.4357028Z #6 2.863 Unpacking libpython3.13-minimal:amd64 (3.13.5-2+deb13u5) ...
2026-10-02T12:00:47.4357372Z #6 2.893 Selecting previously unselected package python3.13-minimal.
2026-10-02T12:00:47.4357752Z #6 2.894 Preparing to unpack .../9-python3.13-minimal_3.13.5-2+deb13u5_amd64.deb ...
2026-10-02T12:00:47.4358139Z #6 2.896 Unpacking python3.13-minimal (3.13.5-2+deb13u5) ...
2026-10-02T12:00:47.4358482Z #6 2.966 Setting up libpython3.13-minimal:amd64 (3.13.5-2+deb13u5) ...
2026-10-02T12:00:47.5894030Z #6 2.969 Setting up libexpat1:amd64 (2.8.3-1~deb13u1) ...
2026-10-02T12:00:47.5894375Z #6 2.970 Setting up python3.13-minimal (3.13.5-2+deb13u5) ...
2026-10-02T12:00:47.8076212Z #6 3.338 Selecting previously unselected package python3-minimal.
2026-10-02T12:00:47.9699215Z #6 3.338 (Reading database ... 
2026-10-02T12:00:47.9699711Z (Reading database ... 5%
2026-10-02T12:00:47.9699852Z (Reading database ... 10%
2026-10-02T12:00:47.9699981Z (Reading database ... 15%
2026-10-02T12:00:47.9700104Z (Reading database ... 20%
2026-10-02T12:00:47.9700222Z (Reading database ... 25%
2026-10-02T12:00:47.9700339Z (Reading database ... 30%
2026-10-02T12:00:47.9700456Z (Reading database ... 35%
2026-10-02T12:00:47.9700571Z (Reading database ... 40%
2026-10-02T12:00:47.9700772Z (Reading database ... 45%
2026-10-02T12:00:47.9700888Z (Reading database ... 50%
2026-10-02T12:00:47.9701004Z (Reading database ... 55%
2026-10-02T12:00:47.9701120Z (Reading database ... 60%
2026-10-02T12:00:47.9701236Z (Reading database ... 65%
2026-10-02T12:00:47.9701356Z (Reading database ... 70%
2026-10-02T12:00:47.9701473Z (Reading database ... 75%
2026-10-02T12:00:47.9701589Z (Reading database ... 80%
2026-10-02T12:00:47.9701706Z (Reading database ... 85%
2026-10-02T12:00:47.9701824Z (Reading database ... 90%
2026-10-02T12:00:47.9701944Z (Reading database ... 95%
2026-10-02T12:00:47.9702064Z (Reading database ... 100%
2026-10-02T12:00:47.9702242Z (Reading database ... 6265 files and directories currently installed.)
2026-10-02T12:00:47.9702497Z #6 3.340 Preparing to unpack .../python3-minimal_3.13.5-1_amd64.deb ...
2026-10-02T12:00:47.9702705Z #6 3.341 Unpacking python3-minimal (3.13.5-1) ...
2026-10-02T12:00:47.9702898Z #6 3.348 Selecting previously unselected package media-types.
2026-10-02T12:00:47.9703106Z #6 3.348 Preparing to unpack .../media-types_13.0.0_all.deb ...
2026-10-02T12:00:47.9703286Z #6 3.349 Unpacking media-types (13.0.0) ...
2026-10-02T12:00:47.9703490Z #6 3.355 Selecting previously unselected package libpython3.13-stdlib:amd64.
2026-10-02T12:00:47.9703752Z #6 3.355 Preparing to unpack .../libpython3.13-stdlib_3.13.5-2+deb13u5_amd64.deb ...
2026-10-02T12:00:47.9703997Z #6 3.356 Unpacking libpython3.13-stdlib:amd64 (3.13.5-2+deb13u5) ...
2026-10-02T12:00:47.9704207Z #6 3.417 Selecting previously unselected package python3.13.
2026-10-02T12:00:47.9704423Z #6 3.417 Preparing to unpack .../python3.13_3.13.5-2+deb13u5_amd64.deb ...
2026-10-02T12:00:47.9704628Z #6 3.418 Unpacking python3.13 (3.13.5-2+deb13u5) ...
2026-10-02T12:00:47.9704834Z #6 3.427 Selecting previously unselected package libpython3-stdlib:amd64.
2026-10-02T12:00:47.9705068Z #6 3.427 Preparing to unpack .../libpython3-stdlib_3.13.5-1_amd64.deb ...
2026-10-02T12:00:47.9705279Z #6 3.428 Unpacking libpython3-stdlib:amd64 (3.13.5-1) ...
2026-10-02T12:00:47.9705464Z #6 3.436 Setting up python3-minimal (3.13.5-1) ...
2026-10-02T12:00:47.9705646Z #6 3.501 Selecting previously unselected package python3.
2026-10-02T12:00:48.0993129Z #6 3.501 (Reading database ... 
2026-10-02T12:00:48.0993405Z (Reading database ... 5%
2026-10-02T12:00:48.0993598Z (Reading database ... 10%
2026-10-02T12:00:48.0993784Z (Reading database ... 15%
2026-10-02T12:00:48.0993966Z (Reading database ... 20%
2026-10-02T12:00:48.0994146Z (Reading database ... 25%
2026-10-02T12:00:48.0994330Z (Reading database ... 30%
2026-10-02T12:00:48.0994544Z (Reading database ... 35%
2026-10-02T12:00:48.0994726Z (Reading database ... 40%
2026-10-02T12:00:48.0994911Z (Reading database ... 45%
2026-10-02T12:00:48.0995094Z (Reading database ... 50%
2026-10-02T12:00:48.0995275Z (Reading database ... 55%
2026-10-02T12:00:48.0995455Z (Reading database ... 60%
2026-10-02T12:00:48.0995732Z (Reading database ... 65%
2026-10-02T12:00:48.0996069Z (Reading database ... 70%
2026-10-02T12:00:48.0996307Z (Reading database ... 75%
2026-10-02T12:00:48.0996548Z (Reading database ... 80%
2026-10-02T12:00:48.0996763Z (Reading database ... 85%
2026-10-02T12:00:48.0996975Z (Reading database ... 90%
2026-10-02T12:00:48.0997186Z (Reading database ... 95%
2026-10-02T12:00:48.0997400Z (Reading database ... 100%
2026-10-02T12:00:48.0997702Z (Reading database ... 6719 files and directories currently installed.)
2026-10-02T12:00:48.0998099Z #6 3.503 Preparing to unpack .../00-python3_3.13.5-1_amd64.deb ...
2026-10-02T12:00:48.0998563Z #6 3.505 Unpacking python3 (3.13.5-1) ...
2026-10-02T12:00:48.0998880Z #6 3.512 Selecting previously unselected package perl-modules-5.40.
2026-10-02T12:00:48.0999286Z #6 3.513 Preparing to unpack .../01-perl-modules-5.40_5.40.1-6+deb13u1_all.deb ...
2026-10-02T12:00:48.0999663Z #6 3.513 Unpacking perl-modules-5.40 (5.40.1-6+deb13u1) ...
2026-10-02T12:00:48.1000080Z #6 3.630 Selecting previously unselected package libgdbm-compat4t64:amd64.
2026-10-02T12:00:48.2412050Z #6 3.631 Preparing to unpack .../02-libgdbm-compat4t64_1.24-2_amd64.deb ...
2026-10-02T12:00:48.2412545Z #6 3.632 Unpacking libgdbm-compat4t64:amd64 (1.24-2) ...
2026-10-02T12:00:48.2412757Z #6 3.640 Selecting previously unselected package libperl5.40:amd64.
2026-10-02T12:00:48.2412997Z #6 3.641 Preparing to unpack .../03-libperl5.40_5.40.1-6+deb13u1_amd64.deb ...
2026-10-02T12:00:48.2413219Z #6 3.641 Unpacking libperl5.40:amd64 (5.40.1-6+deb13u1) ...
2026-10-02T12:00:48.2413408Z #6 3.772 Selecting previously unselected package perl.
2026-10-02T12:00:48.3416752Z #6 3.773 Preparing to unpack .../04-perl_5.40.1-6+deb13u1_amd64.deb ...
2026-10-02T12:00:48.3417021Z #6 3.773 Unpacking perl (5.40.1-6+deb13u1) ...
2026-10-02T12:00:48.3417227Z #6 3.786 Selecting previously unselected package libsframe1:amd64.
2026-10-02T12:00:48.3417452Z #6 3.787 Preparing to unpack .../05-libsframe1_2.44-3_amd64.deb ...
2026-10-02T12:00:48.3417642Z #6 3.787 Unpacking libsframe1:amd64 (2.44-3) ...
2026-10-02T12:00:48.3417841Z #6 3.795 Selecting previously unselected package binutils-common:amd64.
2026-10-02T12:00:48.3418083Z #6 3.795 Preparing to unpack .../06-binutils-common_2.44-3_amd64.deb ...
2026-10-02T12:00:48.3418292Z #6 3.796 Unpacking binutils-common:amd64 (2.44-3) ...
2026-10-02T12:00:48.3418489Z #6 3.872 Selecting previously unselected package libbinutils:amd64.
2026-10-02T12:00:48.4715315Z #6 3.873 Preparing to unpack .../07-libbinutils_2.44-3_amd64.deb ...
2026-10-02T12:00:48.4715585Z #6 3.874 Unpacking libbinutils:amd64 (2.44-3) ...
2026-10-02T12:00:48.4715969Z #6 3.897 Selecting previously unselected package libgprofng0:amd64.
2026-10-02T12:00:48.4716232Z #6 3.897 Preparing to unpack .../08-libgprofng0_2.44-3_amd64.deb ...
2026-10-02T12:00:48.4716424Z #6 3.898 Unpacking libgprofng0:amd64 (2.44-3) ...
2026-10-02T12:00:48.4716618Z #6 3.929 Selecting previously unselected package libctf-nobfd0:amd64.
2026-10-02T12:00:48.4716840Z #6 3.930 Preparing to unpack .../09-libctf-nobfd0_2.44-3_amd64.deb ...
2026-10-02T12:00:48.4717036Z #6 3.930 Unpacking libctf-nobfd0:amd64 (2.44-3) ...
2026-10-02T12:00:48.4717242Z #6 3.941 Selecting previously unselected package libctf0:amd64.
2026-10-02T12:00:48.4717449Z #6 3.941 Preparing to unpack .../10-libctf0_2.44-3_amd64.deb ...
2026-10-02T12:00:48.4717633Z #6 3.942 Unpacking libctf0:amd64 (2.44-3) ...
2026-10-02T12:00:48.4717820Z #6 3.951 Selecting previously unselected package libjansson4:amd64.
2026-10-02T12:00:48.4718042Z #6 3.951 Preparing to unpack .../11-libjansson4_2.14-2+b3_amd64.deb ...
2026-10-02T12:00:48.4718244Z #6 3.952 Unpacking libjansson4:amd64 (2.14-2+b3) ...
2026-10-02T12:00:48.4718453Z #6 3.958 Selecting previously unselected package binutils-x86-64-linux-gnu.
2026-10-02T12:00:48.4718710Z #6 3.959 Preparing to unpack .../12-binutils-x86-64-linux-gnu_2.44-3_amd64.deb ...
2026-10-02T12:00:48.4718940Z #6 3.959 Unpacking binutils-x86-64-linux-gnu (2.44-3) ...
2026-10-02T12:00:48.4719127Z #6 4.002 Selecting previously unselected package binutils.
2026-10-02T12:00:48.6056684Z #6 4.003 Preparing to unpack .../13-binutils_2.44-3_amd64.deb ...
2026-10-02T12:00:48.6056988Z #6 4.004 Unpacking binutils (2.44-3) ...
2026-10-02T12:00:48.6057165Z #6 4.017 Selecting previously unselected package gosu.
2026-10-02T12:00:48.6057372Z #6 4.018 Preparing to unpack .../14-gosu_1.17-3+b4_amd64.deb ...
2026-10-02T12:00:48.6057553Z #6 4.018 Unpacking gosu (1.17-3+b4) ...
2026-10-02T12:00:48.6057740Z #6 4.052 Selecting previously unselected package libatomic1:amd64.
2026-10-02T12:00:48.6057960Z #6 4.052 Preparing to unpack .../15-libatomic1_14.2.0-19_amd64.deb ...
2026-10-02T12:00:48.6058319Z #6 4.053 Unpacking libatomic1:amd64 (14.2.0-19) ...
2026-10-02T12:00:48.6058517Z #6 4.060 Selecting previously unselected package libelf1t64:amd64.
2026-10-02T12:00:48.6058735Z #6 4.060 Preparing to unpack .../16-libelf1t64_0.192-4_amd64.deb ...
2026-10-02T12:00:48.6058939Z #6 4.061 Unpacking libelf1t64:amd64 (0.192-4) ...
2026-10-02T12:00:48.6059133Z #6 4.073 Selecting previously unselected package libdw1t64:amd64.
2026-10-02T12:00:48.6059442Z #6 4.073 Preparing to unpack .../17-libdw1t64_0.192-4_amd64.deb ...
2026-10-02T12:00:48.6059627Z #6 4.074 Unpacking libdw1t64:amd64 (0.192-4) ...
2026-10-02T12:00:48.6059826Z #6 4.089 Selecting previously unselected package libglib2.0-0t64:amd64.
2026-10-02T12:00:48.6060072Z #6 4.089 Preparing to unpack .../18-libglib2.0-0t64_2.84.4-3~deb13u5_amd64.deb ...
2026-10-02T12:00:48.6060303Z #6 4.092 Unpacking libglib2.0-0t64:amd64 (2.84.4-3~deb13u5) ...
2026-10-02T12:00:48.6060518Z #6 4.136 Selecting previously unselected package libbabeltrace1:amd64.
2026-10-02T12:00:48.7393949Z #6 4.137 Preparing to unpack .../19-libbabeltrace1_1.5.11-4+b2_amd64.deb ...
2026-10-02T12:00:48.7394254Z #6 4.138 Unpacking libbabeltrace1:amd64 (1.5.11-4+b2) ...
2026-10-02T12:00:48.7394471Z #6 4.149 Selecting previously unselected package libbrotli1:amd64.
2026-10-02T12:00:48.7394704Z #6 4.150 Preparing to unpack .../20-libbrotli1_1.1.0-2+b7_amd64.deb ...
2026-10-02T12:00:48.7394909Z #6 4.150 Unpacking libbrotli1:amd64 (1.1.0-2+b7) ...
2026-10-02T12:00:48.7395134Z #6 4.166 Selecting previously unselected package libcom-err2:amd64.
2026-10-02T12:00:48.7395363Z #6 4.167 Preparing to unpack .../21-libcom-err2_1.47.2-3+b12_amd64.deb ...
2026-10-02T12:00:48.7395575Z #6 4.167 Unpacking libcom-err2:amd64 (1.47.2-3+b12) ...
2026-10-02T12:00:48.7395782Z #6 4.175 Selecting previously unselected package libunistring5:amd64.
2026-10-02T12:00:48.7396186Z #6 4.175 Preparing to unpack .../22-libunistring5_1.3-2_amd64.deb ...
2026-10-02T12:00:48.7396392Z #6 4.176 Unpacking libunistring5:amd64 (1.3-2) ...
2026-10-02T12:00:48.7396588Z #6 4.198 Selecting previously unselected package libidn2-0:amd64.
2026-10-02T12:00:48.7396803Z #6 4.198 Preparing to unpack .../23-libidn2-0_2.3.8-2_amd64.deb ...
2026-10-02T12:00:48.7396993Z #6 4.199 Unpacking libidn2-0:amd64 (2.3.8-2) ...
2026-10-02T12:00:48.7397203Z #6 4.209 Selecting previously unselected package libp11-kit0:amd64.
2026-10-02T12:00:48.7397606Z #6 4.209 Preparing to unpack .../24-libp11-kit0_0.25.5-3_amd64.deb ...
2026-10-02T12:00:48.7397930Z #6 4.210 Unpacking libp11-kit0:amd64 (0.25.5-3) ...
2026-10-02T12:00:48.7398216Z #6 4.226 Selecting previously unselected package libtasn1-6:amd64.
2026-10-02T12:00:48.7398607Z #6 4.227 Preparing to unpack .../25-libtasn1-6_4.20.0-2+deb13u1_amd64.deb ...
2026-10-02T12:00:48.7398868Z #6 4.227 Unpacking libtasn1-6:amd64 (4.20.0-2+deb13u1) ...
2026-10-02T12:00:48.7399142Z #6 4.235 Selecting previously unselected package libgnutls30t64:amd64.
2026-10-02T12:00:48.7399450Z #6 4.236 Preparing to unpack .../26-libgnutls30t64_3.8.9-3+deb13u4_amd64.deb ...
2026-10-02T12:00:48.7399722Z #6 4.236 Unpacking libgnutls30t64:amd64 (3.8.9-3+deb13u4) ...
2026-10-02T12:00:48.7399941Z #6 4.270 Selecting previously unselected package libkrb5support0:amd64.
2026-10-02T12:00:48.8410879Z #6 4.271 Preparing to unpack .../27-libkrb5support0_1.21.3-5+deb13u1_amd64.deb ...
2026-10-02T12:00:48.8411166Z #6 4.271 Unpacking libkrb5support0:amd64 (1.21.3-5+deb13u1) ...
2026-10-02T12:00:48.8411410Z #6 4.279 Selecting previously unselected package libk5crypto3:amd64.
2026-10-02T12:00:48.8411656Z #6 4.280 Preparing to unpack .../28-libk5crypto3_1.21.3-5+deb13u1_amd64.deb ...
2026-10-02T12:00:48.8411877Z #6 4.280 Unpacking libk5crypto3:amd64 (1.21.3-5+deb13u1) ...
2026-10-02T12:00:48.8412086Z #6 4.289 Selecting previously unselected package libkeyutils1:amd64.
2026-10-02T12:00:48.8412307Z #6 4.289 Preparing to unpack .../29-libkeyutils1_1.6.3-6_amd64.deb ...
2026-10-02T12:00:48.8412501Z #6 4.290 Unpacking libkeyutils1:amd64 (1.6.3-6) ...
2026-10-02T12:00:48.8412831Z #6 4.296 Selecting previously unselected package libkrb5-3:amd64.
2026-10-02T12:00:48.8413110Z #6 4.297 Preparing to unpack .../30-libkrb5-3_1.21.3-5+deb13u1_amd64.deb ...
2026-10-02T12:00:48.8413567Z #6 4.297 Unpacking libkrb5-3:amd64 (1.21.3-5+deb13u1) ...
2026-10-02T12:00:48.8413932Z #6 4.313 Selecting previously unselected package libgssapi-krb5-2:amd64.
2026-10-02T12:00:48.8414276Z #6 4.314 Preparing to unpack .../31-libgssapi-krb5-2_1.21.3-5+deb13u1_amd64.deb ...
2026-10-02T12:00:48.8414790Z #6 4.314 Unpacking libgssapi-krb5-2:amd64 (1.21.3-5+deb13u1) ...
2026-10-02T12:00:48.8415020Z #6 4.324 Selecting previously unselected package libsasl2-modules-db:amd64.
2026-10-02T12:00:48.8415276Z #6 4.324 Preparing to unpack .../32-libsasl2-modules-db_2.1.28+dfsg1-9_amd64.deb ...
2026-10-02T12:00:48.8415573Z #6 4.325 Unpacking libsasl2-modules-db:amd64 (2.1.28+dfsg1-9) ...
2026-10-02T12:00:48.8415941Z #6 4.332 Selecting previously unselected package libsasl2-2:amd64.
2026-10-02T12:00:48.8416244Z #6 4.332 Preparing to unpack .../33-libsasl2-2_2.1.28+dfsg1-9_amd64.deb ...
2026-10-02T12:00:48.8416455Z #6 4.333 Unpacking libsasl2-2:amd64 (2.1.28+dfsg1-9) ...
2026-10-02T12:00:48.8416649Z #6 4.341 Selecting previously unselected package libldap2:amd64.
2026-10-02T12:00:48.8416922Z #6 4.341 Preparing to unpack .../34-libldap2_2.6.10+dfsg-1_amd64.deb ...
2026-10-02T12:00:48.8417165Z #6 4.342 Unpacking libldap2:amd64 (2.6.10+dfsg-1) ...
2026-10-02T12:00:48.8417370Z #6 4.354 Selecting previously unselected package libnghttp2-14:amd64.
2026-10-02T12:00:48.8417722Z #6 4.354 Preparing to unpack .../35-libnghttp2-14_1.64.0-1.1+deb13u1_amd64.deb ...
2026-10-02T12:00:48.8418120Z #6 4.355 Unpacking libnghttp2-14:amd64 (1.64.0-1.1+deb13u1) ...
2026-10-02T12:00:48.8418477Z #6 4.363 Selecting previously unselected package libnghttp3-9:amd64.
2026-10-02T12:00:48.8418836Z #6 4.363 Preparing to unpack .../36-libnghttp3-9_1.8.0-1_amd64.deb ...
2026-10-02T12:00:48.8419091Z #6 4.364 Unpacking libnghttp3-9:amd64 (1.8.0-1) ...
2026-10-02T12:00:48.8419304Z #6 4.372 Selecting previously unselected package libngtcp2-16:amd64.
2026-10-02T12:00:48.9435416Z #6 4.372 Preparing to unpack .../37-libngtcp2-16_1.11.0-1+deb13u1_amd64.deb ...
2026-10-02T12:00:48.9435694Z #6 4.373 Unpacking libngtcp2-16:amd64 (1.11.0-1+deb13u1) ...
2026-10-02T12:00:48.9436058Z #6 4.383 Selecting previously unselected package libngtcp2-crypto-gnutls8:amd64.
2026-10-02T12:00:48.9436345Z #6 4.383 Preparing to unpack .../38-libngtcp2-crypto-gnutls8_1.11.0-1+deb13u1_amd64.deb ...
2026-10-02T12:00:48.9436637Z #6 4.384 Unpacking libngtcp2-crypto-gnutls8:amd64 (1.11.0-1+deb13u1) ...
2026-10-02T12:00:48.9436868Z #6 4.391 Selecting previously unselected package libpsl5t64:amd64.
2026-10-02T12:00:48.9437089Z #6 4.391 Preparing to unpack .../39-libpsl5t64_0.21.2-1.1+b1_amd64.deb ...
2026-10-02T12:00:48.9437296Z #6 4.392 Unpacking libpsl5t64:amd64 (0.21.2-1.1+b1) ...
2026-10-02T12:00:48.9437492Z #6 4.400 Selecting previously unselected package librtmp1:amd64.
2026-10-02T12:00:48.9437783Z #6 4.400 Preparing to unpack .../40-librtmp1_2.4+20151223.gitfa8646d.1-2+b5_amd64.deb ...
2026-10-02T12:00:48.9438196Z #6 4.400 Unpacking librtmp1:amd64 (2.4+20151223.gitfa8646d.1-2+b5) ...
2026-10-02T12:00:48.9438567Z #6 4.408 Selecting previously unselected package libssh2-1t64:amd64.
2026-10-02T12:00:48.9438977Z #6 4.409 Preparing to unpack .../41-libssh2-1t64_1.11.1-1+deb13u2_amd64.deb ...
2026-10-02T12:00:48.9439207Z #6 4.409 Unpacking libssh2-1t64:amd64 (1.11.1-1+deb13u2) ...
2026-10-02T12:00:48.9439427Z #6 4.420 Selecting previously unselected package libcurl3t64-gnutls:amd64.
2026-10-02T12:00:48.9439752Z #6 4.420 Preparing to unpack .../42-libcurl3t64-gnutls_8.14.1-2+deb13u5_amd64.deb ...
2026-10-02T12:00:48.9439995Z #6 4.421 Unpacking libcurl3t64-gnutls:amd64 (8.14.1-2+deb13u5) ...
2026-10-02T12:00:48.9440210Z #6 4.437 Selecting previously unselected package libjson-c5:amd64.
2026-10-02T12:00:48.9440427Z #6 4.438 Preparing to unpack .../43-libjson-c5_0.18+ds-1_amd64.deb ...
2026-10-02T12:00:48.9440748Z #6 4.438 Unpacking libjson-c5:amd64 (0.18+ds-1) ...
2026-10-02T12:00:48.9440958Z #6 4.446 Selecting previously unselected package libdebuginfod1t64:amd64.
2026-10-02T12:00:48.9441204Z #6 4.446 Preparing to unpack .../44-libdebuginfod1t64_0.192-4_amd64.deb ...
2026-10-02T12:00:48.9441421Z #6 4.447 Unpacking libdebuginfod1t64:amd64 (0.192-4) ...
2026-10-02T12:00:48.9441617Z #6 4.454 Selecting previously unselected package libnuma1:amd64.
2026-10-02T12:00:48.9441905Z #6 4.454 Preparing to unpack .../45-libnuma1_2.0.19-1_amd64.deb ...
2026-10-02T12:00:48.9442093Z #6 4.455 Unpacking libnuma1:amd64 (2.0.19-1) ...
2026-10-02T12:00:48.9442283Z #6 4.461 Selecting previously unselected package libopencsd1:amd64.
2026-10-02T12:00:48.9442499Z #6 4.462 Preparing to unpack .../46-libopencsd1_1.5.5-1_amd64.deb ...
2026-10-02T12:00:48.9442695Z #6 4.462 Unpacking libopencsd1:amd64 (1.5.5-1) ...
2026-10-02T12:00:48.9442888Z #6 4.474 Selecting previously unselected package libpython3.13:amd64.
2026-10-02T12:00:49.0474465Z #6 4.475 Preparing to unpack .../47-libpython3.13_3.13.5-2+deb13u5_amd64.deb ...
2026-10-02T12:00:49.0474904Z #6 4.476 Unpacking libpython3.13:amd64 (3.13.5-2+deb13u5) ...
2026-10-02T12:00:49.0475143Z #6 4.544 Selecting previously unselected package libslang2:amd64.
2026-10-02T12:00:49.0475372Z #6 4.545 Preparing to unpack .../48-libslang2_2.3.3-5+b2_amd64.deb ...
2026-10-02T12:00:49.0475569Z #6 4.545 Unpacking libslang2:amd64 (2.3.3-5+b2) ...
2026-10-02T12:00:49.0476016Z #6 4.569 Selecting previously unselected package libtraceevent1:amd64.
2026-10-02T12:00:49.0476382Z #6 4.569 Preparing to unpack .../49-libtraceevent1_1%3a1.8.4-2_amd64.deb ...
2026-10-02T12:00:49.0476601Z #6 4.570 Unpacking libtraceevent1:amd64 (1:1.8.4-2) ...
2026-10-02T12:00:49.0476799Z #6 4.578 Selecting previously unselected package libunwind8:amd64.
2026-10-02T12:00:49.2056133Z #6 4.578 Preparing to unpack .../50-libunwind8_1.8.1-0.1_amd64.deb ...
2026-10-02T12:00:49.2056422Z #6 4.579 Unpacking libunwind8:amd64 (1.8.1-0.1) ...
2026-10-02T12:00:49.2056680Z #6 4.587 Selecting previously unselected package linux-perf.
2026-10-02T12:00:49.2056901Z #6 4.588 Preparing to unpack .../51-linux-perf_6.12.111-1_amd64.deb ...
2026-10-02T12:00:49.2057154Z #6 4.592 Adding 'diversion of /usr/bin/perf to /usr/bin/perf.wrapper by linux-perf'
2026-10-02T12:00:49.2057535Z #6 4.594 Adding 'diversion of /usr/share/bash-completion/completions/perf to /usr/share/bash-completion/completions/perf.wrapper by linux-perf'
2026-10-02T12:00:49.2057964Z #6 4.597 Adding 'diversion of /usr/share/man/man1/perf.1.gz to /usr/share/man/man1/perf.wrapper.1.gz by linux-perf'
2026-10-02T12:00:49.2058231Z #6 4.598 Unpacking linux-perf (6.12.111-1) ...
2026-10-02T12:00:49.2058394Z #6 4.736 Setting up media-types (13.0.0) ...
2026-10-02T12:00:49.4157100Z #6 4.738 Setting up libtext-charwidth-perl:amd64 (0.04-11+b4) ...
2026-10-02T12:00:49.4157529Z #6 4.740 Setting up libkeyutils1:amd64 (1.6.3-6) ...
2026-10-02T12:00:49.4157866Z #6 4.741 Setting up libgdbm-compat4t64:amd64 (1.24-2) ...
2026-10-02T12:00:49.4158182Z #6 4.742 Setting up libbrotli1:amd64 (1.1.0-2+b7) ...
2026-10-02T12:00:49.4158470Z #6 4.743 Setting up binutils-common:amd64 (2.44-3) ...
2026-10-02T12:00:49.4158692Z #6 4.744 Setting up libnghttp2-14:amd64 (1.64.0-1.1+deb13u1) ...
2026-10-02T12:00:49.4158885Z #6 4.745 Setting up libctf-nobfd0:amd64 (2.44-3) ...
2026-10-02T12:00:49.4159068Z #6 4.747 Setting up libcom-err2:amd64 (1.47.2-3+b12) ...
2026-10-02T12:00:49.4159252Z #6 4.748 Setting up libunwind8:amd64 (1.8.1-0.1) ...
2026-10-02T12:00:49.4159429Z #6 4.749 Setting up libtext-wrapi18n-perl (0.06-10) ...
2026-10-02T12:00:49.4159603Z #6 4.750 Setting up libsframe1:amd64 (2.44-3) ...
2026-10-02T12:00:49.4159772Z #6 4.751 Setting up libelf1t64:amd64 (0.192-4) ...
2026-10-02T12:00:49.4159942Z #6 4.752 Setting up libjansson4:amd64 (2.14-2+b3) ...
2026-10-02T12:00:49.4160130Z #6 4.754 Setting up libkrb5support0:amd64 (1.21.3-5+deb13u1) ...
2026-10-02T12:00:49.4160315Z #6 4.755 Setting up libdw1t64:amd64 (0.192-4) ...
2026-10-02T12:00:49.4160673Z #6 4.756 Setting up libsasl2-modules-db:amd64 (2.1.28+dfsg1-9) ...
2026-10-02T12:00:49.4160868Z #6 4.758 Setting up libslang2:amd64 (2.3.3-5+b2) ...
2026-10-02T12:00:49.4161036Z #6 4.759 Setting up libopencsd1:amd64 (1.5.5-1) ...
2026-10-02T12:00:49.4161195Z #6 4.760 Setting up gosu (1.17-3+b4) ...
2026-10-02T12:00:49.4161353Z #6 4.761 Setting up libp11-kit0:amd64 (0.25.5-3) ...
2026-10-02T12:00:49.4161523Z #6 4.762 Setting up libproc2-0:amd64 (2:4.0.4-9) ...
2026-10-02T12:00:49.4161768Z #6 4.764 Setting up libunistring5:amd64 (1.3-2) ...
2026-10-02T12:00:49.4161934Z #6 4.765 Setting up libatomic1:amd64 (14.2.0-19) ...
2026-10-02T12:00:49.4162113Z #6 4.766 Setting up libk5crypto3:amd64 (1.21.3-5+deb13u1) ...
2026-10-02T12:00:49.4162302Z #6 4.767 Setting up libsasl2-2:amd64 (2.1.28+dfsg1-9) ...
2026-10-02T12:00:49.4162478Z #6 4.768 Setting up libnghttp3-9:amd64 (1.8.0-1) ...
2026-10-02T12:00:49.4162642Z #6 4.770 Setting up libnuma1:amd64 (2.0.19-1) ...
2026-10-02T12:00:49.4162823Z #6 4.771 Setting up perl-modules-5.40 (5.40.1-6+deb13u1) ...
2026-10-02T12:00:49.4163008Z #6 4.772 Setting up sensible-utils (0.0.25) ...
2026-10-02T12:00:49.4163183Z #6 4.773 Setting up libtraceevent1:amd64 (1:1.8.4-2) ...
2026-10-02T12:00:49.4163348Z #6 4.775 Setting up procps (2:4.0.4-9) ...
2026-10-02T12:00:49.4163518Z #6 4.782 Setting up libtasn1-6:amd64 (4.20.0-2+deb13u1) ...
2026-10-02T12:00:49.4163707Z #6 4.784 Setting up libngtcp2-16:amd64 (1.11.0-1+deb13u1) ...
2026-10-02T12:00:49.4163897Z #6 4.785 Setting up libkrb5-3:amd64 (1.21.3-5+deb13u1) ...
2026-10-02T12:00:49.4164084Z #6 4.786 Setting up libssh2-1t64:amd64 (1.11.1-1+deb13u2) ...
2026-10-02T12:00:49.4164262Z #6 4.787 Setting up libbinutils:amd64 (2.44-3) ...
2026-10-02T12:00:49.4164456Z #6 4.788 Setting up libpython3.13-stdlib:amd64 (3.13.5-2+deb13u5) ...
2026-10-02T12:00:49.4164651Z #6 4.790 Setting up libjson-c5:amd64 (0.18+ds-1) ...
2026-10-02T12:00:49.4164821Z #6 4.791 Setting up libldap2:amd64 (2.6.10+dfsg-1) ...
2026-10-02T12:00:49.4165003Z #6 4.793 Setting up libpython3-stdlib:amd64 (3.13.5-1) ...
2026-10-02T12:00:49.4165176Z #6 4.794 Setting up libctf0:amd64 (2.44-3) ...
2026-10-02T12:00:49.4165353Z #6 4.795 Setting up libpython3.13:amd64 (3.13.5-2+deb13u5) ...
2026-10-02T12:00:49.4165535Z #6 4.796 Setting up python3.13 (3.13.5-2+deb13u5) ...
2026-10-02T12:00:49.6813319Z #6 5.212 Setting up python3 (3.13.5-1) ...
2026-10-02T12:00:49.7927921Z #6 5.215 running python rtupdate hooks for python3.13...
2026-10-02T12:00:49.7928250Z #6 5.282 running python post-rtupdate hooks for python3.13...
2026-10-02T12:00:49.7928458Z #6 5.324 Setting up libidn2-0:amd64 (2.3.8-2) ...
2026-10-02T12:00:49.9158945Z #6 5.325 Setting up libperl5.40:amd64 (5.40.1-6+deb13u1) ...
2026-10-02T12:00:49.9159214Z #6 5.326 Setting up perl (5.40.1-6+deb13u1) ...
2026-10-02T12:00:49.9159598Z #6 5.329 Setting up libglib2.0-0t64:amd64 (2.84.4-3~deb13u5) ...
2026-10-02T12:00:49.9159948Z #6 5.332 No schema files found: doing nothing.
2026-10-02T12:00:49.9160293Z #6 5.334 Setting up libgprofng0:amd64 (2.44-3) ...
2026-10-02T12:00:49.9160700Z #6 5.335 Setting up libgssapi-krb5-2:amd64 (1.21.3-5+deb13u1) ...
2026-10-02T12:00:49.9161135Z #6 5.337 Setting up ucf (3.0052) ...
2026-10-02T12:00:49.9161330Z #6 5.340 Setting up libbabeltrace1:amd64 (1.5.11-4+b2) ...
2026-10-02T12:00:49.9161547Z #6 5.341 Setting up binutils-x86-64-linux-gnu (2.44-3) ...
2026-10-02T12:00:49.9161772Z #6 5.342 Setting up libgnutls30t64:amd64 (3.8.9-3+deb13u4) ...
2026-10-02T12:00:49.9161998Z #6 5.344 Setting up libdebuginfod-common (0.192-4) ...
2026-10-02T12:00:49.9162205Z #6 5.380 debconf: unable to initialize frontend: Dialog
2026-10-02T12:00:49.9162436Z #6 5.380 debconf: (TERM is not set, so the dialog frontend is not usable.)
2026-10-02T12:00:49.9162675Z #6 5.380 debconf: falling back to frontend: Readline
2026-10-02T12:00:49.9162864Z #6 5.383 debconf: unable to initialize frontend: Readline
2026-10-02T12:00:49.9163082Z #6 5.383 debconf: (This frontend requires a controlling tty.)
2026-10-02T12:00:49.9163424Z #6 5.383 debconf: falling back to frontend: Teletype
2026-10-02T12:00:49.9163631Z #6 5.385 debconf: unable to initialize frontend: Teletype
2026-10-02T12:00:49.9163844Z #6 5.385 debconf: (This frontend requires a controlling tty.)
2026-10-02T12:00:49.9164062Z #6 5.385 debconf: falling back to frontend: Noninteractive
2026-10-02T12:00:49.9164274Z #6 5.395 Setting up libpsl5t64:amd64 (0.21.2-1.1+b1) ...
2026-10-02T12:00:49.9164463Z #6 5.396 Setting up binutils (2.44-3) ...
2026-10-02T12:00:49.9164743Z #6 5.398 Setting up librtmp1:amd64 (2.4+20151223.gitfa8646d.1-2+b5) ...
2026-10-02T12:00:49.9164995Z #6 5.399 Setting up libngtcp2-crypto-gnutls8:amd64 (1.11.0-1+deb13u1) ...
2026-10-02T12:00:49.9165409Z #6 5.400 Setting up libcurl3t64-gnutls:amd64 (8.14.1-2+deb13u5) ...
2026-10-02T12:00:49.9165777Z #6 5.401 Setting up libdebuginfod1t64:amd64 (0.192-4) ...
2026-10-02T12:00:49.9166331Z #6 5.402 Setting up linux-perf (6.12.111-1) ...
2026-10-02T12:00:49.9166628Z #6 5.447 Processing triggers for libc-bin (2.41-12+deb13u4) ...
2026-10-02T12:00:50.8380314Z #6 DONE 6.4s
2026-10-02T12:00:50.9891153Z 
2026-10-02T12:00:50.9891522Z #7 exporting to image
2026-10-02T12:00:50.9891720Z #7 exporting layers
2026-10-02T12:00:51.2696514Z #7 exporting layers 0.4s done
2026-10-02T12:00:51.2806430Z #7 writing image sha256:9b744e9e958e8d8d00dd0524be68bdd7c003c6e7be608461c3d2ad2cf69f7065 done
2026-10-02T12:00:51.2808197Z #7 naming to docker.io/library/mini-drop-analyzer-toolchain:ci done
2026-10-02T12:00:51.2808686Z #7 DONE 0.4s
2026-10-02T12:00:51.2853020Z ##[group]Run python scripts/verify_perf_source_toolchain.py --toolchain-image mini-drop-analyzer-toolchain:ci --cpp-image mini-drop-cpp-hotspot:ci --output output/quality-observation-controls/perf-source-toolchain
2026-10-02T12:00:51.2853833Z [36;1mpython scripts/verify_perf_source_toolchain.py --toolchain-image mini-drop-analyzer-toolchain:ci --cpp-image mini-drop-cpp-hotspot:ci --output output/quality-observation-controls/perf-source-toolchain[0m
2026-10-02T12:00:51.2883692Z shell: /usr/bin/bash -e {0}
2026-10-02T12:00:51.2883828Z env:
2026-10-02T12:00:51.2883976Z   pythonLocation: /opt/hostedtoolcache/Python/3.11.16/x64
2026-10-02T12:00:51.2884213Z   PKG_CONFIG_PATH: /opt/hostedtoolcache/Python/3.11.16/x64/lib/pkgconfig
2026-10-02T12:00:51.2884467Z   Python_ROOT_DIR: /opt/hostedtoolcache/Python/3.11.16/x64
2026-10-02T12:00:51.2884674Z   Python2_ROOT_DIR: /opt/hostedtoolcache/Python/3.11.16/x64
2026-10-02T12:00:51.2884913Z   Python3_ROOT_DIR: /opt/hostedtoolcache/Python/3.11.16/x64
2026-10-02T12:00:51.2885131Z   LD_LIBRARY_PATH: /opt/hostedtoolcache/Python/3.11.16/x64/lib
2026-10-02T12:00:51.2885308Z ##[endgroup]
2026-10-02T12:00:52.2258237Z {"scope": "TOOLCHAIN_SMOKE", "passed": true, "cleanup_verified": true}
2026-10-02T12:00:52.2338506Z ##[group]Run python scripts/verify_runtime_observation_controls.py --runtime python --image mini-drop-python-hotspot:ci --output output/quality-observation-controls/python
2026-10-02T12:00:52.2339161Z [36;1mpython scripts/verify_runtime_observation_controls.py --runtime python --image mini-drop-python-hotspot:ci --output output/quality-observation-controls/python[0m
2026-10-02T12:00:52.2339736Z [36;1mpython scripts/verify_runtime_observation_controls.py --runtime java --image mini-drop-java-hotspot:ci --output output/quality-observation-controls/java[0m
2026-10-02T12:00:52.2340299Z [36;1mpython scripts/verify_runtime_observation_controls.py --runtime cpp --image mini-drop-cpp-hotspot:ci --output output/quality-observation-controls/cpp[0m
2026-10-02T12:00:52.2369813Z shell: /usr/bin/bash -e {0}
2026-10-02T12:00:52.2369945Z env:
2026-10-02T12:00:52.2370092Z   pythonLocation: /opt/hostedtoolcache/Python/3.11.16/x64
2026-10-02T12:00:52.2370347Z   PKG_CONFIG_PATH: /opt/hostedtoolcache/Python/3.11.16/x64/lib/pkgconfig
2026-10-02T12:00:52.2370567Z   Python_ROOT_DIR: /opt/hostedtoolcache/Python/3.11.16/x64
2026-10-02T12:00:52.2370769Z   Python2_ROOT_DIR: /opt/hostedtoolcache/Python/3.11.16/x64
2026-10-02T12:00:52.2370971Z   Python3_ROOT_DIR: /opt/hostedtoolcache/Python/3.11.16/x64
2026-10-02T12:00:52.2371174Z   LD_LIBRARY_PATH: /opt/hostedtoolcache/Python/3.11.16/x64/lib
2026-10-02T12:00:52.2371346Z ##[endgroup]
2026-10-02T12:01:15.5071014Z {"runtime": "python", "passed": true, "cleanup": true}
2026-10-02T12:01:30.6408954Z {"runtime": "java", "passed": true, "cleanup": true}
2026-10-02T12:01:45.4113896Z {"runtime": "cpp", "passed": true, "cleanup": true}
2026-10-02T12:01:45.4251728Z ##[group]Run actions/upload-artifact@v4
2026-10-02T12:01:45.4251974Z with:
2026-10-02T12:01:45.4252157Z   name: observation-controls-7abe089ae9bfc9705b56c73a5b1dd19dd3bad7ea-1
2026-10-02T12:01:45.4252397Z   path: output/quality-observation-controls/
2026-10-02T12:01:45.4252561Z   if-no-files-found: error
2026-10-02T12:01:45.4252688Z   retention-days: 14
2026-10-02T12:01:45.4252812Z   compression-level: 6
2026-10-02T12:01:45.4252929Z   overwrite: false
2026-10-02T12:01:45.4253048Z   include-hidden-files: false
2026-10-02T12:01:45.4253176Z env:
2026-10-02T12:01:45.4253332Z   pythonLocation: /opt/hostedtoolcache/Python/3.11.16/x64
2026-10-02T12:01:45.4253559Z   PKG_CONFIG_PATH: /opt/hostedtoolcache/Python/3.11.16/x64/lib/pkgconfig
2026-10-02T12:01:45.4253785Z   Python_ROOT_DIR: /opt/hostedtoolcache/Python/3.11.16/x64
2026-10-02T12:01:45.4253990Z   Python2_ROOT_DIR: /opt/hostedtoolcache/Python/3.11.16/x64
2026-10-02T12:01:45.4254221Z   Python3_ROOT_DIR: /opt/hostedtoolcache/Python/3.11.16/x64
2026-10-02T12:01:45.4254429Z   LD_LIBRARY_PATH: /opt/hostedtoolcache/Python/3.11.16/x64/lib
2026-10-02T12:01:45.4254606Z ##[endgroup]
2026-10-02T12:01:45.5168961Z (node:4374) [DEP0040] DeprecationWarning: The `punycode` module is deprecated. Please use a userland alternative instead.
2026-10-02T12:01:45.5169365Z (Use `node --trace-deprecation ...` to show where the warning was created)
2026-10-02T12:01:45.5217369Z With the provided path, there will be 7 files uploaded
2026-10-02T12:01:45.5220969Z Artifact name is valid!
2026-10-02T12:01:45.5221299Z Root directory input is valid!
2026-10-02T12:01:45.9126961Z Beginning upload of artifact content to blob storage
2026-10-02T12:01:45.9771362Z (node:4374) [DEP0169] DeprecationWarning: `url.parse()` behavior is not standardized and prone to errors that have security implications. Use the WHATWG URL API instead. CVEs are not issued for `url.parse()` vulnerabilities.
2026-10-02T12:01:46.5178374Z Uploaded bytes 868186
2026-10-02T12:01:46.5778042Z Finished uploading artifact content to blob storage!
2026-10-02T12:01:46.5778619Z SHA256 digest of uploaded artifact zip is 972c2f2dff08bd54acd3a902dbf5028532b1cc3163269ebb0bd00d39ff9dc19f
2026-10-02T12:01:46.5780026Z Finalizing artifact upload
2026-10-02T12:01:46.8295726Z Artifact observation-controls-7abe089ae9bfc9705b56c73a5b1dd19dd3bad7ea-1.zip successfully finalized. Artifact ID 11224608728
2026-10-02T12:01:46.8296862Z Artifact observation-controls-7abe089ae9bfc9705b56c73a5b1dd19dd3bad7ea-1 has been successfully uploaded! Final size is 868186 bytes. Artifact ID is 11224608728
2026-10-02T12:01:46.8299974Z Artifact download URL: https://github.com/llongwang751-arch/mini-drop/actions/runs/37004140437/artifacts/11224608728
2026-10-02T12:01:46.8401704Z Post job cleanup.
2026-10-02T12:01:46.9088045Z (node:4388) [DEP0040] DeprecationWarning: The `punycode` module is deprecated. Please use a userland alternative instead.
2026-10-02T12:01:46.9088465Z (Use `node --trace-deprecation ...` to show where the warning was created)
2026-10-02T12:01:46.9163520Z Post job cleanup.
2026-10-02T12:01:46.9681109Z [command]/usr/bin/git version
2026-10-02T12:01:46.9706086Z git version 2.55.0
2026-10-02T12:01:46.9730090Z Temporarily overriding HOME='/home/runner/work/_temp/7fe54598-88a9-4ddb-8928-bc25567ee3ba' before making global git config changes
2026-10-02T12:01:46.9730792Z Adding repository directory to the temporary git global config as a safe directory
2026-10-02T12:01:46.9733460Z [command]/usr/bin/git config --global --add safe.directory /home/runner/work/mini-drop/mini-drop
2026-10-02T12:01:46.9754457Z [command]/usr/bin/git config --local --name-only --get-regexp core\.sshCommand
2026-10-02T12:01:46.9772043Z [command]/usr/bin/git submodule foreach --recursive sh -c "git config --local --name-only --get-regexp 'core\.sshCommand' && git config --local --unset-all 'core.sshCommand' || :"
2026-10-02T12:01:46.9900244Z [command]/usr/bin/git config --local --name-only --get-regexp http\.https\:\/\/github\.com\/\.extraheader
2026-10-02T12:01:46.9906303Z http.https://github.com/.extraheader
2026-10-02T12:01:46.9912242Z [command]/usr/bin/git config --local --unset-all http.https://github.com/.extraheader
2026-10-02T12:01:46.9940462Z [command]/usr/bin/git submodule foreach --recursive sh -c "git config --local --name-only --get-regexp 'http\.https\:\/\/github\.com\/\.extraheader' && git config --local --unset-all 'http.https://github.com/.extraheader' || :"
2026-10-02T12:01:47.0066569Z [command]/usr/bin/git config --local --name-only --get-regexp ^includeIf\.gitdir:
2026-10-02T12:01:47.0086105Z [command]/usr/bin/git submodule foreach --recursive git config --local --show-origin --name-only --get-regexp remote.origin.url
2026-10-02T12:01:47.0294034Z Cleaning up orphan processes
2026-10-02T12:01:47.0456635Z ##[warning]Node.js 20 is deprecated. The following actions target Node.js 20 but are being forced to run on Node.js 24: actions/checkout@v4, actions/setup-python@v5, actions/upload-artifact@v4. For more information see: https://github.blog/changelog/2025-09-19-deprecation-of-node-20-on-github-actions-runners/
