2026-10-02T12:00:18.8674653Z Current runner version: '2.337.0'
2026-10-02T12:00:18.8706372Z ##[group]Runner Image Provisioner
2026-10-02T12:00:18.8707348Z Hosted Compute Agent
2026-10-02T12:00:18.8707963Z Version: 20260901.588
2026-10-02T12:00:18.8708917Z Commit: f88ec8081b781fac6c440065ac7ff9e710ce3d0b
2026-10-02T12:00:18.8709700Z Build Date: 2026-09-01T19:56:44Z
2026-10-02T12:00:18.8710700Z Worker ID: {55c0b261-a33e-42e5-9d64-de2e8a2fef2e}
2026-10-02T12:00:18.8711484Z Azure Region: westus
2026-10-02T12:00:18.8712484Z ##[endgroup]
2026-10-02T12:00:18.8714107Z ##[group]Operating System
2026-10-02T12:00:18.8714988Z Ubuntu
2026-10-02T12:00:18.8715625Z 22.04.5
2026-10-02T12:00:18.8716236Z LTS
2026-10-02T12:00:18.8716948Z ##[endgroup]
2026-10-02T12:00:18.8717624Z ##[group]Runner Image
2026-10-02T12:00:18.8718392Z Image: ubuntu-22.04
2026-10-02T12:00:18.8719121Z Version: 20260927.309.1
2026-10-02T12:00:18.8720588Z Included Software: https://github.com/actions/runner-images/blob/ubuntu22/20260927.309/images/ubuntu/Ubuntu2204-Readme.md
2026-10-02T12:00:18.8722765Z Image Release: https://github.com/actions/runner-images/releases/tag/ubuntu22%2F20260927.309
2026-10-02T12:00:18.8723802Z ##[endgroup]
2026-10-02T12:00:18.8725326Z ##[group]GITHUB_TOKEN Permissions
2026-10-02T12:00:18.8727621Z Contents: read
2026-10-02T12:00:18.8728557Z Metadata: read
2026-10-02T12:00:18.8729191Z Packages: read
2026-10-02T12:00:18.8729822Z ##[endgroup]
2026-10-02T12:00:18.8732747Z Secret source: Actions
2026-10-02T12:00:18.8733825Z Cache mode: write
2026-10-02T12:00:18.8734655Z Prepare workflow directory
2026-10-02T12:00:18.9231127Z Prepare all required actions
2026-10-02T12:00:18.9279811Z Getting action download info
2026-10-02T12:00:19.2954173Z Download action repository 'actions/checkout@v4' (SHA:11d5960a326750d5838078e36cf38b85af677262)
2026-10-02T12:00:19.4855673Z Download action repository 'actions/setup-node@v4' (SHA:49933ea5288caeca8642d1e84afbd3f7d6820020)
2026-10-02T12:00:19.8101715Z Complete job name: Web (React)
2026-10-02T12:00:19.8864495Z ##[group]Run actions/checkout@v4
2026-10-02T12:00:19.8865335Z with:
2026-10-02T12:00:19.8865813Z   repository: llongwang751-arch/mini-drop
2026-10-02T12:00:19.8870112Z   token: ***
2026-10-02T12:00:19.8870559Z   ssh-strict: true
2026-10-02T12:00:19.8871002Z   ssh-user: git
2026-10-02T12:00:19.8871450Z   persist-credentials: true
2026-10-02T12:00:19.8872116Z   clean: true
2026-10-02T12:00:19.8872564Z   sparse-checkout-cone-mode: true
2026-10-02T12:00:19.8873086Z   fetch-depth: 1
2026-10-02T12:00:19.8873524Z   fetch-tags: false
2026-10-02T12:00:19.8873980Z   show-progress: true
2026-10-02T12:00:19.8874433Z   lfs: false
2026-10-02T12:00:19.8874844Z   submodules: false
2026-10-02T12:00:19.8875296Z   set-safe-directory: true
2026-10-02T12:00:19.8875799Z   allow-unsafe-pr-checkout: false
2026-10-02T12:00:19.8876497Z ##[endgroup]
2026-10-02T12:00:19.9982847Z Syncing repository: llongwang751-arch/mini-drop
2026-10-02T12:00:19.9985180Z ##[group]Getting Git version info
2026-10-02T12:00:19.9986244Z Working directory is '/home/runner/work/mini-drop/mini-drop'
2026-10-02T12:00:19.9987280Z [command]/usr/bin/git version
2026-10-02T12:00:20.0027434Z git version 2.55.0
2026-10-02T12:00:20.0049936Z ##[endgroup]
2026-10-02T12:00:20.0065916Z Temporarily overriding HOME='/home/runner/work/_temp/3e50369f-a0cd-4cdb-b589-c357ac7da12d' before making global git config changes
2026-10-02T12:00:20.0068182Z Adding repository directory to the temporary git global config as a safe directory
2026-10-02T12:00:20.0071435Z [command]/usr/bin/git config --global --add safe.directory /home/runner/work/mini-drop/mini-drop
2026-10-02T12:00:20.0117286Z Deleting the contents of '/home/runner/work/mini-drop/mini-drop'
2026-10-02T12:00:20.0123463Z ##[group]Initializing the repository
2026-10-02T12:00:20.0128509Z [command]/usr/bin/git init /home/runner/work/mini-drop/mini-drop
2026-10-02T12:00:20.0223687Z hint: Using 'master' as the name for the initial branch. This default branch name
2026-10-02T12:00:20.0225128Z hint: will change to "main" in Git 3.0. To configure the initial branch name
2026-10-02T12:00:20.0226648Z hint: to use in all of your new repositories, which will suppress this warning,
2026-10-02T12:00:20.0227560Z hint: call:
2026-10-02T12:00:20.0228115Z hint:
2026-10-02T12:00:20.0228801Z hint: 	git config --global init.defaultBranch <name>
2026-10-02T12:00:20.0229568Z hint:
2026-10-02T12:00:20.0230289Z hint: Names commonly chosen instead of 'master' are 'main', 'trunk' and
2026-10-02T12:00:20.0231382Z hint: 'development'. The just-created branch can be renamed via this command:
2026-10-02T12:00:20.0233165Z hint:
2026-10-02T12:00:20.0233885Z hint: 	git branch -m <name>
2026-10-02T12:00:20.0234642Z hint:
2026-10-02T12:00:20.0235397Z hint: Disable this message with "git config set advice.defaultBranchName false"
2026-10-02T12:00:20.0236383Z Initialized empty Git repository in /home/runner/work/mini-drop/mini-drop/.git/
2026-10-02T12:00:20.0239108Z [command]/usr/bin/git remote add origin https://github.com/llongwang751-arch/mini-drop
2026-10-02T12:00:20.0284990Z ##[endgroup]
2026-10-02T12:00:20.0285813Z ##[group]Disabling automatic garbage collection
2026-10-02T12:00:20.0289608Z [command]/usr/bin/git config --local gc.auto 0
2026-10-02T12:00:20.0327274Z ##[endgroup]
2026-10-02T12:00:20.0327994Z ##[group]Setting up auth
2026-10-02T12:00:20.0335773Z [command]/usr/bin/git config --local --name-only --get-regexp core\.sshCommand
2026-10-02T12:00:20.0376909Z [command]/usr/bin/git submodule foreach --recursive sh -c "git config --local --name-only --get-regexp 'core\.sshCommand' && git config --local --unset-all 'core.sshCommand' || :"
2026-10-02T12:00:20.0796163Z [command]/usr/bin/git config --local --name-only --get-regexp http\.https\:\/\/github\.com\/\.extraheader
2026-10-02T12:00:20.0855309Z [command]/usr/bin/git submodule foreach --recursive sh -c "git config --local --name-only --get-regexp 'http\.https\:\/\/github\.com\/\.extraheader' && git config --local --unset-all 'http.https://github.com/.extraheader' || :"
2026-10-02T12:00:20.1146261Z [command]/usr/bin/git config --local --name-only --get-regexp ^includeIf\.gitdir:
2026-10-02T12:00:20.1187456Z [command]/usr/bin/git submodule foreach --recursive git config --local --show-origin --name-only --get-regexp remote.origin.url
2026-10-02T12:00:20.1466499Z [command]/usr/bin/git config --local http.https://github.com/.extraheader AUTHORIZATION: basic ***
2026-10-02T12:00:20.1514513Z ##[endgroup]
2026-10-02T12:00:20.1515284Z ##[group]Fetching the repository
2026-10-02T12:00:20.1524939Z [command]/usr/bin/git -c protocol.version=2 fetch --no-tags --prune --no-recurse-submodules --depth=1 origin +7abe089ae9bfc9705b56c73a5b1dd19dd3bad7ea:refs/remotes/pull/1/merge
2026-10-02T12:00:28.3526132Z From https://github.com/llongwang751-arch/mini-drop
2026-10-02T12:00:28.3526921Z  * [new ref]         7abe089ae9bfc9705b56c73a5b1dd19dd3bad7ea -> pull/1/merge
2026-10-02T12:00:28.3529457Z ##[endgroup]
2026-10-02T12:00:28.3530219Z ##[group]Determining the checkout info
2026-10-02T12:00:28.3532503Z ##[endgroup]
2026-10-02T12:00:28.3537953Z [command]/usr/bin/git sparse-checkout disable
2026-10-02T12:00:28.3601494Z [command]/usr/bin/git config --local --unset-all extensions.worktreeConfig
2026-10-02T12:00:28.3639901Z ##[group]Checking out the ref
2026-10-02T12:00:28.3644635Z [command]/usr/bin/git checkout --progress --force refs/remotes/pull/1/merge
2026-10-02T12:00:29.3761497Z Updating files:  45% (2822/6162)
2026-10-02T12:00:29.3801515Z Updating files:  46% (2835/6162)
2026-10-02T12:00:29.3890383Z Updating files:  47% (2897/6162)
2026-10-02T12:00:29.4000262Z Updating files:  48% (2958/6162)
2026-10-02T12:00:29.4057143Z Updating files:  49% (3020/6162)
2026-10-02T12:00:29.4092812Z Updating files:  50% (3081/6162)
2026-10-02T12:00:29.4161609Z Updating files:  51% (3143/6162)
2026-10-02T12:00:29.4224230Z Updating files:  52% (3205/6162)
2026-10-02T12:00:29.4281982Z Updating files:  53% (3266/6162)
2026-10-02T12:00:29.4345904Z Updating files:  54% (3328/6162)
2026-10-02T12:00:29.4401103Z Updating files:  55% (3390/6162)
2026-10-02T12:00:29.4447706Z Updating files:  56% (3451/6162)
2026-10-02T12:00:29.4508766Z Updating files:  57% (3513/6162)
2026-10-02T12:00:29.4567515Z Updating files:  58% (3574/6162)
2026-10-02T12:00:29.4638563Z Updating files:  59% (3636/6162)
2026-10-02T12:00:29.4693782Z Updating files:  60% (3698/6162)
2026-10-02T12:00:29.4745904Z Updating files:  61% (3759/6162)
2026-10-02T12:00:29.4827088Z Updating files:  62% (3821/6162)
2026-10-02T12:00:29.5089425Z Updating files:  63% (3883/6162)
2026-10-02T12:00:29.5257234Z Updating files:  64% (3944/6162)
2026-10-02T12:00:29.5471504Z Updating files:  65% (4006/6162)
2026-10-02T12:00:29.5546678Z Updating files:  66% (4067/6162)
2026-10-02T12:00:29.5614632Z Updating files:  67% (4129/6162)
2026-10-02T12:00:29.5660120Z Updating files:  68% (4191/6162)
2026-10-02T12:00:29.5738058Z Updating files:  69% (4252/6162)
2026-10-02T12:00:29.5792392Z Updating files:  70% (4314/6162)
2026-10-02T12:00:29.5838952Z Updating files:  71% (4376/6162)
2026-10-02T12:00:29.5907125Z Updating files:  72% (4437/6162)
2026-10-02T12:00:29.6158272Z Updating files:  73% (4499/6162)
2026-10-02T12:00:29.6734595Z Updating files:  74% (4560/6162)
2026-10-02T12:00:29.6793681Z Updating files:  75% (4622/6162)
2026-10-02T12:00:29.6858075Z Updating files:  76% (4684/6162)
2026-10-02T12:00:29.6904549Z Updating files:  77% (4745/6162)
2026-10-02T12:00:29.7328190Z Updating files:  78% (4807/6162)
2026-10-02T12:00:29.7676100Z Updating files:  79% (4868/6162)
2026-10-02T12:00:29.7738896Z Updating files:  80% (4930/6162)
2026-10-02T12:00:29.7858860Z Updating files:  81% (4992/6162)
2026-10-02T12:00:29.7962818Z Updating files:  82% (5053/6162)
2026-10-02T12:00:29.8032892Z Updating files:  83% (5115/6162)
2026-10-02T12:00:29.8071193Z Updating files:  84% (5177/6162)
2026-10-02T12:00:29.8139559Z Updating files:  85% (5238/6162)
2026-10-02T12:00:29.8189015Z Updating files:  86% (5300/6162)
2026-10-02T12:00:29.8277581Z Updating files:  87% (5361/6162)
2026-10-02T12:00:29.8329461Z Updating files:  88% (5423/6162)
2026-10-02T12:00:29.8456615Z Updating files:  89% (5485/6162)
2026-10-02T12:00:29.8544909Z Updating files:  90% (5546/6162)
2026-10-02T12:00:29.8596141Z Updating files:  91% (5608/6162)
2026-10-02T12:00:29.8642178Z Updating files:  92% (5670/6162)
2026-10-02T12:00:29.8710607Z Updating files:  93% (5731/6162)
2026-10-02T12:00:29.8749521Z Updating files:  94% (5793/6162)
2026-10-02T12:00:29.8789456Z Updating files:  95% (5854/6162)
2026-10-02T12:00:29.8833425Z Updating files:  96% (5916/6162)
2026-10-02T12:00:29.8990174Z Updating files:  97% (5978/6162)
2026-10-02T12:00:29.9029199Z Updating files:  98% (6039/6162)
2026-10-02T12:00:29.9065077Z Updating files:  99% (6101/6162)
2026-10-02T12:00:29.9065748Z Updating files: 100% (6162/6162)
2026-10-02T12:00:29.9066231Z Updating files: 100% (6162/6162), done.
2026-10-02T12:00:29.9150746Z Note: switching to 'refs/remotes/pull/1/merge'.
2026-10-02T12:00:29.9151165Z 
2026-10-02T12:00:29.9151731Z You are in 'detached HEAD' state. You can look around, make experimental
2026-10-02T12:00:29.9152803Z changes and commit them, and you can discard any commits you make in this
2026-10-02T12:00:29.9153632Z state without impacting any branches by switching back to a branch.
2026-10-02T12:00:29.9154075Z 
2026-10-02T12:00:29.9154389Z If you want to create a new branch to retain commits you create, you may
2026-10-02T12:00:29.9155133Z do so (now or later) by using -c with the switch command. Example:
2026-10-02T12:00:29.9155549Z 
2026-10-02T12:00:29.9155721Z   git switch -c <new-branch-name>
2026-10-02T12:00:29.9156007Z 
2026-10-02T12:00:29.9156185Z Or undo this operation with:
2026-10-02T12:00:29.9156455Z 
2026-10-02T12:00:29.9156612Z   git switch -
2026-10-02T12:00:29.9156817Z 
2026-10-02T12:00:29.9157180Z Turn off this advice by setting config variable advice.detachedHead to false
2026-10-02T12:00:29.9157694Z 
2026-10-02T12:00:29.9158311Z HEAD is now at 7abe089 Merge cfea6744fc2395d5392440b2404ee275ada0a69f into 609ea8a73f845b496b59b5cae181f515c5919850
2026-10-02T12:00:29.9332011Z ##[endgroup]
2026-10-02T12:00:29.9335438Z [command]/usr/bin/git log -1 --format=%H
2026-10-02T12:00:29.9377128Z 7abe089ae9bfc9705b56c73a5b1dd19dd3bad7ea
2026-10-02T12:00:29.9746514Z ##[group]Run actions/setup-node@v4
2026-10-02T12:00:29.9746824Z with:
2026-10-02T12:00:29.9747037Z   node-version: 22
2026-10-02T12:00:29.9747259Z   cache: npm
2026-10-02T12:00:29.9747514Z   cache-dependency-path: web/package-lock.json
2026-10-02T12:00:29.9747830Z   always-auth: false
2026-10-02T12:00:29.9748060Z   check-latest: false
2026-10-02T12:00:29.9751126Z   token: ***
2026-10-02T12:00:29.9751354Z ##[endgroup]
2026-10-02T12:00:30.3061314Z (node:2101) [DEP0040] DeprecationWarning: The `punycode` module is deprecated. Please use a userland alternative instead.
2026-10-02T12:00:30.3062747Z (Use `node --trace-deprecation ...` to show where the warning was created)
2026-10-02T12:00:30.3072841Z Found in cache @ /opt/hostedtoolcache/node/22.23.3/x64
2026-10-02T12:00:30.3073936Z ##[group]Environment details
2026-10-02T12:00:34.7948918Z node: v22.23.3
2026-10-02T12:00:34.7949359Z npm: 10.9.9
2026-10-02T12:00:34.7949573Z yarn: 1.22.22
2026-10-02T12:00:34.7951072Z ##[endgroup]
2026-10-02T12:00:34.7974830Z [command]/opt/hostedtoolcache/node/22.23.3/x64/bin/npm config get cache
2026-10-02T12:00:35.2608888Z /home/runner/.npm
2026-10-02T12:00:35.6062491Z Cache hit for: node-cache-Linux-x64-npm-a79428a48f53c819bdf3224c6f533bf526ae1b21f28f4ee918b0bcba5121d960
2026-10-02T12:00:35.6168427Z (node:2101) [DEP0169] DeprecationWarning: `url.parse()` behavior is not standardized and prone to errors that have security implications. Use the WHATWG URL API instead. CVEs are not issued for `url.parse()` vulnerabilities.
2026-10-02T12:00:36.8707780Z Received 8388608 of 52012766 (16.1%), 8.0 MBs/sec
2026-10-02T12:00:37.2792510Z Received 52012766 of 52012766 (100.0%), 35.3 MBs/sec
2026-10-02T12:00:37.2793074Z Cache Size: ~50 MB (52012766 B)
2026-10-02T12:00:37.2863446Z [command]/usr/bin/tar -xf /home/runner/work/_temp/ffcdb69a-4909-454e-ba2e-5208961ada84/cache.tzst -P -C /home/runner/work/mini-drop/mini-drop --use-compress-program unzstd
2026-10-02T12:00:37.4934187Z Cache restored successfully
2026-10-02T12:00:37.5068040Z Cache restored from key: node-cache-Linux-x64-npm-a79428a48f53c819bdf3224c6f533bf526ae1b21f28f4ee918b0bcba5121d960
2026-10-02T12:00:37.5283704Z ##[group]Run npm ci
2026-10-02T12:00:37.5284039Z [36;1mnpm ci[0m
2026-10-02T12:00:37.5909152Z shell: /usr/bin/bash -e {0}
2026-10-02T12:00:37.5909481Z ##[endgroup]
2026-10-02T12:00:45.2746994Z 
2026-10-02T12:00:45.2757938Z added 346 packages, and audited 347 packages in 8s
2026-10-02T12:00:45.2758450Z 
2026-10-02T12:00:45.2758782Z 118 packages are looking for funding
2026-10-02T12:00:45.2759288Z   run `npm fund` for details
2026-10-02T12:00:45.2921309Z 
2026-10-02T12:00:45.2922289Z 2 vulnerabilities (1 low, 1 high)
2026-10-02T12:00:45.2922834Z 
2026-10-02T12:00:45.2923256Z To address all issues, run:
2026-10-02T12:00:45.2923887Z   npm audit fix
2026-10-02T12:00:45.2924135Z 
2026-10-02T12:00:45.2924454Z Run `npm audit` for details.
2026-10-02T12:00:45.3687690Z ##[group]Run npx vitest run
2026-10-02T12:00:45.3688021Z [36;1mnpx vitest run[0m
2026-10-02T12:00:45.3768920Z shell: /usr/bin/bash -e {0}
2026-10-02T12:00:45.3769206Z ##[endgroup]
2026-10-02T12:00:46.1222669Z 
2026-10-02T12:00:46.1225100Z [1m[30m[46m RUN [49m[39m[22m [36mv4.1.11 [39m[90m/home/runner/work/mini-drop/mini-drop/web[39m
2026-10-02T12:00:46.1225995Z 
2026-10-02T12:00:51.5653583Z Not implemented: Window's getComputedStyle() method: with pseudo-elements
2026-10-02T12:00:52.2536445Z Not implemented: Window's getComputedStyle() method: with pseudo-elements
2026-10-02T12:00:52.5718912Z Not implemented: Window's getComputedStyle() method: with pseudo-elements
2026-10-02T12:00:52.6085856Z [90mstderr[2m | src/components/ActualExplorationTree.test.jsx[2m > [22m[2mActualExplorationTree[2m > [22m[2mshows Skill retrieval, full-body loading and cross-round reuse inside the dynamic tree
2026-10-02T12:00:52.6104142Z [22m[39mWarning: [antd: Descriptions] Sum of column `span` in a line not match `column` of Descriptions.
2026-10-02T12:00:52.6106655Z Warning: [antd: Descriptions] Sum of column `span` in a line not match `column` of Descriptions.
2026-10-02T12:00:52.6107508Z 
2026-10-02T12:00:52.9454356Z  [32m✓[39m src/components/ActualExplorationTree.test.jsx [2m([22m[2m13 tests[22m[2m)[22m[33m 3045[2mms[22m[39m
2026-10-02T12:00:52.9483956Z      [33m[2m✓[22m[39m uses stable tool IDs and distinguishes failed probes from counter-evidence [33m 754[2mms[22m[39m
2026-10-02T12:00:52.9513871Z      [33m[2m✓[22m[39m renders server-provided LATS phase, best path and node scores without flattening the tree [33m 365[2mms[22m[39m
2026-10-02T12:00:52.9516335Z      [33m[2m✓[22m[39m shows Skill retrieval, full-body loading and cross-round reuse inside the dynamic tree [33m 331[2mms[22m[39m
2026-10-02T12:00:54.8856951Z Not implemented: Window's getComputedStyle() method: with pseudo-elements
2026-10-02T12:00:57.1854693Z Not implemented: Window's getComputedStyle() method: with pseudo-elements
2026-10-02T12:00:57.5945678Z [90mstderr[2m | src/pages/AIDiagnosis.test.jsx[2m > [22m[2mAIDiagnosis V2 workspace[2m > [22m[2mdoes not submit while confirming a Chinese IME composition
2026-10-02T12:00:57.5952053Z [22m[39mWarning: An update to AIDiagnosis inside a test was not wrapped in act(...).
2026-10-02T12:00:57.5953126Z 
2026-10-02T12:00:57.5953938Z When testing, code that causes React state updates should be wrapped into act(...):
2026-10-02T12:00:57.5954742Z 
2026-10-02T12:00:57.5955141Z act(() => {
2026-10-02T12:00:57.5955770Z   /* fire events that update state */
2026-10-02T12:00:57.5956403Z });
2026-10-02T12:00:57.5957106Z /* assert on the output */
2026-10-02T12:00:57.5957554Z 
2026-10-02T12:00:57.5958639Z This ensures that you're testing the behavior the user would see in the browser. Learn more at https://reactjs.org/link/wrap-tests-with-act
2026-10-02T12:00:57.5960308Z     at AIDiagnosis (/home/runner/work/mini-drop/mini-drop/web/src/pages/AIDiagnosis.jsx:196:68)
2026-10-02T12:00:57.5961681Z Warning: An update to AIDiagnosis inside a test was not wrapped in act(...).
2026-10-02T12:00:57.5962677Z 
2026-10-02T12:00:57.5963441Z When testing, code that causes React state updates should be wrapped into act(...):
2026-10-02T12:00:57.5964186Z 
2026-10-02T12:00:57.5964545Z act(() => {
2026-10-02T12:00:57.5965157Z   /* fire events that update state */
2026-10-02T12:00:57.5965820Z });
2026-10-02T12:00:57.5966381Z /* assert on the output */
2026-10-02T12:00:57.5966840Z 
2026-10-02T12:00:57.5967919Z This ensures that you're testing the behavior the user would see in the browser. Learn more at https://reactjs.org/link/wrap-tests-with-act
2026-10-02T12:00:57.5969439Z     at AIDiagnosis (/home/runner/work/mini-drop/mini-drop/web/src/pages/AIDiagnosis.jsx:196:68)
2026-10-02T12:00:57.5970727Z Warning: An update to AIDiagnosis inside a test was not wrapped in act(...).
2026-10-02T12:00:57.5971425Z 
2026-10-02T12:00:57.5972999Z When testing, code that causes React state updates should be wrapped into act(...):
2026-10-02T12:00:57.5973921Z 
2026-10-02T12:00:57.5974303Z act(() => {
2026-10-02T12:00:57.5974917Z   /* fire events that update state */
2026-10-02T12:00:57.5975595Z });
2026-10-02T12:00:57.5976150Z /* assert on the output */
2026-10-02T12:00:57.6002581Z 
2026-10-02T12:00:57.6007498Z This ensures that you're testing the behavior the user would see in the browser. Learn more at https://reactjs.org/link/wrap-tests-with-act
2026-10-02T12:00:57.6009241Z     at AIDiagnosis (/home/runner/work/mini-drop/mini-drop/web/src/pages/AIDiagnosis.jsx:196:68)
2026-10-02T12:00:57.6010603Z Warning: An update to AIDiagnosis inside a test was not wrapped in act(...).
2026-10-02T12:00:57.6011337Z 
2026-10-02T12:00:57.6012284Z When testing, code that causes React state updates should be wrapped into act(...):
2026-10-02T12:00:57.6013060Z 
2026-10-02T12:00:57.6013402Z act(() => {
2026-10-02T12:00:57.6013993Z   /* fire events that update state */
2026-10-02T12:00:57.6014639Z });
2026-10-02T12:00:57.6015625Z /* assert on the output */
2026-10-02T12:00:57.6016085Z 
2026-10-02T12:00:57.6017306Z This ensures that you're testing the behavior the user would see in the browser. Learn more at https://reactjs.org/link/wrap-tests-with-act
2026-10-02T12:00:57.6018891Z     at AIDiagnosis (/home/runner/work/mini-drop/mini-drop/web/src/pages/AIDiagnosis.jsx:196:68)
2026-10-02T12:00:57.6020224Z Warning: An update to ForwardRef inside a test was not wrapped in act(...).
2026-10-02T12:00:57.6020941Z 
2026-10-02T12:00:57.6021716Z When testing, code that causes React state updates should be wrapped into act(...):
2026-10-02T12:00:57.6022711Z 
2026-10-02T12:00:57.6023080Z act(() => {
2026-10-02T12:00:57.6023678Z   /* fire events that update state */
2026-10-02T12:00:57.6024305Z });
2026-10-02T12:00:57.6024866Z /* assert on the output */
2026-10-02T12:00:57.6025345Z 
2026-10-02T12:00:57.6026502Z This ensures that you're testing the behavior the user would see in the browser. Learn more at https://reactjs.org/link/wrap-tests-with-act
2026-10-02T12:00:57.6028154Z     at /home/runner/work/mini-drop/mini-drop/web/node_modules/antd/lib/message/useMessage.js:52:5
2026-10-02T12:00:57.6029128Z     at div
2026-10-02T12:00:57.6030032Z     at AIDiagnosis (/home/runner/work/mini-drop/mini-drop/web/src/pages/AIDiagnosis.jsx:196:68)
2026-10-02T12:00:57.6030945Z 
2026-10-02T12:00:57.8343512Z Not implemented: Window's getComputedStyle() method: with pseudo-elements
2026-10-02T12:00:59.3931354Z Not implemented: Window's getComputedStyle() method: with pseudo-elements
2026-10-02T12:01:00.2030637Z Not implemented: Window's getComputedStyle() method: with pseudo-elements
2026-10-02T12:01:00.8349286Z  [32m✓[39m src/components/FaultPlazaPanel.test.jsx [2m([22m[2m14 tests[22m[2m)[22m[33m 4064[2mms[22m[39m
2026-10-02T12:01:00.8350952Z      [33m[2m✓[22m[39m prefers current engineering localization over a frozen strict failure [33m 682[2mms[22m[39m
2026-10-02T12:01:00.8352205Z      [33m[2m✓[22m[39m opens the engineering diagnosis rather than a legacy result without injecting a fault [33m 305[2mms[22m[39m
2026-10-02T12:01:00.8353219Z      [33m[2m✓[22m[39m keeps all 21 current engineering scenario grades independent of old failures [33m 1289[2mms[22m[39m
2026-10-02T12:01:01.8505110Z Not implemented: Window's getComputedStyle() method: with pseudo-elements
2026-10-02T12:01:03.0532971Z  [32m✓[39m src/pages/AIDiagnosis.test.jsx [2m([22m[2m20 tests[22m[2m)[22m[33m 11007[2mms[22m[39m
2026-10-02T12:01:03.0534577Z      [33m[2m✓[22m[39m finishes a measured healthy check without a root report and offers fresh sampling [33m 1722[2mms[22m[39m
2026-10-02T12:01:03.0536068Z      [33m[2m✓[22m[39m retains the requested case while React replays asynchronous state updates [33m 400[2mms[22m[39m
2026-10-02T12:01:03.0537120Z      [33m[2m✓[22m[39m confirms cancellation with session version and refreshes the terminal record [33m 779[2mms[22m[39m
2026-10-02T12:01:03.0538430Z      [33m[2m✓[22m[39m hides cancellation on completed records [33m 336[2mms[22m[39m
2026-10-02T12:01:03.0539432Z      [33m[2m✓[22m[39m preserves a same-session report on partial and core refresh failures, but clears it when switching sessions [33m 1213[2mms[22m[39m
2026-10-02T12:01:03.0540289Z      [33m[2m✓[22m[39m renders only Drop Insight V2 diagnoses [33m 1077[2mms[22m[39m
2026-10-02T12:01:03.0541117Z      [33m[2m✓[22m[39m uses a full-width primary view and only splits when the user asks [33m 764[2mms[22m[39m
2026-10-02T12:01:03.0542307Z      [33m[2m✓[22m[39m lets the user review and edit a tree intervention before starting a new round [33m 940[2mms[22m[39m
2026-10-02T12:01:03.0543943Z      [33m[2m✓[22m[39m merges the active diagnosis replay, exploration tree and Skill decision in a modal [33m 787[2mms[22m[39m
2026-10-02T12:01:03.0545507Z      [33m[2m✓[22m[39m continues a completed diagnosis as a real intervention round [33m 388[2mms[22m[39m
2026-10-02T12:01:03.0546978Z      [33m[2m✓[22m[39m lets the user challenge the current plan from the persistent composer [33m 451[2mms[22m[39m
2026-10-02T12:01:05.2289616Z Not implemented: Window's getComputedStyle() method: with pseudo-elements
2026-10-02T12:01:05.4320811Z Not implemented: Window's getComputedStyle() method: with pseudo-elements
2026-10-02T12:01:05.6131114Z Not implemented: Window's getComputedStyle() method: with pseudo-elements
2026-10-02T12:01:05.7606164Z Not implemented: Window's getComputedStyle() method: with pseudo-elements
2026-10-02T12:01:05.9726475Z Not implemented: Window's getComputedStyle() method: with pseudo-elements
2026-10-02T12:01:05.9753561Z Not implemented: Window's getComputedStyle() method: with pseudo-elements
2026-10-02T12:01:05.9994589Z [90mstderr[2m | src/components/AgentCockpit.test.jsx[2m > [22m[2mAgentCockpit[2m > [22m[2mopens 查看规划假设 in an inspectable modal
2026-10-02T12:01:06.0024433Z [22m[39mWarning: [antd: Table] `index` parameter of `rowKey` function is deprecated. There is no guarantee that it will work as expected.
2026-10-02T12:01:06.0039696Z Warning: [antd: Table] `index` parameter of `rowKey` function is deprecated. There is no guarantee that it will work as expected.
2026-10-02T12:01:06.0040814Z 
2026-10-02T12:01:06.1183431Z Not implemented: Window's getComputedStyle() method: with pseudo-elements
2026-10-02T12:01:06.1216537Z Not implemented: Window's getComputedStyle() method: with pseudo-elements
2026-10-02T12:01:06.1426729Z [90mstderr[2m | src/components/AgentCockpit.test.jsx[2m > [22m[2mAgentCockpit[2m > [22m[2mopens 查看工具调用 in an inspectable modal
2026-10-02T12:01:06.1428916Z [22m[39mWarning: [antd: Table] `index` parameter of `rowKey` function is deprecated. There is no guarantee that it will work as expected.
2026-10-02T12:01:06.1430844Z Warning: [antd: Table] `index` parameter of `rowKey` function is deprecated. There is no guarantee that it will work as expected.
2026-10-02T12:01:06.1432115Z 
2026-10-02T12:01:06.2666687Z Not implemented: Window's getComputedStyle() method: with pseudo-elements
2026-10-02T12:01:06.2707752Z Not implemented: Window's getComputedStyle() method: with pseudo-elements
2026-10-02T12:01:06.2939112Z [90mstderr[2m | src/components/AgentCockpit.test.jsx[2m > [22m[2mAgentCockpit[2m > [22m[2mopens 查看证据 in an inspectable modal
2026-10-02T12:01:06.2940858Z [22m[39mWarning: [antd: Table] `index` parameter of `rowKey` function is deprecated. There is no guarantee that it will work as expected.
2026-10-02T12:01:06.2942669Z Warning: [antd: Table] `index` parameter of `rowKey` function is deprecated. There is no guarantee that it will work as expected.
2026-10-02T12:01:06.2943680Z 
2026-10-02T12:01:06.4913455Z Not implemented: Window's getComputedStyle() method: with pseudo-elements
2026-10-02T12:01:06.7905065Z Not implemented: Window's getComputedStyle() method: with pseudo-elements
2026-10-02T12:01:06.7993355Z Not implemented: Window's getComputedStyle() method: with pseudo-elements
2026-10-02T12:01:06.8306060Z [90mstderr[2m | src/components/AgentCockpit.test.jsx[2m > [22m[2mAgentCockpit[2m > [22m[2mrenders evidence roles and gate states as Chinese labels
2026-10-02T12:01:06.8377706Z [22m[39mWarning: [antd: Table] `index` parameter of `rowKey` function is deprecated. There is no guarantee that it will work as expected.
2026-10-02T12:01:06.8414866Z Warning: [antd: Table] `index` parameter of `rowKey` function is deprecated. There is no guarantee that it will work as expected.
2026-10-02T12:01:06.8442274Z 
2026-10-02T12:01:07.1649478Z Not implemented: Window's getComputedStyle() method: with pseudo-elements
2026-10-02T12:01:07.2033817Z  [32m✓[39m src/components/ObservabilityOverview.test.jsx [2m([22m[2m16 tests[22m[2m)[22m[33m 713[2mms[22m[39m
2026-10-02T12:01:07.2034824Z      [33m[2m✓[22m[39m keeps the default view concise and exposes provenance on demand [33m 391[2mms[22m[39m
2026-10-02T12:01:07.3296334Z Not implemented: Window's getComputedStyle() method: with pseudo-elements
2026-10-02T12:01:07.4875412Z Not implemented: Window's getComputedStyle() method: with pseudo-elements
2026-10-02T12:01:07.5105403Z  [32m✓[39m src/components/AgentCockpit.test.jsx [2m([22m[2m13 tests[22m[2m)[22m[33m 3077[2mms[22m[39m
2026-10-02T12:01:07.5108105Z      [33m[2m✓[22m[39m shows eight real metric buttons, including LATS, and the persisted runtime identity [33m 565[2mms[22m[39m
2026-10-02T12:01:07.5110274Z      [33m[2m✓[22m[39m shows live LATS phase, selection, best path, budget and termination without claiming rollback [33m 315[2mms[22m[39m
2026-10-02T12:01:07.5112391Z      [33m[2m✓[22m[39m separates session context and Skill route memory from factual Evidence [33m 342[2mms[22m[39m
2026-10-02T12:01:07.5114284Z      [33m[2m✓[22m[39m shows derived evaluation rates and keeps Skill publication human-controlled [33m 415[2mms[22m[39m
2026-10-02T12:01:12.6635786Z [90mstderr[2m | src/components/ScopeCard.test.jsx[2m > [22m[2mScopeCard secure target discovery[2m > [22m[2mrequires an explicit closed selection when multiple candidates are eligible
2026-10-02T12:01:12.6638023Z [22m[39mWarning: An update to InternalFormItem inside a test was not wrapped in act(...).
2026-10-02T12:01:12.6638925Z 
2026-10-02T12:01:12.6639700Z When testing, code that causes React state updates should be wrapped into act(...):
2026-10-02T12:01:12.6640440Z 
2026-10-02T12:01:12.6640793Z act(() => {
2026-10-02T12:01:12.6641397Z   /* fire events that update state */
2026-10-02T12:01:12.6642249Z });
2026-10-02T12:01:12.6642822Z /* assert on the output */
2026-10-02T12:01:12.6643295Z 
2026-10-02T12:01:12.6644395Z This ensures that you're testing the behavior the user would see in the browser. Learn more at https://reactjs.org/link/wrap-tests-with-act
2026-10-02T12:01:12.6646144Z     at InternalFormItem (/home/runner/work/mini-drop/mini-drop/web/node_modules/antd/lib/form/FormItem/index.js:58:5)
2026-10-02T12:01:12.6647273Z     at div
2026-10-02T12:01:12.6648169Z     at /home/runner/work/mini-drop/mini-drop/web/node_modules/antd/lib/grid/col.js:40:13
2026-10-02T12:01:12.6649136Z     at div
2026-10-02T12:01:12.6649986Z     at /home/runner/work/mini-drop/mini-drop/web/node_modules/antd/lib/grid/row.js:57:18
2026-10-02T12:01:12.6650848Z     at form
2026-10-02T12:01:12.6651979Z     at Form (/home/runner/work/mini-drop/mini-drop/web/node_modules/rc-field-form/lib/Form.js:21:19)
2026-10-02T12:01:12.6653399Z     at NoFormStyle (/home/runner/work/mini-drop/mini-drop/web/node_modules/antd/lib/form/context.js:32:3)
2026-10-02T12:01:12.6654932Z     at FormProvider (/home/runner/work/mini-drop/mini-drop/web/node_modules/rc-field-form/lib/FormContext.js:19:31)
2026-10-02T12:01:12.6655994Z     at FormProvider
2026-10-02T12:01:12.6657213Z     at DisabledContextProvider (/home/runner/work/mini-drop/mini-drop/web/node_modules/antd/lib/config-provider/DisabledContext.js:12:3)
2026-10-02T12:01:12.6658945Z     at InternalForm (/home/runner/work/mini-drop/mini-drop/web/node_modules/antd/lib/form/Form.js:50:33)
2026-10-02T12:01:12.6660687Z     at div
2026-10-02T12:01:12.6662040Z     at Item (/home/runner/work/mini-drop/mini-drop/web/node_modules/antd/lib/space/Item.js:12:3)
2026-10-02T12:01:12.6668175Z     at div
2026-10-02T12:01:12.6669153Z     at /home/runner/work/mini-drop/mini-drop/web/node_modules/antd/lib/space/index.js:44:39
2026-10-02T12:01:12.6670124Z     at div
2026-10-02T12:01:12.6670635Z     at div
2026-10-02T12:01:12.6671492Z     at /home/runner/work/mini-drop/mini-drop/web/node_modules/antd/lib/card/Card.js:53:18
2026-10-02T12:01:12.6673060Z     at ScopeCard (/home/runner/work/mini-drop/mini-drop/web/src/components/ScopeCard.jsx:56:22)
2026-10-02T12:01:12.6674350Z Warning: An update to Field inside a test was not wrapped in act(...).
2026-10-02T12:01:12.6675040Z 
2026-10-02T12:01:12.6675784Z When testing, code that causes React state updates should be wrapped into act(...):
2026-10-02T12:01:12.6676556Z 
2026-10-02T12:01:12.6676898Z act(() => {
2026-10-02T12:01:12.6677492Z   /* fire events that update state */
2026-10-02T12:01:12.6678138Z });
2026-10-02T12:01:12.6679157Z /* assert on the output */
2026-10-02T12:01:12.6679621Z 
2026-10-02T12:01:12.6680768Z This ensures that you're testing the behavior the user would see in the browser. Learn more at https://reactjs.org/link/wrap-tests-with-act
2026-10-02T12:01:12.6682572Z     at Field (/home/runner/work/mini-drop/mini-drop/web/node_modules/rc-field-form/lib/Field.js:49:34)
2026-10-02T12:01:12.6684053Z     at WrapperField (/home/runner/work/mini-drop/mini-drop/web/node_modules/rc-field-form/lib/Field.js:598:20)
2026-10-02T12:01:12.6685601Z     at InternalFormItem (/home/runner/work/mini-drop/mini-drop/web/node_modules/antd/lib/form/FormItem/index.js:58:5)
2026-10-02T12:01:12.6686665Z     at div
2026-10-02T12:01:12.6687518Z     at /home/runner/work/mini-drop/mini-drop/web/node_modules/antd/lib/grid/col.js:40:13
2026-10-02T12:01:12.6688415Z     at div
2026-10-02T12:01:12.6689251Z     at /home/runner/work/mini-drop/mini-drop/web/node_modules/antd/lib/grid/row.js:57:18
2026-10-02T12:01:12.6690146Z     at form
2026-10-02T12:01:12.6691082Z     at Form (/home/runner/work/mini-drop/mini-drop/web/node_modules/rc-field-form/lib/Form.js:21:19)
2026-10-02T12:01:12.6692662Z     at NoFormStyle (/home/runner/work/mini-drop/mini-drop/web/node_modules/antd/lib/form/context.js:32:3)
2026-10-02T12:01:12.6694226Z     at FormProvider (/home/runner/work/mini-drop/mini-drop/web/node_modules/rc-field-form/lib/FormContext.js:19:31)
2026-10-02T12:01:12.6695466Z     at FormProvider
2026-10-02T12:01:12.6713453Z     at DisabledContextProvider (/home/runner/work/mini-drop/mini-drop/web/node_modules/antd/lib/config-provider/DisabledContext.js:12:3)
2026-10-02T12:01:12.6715219Z     at InternalForm (/home/runner/work/mini-drop/mini-drop/web/node_modules/antd/lib/form/Form.js:50:33)
2026-10-02T12:01:12.6716355Z     at div
2026-10-02T12:01:12.6717258Z     at Item (/home/runner/work/mini-drop/mini-drop/web/node_modules/antd/lib/space/Item.js:12:3)
2026-10-02T12:01:12.6718173Z     at div
2026-10-02T12:01:12.6719090Z     at /home/runner/work/mini-drop/mini-drop/web/node_modules/antd/lib/space/index.js:44:39
2026-10-02T12:01:12.6720033Z     at div
2026-10-02T12:01:12.6720530Z     at div
2026-10-02T12:01:12.6721393Z     at /home/runner/work/mini-drop/mini-drop/web/node_modules/antd/lib/card/Card.js:53:18
2026-10-02T12:01:12.6722942Z     at ScopeCard (/home/runner/work/mini-drop/mini-drop/web/src/components/ScopeCard.jsx:56:22)
2026-10-02T12:01:12.6723845Z 
2026-10-02T12:01:14.3213605Z [90mstderr[2m | src/components/ManagedServicesPanel.test.jsx[2m > [22m[2msubmits only the selected request ID and rejects an expired selection
2026-10-02T12:01:14.3215601Z [22m[39mWarning: An update to ForwardRef inside a test was not wrapped in act(...).
2026-10-02T12:01:14.3216605Z 
2026-10-02T12:01:14.3217569Z When testing, code that causes React state updates should be wrapped into act(...):
2026-10-02T12:01:14.3218206Z 
2026-10-02T12:01:14.3218363Z act(() => {
2026-10-02T12:01:14.3218776Z   /* fire events that update state */
2026-10-02T12:01:14.3219779Z });
2026-10-02T12:01:14.3220164Z /* assert on the output */
2026-10-02T12:01:14.3220398Z 
2026-10-02T12:01:14.3221344Z This ensures that you're testing the behavior the user would see in the browser. Learn more at https://reactjs.org/link/wrap-tests-with-act
2026-10-02T12:01:14.3223007Z     at /home/runner/work/mini-drop/mini-drop/web/node_modules/antd/lib/message/index.js:68:60
2026-10-02T12:01:14.3224098Z Warning: An update to ForwardRef inside a test was not wrapped in act(...).
2026-10-02T12:01:14.3224600Z 
2026-10-02T12:01:14.3225153Z When testing, code that causes React state updates should be wrapped into act(...):
2026-10-02T12:01:14.3225705Z 
2026-10-02T12:01:14.3225844Z act(() => {
2026-10-02T12:01:14.3226253Z   /* fire events that update state */
2026-10-02T12:01:14.3226687Z });
2026-10-02T12:01:14.3227029Z /* assert on the output */
2026-10-02T12:01:14.3227287Z 
2026-10-02T12:01:14.3228241Z This ensures that you're testing the behavior the user would see in the browser. Learn more at https://reactjs.org/link/wrap-tests-with-act
2026-10-02T12:01:14.3229964Z     at /home/runner/work/mini-drop/mini-drop/web/node_modules/antd/lib/message/useMessage.js:52:5
2026-10-02T12:01:14.3231090Z     at /home/runner/work/mini-drop/mini-drop/web/node_modules/antd/lib/message/index.js:41:5
2026-10-02T12:01:14.3232602Z     at MotionWrapper (/home/runner/work/mini-drop/mini-drop/web/node_modules/antd/lib/config-provider/MotionWrapper.js:17:30)
2026-10-02T12:01:14.3234092Z     at ProviderChildren (/home/runner/work/mini-drop/mini-drop/web/node_modules/antd/lib/config-provider/index.js:142:5)
2026-10-02T12:01:14.3235515Z     at ConfigProvider (/home/runner/work/mini-drop/mini-drop/web/node_modules/antd/lib/config-provider/index.js:444:25)
2026-10-02T12:01:14.3236731Z     at /home/runner/work/mini-drop/mini-drop/web/node_modules/antd/lib/message/index.js:68:60
2026-10-02T12:01:14.3237771Z Warning: An update to ForwardRef inside a test was not wrapped in act(...).
2026-10-02T12:01:14.3238269Z 
2026-10-02T12:01:14.3238801Z When testing, code that causes React state updates should be wrapped into act(...):
2026-10-02T12:01:14.3239350Z 
2026-10-02T12:01:14.3239497Z act(() => {
2026-10-02T12:01:14.3239882Z   /* fire events that update state */
2026-10-02T12:01:14.3240316Z });
2026-10-02T12:01:14.3240658Z /* assert on the output */
2026-10-02T12:01:14.3240914Z 
2026-10-02T12:01:14.3242040Z This ensures that you're testing the behavior the user would see in the browser. Learn more at https://reactjs.org/link/wrap-tests-with-act
2026-10-02T12:01:14.3243459Z     at /home/runner/work/mini-drop/mini-drop/web/node_modules/antd/lib/message/useMessage.js:52:5
2026-10-02T12:01:14.3244565Z     at /home/runner/work/mini-drop/mini-drop/web/node_modules/antd/lib/message/index.js:41:5
2026-10-02T12:01:14.3245868Z     at MotionWrapper (/home/runner/work/mini-drop/mini-drop/web/node_modules/antd/lib/config-provider/MotionWrapper.js:17:30)
2026-10-02T12:01:14.3247388Z     at ProviderChildren (/home/runner/work/mini-drop/mini-drop/web/node_modules/antd/lib/config-provider/index.js:142:5)
2026-10-02T12:01:14.3248841Z     at ConfigProvider (/home/runner/work/mini-drop/mini-drop/web/node_modules/antd/lib/config-provider/index.js:444:25)
2026-10-02T12:01:14.3250125Z     at /home/runner/work/mini-drop/mini-drop/web/node_modules/antd/lib/message/index.js:68:60
2026-10-02T12:01:14.3251192Z Warning: An update to Notifications inside a test was not wrapped in act(...).
2026-10-02T12:01:14.3251689Z 
2026-10-02T12:01:14.3252373Z When testing, code that causes React state updates should be wrapped into act(...):
2026-10-02T12:01:14.3252920Z 
2026-10-02T12:01:14.3253067Z act(() => {
2026-10-02T12:01:14.3253455Z   /* fire events that update state */
2026-10-02T12:01:14.3253868Z });
2026-10-02T12:01:14.3254220Z /* assert on the output */
2026-10-02T12:01:14.3254459Z 
2026-10-02T12:01:14.3255382Z This ensures that you're testing the behavior the user would see in the browser. Learn more at https://reactjs.org/link/wrap-tests-with-act
2026-10-02T12:01:14.3257155Z     at /home/runner/work/mini-drop/mini-drop/web/node_modules/rc-notification/lib/Notifications.js:19:32
2026-10-02T12:01:14.3258385Z     at /home/runner/work/mini-drop/mini-drop/web/node_modules/antd/lib/message/useMessage.js:52:5
2026-10-02T12:01:14.3259496Z     at /home/runner/work/mini-drop/mini-drop/web/node_modules/antd/lib/message/index.js:41:5
2026-10-02T12:01:14.3260811Z     at MotionWrapper (/home/runner/work/mini-drop/mini-drop/web/node_modules/antd/lib/config-provider/MotionWrapper.js:17:30)
2026-10-02T12:01:14.3262513Z     at ProviderChildren (/home/runner/work/mini-drop/mini-drop/web/node_modules/antd/lib/config-provider/index.js:142:5)
2026-10-02T12:01:14.3263962Z     at ConfigProvider (/home/runner/work/mini-drop/mini-drop/web/node_modules/antd/lib/config-provider/index.js:444:25)
2026-10-02T12:01:14.3265219Z     at /home/runner/work/mini-drop/mini-drop/web/node_modules/antd/lib/message/index.js:68:60
2026-10-02T12:01:14.3266282Z Warning: An update to ForwardRef inside a test was not wrapped in act(...).
2026-10-02T12:01:14.3267098Z 
2026-10-02T12:01:14.3267632Z When testing, code that causes React state updates should be wrapped into act(...):
2026-10-02T12:01:14.3268186Z 
2026-10-02T12:01:14.3268333Z act(() => {
2026-10-02T12:01:14.3268808Z   /* fire events that update state */
2026-10-02T12:01:14.3269233Z });
2026-10-02T12:01:14.3269598Z /* assert on the output */
2026-10-02T12:01:14.3269847Z 
2026-10-02T12:01:14.3270789Z This ensures that you're testing the behavior the user would see in the browser. Learn more at https://reactjs.org/link/wrap-tests-with-act
2026-10-02T12:01:14.3272317Z     at /home/runner/work/mini-drop/mini-drop/web/node_modules/antd/lib/message/useMessage.js:52:5
2026-10-02T12:01:14.3273417Z     at /home/runner/work/mini-drop/mini-drop/web/node_modules/antd/lib/message/index.js:41:5
2026-10-02T12:01:14.3274658Z     at MotionWrapper (/home/runner/work/mini-drop/mini-drop/web/node_modules/antd/lib/config-provider/MotionWrapper.js:17:30)
2026-10-02T12:01:14.3276078Z     at ProviderChildren (/home/runner/work/mini-drop/mini-drop/web/node_modules/antd/lib/config-provider/index.js:142:5)
2026-10-02T12:01:14.3277506Z     at ConfigProvider (/home/runner/work/mini-drop/mini-drop/web/node_modules/antd/lib/config-provider/index.js:444:25)
2026-10-02T12:01:14.3278690Z     at /home/runner/work/mini-drop/mini-drop/web/node_modules/antd/lib/message/index.js:68:60
2026-10-02T12:01:14.3279266Z 
2026-10-02T12:01:14.9632344Z  [32m✓[39m src/components/ScopeCard.test.jsx [2m([22m[2m13 tests[22m[2m)[22m[33m 4221[2mms[22m[39m
2026-10-02T12:01:14.9638957Z      [33m[2m✓[22m[39m hides raw authority clarification prompts resolved by secure discovery [33m 989[2mms[22m[39m
2026-10-02T12:01:14.9640571Z      [33m[2m✓[22m[39m requires an explicit closed selection when multiple candidates are eligible [33m 673[2mms[22m[39m
2026-10-02T12:01:14.9641609Z      [33m[2m✓[22m[39m submits expected version and binding authority without raw agent or PID [33m 338[2mms[22m[39m
2026-10-02T12:01:14.9642850Z      [33m[2m✓[22m[39m does not resubmit an immutable server time range [33m 333[2mms[22m[39m
2026-10-02T12:01:15.3651987Z  [32m✓[39m src/components/ManagedServicesPanel.test.jsx [2m([22m[2m12 tests[22m[2m)[22m[33m 4386[2mms[22m[39m
2026-10-02T12:01:15.3656392Z    [33m[2m✓[22m[39m switches the service inspector and sends the selected service identity [33m 1209[2mms[22m[39m
2026-10-02T12:01:15.3670731Z    [33m[2m✓[22m[39m shows real RAG stages and leaves unavailable stages empty [33m 396[2mms[22m[39m
2026-10-02T12:01:15.3672645Z    [33m[2m✓[22m[39m keeps a current check separate from a selected historical request [33m 326[2mms[22m[39m
2026-10-02T12:01:15.3692921Z    [33m[2m✓[22m[39m submits only the selected request ID and rejects an expired selection [33m 446[2mms[22m[39m
2026-10-02T12:01:15.3694328Z    [33m[2m✓[22m[39m checks both original 2000ms comparisons after preparation (3507) [33m 373[2mms[22m[39m
2026-10-02T12:01:15.3696196Z    [33m[2m✓[22m[39m checks both original 2000ms comparisons after preparation (3407) [33m 336[2mms[22m[39m
2026-10-02T12:01:15.3697550Z    [33m[2m✓[22m[39m checks both original 2000ms comparisons after preparation (3448) [33m 330[2mms[22m[39m
2026-10-02T12:01:19.5474833Z [90mstderr[2m | src/components/SkillABPanel.test.jsx[2m > [22m[2mSkillABPanel[2m > [22m[2mcreates real AUTO and DISABLED diagnoses and reports only observed metrics
2026-10-02T12:01:19.5476701Z [22m[39mWarning: [antd: Card] `bordered` is deprecated. Please use `variant` instead.
2026-10-02T12:01:19.5477747Z Warning: [antd: Card] `bordered` is deprecated. Please use `variant` instead.
2026-10-02T12:01:19.5478685Z Warning: [antd: Card] `bordered` is deprecated. Please use `variant` instead.
2026-10-02T12:01:19.5479175Z 
2026-10-02T12:01:19.5536694Z [90mstderr[2m | src/components/SkillABPanel.test.jsx[2m > [22m[2mSkillABPanel[2m > [22m[2mcreates real AUTO and DISABLED diagnoses and reports only observed metrics
2026-10-02T12:01:19.5539133Z [22m[39mWarning: [antd: Card] `bordered` is deprecated. Please use `variant` instead.
2026-10-02T12:01:19.5539725Z 
2026-10-02T12:01:19.6805433Z [90mstderr[2m | src/components/SkillABPanel.test.jsx[2m > [22m[2mSkillABPanel[2m > [22m[2mcreates real AUTO and DISABLED diagnoses and reports only observed metrics
2026-10-02T12:01:19.6846335Z [22m[39mWarning: [antd: Card] `bordered` is deprecated. Please use `variant` instead.
2026-10-02T12:01:19.6847459Z 
2026-10-02T12:01:19.7090686Z [90mstderr[2m | src/components/SkillABPanel.test.jsx[2m > [22m[2mSkillABPanel[2m > [22m[2mcreates real AUTO and DISABLED diagnoses and reports only observed metrics
2026-10-02T12:01:19.7093102Z [22m[39mWarning: [antd: Card] `bordered` is deprecated. Please use `variant` instead.
2026-10-02T12:01:19.7094052Z 
2026-10-02T12:01:19.7606959Z [90mstderr[2m | src/components/SkillABPanel.test.jsx[2m > [22m[2mSkillABPanel[2m > [22m[2mcreates real AUTO and DISABLED diagnoses and reports only observed metrics
2026-10-02T12:01:19.7623527Z [22m[39mWarning: [antd: Card] `bordered` is deprecated. Please use `variant` instead.
2026-10-02T12:01:19.7652226Z 
2026-10-02T12:01:19.8282933Z [90mstderr[2m | src/components/SkillABPanel.test.jsx[2m > [22m[2mSkillABPanel[2m > [22m[2mcreates real AUTO and DISABLED diagnoses and reports only observed metrics
2026-10-02T12:01:19.8291017Z [22m[39mWarning: [antd: Card] `bordered` is deprecated. Please use `variant` instead.
2026-10-02T12:01:19.8293684Z 
2026-10-02T12:01:19.8704828Z [90mstderr[2m | src/components/SkillABPanel.test.jsx[2m > [22m[2mSkillABPanel[2m > [22m[2mcreates real AUTO and DISABLED diagnoses and reports only observed metrics
2026-10-02T12:01:19.8707236Z [22m[39mWarning: [antd: Card] `bordered` is deprecated. Please use `variant` instead.
2026-10-02T12:01:19.8726402Z 
2026-10-02T12:01:19.8771594Z  [32m✓[39m src/components/ConclusionCard.test.jsx [2m([22m[2m10 tests[22m[2m)[22m[33m 910[2mms[22m[39m
2026-10-02T12:01:19.8772814Z      [33m[2m✓[22m[39m explains that inclusive Go function shares overlap [33m 448[2mms[22m[39m
2026-10-02T12:01:19.9048421Z [90mstderr[2m | src/components/SkillABPanel.test.jsx[2m > [22m[2mSkillABPanel[2m > [22m[2mcreates real AUTO and DISABLED diagnoses and reports only observed metrics
2026-10-02T12:01:19.9073696Z [22m[39mWarning: [antd: Card] `bordered` is deprecated. Please use `variant` instead.
2026-10-02T12:01:19.9110585Z 
2026-10-02T12:01:20.3078865Z [90mstderr[2m | src/components/SkillABPanel.test.jsx[2m > [22m[2mSkillABPanel[2m > [22m[2mkeeps an earlier supported hypothesis visible when a later branch is insufficient
2026-10-02T12:01:20.3080939Z [22m[39mWarning: [antd: Card] `bordered` is deprecated. Please use `variant` instead.
2026-10-02T12:01:20.3082369Z Warning: [antd: Card] `bordered` is deprecated. Please use `variant` instead.
2026-10-02T12:01:20.3083441Z Warning: [antd: Card] `bordered` is deprecated. Please use `variant` instead.
2026-10-02T12:01:20.3085119Z Warning: [antd: Card] `bordered` is deprecated. Please use `variant` instead.
2026-10-02T12:01:20.3085678Z 
2026-10-02T12:01:20.3105355Z [90mstderr[2m | src/components/SkillABPanel.test.jsx[2m > [22m[2mSkillABPanel[2m > [22m[2mkeeps an earlier supported hypothesis visible when a later branch is insufficient
2026-10-02T12:01:20.3107561Z [22m[39mWarning: [antd: Card] `bordered` is deprecated. Please use `variant` instead.
2026-10-02T12:01:20.3108494Z 
2026-10-02T12:01:20.3814247Z [90mstderr[2m | src/components/SkillABPanel.test.jsx[2m > [22m[2mSkillABPanel[2m > [22m[2mkeeps an earlier supported hypothesis visible when a later branch is insufficient
2026-10-02T12:01:20.3816124Z [22m[39mWarning: [antd: Card] `bordered` is deprecated. Please use `variant` instead.
2026-10-02T12:01:20.3816710Z 
2026-10-02T12:01:20.4104692Z [90mstderr[2m | src/components/SkillABPanel.test.jsx[2m > [22m[2mSkillABPanel[2m > [22m[2mkeeps an earlier supported hypothesis visible when a later branch is insufficient
2026-10-02T12:01:20.4159600Z [22m[39mWarning: [antd: Card] `bordered` is deprecated. Please use `variant` instead.
2026-10-02T12:01:20.4164302Z 
2026-10-02T12:01:20.4362652Z [90mstderr[2m | src/components/SkillABPanel.test.jsx[2m > [22m[2mSkillABPanel[2m > [22m[2mkeeps an earlier supported hypothesis visible when a later branch is insufficient
2026-10-02T12:01:20.4364803Z [22m[39mWarning: [antd: Card] `bordered` is deprecated. Please use `variant` instead.
2026-10-02T12:01:20.4365885Z 
2026-10-02T12:01:20.4921238Z [90mstderr[2m | src/components/SkillABPanel.test.jsx[2m > [22m[2mSkillABPanel[2m > [22m[2mkeeps an earlier supported hypothesis visible when a later branch is insufficient
2026-10-02T12:01:20.4933713Z [22m[39mWarning: [antd: Card] `bordered` is deprecated. Please use `variant` instead.
2026-10-02T12:01:20.4934575Z 
2026-10-02T12:01:20.5099888Z [90mstderr[2m | src/components/SkillABPanel.test.jsx[2m > [22m[2mSkillABPanel[2m > [22m[2mkeeps an earlier supported hypothesis visible when a later branch is insufficient
2026-10-02T12:01:20.5101963Z [22m[39mWarning: [antd: Card] `bordered` is deprecated. Please use `variant` instead.
2026-10-02T12:01:20.5102551Z 
2026-10-02T12:01:20.5378529Z [90mstderr[2m | src/components/SkillABPanel.test.jsx[2m > [22m[2mSkillABPanel[2m > [22m[2mkeeps an earlier supported hypothesis visible when a later branch is insufficient
2026-10-02T12:01:20.5380440Z [22m[39mWarning: [antd: Card] `bordered` is deprecated. Please use `variant` instead.
2026-10-02T12:01:20.5381029Z 
2026-10-02T12:01:20.7278447Z [90mstderr[2m | src/components/SkillABPanel.test.jsx[2m > [22m[2mSkillABPanel[2m > [22m[2mrestores a real A/B pair after leaving and returning to the validation center
2026-10-02T12:01:20.7294410Z [22m[39mWarning: [antd: Card] `bordered` is deprecated. Please use `variant` instead.
2026-10-02T12:01:20.7324090Z Warning: [antd: Card] `bordered` is deprecated. Please use `variant` instead.
2026-10-02T12:01:20.7330473Z Warning: [antd: Card] `bordered` is deprecated. Please use `variant` instead.
2026-10-02T12:01:20.7332063Z Warning: [antd: Card] `bordered` is deprecated. Please use `variant` instead.
2026-10-02T12:01:20.7332841Z 
2026-10-02T12:01:20.7334606Z [90mstderr[2m | src/components/SkillABPanel.test.jsx[2m > [22m[2mSkillABPanel[2m > [22m[2mrestores a real A/B pair after leaving and returning to the validation center
2026-10-02T12:01:20.7336610Z [22m[39mWarning: [antd: Card] `bordered` is deprecated. Please use `variant` instead.
2026-10-02T12:01:20.7337386Z 
2026-10-02T12:01:20.7961969Z [90mstderr[2m | src/components/SkillABPanel.test.jsx[2m > [22m[2mSkillABPanel[2m > [22m[2mrestores a real A/B pair after leaving and returning to the validation center
2026-10-02T12:01:20.7963791Z [22m[39mWarning: [antd: Card] `bordered` is deprecated. Please use `variant` instead.
2026-10-02T12:01:20.8099935Z 
2026-10-02T12:01:20.8102340Z [90mstderr[2m | src/components/SkillABPanel.test.jsx[2m > [22m[2mSkillABPanel[2m > [22m[2mrestores a real A/B pair after leaving and returning to the validation center
2026-10-02T12:01:20.8104460Z [22m[39mWarning: [antd: Card] `bordered` is deprecated. Please use `variant` instead.
2026-10-02T12:01:20.8105269Z 
2026-10-02T12:01:20.8425429Z [90mstderr[2m | src/components/SkillABPanel.test.jsx[2m > [22m[2mSkillABPanel[2m > [22m[2mrestores a real A/B pair after leaving and returning to the validation center
2026-10-02T12:01:20.8428857Z [22m[39mWarning: [antd: Card] `bordered` is deprecated. Please use `variant` instead.
2026-10-02T12:01:20.8430976Z 
2026-10-02T12:01:20.8984685Z [90mstderr[2m | src/components/SkillABPanel.test.jsx[2m > [22m[2mSkillABPanel[2m > [22m[2mrestores a real A/B pair after leaving and returning to the validation center
2026-10-02T12:01:20.9013811Z [22m[39mWarning: [antd: Card] `bordered` is deprecated. Please use `variant` instead.
2026-10-02T12:01:20.9056555Z 
2026-10-02T12:01:20.9298305Z [90mstderr[2m | src/components/SkillABPanel.test.jsx[2m > [22m[2mSkillABPanel[2m > [22m[2mrestores a real A/B pair after leaving and returning to the validation center
2026-10-02T12:01:20.9312047Z [22m[39mWarning: [antd: Card] `bordered` is deprecated. Please use `variant` instead.
2026-10-02T12:01:20.9322661Z 
2026-10-02T12:01:20.9508610Z [90mstderr[2m | src/components/SkillABPanel.test.jsx[2m > [22m[2mSkillABPanel[2m > [22m[2mrestores a real A/B pair after leaving and returning to the validation center
2026-10-02T12:01:20.9533596Z [22m[39mWarning: [antd: Card] `bordered` is deprecated. Please use `variant` instead.
2026-10-02T12:01:20.9565617Z 
2026-10-02T12:01:21.1739907Z [90mstderr[2m | src/components/SkillABPanel.test.jsx[2m > [22m[2mSkillABPanel[2m > [22m[2mrestores a real A/B pair after leaving and returning to the validation center
2026-10-02T12:01:21.1742502Z [22m[39mWarning: [antd: Card] `bordered` is deprecated. Please use `variant` instead.
2026-10-02T12:01:21.1744160Z Warning: [antd: Card] `bordered` is deprecated. Please use `variant` instead.
2026-10-02T12:01:21.1744919Z 
2026-10-02T12:01:21.1772550Z [90mstderr[2m | src/components/SkillABPanel.test.jsx[2m > [22m[2mSkillABPanel[2m > [22m[2mrestores a real A/B pair after leaving and returning to the validation center
2026-10-02T12:01:21.1774636Z [22m[39mWarning: [antd: Card] `bordered` is deprecated. Please use `variant` instead.
2026-10-02T12:01:21.1775421Z 
2026-10-02T12:01:21.1923835Z [90mstderr[2m | src/components/SkillABPanel.test.jsx[2m > [22m[2mSkillABPanel[2m > [22m[2mrestores a real A/B pair after leaving and returning to the validation center
2026-10-02T12:01:21.1926165Z [22m[39mWarning: [antd: Card] `bordered` is deprecated. Please use `variant` instead.
2026-10-02T12:01:21.1927100Z 
2026-10-02T12:01:21.1990255Z  [32m✓[39m src/hooks/useSSE.test.jsx [2m([22m[2m13 tests[22m[2m)[22m[32m 49[2mms[22m[39m
2026-10-02T12:01:21.2170371Z [90mstderr[2m | src/components/SkillABPanel.test.jsx[2m > [22m[2mSkillABPanel[2m > [22m[2mrestores a real A/B pair after leaving and returning to the validation center
2026-10-02T12:01:21.2172597Z [22m[39mWarning: [antd: Card] `bordered` is deprecated. Please use `variant` instead.
2026-10-02T12:01:21.2173596Z 
2026-10-02T12:01:21.2602348Z  [32m✓[39m src/components/SkillABPanel.test.jsx [2m([22m[2m5 tests[22m[2m)[22m[33m 2782[2mms[22m[39m
2026-10-02T12:01:21.2606327Z      [33m[2m✓[22m[39m creates real AUTO and DISABLED diagnoses and reports only observed metrics [33m 1564[2mms[22m[39m
2026-10-02T12:01:21.2607957Z      [33m[2m✓[22m[39m keeps an earlier supported hypothesis visible when a later branch is insufficient [33m 511[2mms[22m[39m
2026-10-02T12:01:21.2609549Z      [33m[2m✓[22m[39m restores a real A/B pair after leaving and returning to the validation center [33m 700[2mms[22m[39m
2026-10-02T12:01:22.3341195Z  [32m✓[39m src/utils/reportPresentation.test.js [2m([22m[2m31 tests[22m[2m)[22m[32m 14[2mms[22m[39m
2026-10-02T12:01:23.4134859Z  [32m✓[39m src/utils/observationAssessment.test.js [2m([22m[2m20 tests[22m[2m)[22m[32m 8[2mms[22m[39m
2026-10-02T12:01:26.6946524Z Not implemented: Window's getComputedStyle() method: with pseudo-elements
2026-10-02T12:01:27.0884107Z  [32m✓[39m src/components/ChatThread.test.jsx [2m([22m[2m9 tests[22m[2m)[22m[33m 1353[2mms[22m[39m
2026-10-02T12:01:27.0933563Z      [33m[2m✓[22m[39m keeps fix verification disabled for an observation in simple mode [33m 480[2mms[22m[39m
2026-10-02T12:01:27.4351297Z Not implemented: Window's getComputedStyle() method: with pseudo-elements
2026-10-02T12:01:27.6627860Z Not implemented: Window's getComputedStyle() method: with pseudo-elements
2026-10-02T12:01:27.7118317Z  [32m✓[39m src/components/EngineeringDiagnosisSummary.test.jsx [2m([22m[2m5 tests[22m[2m)[22m[33m 1858[2mms[22m[39m
2026-10-02T12:01:27.7120191Z    [33m[2m✓[22m[39m shows engineering acceptance separately from localization, refutation and untouched cases [33m 1448[2mms[22m[39m
2026-10-02T12:01:28.8090723Z  [32m✓[39m src/utils/diagnosisDisplay.test.js [2m([22m[2m6 tests[22m[2m)[22m[32m 10[2mms[22m[39m
2026-10-02T12:01:31.6891649Z  [32m✓[39m src/components/LatsReplayPanel.test.jsx [2m([22m[2m2 tests[22m[2m)[22m[33m 934[2mms[22m[39m
2026-10-02T12:01:31.6893967Z      [33m[2m✓[22m[39m creates a fresh UUID session and opens the returned diagnosis immediately [33m 819[2mms[22m[39m
2026-10-02T12:01:34.4885596Z Not implemented: Window's getComputedStyle() method: with pseudo-elements
2026-10-02T12:01:34.5192679Z [90mstderr[2m | src/pages/TaskResult.test.jsx[2m > [22m[2mTaskResult collection boundary[2m > [22m[2mrejects an explicit zero-sample artifact instead of rendering an empty flamegraph
2026-10-02T12:01:34.5224546Z [22m[39mWarning: [antd: Table] `index` parameter of `rowKey` function is deprecated. There is no guarantee that it will work as expected.
2026-10-02T12:01:34.5229290Z 
2026-10-02T12:01:34.5324355Z [90mstderr[2m | src/pages/TaskResult.test.jsx[2m > [22m[2mTaskResult collection boundary[2m > [22m[2mrejects an explicit zero-sample artifact instead of rendering an empty flamegraph
2026-10-02T12:01:34.5327067Z [22m[39mWarning: [antd: Table] `index` parameter of `rowKey` function is deprecated. There is no guarantee that it will work as expected.
2026-10-02T12:01:34.5328448Z 
2026-10-02T12:01:35.0542881Z Not implemented: Window's getComputedStyle() method: with pseudo-elements
2026-10-02T12:01:35.0913741Z Not implemented: Window's getComputedStyle() method: with pseudo-elements
2026-10-02T12:01:35.1114198Z [90mstderr[2m | src/pages/TaskResult.test.jsx[2m > [22m[2mTaskResult collection boundary[2m > [22m[2mrenders continuous window outcomes in Chinese
2026-10-02T12:01:35.1173806Z [22m[39mWarning: [antd: Table] `index` parameter of `rowKey` function is deprecated. There is no guarantee that it will work as expected.
2026-10-02T12:01:35.1202399Z 
2026-10-02T12:01:35.1684194Z  [32m✓[39m src/pages/TaskResult.test.jsx [2m([22m[2m4 tests[22m[2m)[22m[33m 1786[2mms[22m[39m
2026-10-02T12:01:35.1713919Z      [33m[2m✓[22m[39m renders collection results and points diagnosis to the V2 workspace [33m 751[2mms[22m[39m
2026-10-02T12:01:35.1733864Z      [33m[2m✓[22m[39m rejects an explicit zero-sample artifact instead of rendering an empty flamegraph [33m 731[2mms[22m[39m
2026-10-02T12:01:35.3873871Z  [32m✓[39m src/components/HealthCheckActions.test.jsx [2m([22m[2m5 tests[22m[2m)[22m[33m 1060[2mms[22m[39m
2026-10-02T12:01:35.3881017Z      [33m[2m✓[22m[39m creates a fresh sampling session for NORMAL_OBSERVED [33m 748[2mms[22m[39m
2026-10-02T12:01:36.4643974Z  [32m✓[39m src/hooks/SSEContext.test.jsx [2m([22m[2m4 tests[22m[2m)[22m[32m 159[2mms[22m[39m
2026-10-02T12:01:40.2627993Z  [32m✓[39m src/components/EngineeringCasesPanel.test.jsx [2m([22m[2m11 tests[22m[2m)[22m[33m 1389[2mms[22m[39m
2026-10-02T12:01:40.2630449Z    [33m[2m✓[22m[39m shows actual before/after evidence and does not claim automated AI root acceptance [33m 974[2mms[22m[39m
2026-10-02T12:01:40.8162045Z Not implemented: Window's getComputedStyle() method: with pseudo-elements
2026-10-02T12:01:41.1415453Z  [32m✓[39m src/components/ToolCallCard.test.jsx [2m([22m[2m3 tests[22m[2m)[22m[33m 1543[2mms[22m[39m
2026-10-02T12:01:41.1416925Z      [33m[2m✓[22m[39m shows approve/reject for a pending approval tool [33m 694[2mms[22m[39m
2026-10-02T12:01:41.1418351Z      [33m[2m✓[22m[39m keeps the server-bound agent and PID immutable while editing sampling parameters [33m 782[2mms[22m[39m
2026-10-02T12:01:45.6952231Z  [32m✓[39m src/components/AppLayout.test.jsx [2m([22m[2m4 tests[22m[2m)[22m[33m 943[2mms[22m[39m
2026-10-02T12:01:45.6953215Z      [33m[2m✓[22m[39m shows the fallback indicator until the shared stream opens [33m 623[2mms[22m[39m
2026-10-02T12:01:46.3710169Z  [32m✓[39m src/components/FlamegraphViewer.test.jsx [2m([22m[2m4 tests[22m[2m)[22m[33m 2392[2mms[22m[39m
2026-10-02T12:01:46.3713243Z      [33m[2m✓[22m[39m renders a 10k-node flamegraph without crashing [33m 627[2mms[22m[39m
2026-10-02T12:01:46.3733362Z      [33m[2m✓[22m[39m renders Java HTML as SVG data without inserting an executable iframe [33m 843[2mms[22m[39m
2026-10-02T12:01:46.3735104Z      [33m[2m✓[22m[39m does not show a late response from the previously selected task [33m 897[2mms[22m[39m
2026-10-02T12:01:49.7923523Z Not implemented: Window's getComputedStyle() method: with pseudo-elements
2026-10-02T12:01:50.0161252Z Not implemented: Window's getComputedStyle() method: with pseudo-elements
2026-10-02T12:01:50.1151015Z  [32m✓[39m src/components/BusinessAcceptancePanel.test.jsx [2m([22m[2m4 tests[22m[2m)[22m[33m 1291[2mms[22m[39m
2026-10-02T12:01:50.1152832Z    [33m[2m✓[22m[39m does not turn missing evidence into a passing result [33m 587[2mms[22m[39m
2026-10-02T12:01:50.1154349Z    [33m[2m✓[22m[39m shows fallback separately from full recovery and AI diagnosis [33m 401[2mms[22m[39m
2026-10-02T12:01:50.1751624Z Not implemented: Window's getComputedStyle() method: with pseudo-elements
2026-10-02T12:01:50.5473306Z Not implemented: Window's getComputedStyle() method: with pseudo-elements
2026-10-02T12:01:50.8879666Z  [32m✓[39m src/components/MentorComplexShowcase.test.jsx [2m([22m[2m2 tests[22m[2m)[22m[33m 1753[2mms[22m[39m
2026-10-02T12:01:50.8881457Z      [33m[2m✓[22m[39m replays only the diagnosis passed by the active workspace [33m 1176[2mms[22m[39m
2026-10-02T12:01:50.8883974Z      [33m[2m✓[22m[39m shows the candidate Skill produced by the same diagnosis [33m 574[2mms[22m[39m
2026-10-02T12:01:54.7285873Z Not implemented: Window's getComputedStyle() method: with pseudo-elements
2026-10-02T12:01:54.7406735Z [90mstderr[2m | src/pages/AgentDetail.test.jsx[2m > [22m[2mignores late responses from another agent and resets the trend on navigation
2026-10-02T12:01:54.7408668Z [22m[39mWarning: [antd: Descriptions] `labelStyle` is deprecated. Please use `styles={{ label: {} }}` instead.
2026-10-02T12:01:54.7410079Z Warning: [antd: Descriptions] `contentStyle` is deprecated. Please use `styles={{ content: {} }}` instead.
2026-10-02T12:01:54.7411352Z Warning: [antd: Descriptions] Sum of column `span` in a line not match `column` of Descriptions.
2026-10-02T12:01:54.7412269Z 
2026-10-02T12:01:54.7496514Z [90mstderr[2m | src/pages/AgentDetail.test.jsx[2m > [22m[2mignores late responses from another agent and resets the trend on navigation
2026-10-02T12:01:54.7498756Z [22m[39mWarning: [antd: Descriptions] `labelStyle` is deprecated. Please use `styles={{ label: {} }}` instead.
2026-10-02T12:01:54.7500703Z Warning: [antd: Descriptions] `contentStyle` is deprecated. Please use `styles={{ content: {} }}` instead.
2026-10-02T12:01:54.7502551Z Warning: [antd: Descriptions] Sum of column `span` in a line not match `column` of Descriptions.
2026-10-02T12:01:54.7503444Z 
2026-10-02T12:01:54.7672021Z [90mstderr[2m | src/pages/AgentDetail.test.jsx[2m > [22m[2mignores late responses from another agent and resets the trend on navigation
2026-10-02T12:01:54.7674217Z [22m[39mWarning: [antd: Descriptions] `labelStyle` is deprecated. Please use `styles={{ label: {} }}` instead.
2026-10-02T12:01:54.7676176Z Warning: [antd: Descriptions] `contentStyle` is deprecated. Please use `styles={{ content: {} }}` instead.
2026-10-02T12:01:54.7677767Z Warning: [antd: Descriptions] Sum of column `span` in a line not match `column` of Descriptions.
2026-10-02T12:01:54.7678589Z 
2026-10-02T12:01:54.7931387Z [90mstderr[2m | src/pages/AgentDetail.test.jsx[2m > [22m[2mignores late responses from another agent and resets the trend on navigation
2026-10-02T12:01:54.7933729Z [22m[39mWarning: [antd: Descriptions] `labelStyle` is deprecated. Please use `styles={{ label: {} }}` instead.
2026-10-02T12:01:54.7935426Z Warning: [antd: Descriptions] `contentStyle` is deprecated. Please use `styles={{ content: {} }}` instead.
2026-10-02T12:01:54.7937106Z Warning: [antd: Descriptions] Sum of column `span` in a line not match `column` of Descriptions.
2026-10-02T12:01:54.7938583Z 
2026-10-02T12:01:55.0459660Z [90mstderr[2m | src/pages/AgentDetail.test.jsx[2m > [22m[2mignores late responses from another agent and resets the trend on navigation
2026-10-02T12:01:55.0462004Z [22m[39mWarning: [antd: Descriptions] `labelStyle` is deprecated. Please use `styles={{ label: {} }}` instead.
2026-10-02T12:01:55.0463866Z Warning: [antd: Descriptions] `contentStyle` is deprecated. Please use `styles={{ content: {} }}` instead.
2026-10-02T12:01:55.0465629Z Warning: [antd: Descriptions] Sum of column `span` in a line not match `column` of Descriptions.
2026-10-02T12:01:55.0466516Z 
2026-10-02T12:01:55.1729795Z Not implemented: Window's getComputedStyle() method: with pseudo-elements
2026-10-02T12:01:55.1806436Z [90mstderr[2m | src/pages/AgentDetail.test.jsx[2m > [22m[2mignores late responses from another agent and resets the trend on navigation
2026-10-02T12:01:55.1808417Z [22m[39mWarning: [antd: Descriptions] `labelStyle` is deprecated. Please use `styles={{ label: {} }}` instead.
2026-10-02T12:01:55.1809793Z Warning: [antd: Descriptions] `contentStyle` is deprecated. Please use `styles={{ content: {} }}` instead.
2026-10-02T12:01:55.1811006Z Warning: [antd: Descriptions] Sum of column `span` in a line not match `column` of Descriptions.
2026-10-02T12:01:55.1811995Z 
2026-10-02T12:01:55.1880123Z [90mstderr[2m | src/pages/AgentDetail.test.jsx[2m > [22m[2mignores late responses from another agent and resets the trend on navigation
2026-10-02T12:01:55.1882387Z [22m[39mWarning: [antd: Descriptions] `labelStyle` is deprecated. Please use `styles={{ label: {} }}` instead.
2026-10-02T12:01:55.1883984Z Warning: [antd: Descriptions] `contentStyle` is deprecated. Please use `styles={{ content: {} }}` instead.
2026-10-02T12:01:55.1885352Z Warning: [antd: Descriptions] Sum of column `span` in a line not match `column` of Descriptions.
2026-10-02T12:01:55.1886004Z 
2026-10-02T12:01:55.4603410Z Not implemented: Window's getComputedStyle() method: with pseudo-elements
2026-10-02T12:01:55.4705730Z [90mstderr[2m | src/pages/AgentDetail.test.jsx[2m > [22m[2mshows a request error and retry instead of only claiming the agent does not exist
2026-10-02T12:01:55.4708112Z [22m[39mWarning: [antd: Descriptions] `labelStyle` is deprecated. Please use `styles={{ label: {} }}` instead.
2026-10-02T12:01:55.4709760Z Warning: [antd: Descriptions] `contentStyle` is deprecated. Please use `styles={{ content: {} }}` instead.
2026-10-02T12:01:55.4711297Z Warning: [antd: Descriptions] Sum of column `span` in a line not match `column` of Descriptions.
2026-10-02T12:01:55.4717850Z 
2026-10-02T12:01:55.4790314Z [90mstderr[2m | src/pages/AgentDetail.test.jsx[2m > [22m[2mshows a request error and retry instead of only claiming the agent does not exist
2026-10-02T12:01:55.4796164Z [22m[39mWarning: [antd: Descriptions] `labelStyle` is deprecated. Please use `styles={{ label: {} }}` instead.
2026-10-02T12:01:55.4798088Z Warning: [antd: Descriptions] `contentStyle` is deprecated. Please use `styles={{ content: {} }}` instead.
2026-10-02T12:01:55.4799820Z Warning: [antd: Descriptions] Sum of column `span` in a line not match `column` of Descriptions.
2026-10-02T12:01:55.4800798Z 
2026-10-02T12:01:55.4912164Z  [32m✓[39m src/pages/AgentDetail.test.jsx [2m([22m[2m2 tests[22m[2m)[22m[33m 1804[2mms[22m[39m
2026-10-02T12:01:55.4913972Z    [33m[2m✓[22m[39m ignores late responses from another agent and resets the trend on navigation [33m 1524[2mms[22m[39m
2026-10-02T12:01:55.9314432Z  [32m✓[39m src/components/PlanningOutputCard.test.jsx [2m([22m[2m10 tests[22m[2m)[22m[33m 698[2mms[22m[39m
2026-10-02T12:01:59.4274276Z  [32m✓[39m src/components/EvalPanel.test.jsx [2m([22m[2m2 tests[22m[2m)[22m[33m 487[2mms[22m[39m
2026-10-02T12:01:59.4276763Z      [33m[2m✓[22m[39m defaults to performance experiments and keeps engineering regressions separate [33m 407[2mms[22m[39m
2026-10-02T12:02:00.0969827Z  [32m✓[39m src/components/DiagnosisSkillOutcomeCard.test.jsx [2m([22m[2m2 tests[22m[2m)[22m[33m 1187[2mms[22m[39m
2026-10-02T12:02:00.0973954Z      [33m[2m✓[22m[39m shows the Skill produced by a verified diagnosis and exposes its gates [33m 1048[2mms[22m[39m
2026-10-02T12:02:01.3157287Z  [32m✓[39m src/hooks/usePolling.test.jsx [2m([22m[2m3 tests[22m[2m)[22m[32m 47[2mms[22m[39m
2026-10-02T12:02:02.7941711Z  [32m✓[39m src/components/DiagnosisPathPanel.test.jsx [2m([22m[2m2 tests[22m[2m)[22m[33m 628[2mms[22m[39m
2026-10-02T12:02:02.7956309Z      [33m[2m✓[22m[39m shows Chinese event and actor labels, with raw protocol codes in secondary details [33m 621[2mms[22m[39m
2026-10-02T12:02:05.4515583Z [90mstderr[2m | src/components/SkillExperimentPanel.test.jsx[2m > [22m[2mSkillExperimentPanel[2m > [22m[2muses the server-assigned arm and never asks the browser to choose one
2026-10-02T12:02:05.4518029Z [22m[39mWarning: [antd: Card] `bordered` is deprecated. Please use `variant` instead.
2026-10-02T12:02:05.4519367Z Warning: [antd: Card] `bordered` is deprecated. Please use `variant` instead.
2026-10-02T12:02:05.4520154Z 
2026-10-02T12:02:05.8506245Z Not implemented: Window's getComputedStyle() method: with pseudo-elements
2026-10-02T12:02:05.8543450Z [90mstderr[2m | src/components/SkillExperimentPanel.test.jsx[2m > [22m[2mSkillExperimentPanel[2m > [22m[2muses the server-assigned arm and never asks the browser to choose one
2026-10-02T12:02:05.8545750Z [22m[39mWarning: [antd: Card] `bordered` is deprecated. Please use `variant` instead.
2026-10-02T12:02:05.8546634Z 
2026-10-02T12:02:06.0602293Z [90mstderr[2m | src/components/SkillExperimentPanel.test.jsx[2m > [22m[2mSkillExperimentPanel[2m > [22m[2muses the server-assigned arm and never asks the browser to choose one
2026-10-02T12:02:06.0604691Z [22m[39mWarning: [antd: Card] `bordered` is deprecated. Please use `variant` instead.
2026-10-02T12:02:06.0605631Z 
2026-10-02T12:02:06.0752958Z [90mstderr[2m | src/components/SkillExperimentPanel.test.jsx[2m > [22m[2mSkillExperimentPanel[2m > [22m[2muses the server-assigned arm and never asks the browser to choose one
2026-10-02T12:02:06.0755334Z [22m[39mWarning: [antd: Card] `bordered` is deprecated. Please use `variant` instead.
2026-10-02T12:02:06.0756232Z 
2026-10-02T12:02:06.0957470Z [90mstderr[2m | src/components/SkillExperimentPanel.test.jsx[2m > [22m[2mSkillExperimentPanel[2m > [22m[2muses the server-assigned arm and never asks the browser to choose one
2026-10-02T12:02:06.0959948Z [22m[39mWarning: [antd: Card] `bordered` is deprecated. Please use `variant` instead.
2026-10-02T12:02:06.0960884Z 
2026-10-02T12:02:06.1210605Z  [32m✓[39m src/components/SkillExperimentPanel.test.jsx [2m([22m[2m1 test[22m[2m)[22m[33m 1322[2mms[22m[39m
2026-10-02T12:02:06.1213145Z      [33m[2m✓[22m[39m uses the server-assigned arm and never asks the browser to choose one [33m 1319[2mms[22m[39m
2026-10-02T12:02:06.8744383Z Not implemented: Window's getComputedStyle() method: with pseudo-elements
2026-10-02T12:02:06.9760421Z Not implemented: Window's getComputedStyle() method: with pseudo-elements
2026-10-02T12:02:07.4863634Z Not implemented: Window's getComputedStyle() method: with pseudo-elements
2026-10-02T12:02:07.5653927Z  [32m✓[39m src/components/FixVerificationPanel.test.jsx [2m([22m[2m3 tests[22m[2m)[22m[33m 1159[2mms[22m[39m
2026-10-02T12:02:07.5655600Z      [33m[2m✓[22m[39m shows an explicit unverified outcome when no repair records exist [33m 503[2mms[22m[39m
2026-10-02T12:02:07.5656576Z      [33m[2m✓[22m[39m does not mistake a load failure for an absent repair [33m 307[2mms[22m[39m
2026-10-02T12:02:07.5657269Z      [33m[2m✓[22m[39m renders past verification records [33m 346[2mms[22m[39m
2026-10-02T12:02:09.1682447Z  [32m✓[39m src/components/PlannerBlock.test.jsx [2m([22m[2m1 test[22m[2m)[22m[33m 397[2mms[22m[39m
2026-10-02T12:02:09.1684717Z      [33m[2m✓[22m[39m merges cross-round paraphrases while keeping the latest state and unique causes [33m 394[2mms[22m[39m
2026-10-02T12:02:10.2660103Z  [32m✓[39m src/components/PerformanceDiagnosisSummary.test.jsx [2m([22m[2m3 tests[22m[2m)[22m[32m 33[2mms[22m[39m
2026-10-02T12:02:11.4434821Z  [32m✓[39m src/components/EvidenceCard.test.jsx [2m([22m[2m2 tests[22m[2m)[22m[33m 432[2mms[22m[39m
2026-10-02T12:02:11.4436425Z      [33m[2m✓[22m[39m uses Chinese evidence role, gate decision, tool and observation labels [33m 379[2mms[22m[39m
2026-10-02T12:02:12.5260697Z  [32m✓[39m src/utils/asyncProfiler.test.js [2m([22m[2m8 tests[22m[2m)[22m[32m 10[2mms[22m[39m
2026-10-02T12:02:14.5473288Z Not implemented: Window's getComputedStyle() method: with pseudo-elements
2026-10-02T12:02:14.7434996Z Not implemented: Window's getComputedStyle() method: with pseudo-elements
2026-10-02T12:02:14.8833977Z Not implemented: Window's getComputedStyle() method: with pseudo-elements
2026-10-02T12:02:15.3143664Z Not implemented: Window's getComputedStyle() method: with pseudo-elements
2026-10-02T12:02:15.3759343Z  [32m✓[39m src/pages/Schedules.test.jsx [2m([22m[2m3 tests[22m[2m)[22m[33m 1532[2mms[22m[39m
2026-10-02T12:02:15.3761060Z      [33m[2m✓[22m[39m renders the schedule list [33m 823[2mms[22m[39m
2026-10-02T12:02:15.3762695Z      [33m[2m✓[22m[39m opens the creation drawer from the primary action [33m 567[2mms[22m[39m
2026-10-02T12:02:15.5512678Z  [32m✓[39m src/components/DiagnosisFinding.test.jsx [2m([22m[2m2 tests[22m[2m)[22m[32m 297[2mms[22m[39m
2026-10-02T12:02:16.6704884Z  [32m✓[39m src/utils/sysMetrics.test.js [2m([22m[2m3 tests[22m[2m)[22m[32m 7[2mms[22m[39m
2026-10-02T12:02:16.7741559Z  [32m✓[39m src/components/SafeMarkdown.test.jsx [2m([22m[2m4 tests[22m[2m)[22m[32m 76[2mms[22m[39m
2026-10-02T12:02:19.8687132Z  [32m✓[39m src/components/EngineeringDiagnosisSummary.integrity.test.jsx [2m([22m[2m4 tests[22m[2m)[22m[33m 635[2mms[22m[39m
2026-10-02T12:02:19.8688414Z    [33m[2m✓[22m[39m rejects an inconsistent refutation aggregate: inflated [33m 517[2mms[22m[39m
2026-10-02T12:02:20.8062900Z  [32m✓[39m src/components/DiagnosisCaseList.test.jsx [2m([22m[2m1 test[22m[2m)[22m[33m 595[2mms[22m[39m
2026-10-02T12:02:20.8064574Z      [33m[2m✓[22m[39m separates FULL_LATS frozen replay sessions from ordinary live diagnoses [33m 592[2mms[22m[39m
2026-10-02T12:02:20.9894216Z  [32m✓[39m src/utils/latsReplay.test.js [2m([22m[2m3 tests[22m[2m)[22m[32m 6[2mms[22m[39m
2026-10-02T12:02:22.1553926Z  [32m✓[39m src/utils/parseJsonPayload.test.js [2m([22m[2m2 tests[22m[2m)[22m[32m 7[2mms[22m[39m
2026-10-02T12:02:23.1781227Z  [32m✓[39m src/utils/agentMetrics.test.js [2m([22m[2m2 tests[22m[2m)[22m[32m 6[2mms[22m[39m
2026-10-02T12:02:23.5979366Z  [32m✓[39m src/components/RetrievalOutcomeNotice.test.jsx [2m([22m[2m3 tests[22m[2m)[22m[32m 222[2mms[22m[39m
2026-10-02T12:02:24.2789464Z  [32m✓[39m src/utils/parseJsonOffMainThread.test.js [2m([22m[2m1 test[22m[2m)[22m[32m 7[2mms[22m[39m
2026-10-02T12:02:24.6922717Z  [32m✓[39m src/utils/diagnosisQuery.test.js [2m([22m[2m3 tests[22m[2m)[22m[32m 4[2mms[22m[39m
2026-10-02T12:02:25.9611367Z  [32m✓[39m src/utils/skillBenchmark.test.js [2m([22m[2m7 tests[22m[2m)[22m[32m 6[2mms[22m[39m
2026-10-02T12:02:27.0521282Z  [32m✓[39m src/utils/latsSearch.test.js [2m([22m[2m8 tests[22m[2m)[22m[32m 6[2mms[22m[39m
2026-10-02T12:02:27.1020870Z  [32m✓[39m src/components/StatusTag.test.jsx [2m([22m[2m2 tests[22m[2m)[22m[33m 301[2mms[22m[39m
2026-10-02T12:02:27.1111557Z 
2026-10-02T12:02:27.1173269Z [2m Test Files [22m [1m[32m52 passed[39m[22m[90m (52)[39m
2026-10-02T12:02:27.1203210Z [2m      Tests [22m [1m[32m330 passed[39m[22m[90m (330)[39m
2026-10-02T12:02:27.1204431Z [2m   Start at [22m 12:00:46
2026-10-02T12:02:27.1233456Z [2m   Duration [22m 100.98s[2m (transform 2.36s, setup 6.81s, import 82.06s, tests 62.66s, environment 41.99s)[22m
2026-10-02T12:02:27.1264117Z 
2026-10-02T12:02:27.1917580Z ##[group]Run npm run audit:prod
2026-10-02T12:02:27.1917917Z [36;1mnpm run audit:prod[0m
2026-10-02T12:02:27.1993727Z shell: /usr/bin/bash -e {0}
2026-10-02T12:02:27.1994020Z ##[endgroup]
2026-10-02T12:02:27.3098197Z 
2026-10-02T12:02:27.3099070Z > mini-drop-web@0.1.0 audit:prod
2026-10-02T12:02:27.3100000Z > npm audit --omit=dev --audit-level=high --registry=https://registry.npmjs.org
2026-10-02T12:02:27.3100527Z 
2026-10-02T12:02:27.7372826Z # npm audit report
2026-10-02T12:02:27.7373177Z 
2026-10-02T12:02:27.7373419Z dompurify  3.4.13 - 3.4.15
2026-10-02T12:02:27.7375015Z DOMPurify: IN_PLACE: node-removing afterSanitize hook leaves detached subtree event handlers armed, causing DOM XSS - https://github.com/advisories/GHSA-p98j-92pf-mc4p
2026-10-02T12:02:27.7376385Z fix available via `npm audit fix`
2026-10-02T12:02:27.7376909Z node_modules/dompurify
2026-10-02T12:02:27.7377203Z 
2026-10-02T12:02:27.7377417Z 1 low severity vulnerability
2026-10-02T12:02:27.7377709Z 
2026-10-02T12:02:27.7378016Z To address all issues, run:
2026-10-02T12:02:27.7378445Z   npm audit fix
2026-10-02T12:02:27.7571240Z ##[group]Run npm run build:check
2026-10-02T12:02:27.7571568Z [36;1mnpm run build:check[0m
2026-10-02T12:02:27.7650748Z shell: /usr/bin/bash -e {0}
2026-10-02T12:02:27.7651038Z ##[endgroup]
2026-10-02T12:02:27.8799957Z 
2026-10-02T12:02:27.8800680Z > mini-drop-web@0.1.0 build:check
2026-10-02T12:02:27.8801236Z > vite build && node ../scripts/check_web_bundle.mjs
2026-10-02T12:02:27.8801507Z 
2026-10-02T12:02:28.1063231Z [36mvite v8.2.2 [32mbuilding client environment for production...[36m[39m
2026-10-02T12:02:28.1170367Z transforming...
2026-10-02T12:02:28.8221969Z ✓ 4597 modules transformed.
2026-10-02T12:02:29.0322933Z rendering chunks...
2026-10-02T12:02:29.2660688Z computing gzip size...
2026-10-02T12:02:29.2871682Z dist/index.html                                0.79 kB │ gzip:   0.42 kB
2026-10-02T12:02:29.2872882Z dist/assets/parseJson.worker-mxB42-VK.js       0.83 kB
2026-10-02T12:02:29.2873937Z dist/assets/TaskResult-BAn5yWN7.css            0.32 kB │ gzip:   0.24 kB
2026-10-02T12:02:29.2875100Z dist/assets/flamegraph-VXIZzpiT.css            0.60 kB │ gzip:   0.32 kB
2026-10-02T12:02:29.2876147Z dist/assets/index-IZHbRe47.css                 8.44 kB │ gzip:   2.63 kB
2026-10-02T12:02:29.2877143Z dist/assets/AIDiagnosis-ChKDK5_y.css          90.44 kB │ gzip:  16.76 kB
2026-10-02T12:02:29.2878175Z dist/assets/ErrorAlert-903HQ4EN.js             0.23 kB │ gzip:   0.19 kB
2026-10-02T12:02:29.2879181Z dist/assets/ArrowLeftOutlined-D5Rce3sA.js      0.60 kB │ gzip:   0.44 kB
2026-10-02T12:02:29.2880168Z dist/assets/rolldown-runtime-B0Z9INg1.js       0.90 kB │ gzip:   0.51 kB
2026-10-02T12:02:29.2881171Z dist/assets/agentMetrics-CZoJGXne.js           1.09 kB │ gzip:   0.67 kB
2026-10-02T12:02:29.2882395Z dist/assets/CloudServerOutlined-nqMoSLwN.js    1.33 kB │ gzip:   0.78 kB
2026-10-02T12:02:29.2883489Z dist/assets/StatusTag-AVBiLPOz.js              2.03 kB │ gzip:   0.82 kB
2026-10-02T12:02:29.2884511Z dist/assets/AuditLogs-CLKuAA5c.js              3.87 kB │ gzip:   1.88 kB
2026-10-02T12:02:29.2885523Z dist/assets/row-D_0PZE5A.js                    5.51 kB │ gzip:   2.24 kB
2026-10-02T12:02:29.2886514Z dist/assets/collectors-9W4-i_vQ.js             6.12 kB │ gzip:   1.78 kB
2026-10-02T12:02:29.2887554Z dist/assets/alert-C2yT8MYA.js                  6.35 kB │ gzip:   2.66 kB
2026-10-02T12:02:29.2888580Z dist/assets/AgentDetail-jxoIQzEZ.js            7.71 kB │ gzip:   3.15 kB
2026-10-02T12:02:29.2889623Z dist/assets/ThunderboltOutlined-_zhhsc5p.js   10.29 kB │ gzip:   4.07 kB
2026-10-02T12:02:29.2890674Z dist/assets/usePolling-CeSosOBk.js            16.17 kB │ gzip:   6.83 kB
2026-10-02T12:02:29.2891693Z dist/assets/Schedules-10l6wFhc.js             17.26 kB │ gzip:   5.82 kB
2026-10-02T12:02:29.2892955Z dist/assets/input-number-BLKstg1f.js          23.73 kB │ gzip:   8.20 kB
2026-10-02T12:02:29.2894538Z dist/assets/modal-CGyc8tVo.js                 27.89 kB │ gzip:   9.27 kB
2026-10-02T12:02:29.2895417Z dist/assets/TaskResult-E3zDOq9_.js            29.61 kB │ gzip:  10.78 kB
2026-10-02T12:02:29.2896319Z dist/assets/d3-OVqjLuRP.js                    36.91 kB │ gzip:  12.52 kB
2026-10-02T12:02:29.2897314Z dist/assets/PlayCircleOutlined-DDH4N-mk.js    37.49 kB │ gzip:  12.80 kB
2026-10-02T12:02:29.2898178Z dist/assets/axios-B0fvnqBc.js                 49.95 kB │ gzip:  18.75 kB
2026-10-02T12:02:29.2899008Z dist/assets/Dashboard-BffNcTwA.js             50.52 kB │ gzip:  16.62 kB
2026-10-02T12:02:29.2899885Z dist/assets/index-B_X_9XCC.js                 92.29 kB │ gzip:  32.17 kB
2026-10-02T12:02:29.2900780Z dist/assets/flamegraph-CSYLKD5W.js            96.97 kB │ gzip:  32.80 kB
2026-10-02T12:02:29.2901688Z dist/assets/react-C8_Uech3.js                178.38 kB │ gzip:  58.94 kB
2026-10-02T12:02:29.2902783Z dist/assets/table-B3EaWpvJ.js                343.42 kB │ gzip: 105.31 kB
2026-10-02T12:02:29.2903745Z dist/assets/SafeMarkdown-DTMU3vYp.js         389.11 kB │ gzip: 122.02 kB
2026-10-02T12:02:29.2904728Z dist/assets/client-C9stzVXG.js               397.22 kB │ gzip: 127.31 kB
2026-10-02T12:02:29.2906077Z dist/assets/AIDiagnosis-DcyjBW3x.js          427.34 kB │ gzip: 135.21 kB
2026-10-02T12:02:29.2907075Z dist/assets/echarts-C79zCWSK.js              612.21 kB │ gzip: 206.37 kB
2026-10-02T12:02:29.2907516Z 
2026-10-02T12:02:29.2907914Z [33m[plugin builtin:vite-reporter] 
2026-10-02T12:02:29.2908598Z (!) Some chunks are larger than 600 kB after minification. Consider:
2026-10-02T12:02:29.2909313Z - Using dynamic import() to code-split the application
2026-10-02T12:02:29.2910535Z - Use build.rolldownOptions.output.codeSplitting to improve chunking: https://rolldown.rs/reference/OutputOptions.codeSplitting
2026-10-02T12:02:29.2912051Z - Adjust chunk size limit for this warning via build.chunkSizeWarningLimit.[39m
2026-10-02T12:02:29.2912759Z [32m✓ built in 1.18s[39m
2026-10-02T12:02:29.3614639Z web bundle check passed: entry 701.9 KiB across 5 files; largest chunk echarts-C79zCWSK.js 597.9 KiB
2026-10-02T12:02:29.3858251Z Post job cleanup.
2026-10-02T12:02:29.5277231Z (node:2708) [DEP0040] DeprecationWarning: The `punycode` module is deprecated. Please use a userland alternative instead.
2026-10-02T12:02:29.5278654Z (Use `node --trace-deprecation ...` to show where the warning was created)
2026-10-02T12:02:29.5281966Z Cache hit occurred on the primary key node-cache-Linux-x64-npm-a79428a48f53c819bdf3224c6f533bf526ae1b21f28f4ee918b0bcba5121d960, not saving cache.
2026-10-02T12:02:29.5455986Z Post job cleanup.
2026-10-02T12:02:29.6428906Z [command]/usr/bin/git version
2026-10-02T12:02:29.6479279Z git version 2.55.0
2026-10-02T12:02:29.6525636Z Temporarily overriding HOME='/home/runner/work/_temp/470d26da-e4f4-4553-b075-cff610cc42e0' before making global git config changes
2026-10-02T12:02:29.6527466Z Adding repository directory to the temporary git global config as a safe directory
2026-10-02T12:02:29.6529055Z [command]/usr/bin/git config --global --add safe.directory /home/runner/work/mini-drop/mini-drop
2026-10-02T12:02:29.6584184Z [command]/usr/bin/git config --local --name-only --get-regexp core\.sshCommand
2026-10-02T12:02:29.6638372Z [command]/usr/bin/git submodule foreach --recursive sh -c "git config --local --name-only --get-regexp 'core\.sshCommand' && git config --local --unset-all 'core.sshCommand' || :"
2026-10-02T12:02:29.7067940Z [command]/usr/bin/git config --local --name-only --get-regexp http\.https\:\/\/github\.com\/\.extraheader
2026-10-02T12:02:29.7126736Z http.https://github.com/.extraheader
2026-10-02T12:02:29.7154487Z [command]/usr/bin/git config --local --unset-all http.https://github.com/.extraheader
2026-10-02T12:02:29.7237344Z [command]/usr/bin/git submodule foreach --recursive sh -c "git config --local --name-only --get-regexp 'http\.https\:\/\/github\.com\/\.extraheader' && git config --local --unset-all 'http.https://github.com/.extraheader' || :"
2026-10-02T12:02:29.7635259Z [command]/usr/bin/git config --local --name-only --get-regexp ^includeIf\.gitdir:
2026-10-02T12:02:29.7698158Z [command]/usr/bin/git submodule foreach --recursive git config --local --show-origin --name-only --get-regexp remote.origin.url
2026-10-02T12:02:29.8250272Z Cleaning up orphan processes
2026-10-02T12:02:29.8592332Z ##[warning]Node.js 20 is deprecated. The following actions target Node.js 20 but are being forced to run on Node.js 24: actions/checkout@v4, actions/setup-node@v4. For more information see: https://github.blog/changelog/2025-09-19-deprecation-of-node-20-on-github-actions-runners/
