2026-10-02T12:00:18.1641549Z Current runner version: '2.337.0'
2026-10-02T12:00:18.1669286Z ##[group]Runner Image Provisioner
2026-10-02T12:00:18.1670268Z Hosted Compute Agent
2026-10-02T12:00:18.1670996Z Version: 20260901.588
2026-10-02T12:00:18.1671972Z Commit: f88ec8081b781fac6c440065ac7ff9e710ce3d0b
2026-10-02T12:00:18.1673181Z Build Date: 2026-09-01T19:56:44Z
2026-10-02T12:00:18.1674237Z Worker ID: {9612e791-a6c0-4e19-a378-01f49a43a525}
2026-10-02T12:00:18.1675163Z Azure Region: northcentralus
2026-10-02T12:00:18.1675961Z ##[endgroup]
2026-10-02T12:00:18.1677617Z ##[group]Operating System
2026-10-02T12:00:18.1678439Z Ubuntu
2026-10-02T12:00:18.1679209Z 22.04.5
2026-10-02T12:00:18.1679911Z LTS
2026-10-02T12:00:18.1680598Z ##[endgroup]
2026-10-02T12:00:18.1681432Z ##[group]Runner Image
2026-10-02T12:00:18.1682410Z Image: ubuntu-22.04
2026-10-02T12:00:18.1683291Z Version: 20260927.309.1
2026-10-02T12:00:18.1684837Z Included Software: https://github.com/actions/runner-images/blob/ubuntu22/20260927.309/images/ubuntu/Ubuntu2204-Readme.md
2026-10-02T12:00:18.1686213Z Image Release: https://github.com/actions/runner-images/releases/tag/ubuntu22%2F20260927.309
2026-10-02T12:00:18.1687042Z ##[endgroup]
2026-10-02T12:00:18.1688094Z ##[group]GITHUB_TOKEN Permissions
2026-10-02T12:00:18.1689986Z Contents: read
2026-10-02T12:00:18.1690562Z Metadata: read
2026-10-02T12:00:18.1691077Z Packages: read
2026-10-02T12:00:18.1691552Z ##[endgroup]
2026-10-02T12:00:18.1693561Z Secret source: Actions
2026-10-02T12:00:18.1694393Z Cache mode: write
2026-10-02T12:00:18.1695311Z Prepare workflow directory
2026-10-02T12:00:18.2004772Z Prepare all required actions
2026-10-02T12:00:18.2060157Z Getting action download info
2026-10-02T12:00:18.4118326Z Download action repository 'actions/checkout@v4' (SHA:11d5960a326750d5838078e36cf38b85af677262)
2026-10-02T12:00:18.5716170Z Download action repository 'actions/setup-node@v4' (SHA:49933ea5288caeca8642d1e84afbd3f7d6820020)
2026-10-02T12:00:18.7402364Z Download action repository 'actions/upload-artifact@v4' (SHA:ea165f8d65b6e75b540449e92b4886f43607fa02)
2026-10-02T12:00:19.0371186Z Complete job name: Web (real Chromium, synthetic fixtures)
2026-10-02T12:00:19.0965984Z ##[group]Run actions/checkout@v4
2026-10-02T12:00:19.0966618Z with:
2026-10-02T12:00:19.0966984Z   repository: llongwang751-arch/mini-drop
2026-10-02T12:00:19.0969953Z   token: ***
2026-10-02T12:00:19.0970305Z   ssh-strict: true
2026-10-02T12:00:19.0970653Z   ssh-user: git
2026-10-02T12:00:19.0971005Z   persist-credentials: true
2026-10-02T12:00:19.0971383Z   clean: true
2026-10-02T12:00:19.0971731Z   sparse-checkout-cone-mode: true
2026-10-02T12:00:19.0972373Z   fetch-depth: 1
2026-10-02T12:00:19.0972763Z   fetch-tags: false
2026-10-02T12:00:19.0973119Z   show-progress: true
2026-10-02T12:00:19.0973460Z   lfs: false
2026-10-02T12:00:19.0973773Z   submodules: false
2026-10-02T12:00:19.0974116Z   set-safe-directory: true
2026-10-02T12:00:19.0974500Z   allow-unsafe-pr-checkout: false
2026-10-02T12:00:19.0975186Z ##[endgroup]
2026-10-02T12:00:19.1882744Z Syncing repository: llongwang751-arch/mini-drop
2026-10-02T12:00:19.1884802Z ##[group]Getting Git version info
2026-10-02T12:00:19.1885748Z Working directory is '/home/runner/work/mini-drop/mini-drop'
2026-10-02T12:00:19.1887016Z [command]/usr/bin/git version
2026-10-02T12:00:19.1945915Z git version 2.55.0
2026-10-02T12:00:19.1966024Z ##[endgroup]
2026-10-02T12:00:19.1979096Z Temporarily overriding HOME='/home/runner/work/_temp/89d8798b-df71-47a8-8743-b2eaf61a6bdd' before making global git config changes
2026-10-02T12:00:19.1981161Z Adding repository directory to the temporary git global config as a safe directory
2026-10-02T12:00:19.1983679Z [command]/usr/bin/git config --global --add safe.directory /home/runner/work/mini-drop/mini-drop
2026-10-02T12:00:19.2028957Z Deleting the contents of '/home/runner/work/mini-drop/mini-drop'
2026-10-02T12:00:19.2033061Z ##[group]Initializing the repository
2026-10-02T12:00:19.2037109Z [command]/usr/bin/git init /home/runner/work/mini-drop/mini-drop
2026-10-02T12:00:19.2125877Z hint: Using 'master' as the name for the initial branch. This default branch name
2026-10-02T12:00:19.2127755Z hint: will change to "main" in Git 3.0. To configure the initial branch name
2026-10-02T12:00:19.2129096Z hint: to use in all of your new repositories, which will suppress this warning,
2026-10-02T12:00:19.2130242Z hint: call:
2026-10-02T12:00:19.2130933Z hint:
2026-10-02T12:00:19.2131740Z hint: 	git config --global init.defaultBranch <name>
2026-10-02T12:00:19.2133224Z hint:
2026-10-02T12:00:19.2135694Z hint: Names commonly chosen instead of 'master' are 'main', 'trunk' and
2026-10-02T12:00:19.2137104Z hint: 'development'. The just-created branch can be renamed via this command:
2026-10-02T12:00:19.2138186Z hint:
2026-10-02T12:00:19.2138822Z hint: 	git branch -m <name>
2026-10-02T12:00:19.2139557Z hint:
2026-10-02T12:00:19.2140471Z hint: Disable this message with "git config set advice.defaultBranchName false"
2026-10-02T12:00:19.2142017Z Initialized empty Git repository in /home/runner/work/mini-drop/mini-drop/.git/
2026-10-02T12:00:19.2144897Z [command]/usr/bin/git remote add origin https://github.com/llongwang751-arch/mini-drop
2026-10-02T12:00:19.2176815Z ##[endgroup]
2026-10-02T12:00:19.2177889Z ##[group]Disabling automatic garbage collection
2026-10-02T12:00:19.2179709Z [command]/usr/bin/git config --local gc.auto 0
2026-10-02T12:00:19.2214255Z ##[endgroup]
2026-10-02T12:00:19.2215274Z ##[group]Setting up auth
2026-10-02T12:00:19.2220247Z [command]/usr/bin/git config --local --name-only --get-regexp core\.sshCommand
2026-10-02T12:00:19.2295108Z [command]/usr/bin/git submodule foreach --recursive sh -c "git config --local --name-only --get-regexp 'core\.sshCommand' && git config --local --unset-all 'core.sshCommand' || :"
2026-10-02T12:00:19.2576209Z [command]/usr/bin/git config --local --name-only --get-regexp http\.https\:\/\/github\.com\/\.extraheader
2026-10-02T12:00:19.2610503Z [command]/usr/bin/git submodule foreach --recursive sh -c "git config --local --name-only --get-regexp 'http\.https\:\/\/github\.com\/\.extraheader' && git config --local --unset-all 'http.https://github.com/.extraheader' || :"
2026-10-02T12:00:19.2850080Z [command]/usr/bin/git config --local --name-only --get-regexp ^includeIf\.gitdir:
2026-10-02T12:00:19.2884614Z [command]/usr/bin/git submodule foreach --recursive git config --local --show-origin --name-only --get-regexp remote.origin.url
2026-10-02T12:00:19.3139629Z [command]/usr/bin/git config --local http.https://github.com/.extraheader AUTHORIZATION: basic ***
2026-10-02T12:00:19.3177139Z ##[endgroup]
2026-10-02T12:00:19.3178055Z ##[group]Fetching the repository
2026-10-02T12:00:19.3185546Z [command]/usr/bin/git -c protocol.version=2 fetch --no-tags --prune --no-recurse-submodules --depth=1 origin +7abe089ae9bfc9705b56c73a5b1dd19dd3bad7ea:refs/remotes/pull/1/merge
2026-10-02T12:00:22.8135073Z From https://github.com/llongwang751-arch/mini-drop
2026-10-02T12:00:22.8136515Z  * [new ref]         7abe089ae9bfc9705b56c73a5b1dd19dd3bad7ea -> pull/1/merge
2026-10-02T12:00:22.8140986Z ##[endgroup]
2026-10-02T12:00:22.8142437Z ##[group]Determining the checkout info
2026-10-02T12:00:22.8143922Z ##[endgroup]
2026-10-02T12:00:22.8145610Z [command]/usr/bin/git sparse-checkout disable
2026-10-02T12:00:22.8197685Z [command]/usr/bin/git config --local --unset-all extensions.worktreeConfig
2026-10-02T12:00:22.8230688Z ##[group]Checking out the ref
2026-10-02T12:00:22.8233946Z [command]/usr/bin/git checkout --progress --force refs/remotes/pull/1/merge
2026-10-02T12:00:23.8337997Z Updating files:  74% (4606/6162)
2026-10-02T12:00:23.8398006Z Updating files:  75% (4622/6162)
2026-10-02T12:00:23.8458420Z Updating files:  76% (4684/6162)
2026-10-02T12:00:23.8494842Z Updating files:  77% (4745/6162)
2026-10-02T12:00:23.8820440Z Updating files:  78% (4807/6162)
2026-10-02T12:00:23.9090443Z Updating files:  79% (4868/6162)
2026-10-02T12:00:23.9139186Z Updating files:  80% (4930/6162)
2026-10-02T12:00:23.9232347Z Updating files:  81% (4992/6162)
2026-10-02T12:00:23.9312448Z Updating files:  82% (5053/6162)
2026-10-02T12:00:23.9366367Z Updating files:  83% (5115/6162)
2026-10-02T12:00:23.9395982Z Updating files:  84% (5177/6162)
2026-10-02T12:00:23.9448610Z Updating files:  85% (5238/6162)
2026-10-02T12:00:23.9499115Z Updating files:  86% (5300/6162)
2026-10-02T12:00:23.9596047Z Updating files:  87% (5361/6162)
2026-10-02T12:00:23.9641491Z Updating files:  88% (5423/6162)
2026-10-02T12:00:23.9740354Z Updating files:  89% (5485/6162)
2026-10-02T12:00:23.9809378Z Updating files:  90% (5546/6162)
2026-10-02T12:00:23.9850021Z Updating files:  91% (5608/6162)
2026-10-02T12:00:23.9885890Z Updating files:  92% (5670/6162)
2026-10-02T12:00:23.9939045Z Updating files:  93% (5731/6162)
2026-10-02T12:00:23.9968583Z Updating files:  94% (5793/6162)
2026-10-02T12:00:23.9999682Z Updating files:  95% (5854/6162)
2026-10-02T12:00:24.0033694Z Updating files:  96% (5916/6162)
2026-10-02T12:00:24.0154831Z Updating files:  97% (5978/6162)
2026-10-02T12:00:24.0184960Z Updating files:  98% (6039/6162)
2026-10-02T12:00:24.0213093Z Updating files:  99% (6101/6162)
2026-10-02T12:00:24.0213557Z Updating files: 100% (6162/6162)
2026-10-02T12:00:24.0214018Z Updating files: 100% (6162/6162), done.
2026-10-02T12:00:24.0279414Z Note: switching to 'refs/remotes/pull/1/merge'.
2026-10-02T12:00:24.0279791Z 
2026-10-02T12:00:24.0280079Z You are in 'detached HEAD' state. You can look around, make experimental
2026-10-02T12:00:24.0280729Z changes and commit them, and you can discard any commits you make in this
2026-10-02T12:00:24.0281373Z state without impacting any branches by switching back to a branch.
2026-10-02T12:00:24.0281706Z 
2026-10-02T12:00:24.0281968Z If you want to create a new branch to retain commits you create, you may
2026-10-02T12:00:24.0282772Z do so (now or later) by using -c with the switch command. Example:
2026-10-02T12:00:24.0283099Z 
2026-10-02T12:00:24.0283252Z   git switch -c <new-branch-name>
2026-10-02T12:00:24.0283499Z 
2026-10-02T12:00:24.0283651Z Or undo this operation with:
2026-10-02T12:00:24.0283873Z 
2026-10-02T12:00:24.0284057Z   git switch -
2026-10-02T12:00:24.0284234Z 
2026-10-02T12:00:24.0284843Z Turn off this advice by setting config variable advice.detachedHead to false
2026-10-02T12:00:24.0285255Z 
2026-10-02T12:00:24.0285742Z HEAD is now at 7abe089 Merge cfea6744fc2395d5392440b2404ee275ada0a69f into 609ea8a73f845b496b59b5cae181f515c5919850
2026-10-02T12:00:24.0384743Z ##[endgroup]
2026-10-02T12:00:24.0424901Z [command]/usr/bin/git log -1 --format=%H
2026-10-02T12:00:24.0450765Z 7abe089ae9bfc9705b56c73a5b1dd19dd3bad7ea
2026-10-02T12:00:24.0687659Z ##[group]Run actions/setup-node@v4
2026-10-02T12:00:24.0687930Z with:
2026-10-02T12:00:24.0688138Z   node-version: 22
2026-10-02T12:00:24.0688337Z   cache: npm
2026-10-02T12:00:24.0688572Z   cache-dependency-path: web/package-lock.json
2026-10-02T12:00:24.0688854Z   always-auth: false
2026-10-02T12:00:24.0689066Z   check-latest: false
2026-10-02T12:00:24.0691116Z   token: ***
2026-10-02T12:00:24.0691320Z ##[endgroup]
2026-10-02T12:00:24.2034325Z Found in cache @ /opt/hostedtoolcache/node/22.23.3/x64
2026-10-02T12:00:24.2038142Z (node:1941) [DEP0040] DeprecationWarning: The `punycode` module is deprecated. Please use a userland alternative instead.
2026-10-02T12:00:24.2038939Z (Use `node --trace-deprecation ...` to show where the warning was created)
2026-10-02T12:00:24.2040066Z ##[group]Environment details
2026-10-02T12:00:27.3266314Z node: v22.23.3
2026-10-02T12:00:27.3266655Z npm: 10.9.9
2026-10-02T12:00:27.3266868Z yarn: 1.22.22
2026-10-02T12:00:27.3268285Z ##[endgroup]
2026-10-02T12:00:27.3281372Z [command]/opt/hostedtoolcache/node/22.23.3/x64/bin/npm config get cache
2026-10-02T12:00:27.4734529Z /home/runner/.npm
2026-10-02T12:00:27.5993649Z Cache hit for: node-cache-Linux-x64-npm-a79428a48f53c819bdf3224c6f533bf526ae1b21f28f4ee918b0bcba5121d960
2026-10-02T12:00:27.6072286Z (node:1941) [DEP0169] DeprecationWarning: `url.parse()` behavior is not standardized and prone to errors that have security implications. Use the WHATWG URL API instead. CVEs are not issued for `url.parse()` vulnerabilities.
2026-10-02T12:00:28.2915541Z Received 52012766 of 52012766 (100.0%), 87.2 MBs/sec
2026-10-02T12:00:28.2916049Z Cache Size: ~50 MB (52012766 B)
2026-10-02T12:00:28.2936763Z [command]/usr/bin/tar -xf /home/runner/work/_temp/e77e14d1-e1b9-4e47-a7fb-9f99ae5b5172/cache.tzst -P -C /home/runner/work/mini-drop/mini-drop --use-compress-program unzstd
2026-10-02T12:00:28.4134854Z Cache restored successfully
2026-10-02T12:00:28.4234326Z Cache restored from key: node-cache-Linux-x64-npm-a79428a48f53c819bdf3224c6f533bf526ae1b21f28f4ee918b0bcba5121d960
2026-10-02T12:00:28.4436172Z ##[group]Run npm --prefix web ci
2026-10-02T12:00:28.4436501Z [36;1mnpm --prefix web ci[0m
2026-10-02T12:00:28.4754591Z shell: /usr/bin/bash -e {0}
2026-10-02T12:00:28.4754841Z ##[endgroup]
2026-10-02T12:00:34.2092977Z 
2026-10-02T12:00:34.2098989Z added 346 packages, and audited 347 packages in 6s
2026-10-02T12:00:34.2099261Z 
2026-10-02T12:00:34.2099423Z 118 packages are looking for funding
2026-10-02T12:00:34.2099795Z   run `npm fund` for details
2026-10-02T12:00:34.2205453Z 
2026-10-02T12:00:34.2205885Z 2 vulnerabilities (1 low, 1 high)
2026-10-02T12:00:34.2206177Z 
2026-10-02T12:00:34.2206397Z To address all issues, run:
2026-10-02T12:00:34.2206672Z   npm audit fix
2026-10-02T12:00:34.2206784Z 
2026-10-02T12:00:34.2206900Z Run `npm audit` for details.
2026-10-02T12:00:34.2785743Z ##[group]Run npm --prefix web run build
2026-10-02T12:00:34.2786061Z [36;1mnpm --prefix web run build[0m
2026-10-02T12:00:34.2855361Z shell: /usr/bin/bash -e {0}
2026-10-02T12:00:34.2855583Z ##[endgroup]
2026-10-02T12:00:34.3795431Z 
2026-10-02T12:00:34.3796104Z > mini-drop-web@0.1.0 build
2026-10-02T12:00:34.3796461Z > vite build
2026-10-02T12:00:34.3796658Z 
2026-10-02T12:00:34.5694239Z [36mvite v8.2.2 [32mbuilding client environment for production...[36m[39m
2026-10-02T12:00:34.5769378Z transforming...
2026-10-02T12:00:35.0809997Z ✓ 4597 modules transformed.
2026-10-02T12:00:35.2542213Z rendering chunks...
2026-10-02T12:00:35.4063809Z computing gzip size...
2026-10-02T12:00:35.4217090Z dist/index.html                                0.79 kB │ gzip:   0.42 kB
2026-10-02T12:00:35.4217826Z dist/assets/parseJson.worker-mxB42-VK.js       0.83 kB
2026-10-02T12:00:35.4218535Z dist/assets/TaskResult-BAn5yWN7.css            0.32 kB │ gzip:   0.24 kB
2026-10-02T12:00:35.4219999Z dist/assets/flamegraph-VXIZzpiT.css            0.60 kB │ gzip:   0.32 kB
2026-10-02T12:00:35.4220690Z dist/assets/index-IZHbRe47.css                 8.44 kB │ gzip:   2.63 kB
2026-10-02T12:00:35.4221430Z dist/assets/AIDiagnosis-ChKDK5_y.css          90.44 kB │ gzip:  16.76 kB
2026-10-02T12:00:35.4222317Z dist/assets/ErrorAlert-903HQ4EN.js             0.23 kB │ gzip:   0.19 kB
2026-10-02T12:00:35.4223105Z dist/assets/ArrowLeftOutlined-D5Rce3sA.js      0.60 kB │ gzip:   0.44 kB
2026-10-02T12:00:35.4223865Z dist/assets/rolldown-runtime-B0Z9INg1.js       0.90 kB │ gzip:   0.51 kB
2026-10-02T12:00:35.4224350Z dist/assets/agentMetrics-CZoJGXne.js           1.09 kB │ gzip:   0.67 kB
2026-10-02T12:00:35.4224848Z dist/assets/CloudServerOutlined-nqMoSLwN.js    1.33 kB │ gzip:   0.78 kB
2026-10-02T12:00:35.4225340Z dist/assets/StatusTag-AVBiLPOz.js              2.03 kB │ gzip:   0.82 kB
2026-10-02T12:00:35.4226070Z dist/assets/AuditLogs-CLKuAA5c.js              3.87 kB │ gzip:   1.88 kB
2026-10-02T12:00:35.4226843Z dist/assets/row-D_0PZE5A.js                    5.51 kB │ gzip:   2.24 kB
2026-10-02T12:00:35.4227770Z dist/assets/collectors-9W4-i_vQ.js             6.12 kB │ gzip:   1.78 kB
2026-10-02T12:00:35.4228968Z [33m[plugin builtin:vite-reporter] 
2026-10-02T12:00:35.4229652Z dist/assets/alert-C2yT8MYA.js                  6.35 kB │ gzip:   2.66 kB
2026-10-02T12:00:35.4230666Z (!) Some chunks are larger than 600 kB after minification. Consider:
2026-10-02T12:00:35.4231277Z - Using dynamic import() to code-split the application
2026-10-02T12:00:35.4232462Z - Use build.rolldownOptions.output.codeSplitting to improve chunking: https://rolldown.rs/reference/OutputOptions.codeSplitting
2026-10-02T12:00:35.4233954Z - Adjust chunk size limit for this warning via build.chunkSizeWarningLimit.[39m
2026-10-02T12:00:35.4234790Z dist/assets/AgentDetail-jxoIQzEZ.js            7.71 kB │ gzip:   3.15 kB
2026-10-02T12:00:35.4235641Z dist/assets/ThunderboltOutlined-_zhhsc5p.js   10.29 kB │ gzip:   4.07 kB
2026-10-02T12:00:35.4236490Z dist/assets/usePolling-CeSosOBk.js            16.17 kB │ gzip:   6.83 kB
2026-10-02T12:00:35.4237323Z dist/assets/Schedules-10l6wFhc.js             17.26 kB │ gzip:   5.82 kB
2026-10-02T12:00:35.4238048Z dist/assets/input-number-BLKstg1f.js          23.73 kB │ gzip:   8.20 kB
2026-10-02T12:00:35.4248512Z dist/assets/modal-CGyc8tVo.js                 27.89 kB │ gzip:   9.27 kB
2026-10-02T12:00:35.4249435Z dist/assets/TaskResult-E3zDOq9_.js            29.61 kB │ gzip:  10.78 kB
2026-10-02T12:00:35.4250273Z dist/assets/d3-OVqjLuRP.js                    36.91 kB │ gzip:  12.52 kB
2026-10-02T12:00:35.4251106Z dist/assets/PlayCircleOutlined-DDH4N-mk.js    37.49 kB │ gzip:  12.80 kB
2026-10-02T12:00:35.4251868Z dist/assets/axios-B0fvnqBc.js                 49.95 kB │ gzip:  18.75 kB
2026-10-02T12:00:35.4252710Z dist/assets/Dashboard-BffNcTwA.js             50.52 kB │ gzip:  16.62 kB
2026-10-02T12:00:35.4253329Z dist/assets/index-B_X_9XCC.js                 92.29 kB │ gzip:  32.17 kB
2026-10-02T12:00:35.4254220Z dist/assets/flamegraph-CSYLKD5W.js            96.97 kB │ gzip:  32.80 kB
2026-10-02T12:00:35.4254841Z dist/assets/react-C8_Uech3.js                178.38 kB │ gzip:  58.94 kB
2026-10-02T12:00:35.4255425Z dist/assets/table-B3EaWpvJ.js                343.42 kB │ gzip: 105.31 kB
2026-10-02T12:00:35.4256043Z dist/assets/SafeMarkdown-DTMU3vYp.js         389.11 kB │ gzip: 122.02 kB
2026-10-02T12:00:35.4256662Z dist/assets/client-C9stzVXG.js               397.22 kB │ gzip: 127.31 kB
2026-10-02T12:00:35.4257263Z dist/assets/AIDiagnosis-DcyjBW3x.js          427.34 kB │ gzip: 135.21 kB
2026-10-02T12:00:35.4257857Z dist/assets/echarts-C79zCWSK.js              612.21 kB │ gzip: 206.37 kB
2026-10-02T12:00:35.4258146Z 
2026-10-02T12:00:35.4258334Z [32m✓ built in 854ms[39m
2026-10-02T12:00:35.4617013Z ##[group]Run npx --yes playwright@1.55.0 install --with-deps chromium
2026-10-02T12:00:35.4617419Z [36;1mnpx --yes playwright@1.55.0 install --with-deps chromium[0m
2026-10-02T12:00:35.4679703Z shell: /usr/bin/bash -e {0}
2026-10-02T12:00:35.4679925Z ##[endgroup]
2026-10-02T12:00:38.0329280Z ╔═══════════════════════════════════════════════════════════════════════════════╗
2026-10-02T12:00:38.0329895Z ║ WARNING: It looks like you are running 'npx playwright install' without first ║
2026-10-02T12:00:38.0330450Z ║ installing your project's dependencies.                                       ║
2026-10-02T12:00:38.0331086Z ║                                                                               ║
2026-10-02T12:00:38.0331713Z ║ To avoid unexpected behavior, please install your dependencies first, and     ║
2026-10-02T12:00:38.0332626Z ║ then run Playwright's install command:                                        ║
2026-10-02T12:00:38.0333389Z ║                                                                               ║
2026-10-02T12:00:38.0333973Z ║     npm install                                                               ║
2026-10-02T12:00:38.0334594Z ║     npx playwright install                                                    ║
2026-10-02T12:00:38.0335251Z ║                                                                               ║
2026-10-02T12:00:38.0335977Z ║ If your project does not yet depend on Playwright, first install the          ║
2026-10-02T12:00:38.0336772Z ║ applicable npm package (most commonly @playwright/test), and                  ║
2026-10-02T12:00:38.0337541Z ║ then run Playwright's install command to download the browsers:               ║
2026-10-02T12:00:38.0338262Z ║                                                                               ║
2026-10-02T12:00:38.0339007Z ║     npm install @playwright/test                                              ║
2026-10-02T12:00:38.0340227Z ║     npx playwright install                                                    ║
2026-10-02T12:00:38.0340938Z ║                                                                               ║
2026-10-02T12:00:38.0341661Z ╚═══════════════════════════════════════════════════════════════════════════════╝
2026-10-02T12:00:38.0342363Z Installing dependencies...
2026-10-02T12:00:38.0433449Z Switching to root user to install dependencies...
2026-10-02T12:00:38.1269257Z Get:1 file:/etc/apt/apt-mirrors.txt Mirrorlist [144 B]
2026-10-02T12:00:38.1586420Z Hit:2 http://azure.archive.ubuntu.com/ubuntu jammy InRelease
2026-10-02T12:00:38.1621756Z Get:3 http://azure.archive.ubuntu.com/ubuntu jammy-updates InRelease [128 kB]
2026-10-02T12:00:38.1721566Z Get:4 http://azure.archive.ubuntu.com/ubuntu jammy-backports InRelease [127 kB]
2026-10-02T12:00:38.1763783Z Get:5 http://azure.archive.ubuntu.com/ubuntu jammy-security InRelease [129 kB]
2026-10-02T12:00:38.1771137Z Get:6 https://packages.microsoft.com/ubuntu/22.04/prod jammy InRelease [3632 B]
2026-10-02T12:00:38.3240159Z Get:7 http://azure.archive.ubuntu.com/ubuntu jammy-updates/main amd64 Packages [3899 kB]
2026-10-02T12:00:38.3474126Z Get:8 http://azure.archive.ubuntu.com/ubuntu jammy-updates/main Translation-en [575 kB]
2026-10-02T12:00:38.3514491Z Get:9 http://azure.archive.ubuntu.com/ubuntu jammy-updates/restricted amd64 Packages [6701 kB]
2026-10-02T12:00:38.3783841Z Get:10 http://azure.archive.ubuntu.com/ubuntu jammy-updates/restricted Translation-en [1287 kB]
2026-10-02T12:00:38.3840770Z Get:11 http://azure.archive.ubuntu.com/ubuntu jammy-updates/universe amd64 Packages [1285 kB]
2026-10-02T12:00:38.3903946Z Get:12 http://azure.archive.ubuntu.com/ubuntu jammy-updates/universe Translation-en [325 kB]
2026-10-02T12:00:38.4780297Z Get:13 http://azure.archive.ubuntu.com/ubuntu jammy-security/main amd64 Packages [3598 kB]
2026-10-02T12:00:38.4930338Z Get:14 http://azure.archive.ubuntu.com/ubuntu jammy-security/main Translation-en [504 kB]
2026-10-02T12:00:38.4965715Z Get:15 http://azure.archive.ubuntu.com/ubuntu jammy-security/restricted amd64 Packages [6410 kB]
2026-10-02T12:00:38.5235122Z Get:16 http://azure.archive.ubuntu.com/ubuntu jammy-security/restricted Translation-en [1232 kB]
2026-10-02T12:00:38.5260421Z Get:19 https://packages.microsoft.com/ubuntu/22.04/prod jammy/main arm64 Packages [550 kB]
2026-10-02T12:00:38.5360983Z Get:20 https://packages.microsoft.com/ubuntu/22.04/prod jammy/main amd64 Packages [792 kB]
2026-10-02T12:00:38.5740724Z Get:17 http://azure.archive.ubuntu.com/ubuntu jammy-security/universe amd64 Packages [1052 kB]
2026-10-02T12:00:38.5793579Z Get:18 http://azure.archive.ubuntu.com/ubuntu jammy-security/universe Translation-en [236 kB]
2026-10-02T12:00:47.6670776Z Fetched 28.8 MB in 3s (10.6 MB/s)
2026-10-02T12:00:48.7315555Z Reading package lists...
2026-10-02T12:00:48.7842542Z Reading package lists...
2026-10-02T12:00:49.0050164Z Building dependency tree...
2026-10-02T12:00:49.0059291Z Reading state information...
2026-10-02T12:00:49.1519107Z fonts-liberation is already the newest version (1:1.07.4-11).
2026-10-02T12:00:49.1519725Z fonts-liberation set to manually installed.
2026-10-02T12:00:49.1520291Z libatk-bridge2.0-0 is already the newest version (2.38.0-3).
2026-10-02T12:00:49.1520821Z libatk-bridge2.0-0 set to manually installed.
2026-10-02T12:00:49.1521375Z libatk1.0-0 is already the newest version (2.36.0-3build1).
2026-10-02T12:00:49.1521865Z libatk1.0-0 set to manually installed.
2026-10-02T12:00:49.1522502Z libatspi2.0-0 is already the newest version (2.44.0-3).
2026-10-02T12:00:49.1523000Z libatspi2.0-0 set to manually installed.
2026-10-02T12:00:49.1523553Z libfontconfig1 is already the newest version (2.13.1-4.2ubuntu5).
2026-10-02T12:00:49.1524090Z libfontconfig1 set to manually installed.
2026-10-02T12:00:49.1524583Z libxcb1 is already the newest version (1.14-3ubuntu3).
2026-10-02T12:00:49.1525043Z libxcb1 set to manually installed.
2026-10-02T12:00:49.1525568Z libxcomposite1 is already the newest version (1:0.4.5-1build2).
2026-10-02T12:00:49.1526491Z libxcomposite1 set to manually installed.
2026-10-02T12:00:49.1527029Z libxdamage1 is already the newest version (1:1.1.5-2build2).
2026-10-02T12:00:49.1527523Z libxdamage1 set to manually installed.
2026-10-02T12:00:49.1528016Z libxext6 is already the newest version (2:1.3.4-1build1).
2026-10-02T12:00:49.1528429Z libxext6 set to manually installed.
2026-10-02T12:00:49.1528721Z libxfixes3 is already the newest version (1:6.0.0-1).
2026-10-02T12:00:49.1529005Z libxfixes3 set to manually installed.
2026-10-02T12:00:49.1529311Z libxkbcommon0 is already the newest version (1.4.0-1).
2026-10-02T12:00:49.1529603Z libxkbcommon0 set to manually installed.
2026-10-02T12:00:49.1529922Z libxrandr2 is already the newest version (2:1.5.2-1build1).
2026-10-02T12:00:49.1530230Z libxrandr2 set to manually installed.
2026-10-02T12:00:49.1530600Z fonts-noto-color-emoji is already the newest version (2.047-0ubuntu0.22.04.1).
2026-10-02T12:00:49.1531019Z libasound2 is already the newest version (1.2.6.1-1ubuntu1.2).
2026-10-02T12:00:49.1531340Z libasound2 set to manually installed.
2026-10-02T12:00:49.1531649Z libcairo2 is already the newest version (1.16.0-5ubuntu2.1).
2026-10-02T12:00:49.1531970Z libcairo2 set to manually installed.
2026-10-02T12:00:49.1532486Z libcups2 is already the newest version (2.4.1op1-1ubuntu4.21).
2026-10-02T12:00:49.1532790Z libcups2 set to manually installed.
2026-10-02T12:00:49.1533113Z libdbus-1-3 is already the newest version (1.12.20-2ubuntu4.1).
2026-10-02T12:00:49.1533430Z libdbus-1-3 set to manually installed.
2026-10-02T12:00:49.1533757Z libdrm2 is already the newest version (2.4.113-2~ubuntu0.22.04.1).
2026-10-02T12:00:49.1534070Z libdrm2 set to manually installed.
2026-10-02T12:00:49.1534388Z libfreetype6 is already the newest version (2.11.1+dfsg-1ubuntu0.3).
2026-10-02T12:00:49.1534726Z libfreetype6 set to manually installed.
2026-10-02T12:00:49.1535052Z libgbm1 is already the newest version (23.2.1-1ubuntu3.1~22.04.4).
2026-10-02T12:00:49.1535364Z libgbm1 set to manually installed.
2026-10-02T12:00:49.1535857Z libglib2.0-0 is already the newest version (2.72.4-0ubuntu2.10).
2026-10-02T12:00:49.1536180Z libglib2.0-0 set to manually installed.
2026-10-02T12:00:49.1536511Z libnspr4 is already the newest version (2:4.35-0ubuntu0.22.04.1).
2026-10-02T12:00:49.1536881Z libnss3 is already the newest version (2:3.98-0ubuntu0.22.04.4).
2026-10-02T12:00:49.1537257Z libpango-1.0-0 is already the newest version (1.50.6+ds-2ubuntu1).
2026-10-02T12:00:49.1537571Z libpango-1.0-0 set to manually installed.
2026-10-02T12:00:49.1537925Z libwayland-client0 is already the newest version (1.20.0-1ubuntu0.1).
2026-10-02T12:00:49.1538270Z libwayland-client0 set to manually installed.
2026-10-02T12:00:49.1538599Z libx11-6 is already the newest version (2:1.7.5-1ubuntu0.3).
2026-10-02T12:00:49.1538901Z libx11-6 set to manually installed.
2026-10-02T12:00:49.1539232Z xvfb is already the newest version (2:21.1.4-2ubuntu1.7~22.04.16).
2026-10-02T12:00:49.1539594Z The following additional packages will be installed:
2026-10-02T12:00:49.1539902Z   xfonts-encodings xfonts-utils
2026-10-02T12:00:49.1540140Z Recommended packages:
2026-10-02T12:00:49.1540364Z   fonts-ipafont-mincho fonts-tlwg-loma
2026-10-02T12:00:49.1689352Z The following NEW packages will be installed:
2026-10-02T12:00:49.1707378Z   fonts-freefont-ttf fonts-ipafont-gothic fonts-tlwg-loma-otf fonts-unifont
2026-10-02T12:00:49.1708057Z   fonts-wqy-zenhei xfonts-cyrillic xfonts-encodings xfonts-scalable
2026-10-02T12:00:49.1708402Z   xfonts-utils
2026-10-02T12:00:49.1847163Z 0 upgraded, 9 newly installed, 0 to remove and 20 not upgraded.
2026-10-02T12:00:49.1847719Z Need to get 18.4 MB of archives.
2026-10-02T12:00:49.1848079Z After this operation, 56.8 MB of additional disk space will be used.
2026-10-02T12:00:49.1848473Z Get:1 file:/etc/apt/apt-mirrors.txt Mirrorlist [144 B]
2026-10-02T12:00:49.2288720Z Get:2 http://azure.archive.ubuntu.com/ubuntu jammy/universe amd64 fonts-ipafont-gothic all 00303-21ubuntu1 [3513 kB]
2026-10-02T12:00:49.2980655Z Get:3 http://azure.archive.ubuntu.com/ubuntu jammy/main amd64 fonts-freefont-ttf all 20120503-10build1 [2388 kB]
2026-10-02T12:00:49.3538955Z Get:4 http://azure.archive.ubuntu.com/ubuntu jammy/universe amd64 fonts-tlwg-loma-otf all 1:0.7.3-1 [107 kB]
2026-10-02T12:00:49.3767656Z Get:5 http://azure.archive.ubuntu.com/ubuntu jammy/universe amd64 fonts-unifont all 1:14.0.01-1 [3551 kB]
2026-10-02T12:00:49.4342801Z Get:6 http://azure.archive.ubuntu.com/ubuntu jammy/universe amd64 fonts-wqy-zenhei all 0.9.45-8 [7472 kB]
2026-10-02T12:00:49.5567878Z Get:7 http://azure.archive.ubuntu.com/ubuntu jammy/main amd64 xfonts-encodings all 1:1.0.5-0ubuntu2 [578 kB]
2026-10-02T12:00:49.5841418Z Get:8 http://azure.archive.ubuntu.com/ubuntu jammy/main amd64 xfonts-utils amd64 1:7.7+6build2 [94.6 kB]
2026-10-02T12:00:49.6070706Z Get:9 http://azure.archive.ubuntu.com/ubuntu jammy/universe amd64 xfonts-cyrillic all 1:1.0.5 [386 kB]
2026-10-02T12:00:49.6314341Z Get:10 http://azure.archive.ubuntu.com/ubuntu jammy/main amd64 xfonts-scalable all 1:1.0.3-1.2ubuntu1 [306 kB]
2026-10-02T12:00:49.8974074Z Fetched 18.4 MB in 0s (40.0 MB/s)
2026-10-02T12:00:49.9436759Z Selecting previously unselected package fonts-ipafont-gothic.
2026-10-02T12:00:49.9705469Z (Reading database ... 
2026-10-02T12:00:49.9705836Z (Reading database ... 5%
2026-10-02T12:00:49.9706197Z (Reading database ... 10%
2026-10-02T12:00:49.9706553Z (Reading database ... 15%
2026-10-02T12:00:49.9706891Z (Reading database ... 20%
2026-10-02T12:00:49.9707198Z (Reading database ... 25%
2026-10-02T12:00:49.9707496Z (Reading database ... 30%
2026-10-02T12:00:49.9707787Z (Reading database ... 35%
2026-10-02T12:00:49.9708089Z (Reading database ... 40%
2026-10-02T12:00:49.9708382Z (Reading database ... 45%
2026-10-02T12:00:49.9708676Z (Reading database ... 50%
2026-10-02T12:00:50.0694857Z (Reading database ... 55%
2026-10-02T12:00:50.2756318Z (Reading database ... 60%
2026-10-02T12:00:50.5118380Z (Reading database ... 65%
2026-10-02T12:00:50.7341990Z (Reading database ... 70%
2026-10-02T12:00:50.9689900Z (Reading database ... 75%
2026-10-02T12:00:51.1793834Z (Reading database ... 80%
2026-10-02T12:00:51.3853205Z (Reading database ... 85%
2026-10-02T12:00:51.6194660Z (Reading database ... 90%
2026-10-02T12:00:51.7883610Z (Reading database ... 95%
2026-10-02T12:00:51.7884031Z (Reading database ... 100%
2026-10-02T12:00:51.7884410Z (Reading database ... 260411 files and directories currently installed.)
2026-10-02T12:00:51.7941363Z Preparing to unpack .../0-fonts-ipafont-gothic_00303-21ubuntu1_all.deb ...
2026-10-02T12:00:51.8082356Z Unpacking fonts-ipafont-gothic (00303-21ubuntu1) ...
2026-10-02T12:00:52.0580614Z Selecting previously unselected package fonts-freefont-ttf.
2026-10-02T12:00:52.0761219Z Preparing to unpack .../1-fonts-freefont-ttf_20120503-10build1_all.deb ...
2026-10-02T12:00:52.0766766Z Unpacking fonts-freefont-ttf (20120503-10build1) ...
2026-10-02T12:00:52.2326087Z Selecting previously unselected package fonts-tlwg-loma-otf.
2026-10-02T12:00:52.2507116Z Preparing to unpack .../2-fonts-tlwg-loma-otf_1%3a0.7.3-1_all.deb ...
2026-10-02T12:00:52.2513370Z Unpacking fonts-tlwg-loma-otf (1:0.7.3-1) ...
2026-10-02T12:00:52.2705236Z Selecting previously unselected package fonts-unifont.
2026-10-02T12:00:52.2879497Z Preparing to unpack .../3-fonts-unifont_1%3a14.0.01-1_all.deb ...
2026-10-02T12:00:52.2885686Z Unpacking fonts-unifont (1:14.0.01-1) ...
2026-10-02T12:00:52.4313786Z Selecting previously unselected package fonts-wqy-zenhei.
2026-10-02T12:00:52.4496690Z Preparing to unpack .../4-fonts-wqy-zenhei_0.9.45-8_all.deb ...
2026-10-02T12:00:52.4591272Z Unpacking fonts-wqy-zenhei (0.9.45-8) ...
2026-10-02T12:00:52.9475395Z Selecting previously unselected package xfonts-encodings.
2026-10-02T12:00:52.9658010Z Preparing to unpack .../5-xfonts-encodings_1%3a1.0.5-0ubuntu2_all.deb ...
2026-10-02T12:00:52.9663637Z Unpacking xfonts-encodings (1:1.0.5-0ubuntu2) ...
2026-10-02T12:00:52.9938008Z Selecting previously unselected package xfonts-utils.
2026-10-02T12:00:53.0114067Z Preparing to unpack .../6-xfonts-utils_1%3a7.7+6build2_amd64.deb ...
2026-10-02T12:00:53.0118794Z Unpacking xfonts-utils (1:7.7+6build2) ...
2026-10-02T12:00:53.0400049Z Selecting previously unselected package xfonts-cyrillic.
2026-10-02T12:00:53.0571938Z Preparing to unpack .../7-xfonts-cyrillic_1%3a1.0.5_all.deb ...
2026-10-02T12:00:53.0742719Z Unpacking xfonts-cyrillic (1:1.0.5) ...
2026-10-02T12:00:53.1159577Z Selecting previously unselected package xfonts-scalable.
2026-10-02T12:00:53.1339524Z Preparing to unpack .../8-xfonts-scalable_1%3a1.0.3-1.2ubuntu1_all.deb ...
2026-10-02T12:00:53.1344815Z Unpacking xfonts-scalable (1:1.0.3-1.2ubuntu1) ...
2026-10-02T12:00:53.1858139Z Setting up fonts-wqy-zenhei (0.9.45-8) ...
2026-10-02T12:00:53.1958439Z Setting up fonts-freefont-ttf (20120503-10build1) ...
2026-10-02T12:00:53.1972882Z Setting up fonts-tlwg-loma-otf (1:0.7.3-1) ...
2026-10-02T12:00:53.1986969Z Setting up xfonts-encodings (1:1.0.5-0ubuntu2) ...
2026-10-02T12:00:53.2000851Z Setting up fonts-ipafont-gothic (00303-21ubuntu1) ...
2026-10-02T12:00:53.2069727Z update-alternatives: using /usr/share/fonts/opentype/ipafont-gothic/ipag.ttf to provide /usr/share/fonts/truetype/fonts-japanese-gothic.ttf (fonts-japanese-gothic.ttf) in auto mode
2026-10-02T12:00:53.2085729Z Setting up fonts-unifont (1:14.0.01-1) ...
2026-10-02T12:00:53.2098898Z Setting up xfonts-utils (1:7.7+6build2) ...
2026-10-02T12:00:53.2131800Z Setting up xfonts-cyrillic (1:1.0.5) ...
2026-10-02T12:00:53.2397728Z Setting up xfonts-scalable (1:1.0.3-1.2ubuntu1) ...
2026-10-02T12:00:53.2646869Z Processing triggers for man-db (2.10.2-1) ...
2026-10-02T12:00:53.2665809Z Not building database; man-db/auto-update is not 'true'.
2026-10-02T12:00:53.2676294Z Processing triggers for fontconfig (2.13.1-4.2ubuntu5) ...
2026-10-02T12:00:53.8221368Z 
2026-10-02T12:00:53.8222011Z Running kernel seems to be up-to-date.
2026-10-02T12:00:53.8222460Z 
2026-10-02T12:00:53.8222645Z No services need to be restarted.
2026-10-02T12:00:53.8222881Z 
2026-10-02T12:00:53.8223102Z No containers need to be restarted.
2026-10-02T12:00:53.8223669Z 
2026-10-02T12:00:53.8223904Z No user sessions are running outdated binaries.
2026-10-02T12:00:53.8224180Z 
2026-10-02T12:00:53.8224553Z No VM guests are running outdated hypervisor (qemu) binaries on this host.
2026-10-02T12:00:55.2815371Z Downloading Chromium 140.0.7339.16 (playwright build v1187) from https://cdn.playwright.dev/dbazure/download/playwright/builds/chromium/1187/chromium-linux.zip
2026-10-02T12:00:55.4059124Z |                                                                                |   0% of 173.7 MiB
2026-10-02T12:00:55.5014940Z |■■■■■■■■                                                                        |  10% of 173.7 MiB
2026-10-02T12:00:55.5640581Z |■■■■■■■■■■■■■■■■                                                                |  20% of 173.7 MiB
2026-10-02T12:00:55.6284642Z |■■■■■■■■■■■■■■■■■■■■■■■■                                                        |  30% of 173.7 MiB
2026-10-02T12:00:55.6751273Z |■■■■■■■■■■■■■■■■■■■■■■■■■■■■■■■■                                                |  40% of 173.7 MiB
2026-10-02T12:00:55.7224525Z |■■■■■■■■■■■■■■■■■■■■■■■■■■■■■■■■■■■■■■■■                                        |  50% of 173.7 MiB
2026-10-02T12:00:55.7713273Z |■■■■■■■■■■■■■■■■■■■■■■■■■■■■■■■■■■■■■■■■■■■■■■■■                                |  60% of 173.7 MiB
2026-10-02T12:00:55.8142237Z |■■■■■■■■■■■■■■■■■■■■■■■■■■■■■■■■■■■■■■■■■■■■■■■■■■■■■■■■                        |  70% of 173.7 MiB
2026-10-02T12:00:55.8559407Z |■■■■■■■■■■■■■■■■■■■■■■■■■■■■■■■■■■■■■■■■■■■■■■■■■■■■■■■■■■■■■■■■                |  80% of 173.7 MiB
2026-10-02T12:00:55.8965899Z |■■■■■■■■■■■■■■■■■■■■■■■■■■■■■■■■■■■■■■■■■■■■■■■■■■■■■■■■■■■■■■■■■■■■■■■■        |  90% of 173.7 MiB
2026-10-02T12:00:55.9424995Z |■■■■■■■■■■■■■■■■■■■■■■■■■■■■■■■■■■■■■■■■■■■■■■■■■■■■■■■■■■■■■■■■■■■■■■■■■■■■■■■■| 100% of 173.7 MiB
2026-10-02T12:00:58.4198476Z Chromium 140.0.7339.16 (playwright build v1187) downloaded to /home/runner/.cache/ms-playwright/chromium-1187
2026-10-02T12:00:58.4200200Z Downloading FFMPEG playwright build v1011 from https://cdn.playwright.dev/dbazure/download/playwright/builds/ffmpeg/1011/ffmpeg-linux.zip
2026-10-02T12:00:58.5560745Z |                                                                                |   0% of 2.3 MiB
2026-10-02T12:00:58.5602374Z |■■■■■■■■                                                                        |  10% of 2.3 MiB
2026-10-02T12:00:58.5628846Z |■■■■■■■■■■■■■■■■                                                                |  20% of 2.3 MiB
2026-10-02T12:00:58.5655033Z |■■■■■■■■■■■■■■■■■■■■■■■■                                                        |  30% of 2.3 MiB
2026-10-02T12:00:58.5666947Z |■■■■■■■■■■■■■■■■■■■■■■■■■■■■■■■■                                                |  40% of 2.3 MiB
2026-10-02T12:00:58.5678200Z |■■■■■■■■■■■■■■■■■■■■■■■■■■■■■■■■■■■■■■■■                                        |  50% of 2.3 MiB
2026-10-02T12:00:58.5688528Z |■■■■■■■■■■■■■■■■■■■■■■■■■■■■■■■■■■■■■■■■■■■■■■■■                                |  60% of 2.3 MiB
2026-10-02T12:00:58.5705477Z |■■■■■■■■■■■■■■■■■■■■■■■■■■■■■■■■■■■■■■■■■■■■■■■■■■■■■■■■                        |  70% of 2.3 MiB
2026-10-02T12:00:58.5713307Z |■■■■■■■■■■■■■■■■■■■■■■■■■■■■■■■■■■■■■■■■■■■■■■■■■■■■■■■■■■■■■■■■                |  80% of 2.3 MiB
2026-10-02T12:00:58.5755851Z |■■■■■■■■■■■■■■■■■■■■■■■■■■■■■■■■■■■■■■■■■■■■■■■■■■■■■■■■■■■■■■■■■■■■■■■■        |  90% of 2.3 MiB
2026-10-02T12:00:58.5764724Z |■■■■■■■■■■■■■■■■■■■■■■■■■■■■■■■■■■■■■■■■■■■■■■■■■■■■■■■■■■■■■■■■■■■■■■■■■■■■■■■■| 100% of 2.3 MiB
2026-10-02T12:00:58.6170715Z FFMPEG playwright build v1011 downloaded to /home/runner/.cache/ms-playwright/ffmpeg-1011
2026-10-02T12:00:58.6173407Z Downloading Chromium Headless Shell 140.0.7339.16 (playwright build v1187) from https://cdn.playwright.dev/dbazure/download/playwright/builds/chromium/1187/chromium-headless-shell-linux.zip
2026-10-02T12:00:58.7217664Z |                                                                                |   0% of 104.3 MiB
2026-10-02T12:00:58.7887131Z |■■■■■■■■                                                                        |  10% of 104.3 MiB
2026-10-02T12:00:58.8308445Z |■■■■■■■■■■■■■■■■                                                                |  20% of 104.3 MiB
2026-10-02T12:00:58.8644754Z |■■■■■■■■■■■■■■■■■■■■■■■■                                                        |  30% of 104.3 MiB
2026-10-02T12:00:58.8999564Z |■■■■■■■■■■■■■■■■■■■■■■■■■■■■■■■■                                                |  40% of 104.3 MiB
2026-10-02T12:00:58.9277851Z |■■■■■■■■■■■■■■■■■■■■■■■■■■■■■■■■■■■■■■■■                                        |  50% of 104.3 MiB
2026-10-02T12:00:58.9557399Z |■■■■■■■■■■■■■■■■■■■■■■■■■■■■■■■■■■■■■■■■■■■■■■■■                                |  60% of 104.3 MiB
2026-10-02T12:00:58.9841854Z |■■■■■■■■■■■■■■■■■■■■■■■■■■■■■■■■■■■■■■■■■■■■■■■■■■■■■■■■                        |  70% of 104.3 MiB
2026-10-02T12:00:59.0100122Z |■■■■■■■■■■■■■■■■■■■■■■■■■■■■■■■■■■■■■■■■■■■■■■■■■■■■■■■■■■■■■■■■                |  80% of 104.3 MiB
2026-10-02T12:00:59.0390952Z |■■■■■■■■■■■■■■■■■■■■■■■■■■■■■■■■■■■■■■■■■■■■■■■■■■■■■■■■■■■■■■■■■■■■■■■■        |  90% of 104.3 MiB
2026-10-02T12:00:59.0659084Z |■■■■■■■■■■■■■■■■■■■■■■■■■■■■■■■■■■■■■■■■■■■■■■■■■■■■■■■■■■■■■■■■■■■■■■■■■■■■■■■■| 100% of 104.3 MiB
2026-10-02T12:01:00.3929041Z Chromium Headless Shell 140.0.7339.16 (playwright build v1187) downloaded to /home/runner/.cache/ms-playwright/chromium_headless_shell-1187
2026-10-02T12:01:00.6447416Z ##[group]Run node scripts/verify_frontend_workbench.mjs --output output/web-browser
2026-10-02T12:01:00.6447899Z [36;1mnode scripts/verify_frontend_workbench.mjs --output output/web-browser[0m
2026-10-02T12:01:00.6510562Z shell: /usr/bin/bash -e {0}
2026-10-02T12:01:00.6510787Z ##[endgroup]
2026-10-02T12:01:15.2687291Z {"passed":true,"checks":["primary entry visible; example fills and focuses the visible composer","mobile no page overflow","check result visible in first viewport; persisted finding retained (top=505px)","active diagnosis fits narrow laptop and mobile","default workbench view renders the real parent-child tree","fullscreen tree canvas fills viewport (height=620px)","failed refresh retains report; retry clears warning","engineering scores 21/21, localization 6/21 and refutations 8 retain all 21 scenarios at four widths; no legacy score display or fetch despite mixed-version fixtures"],"output":"/home/runner/work/mini-drop/mini-drop/output/web-browser"}
2026-10-02T12:01:15.3188375Z ##[group]Run actions/upload-artifact@v4
2026-10-02T12:01:15.3188735Z with:
2026-10-02T12:01:15.3189095Z   name: web-browser-7abe089ae9bfc9705b56c73a5b1dd19dd3bad7ea-1
2026-10-02T12:01:15.3189615Z   path: output/web-browser/
2026-10-02T12:01:15.3189922Z   if-no-files-found: error
2026-10-02T12:01:15.3190228Z   retention-days: 14
2026-10-02T12:01:15.3190513Z   compression-level: 6
2026-10-02T12:01:15.3190787Z   overwrite: false
2026-10-02T12:01:15.3191064Z   include-hidden-files: false
2026-10-02T12:01:15.3191365Z ##[endgroup]
2026-10-02T12:01:15.4621376Z (node:3091) [DEP0040] DeprecationWarning: The `punycode` module is deprecated. Please use a userland alternative instead.
2026-10-02T12:01:15.4622291Z (Use `node --trace-deprecation ...` to show where the warning was created)
2026-10-02T12:01:15.4680605Z With the provided path, there will be 13 files uploaded
2026-10-02T12:01:15.4685757Z Artifact name is valid!
2026-10-02T12:01:15.4686398Z Root directory input is valid!
2026-10-02T12:01:15.8043118Z Beginning upload of artifact content to blob storage
2026-10-02T12:01:15.8693820Z (node:3091) [DEP0169] DeprecationWarning: `url.parse()` behavior is not standardized and prone to errors that have security implications. Use the WHATWG URL API instead. CVEs are not issued for `url.parse()` vulnerabilities.
2026-10-02T12:01:16.1152581Z Uploaded bytes 1490684
2026-10-02T12:01:16.1483448Z Finished uploading artifact content to blob storage!
2026-10-02T12:01:16.1484392Z SHA256 digest of uploaded artifact zip is feb4a33dfbd94f8575ffb05436bdf3aaca2fdc4ed1e8ebd91830bab0eacf7cdf
2026-10-02T12:01:16.1485937Z Finalizing artifact upload
2026-10-02T12:01:16.4312538Z Artifact web-browser-7abe089ae9bfc9705b56c73a5b1dd19dd3bad7ea-1.zip successfully finalized. Artifact ID 11225206405
2026-10-02T12:01:16.4314027Z Artifact web-browser-7abe089ae9bfc9705b56c73a5b1dd19dd3bad7ea-1 has been successfully uploaded! Final size is 1490684 bytes. Artifact ID is 11225206405
2026-10-02T12:01:16.4319033Z Artifact download URL: https://github.com/llongwang751-arch/mini-drop/actions/runs/37004140437/artifacts/11225206405
2026-10-02T12:01:16.4479509Z Post job cleanup.
2026-10-02T12:01:16.5504440Z (node:3104) [DEP0040] DeprecationWarning: The `punycode` module is deprecated. Please use a userland alternative instead.
2026-10-02T12:01:16.5505104Z (Use `node --trace-deprecation ...` to show where the warning was created)
2026-10-02T12:01:16.5507275Z Cache hit occurred on the primary key node-cache-Linux-x64-npm-a79428a48f53c819bdf3224c6f533bf526ae1b21f28f4ee918b0bcba5121d960, not saving cache.
2026-10-02T12:01:16.5632615Z Post job cleanup.
2026-10-02T12:01:16.6340001Z [command]/usr/bin/git version
2026-10-02T12:01:16.6377047Z git version 2.55.0
2026-10-02T12:01:16.6405768Z Temporarily overriding HOME='/home/runner/work/_temp/51451089-2ddf-484b-9e48-eec21d40bd74' before making global git config changes
2026-10-02T12:01:16.6407084Z Adding repository directory to the temporary git global config as a safe directory
2026-10-02T12:01:16.6409848Z [command]/usr/bin/git config --global --add safe.directory /home/runner/work/mini-drop/mini-drop
2026-10-02T12:01:16.6444156Z [command]/usr/bin/git config --local --name-only --get-regexp core\.sshCommand
2026-10-02T12:01:16.6476352Z [command]/usr/bin/git submodule foreach --recursive sh -c "git config --local --name-only --get-regexp 'core\.sshCommand' && git config --local --unset-all 'core.sshCommand' || :"
2026-10-02T12:01:16.6727288Z [command]/usr/bin/git config --local --name-only --get-regexp http\.https\:\/\/github\.com\/\.extraheader
2026-10-02T12:01:16.6750512Z http.https://github.com/.extraheader
2026-10-02T12:01:16.6759846Z [command]/usr/bin/git config --local --unset-all http.https://github.com/.extraheader
2026-10-02T12:01:16.6797779Z [command]/usr/bin/git submodule foreach --recursive sh -c "git config --local --name-only --get-regexp 'http\.https\:\/\/github\.com\/\.extraheader' && git config --local --unset-all 'http.https://github.com/.extraheader' || :"
2026-10-02T12:01:16.7054060Z [command]/usr/bin/git config --local --name-only --get-regexp ^includeIf\.gitdir:
2026-10-02T12:01:16.7087514Z [command]/usr/bin/git submodule foreach --recursive git config --local --show-origin --name-only --get-regexp remote.origin.url
2026-10-02T12:01:16.7470160Z Cleaning up orphan processes
2026-10-02T12:01:16.7727743Z ##[warning]Node.js 20 is deprecated. The following actions target Node.js 20 but are being forced to run on Node.js 24: actions/checkout@v4, actions/setup-node@v4, actions/upload-artifact@v4. For more information see: https://github.blog/changelog/2025-09-19-deprecation-of-node-20-on-github-actions-runners/
