
 RUN  v4.1.11 D:/tx/mini-drop/.tmp-interview-r2/web

stderr | src/components/ScopeCard.test.jsx > ScopeCard secure target discovery > requires an explicit closed selection when multiple candidates are eligible
Warning: An update to InternalFormItem inside a test was not wrapped in act(...).

When testing, code that causes React state updates should be wrapped into act(...):

act(() => {
  /* fire events that update state */
});
/* assert on the output */

This ensures that you're testing the behavior the user would see in the browser. Learn more at https://reactjs.org/link/wrap-tests-with-act
    at InternalFormItem (D:\tx\mini-drop\web\node_modules\antd\lib\form\FormItem\index.js:58:5)
    at div
    at D:\tx\mini-drop\web\node_modules\antd\lib\grid\col.js:40:13
    at div
    at D:\tx\mini-drop\web\node_modules\antd\lib\grid\row.js:57:18
    at form
    at Form (D:\tx\mini-drop\web\node_modules\rc-field-form\lib\Form.js:21:19)
    at NoFormStyle (D:\tx\mini-drop\web\node_modules\antd\lib\form\context.js:32:3)
    at FormProvider (D:\tx\mini-drop\web\node_modules\rc-field-form\lib\FormContext.js:19:31)
    at FormProvider
    at DisabledContextProvider (D:\tx\mini-drop\web\node_modules\antd\lib\config-provider\DisabledContext.js:12:3)
    at InternalForm (D:\tx\mini-drop\web\node_modules\antd\lib\form\Form.js:50:33)
    at div
    at Item (D:\tx\mini-drop\web\node_modules\antd\lib\space\Item.js:12:3)
    at div
    at D:\tx\mini-drop\web\node_modules\antd\lib\space\index.js:44:39
    at div
    at div
    at D:\tx\mini-drop\web\node_modules\antd\lib\card\Card.js:53:18
    at ScopeCard (D:/tx/mini-drop/.tmp-interview-r2/web/src/components/ScopeCard.jsx:56:22)
Warning: An update to Field inside a test was not wrapped in act(...).

When testing, code that causes React state updates should be wrapped into act(...):

act(() => {
  /* fire events that update state */
});
/* assert on the output */

This ensures that you're testing the behavior the user would see in the browser. Learn more at https://reactjs.org/link/wrap-tests-with-act
    at Field (D:\tx\mini-drop\web\node_modules\rc-field-form\lib\Field.js:49:34)
    at WrapperField (D:\tx\mini-drop\web\node_modules\rc-field-form\lib\Field.js:598:20)
    at InternalFormItem (D:\tx\mini-drop\web\node_modules\antd\lib\form\FormItem\index.js:58:5)
    at div
    at D:\tx\mini-drop\web\node_modules\antd\lib\grid\col.js:40:13
    at div
    at D:\tx\mini-drop\web\node_modules\antd\lib\grid\row.js:57:18
    at form
    at Form (D:\tx\mini-drop\web\node_modules\rc-field-form\lib\Form.js:21:19)
    at NoFormStyle (D:\tx\mini-drop\web\node_modules\antd\lib\form\context.js:32:3)
    at FormProvider (D:\tx\mini-drop\web\node_modules\rc-field-form\lib\FormContext.js:19:31)
    at FormProvider
    at DisabledContextProvider (D:\tx\mini-drop\web\node_modules\antd\lib\config-provider\DisabledContext.js:12:3)
    at InternalForm (D:\tx\mini-drop\web\node_modules\antd\lib\form\Form.js:50:33)
    at div
    at Item (D:\tx\mini-drop\web\node_modules\antd\lib\space\Item.js:12:3)
    at div
    at D:\tx\mini-drop\web\node_modules\antd\lib\space\index.js:44:39
    at div
    at div
    at D:\tx\mini-drop\web\node_modules\antd\lib\card\Card.js:53:18
    at ScopeCard (D:/tx/mini-drop/.tmp-interview-r2/web/src/components/ScopeCard.jsx:56:22)

 ✓ src/components/ScopeCard.test.jsx (13 tests) 2779ms
     ✓ hides raw authority clarification prompts resolved by secure discovery  620ms
     ✓ requires an explicit closed selection when multiple candidates are eligible  353ms
Not implemented: Window's getComputedStyle() method: with pseudo-elements
Not implemented: Window's getComputedStyle() method: with pseudo-elements
stderr | src/pages/AIDiagnosis.test.jsx > AIDiagnosis V2 workspace > does not submit while confirming a Chinese IME composition
Warning: An update to AIDiagnosis inside a test was not wrapped in act(...).

When testing, code that causes React state updates should be wrapped into act(...):

act(() => {
  /* fire events that update state */
});
/* assert on the output */

This ensures that you're testing the behavior the user would see in the browser. Learn more at https://reactjs.org/link/wrap-tests-with-act
    at AIDiagnosis (D:/tx/mini-drop/.tmp-interview-r2/web/src/pages/AIDiagnosis.jsx:196:68)
Warning: An update to AIDiagnosis inside a test was not wrapped in act(...).

When testing, code that causes React state updates should be wrapped into act(...):

act(() => {
  /* fire events that update state */
});
/* assert on the output */

This ensures that you're testing the behavior the user would see in the browser. Learn more at https://reactjs.org/link/wrap-tests-with-act
    at AIDiagnosis (D:/tx/mini-drop/.tmp-interview-r2/web/src/pages/AIDiagnosis.jsx:196:68)
Warning: An update to AIDiagnosis inside a test was not wrapped in act(...).

When testing, code that causes React state updates should be wrapped into act(...):

act(() => {
  /* fire events that update state */
});
/* assert on the output */

This ensures that you're testing the behavior the user would see in the browser. Learn more at https://reactjs.org/link/wrap-tests-with-act
    at AIDiagnosis (D:/tx/mini-drop/.tmp-interview-r2/web/src/pages/AIDiagnosis.jsx:196:68)
Warning: An update to AIDiagnosis inside a test was not wrapped in act(...).

When testing, code that causes React state updates should be wrapped into act(...):

act(() => {
  /* fire events that update state */
});
/* assert on the output */

This ensures that you're testing the behavior the user would see in the browser. Learn more at https://reactjs.org/link/wrap-tests-with-act
    at AIDiagnosis (D:/tx/mini-drop/.tmp-interview-r2/web/src/pages/AIDiagnosis.jsx:196:68)
Warning: An update to ForwardRef inside a test was not wrapped in act(...).

When testing, code that causes React state updates should be wrapped into act(...):

act(() => {
  /* fire events that update state */
});
/* assert on the output */

This ensures that you're testing the behavior the user would see in the browser. Learn more at https://reactjs.org/link/wrap-tests-with-act
    at D:\tx\mini-drop\web\node_modules\antd\lib\message\useMessage.js:52:5
    at div
    at AIDiagnosis (D:/tx/mini-drop/.tmp-interview-r2/web/src/pages/AIDiagnosis.jsx:196:68)

Not implemented: Window's getComputedStyle() method: with pseudo-elements
Not implemented: Window's getComputedStyle() method: with pseudo-elements
Not implemented: Window's getComputedStyle() method: with pseudo-elements
Not implemented: Window's getComputedStyle() method: with pseudo-elements
stderr | src/components/ManagedServicesPanel.test.jsx > submits only the selected request ID and rejects an expired selection
Warning: An update to ForwardRef inside a test was not wrapped in act(...).

When testing, code that causes React state updates should be wrapped into act(...):

act(() => {
  /* fire events that update state */
});
/* assert on the output */

This ensures that you're testing the behavior the user would see in the browser. Learn more at https://reactjs.org/link/wrap-tests-with-act
    at D:\tx\mini-drop\web\node_modules\antd\lib\message\index.js:68:60
Warning: An update to ForwardRef inside a test was not wrapped in act(...).

When testing, code that causes React state updates should be wrapped into act(...):

act(() => {
  /* fire events that update state */
});
/* assert on the output */

This ensures that you're testing the behavior the user would see in the browser. Learn more at https://reactjs.org/link/wrap-tests-with-act
    at D:\tx\mini-drop\web\node_modules\antd\lib\message\useMessage.js:52:5
    at D:\tx\mini-drop\web\node_modules\antd\lib\message\index.js:41:5
    at MotionWrapper (D:\tx\mini-drop\web\node_modules\antd\lib\config-provider\MotionWrapper.js:17:30)
    at ProviderChildren (D:\tx\mini-drop\web\node_modules\antd\lib\config-provider\index.js:142:5)
    at ConfigProvider (D:\tx\mini-drop\web\node_modules\antd\lib\config-provider\index.js:444:25)
    at D:\tx\mini-drop\web\node_modules\antd\lib\message\index.js:68:60
Warning: An update to ForwardRef inside a test was not wrapped in act(...).

When testing, code that causes React state updates should be wrapped into act(...):

act(() => {
  /* fire events that update state */
});
/* assert on the output */

This ensures that you're testing the behavior the user would see in the browser. Learn more at https://reactjs.org/link/wrap-tests-with-act
    at D:\tx\mini-drop\web\node_modules\antd\lib\message\useMessage.js:52:5
    at D:\tx\mini-drop\web\node_modules\antd\lib\message\index.js:41:5
    at MotionWrapper (D:\tx\mini-drop\web\node_modules\antd\lib\config-provider\MotionWrapper.js:17:30)
    at ProviderChildren (D:\tx\mini-drop\web\node_modules\antd\lib\config-provider\index.js:142:5)
    at ConfigProvider (D:\tx\mini-drop\web\node_modules\antd\lib\config-provider\index.js:444:25)
    at D:\tx\mini-drop\web\node_modules\antd\lib\message\index.js:68:60
Warning: An update to Notifications inside a test was not wrapped in act(...).

When testing, code that causes React state updates should be wrapped into act(...):

act(() => {
  /* fire events that update state */
});
/* assert on the output */

This ensures that you're testing the behavior the user would see in the browser. Learn more at https://reactjs.org/link/wrap-tests-with-act
    at D:\tx\mini-drop\web\node_modules\rc-notification\lib\Notifications.js:19:32
    at D:\tx\mini-drop\web\node_modules\antd\lib\message\useMessage.js:52:5
    at D:\tx\mini-drop\web\node_modules\antd\lib\message\index.js:41:5
    at MotionWrapper (D:\tx\mini-drop\web\node_modules\antd\lib\config-provider\MotionWrapper.js:17:30)
    at ProviderChildren (D:\tx\mini-drop\web\node_modules\antd\lib\config-provider\index.js:142:5)
    at ConfigProvider (D:\tx\mini-drop\web\node_modules\antd\lib\config-provider\index.js:444:25)
    at D:\tx\mini-drop\web\node_modules\antd\lib\message\index.js:68:60
Warning: An update to ForwardRef inside a test was not wrapped in act(...).

When testing, code that causes React state updates should be wrapped into act(...):

act(() => {
  /* fire events that update state */
});
/* assert on the output */

This ensures that you're testing the behavior the user would see in the browser. Learn more at https://reactjs.org/link/wrap-tests-with-act
    at D:\tx\mini-drop\web\node_modules\antd\lib\message\useMessage.js:52:5
    at D:\tx\mini-drop\web\node_modules\antd\lib\message\index.js:41:5
    at MotionWrapper (D:\tx\mini-drop\web\node_modules\antd\lib\config-provider\MotionWrapper.js:17:30)
    at ProviderChildren (D:\tx\mini-drop\web\node_modules\antd\lib\config-provider\index.js:142:5)
    at ConfigProvider (D:\tx\mini-drop\web\node_modules\antd\lib\config-provider\index.js:444:25)
    at D:\tx\mini-drop\web\node_modules\antd\lib\message\index.js:68:60

 ✓ src/pages/AIDiagnosis.test.jsx (20 tests) 8040ms
     ✓ finishes a measured healthy check without a root report and offers fresh sampling  1274ms
     ✓ confirms cancellation with session version and refreshes the terminal record  549ms
     ✓ preserves a same-session report on partial and core refresh failures, but clears it when switching sessions  958ms
     ✓ renders only Drop Insight V2 diagnoses  894ms
     ✓ uses a full-width primary view and only splits when the user asks  565ms
     ✓ lets the user review and edit a tree intervention before starting a new round  636ms
     ✓ merges the active diagnosis replay, exploration tree and Skill decision in a modal  563ms
     ✓ lets the user challenge the current plan from the persistent composer  318ms
 ✓ src/components/ManagedServicesPanel.test.jsx (12 tests) 2706ms
   ✓ switches the service inspector and sends the selected service identity  688ms
Not implemented: Window's getComputedStyle() method: with pseudo-elements
Not implemented: Window's getComputedStyle() method: with pseudo-elements
Not implemented: Window's getComputedStyle() method: with pseudo-elements
stderr | src/components/ActualExplorationTree.test.jsx > ActualExplorationTree > shows Skill retrieval, full-body loading and cross-round reuse inside the dynamic tree
Warning: [antd: Descriptions] Sum of column `span` in a line not match `column` of Descriptions.
Warning: [antd: Descriptions] Sum of column `span` in a line not match `column` of Descriptions.

 ✓ src/components/ActualExplorationTree.test.jsx (13 tests) 1878ms
     ✓ uses stable tool IDs and distinguishes failed probes from counter-evidence  505ms
 ✓ src/components/FlamegraphViewer.test.jsx (4 tests) 2266ms
     ✓ renders a 10k-node flamegraph without crashing  488ms
     ✓ renders Java HTML as SVG data without inserting an executable iframe  857ms
     ✓ does not show a late response from the previously selected task  886ms
stderr | src/components/SkillABPanel.test.jsx > SkillABPanel > creates real AUTO and DISABLED diagnoses and reports only observed metrics
Warning: [antd: Card] `bordered` is deprecated. Please use `variant` instead.
Warning: [antd: Card] `bordered` is deprecated. Please use `variant` instead.
Warning: [antd: Card] `bordered` is deprecated. Please use `variant` instead.

stderr | src/components/SkillABPanel.test.jsx > SkillABPanel > creates real AUTO and DISABLED diagnoses and reports only observed metrics
Warning: [antd: Card] `bordered` is deprecated. Please use `variant` instead.

stderr | src/components/SkillABPanel.test.jsx > SkillABPanel > creates real AUTO and DISABLED diagnoses and reports only observed metrics
Warning: [antd: Card] `bordered` is deprecated. Please use `variant` instead.

stderr | src/components/SkillABPanel.test.jsx > SkillABPanel > creates real AUTO and DISABLED diagnoses and reports only observed metrics
Warning: [antd: Card] `bordered` is deprecated. Please use `variant` instead.

stderr | src/components/SkillABPanel.test.jsx > SkillABPanel > creates real AUTO and DISABLED diagnoses and reports only observed metrics
Warning: [antd: Card] `bordered` is deprecated. Please use `variant` instead.

stderr | src/components/SkillABPanel.test.jsx > SkillABPanel > creates real AUTO and DISABLED diagnoses and reports only observed metrics
Warning: [antd: Card] `bordered` is deprecated. Please use `variant` instead.

stderr | src/components/SkillABPanel.test.jsx > SkillABPanel > creates real AUTO and DISABLED diagnoses and reports only observed metrics
Warning: [antd: Card] `bordered` is deprecated. Please use `variant` instead.

stderr | src/components/SkillABPanel.test.jsx > SkillABPanel > creates real AUTO and DISABLED diagnoses and reports only observed metrics
Warning: [antd: Card] `bordered` is deprecated. Please use `variant` instead.

stderr | src/components/SkillABPanel.test.jsx > SkillABPanel > keeps an earlier supported hypothesis visible when a later branch is insufficient
Warning: [antd: Card] `bordered` is deprecated. Please use `variant` instead.
Warning: [antd: Card] `bordered` is deprecated. Please use `variant` instead.
Warning: [antd: Card] `bordered` is deprecated. Please use `variant` instead.
Warning: [antd: Card] `bordered` is deprecated. Please use `variant` instead.

stderr | src/components/SkillABPanel.test.jsx > SkillABPanel > keeps an earlier supported hypothesis visible when a later branch is insufficient
Warning: [antd: Card] `bordered` is deprecated. Please use `variant` instead.

stderr | src/components/SkillABPanel.test.jsx > SkillABPanel > keeps an earlier supported hypothesis visible when a later branch is insufficient
Warning: [antd: Card] `bordered` is deprecated. Please use `variant` instead.

stderr | src/components/SkillABPanel.test.jsx > SkillABPanel > keeps an earlier supported hypothesis visible when a later branch is insufficient
Warning: [antd: Card] `bordered` is deprecated. Please use `variant` instead.

stderr | src/components/SkillABPanel.test.jsx > SkillABPanel > keeps an earlier supported hypothesis visible when a later branch is insufficient
Warning: [antd: Card] `bordered` is deprecated. Please use `variant` instead.

stderr | src/components/SkillABPanel.test.jsx > SkillABPanel > keeps an earlier supported hypothesis visible when a later branch is insufficient
Warning: [antd: Card] `bordered` is deprecated. Please use `variant` instead.

stderr | src/components/SkillABPanel.test.jsx > SkillABPanel > keeps an earlier supported hypothesis visible when a later branch is insufficient
Warning: [antd: Card] `bordered` is deprecated. Please use `variant` instead.

stderr | src/components/SkillABPanel.test.jsx > SkillABPanel > keeps an earlier supported hypothesis visible when a later branch is insufficient
Warning: [antd: Card] `bordered` is deprecated. Please use `variant` instead.

stderr | src/components/SkillABPanel.test.jsx > SkillABPanel > restores a real A/B pair after leaving and returning to the validation center
Warning: [antd: Card] `bordered` is deprecated. Please use `variant` instead.
Warning: [antd: Card] `bordered` is deprecated. Please use `variant` instead.
Warning: [antd: Card] `bordered` is deprecated. Please use `variant` instead.
Warning: [antd: Card] `bordered` is deprecated. Please use `variant` instead.

stderr | src/components/SkillABPanel.test.jsx > SkillABPanel > restores a real A/B pair after leaving and returning to the validation center
Warning: [antd: Card] `bordered` is deprecated. Please use `variant` instead.

stderr | src/components/SkillABPanel.test.jsx > SkillABPanel > restores a real A/B pair after leaving and returning to the validation center
Warning: [antd: Card] `bordered` is deprecated. Please use `variant` instead.

stderr | src/components/SkillABPanel.test.jsx > SkillABPanel > restores a real A/B pair after leaving and returning to the validation center
Warning: [antd: Card] `bordered` is deprecated. Please use `variant` instead.

stderr | src/components/SkillABPanel.test.jsx > SkillABPanel > restores a real A/B pair after leaving and returning to the validation center
Warning: [antd: Card] `bordered` is deprecated. Please use `variant` instead.

stderr | src/components/SkillABPanel.test.jsx > SkillABPanel > restores a real A/B pair after leaving and returning to the validation center
Warning: [antd: Card] `bordered` is deprecated. Please use `variant` instead.

stderr | src/components/SkillABPanel.test.jsx > SkillABPanel > restores a real A/B pair after leaving and returning to the validation center
Warning: [antd: Card] `bordered` is deprecated. Please use `variant` instead.

stderr | src/components/SkillABPanel.test.jsx > SkillABPanel > restores a real A/B pair after leaving and returning to the validation center
Warning: [antd: Card] `bordered` is deprecated. Please use `variant` instead.

Not implemented: Window's getComputedStyle() method: with pseudo-elements
stderr | src/components/SkillABPanel.test.jsx > SkillABPanel > restores a real A/B pair after leaving and returning to the validation center
Warning: [antd: Card] `bordered` is deprecated. Please use `variant` instead.
Warning: [antd: Card] `bordered` is deprecated. Please use `variant` instead.

stderr | src/components/SkillABPanel.test.jsx > SkillABPanel > restores a real A/B pair after leaving and returning to the validation center
Warning: [antd: Card] `bordered` is deprecated. Please use `variant` instead.

stderr | src/components/SkillABPanel.test.jsx > SkillABPanel > restores a real A/B pair after leaving and returning to the validation center
Warning: [antd: Card] `bordered` is deprecated. Please use `variant` instead.

stderr | src/components/SkillABPanel.test.jsx > SkillABPanel > restores a real A/B pair after leaving and returning to the validation center
Warning: [antd: Card] `bordered` is deprecated. Please use `variant` instead.

 ✓ src/components/SkillABPanel.test.jsx (5 tests) 1790ms
     ✓ creates real AUTO and DISABLED diagnoses and reports only observed metrics  915ms
     ✓ keeps an earlier supported hypothesis visible when a later branch is insufficient  320ms
     ✓ restores a real A/B pair after leaving and returning to the validation center  550ms
Not implemented: Window's getComputedStyle() method: with pseudo-elements
Not implemented: Window's getComputedStyle() method: with pseudo-elements
Not implemented: Window's getComputedStyle() method: with pseudo-elements
Not implemented: Window's getComputedStyle() method: with pseudo-elements
Not implemented: Window's getComputedStyle() method: with pseudo-elements
stderr | src/components/AgentCockpit.test.jsx > AgentCockpit > opens 查看规划假设 in an inspectable modal
Warning: [antd: Table] `index` parameter of `rowKey` function is deprecated. There is no guarantee that it will work as expected.
Warning: [antd: Table] `index` parameter of `rowKey` function is deprecated. There is no guarantee that it will work as expected.

Not implemented: Window's getComputedStyle() method: with pseudo-elements
Not implemented: Window's getComputedStyle() method: with pseudo-elements
stderr | src/components/AgentCockpit.test.jsx > AgentCockpit > opens 查看工具调用 in an inspectable modal
Warning: [antd: Table] `index` parameter of `rowKey` function is deprecated. There is no guarantee that it will work as expected.
Warning: [antd: Table] `index` parameter of `rowKey` function is deprecated. There is no guarantee that it will work as expected.

Not implemented: Window's getComputedStyle() method: with pseudo-elements
Not implemented: Window's getComputedStyle() method: with pseudo-elements
stderr | src/components/AgentCockpit.test.jsx > AgentCockpit > opens 查看证据 in an inspectable modal
Warning: [antd: Table] `index` parameter of `rowKey` function is deprecated. There is no guarantee that it will work as expected.
Warning: [antd: Table] `index` parameter of `rowKey` function is deprecated. There is no guarantee that it will work as expected.

Not implemented: Window's getComputedStyle() method: with pseudo-elements
Not implemented: Window's getComputedStyle() method: with pseudo-elements
Not implemented: Window's getComputedStyle() method: with pseudo-elements
stderr | src/components/AgentCockpit.test.jsx > AgentCockpit > renders evidence roles and gate states as Chinese labels
Warning: [antd: Table] `index` parameter of `rowKey` function is deprecated. There is no guarantee that it will work as expected.
Warning: [antd: Table] `index` parameter of `rowKey` function is deprecated. There is no guarantee that it will work as expected.

Not implemented: Window's getComputedStyle() method: with pseudo-elements
Not implemented: Window's getComputedStyle() method: with pseudo-elements
Not implemented: Window's getComputedStyle() method: with pseudo-elements
 ✓ src/components/AgentCockpit.test.jsx (13 tests) 2057ms
     ✓ shows eight real metric buttons, including LATS, and the persisted runtime identity  377ms
 ✓ src/components/EngineeringCasesPanel.test.jsx (11 tests) 820ms
   ✓ shows actual before/after evidence and does not claim automated AI root acceptance  569ms
 ✓ src/components/FaultPlazaPanel.test.jsx (11 tests) 1590ms
     ✓ prefers current engineering localization over a frozen strict failure  453ms
Not implemented: Window's getComputedStyle() method: with pseudo-elements
Not implemented: Window's getComputedStyle() method: with pseudo-elements
 ✓ src/components/MentorComplexShowcase.test.jsx (2 tests) 998ms
     ✓ replays only the diagnosis passed by the active workspace  620ms
     ✓ shows the candidate Skill produced by the same diagnosis  375ms
Not implemented: Window's getComputedStyle() method: with pseudo-elements
stderr | src/pages/TaskResult.test.jsx > TaskResult collection boundary > rejects an explicit zero-sample artifact instead of rendering an empty flamegraph
Warning: [antd: Table] `index` parameter of `rowKey` function is deprecated. There is no guarantee that it will work as expected.

stderr | src/pages/TaskResult.test.jsx > TaskResult collection boundary > rejects an explicit zero-sample artifact instead of rendering an empty flamegraph
Warning: [antd: Table] `index` parameter of `rowKey` function is deprecated. There is no guarantee that it will work as expected.

Not implemented: Window's getComputedStyle() method: with pseudo-elements
Not implemented: Window's getComputedStyle() method: with pseudo-elements
stderr | src/pages/TaskResult.test.jsx > TaskResult collection boundary > renders continuous window outcomes in Chinese
Warning: [antd: Table] `index` parameter of `rowKey` function is deprecated. There is no guarantee that it will work as expected.

stderr | src/pages/TaskResult.test.jsx > TaskResult collection boundary > renders continuous window outcomes in Chinese
Warning: [antd: Table] `index` parameter of `rowKey` function is deprecated. There is no guarantee that it will work as expected.

 ✓ src/pages/TaskResult.test.jsx (4 tests) 1131ms
     ✓ renders collection results and points diagnosis to the V2 workspace  550ms
     ✓ rejects an explicit zero-sample artifact instead of rendering an empty flamegraph  393ms
Not implemented: Window's getComputedStyle() method: with pseudo-elements
Not implemented: Window's getComputedStyle() method: with pseudo-elements
Not implemented: Window's getComputedStyle() method: with pseudo-elements
Not implemented: Window's getComputedStyle() method: with pseudo-elements
 ✓ src/pages/Schedules.test.jsx (3 tests) 1002ms
     ✓ renders the schedule list  552ms
     ✓ opens the creation drawer from the primary action  364ms
Not implemented: Window's getComputedStyle() method: with pseudo-elements
 ✓ src/components/ToolCallCard.test.jsx (3 tests) 885ms
     ✓ shows approve/reject for a pending approval tool  394ms
     ✓ keeps the server-bound agent and PID immutable while editing sampling parameters  459ms
Not implemented: Window's getComputedStyle() method: with pseudo-elements
stderr | src/pages/AgentDetail.test.jsx > ignores late responses from another agent and resets the trend on navigation
Warning: [antd: Descriptions] `labelStyle` is deprecated. Please use `styles={{ label: {} }}` instead.
Warning: [antd: Descriptions] `contentStyle` is deprecated. Please use `styles={{ content: {} }}` instead.
Warning: [antd: Descriptions] Sum of column `span` in a line not match `column` of Descriptions.

stderr | src/pages/AgentDetail.test.jsx > ignores late responses from another agent and resets the trend on navigation
Warning: [antd: Descriptions] `labelStyle` is deprecated. Please use `styles={{ label: {} }}` instead.
Warning: [antd: Descriptions] `contentStyle` is deprecated. Please use `styles={{ content: {} }}` instead.
Warning: [antd: Descriptions] Sum of column `span` in a line not match `column` of Descriptions.

stderr | src/pages/AgentDetail.test.jsx > ignores late responses from another agent and resets the trend on navigation
Warning: [antd: Descriptions] `labelStyle` is deprecated. Please use `styles={{ label: {} }}` instead.
Warning: [antd: Descriptions] `contentStyle` is deprecated. Please use `styles={{ content: {} }}` instead.
Warning: [antd: Descriptions] Sum of column `span` in a line not match `column` of Descriptions.

stderr | src/pages/AgentDetail.test.jsx > ignores late responses from another agent and resets the trend on navigation
Warning: [antd: Descriptions] `labelStyle` is deprecated. Please use `styles={{ label: {} }}` instead.
Warning: [antd: Descriptions] `contentStyle` is deprecated. Please use `styles={{ content: {} }}` instead.
Warning: [antd: Descriptions] Sum of column `span` in a line not match `column` of Descriptions.

stderr | src/pages/AgentDetail.test.jsx > ignores late responses from another agent and resets the trend on navigation
Warning: [antd: Descriptions] `labelStyle` is deprecated. Please use `styles={{ label: {} }}` instead.
Warning: [antd: Descriptions] `contentStyle` is deprecated. Please use `styles={{ content: {} }}` instead.
Warning: [antd: Descriptions] Sum of column `span` in a line not match `column` of Descriptions.

Not implemented: Window's getComputedStyle() method: with pseudo-elements
stderr | src/pages/AgentDetail.test.jsx > ignores late responses from another agent and resets the trend on navigation
Warning: [antd: Descriptions] `labelStyle` is deprecated. Please use `styles={{ label: {} }}` instead.
Warning: [antd: Descriptions] `contentStyle` is deprecated. Please use `styles={{ content: {} }}` instead.
Warning: [antd: Descriptions] Sum of column `span` in a line not match `column` of Descriptions.

stderr | src/pages/AgentDetail.test.jsx > ignores late responses from another agent and resets the trend on navigation
Warning: [antd: Descriptions] `labelStyle` is deprecated. Please use `styles={{ label: {} }}` instead.
Warning: [antd: Descriptions] `contentStyle` is deprecated. Please use `styles={{ content: {} }}` instead.
Warning: [antd: Descriptions] Sum of column `span` in a line not match `column` of Descriptions.

Not implemented: Window's getComputedStyle() method: with pseudo-elements
stderr | src/pages/AgentDetail.test.jsx > shows a request error and retry instead of only claiming the agent does not exist
Warning: [antd: Descriptions] `labelStyle` is deprecated. Please use `styles={{ label: {} }}` instead.
Warning: [antd: Descriptions] `contentStyle` is deprecated. Please use `styles={{ content: {} }}` instead.
Warning: [antd: Descriptions] Sum of column `span` in a line not match `column` of Descriptions.

stderr | src/pages/AgentDetail.test.jsx > shows a request error and retry instead of only claiming the agent does not exist
Warning: [antd: Descriptions] `labelStyle` is deprecated. Please use `styles={{ label: {} }}` instead.
Warning: [antd: Descriptions] `contentStyle` is deprecated. Please use `styles={{ content: {} }}` instead.
Warning: [antd: Descriptions] Sum of column `span` in a line not match `column` of Descriptions.

 ✓ src/pages/AgentDetail.test.jsx (2 tests) 1130ms
   ✓ ignores late responses from another agent and resets the trend on navigation  936ms
stderr | src/components/SkillExperimentPanel.test.jsx > SkillExperimentPanel > uses the server-assigned arm and never asks the browser to choose one
Warning: [antd: Card] `bordered` is deprecated. Please use `variant` instead.
Warning: [antd: Card] `bordered` is deprecated. Please use `variant` instead.

Not implemented: Window's getComputedStyle() method: with pseudo-elements
stderr | src/components/SkillExperimentPanel.test.jsx > SkillExperimentPanel > uses the server-assigned arm and never asks the browser to choose one
Warning: [antd: Card] `bordered` is deprecated. Please use `variant` instead.

stderr | src/components/SkillExperimentPanel.test.jsx > SkillExperimentPanel > uses the server-assigned arm and never asks the browser to choose one
Warning: [antd: Card] `bordered` is deprecated. Please use `variant` instead.

stderr | src/components/SkillExperimentPanel.test.jsx > SkillExperimentPanel > uses the server-assigned arm and never asks the browser to choose one
Warning: [antd: Card] `bordered` is deprecated. Please use `variant` instead.

stderr | src/components/SkillExperimentPanel.test.jsx > SkillExperimentPanel > uses the server-assigned arm and never asks the browser to choose one
Warning: [antd: Card] `bordered` is deprecated. Please use `variant` instead.

 ✓ src/components/SkillExperimentPanel.test.jsx (1 test) 882ms
     ✓ uses the server-assigned arm and never asks the browser to choose one  879ms
Not implemented: Window's getComputedStyle() method: with pseudo-elements
Not implemented: Window's getComputedStyle() method: with pseudo-elements
 ✓ src/components/BusinessAcceptancePanel.test.jsx (4 tests) 705ms
   ✓ does not turn missing evidence into a passing result  378ms
 ✓ src/components/AppLayout.test.jsx (4 tests) 822ms
     ✓ shows the fallback indicator until the shared stream opens  543ms
Not implemented: Window's getComputedStyle() method: with pseudo-elements
Not implemented: Window's getComputedStyle() method: with pseudo-elements
Not implemented: Window's getComputedStyle() method: with pseudo-elements
 ✓ src/components/FixVerificationPanel.test.jsx (3 tests) 677ms
 ✓ src/components/DiagnosisSkillOutcomeCard.test.jsx (2 tests) 615ms
     ✓ shows the Skill produced by a verified diagnosis and exposes its gates  529ms
Not implemented: Window's getComputedStyle() method: with pseudo-elements
Not implemented: Window's getComputedStyle() method: with pseudo-elements
 ✓ src/components/EngineeringDiagnosisSummary.test.jsx (4 tests) 899ms
   ✓ shows engineering acceptance separately from localization, refutation and untouched cases  741ms
 ✓ src/components/ChatThread.test.jsx (9 tests) 747ms
 ✓ src/components/HealthCheckActions.test.jsx (5 tests) 719ms
     ✓ creates a fresh sampling session for NORMAL_OBSERVED  506ms
 ✓ src/components/LatsReplayPanel.test.jsx (2 tests) 968ms
     ✓ creates a fresh UUID session and opens the returned diagnosis immediately  835ms
Not implemented: Window's getComputedStyle() method: with pseudo-elements
 ✓ src/components/PerformanceDiagnosisSummary.test.jsx (3 tests) 851ms
   ✓ shows every old scenario while keeping recorded lineage separate from causal root success  507ms
 ✓ src/components/ConclusionCard.test.jsx (10 tests) 448ms
stderr | src/components/EvalPanel.test.jsx > EvalPanel replay entry > defaults to performance experiments and keeps engineering regressions separate
Warning: An update to EngineeringDiagnosisSummary inside a test was not wrapped in act(...).

When testing, code that causes React state updates should be wrapped into act(...):

act(() => {
  /* fire events that update state */
});
/* assert on the output */

This ensures that you're testing the behavior the user would see in the browser. Learn more at https://reactjs.org/link/wrap-tests-with-act
    at EngineeringDiagnosisSummary (D:/tx/mini-drop/.tmp-interview-r2/web/src/components/EngineeringDiagnosisSummary.jsx:14:40)
    at div
    at Item (D:\tx\mini-drop\web\node_modules\antd\lib\space\Item.js:12:3)
    at div
    at D:\tx\mini-drop\web\node_modules\antd\lib\space\index.js:44:39
    at main
    at div
    at EvalPanel (D:/tx/mini-drop/.tmp-interview-r2/web/src/components/EvalPanel.jsx:445:22)

stderr | src/components/EvalPanel.test.jsx > EvalPanel replay entry > defaults to performance experiments and keeps engineering regressions separate
Warning: An update to CSSMotion inside a test was not wrapped in act(...).

When testing, code that causes React state updates should be wrapped into act(...):

act(() => {
  /* fire events that update state */
});
/* assert on the output */

This ensures that you're testing the behavior the user would see in the browser. Learn more at https://reactjs.org/link/wrap-tests-with-act
    at D:\tx\mini-drop\web\node_modules\rc-motion\lib\CSSMotion.js:42:32
    at DefaultLoadingIcon (D:\tx\mini-drop\web\node_modules\antd\lib\button\DefaultLoadingIcon.js:44:5)
    at button
    at Wave (D:\tx\mini-drop\web\node_modules\antd\lib\_util\wave\index.js:19:5)
    at D:\tx\mini-drop\web\node_modules\antd\lib\button\button.js:60:7
    at div
    at div
    at DomWrapper (D:\tx\mini-drop\web\node_modules\rc-motion\lib\DomWrapper.js:20:34)
    at D:\tx\mini-drop\web\node_modules\rc-motion\lib\CSSMotion.js:42:32
    at D:\tx\mini-drop\web\node_modules\antd\lib\alert\Alert.js:74:7
    at section
    at EngineeringDiagnosisSummary (D:/tx/mini-drop/.tmp-interview-r2/web/src/components/EngineeringDiagnosisSummary.jsx:14:40)
    at div
    at Item (D:\tx\mini-drop\web\node_modules\antd\lib\space\Item.js:12:3)
    at div
    at D:\tx\mini-drop\web\node_modules\antd\lib\space\index.js:44:39
    at main
    at div
    at EvalPanel (D:/tx/mini-drop/.tmp-interview-r2/web/src/components/EvalPanel.jsx:445:22)
Warning: An update to CSSMotion inside a test was not wrapped in act(...).

When testing, code that causes React state updates should be wrapped into act(...):

act(() => {
  /* fire events that update state */
});
/* assert on the output */

This ensures that you're testing the behavior the user would see in the browser. Learn more at https://reactjs.org/link/wrap-tests-with-act
    at D:\tx\mini-drop\web\node_modules\rc-motion\lib\CSSMotion.js:42:32
    at DefaultLoadingIcon (D:\tx\mini-drop\web\node_modules\antd\lib\button\DefaultLoadingIcon.js:44:5)
    at button
    at Wave (D:\tx\mini-drop\web\node_modules\antd\lib\_util\wave\index.js:19:5)
    at D:\tx\mini-drop\web\node_modules\antd\lib\button\button.js:60:7
    at div
    at div
    at DomWrapper (D:\tx\mini-drop\web\node_modules\rc-motion\lib\DomWrapper.js:20:34)
    at D:\tx\mini-drop\web\node_modules\rc-motion\lib\CSSMotion.js:42:32
    at D:\tx\mini-drop\web\node_modules\antd\lib\alert\Alert.js:74:7
    at section
    at EngineeringDiagnosisSummary (D:/tx/mini-drop/.tmp-interview-r2/web/src/components/EngineeringDiagnosisSummary.jsx:14:40)
    at div
    at Item (D:\tx\mini-drop\web\node_modules\antd\lib\space\Item.js:12:3)
    at div
    at D:\tx\mini-drop\web\node_modules\antd\lib\space\index.js:44:39
    at main
    at div
    at EvalPanel (D:/tx/mini-drop/.tmp-interview-r2/web/src/components/EvalPanel.jsx:445:22)
Warning: An update to CSSMotion inside a test was not wrapped in act(...).

When testing, code that causes React state updates should be wrapped into act(...):

act(() => {
  /* fire events that update state */
});
/* assert on the output */

This ensures that you're testing the behavior the user would see in the browser. Learn more at https://reactjs.org/link/wrap-tests-with-act
    at D:\tx\mini-drop\web\node_modules\rc-motion\lib\CSSMotion.js:42:32
    at D:\tx\mini-drop\web\node_modules\antd\lib\alert\Alert.js:74:7
    at section
    at EngineeringDiagnosisSummary (D:/tx/mini-drop/.tmp-interview-r2/web/src/components/EngineeringDiagnosisSummary.jsx:14:40)
    at div
    at Item (D:\tx\mini-drop\web\node_modules\antd\lib\space\Item.js:12:3)
    at div
    at D:\tx\mini-drop\web\node_modules\antd\lib\space\index.js:44:39
    at main
    at div
    at EvalPanel (D:/tx/mini-drop/.tmp-interview-r2/web/src/components/EvalPanel.jsx:445:22)
Warning: An update to CSSMotion inside a test was not wrapped in act(...).

When testing, code that causes React state updates should be wrapped into act(...):

act(() => {
  /* fire events that update state */
});
/* assert on the output */

This ensures that you're testing the behavior the user would see in the browser. Learn more at https://reactjs.org/link/wrap-tests-with-act
    at D:\tx\mini-drop\web\node_modules\rc-motion\lib\CSSMotion.js:42:32
    at D:\tx\mini-drop\web\node_modules\antd\lib\alert\Alert.js:74:7
    at section
    at EngineeringDiagnosisSummary (D:/tx/mini-drop/.tmp-interview-r2/web/src/components/EngineeringDiagnosisSummary.jsx:14:40)
    at div
    at Item (D:\tx\mini-drop\web\node_modules\antd\lib\space\Item.js:12:3)
    at div
    at D:\tx\mini-drop\web\node_modules\antd\lib\space\index.js:44:39
    at main
    at div
    at EvalPanel (D:/tx/mini-drop/.tmp-interview-r2/web/src/components/EvalPanel.jsx:445:22)

stderr | src/components/EvalPanel.test.jsx > EvalPanel replay entry > places the real Fault Plaza before frozen replay and forwards diagnosis navigation
Warning: An update to EngineeringDiagnosisSummary inside a test was not wrapped in act(...).

When testing, code that causes React state updates should be wrapped into act(...):

act(() => {
  /* fire events that update state */
});
/* assert on the output */

This ensures that you're testing the behavior the user would see in the browser. Learn more at https://reactjs.org/link/wrap-tests-with-act
    at EngineeringDiagnosisSummary (D:/tx/mini-drop/.tmp-interview-r2/web/src/components/EngineeringDiagnosisSummary.jsx:14:40)
    at div
    at Item (D:\tx\mini-drop\web\node_modules\antd\lib\space\Item.js:12:3)
    at div
    at D:\tx\mini-drop\web\node_modules\antd\lib\space\index.js:44:39
    at main
    at div
    at EvalPanel (D:/tx/mini-drop/.tmp-interview-r2/web/src/components/EvalPanel.jsx:445:22)

stderr | src/components/EvalPanel.test.jsx > EvalPanel replay entry > places the real Fault Plaza before frozen replay and forwards diagnosis navigation
Warning: An update to CSSMotion inside a test was not wrapped in act(...).

When testing, code that causes React state updates should be wrapped into act(...):

act(() => {
  /* fire events that update state */
});
/* assert on the output */

This ensures that you're testing the behavior the user would see in the browser. Learn more at https://reactjs.org/link/wrap-tests-with-act
    at D:\tx\mini-drop\web\node_modules\rc-motion\lib\CSSMotion.js:42:32
    at DefaultLoadingIcon (D:\tx\mini-drop\web\node_modules\antd\lib\button\DefaultLoadingIcon.js:44:5)
    at button
    at Wave (D:\tx\mini-drop\web\node_modules\antd\lib\_util\wave\index.js:19:5)
    at D:\tx\mini-drop\web\node_modules\antd\lib\button\button.js:60:7
    at div
    at div
    at DomWrapper (D:\tx\mini-drop\web\node_modules\rc-motion\lib\DomWrapper.js:20:34)
    at D:\tx\mini-drop\web\node_modules\rc-motion\lib\CSSMotion.js:42:32
    at D:\tx\mini-drop\web\node_modules\antd\lib\alert\Alert.js:74:7
    at section
    at EngineeringDiagnosisSummary (D:/tx/mini-drop/.tmp-interview-r2/web/src/components/EngineeringDiagnosisSummary.jsx:14:40)
    at div
    at Item (D:\tx\mini-drop\web\node_modules\antd\lib\space\Item.js:12:3)
    at div
    at D:\tx\mini-drop\web\node_modules\antd\lib\space\index.js:44:39
    at main
    at div
    at EvalPanel (D:/tx/mini-drop/.tmp-interview-r2/web/src/components/EvalPanel.jsx:445:22)
Warning: An update to CSSMotion inside a test was not wrapped in act(...).

When testing, code that causes React state updates should be wrapped into act(...):

act(() => {
  /* fire events that update state */
});
/* assert on the output */

This ensures that you're testing the behavior the user would see in the browser. Learn more at https://reactjs.org/link/wrap-tests-with-act
    at D:\tx\mini-drop\web\node_modules\rc-motion\lib\CSSMotion.js:42:32
    at DefaultLoadingIcon (D:\tx\mini-drop\web\node_modules\antd\lib\button\DefaultLoadingIcon.js:44:5)
    at button
    at Wave (D:\tx\mini-drop\web\node_modules\antd\lib\_util\wave\index.js:19:5)
    at D:\tx\mini-drop\web\node_modules\antd\lib\button\button.js:60:7
    at div
    at div
    at DomWrapper (D:\tx\mini-drop\web\node_modules\rc-motion\lib\DomWrapper.js:20:34)
    at D:\tx\mini-drop\web\node_modules\rc-motion\lib\CSSMotion.js:42:32
    at D:\tx\mini-drop\web\node_modules\antd\lib\alert\Alert.js:74:7
    at section
    at EngineeringDiagnosisSummary (D:/tx/mini-drop/.tmp-interview-r2/web/src/components/EngineeringDiagnosisSummary.jsx:14:40)
    at div
    at Item (D:\tx\mini-drop\web\node_modules\antd\lib\space\Item.js:12:3)
    at div
    at D:\tx\mini-drop\web\node_modules\antd\lib\space\index.js:44:39
    at main
    at div
    at EvalPanel (D:/tx/mini-drop/.tmp-interview-r2/web/src/components/EvalPanel.jsx:445:22)
Warning: An update to CSSMotion inside a test was not wrapped in act(...).

When testing, code that causes React state updates should be wrapped into act(...):

act(() => {
  /* fire events that update state */
});
/* assert on the output */

This ensures that you're testing the behavior the user would see in the browser. Learn more at https://reactjs.org/link/wrap-tests-with-act
    at D:\tx\mini-drop\web\node_modules\rc-motion\lib\CSSMotion.js:42:32
    at D:\tx\mini-drop\web\node_modules\antd\lib\alert\Alert.js:74:7
    at section
    at EngineeringDiagnosisSummary (D:/tx/mini-drop/.tmp-interview-r2/web/src/components/EngineeringDiagnosisSummary.jsx:14:40)
    at div
    at Item (D:\tx\mini-drop\web\node_modules\antd\lib\space\Item.js:12:3)
    at div
    at D:\tx\mini-drop\web\node_modules\antd\lib\space\index.js:44:39
    at main
    at div
    at EvalPanel (D:/tx/mini-drop/.tmp-interview-r2/web/src/components/EvalPanel.jsx:445:22)
Warning: An update to CSSMotion inside a test was not wrapped in act(...).

When testing, code that causes React state updates should be wrapped into act(...):

act(() => {
  /* fire events that update state */
});
/* assert on the output */

This ensures that you're testing the behavior the user would see in the browser. Learn more at https://reactjs.org/link/wrap-tests-with-act
    at D:\tx\mini-drop\web\node_modules\rc-motion\lib\CSSMotion.js:42:32
    at D:\tx\mini-drop\web\node_modules\antd\lib\alert\Alert.js:74:7
    at section
    at EngineeringDiagnosisSummary (D:/tx/mini-drop/.tmp-interview-r2/web/src/components/EngineeringDiagnosisSummary.jsx:14:40)
    at div
    at Item (D:\tx\mini-drop\web\node_modules\antd\lib\space\Item.js:12:3)
    at div
    at D:\tx\mini-drop\web\node_modules\antd\lib\space\index.js:44:39
    at main
    at div
    at EvalPanel (D:/tx/mini-drop/.tmp-interview-r2/web/src/components/EvalPanel.jsx:445:22)

 ✓ src/components/EvalPanel.test.jsx (2 tests) 492ms
     ✓ defaults to performance experiments and keeps engineering regressions separate  431ms
 ✓ src/components/DiagnosisPathPanel.test.jsx (2 tests) 352ms
     ✓ shows Chinese event and actor labels, with raw protocol codes in secondary details  347ms
 ✓ src/components/ObservabilityOverview.test.jsx (16 tests) 419ms
 ✓ src/components/DiagnosisCaseList.test.jsx (1 test) 406ms
     ✓ separates FULL_LATS frozen replay sessions from ordinary live diagnoses  403ms
 ✓ src/components/EvidenceCard.test.jsx (2 tests) 250ms
 ✓ src/components/PlannerBlock.test.jsx (1 test) 246ms
 ✓ src/components/StatusTag.test.jsx (2 tests) 163ms
 ✓ src/components/DiagnosisFinding.test.jsx (2 tests) 172ms
 ✓ src/hooks/SSEContext.test.jsx (4 tests) 194ms
 ✓ src/components/SafeMarkdown.test.jsx (4 tests) 65ms
 ✓ src/hooks/usePolling.test.jsx (3 tests) 37ms
 ✓ src/hooks/useSSE.test.jsx (13 tests) 38ms
 ✓ src/utils/reportPresentation.test.js (31 tests) 8ms
 ✓ src/utils/diagnosisDisplay.test.js (6 tests) 7ms
 ✓ src/utils/asyncProfiler.test.js (8 tests) 6ms
 ✓ src/utils/observationAssessment.test.js (20 tests) 8ms
 ✓ src/utils/parseJsonOffMainThread.test.js (1 test) 5ms
 ✓ src/utils/skillBenchmark.test.js (7 tests) 4ms
 ✓ src/utils/latsReplay.test.js (3 tests) 4ms
 ✓ src/utils/sysMetrics.test.js (3 tests) 4ms
 ✓ src/utils/latsSearch.test.js (8 tests) 3ms
 ✓ src/utils/agentMetrics.test.js (2 tests) 4ms
 ✓ src/utils/parseJsonPayload.test.js (2 tests) 4ms
 ✓ src/utils/diagnosisQuery.test.js (3 tests) 3ms

 Test Files  49 passed (49)
      Tests  309 passed (309)
   Start at  23:56:35
   Duration  110.85s (transform 2.21s, setup 6.57s, import 116.98s, tests 40.30s, environment 46.90s)

JUNIT report written to D:/tx/mini-drop/output/acceptance/interview-completion-20261001/final-web.xml
