2026-09-30T14:41:04.9099394Z Current runner version: '2.337.0'
2026-09-30T14:41:04.9124812Z ##[group]Runner Image Provisioner
2026-09-30T14:41:04.9125652Z Hosted Compute Agent
2026-09-30T14:41:04.9126384Z Version: 20260901.588
2026-09-30T14:41:04.9127071Z Commit: f88ec8081b781fac6c440065ac7ff9e710ce3d0b
2026-09-30T14:41:04.9127871Z Build Date: 2026-09-01T19:56:44Z
2026-09-30T14:41:04.9128608Z Worker ID: {f964f481-050c-4d97-9630-c26ec342c2ce}
2026-09-30T14:41:04.9129367Z Azure Region: eastus
2026-09-30T14:41:04.9130024Z ##[endgroup]
2026-09-30T14:41:04.9131993Z ##[group]Operating System
2026-09-30T14:41:04.9132832Z Ubuntu
2026-09-30T14:41:04.9133433Z 22.04.5
2026-09-30T14:41:04.9133964Z LTS
2026-09-30T14:41:04.9134565Z ##[endgroup]
2026-09-30T14:41:04.9135159Z ##[group]Runner Image
2026-09-30T14:41:04.9135768Z Image: ubuntu-22.04
2026-09-30T14:41:04.9136443Z Version: 20260927.309.1
2026-09-30T14:41:04.9137713Z Included Software: https://github.com/actions/runner-images/blob/ubuntu22/20260927.309/images/ubuntu/Ubuntu2204-Readme.md
2026-09-30T14:41:04.9139453Z Image Release: https://github.com/actions/runner-images/releases/tag/ubuntu22%2F20260927.309
2026-09-30T14:41:04.9140515Z ##[endgroup]
2026-09-30T14:41:04.9142267Z ##[group]GITHUB_TOKEN Permissions
2026-09-30T14:41:04.9144351Z Contents: read
2026-09-30T14:41:04.9145008Z Metadata: read
2026-09-30T14:41:04.9145584Z Packages: read
2026-09-30T14:41:04.9146309Z ##[endgroup]
2026-09-30T14:41:04.9148414Z Secret source: Actions
2026-09-30T14:41:04.9149634Z Cache mode: write
2026-09-30T14:41:04.9150364Z Prepare workflow directory
2026-09-30T14:41:04.9557888Z Prepare all required actions
2026-09-30T14:41:04.9606609Z Getting action download info
2026-09-30T14:41:05.2226052Z Download action repository 'actions/checkout@v4' (SHA:11d5960a326750d5838078e36cf38b85af677262)
2026-09-30T14:41:05.3059803Z Download action repository 'actions/setup-go@v5' (SHA:40f1582b2485089dde7abd97c1529aa768e1baff)
2026-09-30T14:41:05.5186890Z Download action repository 'actions/upload-artifact@v4' (SHA:ea165f8d65b6e75b540449e92b4886f43607fa02)
2026-09-30T14:41:05.6369376Z Download action repository 'golangci/golangci-lint-action@v9' (SHA:ba0d7d2ec06a0ea1cb5fa41b2e4a3ab91d21278a)
2026-09-30T14:41:05.9396861Z Complete job name: Go (apiserver)
2026-09-30T14:41:06.0548756Z ##[group]Run actions/checkout@v4
2026-09-30T14:41:06.0550183Z with:
2026-09-30T14:41:06.0551460Z   repository: llongwang751-arch/mini-drop
2026-09-30T14:41:06.0560002Z   token: ***
2026-09-30T14:41:06.0561228Z   ssh-strict: true
2026-09-30T14:41:06.0562109Z   ssh-user: git
2026-09-30T14:41:06.0562990Z   persist-credentials: true
2026-09-30T14:41:06.0563956Z   clean: true
2026-09-30T14:41:06.0564825Z   sparse-checkout-cone-mode: true
2026-09-30T14:41:06.0565864Z   fetch-depth: 1
2026-09-30T14:41:06.0566713Z   fetch-tags: false
2026-09-30T14:41:06.0567578Z   show-progress: true
2026-09-30T14:41:06.0568508Z   lfs: false
2026-09-30T14:41:06.0569327Z   submodules: false
2026-09-30T14:41:06.0570204Z   set-safe-directory: true
2026-09-30T14:41:06.0571471Z   allow-unsafe-pr-checkout: false
2026-09-30T14:41:06.0572918Z ##[endgroup]
2026-09-30T14:41:06.1727804Z Syncing repository: llongwang751-arch/mini-drop
2026-09-30T14:41:06.1732440Z ##[group]Getting Git version info
2026-09-30T14:41:06.1734828Z Working directory is '/home/runner/work/mini-drop/mini-drop'
2026-09-30T14:41:06.1738206Z [command]/usr/bin/git version
2026-09-30T14:41:06.1796642Z git version 2.55.0
2026-09-30T14:41:06.1821566Z ##[endgroup]
2026-09-30T14:41:06.1838827Z Temporarily overriding HOME='/home/runner/work/_temp/1a0fe80d-79eb-4e25-b782-c01a7d9a0bba' before making global git config changes
2026-09-30T14:41:06.1844020Z Adding repository directory to the temporary git global config as a safe directory
2026-09-30T14:41:06.1848042Z [command]/usr/bin/git config --global --add safe.directory /home/runner/work/mini-drop/mini-drop
2026-09-30T14:41:06.1903606Z Deleting the contents of '/home/runner/work/mini-drop/mini-drop'
2026-09-30T14:41:06.1906045Z ##[group]Initializing the repository
2026-09-30T14:41:06.1908937Z [command]/usr/bin/git init /home/runner/work/mini-drop/mini-drop
2026-09-30T14:41:06.2007070Z hint: Using 'master' as the name for the initial branch. This default branch name
2026-09-30T14:41:06.2010983Z hint: will change to "main" in Git 3.0. To configure the initial branch name
2026-09-30T14:41:06.2014522Z hint: to use in all of your new repositories, which will suppress this warning,
2026-09-30T14:41:06.2017384Z hint: call:
2026-09-30T14:41:06.2018835Z hint:
2026-09-30T14:41:06.2020951Z hint: 	git config --global init.defaultBranch <name>
2026-09-30T14:41:06.2023289Z hint:
2026-09-30T14:41:06.2025142Z hint: Names commonly chosen instead of 'master' are 'main', 'trunk' and
2026-09-30T14:41:06.2027462Z hint: 'development'. The just-created branch can be renamed via this command:
2026-09-30T14:41:06.2030243Z hint:
2026-09-30T14:41:06.2032130Z hint: 	git branch -m <name>
2026-09-30T14:41:06.2034190Z hint:
2026-09-30T14:41:06.2036612Z hint: Disable this message with "git config set advice.defaultBranchName false"
2026-09-30T14:41:06.2040527Z Initialized empty Git repository in /home/runner/work/mini-drop/mini-drop/.git/
2026-09-30T14:41:06.2047350Z [command]/usr/bin/git remote add origin https://github.com/llongwang751-arch/mini-drop
2026-09-30T14:41:06.2068170Z ##[endgroup]
2026-09-30T14:41:06.2071095Z ##[group]Disabling automatic garbage collection
2026-09-30T14:41:06.2073404Z [command]/usr/bin/git config --local gc.auto 0
2026-09-30T14:41:06.2113461Z ##[endgroup]
2026-09-30T14:41:06.2115887Z ##[group]Setting up auth
2026-09-30T14:41:06.2122043Z [command]/usr/bin/git config --local --name-only --get-regexp core\.sshCommand
2026-09-30T14:41:06.2166907Z [command]/usr/bin/git submodule foreach --recursive sh -c "git config --local --name-only --get-regexp 'core\.sshCommand' && git config --local --unset-all 'core.sshCommand' || :"
2026-09-30T14:41:06.2561634Z [command]/usr/bin/git config --local --name-only --get-regexp http\.https\:\/\/github\.com\/\.extraheader
2026-09-30T14:41:06.2605362Z [command]/usr/bin/git submodule foreach --recursive sh -c "git config --local --name-only --get-regexp 'http\.https\:\/\/github\.com\/\.extraheader' && git config --local --unset-all 'http.https://github.com/.extraheader' || :"
2026-09-30T14:41:06.2892434Z [command]/usr/bin/git config --local --name-only --get-regexp ^includeIf\.gitdir:
2026-09-30T14:41:06.2933802Z [command]/usr/bin/git submodule foreach --recursive git config --local --show-origin --name-only --get-regexp remote.origin.url
2026-09-30T14:41:06.3195524Z [command]/usr/bin/git config --local http.https://github.com/.extraheader AUTHORIZATION: basic ***
2026-09-30T14:41:06.3241605Z ##[endgroup]
2026-09-30T14:41:06.3250402Z ##[group]Fetching the repository
2026-09-30T14:41:06.3253409Z [command]/usr/bin/git -c protocol.version=2 fetch --no-tags --prune --no-recurse-submodules --depth=1 origin +ab06824ebb050bc978679376d9ad0a59c6583194:refs/remotes/pull/1/merge
2026-09-30T14:41:09.9628133Z From https://github.com/llongwang751-arch/mini-drop
2026-09-30T14:41:09.9629696Z  * [new ref]         ab06824ebb050bc978679376d9ad0a59c6583194 -> pull/1/merge
2026-09-30T14:41:09.9633735Z ##[endgroup]
2026-09-30T14:41:09.9634818Z ##[group]Determining the checkout info
2026-09-30T14:41:09.9636755Z ##[endgroup]
2026-09-30T14:41:09.9645378Z [command]/usr/bin/git sparse-checkout disable
2026-09-30T14:41:09.9710375Z [command]/usr/bin/git config --local --unset-all extensions.worktreeConfig
2026-09-30T14:41:09.9753110Z ##[group]Checking out the ref
2026-09-30T14:41:09.9753963Z [command]/usr/bin/git checkout --progress --force refs/remotes/pull/1/merge
2026-09-30T14:41:10.4402158Z Note: switching to 'refs/remotes/pull/1/merge'.
2026-09-30T14:41:10.4402636Z 
2026-09-30T14:41:10.4402976Z You are in 'detached HEAD' state. You can look around, make experimental
2026-09-30T14:41:10.4403833Z changes and commit them, and you can discard any commits you make in this
2026-09-30T14:41:10.4404623Z state without impacting any branches by switching back to a branch.
2026-09-30T14:41:10.4405097Z 
2026-09-30T14:41:10.4406531Z If you want to create a new branch to retain commits you create, you may
2026-09-30T14:41:10.4407527Z do so (now or later) by using -c with the switch command. Example:
2026-09-30T14:41:10.4408152Z 
2026-09-30T14:41:10.4408650Z   git switch -c <new-branch-name>
2026-09-30T14:41:10.4409003Z 
2026-09-30T14:41:10.4409241Z Or undo this operation with:
2026-09-30T14:41:10.4409590Z 
2026-09-30T14:41:10.4409779Z   git switch -
2026-09-30T14:41:10.4410089Z 
2026-09-30T14:41:10.4410455Z Turn off this advice by setting config variable advice.detachedHead to false
2026-09-30T14:41:10.4411296Z 
2026-09-30T14:41:10.4412057Z HEAD is now at ab06824 Merge dc50c47692bd0052b59b5d0d6c3c679fff9d8960 into 609ea8a73f845b496b59b5cae181f515c5919850
2026-09-30T14:41:10.4449999Z ##[endgroup]
2026-09-30T14:41:10.4498591Z [command]/usr/bin/git log -1 --format=%H
2026-09-30T14:41:10.4530016Z ab06824ebb050bc978679376d9ad0a59c6583194
2026-09-30T14:41:10.4798675Z ##[group]Run actions/setup-go@v5
2026-09-30T14:41:10.4799011Z with:
2026-09-30T14:41:10.4799235Z   go-version-file: apiserver/go.mod
2026-09-30T14:41:10.4799539Z   cache-dependency-path: apiserver/go.sum
2026-09-30T14:41:10.4799814Z   cache: true
2026-09-30T14:41:10.4800020Z   check-latest: false
2026-09-30T14:41:10.4802590Z   token: ***
2026-09-30T14:41:10.4802849Z ##[endgroup]
2026-09-30T14:41:10.6189726Z Setup go version spec 1.26.8
2026-09-30T14:41:10.6219222Z Found in cache @ /opt/hostedtoolcache/go/1.26.8/x64
2026-09-30T14:41:10.6220876Z (node:2012) [DEP0040] DeprecationWarning: The `punycode` module is deprecated. Please use a userland alternative instead.
2026-09-30T14:41:10.6222210Z (Use `node --trace-deprecation ...` to show where the warning was created)
2026-09-30T14:41:10.6224721Z Added go to the path
2026-09-30T14:41:10.6229059Z Successfully set up Go version 1.26.8
2026-09-30T14:41:10.6894547Z [command]/opt/hostedtoolcache/go/1.26.8/x64/bin/go env GOMODCACHE
2026-09-30T14:41:10.6931651Z [command]/opt/hostedtoolcache/go/1.26.8/x64/bin/go env GOCACHE
2026-09-30T14:41:10.7008563Z /home/runner/go/pkg/mod
2026-09-30T14:41:10.7023074Z /home/runner/.cache/go-build
2026-09-30T14:41:10.8191225Z Cache hit for: setup-go-Linux-x64-ubuntu22-go-1.26.8-53ddbd53d793e3fffd22ee7f29b9841d7ddf0fd59f4a944399a5c4503dd61af9
2026-09-30T14:41:10.8340146Z (node:2012) [DEP0169] DeprecationWarning: `url.parse()` behavior is not standardized and prone to errors that have security implications. Use the WHATWG URL API instead. CVEs are not issued for `url.parse()` vulnerabilities.
2026-09-30T14:41:11.2103717Z Received 44800051 of 44800051 (100.0%), 127.2 MBs/sec
2026-09-30T14:41:11.2104876Z Cache Size: ~43 MB (44800051 B)
2026-09-30T14:41:11.2131935Z [command]/usr/bin/tar -xf /home/runner/work/_temp/ded2810c-742c-4f4c-b6a5-7733a516bbcb/cache.tzst -P -C /home/runner/work/mini-drop/mini-drop --use-compress-program unzstd
2026-09-30T14:41:11.6342929Z Cache restored successfully
2026-09-30T14:41:11.6451098Z Cache restored from key: setup-go-Linux-x64-ubuntu22-go-1.26.8-53ddbd53d793e3fffd22ee7f29b9841d7ddf0fd59f4a944399a5c4503dd61af9
2026-09-30T14:41:11.6476625Z go version go1.26.8 linux/amd64
2026-09-30T14:41:11.6476962Z 
2026-09-30T14:41:11.6477451Z ##[group]go env
2026-09-30T14:41:11.6643495Z AR='ar'
2026-09-30T14:41:11.6643822Z CC='gcc'
2026-09-30T14:41:11.6644168Z CGO_CFLAGS='-O2 -g'
2026-09-30T14:41:11.6644505Z CGO_CPPFLAGS=''
2026-09-30T14:41:11.6644858Z CGO_CXXFLAGS='-O2 -g'
2026-09-30T14:41:11.6645189Z CGO_ENABLED='1'
2026-09-30T14:41:11.6645498Z CGO_FFLAGS='-O2 -g'
2026-09-30T14:41:11.6645809Z CGO_LDFLAGS='-O2 -g'
2026-09-30T14:41:11.6646118Z CXX='g++'
2026-09-30T14:41:11.6646394Z GCCGO='gccgo'
2026-09-30T14:41:11.6646683Z GO111MODULE=''
2026-09-30T14:41:11.6646969Z GOAMD64='v1'
2026-09-30T14:41:11.6647255Z GOARCH='amd64'
2026-09-30T14:41:11.6647539Z GOAUTH='netrc'
2026-09-30T14:41:11.6647815Z GOBIN=''
2026-09-30T14:41:11.6648127Z GOCACHE='/home/runner/.cache/go-build'
2026-09-30T14:41:11.6648565Z GOCACHEPROG=''
2026-09-30T14:41:11.6648861Z GODEBUG=''
2026-09-30T14:41:11.6649168Z GOENV='/home/runner/.config/go/env'
2026-09-30T14:41:11.6649800Z GOEXE=''
2026-09-30T14:41:11.6650077Z GOEXPERIMENT=''
2026-09-30T14:41:11.6650390Z GOFIPS140='off'
2026-09-30T14:41:11.6650964Z GOFLAGS=''
2026-09-30T14:41:11.6651928Z GOGCCFLAGS='-fPIC -m64 -pthread -Wl,--no-gc-sections -fmessage-length=0 -ffile-prefix-map=/tmp/go-build1726935530=/tmp/go-build -gno-record-gcc-switches'
2026-09-30T14:41:11.6652930Z GOHOSTARCH='amd64'
2026-09-30T14:41:11.6653247Z GOHOSTOS='linux'
2026-09-30T14:41:11.6653541Z GOINSECURE=''
2026-09-30T14:41:11.6653840Z GOMOD='/dev/null'
2026-09-30T14:41:11.6654178Z GOMODCACHE='/home/runner/go/pkg/mod'
2026-09-30T14:41:11.6654572Z GONOPROXY=''
2026-09-30T14:41:11.6654854Z GONOSUMDB=''
2026-09-30T14:41:11.6655131Z GOOS='linux'
2026-09-30T14:41:11.6655429Z GOPATH='/home/runner/go'
2026-09-30T14:41:11.6655759Z GOPRIVATE=''
2026-09-30T14:41:11.6656134Z GOPROXY='https://proxy.golang.org,direct'
2026-09-30T14:41:11.6656841Z GOROOT='/opt/hostedtoolcache/go/1.26.8/x64'
2026-09-30T14:41:11.6657287Z GOSUMDB='sum.golang.org'
2026-09-30T14:41:11.6657622Z GOTELEMETRY='local'
2026-09-30T14:41:11.6658016Z GOTELEMETRYDIR='/home/runner/.config/go/telemetry'
2026-09-30T14:41:11.6658463Z GOTMPDIR=''
2026-09-30T14:41:11.6658747Z GOTOOLCHAIN='auto'
2026-09-30T14:41:11.6659211Z GOTOOLDIR='/opt/hostedtoolcache/go/1.26.8/x64/pkg/tool/linux_amd64'
2026-09-30T14:41:11.6659743Z GOVCS=''
2026-09-30T14:41:11.6660024Z GOVERSION='go1.26.8'
2026-09-30T14:41:11.6660324Z GOWORK=''
2026-09-30T14:41:11.6660821Z PKG_CONFIG='pkg-config'
2026-09-30T14:41:11.6661027Z 
2026-09-30T14:41:11.6661458Z ##[endgroup]
2026-09-30T14:41:11.6871372Z ##[group]Run go vet ./...
2026-09-30T14:41:11.6871722Z [36;1mgo vet ./...[0m
2026-09-30T14:41:11.7203194Z shell: /usr/bin/bash -e {0}
2026-09-30T14:41:11.7203512Z ##[endgroup]
2026-09-30T14:41:11.7772537Z go: downloading github.com/minio/minio-go/v7 v7.0.95
2026-09-30T14:41:11.7964026Z go: downloading google.golang.org/grpc v1.83.2
2026-09-30T14:41:12.1332276Z go: downloading google.golang.org/protobuf v1.36.11
2026-09-30T14:41:12.2641972Z go: downloading github.com/dustin/go-humanize v1.0.1
2026-09-30T14:41:12.2811834Z go: downloading github.com/google/uuid v1.6.0
2026-09-30T14:41:12.2970763Z go: downloading github.com/klauspost/compress v1.18.7
2026-09-30T14:41:12.3737630Z go: downloading github.com/minio/crc64nvme v1.0.2
2026-09-30T14:41:12.3743474Z go: downloading github.com/minio/md5-simd v1.1.2
2026-09-30T14:41:12.3744781Z go: downloading golang.org/x/net v0.58.0
2026-09-30T14:41:12.4021548Z go: downloading github.com/go-ini/ini v1.67.0
2026-09-30T14:41:12.6327331Z go: downloading google.golang.org/genproto/googleapis/rpc v0.0.0-20260526163538-3dc84a4a5aaa
2026-09-30T14:41:12.6497938Z go: downloading github.com/goccy/go-json v0.10.5
2026-09-30T14:41:12.6498952Z go: downloading golang.org/x/crypto v0.56.0
2026-09-30T14:41:12.6534058Z go: downloading github.com/rs/xid v1.6.0
2026-09-30T14:41:12.6702789Z go: downloading github.com/klauspost/cpuid/v2 v2.2.11
2026-09-30T14:41:12.6987577Z go: downloading golang.org/x/sys v0.47.0
2026-09-30T14:41:12.7642029Z go: downloading github.com/tinylib/msgp v1.3.0
2026-09-30T14:41:12.8392133Z go: downloading github.com/philhofer/fwd v1.2.0
2026-09-30T14:41:51.7214891Z ##[group]Run go test -race -count=1 ./...
2026-09-30T14:41:51.7215262Z [36;1mgo test -race -count=1 ./...[0m
2026-09-30T14:41:51.7285653Z shell: /usr/bin/bash -e {0}
2026-09-30T14:41:51.7285951Z ##[endgroup]
2026-09-30T14:42:18.4889378Z ?   	mini-drop/apiserver/cmd/apiserver	[no test files]
2026-09-30T14:42:19.5054627Z ok  	mini-drop/apiserver/internal/config	1.015s
2026-09-30T14:42:19.8525291Z ok  	mini-drop/apiserver/internal/cron	1.362s
2026-09-30T14:42:19.8526306Z ?   	mini-drop/apiserver/internal/errorcode	[no test files]
2026-09-30T14:42:19.8527542Z ?   	mini-drop/apiserver/internal/gen/mini_drop	[no test files]
2026-09-30T14:42:20.9788433Z ok  	mini-drop/apiserver/internal/httpapi	1.056s
2026-09-30T14:42:20.9788910Z ok  	mini-drop/apiserver/internal/objectstore	1.025s
2026-09-30T14:42:20.9789629Z ok  	mini-drop/apiserver/internal/repository	1.021s
2026-09-30T14:42:20.9790011Z ok  	mini-drop/apiserver/internal/scheduler	1.021s
2026-09-30T14:42:21.9544618Z ok  	mini-drop/apiserver/internal/taskkind	1.014s
2026-09-30T14:42:21.9545556Z ?   	mini-drop/apiserver/internal/taskstatus	[no test files]
2026-09-30T14:42:22.0327665Z ##[group]Run go install golang.org/x/vuln/cmd/govulncheck@v1.8.0
2026-09-30T14:42:22.0328200Z [36;1mgo install golang.org/x/vuln/cmd/govulncheck@v1.8.0[0m
2026-09-30T14:42:22.0398858Z shell: /usr/bin/bash -e {0}
2026-09-30T14:42:22.0399139Z ##[endgroup]
2026-09-30T14:42:22.0780957Z go: downloading golang.org/x/vuln v1.8.0
2026-09-30T14:42:22.3083084Z go: downloading golang.org/x/telemetry v0.0.0-20260908163034-4bcc4b2ee518
2026-09-30T14:42:22.3181535Z go: downloading golang.org/x/mod v0.41.0
2026-09-30T14:42:22.3190997Z go: downloading golang.org/x/tools v0.50.0
2026-09-30T14:42:22.4628349Z go: downloading golang.org/x/sync v0.23.0
2026-09-30T14:42:29.1802774Z ##[group]Run set -euo pipefail
2026-09-30T14:42:29.1803141Z [36;1mset -euo pipefail[0m
2026-09-30T14:42:29.1803435Z [36;1mmkdir -p ../output/go-security[0m
2026-09-30T14:42:29.1803835Z [36;1mgovulncheck -json ./... > ../output/go-security/source.json[0m
2026-09-30T14:42:29.1804301Z [36;1mgovulncheck ./... | tee ../output/go-security/source.txt[0m
2026-09-30T14:42:29.1804847Z [36;1mCGO_ENABLED=0 go build -trimpath -o ../output/go-security/apiserver ./cmd/apiserver[0m
2026-09-30T14:42:29.1805504Z [36;1mgo version -m ../output/go-security/apiserver > ../output/go-security/binary-build.txt[0m
2026-09-30T14:42:29.1806175Z [36;1mgovulncheck -mode=binary ../output/go-security/apiserver | tee ../output/go-security/binary.txt[0m
2026-09-30T14:42:29.1806826Z [36;1msha256sum ../output/go-security/apiserver > ../output/go-security/binary.sha256[0m
2026-09-30T14:42:29.1879671Z shell: /usr/bin/bash --noprofile --norc -e -o pipefail {0}
2026-09-30T14:42:29.1880048Z ##[endgroup]
2026-09-30T14:42:34.6992440Z === Symbol Results ===
2026-09-30T14:42:34.6992801Z 
2026-09-30T14:42:34.6992990Z No vulnerabilities found.
2026-09-30T14:42:34.6993273Z 
2026-09-30T14:42:34.6993495Z Your code is affected by 0 vulnerabilities.
2026-09-30T14:42:34.6994214Z This scan also found 0 vulnerabilities in packages you import and 1
2026-09-30T14:42:34.6995125Z vulnerability in modules you require, but your code doesn't appear to call these
2026-09-30T14:42:34.6995887Z vulnerabilities.
2026-09-30T14:42:34.6996300Z Use '-show verbose' for more details.
2026-09-30T14:43:09.7731504Z === Symbol Results ===
2026-09-30T14:43:09.7732023Z 
2026-09-30T14:43:09.7732187Z No vulnerabilities found.
2026-09-30T14:43:09.7732481Z 
2026-09-30T14:43:09.7732748Z Your code is affected by 0 vulnerabilities.
2026-09-30T14:43:09.7733528Z This scan also found 0 vulnerabilities in packages you import and 1
2026-09-30T14:43:09.7734247Z vulnerability in modules you require, but your code doesn't appear to call these
2026-09-30T14:43:09.7734800Z vulnerabilities.
2026-09-30T14:43:09.7735107Z Use '-show verbose' for more details.
2026-09-30T14:43:09.9050315Z ##[group]Run actions/upload-artifact@v4
2026-09-30T14:43:09.9050882Z with:
2026-09-30T14:43:09.9051199Z   name: go-security-ab06824ebb050bc978679376d9ad0a59c6583194-1
2026-09-30T14:43:09.9051581Z   path: output/go-security/
2026-09-30T14:43:09.9051861Z   if-no-files-found: error
2026-09-30T14:43:09.9052121Z   compression-level: 6
2026-09-30T14:43:09.9052364Z   overwrite: false
2026-09-30T14:43:09.9052614Z   include-hidden-files: false
2026-09-30T14:43:09.9052879Z ##[endgroup]
2026-09-30T14:43:10.0864161Z (node:12692) [DEP0040] DeprecationWarning: The `punycode` module is deprecated. Please use a userland alternative instead.
2026-09-30T14:43:10.0865183Z (Use `node --trace-deprecation ...` to show where the warning was created)
2026-09-30T14:43:10.0943017Z With the provided path, there will be 6 files uploaded
2026-09-30T14:43:10.0946626Z Artifact name is valid!
2026-09-30T14:43:10.0947205Z Root directory input is valid!
2026-09-30T14:43:10.3057621Z Beginning upload of artifact content to blob storage
2026-09-30T14:43:10.9972465Z (node:12692) [DEP0169] DeprecationWarning: `url.parse()` behavior is not standardized and prone to errors that have security implications. Use the WHATWG URL API instead. CVEs are not issued for `url.parse()` vulnerabilities.
2026-09-30T14:43:11.2263507Z Uploaded bytes 8388608
2026-09-30T14:43:11.4151201Z Uploaded bytes 14650119
2026-09-30T14:43:11.4319316Z Finished uploading artifact content to blob storage!
2026-09-30T14:43:11.4320926Z SHA256 digest of uploaded artifact zip is e6ae1d448b049956234eeadc3d32f6e3f80e9274728a3252d878801cb77958e5
2026-09-30T14:43:11.4323001Z Finalizing artifact upload
2026-09-30T14:43:11.6577246Z Artifact go-security-ab06824ebb050bc978679376d9ad0a59c6583194-1.zip successfully finalized. Artifact ID 11104458086
2026-09-30T14:43:11.6579639Z Artifact go-security-ab06824ebb050bc978679376d9ad0a59c6583194-1 has been successfully uploaded! Final size is 14650119 bytes. Artifact ID is 11104458086
2026-09-30T14:43:11.6585950Z Artifact download URL: https://github.com/llongwang751-arch/mini-drop/actions/runs/36730962221/artifacts/11104458086
2026-09-30T14:43:11.6786646Z ##[group]Run golangci/golangci-lint-action@v9
2026-09-30T14:43:11.6787019Z with:
2026-09-30T14:43:11.6787245Z   version: v2.14.0
2026-09-30T14:43:11.6787497Z   working-directory: apiserver
2026-09-30T14:43:11.6787821Z   args: --issues-exit-code=1
2026-09-30T14:43:11.6788098Z   install-mode: binary
2026-09-30T14:43:11.6788351Z   install-only: false
2026-09-30T14:43:11.6791091Z   github-token: ***
2026-09-30T14:43:11.6791361Z   verify: true
2026-09-30T14:43:11.6791599Z   only-new-issues: false
2026-09-30T14:43:11.6791860Z   skip-cache: false
2026-09-30T14:43:11.6792103Z   skip-save-cache: false
2026-09-30T14:43:11.6792374Z   cache-invalidation-interval: 7
2026-09-30T14:43:11.6792672Z   problem-matchers: false
2026-09-30T14:43:11.6792932Z ##[endgroup]
2026-09-30T14:43:11.8324225Z ##[group]Restore cache
2026-09-30T14:43:11.8329116Z Checking for go.mod: apiserver/go.mod
2026-09-30T14:43:11.9277297Z Cache hit for: golangci-lint.cache-Linux-apiserver-2960-ad8c36800235b485851ccc9662e431fc2cd54984
2026-09-30T14:43:12.0984561Z Received 797981 of 797981 (100.0%), 11.4 MBs/sec
2026-09-30T14:43:12.0985345Z Cache Size: ~1 MB (797981 B)
2026-09-30T14:43:12.1031410Z [command]/usr/bin/tar -xf /home/runner/work/_temp/9192ae6f-de0a-46ab-a900-a4024bafa840/cache.tzst -P -C /home/runner/work/mini-drop/mini-drop --use-compress-program unzstd
2026-09-30T14:43:12.3193607Z Cache restored successfully
2026-09-30T14:43:12.3200210Z Restored cache for golangci-lint from key 'golangci-lint.cache-Linux-apiserver-2960-ad8c36800235b485851ccc9662e431fc2cd54984' in 487ms
2026-09-30T14:43:12.3201944Z ##[endgroup]
2026-09-30T14:43:12.3202588Z ##[group]Install
2026-09-30T14:43:12.3203895Z Finding needed golangci-lint version...
2026-09-30T14:43:12.3207684Z Installation mode: binary
2026-09-30T14:43:12.3209111Z Installing golangci-lint binary v2.14.0...
2026-09-30T14:43:12.3210880Z Downloading binary https://github.com/golangci/golangci-lint/releases/download/v2.14.0/golangci-lint-2.14.0-linux-amd64.tar.gz ...
2026-09-30T14:43:12.4473824Z [command]/usr/bin/tar xz --overwrite --warning=no-unknown-keyword --overwrite -C /home/runner -f /home/runner/work/_temp/46215d61-d9a9-4e86-b236-1d53f7199144
2026-09-30T14:43:12.7088611Z Installed golangci-lint into /home/runner/golangci-lint-2.14.0-linux-amd64/golangci-lint in 388ms
2026-09-30T14:43:12.7092923Z ##[endgroup]
2026-09-30T14:43:12.7097225Z ##[group]run golangci-lint
2026-09-30T14:43:12.7102872Z Running [/home/runner/golangci-lint-2.14.0-linux-amd64/golangci-lint config path] in [/home/runner/work/mini-drop/mini-drop/apiserver] ...
2026-09-30T14:43:12.7981702Z Running [/home/runner/golangci-lint-2.14.0-linux-amd64/golangci-lint run --path-mode=abs --issues-exit-code=1] in [/home/runner/work/mini-drop/mini-drop/apiserver] ...
2026-09-30T14:43:14.9611509Z 0 issues.
2026-09-30T14:43:14.9611744Z 
2026-09-30T14:43:14.9611936Z golangci-lint found no issues
2026-09-30T14:43:14.9612939Z Ran golangci-lint in 2164ms
2026-09-30T14:43:14.9613715Z ##[endgroup]
2026-09-30T14:43:14.9825784Z Post job cleanup.
2026-09-30T14:43:15.1435573Z Cache hit occurred on the primary key golangci-lint.cache-Linux-apiserver-2960-ad8c36800235b485851ccc9662e431fc2cd54984, not saving cache.
2026-09-30T14:43:15.1630378Z Post job cleanup.
2026-09-30T14:43:15.3032703Z (node:12907) [DEP0040] DeprecationWarning: The `punycode` module is deprecated. Please use a userland alternative instead.
2026-09-30T14:43:15.3033922Z (Use `node --trace-deprecation ...` to show where the warning was created)
2026-09-30T14:43:15.3127973Z [command]/opt/hostedtoolcache/go/1.26.8/x64/bin/go env GOMODCACHE
2026-09-30T14:43:15.3175177Z [command]/opt/hostedtoolcache/go/1.26.8/x64/bin/go env GOCACHE
2026-09-30T14:43:15.3228316Z /home/runner/go/pkg/mod
2026-09-30T14:43:15.3248504Z /home/runner/.cache/go-build
2026-09-30T14:43:15.3255556Z Cache hit occurred on the primary key setup-go-Linux-x64-ubuntu22-go-1.26.8-53ddbd53d793e3fffd22ee7f29b9841d7ddf0fd59f4a944399a5c4503dd61af9, not saving cache.
2026-09-30T14:43:15.3427101Z Post job cleanup.
2026-09-30T14:43:15.4356499Z [command]/usr/bin/git version
2026-09-30T14:43:15.4403253Z git version 2.55.0
2026-09-30T14:43:15.4444299Z Temporarily overriding HOME='/home/runner/work/_temp/8e1ee1fe-bd92-4c8f-b926-c2f29916da79' before making global git config changes
2026-09-30T14:43:15.4446331Z Adding repository directory to the temporary git global config as a safe directory
2026-09-30T14:43:15.4450182Z [command]/usr/bin/git config --global --add safe.directory /home/runner/work/mini-drop/mini-drop
2026-09-30T14:43:15.4528933Z [command]/usr/bin/git config --local --name-only --get-regexp core\.sshCommand
2026-09-30T14:43:15.4578193Z [command]/usr/bin/git submodule foreach --recursive sh -c "git config --local --name-only --get-regexp 'core\.sshCommand' && git config --local --unset-all 'core.sshCommand' || :"
2026-09-30T14:43:15.4895941Z [command]/usr/bin/git config --local --name-only --get-regexp http\.https\:\/\/github\.com\/\.extraheader
2026-09-30T14:43:15.4930366Z http.https://github.com/.extraheader
2026-09-30T14:43:15.4942685Z [command]/usr/bin/git config --local --unset-all http.https://github.com/.extraheader
2026-09-30T14:43:15.5007871Z [command]/usr/bin/git submodule foreach --recursive sh -c "git config --local --name-only --get-regexp 'http\.https\:\/\/github\.com\/\.extraheader' && git config --local --unset-all 'http.https://github.com/.extraheader' || :"
2026-09-30T14:43:15.5361641Z [command]/usr/bin/git config --local --name-only --get-regexp ^includeIf\.gitdir:
2026-09-30T14:43:15.5386805Z [command]/usr/bin/git submodule foreach --recursive git config --local --show-origin --name-only --get-regexp remote.origin.url
2026-09-30T14:43:15.5872855Z Cleaning up orphan processes
2026-09-30T14:43:15.6211588Z ##[warning]Node.js 20 is deprecated. The following actions target Node.js 20 but are being forced to run on Node.js 24: actions/checkout@v4, actions/setup-go@v5, actions/upload-artifact@v4. For more information see: https://github.blog/changelog/2025-09-19-deprecation-of-node-20-on-github-actions-runners/
