2026-09-30T14:41:06.9170194Z Current runner version: '2.337.0'
2026-09-30T14:41:06.9194313Z ##[group]Runner Image Provisioner
2026-09-30T14:41:06.9195348Z Hosted Compute Agent
2026-09-30T14:41:06.9195981Z Version: 20260901.588
2026-09-30T14:41:06.9196767Z Commit: f88ec8081b781fac6c440065ac7ff9e710ce3d0b
2026-09-30T14:41:06.9197796Z Build Date: 2026-09-01T19:56:44Z
2026-09-30T14:41:06.9198524Z Worker ID: {a1181d25-3b04-4282-a3c1-2f0899f7b19f}
2026-09-30T14:41:06.9199383Z Azure Region: westus
2026-09-30T14:41:06.9199985Z ##[endgroup]
2026-09-30T14:41:06.9201549Z ##[group]Operating System
2026-09-30T14:41:06.9202259Z Ubuntu
2026-09-30T14:41:06.9202813Z 22.04.5
2026-09-30T14:41:06.9203427Z LTS
2026-09-30T14:41:06.9203977Z ##[endgroup]
2026-09-30T14:41:06.9204647Z ##[group]Runner Image
2026-09-30T14:41:06.9205296Z Image: ubuntu-22.04
2026-09-30T14:41:06.9205899Z Version: 20260927.309.1
2026-09-30T14:41:06.9207434Z Included Software: https://github.com/actions/runner-images/blob/ubuntu22/20260927.309/images/ubuntu/Ubuntu2204-Readme.md
2026-09-30T14:41:06.9209160Z Image Release: https://github.com/actions/runner-images/releases/tag/ubuntu22%2F20260927.309
2026-09-30T14:41:06.9210197Z ##[endgroup]
2026-09-30T14:41:06.9211392Z ##[group]GITHUB_TOKEN Permissions
2026-09-30T14:41:06.9213382Z Contents: read
2026-09-30T14:41:06.9214053Z Metadata: read
2026-09-30T14:41:06.9214748Z Packages: read
2026-09-30T14:41:06.9215352Z ##[endgroup]
2026-09-30T14:41:06.9217546Z Secret source: Actions
2026-09-30T14:41:06.9218728Z Cache mode: write
2026-09-30T14:41:06.9219423Z Prepare workflow directory
2026-09-30T14:41:06.9673172Z Prepare all required actions
2026-09-30T14:41:06.9719678Z Getting action download info
2026-09-30T14:41:07.3776242Z Download action repository 'actions/checkout@v4' (SHA:11d5960a326750d5838078e36cf38b85af677262)
2026-09-30T14:41:07.4827653Z Download action repository 'actions/setup-node@v4' (SHA:49933ea5288caeca8642d1e84afbd3f7d6820020)
2026-09-30T14:41:07.7853499Z Complete job name: Web (React)
2026-09-30T14:41:07.8687562Z ##[group]Run actions/checkout@v4
2026-09-30T14:41:07.8688515Z with:
2026-09-30T14:41:07.8688970Z   repository: llongwang751-arch/mini-drop
2026-09-30T14:41:07.8692765Z   token: ***
2026-09-30T14:41:07.8693208Z   ssh-strict: true
2026-09-30T14:41:07.8693663Z   ssh-user: git
2026-09-30T14:41:07.8694109Z   persist-credentials: true
2026-09-30T14:41:07.8694599Z   clean: true
2026-09-30T14:41:07.8695043Z   sparse-checkout-cone-mode: true
2026-09-30T14:41:07.8695554Z   fetch-depth: 1
2026-09-30T14:41:07.8695978Z   fetch-tags: false
2026-09-30T14:41:07.8696424Z   show-progress: true
2026-09-30T14:41:07.8696865Z   lfs: false
2026-09-30T14:41:07.8697489Z   submodules: false
2026-09-30T14:41:07.8697939Z   set-safe-directory: true
2026-09-30T14:41:07.8698461Z   allow-unsafe-pr-checkout: false
2026-09-30T14:41:07.8699259Z ##[endgroup]
2026-09-30T14:41:07.9817904Z Syncing repository: llongwang751-arch/mini-drop
2026-09-30T14:41:07.9820719Z ##[group]Getting Git version info
2026-09-30T14:41:07.9822004Z Working directory is '/home/runner/work/mini-drop/mini-drop'
2026-09-30T14:41:07.9823737Z [command]/usr/bin/git version
2026-09-30T14:41:07.9926945Z git version 2.55.0
2026-09-30T14:41:07.9960277Z ##[endgroup]
2026-09-30T14:41:08.0000378Z Temporarily overriding HOME='/home/runner/work/_temp/2dd6820b-4712-49a6-a5de-1f4088715791' before making global git config changes
2026-09-30T14:41:08.0002913Z Adding repository directory to the temporary git global config as a safe directory
2026-09-30T14:41:08.0007881Z [command]/usr/bin/git config --global --add safe.directory /home/runner/work/mini-drop/mini-drop
2026-09-30T14:41:08.0062498Z Deleting the contents of '/home/runner/work/mini-drop/mini-drop'
2026-09-30T14:41:08.0068823Z ##[group]Initializing the repository
2026-09-30T14:41:08.0095828Z [command]/usr/bin/git init /home/runner/work/mini-drop/mini-drop
2026-09-30T14:41:08.0254457Z hint: Using 'master' as the name for the initial branch. This default branch name
2026-09-30T14:41:08.0278881Z hint: will change to "main" in Git 3.0. To configure the initial branch name
2026-09-30T14:41:08.0288511Z hint: to use in all of your new repositories, which will suppress this warning,
2026-09-30T14:41:08.0299898Z hint: call:
2026-09-30T14:41:08.0301014Z hint:
2026-09-30T14:41:08.0302267Z hint: 	git config --global init.defaultBranch <name>
2026-09-30T14:41:08.0303734Z hint:
2026-09-30T14:41:08.0305102Z hint: Names commonly chosen instead of 'master' are 'main', 'trunk' and
2026-09-30T14:41:08.0307111Z hint: 'development'. The just-created branch can be renamed via this command:
2026-09-30T14:41:08.0312724Z hint:
2026-09-30T14:41:08.0313846Z hint: 	git branch -m <name>
2026-09-30T14:41:08.0315039Z hint:
2026-09-30T14:41:08.0316589Z hint: Disable this message with "git config set advice.defaultBranchName false"
2026-09-30T14:41:08.0319156Z Initialized empty Git repository in /home/runner/work/mini-drop/mini-drop/.git/
2026-09-30T14:41:08.0323060Z [command]/usr/bin/git remote add origin https://github.com/llongwang751-arch/mini-drop
2026-09-30T14:41:08.0346018Z ##[endgroup]
2026-09-30T14:41:08.0347833Z ##[group]Disabling automatic garbage collection
2026-09-30T14:41:08.0362436Z [command]/usr/bin/git config --local gc.auto 0
2026-09-30T14:41:08.0398603Z ##[endgroup]
2026-09-30T14:41:08.0400023Z ##[group]Setting up auth
2026-09-30T14:41:08.0408586Z [command]/usr/bin/git config --local --name-only --get-regexp core\.sshCommand
2026-09-30T14:41:08.0458866Z [command]/usr/bin/git submodule foreach --recursive sh -c "git config --local --name-only --get-regexp 'core\.sshCommand' && git config --local --unset-all 'core.sshCommand' || :"
2026-09-30T14:41:08.0963139Z [command]/usr/bin/git config --local --name-only --get-regexp http\.https\:\/\/github\.com\/\.extraheader
2026-09-30T14:41:08.1005369Z [command]/usr/bin/git submodule foreach --recursive sh -c "git config --local --name-only --get-regexp 'http\.https\:\/\/github\.com\/\.extraheader' && git config --local --unset-all 'http.https://github.com/.extraheader' || :"
2026-09-30T14:41:08.1269491Z [command]/usr/bin/git config --local --name-only --get-regexp ^includeIf\.gitdir:
2026-09-30T14:41:08.1308346Z [command]/usr/bin/git submodule foreach --recursive git config --local --show-origin --name-only --get-regexp remote.origin.url
2026-09-30T14:41:08.1570347Z [command]/usr/bin/git config --local http.https://github.com/.extraheader AUTHORIZATION: basic ***
2026-09-30T14:41:08.1614699Z ##[endgroup]
2026-09-30T14:41:08.1615484Z ##[group]Fetching the repository
2026-09-30T14:41:08.1625091Z [command]/usr/bin/git -c protocol.version=2 fetch --no-tags --prune --no-recurse-submodules --depth=1 origin +ab06824ebb050bc978679376d9ad0a59c6583194:refs/remotes/pull/1/merge
2026-09-30T14:41:10.1911316Z From https://github.com/llongwang751-arch/mini-drop
2026-09-30T14:41:10.1913873Z  * [new ref]         ab06824ebb050bc978679376d9ad0a59c6583194 -> pull/1/merge
2026-09-30T14:41:10.1919575Z ##[endgroup]
2026-09-30T14:41:10.1920914Z ##[group]Determining the checkout info
2026-09-30T14:41:10.1922286Z ##[endgroup]
2026-09-30T14:41:10.1926951Z [command]/usr/bin/git sparse-checkout disable
2026-09-30T14:41:10.1982814Z [command]/usr/bin/git config --local --unset-all extensions.worktreeConfig
2026-09-30T14:41:10.2019864Z ##[group]Checking out the ref
2026-09-30T14:41:10.2022400Z [command]/usr/bin/git checkout --progress --force refs/remotes/pull/1/merge
2026-09-30T14:41:10.6756654Z Note: switching to 'refs/remotes/pull/1/merge'.
2026-09-30T14:41:10.6757194Z 
2026-09-30T14:41:10.6758088Z You are in 'detached HEAD' state. You can look around, make experimental
2026-09-30T14:41:10.6759122Z changes and commit them, and you can discard any commits you make in this
2026-09-30T14:41:10.6760197Z state without impacting any branches by switching back to a branch.
2026-09-30T14:41:10.6760612Z 
2026-09-30T14:41:10.6760913Z If you want to create a new branch to retain commits you create, you may
2026-09-30T14:41:10.6761529Z do so (now or later) by using -c with the switch command. Example:
2026-09-30T14:41:10.6761871Z 
2026-09-30T14:41:10.6762088Z   git switch -c <new-branch-name>
2026-09-30T14:41:10.6762763Z 
2026-09-30T14:41:10.6762949Z Or undo this operation with:
2026-09-30T14:41:10.6763218Z 
2026-09-30T14:41:10.6763348Z   git switch -
2026-09-30T14:41:10.6763548Z 
2026-09-30T14:41:10.6763844Z Turn off this advice by setting config variable advice.detachedHead to false
2026-09-30T14:41:10.6764260Z 
2026-09-30T14:41:10.6764779Z HEAD is now at ab06824 Merge dc50c47692bd0052b59b5d0d6c3c679fff9d8960 into 609ea8a73f845b496b59b5cae181f515c5919850
2026-09-30T14:41:10.6849592Z ##[endgroup]
2026-09-30T14:41:10.6853127Z [command]/usr/bin/git log -1 --format=%H
2026-09-30T14:41:10.6884456Z ab06824ebb050bc978679376d9ad0a59c6583194
2026-09-30T14:41:10.7162112Z ##[group]Run actions/setup-node@v4
2026-09-30T14:41:10.7162531Z with:
2026-09-30T14:41:10.7162838Z   node-version: 22
2026-09-30T14:41:10.7163149Z   cache: npm
2026-09-30T14:41:10.7163486Z   cache-dependency-path: web/package-lock.json
2026-09-30T14:41:10.7163892Z   always-auth: false
2026-09-30T14:41:10.7164208Z   check-latest: false
2026-09-30T14:41:10.7166702Z   token: ***
2026-09-30T14:41:10.7167013Z ##[endgroup]
2026-09-30T14:41:10.8806914Z Found in cache @ /opt/hostedtoolcache/node/22.23.3/x64
2026-09-30T14:41:10.8811258Z (node:1977) [DEP0040] DeprecationWarning: The `punycode` module is deprecated. Please use a userland alternative instead.
2026-09-30T14:41:10.8812046Z (Use `node --trace-deprecation ...` to show where the warning was created)
2026-09-30T14:41:10.8815790Z ##[group]Environment details
2026-09-30T14:41:15.3040190Z node: v22.23.3
2026-09-30T14:41:15.3040617Z npm: 10.9.9
2026-09-30T14:41:15.3040853Z yarn: 1.22.22
2026-09-30T14:41:15.3041745Z ##[endgroup]
2026-09-30T14:41:15.3069811Z [command]/opt/hostedtoolcache/node/22.23.3/x64/bin/npm config get cache
2026-09-30T14:41:15.7656292Z /home/runner/.npm
2026-09-30T14:41:16.0520835Z Cache hit for: node-cache-Linux-x64-npm-e3b787a075f97e5f7b42eef8a7578ccdaa32d79f96a94d17422bfe848ce30d89
2026-09-30T14:41:16.0635600Z (node:1977) [DEP0169] DeprecationWarning: `url.parse()` behavior is not standardized and prone to errors that have security implications. Use the WHATWG URL API instead. CVEs are not issued for `url.parse()` vulnerabilities.
2026-09-30T14:41:17.3519128Z Received 4194304 of 67397609 (6.2%), 4.0 MBs/sec
2026-09-30T14:41:17.8814677Z Received 67397609 of 67397609 (100.0%), 42.0 MBs/sec
2026-09-30T14:41:17.8815870Z Cache Size: ~64 MB (67397609 B)
2026-09-30T14:41:17.8945274Z [command]/usr/bin/tar -xf /home/runner/work/_temp/9ac40452-20bb-49f9-90f7-dcb59e42a6d0/cache.tzst -P -C /home/runner/work/mini-drop/mini-drop --use-compress-program unzstd
2026-09-30T14:41:18.1868633Z Cache restored successfully
2026-09-30T14:41:18.2031402Z Cache restored from key: node-cache-Linux-x64-npm-e3b787a075f97e5f7b42eef8a7578ccdaa32d79f96a94d17422bfe848ce30d89
2026-09-30T14:41:18.2198566Z ##[group]Run npm ci
2026-09-30T14:41:18.2198903Z [36;1mnpm ci[0m
2026-09-30T14:41:18.2721887Z shell: /usr/bin/bash -e {0}
2026-09-30T14:41:18.2722241Z ##[endgroup]
2026-09-30T14:41:27.2301864Z 
2026-09-30T14:41:27.2310416Z added 346 packages, and audited 347 packages in 9s
2026-09-30T14:41:27.2310934Z 
2026-09-30T14:41:27.2311269Z 118 packages are looking for funding
2026-09-30T14:41:27.2311768Z   run `npm fund` for details
2026-09-30T14:41:27.2455475Z 
2026-09-30T14:41:27.2456130Z 1 high severity vulnerability
2026-09-30T14:41:27.2456673Z 
2026-09-30T14:41:27.2457426Z To address all issues, run:
2026-09-30T14:41:27.2458106Z   npm audit fix
2026-09-30T14:41:27.2458353Z 
2026-09-30T14:41:27.2458589Z Run `npm audit` for details.
2026-09-30T14:41:27.3233625Z ##[group]Run npx vitest run
2026-09-30T14:41:27.3233953Z [36;1mnpx vitest run[0m
2026-09-30T14:41:27.3315398Z shell: /usr/bin/bash -e {0}
2026-09-30T14:41:27.3315676Z ##[endgroup]
2026-09-30T14:41:28.0708142Z 
2026-09-30T14:41:28.0709792Z [1m[30m[46m RUN [49m[39m[22m [36mv4.1.11 [39m[90m/home/runner/work/mini-drop/mini-drop/web[39m
2026-09-30T14:41:28.0710480Z 
2026-09-30T14:41:34.9539247Z Not implemented: Window's getComputedStyle() method: with pseudo-elements
2026-09-30T14:41:35.2353629Z Not implemented: Window's getComputedStyle() method: with pseudo-elements
2026-09-30T14:41:35.5152867Z Not implemented: Window's getComputedStyle() method: with pseudo-elements
2026-09-30T14:41:35.5754096Z Not implemented: Window's getComputedStyle() method: with pseudo-elements
2026-09-30T14:41:35.7599502Z Not implemented: Window's getComputedStyle() method: with pseudo-elements
2026-09-30T14:41:36.1119661Z Not implemented: Window's getComputedStyle() method: with pseudo-elements
2026-09-30T14:41:36.1144953Z Not implemented: Window's getComputedStyle() method: with pseudo-elements
2026-09-30T14:41:36.1578978Z [90mstderr[2m | src/components/AgentCockpit.test.jsx[2m > [22m[2mAgentCockpit[2m > [22m[2mopens 查看规划假设 in an inspectable modal
2026-09-30T14:41:36.1599197Z [22m[39mWarning: [antd: Table] `index` parameter of `rowKey` function is deprecated. There is no guarantee that it will work as expected.
2026-09-30T14:41:36.1601159Z Warning: [antd: Table] `index` parameter of `rowKey` function is deprecated. There is no guarantee that it will work as expected.
2026-09-30T14:41:36.1602188Z 
2026-09-30T14:41:36.3829077Z Not implemented: Window's getComputedStyle() method: with pseudo-elements
2026-09-30T14:41:36.3853113Z Not implemented: Window's getComputedStyle() method: with pseudo-elements
2026-09-30T14:41:36.4521353Z [90mstderr[2m | src/components/AgentCockpit.test.jsx[2m > [22m[2mAgentCockpit[2m > [22m[2mopens 查看工具调用 in an inspectable modal
2026-09-30T14:41:36.4523865Z [22m[39mWarning: [antd: Table] `index` parameter of `rowKey` function is deprecated. There is no guarantee that it will work as expected.
2026-09-30T14:41:36.4525938Z Warning: [antd: Table] `index` parameter of `rowKey` function is deprecated. There is no guarantee that it will work as expected.
2026-09-30T14:41:36.4526825Z 
2026-09-30T14:41:36.6485073Z Not implemented: Window's getComputedStyle() method: with pseudo-elements
2026-09-30T14:41:36.7100287Z Not implemented: Window's getComputedStyle() method: with pseudo-elements
2026-09-30T14:41:36.7178716Z Not implemented: Window's getComputedStyle() method: with pseudo-elements
2026-09-30T14:41:36.7479863Z [90mstderr[2m | src/components/AgentCockpit.test.jsx[2m > [22m[2mAgentCockpit[2m > [22m[2mopens 查看证据 in an inspectable modal
2026-09-30T14:41:36.7511815Z [22m[39mWarning: [antd: Table] `index` parameter of `rowKey` function is deprecated. There is no guarantee that it will work as expected.
2026-09-30T14:41:36.7536449Z Warning: [antd: Table] `index` parameter of `rowKey` function is deprecated. There is no guarantee that it will work as expected.
2026-09-30T14:41:36.7571261Z 
2026-09-30T14:41:37.0105543Z Not implemented: Window's getComputedStyle() method: with pseudo-elements
2026-09-30T14:41:37.0239039Z Not implemented: Window's getComputedStyle() method: with pseudo-elements
2026-09-30T14:41:37.1010696Z [90mstderr[2m | src/components/ActualExplorationTree.test.jsx[2m > [22m[2mActualExplorationTree[2m > [22m[2mshows Skill retrieval, full-body loading and cross-round reuse inside the dynamic tree
2026-09-30T14:41:37.1035330Z [22m[39mWarning: [antd: Descriptions] Sum of column `span` in a line not match `column` of Descriptions.
2026-09-30T14:41:37.1037014Z Warning: [antd: Descriptions] Sum of column `span` in a line not match `column` of Descriptions.
2026-09-30T14:41:37.1055612Z 
2026-09-30T14:41:37.4597516Z Not implemented: Window's getComputedStyle() method: with pseudo-elements
2026-09-30T14:41:37.4749593Z Not implemented: Window's getComputedStyle() method: with pseudo-elements
2026-09-30T14:41:37.5198264Z [90mstderr[2m | src/components/AgentCockpit.test.jsx[2m > [22m[2mAgentCockpit[2m > [22m[2mrenders evidence roles and gate states as Chinese labels
2026-09-30T14:41:37.5229446Z [22m[39mWarning: [antd: Table] `index` parameter of `rowKey` function is deprecated. There is no guarantee that it will work as expected.
2026-09-30T14:41:37.5258942Z Warning: [antd: Table] `index` parameter of `rowKey` function is deprecated. There is no guarantee that it will work as expected.
2026-09-30T14:41:37.5287669Z 
2026-09-30T14:41:37.5559604Z  [32m✓[39m src/components/ActualExplorationTree.test.jsx [2m([22m[2m13 tests[22m[2m)[22m[33m 4666[2mms[22m[39m
2026-09-30T14:41:37.5589090Z      [33m[2m✓[22m[39m uses stable tool IDs and distinguishes failed probes from counter-evidence [33m 1205[2mms[22m[39m
2026-09-30T14:41:37.5591005Z      [33m[2m✓[22m[39m shows the route actually explored, including pruning and direction changes [33m 421[2mms[22m[39m
2026-09-30T14:41:37.5596899Z      [33m[2m✓[22m[39m defaults to the parent-child tree, while keeping the round path as an auxiliary view [33m 317[2mms[22m[39m
2026-09-30T14:41:37.5599502Z      [33m[2m✓[22m[39m renders server-provided LATS phase, best path and node scores without flattening the tree [33m 571[2mms[22m[39m
2026-09-30T14:41:37.5603278Z      [33m[2m✓[22m[39m merges legacy paraphrase nodes but preserves descendants and score history [33m 308[2mms[22m[39m
2026-09-30T14:41:37.5605036Z      [33m[2m✓[22m[39m shows Skill retrieval, full-body loading and cross-round reuse inside the dynamic tree [33m 428[2mms[22m[39m
2026-09-30T14:41:37.9385353Z Not implemented: Window's getComputedStyle() method: with pseudo-elements
2026-09-30T14:41:37.9809015Z Not implemented: Window's getComputedStyle() method: with pseudo-elements
2026-09-30T14:41:38.1578911Z Not implemented: Window's getComputedStyle() method: with pseudo-elements
2026-09-30T14:41:38.3736413Z Not implemented: Window's getComputedStyle() method: with pseudo-elements
2026-09-30T14:41:38.4060912Z  [32m✓[39m src/components/AgentCockpit.test.jsx [2m([22m[2m13 tests[22m[2m)[22m[33m 4834[2mms[22m[39m
2026-09-30T14:41:38.4088952Z      [33m[2m✓[22m[39m shows eight real metric buttons, including LATS, and the persisted runtime identity [33m 982[2mms[22m[39m
2026-09-30T14:41:38.4119859Z      [33m[2m✓[22m[39m shows live LATS phase, selection, best path, budget and termination without claiming rollback [33m 525[2mms[22m[39m
2026-09-30T14:41:38.4141910Z      [33m[2m✓[22m[39m shows auditable RAG sources while keeping knowledge outside the Evidence layer [33m 305[2mms[22m[39m
2026-09-30T14:41:38.4148928Z      [33m[2m✓[22m[39m opens 查看规划假设 in an inspectable modal [33m 374[2mms[22m[39m
2026-09-30T14:41:38.4150766Z      [33m[2m✓[22m[39m separates session context and Skill route memory from factual Evidence [33m 499[2mms[22m[39m
2026-09-30T14:41:38.4152744Z      [33m[2m✓[22m[39m shows derived evaluation rates and keeps Skill publication human-controlled [33m 507[2mms[22m[39m
2026-09-30T14:41:41.7189110Z Not implemented: Window's getComputedStyle() method: with pseudo-elements
2026-09-30T14:41:42.2371705Z [90mstderr[2m | src/pages/AIDiagnosis.test.jsx[2m > [22m[2mAIDiagnosis V2 workspace[2m > [22m[2mdoes not submit while confirming a Chinese IME composition
2026-09-30T14:41:42.2389127Z [22m[39mWarning: An update to AIDiagnosis inside a test was not wrapped in act(...).
2026-09-30T14:41:42.2390072Z 
2026-09-30T14:41:42.2391020Z When testing, code that causes React state updates should be wrapped into act(...):
2026-09-30T14:41:42.2391920Z 
2026-09-30T14:41:42.2392313Z act(() => {
2026-09-30T14:41:42.2393001Z   /* fire events that update state */
2026-09-30T14:41:42.2393733Z });
2026-09-30T14:41:42.2394383Z /* assert on the output */
2026-09-30T14:41:42.2394943Z 
2026-09-30T14:41:42.2396722Z This ensures that you're testing the behavior the user would see in the browser. Learn more at https://reactjs.org/link/wrap-tests-with-act
2026-09-30T14:41:42.2398914Z     at AIDiagnosis (/home/runner/work/mini-drop/mini-drop/web/src/pages/AIDiagnosis.jsx:190:68)
2026-09-30T14:41:42.2400621Z Warning: An update to AIDiagnosis inside a test was not wrapped in act(...).
2026-09-30T14:41:42.2401510Z 
2026-09-30T14:41:42.2432366Z When testing, code that causes React state updates should be wrapped into act(...):
2026-09-30T14:41:42.2433395Z 
2026-09-30T14:41:42.2434138Z act(() => {
2026-09-30T14:41:42.2434861Z   /* fire events that update state */
2026-09-30T14:41:42.2435632Z });
2026-09-30T14:41:42.2436253Z /* assert on the output */
2026-09-30T14:41:42.2436792Z 
2026-09-30T14:41:42.2438363Z This ensures that you're testing the behavior the user would see in the browser. Learn more at https://reactjs.org/link/wrap-tests-with-act
2026-09-30T14:41:42.2440205Z     at AIDiagnosis (/home/runner/work/mini-drop/mini-drop/web/src/pages/AIDiagnosis.jsx:190:68)
2026-09-30T14:41:42.2441617Z Warning: An update to AIDiagnosis inside a test was not wrapped in act(...).
2026-09-30T14:41:42.2442394Z 
2026-09-30T14:41:42.2443243Z When testing, code that causes React state updates should be wrapped into act(...):
2026-09-30T14:41:42.2444139Z 
2026-09-30T14:41:42.2444519Z act(() => {
2026-09-30T14:41:42.2445208Z   /* fire events that update state */
2026-09-30T14:41:42.2445963Z });
2026-09-30T14:41:42.2446618Z /* assert on the output */
2026-09-30T14:41:42.2447135Z 
2026-09-30T14:41:42.2448701Z This ensures that you're testing the behavior the user would see in the browser. Learn more at https://reactjs.org/link/wrap-tests-with-act
2026-09-30T14:41:42.2450505Z     at AIDiagnosis (/home/runner/work/mini-drop/mini-drop/web/src/pages/AIDiagnosis.jsx:190:68)
2026-09-30T14:41:42.2451935Z Warning: An update to AIDiagnosis inside a test was not wrapped in act(...).
2026-09-30T14:41:42.2452710Z 
2026-09-30T14:41:42.2453523Z When testing, code that causes React state updates should be wrapped into act(...):
2026-09-30T14:41:42.2454347Z 
2026-09-30T14:41:42.2454738Z act(() => {
2026-09-30T14:41:42.2488174Z   /* fire events that update state */
2026-09-30T14:41:42.2496189Z });
2026-09-30T14:41:42.2496837Z /* assert on the output */
2026-09-30T14:41:42.2497577Z 
2026-09-30T14:41:42.2498842Z This ensures that you're testing the behavior the user would see in the browser. Learn more at https://reactjs.org/link/wrap-tests-with-act
2026-09-30T14:41:42.2500539Z     at AIDiagnosis (/home/runner/work/mini-drop/mini-drop/web/src/pages/AIDiagnosis.jsx:190:68)
2026-09-30T14:41:42.2502449Z Warning: An update to ForwardRef inside a test was not wrapped in act(...).
2026-09-30T14:41:42.2503329Z 
2026-09-30T14:41:42.2504131Z When testing, code that causes React state updates should be wrapped into act(...):
2026-09-30T14:41:42.2504951Z 
2026-09-30T14:41:42.2505302Z act(() => {
2026-09-30T14:41:42.2505925Z   /* fire events that update state */
2026-09-30T14:41:42.2506666Z });
2026-09-30T14:41:42.2507237Z /* assert on the output */
2026-09-30T14:41:42.2508120Z 
2026-09-30T14:41:42.2509352Z This ensures that you're testing the behavior the user would see in the browser. Learn more at https://reactjs.org/link/wrap-tests-with-act
2026-09-30T14:41:42.2511089Z     at /home/runner/work/mini-drop/mini-drop/web/node_modules/antd/lib/message/useMessage.js:52:5
2026-09-30T14:41:42.2512226Z     at div
2026-09-30T14:41:42.2513280Z     at AIDiagnosis (/home/runner/work/mini-drop/mini-drop/web/src/pages/AIDiagnosis.jsx:190:68)
2026-09-30T14:41:42.2514410Z 
2026-09-30T14:41:42.5930475Z Not implemented: Window's getComputedStyle() method: with pseudo-elements
2026-09-30T14:41:44.7802950Z Not implemented: Window's getComputedStyle() method: with pseudo-elements
2026-09-30T14:41:44.8040181Z [90mstderr[2m | src/components/ScopeCard.test.jsx[2m > [22m[2mScopeCard secure target discovery[2m > [22m[2mrequires an explicit closed selection when multiple candidates are eligible
2026-09-30T14:41:44.8079411Z [22m[39mWarning: An update to InternalFormItem inside a test was not wrapped in act(...).
2026-09-30T14:41:44.8080379Z 
2026-09-30T14:41:44.8108664Z When testing, code that causes React state updates should be wrapped into act(...):
2026-09-30T14:41:44.8137773Z 
2026-09-30T14:41:44.8167863Z act(() => {
2026-09-30T14:41:44.8168343Z   /* fire events that update state */
2026-09-30T14:41:44.8197983Z });
2026-09-30T14:41:44.8228012Z /* assert on the output */
2026-09-30T14:41:44.8237643Z 
2026-09-30T14:41:44.8258929Z This ensures that you're testing the behavior the user would see in the browser. Learn more at https://reactjs.org/link/wrap-tests-with-act
2026-09-30T14:41:44.8263631Z     at InternalFormItem (/home/runner/work/mini-drop/mini-drop/web/node_modules/antd/lib/form/FormItem/index.js:58:5)
2026-09-30T14:41:44.8264786Z     at div
2026-09-30T14:41:44.8265694Z     at /home/runner/work/mini-drop/mini-drop/web/node_modules/antd/lib/grid/col.js:40:13
2026-09-30T14:41:44.8266715Z     at div
2026-09-30T14:41:44.8290313Z     at /home/runner/work/mini-drop/mini-drop/web/node_modules/antd/lib/grid/row.js:57:18
2026-09-30T14:41:44.8291043Z     at form
2026-09-30T14:41:44.8291751Z     at Form (/home/runner/work/mini-drop/mini-drop/web/node_modules/rc-field-form/lib/Form.js:21:19)
2026-09-30T14:41:44.8292898Z     at NoFormStyle (/home/runner/work/mini-drop/mini-drop/web/node_modules/antd/lib/form/context.js:32:3)
2026-09-30T14:41:44.8294140Z     at FormProvider (/home/runner/work/mini-drop/mini-drop/web/node_modules/rc-field-form/lib/FormContext.js:19:31)
2026-09-30T14:41:44.8294943Z     at FormProvider
2026-09-30T14:41:44.8295915Z     at DisabledContextProvider (/home/runner/work/mini-drop/mini-drop/web/node_modules/antd/lib/config-provider/DisabledContext.js:12:3)
2026-09-30T14:41:44.8297501Z     at InternalForm (/home/runner/work/mini-drop/mini-drop/web/node_modules/antd/lib/form/Form.js:50:33)
2026-09-30T14:41:44.8298281Z     at div
2026-09-30T14:41:44.8298975Z     at Item (/home/runner/work/mini-drop/mini-drop/web/node_modules/antd/lib/space/Item.js:12:3)
2026-09-30T14:41:44.8299648Z     at div
2026-09-30T14:41:44.8300266Z     at /home/runner/work/mini-drop/mini-drop/web/node_modules/antd/lib/space/index.js:44:39
2026-09-30T14:41:44.8300902Z     at div
2026-09-30T14:41:44.8301163Z     at div
2026-09-30T14:41:44.8301746Z     at /home/runner/work/mini-drop/mini-drop/web/node_modules/antd/lib/card/Card.js:53:18
2026-09-30T14:41:44.8302763Z     at ScopeCard (/home/runner/work/mini-drop/mini-drop/web/src/components/ScopeCard.jsx:56:22)
2026-09-30T14:41:44.8303781Z Warning: An update to Field inside a test was not wrapped in act(...).
2026-09-30T14:41:44.8304230Z 
2026-09-30T14:41:44.8304727Z When testing, code that causes React state updates should be wrapped into act(...):
2026-09-30T14:41:44.8305225Z 
2026-09-30T14:41:44.8305370Z act(() => {
2026-09-30T14:41:44.8305748Z   /* fire events that update state */
2026-09-30T14:41:44.8306148Z });
2026-09-30T14:41:44.8306508Z /* assert on the output */
2026-09-30T14:41:44.8306782Z 
2026-09-30T14:41:44.8307990Z This ensures that you're testing the behavior the user would see in the browser. Learn more at https://reactjs.org/link/wrap-tests-with-act
2026-09-30T14:41:44.8309458Z     at Field (/home/runner/work/mini-drop/mini-drop/web/node_modules/rc-field-form/lib/Field.js:49:34)
2026-09-30T14:41:44.8310771Z     at WrapperField (/home/runner/work/mini-drop/mini-drop/web/node_modules/rc-field-form/lib/Field.js:598:20)
2026-09-30T14:41:44.8312220Z     at InternalFormItem (/home/runner/work/mini-drop/mini-drop/web/node_modules/antd/lib/form/FormItem/index.js:58:5)
2026-09-30T14:41:44.8313041Z     at div
2026-09-30T14:41:44.8313644Z     at /home/runner/work/mini-drop/mini-drop/web/node_modules/antd/lib/grid/col.js:40:13
2026-09-30T14:41:44.8314252Z     at div
2026-09-30T14:41:44.8314833Z     at /home/runner/work/mini-drop/mini-drop/web/node_modules/antd/lib/grid/row.js:57:18
2026-09-30T14:41:44.8315442Z     at form
2026-09-30T14:41:44.8316391Z     at Form (/home/runner/work/mini-drop/mini-drop/web/node_modules/rc-field-form/lib/Form.js:21:19)
2026-09-30T14:41:44.8351233Z     at NoFormStyle (/home/runner/work/mini-drop/mini-drop/web/node_modules/antd/lib/form/context.js:32:3)
2026-09-30T14:41:44.8352774Z     at FormProvider (/home/runner/work/mini-drop/mini-drop/web/node_modules/rc-field-form/lib/FormContext.js:19:31)
2026-09-30T14:41:44.8353756Z     at FormProvider
2026-09-30T14:41:44.8354937Z     at DisabledContextProvider (/home/runner/work/mini-drop/mini-drop/web/node_modules/antd/lib/config-provider/DisabledContext.js:12:3)
2026-09-30T14:41:44.8356909Z     at InternalForm (/home/runner/work/mini-drop/mini-drop/web/node_modules/antd/lib/form/Form.js:50:33)
2026-09-30T14:41:44.8358071Z     at div
2026-09-30T14:41:44.8358848Z     at Item (/home/runner/work/mini-drop/mini-drop/web/node_modules/antd/lib/space/Item.js:12:3)
2026-09-30T14:41:44.8359677Z     at div
2026-09-30T14:41:44.8360413Z     at /home/runner/work/mini-drop/mini-drop/web/node_modules/antd/lib/space/index.js:44:39
2026-09-30T14:41:44.8361180Z     at div
2026-09-30T14:41:44.8361514Z     at div
2026-09-30T14:41:44.8362148Z     at /home/runner/work/mini-drop/mini-drop/web/node_modules/antd/lib/card/Card.js:53:18
2026-09-30T14:41:44.8363170Z     at ScopeCard (/home/runner/work/mini-drop/mini-drop/web/src/components/ScopeCard.jsx:56:22)
2026-09-30T14:41:44.8363730Z 
2026-09-30T14:41:45.8523057Z Not implemented: Window's getComputedStyle() method: with pseudo-elements
2026-09-30T14:41:46.3740272Z  [32m✓[39m src/components/FaultPlazaPanel.test.jsx [2m([22m[2m8 tests[22m[2m)[22m[33m 3192[2mms[22m[39m
2026-09-30T14:41:46.3779502Z      [33m[2m✓[22m[39m shows fresh acceptance gates and opens evidence without injecting a fault [33m 1185[2mms[22m[39m
2026-09-30T14:41:46.3781478Z      [33m[2m✓[22m[39m starts an allowlisted real fault and forwards its diagnosis request [33m 444[2mms[22m[39m
2026-09-30T14:41:46.3783411Z      [33m[2m✓[22m[39m stops an injected fault when diagnosis creation fails [33m 360[2mms[22m[39m
2026-09-30T14:41:46.3785102Z      [33m[2m✓[22m[39m shows one recommended scenario per runtime with counts and non-Python runtimes first [33m 320[2mms[22m[39m
2026-09-30T14:41:46.3786352Z      [33m[2m✓[22m[39m filters by runtime while keeping an active scenario visible for safe stopping [33m 303[2mms[22m[39m
2026-09-30T14:41:47.9503977Z Not implemented: Window's getComputedStyle() method: with pseudo-elements
2026-09-30T14:41:48.2134291Z  [32m✓[39m src/components/ScopeCard.test.jsx [2m([22m[2m13 tests[22m[2m)[22m[33m 5983[2mms[22m[39m
2026-09-30T14:41:48.2138826Z      [33m[2m✓[22m[39m hides raw authority clarification prompts resolved by secure discovery [33m 1232[2mms[22m[39m
2026-09-30T14:41:48.2140822Z      [33m[2m✓[22m[39m auto-selects exactly one eligible server candidate [33m 370[2mms[22m[39m
2026-09-30T14:41:48.2159254Z      [33m[2m✓[22m[39m requires an explicit closed selection when multiple candidates are eligible [33m 971[2mms[22m[39m
2026-09-30T14:41:48.2160957Z      [33m[2m✓[22m[39m shows a distinct EMPTY state and disables submission [33m 349[2mms[22m[39m
2026-09-30T14:41:48.2162489Z      [33m[2m✓[22m[39m shows a distinct UNAVAILABLE state and disables submission [33m 301[2mms[22m[39m
2026-09-30T14:41:48.2164132Z      [33m[2m✓[22m[39m shows a distinct TRUNCATED state and disables submission [33m 305[2mms[22m[39m
2026-09-30T14:41:48.2165732Z      [33m[2m✓[22m[39m fails closed when the selected binding disappears on refresh [33m 490[2mms[22m[39m
2026-09-30T14:41:48.2167710Z      [33m[2m✓[22m[39m submits expected version and binding authority without raw agent or PID [33m 479[2mms[22m[39m
2026-09-30T14:41:48.2169524Z      [33m[2m✓[22m[39m does not resubmit an immutable server time range [33m 527[2mms[22m[39m
2026-09-30T14:41:49.7099745Z  [32m✓[39m src/pages/AIDiagnosis.test.jsx [2m([22m[2m17 tests[22m[2m)[22m[33m 13798[2mms[22m[39m
2026-09-30T14:41:49.7129452Z      [33m[2m✓[22m[39m confirms cancellation with session version and refreshes the terminal record [33m 2776[2mms[22m[39m
2026-09-30T14:41:49.7158441Z      [33m[2m✓[22m[39m hides cancellation on completed records [33m 689[2mms[22m[39m
2026-09-30T14:41:49.7188813Z      [33m[2m✓[22m[39m does not automatically generate a skill from a bounded observation [33m 405[2mms[22m[39m
2026-09-30T14:41:49.7190702Z      [33m[2m✓[22m[39m does not use an earlier verified branch to generate a skill from a later insufficient report [33m 487[2mms[22m[39m
2026-09-30T14:41:49.7192946Z      [33m[2m✓[22m[39m still generates a candidate from a completed diagnosis with an eligible latest report [33m 314[2mms[22m[39m
2026-09-30T14:41:49.7194839Z      [33m[2m✓[22m[39m preserves a same-session report on partial and core refresh failures, but clears it when switching sessions [33m 1489[2mms[22m[39m
2026-09-30T14:41:49.7196201Z      [33m[2m✓[22m[39m renders only Drop Insight V2 diagnoses [33m 1378[2mms[22m[39m
2026-09-30T14:41:49.7197803Z      [33m[2m✓[22m[39m uses a full-width primary view and only splits when the user asks [33m 1225[2mms[22m[39m
2026-09-30T14:41:49.7199306Z      [33m[2m✓[22m[39m shows a measured normal window before the tree and keeps report limits available [33m 374[2mms[22m[39m
2026-09-30T14:41:49.7200827Z      [33m[2m✓[22m[39m lets the user review and edit a tree intervention before starting a new round [33m 1372[2mms[22m[39m
2026-09-30T14:41:49.7202307Z      [33m[2m✓[22m[39m merges the active diagnosis replay, exploration tree and Skill decision in a modal [33m 947[2mms[22m[39m
2026-09-30T14:41:49.7203709Z      [33m[2m✓[22m[39m continues a completed diagnosis as a real intervention round [33m 492[2mms[22m[39m
2026-09-30T14:41:49.7205081Z      [33m[2m✓[22m[39m lets the user challenge the current plan from the persistent composer [33m 676[2mms[22m[39m
2026-09-30T14:41:49.7206679Z      [33m[2m✓[22m[39m locks real collection, the ordinary planner and interventions for a frozen replay session [33m 512[2mms[22m[39m
2026-09-30T14:41:52.5651541Z [90mstderr[2m | src/components/SkillABPanel.test.jsx[2m > [22m[2mSkillABPanel[2m > [22m[2mcreates real AUTO and DISABLED diagnoses and reports only observed metrics
2026-09-30T14:41:52.5678809Z [22m[39mWarning: [antd: Card] `bordered` is deprecated. Please use `variant` instead.
2026-09-30T14:41:52.5708623Z Warning: [antd: Card] `bordered` is deprecated. Please use `variant` instead.
2026-09-30T14:41:52.5738665Z Warning: [antd: Card] `bordered` is deprecated. Please use `variant` instead.
2026-09-30T14:41:52.5739686Z 
2026-09-30T14:41:52.5769987Z [90mstderr[2m | src/components/SkillABPanel.test.jsx[2m > [22m[2mSkillABPanel[2m > [22m[2mcreates real AUTO and DISABLED diagnoses and reports only observed metrics
2026-09-30T14:41:52.5798922Z [22m[39mWarning: [antd: Card] `bordered` is deprecated. Please use `variant` instead.
2026-09-30T14:41:52.5827882Z 
2026-09-30T14:41:52.7731125Z [90mstderr[2m | src/components/SkillABPanel.test.jsx[2m > [22m[2mSkillABPanel[2m > [22m[2mcreates real AUTO and DISABLED diagnoses and reports only observed metrics
2026-09-30T14:41:52.7738671Z [22m[39mWarning: [antd: Card] `bordered` is deprecated. Please use `variant` instead.
2026-09-30T14:41:52.7739657Z 
2026-09-30T14:41:52.8000064Z [90mstderr[2m | src/components/SkillABPanel.test.jsx[2m > [22m[2mSkillABPanel[2m > [22m[2mcreates real AUTO and DISABLED diagnoses and reports only observed metrics
2026-09-30T14:41:52.8002725Z [22m[39mWarning: [antd: Card] `bordered` is deprecated. Please use `variant` instead.
2026-09-30T14:41:52.8003644Z 
2026-09-30T14:41:52.8590237Z [90mstderr[2m | src/components/SkillABPanel.test.jsx[2m > [22m[2mSkillABPanel[2m > [22m[2mcreates real AUTO and DISABLED diagnoses and reports only observed metrics
2026-09-30T14:41:52.8621904Z [22m[39mWarning: [antd: Card] `bordered` is deprecated. Please use `variant` instead.
2026-09-30T14:41:52.8637749Z 
2026-09-30T14:41:52.9794787Z [90mstderr[2m | src/components/SkillABPanel.test.jsx[2m > [22m[2mSkillABPanel[2m > [22m[2mcreates real AUTO and DISABLED diagnoses and reports only observed metrics
2026-09-30T14:41:52.9797016Z [22m[39mWarning: [antd: Card] `bordered` is deprecated. Please use `variant` instead.
2026-09-30T14:41:52.9797971Z 
2026-09-30T14:41:53.0430293Z [90mstderr[2m | src/components/SkillABPanel.test.jsx[2m > [22m[2mSkillABPanel[2m > [22m[2mcreates real AUTO and DISABLED diagnoses and reports only observed metrics
2026-09-30T14:41:53.0445652Z [22m[39mWarning: [antd: Card] `bordered` is deprecated. Please use `variant` instead.
2026-09-30T14:41:53.0446639Z 
2026-09-30T14:41:53.0967002Z [90mstderr[2m | src/components/SkillABPanel.test.jsx[2m > [22m[2mSkillABPanel[2m > [22m[2mcreates real AUTO and DISABLED diagnoses and reports only observed metrics
2026-09-30T14:41:53.0969576Z [22m[39mWarning: [antd: Card] `bordered` is deprecated. Please use `variant` instead.
2026-09-30T14:41:53.0970684Z 
2026-09-30T14:41:53.7793890Z [90mstderr[2m | src/components/SkillABPanel.test.jsx[2m > [22m[2mSkillABPanel[2m > [22m[2mkeeps an earlier supported hypothesis visible when a later branch is insufficient
2026-09-30T14:41:53.7818985Z [22m[39mWarning: [antd: Card] `bordered` is deprecated. Please use `variant` instead.
2026-09-30T14:41:53.7851288Z Warning: [antd: Card] `bordered` is deprecated. Please use `variant` instead.
2026-09-30T14:41:53.7852700Z Warning: [antd: Card] `bordered` is deprecated. Please use `variant` instead.
2026-09-30T14:41:53.7859593Z Warning: [antd: Card] `bordered` is deprecated. Please use `variant` instead.
2026-09-30T14:41:53.7860574Z 
2026-09-30T14:41:53.7862631Z [90mstderr[2m | src/components/SkillABPanel.test.jsx[2m > [22m[2mSkillABPanel[2m > [22m[2mkeeps an earlier supported hypothesis visible when a later branch is insufficient
2026-09-30T14:41:53.7864782Z [22m[39mWarning: [antd: Card] `bordered` is deprecated. Please use `variant` instead.
2026-09-30T14:41:53.7865606Z 
2026-09-30T14:41:53.9669921Z [90mstderr[2m | src/components/SkillABPanel.test.jsx[2m > [22m[2mSkillABPanel[2m > [22m[2mkeeps an earlier supported hypothesis visible when a later branch is insufficient
2026-09-30T14:41:53.9698572Z [22m[39mWarning: [antd: Card] `bordered` is deprecated. Please use `variant` instead.
2026-09-30T14:41:53.9727778Z 
2026-09-30T14:41:54.0178244Z [90mstderr[2m | src/components/SkillABPanel.test.jsx[2m > [22m[2mSkillABPanel[2m > [22m[2mkeeps an earlier supported hypothesis visible when a later branch is insufficient
2026-09-30T14:41:54.0180800Z [22m[39mWarning: [antd: Card] `bordered` is deprecated. Please use `variant` instead.
2026-09-30T14:41:54.0181827Z 
2026-09-30T14:41:54.0714041Z [90mstderr[2m | src/components/SkillABPanel.test.jsx[2m > [22m[2mSkillABPanel[2m > [22m[2mkeeps an earlier supported hypothesis visible when a later branch is insufficient
2026-09-30T14:41:54.0738908Z [22m[39mWarning: [antd: Card] `bordered` is deprecated. Please use `variant` instead.
2026-09-30T14:41:54.0765409Z 
2026-09-30T14:41:54.1537029Z [90mstderr[2m | src/components/SkillABPanel.test.jsx[2m > [22m[2mSkillABPanel[2m > [22m[2mkeeps an earlier supported hypothesis visible when a later branch is insufficient
2026-09-30T14:41:54.1577905Z [22m[39mWarning: [antd: Card] `bordered` is deprecated. Please use `variant` instead.
2026-09-30T14:41:54.1602311Z 
2026-09-30T14:41:54.1978124Z [90mstderr[2m | src/components/SkillABPanel.test.jsx[2m > [22m[2mSkillABPanel[2m > [22m[2mkeeps an earlier supported hypothesis visible when a later branch is insufficient
2026-09-30T14:41:54.2009014Z [22m[39mWarning: [antd: Card] `bordered` is deprecated. Please use `variant` instead.
2026-09-30T14:41:54.2027794Z 
2026-09-30T14:41:54.2261649Z [90mstderr[2m | src/components/SkillABPanel.test.jsx[2m > [22m[2mSkillABPanel[2m > [22m[2mkeeps an earlier supported hypothesis visible when a later branch is insufficient
2026-09-30T14:41:54.2264650Z [22m[39mWarning: [antd: Card] `bordered` is deprecated. Please use `variant` instead.
2026-09-30T14:41:54.2265648Z 
2026-09-30T14:41:54.5043241Z [90mstderr[2m | src/components/SkillABPanel.test.jsx[2m > [22m[2mSkillABPanel[2m > [22m[2mrestores a real A/B pair after leaving and returning to the validation center
2026-09-30T14:41:54.5069017Z [22m[39mWarning: [antd: Card] `bordered` is deprecated. Please use `variant` instead.
2026-09-30T14:41:54.5098541Z Warning: [antd: Card] `bordered` is deprecated. Please use `variant` instead.
2026-09-30T14:41:54.5100764Z Warning: [antd: Card] `bordered` is deprecated. Please use `variant` instead.
2026-09-30T14:41:54.5144237Z Warning: [antd: Card] `bordered` is deprecated. Please use `variant` instead.
2026-09-30T14:41:54.5152393Z 
2026-09-30T14:41:54.5165799Z [90mstderr[2m | src/components/SkillABPanel.test.jsx[2m > [22m[2mSkillABPanel[2m > [22m[2mrestores a real A/B pair after leaving and returning to the validation center
2026-09-30T14:41:54.5168407Z [22m[39mWarning: [antd: Card] `bordered` is deprecated. Please use `variant` instead.
2026-09-30T14:41:54.5169341Z 
2026-09-30T14:41:54.6148789Z [90mstderr[2m | src/components/SkillABPanel.test.jsx[2m > [22m[2mSkillABPanel[2m > [22m[2mrestores a real A/B pair after leaving and returning to the validation center
2026-09-30T14:41:54.6181038Z [22m[39mWarning: [antd: Card] `bordered` is deprecated. Please use `variant` instead.
2026-09-30T14:41:54.6190594Z 
2026-09-30T14:41:54.6459710Z [90mstderr[2m | src/components/SkillABPanel.test.jsx[2m > [22m[2mSkillABPanel[2m > [22m[2mrestores a real A/B pair after leaving and returning to the validation center
2026-09-30T14:41:54.6478718Z [22m[39mWarning: [antd: Card] `bordered` is deprecated. Please use `variant` instead.
2026-09-30T14:41:54.6507657Z 
2026-09-30T14:41:54.6882648Z [90mstderr[2m | src/components/SkillABPanel.test.jsx[2m > [22m[2mSkillABPanel[2m > [22m[2mrestores a real A/B pair after leaving and returning to the validation center
2026-09-30T14:41:54.6884699Z [22m[39mWarning: [antd: Card] `bordered` is deprecated. Please use `variant` instead.
2026-09-30T14:41:54.6918016Z 
2026-09-30T14:41:54.7625763Z [90mstderr[2m | src/components/SkillABPanel.test.jsx[2m > [22m[2mSkillABPanel[2m > [22m[2mrestores a real A/B pair after leaving and returning to the validation center
2026-09-30T14:41:54.7689101Z [22m[39mWarning: [antd: Card] `bordered` is deprecated. Please use `variant` instead.
2026-09-30T14:41:54.7715175Z 
2026-09-30T14:41:54.7940176Z [90mstderr[2m | src/components/SkillABPanel.test.jsx[2m > [22m[2mSkillABPanel[2m > [22m[2mrestores a real A/B pair after leaving and returning to the validation center
2026-09-30T14:41:54.7973066Z [22m[39mWarning: [antd: Card] `bordered` is deprecated. Please use `variant` instead.
2026-09-30T14:41:54.7997745Z 
2026-09-30T14:41:54.8205372Z [90mstderr[2m | src/components/SkillABPanel.test.jsx[2m > [22m[2mSkillABPanel[2m > [22m[2mrestores a real A/B pair after leaving and returning to the validation center
2026-09-30T14:41:54.8209072Z [22m[39mWarning: [antd: Card] `bordered` is deprecated. Please use `variant` instead.
2026-09-30T14:41:54.8210038Z 
2026-09-30T14:41:55.1054063Z [90mstderr[2m | src/components/SkillABPanel.test.jsx[2m > [22m[2mSkillABPanel[2m > [22m[2mrestores a real A/B pair after leaving and returning to the validation center
2026-09-30T14:41:55.1088606Z [22m[39mWarning: [antd: Card] `bordered` is deprecated. Please use `variant` instead.
2026-09-30T14:41:55.1117082Z Warning: [antd: Card] `bordered` is deprecated. Please use `variant` instead.
2026-09-30T14:41:55.1123216Z 
2026-09-30T14:41:55.1125029Z [90mstderr[2m | src/components/SkillABPanel.test.jsx[2m > [22m[2mSkillABPanel[2m > [22m[2mrestores a real A/B pair after leaving and returning to the validation center
2026-09-30T14:41:55.1127581Z [22m[39mWarning: [antd: Card] `bordered` is deprecated. Please use `variant` instead.
2026-09-30T14:41:55.1128459Z 
2026-09-30T14:41:55.1332842Z [90mstderr[2m | src/components/SkillABPanel.test.jsx[2m > [22m[2mSkillABPanel[2m > [22m[2mrestores a real A/B pair after leaving and returning to the validation center
2026-09-30T14:41:55.1348528Z [22m[39mWarning: [antd: Card] `bordered` is deprecated. Please use `variant` instead.
2026-09-30T14:41:55.1349495Z 
2026-09-30T14:41:55.1879206Z [90mstderr[2m | src/components/SkillABPanel.test.jsx[2m > [22m[2mSkillABPanel[2m > [22m[2mrestores a real A/B pair after leaving and returning to the validation center
2026-09-30T14:41:55.1882389Z [22m[39mWarning: [antd: Card] `bordered` is deprecated. Please use `variant` instead.
2026-09-30T14:41:55.1883361Z 
2026-09-30T14:41:55.2003849Z  [32m✓[39m src/components/ObservabilityOverview.test.jsx [2m([22m[2m10 tests[22m[2m)[22m[33m 1096[2mms[22m[39m
2026-09-30T14:41:55.2019086Z      [33m[2m✓[22m[39m keeps the default view concise and exposes provenance on demand [33m 654[2mms[22m[39m
2026-09-30T14:41:55.2143791Z [90mstderr[2m | src/components/ManagedServicesPanel.test.jsx[2m > [22m[2msubmits only the selected request ID and rejects an expired selection
2026-09-30T14:41:55.2145849Z [22m[39mWarning: An update to ForwardRef inside a test was not wrapped in act(...).
2026-09-30T14:41:55.2149542Z 
2026-09-30T14:41:55.2150439Z When testing, code that causes React state updates should be wrapped into act(...):
2026-09-30T14:41:55.2151359Z 
2026-09-30T14:41:55.2151733Z act(() => {
2026-09-30T14:41:55.2152388Z   /* fire events that update state */
2026-09-30T14:41:55.2153123Z });
2026-09-30T14:41:55.2153709Z /* assert on the output */
2026-09-30T14:41:55.2154219Z 
2026-09-30T14:41:55.2155454Z This ensures that you're testing the behavior the user would see in the browser. Learn more at https://reactjs.org/link/wrap-tests-with-act
2026-09-30T14:41:55.2157225Z     at /home/runner/work/mini-drop/mini-drop/web/node_modules/antd/lib/message/index.js:68:60
2026-09-30T14:41:55.2159131Z Warning: An update to ForwardRef inside a test was not wrapped in act(...).
2026-09-30T14:41:55.2159938Z 
2026-09-30T14:41:55.2160755Z When testing, code that causes React state updates should be wrapped into act(...):
2026-09-30T14:41:55.2161577Z 
2026-09-30T14:41:55.2161941Z act(() => {
2026-09-30T14:41:55.2162595Z   /* fire events that update state */
2026-09-30T14:41:55.2163291Z });
2026-09-30T14:41:55.2163879Z /* assert on the output */
2026-09-30T14:41:55.2164363Z 
2026-09-30T14:41:55.2165547Z This ensures that you're testing the behavior the user would see in the browser. Learn more at https://reactjs.org/link/wrap-tests-with-act
2026-09-30T14:41:55.2167494Z     at /home/runner/work/mini-drop/mini-drop/web/node_modules/antd/lib/message/useMessage.js:52:5
2026-09-30T14:41:55.2169062Z     at /home/runner/work/mini-drop/mini-drop/web/node_modules/antd/lib/message/index.js:41:5
2026-09-30T14:41:55.2170701Z     at MotionWrapper (/home/runner/work/mini-drop/mini-drop/web/node_modules/antd/lib/config-provider/MotionWrapper.js:17:30)
2026-09-30T14:41:55.2172531Z     at ProviderChildren (/home/runner/work/mini-drop/mini-drop/web/node_modules/antd/lib/config-provider/index.js:142:5)
2026-09-30T14:41:55.2174330Z     at ConfigProvider (/home/runner/work/mini-drop/mini-drop/web/node_modules/antd/lib/config-provider/index.js:444:25)
2026-09-30T14:41:55.2175887Z     at /home/runner/work/mini-drop/mini-drop/web/node_modules/antd/lib/message/index.js:68:60
2026-09-30T14:41:55.2177222Z Warning: An update to ForwardRef inside a test was not wrapped in act(...).
2026-09-30T14:41:55.2237979Z 
2026-09-30T14:41:55.2239429Z When testing, code that causes React state updates should be wrapped into act(...):
2026-09-30T14:41:55.2267932Z 
2026-09-30T14:41:55.2305387Z act(() => {
2026-09-30T14:41:55.2306214Z   /* fire events that update state */
2026-09-30T14:41:55.2338137Z });
2026-09-30T14:41:55.2368089Z /* assert on the output */
2026-09-30T14:41:55.2387989Z 
2026-09-30T14:41:55.2389311Z This ensures that you're testing the behavior the user would see in the browser. Learn more at https://reactjs.org/link/wrap-tests-with-act
2026-09-30T14:41:55.2392214Z     at /home/runner/work/mini-drop/mini-drop/web/node_modules/antd/lib/message/useMessage.js:52:5
2026-09-30T14:41:55.2394993Z     at /home/runner/work/mini-drop/mini-drop/web/node_modules/antd/lib/message/index.js:41:5
2026-09-30T14:41:55.2396740Z     at MotionWrapper (/home/runner/work/mini-drop/mini-drop/web/node_modules/antd/lib/config-provider/MotionWrapper.js:17:30)
2026-09-30T14:41:55.2403656Z  [32m✓[39m src/components/SkillABPanel.test.jsx [2m([22m[2m5 tests[22m[2m)[22m[33m 4152[2mms[22m[39m
2026-09-30T14:41:55.2405814Z     at ProviderChildren (/home/runner/work/mini-drop/mini-drop/web/node_modules/antd/lib/config-provider/index.js:142:5)
2026-09-30T14:41:55.2407901Z     at ConfigProvider (/home/runner/work/mini-drop/mini-drop/web/node_modules/antd/lib/config-provider/index.js:444:25)
2026-09-30T14:41:55.2409499Z     at /home/runner/work/mini-drop/mini-drop/web/node_modules/antd/lib/message/index.js:68:60
2026-09-30T14:41:55.2410904Z Warning: An update to Notifications inside a test was not wrapped in act(...).
2026-09-30T14:41:55.2411646Z 
2026-09-30T14:41:55.2412379Z When testing, code that causes React state updates should be wrapped into act(...):
2026-09-30T14:41:55.2413133Z 
2026-09-30T14:41:55.2413437Z act(() => {
2026-09-30T14:41:55.2414011Z   /* fire events that update state */
2026-09-30T14:41:55.2414626Z });
2026-09-30T14:41:55.2415164Z /* assert on the output */
2026-09-30T14:41:55.2415643Z 
2026-09-30T14:41:55.2416836Z This ensures that you're testing the behavior the user would see in the browser. Learn more at https://reactjs.org/link/wrap-tests-with-act
2026-09-30T14:41:55.2419037Z      [33m[2m✓[22m[39m creates real AUTO and DISABLED diagnoses and reports only observed metrics [33m 2254[2mms[22m[39m
2026-09-30T14:41:55.2491362Z      [33m[2m✓[22m[39m keeps an earlier supported hypothesis visible when a later branch is insufficient [33m 896[2mms[22m[39m
2026-09-30T14:41:55.2493529Z      [33m[2m✓[22m[39m restores a real A/B pair after leaving and returning to the validation center [33m 993[2mms[22m[39m
2026-09-30T14:41:55.2495876Z     at /home/runner/work/mini-drop/mini-drop/web/node_modules/rc-notification/lib/Notifications.js:19:32
2026-09-30T14:41:55.2497758Z     at /home/runner/work/mini-drop/mini-drop/web/node_modules/antd/lib/message/useMessage.js:52:5
2026-09-30T14:41:55.2499430Z     at /home/runner/work/mini-drop/mini-drop/web/node_modules/antd/lib/message/index.js:41:5
2026-09-30T14:41:55.2501181Z     at MotionWrapper (/home/runner/work/mini-drop/mini-drop/web/node_modules/antd/lib/config-provider/MotionWrapper.js:17:30)
2026-09-30T14:41:55.2503239Z     at ProviderChildren (/home/runner/work/mini-drop/mini-drop/web/node_modules/antd/lib/config-provider/index.js:142:5)
2026-09-30T14:41:55.2505183Z     at ConfigProvider (/home/runner/work/mini-drop/mini-drop/web/node_modules/antd/lib/config-provider/index.js:444:25)
2026-09-30T14:41:55.2506918Z     at /home/runner/work/mini-drop/mini-drop/web/node_modules/antd/lib/message/index.js:68:60
2026-09-30T14:41:55.2508680Z Warning: An update to ForwardRef inside a test was not wrapped in act(...).
2026-09-30T14:41:55.2509516Z 
2026-09-30T14:41:55.2510373Z When testing, code that causes React state updates should be wrapped into act(...):
2026-09-30T14:41:55.2511308Z 
2026-09-30T14:41:55.2511746Z act(() => {
2026-09-30T14:41:55.2512484Z   /* fire events that update state */
2026-09-30T14:41:55.2513257Z });
2026-09-30T14:41:55.2513956Z /* assert on the output */
2026-09-30T14:41:55.2514588Z 
2026-09-30T14:41:55.2516023Z This ensures that you're testing the behavior the user would see in the browser. Learn more at https://reactjs.org/link/wrap-tests-with-act
2026-09-30T14:41:55.2518172Z     at /home/runner/work/mini-drop/mini-drop/web/node_modules/antd/lib/message/useMessage.js:52:5
2026-09-30T14:41:55.2520012Z     at /home/runner/work/mini-drop/mini-drop/web/node_modules/antd/lib/message/index.js:41:5
2026-09-30T14:41:55.2521895Z     at MotionWrapper (/home/runner/work/mini-drop/mini-drop/web/node_modules/antd/lib/config-provider/MotionWrapper.js:17:30)
2026-09-30T14:41:55.2523464Z     at ProviderChildren (/home/runner/work/mini-drop/mini-drop/web/node_modules/antd/lib/config-provider/index.js:142:5)
2026-09-30T14:41:55.2524954Z     at ConfigProvider (/home/runner/work/mini-drop/mini-drop/web/node_modules/antd/lib/config-provider/index.js:444:25)
2026-09-30T14:41:55.2526200Z     at /home/runner/work/mini-drop/mini-drop/web/node_modules/antd/lib/message/index.js:68:60
2026-09-30T14:41:55.2526961Z 
2026-09-30T14:41:56.6210816Z  [32m✓[39m src/components/ManagedServicesPanel.test.jsx [2m([22m[2m10 tests[22m[2m)[22m[33m 5180[2mms[22m[39m
2026-09-30T14:41:56.6212934Z    [33m[2m✓[22m[39m starts diagnosis by service identity and symptoms without sending a PID [33m 1422[2mms[22m[39m
2026-09-30T14:41:56.6214928Z    [33m[2m✓[22m[39m shows real RAG stages and leaves unavailable stages empty [33m 561[2mms[22m[39m
2026-09-30T14:41:56.6216754Z    [33m[2m✓[22m[39m shows a real upload's chunking, indexing and process usage [33m 373[2mms[22m[39m
2026-09-30T14:41:56.6218896Z    [33m[2m✓[22m[39m submits only the selected request ID and rejects an expired selection [33m 680[2mms[22m[39m
2026-09-30T14:41:56.6220846Z    [33m[2m✓[22m[39m checks both original 2000ms comparisons after preparation (3507) [33m 488[2mms[22m[39m
2026-09-30T14:41:56.6222774Z    [33m[2m✓[22m[39m checks both original 2000ms comparisons after preparation (3407) [33m 438[2mms[22m[39m
2026-09-30T14:41:56.6228470Z    [33m[2m✓[22m[39m checks both original 2000ms comparisons after preparation (3448) [33m 478[2mms[22m[39m
2026-09-30T14:41:58.2877595Z  [32m✓[39m src/hooks/useSSE.test.jsx [2m([22m[2m10 tests[22m[2m)[22m[32m 61[2mms[22m[39m
2026-09-30T14:42:00.8419547Z  [32m✓[39m src/components/ConclusionCard.test.jsx [2m([22m[2m8 tests[22m[2m)[22m[33m 921[2mms[22m[39m
2026-09-30T14:42:00.8449080Z      [33m[2m✓[22m[39m does not present historical host-only I/O as a process root cause [33m 457[2mms[22m[39m
2026-09-30T14:42:02.1991675Z  [32m✓[39m src/utils/diagnosisDisplay.test.js [2m([22m[2m6 tests[22m[2m)[22m[32m 25[2mms[22m[39m
2026-09-30T14:42:03.4527815Z  [32m✓[39m src/components/ChatThread.test.jsx [2m([22m[2m9 tests[22m[2m)[22m[33m 1795[2mms[22m[39m
2026-09-30T14:42:03.4559182Z      [33m[2m✓[22m[39m keeps fix verification disabled for an observation in simple mode [33m 719[2mms[22m[39m
2026-09-30T14:42:04.6198237Z  [32m✓[39m src/components/LatsReplayPanel.test.jsx [2m([22m[2m2 tests[22m[2m)[22m[33m 1563[2mms[22m[39m
2026-09-30T14:42:04.6225648Z      [33m[2m✓[22m[39m creates a fresh UUID session and opens the returned diagnosis immediately [33m 1375[2mms[22m[39m
2026-09-30T14:42:05.2529228Z  [32m✓[39m src/hooks/SSEContext.test.jsx [2m([22m[2m4 tests[22m[2m)[22m[32m 179[2mms[22m[39m
2026-09-30T14:42:10.0849556Z Not implemented: Window's getComputedStyle() method: with pseudo-elements
2026-09-30T14:42:10.1153167Z [90mstderr[2m | src/pages/TaskResult.test.jsx[2m > [22m[2mTaskResult collection boundary[2m > [22m[2mrejects an explicit zero-sample artifact instead of rendering an empty flamegraph
2026-09-30T14:42:10.1179431Z [22m[39mWarning: [antd: Table] `index` parameter of `rowKey` function is deprecated. There is no guarantee that it will work as expected.
2026-09-30T14:42:10.1237972Z 
2026-09-30T14:42:10.1255557Z [90mstderr[2m | src/pages/TaskResult.test.jsx[2m > [22m[2mTaskResult collection boundary[2m > [22m[2mrejects an explicit zero-sample artifact instead of rendering an empty flamegraph
2026-09-30T14:42:10.1258858Z [22m[39mWarning: [antd: Table] `index` parameter of `rowKey` function is deprecated. There is no guarantee that it will work as expected.
2026-09-30T14:42:10.1260090Z 
2026-09-30T14:42:10.8570543Z Not implemented: Window's getComputedStyle() method: with pseudo-elements
2026-09-30T14:42:10.8869968Z Not implemented: Window's getComputedStyle() method: with pseudo-elements
2026-09-30T14:42:10.9320112Z [90mstderr[2m | src/pages/TaskResult.test.jsx[2m > [22m[2mTaskResult collection boundary[2m > [22m[2mrenders continuous window outcomes in Chinese
2026-09-30T14:42:10.9322895Z [22m[39mWarning: [antd: Table] `index` parameter of `rowKey` function is deprecated. There is no guarantee that it will work as expected.
2026-09-30T14:42:10.9324056Z 
2026-09-30T14:42:10.9619389Z [90mstderr[2m | src/pages/TaskResult.test.jsx[2m > [22m[2mTaskResult collection boundary[2m > [22m[2mrenders continuous window outcomes in Chinese
2026-09-30T14:42:10.9624120Z [22m[39mWarning: [antd: Table] `index` parameter of `rowKey` function is deprecated. There is no guarantee that it will work as expected.
2026-09-30T14:42:10.9625429Z 
2026-09-30T14:42:11.0256546Z  [32m✓[39m src/pages/TaskResult.test.jsx [2m([22m[2m4 tests[22m[2m)[22m[33m 2584[2mms[22m[39m
2026-09-30T14:42:11.0263265Z      [33m[2m✓[22m[39m renders collection results and points diagnosis to the V2 workspace [33m 1193[2mms[22m[39m
2026-09-30T14:42:11.0299467Z      [33m[2m✓[22m[39m rejects an explicit zero-sample artifact instead of rendering an empty flamegraph [33m 914[2mms[22m[39m
2026-09-30T14:42:11.0301447Z      [33m[2m✓[22m[39m renders continuous window outcomes in Chinese [33m 470[2mms[22m[39m
2026-09-30T14:42:11.8746762Z Not implemented: Window's getComputedStyle() method: with pseudo-elements
2026-09-30T14:42:12.2206522Z  [32m✓[39m src/components/ToolCallCard.test.jsx [2m([22m[2m3 tests[22m[2m)[22m[33m 2121[2mms[22m[39m
2026-09-30T14:42:12.2208646Z      [33m[2m✓[22m[39m shows approve/reject for a pending approval tool [33m 1027[2mms[22m[39m
2026-09-30T14:42:12.2210741Z      [33m[2m✓[22m[39m keeps the server-bound agent and PID immutable while editing sampling parameters [33m 998[2mms[22m[39m
2026-09-30T14:42:13.4754749Z  [32m✓[39m src/components/FlamegraphViewer.test.jsx [2m([22m[2m4 tests[22m[2m)[22m[33m 2941[2mms[22m[39m
2026-09-30T14:42:13.4756808Z      [33m[2m✓[22m[39m renders a 10k-node flamegraph without crashing [33m 1088[2mms[22m[39m
2026-09-30T14:42:13.4759270Z      [33m[2m✓[22m[39m renders Java HTML as SVG data without inserting an executable iframe [33m 885[2mms[22m[39m
2026-09-30T14:42:13.4761178Z      [33m[2m✓[22m[39m does not show a late response from the previously selected task [33m 933[2mms[22m[39m
2026-09-30T14:42:16.9373539Z  [32m✓[39m src/components/AppLayout.test.jsx [2m([22m[2m4 tests[22m[2m)[22m[33m 1530[2mms[22m[39m
2026-09-30T14:42:16.9437133Z      [33m[2m✓[22m[39m shows the fallback indicator until the shared stream opens [33m 1035[2mms[22m[39m
2026-09-30T14:42:18.0767581Z Not implemented: Window's getComputedStyle() method: with pseudo-elements
2026-09-30T14:42:18.1910515Z Not implemented: Window's getComputedStyle() method: with pseudo-elements
2026-09-30T14:42:18.5169015Z Not implemented: Window's getComputedStyle() method: with pseudo-elements
2026-09-30T14:42:18.6600928Z  [32m✓[39m src/components/BusinessAcceptancePanel.test.jsx [2m([22m[2m4 tests[22m[2m)[22m[33m 1928[2mms[22m[39m
2026-09-30T14:42:18.6603527Z    [33m[2m✓[22m[39m does not turn missing evidence into a passing result [33m 922[2mms[22m[39m
2026-09-30T14:42:18.6605683Z    [33m[2m✓[22m[39m shows fallback separately from full recovery and AI diagnosis [33m 572[2mms[22m[39m
2026-09-30T14:42:18.6610942Z    [33m[2m✓[22m[39m links an executed actual RAG diagnosis without claiming root verification [33m 348[2mms[22m[39m
2026-09-30T14:42:18.7191043Z Not implemented: Window's getComputedStyle() method: with pseudo-elements
2026-09-30T14:42:19.1749253Z  [32m✓[39m src/components/MentorComplexShowcase.test.jsx [2m([22m[2m2 tests[22m[2m)[22m[33m 2594[2mms[22m[39m
2026-09-30T14:42:19.1751003Z      [33m[2m✓[22m[39m replays only the diagnosis passed by the active workspace [33m 1698[2mms[22m[39m
2026-09-30T14:42:19.1752971Z      [33m[2m✓[22m[39m shows the candidate Skill produced by the same diagnosis [33m 892[2mms[22m[39m
2026-09-30T14:42:20.1718896Z  [32m✓[39m src/utils/reportPresentation.test.js [2m([22m[2m13 tests[22m[2m)[22m[32m 12[2mms[22m[39m
2026-09-30T14:42:23.4989106Z Not implemented: Window's getComputedStyle() method: with pseudo-elements
2026-09-30T14:42:23.5187989Z [90mstderr[2m | src/pages/AgentDetail.test.jsx[2m > [22m[2mignores late responses from another agent and resets the trend on navigation
2026-09-30T14:42:23.5190718Z [22m[39mWarning: [antd: Descriptions] `labelStyle` is deprecated. Please use `styles={{ label: {} }}` instead.
2026-09-30T14:42:23.5193137Z Warning: [antd: Descriptions] `contentStyle` is deprecated. Please use `styles={{ content: {} }}` instead.
2026-09-30T14:42:23.5197226Z Warning: [antd: Descriptions] Sum of column `span` in a line not match `column` of Descriptions.
2026-09-30T14:42:23.5198457Z 
2026-09-30T14:42:23.5364398Z [90mstderr[2m | src/pages/AgentDetail.test.jsx[2m > [22m[2mignores late responses from another agent and resets the trend on navigation
2026-09-30T14:42:23.5369269Z [22m[39mWarning: [antd: Descriptions] `labelStyle` is deprecated. Please use `styles={{ label: {} }}` instead.
2026-09-30T14:42:23.5371213Z Warning: [antd: Descriptions] `contentStyle` is deprecated. Please use `styles={{ content: {} }}` instead.
2026-09-30T14:42:23.5372840Z Warning: [antd: Descriptions] Sum of column `span` in a line not match `column` of Descriptions.
2026-09-30T14:42:23.5373720Z 
2026-09-30T14:42:23.5669768Z [90mstderr[2m | src/pages/AgentDetail.test.jsx[2m > [22m[2mignores late responses from another agent and resets the trend on navigation
2026-09-30T14:42:23.5699666Z [22m[39mWarning: [antd: Descriptions] `labelStyle` is deprecated. Please use `styles={{ label: {} }}` instead.
2026-09-30T14:42:23.5701525Z Warning: [antd: Descriptions] `contentStyle` is deprecated. Please use `styles={{ content: {} }}` instead.
2026-09-30T14:42:23.5723378Z Warning: [antd: Descriptions] Sum of column `span` in a line not match `column` of Descriptions.
2026-09-30T14:42:23.5724403Z 
2026-09-30T14:42:23.5999227Z [90mstderr[2m | src/pages/AgentDetail.test.jsx[2m > [22m[2mignores late responses from another agent and resets the trend on navigation
2026-09-30T14:42:23.6049034Z [22m[39mWarning: [antd: Descriptions] `labelStyle` is deprecated. Please use `styles={{ label: {} }}` instead.
2026-09-30T14:42:23.6059349Z Warning: [antd: Descriptions] `contentStyle` is deprecated. Please use `styles={{ content: {} }}` instead.
2026-09-30T14:42:23.6061244Z Warning: [antd: Descriptions] Sum of column `span` in a line not match `column` of Descriptions.
2026-09-30T14:42:23.6062180Z 
2026-09-30T14:42:24.0399887Z [90mstderr[2m | src/pages/AgentDetail.test.jsx[2m > [22m[2mignores late responses from another agent and resets the trend on navigation
2026-09-30T14:42:24.0402431Z [22m[39mWarning: [antd: Descriptions] `labelStyle` is deprecated. Please use `styles={{ label: {} }}` instead.
2026-09-30T14:42:24.0428885Z Warning: [antd: Descriptions] `contentStyle` is deprecated. Please use `styles={{ content: {} }}` instead.
2026-09-30T14:42:24.0456072Z Warning: [antd: Descriptions] Sum of column `span` in a line not match `column` of Descriptions.
2026-09-30T14:42:24.0487996Z 
2026-09-30T14:42:24.2818924Z Not implemented: Window's getComputedStyle() method: with pseudo-elements
2026-09-30T14:42:24.2939619Z [90mstderr[2m | src/pages/AgentDetail.test.jsx[2m > [22m[2mignores late responses from another agent and resets the trend on navigation
2026-09-30T14:42:24.2999194Z [22m[39mWarning: [antd: Descriptions] `labelStyle` is deprecated. Please use `styles={{ label: {} }}` instead.
2026-09-30T14:42:24.3038491Z Warning: [antd: Descriptions] `contentStyle` is deprecated. Please use `styles={{ content: {} }}` instead.
2026-09-30T14:42:24.3048702Z Warning: [antd: Descriptions] Sum of column `span` in a line not match `column` of Descriptions.
2026-09-30T14:42:24.3087992Z 
2026-09-30T14:42:24.3119884Z [90mstderr[2m | src/pages/AgentDetail.test.jsx[2m > [22m[2mignores late responses from another agent and resets the trend on navigation
2026-09-30T14:42:24.3149102Z [22m[39mWarning: [antd: Descriptions] `labelStyle` is deprecated. Please use `styles={{ label: {} }}` instead.
2026-09-30T14:42:24.3178684Z Warning: [antd: Descriptions] `contentStyle` is deprecated. Please use `styles={{ content: {} }}` instead.
2026-09-30T14:42:24.3188842Z Warning: [antd: Descriptions] Sum of column `span` in a line not match `column` of Descriptions.
2026-09-30T14:42:24.3190269Z 
2026-09-30T14:42:24.6049472Z  [32m✓[39m src/components/DiagnosisPathPanel.test.jsx [2m([22m[2m2 tests[22m[2m)[22m[33m 1016[2mms[22m[39m
2026-09-30T14:42:24.6079281Z      [33m[2m✓[22m[39m shows Chinese event and actor labels, with raw protocol codes in secondary details [33m 1003[2mms[22m[39m
2026-09-30T14:42:24.8111034Z Not implemented: Window's getComputedStyle() method: with pseudo-elements
2026-09-30T14:42:24.8430016Z [90mstderr[2m | src/pages/AgentDetail.test.jsx[2m > [22m[2mshows a request error and retry instead of only claiming the agent does not exist
2026-09-30T14:42:24.8469010Z [22m[39mWarning: [antd: Descriptions] `labelStyle` is deprecated. Please use `styles={{ label: {} }}` instead.
2026-09-30T14:42:24.8510958Z Warning: [antd: Descriptions] `contentStyle` is deprecated. Please use `styles={{ content: {} }}` instead.
2026-09-30T14:42:24.8512537Z Warning: [antd: Descriptions] Sum of column `span` in a line not match `column` of Descriptions.
2026-09-30T14:42:24.8541767Z 
2026-09-30T14:42:24.8619425Z [90mstderr[2m | src/pages/AgentDetail.test.jsx[2m > [22m[2mshows a request error and retry instead of only claiming the agent does not exist
2026-09-30T14:42:24.8640573Z [22m[39mWarning: [antd: Descriptions] `labelStyle` is deprecated. Please use `styles={{ label: {} }}` instead.
2026-09-30T14:42:24.8649822Z  [32m✓[39m src/pages/AgentDetail.test.jsx [2m([22m[2m2 tests[22m[2m)[22m[33m 2821[2mms[22m[39m
2026-09-30T14:42:24.8651695Z    [33m[2m✓[22m[39m ignores late responses from another agent and resets the trend on navigation [33m 2292[2mms[22m[39m
2026-09-30T14:42:24.8653063Z    [33m[2m✓[22m[39m shows a request error and retry instead of only claiming the agent does not exist [33m 525[2mms[22m[39m
2026-09-30T14:42:24.8668517Z Warning: [antd: Descriptions] `contentStyle` is deprecated. Please use `styles={{ content: {} }}` instead.
2026-09-30T14:42:24.8764549Z Warning: [antd: Descriptions] Sum of column `span` in a line not match `column` of Descriptions.
2026-09-30T14:42:24.8782024Z 
2026-09-30T14:42:25.0336221Z  [32m✓[39m src/components/DiagnosisSkillOutcomeCard.test.jsx [2m([22m[2m2 tests[22m[2m)[22m[33m 1777[2mms[22m[39m
2026-09-30T14:42:25.0338921Z      [33m[2m✓[22m[39m shows the Skill produced by a verified diagnosis and exposes its gates [33m 1556[2mms[22m[39m
2026-09-30T14:42:26.2244554Z  [32m✓[39m src/hooks/usePolling.test.jsx [2m([22m[2m3 tests[22m[2m)[22m[32m 73[2mms[22m[39m
2026-09-30T14:42:29.9648890Z  [32m✓[39m src/components/PlannerBlock.test.jsx [2m([22m[2m1 test[22m[2m)[22m[33m 630[2mms[22m[39m
2026-09-30T14:42:29.9652058Z      [33m[2m✓[22m[39m merges cross-round paraphrases while keeping the latest state and unique causes [33m 626[2mms[22m[39m
2026-09-30T14:42:30.4184708Z Not implemented: Window's getComputedStyle() method: with pseudo-elements
2026-09-30T14:42:30.5918986Z Not implemented: Window's getComputedStyle() method: with pseudo-elements
2026-09-30T14:42:30.7639139Z [90mstderr[2m | src/components/SkillExperimentPanel.test.jsx[2m > [22m[2mSkillExperimentPanel[2m > [22m[2muses the server-assigned arm and never asks the browser to choose one
2026-09-30T14:42:30.7641410Z [22m[39mWarning: [antd: Card] `bordered` is deprecated. Please use `variant` instead.
2026-09-30T14:42:30.7678413Z Warning: [antd: Card] `bordered` is deprecated. Please use `variant` instead.
2026-09-30T14:42:30.7699529Z 
2026-09-30T14:42:31.3779497Z Not implemented: Window's getComputedStyle() method: with pseudo-elements
2026-09-30T14:42:31.4292685Z Not implemented: Window's getComputedStyle() method: with pseudo-elements
2026-09-30T14:42:31.4315964Z [90mstderr[2m | src/components/SkillExperimentPanel.test.jsx[2m > [22m[2mSkillExperimentPanel[2m > [22m[2muses the server-assigned arm and never asks the browser to choose one
2026-09-30T14:42:31.4379079Z [22m[39mWarning: [antd: Card] `bordered` is deprecated. Please use `variant` instead.
2026-09-30T14:42:31.4411117Z 
2026-09-30T14:42:31.5554091Z  [32m✓[39m src/components/FixVerificationPanel.test.jsx [2m([22m[2m3 tests[22m[2m)[22m[33m 1956[2mms[22m[39m
2026-09-30T14:42:31.5575699Z      [33m[2m✓[22m[39m shows an explicit unverified outcome when no repair records exist [33m 893[2mms[22m[39m
2026-09-30T14:42:31.5577869Z      [33m[2m✓[22m[39m does not mistake a load failure for an absent repair [33m 464[2mms[22m[39m
2026-09-30T14:42:31.5579583Z      [33m[2m✓[22m[39m renders past verification records [33m 594[2mms[22m[39m
2026-09-30T14:42:31.8345946Z [90mstderr[2m | src/components/SkillExperimentPanel.test.jsx[2m > [22m[2mSkillExperimentPanel[2m > [22m[2muses the server-assigned arm and never asks the browser to choose one
2026-09-30T14:42:31.8388822Z [22m[39mWarning: [antd: Card] `bordered` is deprecated. Please use `variant` instead.
2026-09-30T14:42:31.8417807Z 
2026-09-30T14:42:31.8629804Z [90mstderr[2m | src/components/SkillExperimentPanel.test.jsx[2m > [22m[2mSkillExperimentPanel[2m > [22m[2muses the server-assigned arm and never asks the browser to choose one
2026-09-30T14:42:31.8668750Z [22m[39mWarning: [antd: Card] `bordered` is deprecated. Please use `variant` instead.
2026-09-30T14:42:31.8669680Z 
2026-09-30T14:42:31.8859380Z [90mstderr[2m | src/components/SkillExperimentPanel.test.jsx[2m > [22m[2mSkillExperimentPanel[2m > [22m[2muses the server-assigned arm and never asks the browser to choose one
2026-09-30T14:42:31.8861595Z [22m[39mWarning: [antd: Card] `bordered` is deprecated. Please use `variant` instead.
2026-09-30T14:42:31.8862660Z 
2026-09-30T14:42:31.9374512Z  [32m✓[39m src/components/SkillExperimentPanel.test.jsx [2m([22m[2m1 test[22m[2m)[22m[33m 2262[2mms[22m[39m
2026-09-30T14:42:31.9389470Z      [33m[2m✓[22m[39m uses the server-assigned arm and never asks the browser to choose one [33m 2258[2mms[22m[39m
2026-09-30T14:42:33.4603581Z  [32m✓[39m src/utils/asyncProfiler.test.js [2m([22m[2m8 tests[22m[2m)[22m[32m 13[2mms[22m[39m
2026-09-30T14:42:35.3644794Z  [32m✓[39m src/components/EvidenceCard.test.jsx [2m([22m[2m2 tests[22m[2m)[22m[33m 579[2mms[22m[39m
2026-09-30T14:42:35.3699414Z      [33m[2m✓[22m[39m uses Chinese evidence role, gate decision, tool and observation labels [33m 511[2mms[22m[39m
2026-09-30T14:42:37.4871252Z Not implemented: Window's getComputedStyle() method: with pseudo-elements
2026-09-30T14:42:37.5133809Z  [32m✓[39m src/components/DiagnosisFinding.test.jsx [2m([22m[2m2 tests[22m[2m)[22m[33m 436[2mms[22m[39m
2026-09-30T14:42:37.5159246Z      [33m[2m✓[22m[39m retains a supported report when a later branch is inconclusive, without hiding limitations [33m 428[2mms[22m[39m
2026-09-30T14:42:37.7528916Z Not implemented: Window's getComputedStyle() method: with pseudo-elements
2026-09-30T14:42:37.8745528Z Not implemented: Window's getComputedStyle() method: with pseudo-elements
2026-09-30T14:42:38.5028968Z Not implemented: Window's getComputedStyle() method: with pseudo-elements
2026-09-30T14:42:38.5839497Z  [32m✓[39m src/pages/Schedules.test.jsx [2m([22m[2m3 tests[22m[2m)[22m[33m 2170[2mms[22m[39m
2026-09-30T14:42:38.5848570Z      [33m[2m✓[22m[39m renders the schedule list [33m 1208[2mms[22m[39m
2026-09-30T14:42:38.5881231Z      [33m[2m✓[22m[39m opens the creation drawer from the primary action [33m 804[2mms[22m[39m
2026-09-30T14:42:39.3509641Z  [32m✓[39m src/components/SafeMarkdown.test.jsx [2m([22m[2m4 tests[22m[2m)[22m[32m 104[2mms[22m[39m
2026-09-30T14:42:40.1302151Z  [32m✓[39m src/utils/sysMetrics.test.js [2m([22m[2m3 tests[22m[2m)[22m[32m 6[2mms[22m[39m
2026-09-30T14:42:41.6209486Z  [32m✓[39m src/components/EvalPanel.test.jsx [2m([22m[2m1 test[22m[2m)[22m[33m 1520[2mms[22m[39m
2026-09-30T14:42:41.6219121Z      [33m[2m✓[22m[39m places the real Fault Plaza before frozen replay and forwards diagnosis navigation [33m 1516[2mms[22m[39m
2026-09-30T14:42:41.7709357Z  [32m✓[39m src/utils/latsReplay.test.js [2m([22m[2m3 tests[22m[2m)[22m[32m 8[2mms[22m[39m
2026-09-30T14:42:43.0196499Z  [32m✓[39m src/utils/parseJsonPayload.test.js [2m([22m[2m2 tests[22m[2m)[22m[32m 7[2mms[22m[39m
2026-09-30T14:42:43.1979261Z  [32m✓[39m src/utils/agentMetrics.test.js [2m([22m[2m2 tests[22m[2m)[22m[32m 7[2mms[22m[39m
2026-09-30T14:42:44.5368681Z  [32m✓[39m src/utils/parseJsonOffMainThread.test.js [2m([22m[2m1 test[22m[2m)[22m[32m 7[2mms[22m[39m
2026-09-30T14:42:44.7771203Z  [32m✓[39m src/utils/diagnosisQuery.test.js [2m([22m[2m3 tests[22m[2m)[22m[32m 12[2mms[22m[39m
2026-09-30T14:42:45.1819926Z  [32m✓[39m src/components/DiagnosisCaseList.test.jsx [2m([22m[2m1 test[22m[2m)[22m[33m 1002[2mms[22m[39m
2026-09-30T14:42:45.1869130Z      [33m[2m✓[22m[39m separates FULL_LATS frozen replay sessions from ordinary live diagnoses [33m 999[2mms[22m[39m
2026-09-30T14:42:46.4599483Z  [32m✓[39m src/utils/skillBenchmark.test.js [2m([22m[2m7 tests[22m[2m)[22m[32m 7[2mms[22m[39m
2026-09-30T14:42:46.6349331Z  [32m✓[39m src/utils/latsSearch.test.js [2m([22m[2m8 tests[22m[2m)[22m[32m 5[2mms[22m[39m
2026-09-30T14:42:47.8082858Z  [32m✓[39m src/components/StatusTag.test.jsx [2m([22m[2m2 tests[22m[2m)[22m[32m 247[2mms[22m[39m
2026-09-30T14:42:47.8188235Z 
2026-09-30T14:42:47.8221593Z [2m Test Files [22m [1m[32m44 passed[39m[22m[90m (44)[39m
2026-09-30T14:42:47.8248255Z [2m      Tests [22m [1m[32m228 passed[39m[22m[90m (228)[39m
2026-09-30T14:42:47.8274492Z [2m   Start at [22m 14:41:28
2026-09-30T14:42:47.8275580Z [2m   Duration [22m 79.73s[2m (transform 2.96s, setup 7.18s, import 94.30s, tests 77.82s, environment 47.42s)[22m
2026-09-30T14:42:47.8276273Z 
2026-09-30T14:42:47.8861847Z ##[group]Run npm run audit:prod
2026-09-30T14:42:47.8862310Z [36;1mnpm run audit:prod[0m
2026-09-30T14:42:47.8935155Z shell: /usr/bin/bash -e {0}
2026-09-30T14:42:47.8935428Z ##[endgroup]
2026-09-30T14:42:48.0031230Z 
2026-09-30T14:42:48.0031917Z > mini-drop-web@0.1.0 audit:prod
2026-09-30T14:42:48.0032621Z > npm audit --omit=dev --audit-level=high --registry=https://registry.npmjs.org
2026-09-30T14:42:48.0033030Z 
2026-09-30T14:42:48.4262385Z found 0 vulnerabilities
2026-09-30T14:42:48.4456760Z ##[group]Run npm run build:check
2026-09-30T14:42:48.4457101Z [36;1mnpm run build:check[0m
2026-09-30T14:42:48.4531126Z shell: /usr/bin/bash -e {0}
2026-09-30T14:42:48.4531396Z ##[endgroup]
2026-09-30T14:42:48.5595891Z 
2026-09-30T14:42:48.5596456Z > mini-drop-web@0.1.0 build:check
2026-09-30T14:42:48.5597001Z > vite build && node ../scripts/check_web_bundle.mjs
2026-09-30T14:42:48.5597685Z 
2026-09-30T14:42:48.8007160Z [36mvite v8.2.2 [32mbuilding client environment for production...[36m[39m
2026-09-30T14:42:48.8145980Z transforming...
2026-09-30T14:42:49.5125600Z ✓ 4583 modules transformed.
2026-09-30T14:42:49.7331102Z rendering chunks...
2026-09-30T14:42:49.9628416Z computing gzip size...
2026-09-30T14:42:49.9827952Z dist/index.html                                0.79 kB │ gzip:   0.42 kB
2026-09-30T14:42:49.9828893Z dist/assets/parseJson.worker-mxB42-VK.js       0.83 kB
2026-09-30T14:42:49.9830015Z dist/assets/TaskResult-BAn5yWN7.css            0.32 kB │ gzip:   0.24 kB
2026-09-30T14:42:49.9831246Z dist/assets/flamegraph-VXIZzpiT.css            0.60 kB │ gzip:   0.32 kB
2026-09-30T14:42:49.9832377Z dist/assets/index-LYBKOQvt.css                 4.42 kB │ gzip:   1.55 kB
2026-09-30T14:42:49.9833523Z dist/assets/AIDiagnosis-exkpyPD1.css          81.60 kB │ gzip:  15.69 kB
2026-09-30T14:42:49.9834726Z dist/assets/ErrorAlert-D7Dx6o03.js             0.24 kB │ gzip:   0.19 kB
2026-09-30T14:42:49.9835948Z dist/assets/ArrowLeftOutlined-BBKJYJRT.js      0.60 kB │ gzip:   0.44 kB
2026-09-30T14:42:49.9837142Z dist/assets/rolldown-runtime-B0Z9INg1.js       0.90 kB │ gzip:   0.51 kB
2026-09-30T14:42:49.9838564Z dist/assets/StatusTag-KD8RG8hw.js              2.03 kB │ gzip:   0.82 kB
2026-09-30T14:42:49.9839743Z dist/assets/agentMetrics-Cj9KoerT.js           2.25 kB │ gzip:   1.15 kB
2026-09-30T14:42:49.9841386Z dist/assets/AuditLogs-xgM8g5ao.js              3.90 kB │ gzip:   1.92 kB
2026-09-30T14:42:49.9842556Z dist/assets/row-DL8UlvGR.js                    5.51 kB │ gzip:   2.24 kB
2026-09-30T14:42:49.9843713Z dist/assets/collectors-9W4-i_vQ.js             6.12 kB │ gzip:   1.78 kB
2026-09-30T14:42:49.9844903Z dist/assets/theme-C_uZ1PmH.js                  6.96 kB │ gzip:   2.98 kB
2026-09-30T14:42:49.9846084Z dist/assets/AgentDetail-sF9Mjuhs.js            7.71 kB │ gzip:   3.17 kB
2026-09-30T14:42:49.9847636Z dist/assets/ThunderboltOutlined-WnzBg5vm.js   10.29 kB │ gzip:   4.07 kB
2026-09-30T14:42:49.9848895Z dist/assets/usePolling-D3uxrl9q.js            16.17 kB │ gzip:   6.83 kB
2026-09-30T14:42:49.9850094Z dist/assets/Schedules-lUg4hVcR.js             16.96 kB │ gzip:   5.69 kB
2026-09-30T14:42:49.9851256Z dist/assets/input-number-9vQpm4CQ.js          23.73 kB │ gzip:   8.20 kB
2026-09-30T14:42:49.9852237Z dist/assets/modal-C_RM2DcL.js                 27.89 kB │ gzip:   9.26 kB
2026-09-30T14:42:49.9853311Z dist/assets/TaskResult-ofebnnBf.js            29.62 kB │ gzip:  10.79 kB
2026-09-30T14:42:49.9854325Z dist/assets/d3-OVqjLuRP.js                    36.91 kB │ gzip:  12.52 kB
2026-09-30T14:42:49.9855347Z dist/assets/PlayCircleOutlined-B9RY7e-J.js    37.49 kB │ gzip:  12.82 kB
2026-09-30T14:42:49.9856390Z dist/assets/axios-D0LAdKsD.js                 44.20 kB │ gzip:  16.94 kB
2026-09-30T14:42:49.9857675Z dist/assets/Dashboard-DhvtoKfh.js             50.48 kB │ gzip:  16.61 kB
2026-09-30T14:42:49.9858788Z dist/assets/flamegraph-CSYLKD5W.js            96.97 kB │ gzip:  32.80 kB
2026-09-30T14:42:49.9859891Z dist/assets/index-B0wL89fM.js                110.95 kB │ gzip:  38.29 kB
2026-09-30T14:42:49.9860876Z dist/assets/react-C8_Uech3.js                178.38 kB │ gzip:  58.94 kB
2026-09-30T14:42:49.9861797Z dist/assets/table-BdLrC1uv.js                343.46 kB │ gzip: 105.31 kB
2026-09-30T14:42:49.9862742Z dist/assets/client-vsHbxvAi.js               375.37 kB │ gzip: 120.19 kB
2026-09-30T14:42:49.9863719Z dist/assets/SafeMarkdown-i3SE8Aoa.js         389.11 kB │ gzip: 122.02 kB
2026-09-30T14:42:49.9864689Z dist/assets/AIDiagnosis-DlhWjEkg.js          404.50 kB │ gzip: 127.90 kB
2026-09-30T14:42:49.9865996Z dist/assets/echarts-B5SDNyZy.js              612.21 kB │ gzip: 206.37 kB
2026-09-30T14:42:49.9866463Z 
2026-09-30T14:42:49.9866866Z [33m[plugin builtin:vite-reporter] 
2026-09-30T14:42:49.9867830Z (!) Some chunks are larger than 600 kB after minification. Consider:
2026-09-30T14:42:49.9868587Z - Using dynamic import() to code-split the application
2026-09-30T14:42:49.9869846Z - Use build.rolldownOptions.output.codeSplitting to improve chunking: https://rolldown.rs/reference/OutputOptions.codeSplitting
2026-09-30T14:42:49.9871258Z - Adjust chunk size limit for this warning via build.chunkSizeWarningLimit.[39m
2026-09-30T14:42:49.9871980Z [32m✓ built in 1.18s[39m
2026-09-30T14:42:50.0513900Z web bundle check passed: entry 693.2 KiB across 5 files; largest chunk echarts-B5SDNyZy.js 597.9 KiB
2026-09-30T14:42:50.0726143Z Post job cleanup.
2026-09-30T14:42:50.2078409Z (node:2549) [DEP0040] DeprecationWarning: The `punycode` module is deprecated. Please use a userland alternative instead.
2026-09-30T14:42:50.2079499Z (Use `node --trace-deprecation ...` to show where the warning was created)
2026-09-30T14:42:50.2082367Z Cache hit occurred on the primary key node-cache-Linux-x64-npm-e3b787a075f97e5f7b42eef8a7578ccdaa32d79f96a94d17422bfe848ce30d89, not saving cache.
2026-09-30T14:42:50.2258591Z Post job cleanup.
2026-09-30T14:42:50.3163662Z [command]/usr/bin/git version
2026-09-30T14:42:50.3211049Z git version 2.55.0
2026-09-30T14:42:50.3253887Z Temporarily overriding HOME='/home/runner/work/_temp/23ce8395-18c6-4293-a222-801b0eb28e27' before making global git config changes
2026-09-30T14:42:50.3255498Z Adding repository directory to the temporary git global config as a safe directory
2026-09-30T14:42:50.3259959Z [command]/usr/bin/git config --global --add safe.directory /home/runner/work/mini-drop/mini-drop
2026-09-30T14:42:50.3304316Z [command]/usr/bin/git config --local --name-only --get-regexp core\.sshCommand
2026-09-30T14:42:50.3342986Z [command]/usr/bin/git submodule foreach --recursive sh -c "git config --local --name-only --get-regexp 'core\.sshCommand' && git config --local --unset-all 'core.sshCommand' || :"
2026-09-30T14:42:50.3642874Z [command]/usr/bin/git config --local --name-only --get-regexp http\.https\:\/\/github\.com\/\.extraheader
2026-09-30T14:42:50.3680304Z http.https://github.com/.extraheader
2026-09-30T14:42:50.3694609Z [command]/usr/bin/git config --local --unset-all http.https://github.com/.extraheader
2026-09-30T14:42:50.3740511Z [command]/usr/bin/git submodule foreach --recursive sh -c "git config --local --name-only --get-regexp 'http\.https\:\/\/github\.com\/\.extraheader' && git config --local --unset-all 'http.https://github.com/.extraheader' || :"
2026-09-30T14:42:50.4050596Z [command]/usr/bin/git config --local --name-only --get-regexp ^includeIf\.gitdir:
2026-09-30T14:42:50.4099995Z [command]/usr/bin/git submodule foreach --recursive git config --local --show-origin --name-only --get-regexp remote.origin.url
2026-09-30T14:42:50.4602489Z Cleaning up orphan processes
2026-09-30T14:42:50.5066742Z ##[warning]Node.js 20 is deprecated. The following actions target Node.js 20 but are being forced to run on Node.js 24: actions/checkout@v4, actions/setup-node@v4. For more information see: https://github.blog/changelog/2025-09-19-deprecation-of-node-20-on-github-actions-runners/
