
> mini-drop-web@0.1.0 test
> vitest run --maxWorkers=1


 RUN  v4.1.11 D:/tx/mini-drop/web

Not implemented: Window's getComputedStyle() method: with pseudo-elements
Not implemented: Window's getComputedStyle() method: with pseudo-elements
Not implemented: Window's getComputedStyle() method: with pseudo-elements
Not implemented: Window's getComputedStyle() method: with pseudo-elements
Not implemented: Window's getComputedStyle() method: with pseudo-elements
Not implemented: Window's getComputedStyle() method: with pseudo-elements
Not implemented: Window's getComputedStyle() method: with pseudo-elements
Not implemented: Window's getComputedStyle() method: with pseudo-elements
Not implemented: Window's getComputedStyle() method: with pseudo-elements
Not implemented: Window's getComputedStyle() method: with pseudo-elements
Not implemented: Window's getComputedStyle() method: with pseudo-elements
Not implemented: Window's getComputedStyle() method: with pseudo-elements
Not implemented: Window's getComputedStyle() method: with pseudo-elements
Not implemented: Window's getComputedStyle() method: with pseudo-elements
Not implemented: Window's getComputedStyle() method: with pseudo-elements
Not implemented: Window's getComputedStyle() method: with pseudo-elements
Not implemented: Window's getComputedStyle() method: with pseudo-elements
Not implemented: Window's getComputedStyle() method: with pseudo-elements
Not implemented: Window's getComputedStyle() method: with pseudo-elements
Not implemented: Window's getComputedStyle() method: with pseudo-elements
Not implemented: Window's getComputedStyle() method: with pseudo-elements
Not implemented: Window's getComputedStyle() method: with pseudo-elements
Not implemented: Window's getComputedStyle() method: with pseudo-elements
Not implemented: Window's getComputedStyle() method: with pseudo-elements
Not implemented: Window's getComputedStyle() method: with pseudo-elements
 ❯ src/components/ManagedServicesPanel.test.jsx (9 tests | 2 failed) 3549ms
   × checks both original 2000ms comparisons after preparation (3507) 1109ms
   × checks both original 2000ms comparisons after preparation (3407) 1071ms
Not implemented: Window's getComputedStyle() method: with pseudo-elements
Not implemented: Window's getComputedStyle() method: with pseudo-elements
Not implemented: Window's getComputedStyle() method: with pseudo-elements
Not implemented: Window's getComputedStyle() method: with pseudo-elements
Not implemented: Window's getComputedStyle() method: with pseudo-elements
Not implemented: Window's getComputedStyle() method: with pseudo-elements
Not implemented: Window's getComputedStyle() method: with pseudo-elements
Not implemented: Window's getComputedStyle() method: with pseudo-elements
Not implemented: Window's getComputedStyle() method: with pseudo-elements
Not implemented: Window's getComputedStyle() method: with pseudo-elements
Not implemented: Window's getComputedStyle() method: with pseudo-elements
Not implemented: Window's getComputedStyle() method: with pseudo-elements
Not implemented: Window's getComputedStyle() method: with pseudo-elements
Not implemented: Window's getComputedStyle() method: with pseudo-elements
Not implemented: Window's getComputedStyle() method: with pseudo-elements
Not implemented: Window's getComputedStyle() method: with pseudo-elements
Not implemented: Window's getComputedStyle() method: with pseudo-elements
Not implemented: Window's getComputedStyle() method: with pseudo-elements
Not implemented: Window's getComputedStyle() method: with pseudo-elements

⎯⎯⎯⎯⎯⎯⎯ Failed Tests 2 ⎯⎯⎯⎯⎯⎯⎯

 FAIL  src/components/ManagedServicesPanel.test.jsx > checks both original 2000ms comparisons after preparation (3507)
TestingLibraryElementError: Unable to find role="button" and name "运行三段验收"

Ignored nodes: comments, script, style
<body>
  <div>
    <div
      class="ant-space css-dev-only-do-not-override-mncuj7 ant-space-vertical managed-service-exam"
      style="column-gap: 16px; row-gap: 16px;"
    >
      <div
        class="ant-space-item"
      >
        <div
          class="ant-card ant-card-bordered css-dev-only-do-not-override-mncuj7"
        >
          <div
            class="ant-card-head"
          >
            <div
              class="ant-card-head-wrapper"
            >
              <div
                class="ant-card-head-title"
              >
                选择服务，开始体检
              </div>
              <div
                class="ant-card-extra"
              >
                <button
                  aria-label="刷新服务"
                  class="ant-btn css-dev-only-do-not-override-mncuj7 ant-btn-default ant-btn-color-default ant-btn-variant-outlined"
                  type="button"
                >
                  <span
                    class="ant-btn-icon ant-btn-loading-icon ant-btn-loading-icon-motion-leave ant-btn-loading-icon-motion-leave-active ant-btn-loading-icon-motion"
                    style="width: 0px; opacity: 0; transform: scale(0);"
                  >
                    <span
                      aria-label="loading"
                      class="anticon anticon-loading anticon-spin"
                      role="img"
                    >
                      <svg
                        aria-hidden="true"
                        data-icon="loading"
                        fill="currentColor"
                        focusable="false"
                        height="1em"
                        viewBox="0 0 1024 1024"
                        width="1em"
                      >
                        <path
                          d="M988 548c-19.9 0-36-16.1-36-36 0-59.4-11.6-117-34.6-171.3a440.45 440.45 0 00-94.3-139.9 437.71 437.71 0 00-139.9-94.3C629 83.6 571.4 72 512 72c-19.9 0-36-16.1-36-36s16.1-36 36-36c69.1 0 136.2 13.5 199.3 40.3C772.3 66 827 103 874 150c47 47 83.9 101.8 109.7 162.7 26.7 63.1 40.2 130.2 40.2 199.3.1 19.9-16 36-35.9 36z"
                        />
                      </svg>
                    </span>
                  </span>
                  <span>
                    刷新服务
                  </span>
                </button>
              </div>
            </div>
          </div>
          <div
            class="ant-card-body"
          >
            <div
              class="ant-typography css-dev-only-do-not-override-mncuj7"
            >
              可以直接检查当前状态；如果刚完成一次业务操作，先选中对应请求，体检会带上这次操作的时间与耗时。
            </div>
            <div
              aria-label="服务体检流程"
              class="managed-service-steps"
            >
              <span>
                1 选择服务
              </span>
              <span>
                2 检查状态或描述异常
              </span>
              <span>
                3 查看体检报告与排查树
              </span>
            </div>
            <details>
              <summary>
                体检会采集什么？
              </summary>
              <span
                class="ant-typography ant-typography-secondary css-dev-only-do-not-override-mncuj7"
              >
                系统会重新核对目标进程，采集进程 CPU、内存等当前窗口指标，并保存工具、证据和报告。进程存在不代表业务健康；历史请求耗时与稍后的进程采样属于不同时间窗。
              </span>
            </details>
          </div>
        </div>
      </div>
      <div
        class="ant-space-item"
      />
      <div
        class="ant-space-item"
      >
        <div
          class="ant-card ant-card-bordered managed-service-card css-dev-only-do-not-override-mncuj7"
        >
          <div
            class="ant-card-head"
          >
            <div
              class="ant-card-head-wrapper"
            >
              <div
                class="ant-card-head-title"
              >
                办公助手
              </div>
            </div>
          </div>
          <div
            class="ant-card-body"
          >
            <div
              class="ant-space css-dev-only-do-not-override-mncuj7 ant-space-horizontal ant-space-align-center ant-space-gap-row-small ant-space-gap-col-small"
              style="flex-wrap: wrap; margin-bottom: 12px;"
            >
              <div
                class="ant-space-item"
              >
                <span
                  class="ant-tag ant-tag-blue css-dev-only-do-not-override-mncuj7"
                >
                  已发现后台进程
                </span>
              </div>
              <div
                class="ant-space-item"
              >
                <span
                  class="ant-tag css-dev-only-do-not-override-mncuj7"
                />
              </div>
              <div
                class="ant-space-item"
              >
                <span
                  class="ant-tag css-dev-only-do-not-override-mncuj7"
                >
                  环境：
                </span>
              </div>
              <div
                class="ant-space-item"
              >
                <a
 ...

Ignored nodes: comments, script, style
<html>
  <head />
  <body>
    <div>
      <div
        class="ant-space css-dev-only-do-not-override-mncuj7 ant-space-vertical managed-service-exam"
        style="column-gap: 16px; row-gap: 16px;"
      >
        <div
          class="ant-space-item"
        >
          <div
            class="ant-card ant-card-bordered css-dev-only-do-not-override-mncuj7"
          >
            <div
              class="ant-card-head"
            >
              <div
                class="ant-card-head-wrapper"
              >
                <div
                  class="ant-card-head-title"
                >
                  选择服务，开始体检
                </div>
                <div
                  class="ant-card-extra"
                >
                  <button
                    aria-label="刷新服务"
                    class="ant-btn css-dev-only-do-not-override-mncuj7 ant-btn-default ant-btn-color-default ant-btn-variant-outlined"
                    type="button"
                  >
                    <span
                      class="ant-btn-icon ant-btn-loading-icon ant-btn-loading-icon-motion-leave ant-btn-loading-icon-motion-leave-active ant-btn-loading-icon-motion"
                      style="width: 0px; opacity: 0; transform: scale(0);"
                    >
                      <span
                        aria-label="loading"
                        class="anticon anticon-loading anticon-spin"
                        role="img"
                      >
                        <svg
                          aria-hidden="true"
                          data-icon="loading"
                          fill="currentColor"
                          focusable="false"
                          height="1em"
                          viewBox="0 0 1024 1024"
                          width="1em"
                        >
                          <path
                            d="M988 548c-19.9 0-36-16.1-36-36 0-59.4-11.6-117-34.6-171.3a440.45 440.45 0 00-94.3-139.9 437.71 437.71 0 00-139.9-94.3C629 83.6 571.4 72 512 72c-19.9 0-36-16.1-36-36s16.1-36 36-36c69.1 0 136.2 13.5 199.3 40.3C772.3 66 827 103 874 150c47 47 83.9 101.8 109.7 162.7 26.7 63.1 40.2 130.2 40.2 199.3.1 19.9-16 36-35.9 36z"
                          />
                        </svg>
                      </span>
                    </span>
                    <span>
                      刷新服务
                    </span>
                  </button>
                </div>
              </div>
            </div>
            <div
              class="ant-card-body"
            >
              <div
                class="ant-typography css-dev-only-do-not-override-mncuj7"
              >
                可以直接检查当前状态；如果刚完成一次业务操作，先选中对应请求，体检会带上这次操作的时间与耗时。
              </div>
              <div
                aria-label="服务体检流程"
                class="managed-service-steps"
              >
                <span>
                  1 选择服务
                </span>
                <span>
                  2 检查状态或描述异常
                </span>
                <span>
                  3 查看体检报告与排查树
                </span>
              </div>
              <details>
                <summary>
                  体检会采集什么？
                </summary>
                <span
                  class="ant-typography ant-typography-secondary css-dev-only-do-not-override-mncuj7"
                >
                  系统会重新核对目标进程，采集进程 CPU、内存等当前窗口指标，并保存工具、证据和报告。进程存在不代表业务健康；历史请求耗时与稍后的进程采样属于不同时间窗。
                </span>
              </details>
            </div>
          </div>
        </div>
        <div
          class="ant-space-item"
        />
        <div
          class="ant-space-item"
        >
          <div
            class="ant-card ant-card-bordered managed-service-card css-dev-only-do-not-override-mncuj7"
          >
            <div
              class="ant-card-head"
            >
              <div
                class="ant-card-head-wrapper"
              >
                <div
                  class="ant-card-head-title"
                >
                  办公助手
                </div>
              </div>
            </div>
            <div
              class="ant-card-body"
            >
              <div
                class="ant-space css-dev-only-do-not-override-mncuj7 ant-space-horizontal ant-space-align-center ant-space-gap-row-small ant-space-gap-col-small"
                style="flex-wrap: wrap; margin-bottom: 12px;"
              >
                <div
                  class="ant-space-item"
                >
                  <span
                    class="ant-tag ant-tag-blue css-dev-only-do-not-override-mncuj7"
                  >
                    已发现后台进程
                  </span>
                </div>
                <div
                  class="ant-space-item"
                >
                  <span
                    class="ant-tag css-dev-only-do-not-override-mncuj7"
                  />
                </div>
                <div
                  class="ant-space-item"
                >
                  <span
                    cl...
 ❯ Proxy.waitForWrapper node_modules/@testing-library/dom/dist/wait-for.js:163:27
 ❯ src/components/ManagedServicesPanel.test.jsx:124:11
    122|     fireEvent.click(screen.getByRole("button", { name: "运行三段验收" }));
    123|     await waitFor(() => expect(global.fetch).toHaveBeenCalledTimes(4));
    124|     await waitFor(() => expect(screen.getByRole("button", { name: "运行三…
       |           ^
    125|     expect(screen.getByText(restored ? "受控慢检索已定位并撤销：同一进程与版本下，检索耗时回落" :…
    126|     expect(global.fetch).toHaveBeenCalledTimes(4);

⎯⎯⎯⎯⎯⎯⎯⎯⎯⎯⎯⎯⎯⎯⎯⎯⎯⎯⎯⎯⎯⎯⎯⎯[1/2]⎯

 FAIL  src/components/ManagedServicesPanel.test.jsx > checks both original 2000ms comparisons after preparation (3407)
TestingLibraryElementError: Unable to find role="button" and name "运行三段验收"

Ignored nodes: comments, script, style
<body>
  <div
    class="ant-message ant-message-top css-dev-only-do-not-override-mncuj7"
    style="left: 50%; transform: translateX(-50%); top: 8px;"
  >
    <div
      class="ant-message-notice-wrapper ant-message-move-up-appear ant-message-move-up-appear-active ant-message-move-up"
    >
      <div
        class="ant-message-notice ant-message-notice-info"
      >
        <div
          class="ant-message-notice-content"
        >
          <div
            class="ant-message-custom-content ant-message-info"
          >
            <span
              aria-label="info-circle"
              class="anticon anticon-info-circle"
              role="img"
            >
              <svg
                aria-hidden="true"
                data-icon="info-circle"
                fill="currentColor"
                focusable="false"
                height="1em"
                viewBox="64 64 896 896"
                width="1em"
              >
                <path
                  d="M512 64C264.6 64 64 264.6 64 512s200.6 448 448 448 448-200.6 448-448S759.4 64 512 64zm32 664c0 4.4-3.6 8-8 8h-48c-4.4 0-8-3.6-8-8V456c0-4.4 3.6-8 8-8h48c4.4 0 8 3.6 8 8v272zm-32-344a48.01 48.01 0 010-96 48.01 48.01 0 010 96z"
                />
              </svg>
            </span>
            <span>
              所选请求已不在当前列表，请重新选择
            </span>
          </div>
        </div>
      </div>
    </div>
  </div>
  <div>
    <div
      class="ant-space css-dev-only-do-not-override-mncuj7 ant-space-vertical managed-service-exam"
      style="column-gap: 16px; row-gap: 16px;"
    >
      <div
        class="ant-space-item"
      >
        <div
          class="ant-card ant-card-bordered css-dev-only-do-not-override-mncuj7"
        >
          <div
            class="ant-card-head"
          >
            <div
              class="ant-card-head-wrapper"
            >
              <div
                class="ant-card-head-title"
              >
                选择服务，开始体检
              </div>
              <div
                class="ant-card-extra"
              >
                <button
                  aria-label="刷新服务"
                  class="ant-btn css-dev-only-do-not-override-mncuj7 ant-btn-default ant-btn-color-default ant-btn-variant-outlined"
                  type="button"
                >
                  <span
                    class="ant-btn-icon ant-btn-loading-icon ant-btn-loading-icon-motion-leave ant-btn-loading-icon-motion-leave-active ant-btn-loading-icon-motion"
                    style="width: 0px; opacity: 0; transform: scale(0);"
                  >
                    <span
                      aria-label="loading"
                      class="anticon anticon-loading anticon-spin"
                      role="img"
                    >
                      <svg
                        aria-hidden="true"
                        data-icon="loading"
                        fill="currentColor"
                        focusable="false"
                        height="1em"
                        viewBox="0 0 1024 1024"
                        width="1em"
                      >
                        <path
                          d="M988 548c-19.9 0-36-16.1-36-36 0-59.4-11.6-117-34.6-171.3a440.45 440.45 0 00-94.3-139.9 437.71 437.71 0 00-139.9-94.3C629 83.6 571.4 72 512 72c-19.9 0-36-16.1-36-36s16.1-36 36-36c69.1 0 136.2 13.5 199.3 40.3C772.3 66 827 103 874 150c47 47 83.9 101.8 109.7 162.7 26.7 63.1 40.2 130.2 40.2 199.3.1 19.9-16 36-35.9 36z"
                        />
                      </svg>
                    </span>
                  </span>
                  <span>
                    刷新服务
                  </span>
                </button>
              </div>
            </div>
          </div>
          <div
            class="ant-card-body"
          >
            <div
              class="ant-typography css-dev-only-do-not-override-mncuj7"
            >
              可以直接检查当前状态；如果刚完成一次业务操作，先选中对应请求，体检会带上这次操作的时间与耗时。
            </div>
            <div
              aria-label="服务体检流程"
              class="managed-service-steps"
            >
              <span>
                1 选择服务
              </span>
              <span>
                2 检查状态或描述异常
              </span>
              <span>
                3 查看体检报告与排查树
              </span>
            </div>
            <details>
              <summary>
                体检会采集什么？
              </summary>
              <span
                class="ant-typography ant-typography-secondary css-dev-only-do-not-override-mncuj7"
              >
                系统会重新核对目标进程，采集进程 CPU、内存等当前窗口指标，并保存工具、证据和报告。进程存在不代表业务健康；历史请求耗时与稍后的进程采样属于不同时间窗。
              </span>
            </details>
          </div>
        </div>
      </div>
      <div
        class="ant-space-item"
      />
      <div
        class="ant-space-item"
      >
        <div
          class="ant-card ant-card-bordered managed-service-card css-dev-only-do-not-override-mncuj7"
        >
          <div
    ...

Ignored nodes: comments, script, style
<html>
  <head />
  <body>
    <div
      class="ant-message ant-message-top css-dev-only-do-not-override-mncuj7"
      style="left: 50%; transform: translateX(-50%); top: 8px;"
    >
      <div
        class="ant-message-notice-wrapper ant-message-move-up-appear ant-message-move-up-appear-active ant-message-move-up"
      >
        <div
          class="ant-message-notice ant-message-notice-info"
        >
          <div
            class="ant-message-notice-content"
          >
            <div
              class="ant-message-custom-content ant-message-info"
            >
              <span
                aria-label="info-circle"
                class="anticon anticon-info-circle"
                role="img"
              >
                <svg
                  aria-hidden="true"
                  data-icon="info-circle"
                  fill="currentColor"
                  focusable="false"
                  height="1em"
                  viewBox="64 64 896 896"
                  width="1em"
                >
                  <path
                    d="M512 64C264.6 64 64 264.6 64 512s200.6 448 448 448 448-200.6 448-448S759.4 64 512 64zm32 664c0 4.4-3.6 8-8 8h-48c-4.4 0-8-3.6-8-8V456c0-4.4 3.6-8 8-8h48c4.4 0 8 3.6 8 8v272zm-32-344a48.01 48.01 0 010-96 48.01 48.01 0 010 96z"
                  />
                </svg>
              </span>
              <span>
                所选请求已不在当前列表，请重新选择
              </span>
            </div>
          </div>
        </div>
      </div>
    </div>
    <div>
      <div
        class="ant-space css-dev-only-do-not-override-mncuj7 ant-space-vertical managed-service-exam"
        style="column-gap: 16px; row-gap: 16px;"
      >
        <div
          class="ant-space-item"
        >
          <div
            class="ant-card ant-card-bordered css-dev-only-do-not-override-mncuj7"
          >
            <div
              class="ant-card-head"
            >
              <div
                class="ant-card-head-wrapper"
              >
                <div
                  class="ant-card-head-title"
                >
                  选择服务，开始体检
                </div>
                <div
                  class="ant-card-extra"
                >
                  <button
                    aria-label="刷新服务"
                    class="ant-btn css-dev-only-do-not-override-mncuj7 ant-btn-default ant-btn-color-default ant-btn-variant-outlined"
                    type="button"
                  >
                    <span
                      class="ant-btn-icon ant-btn-loading-icon ant-btn-loading-icon-motion-leave ant-btn-loading-icon-motion-leave-active ant-btn-loading-icon-motion"
                      style="width: 0px; opacity: 0; transform: scale(0);"
                    >
                      <span
                        aria-label="loading"
                        class="anticon anticon-loading anticon-spin"
                        role="img"
                      >
                        <svg
                          aria-hidden="true"
                          data-icon="loading"
                          fill="currentColor"
                          focusable="false"
                          height="1em"
                          viewBox="0 0 1024 1024"
                          width="1em"
                        >
                          <path
                            d="M988 548c-19.9 0-36-16.1-36-36 0-59.4-11.6-117-34.6-171.3a440.45 440.45 0 00-94.3-139.9 437.71 437.71 0 00-139.9-94.3C629 83.6 571.4 72 512 72c-19.9 0-36-16.1-36-36s16.1-36 36-36c69.1 0 136.2 13.5 199.3 40.3C772.3 66 827 103 874 150c47 47 83.9 101.8 109.7 162.7 26.7 63.1 40.2 130.2 40.2 199.3.1 19.9-16 36-35.9 36z"
                          />
                        </svg>
                      </span>
                    </span>
                    <span>
                      刷新服务
                    </span>
                  </button>
                </div>
              </div>
            </div>
            <div
              class="ant-card-body"
            >
              <div
                class="ant-typography css-dev-only-do-not-override-mncuj7"
              >
                可以直接检查当前状态；如果刚完成一次业务操作，先选中对应请求，体检会带上这次操作的时间与耗时。
              </div>
              <div
                aria-label="服务体检流程"
                class="managed-service-steps"
              >
                <span>
                  1 选择服务
                </span>
                <span>
                  2 检查状态或描述异常
                </span>
                <span>
                  3 查看体检报告与排查树
                </span>
              </div>
              <details>
                <summary>
                  体检会采集什么？
                </summary>
                <span
                  class="ant-typography ant-typography-secondary css-dev-only-do-not-override-mncuj7"
                >
                  系统会重新核对目标进程，采集进程 CPU、内存等当前窗口指标，并保存工具、证据和报告。进程存在不代表业务健康；历史请求耗时与稍后的进程采样属于不同时间窗。
                </span>
              </details>
            </div>
          </div>
        </div>
        <div
          class="an...
 ❯ Proxy.waitForWrapper node_modules/@testing-library/dom/dist/wait-for.js:163:27
 ❯ src/components/ManagedServicesPanel.test.jsx:124:11
    122|     fireEvent.click(screen.getByRole("button", { name: "运行三段验收" }));
    123|     await waitFor(() => expect(global.fetch).toHaveBeenCalledTimes(4));
    124|     await waitFor(() => expect(screen.getByRole("button", { name: "运行三…
       |           ^
    125|     expect(screen.getByText(restored ? "受控慢检索已定位并撤销：同一进程与版本下，检索耗时回落" :…
    126|     expect(global.fetch).toHaveBeenCalledTimes(4);

⎯⎯⎯⎯⎯⎯⎯⎯⎯⎯⎯⎯⎯⎯⎯⎯⎯⎯⎯⎯⎯⎯⎯⎯[2/2]⎯


 Test Files  1 failed | 43 passed (44)
      Tests  2 failed | 225 passed (227)
   Start at  22:32:48
   Duration  161.46s (transform 1.31s, setup 4.56s, import 85.64s, tests 30.83s, environment 32.83s)

