
> mini-drop-web@0.1.0 test
> vitest run --run


 RUN  v4.1.11 D:/tx/mini-drop/web


<--- Last few GCs --->

[5316:0000020717FAD000]       82 ms: Scavenge 8.6 (11.5) -> 7.8 (16.5) MB, pooled: 0 MB, 0.58 / 0.00 ms  (average mu = 1.000, current mu = 1.000) allocation failure; 
[5316:0000020717FAD000]      108 ms: Scavenge 12.1 (17.0) -> 10.5 (18.0) MB, pooled: 0 MB, 0.78 / 0.00 ms  (average mu = 1.000, current mu = 1.000) task; 
[5316:0000020717FAD000]      392 ms: Scavenge 14.9 (19.8) -> 13.5 (29.8) MB, pooled: 0 MB, 3.64 / 0.01 ms  (average mu = 1.000, current mu = 1.000) allocation failure; 

FATAL ERROR: NewSpace::EnsureCurrentCapacity Allocation failed - JavaScript heap out of memory
----- Native stack trace -----


<--- Last few GCs --->

[24740:000001D488ED5000]       78 ms: Scavenge 8.6 (11.5) -> 7.8 (16.3) MB, pooled: 0 MB, 0.88 / 0.00 ms  (average mu = 1.000, current mu = 1.000) allocation failure; 
[24740:000001D488ED5000]      102 ms: Scavenge 12.0 (16.8) -> 10.4 (17.8) MB, pooled: 0 MB, 0.59 / 0.00 ms  (average mu = 1.000, current mu = 1.000) allocation failure; 
[24740:000001D488ED5000]      656 ms: Scavenge 14.9 (19.5) -> 13.7 (29.5) MB, pooled: 0 MB, 2.02 / 0.01 ms  (average mu = 1.000, current mu = 1.000) allocation failure; 

FATAL ERROR: NewSpace::EnsureCurrentCapacity Allocation failed - JavaScript heap out of memory
----- Native stack trace -----

 1: 00007FF619E9403F 
 2: 00007FF61AADFAA7 
 3: 00007FF61A8E04D7 
 4: 00007FF61A8A0F73 
 5: 00007FF61A8E28DA 
 6: 00007FF61A8E1F06 
 7: 00007FF61A8F2E52 
 8: 00007FF61A8F297B 
 9: 00007FF61BD7A2AD 
10: 00007FF61A8DDFA0 
11: 00007FF61A961CD9 
12: 00007FF61A4D6698 
13: 000001D4C15375FA 

<--- Last few GCs --->

[6860:0000021DE96CE000]      153 ms: Scavenge 8.6 (11.5) -> 7.8 (16.5) MB, pooled: 0 MB, 1.18 / 0.00 ms  (average mu = 1.000, current mu = 1.000) allocation failure; 
[6860:0000021DE96CE000]      199 ms: Scavenge 12.1 (16.8) -> 10.4 (17.8) MB, pooled: 0 MB, 1.10 / 0.00 ms  (average mu = 1.000, current mu = 1.000) task; 
[6860:0000021DE96CE000]      536 ms: Scavenge 15.0 (19.8) -> 13.7 (30.0) MB, pooled: 0 MB, 1.65 / 0.01 ms  (average mu = 1.000, current mu = 1.000) allocation failure; 

FATAL ERROR: AlignedAlloc Allocation failed - process out of memory
----- Native stack trace -----


<--- Last few GCs --->

[896:000001CAB5246000]      355 ms: Mark-Compact (reduce) 6.0 (10.6) -> 5.3 (7.4) MB, pooled: 0 MB, 6.97 / 0.00 ms  (average mu = 0.980, current mu = 0.980) low memory notification; GC in old space requested
[896:000001CAB5246000]      359 ms: Mark-Compact (reduce) 5.3 (7.4) -> 5.3 (7.1) MB, pooled: 0 MB, 4.50 / 0.00 ms  (average mu = 0.968, current mu = 0.007) low memory notification; GC in old space requested

FATAL ERROR: Committing semi space failed. Allocation failed - JavaScript heap out of memory
----- Native stack trace -----

 1: 00007FF619E9403F 
 2: 00007FF61AADFAA7 
 3: 00007FF61A8E04D7 
 4: 00007FF61A878EFB 
 5: 00007FF61A85094E 
 6: 00007FF61A8E2F72 
 7: 00007FF61A8E1F27 
 8: 00007FF61A8F2E52 
 9: 00007FF61A8F297B 
10: 00007FF61BD7A2AD 
11: 00007FF61A8DDFA0 
12: 00007FF61A8F87EA 
13: 00007FF61A904C86 
14: 00007FF61A4D69C7 
15: 000001CAED9375FA 

<--- Last few GCs --->

[27752:00000163F6EAB000]       78 ms: Scavenge 8.6 (11.5) -> 7.9 (16.5) MB, pooled: 0 MB, 0.52 / 0.00 ms  (average mu = 1.000, current mu = 1.000) allocation failure; 
[27752:00000163F6EAB000]      100 ms: Scavenge 12.0 (16.5) -> 10.5 (18.0) MB, pooled: 0 MB, 0.75 / 0.00 ms  (average mu = 1.000, current mu = 1.000) allocation failure; 
[27752:00000163F6EAB000]      356 ms: Scavenge 14.9 (19.8) -> 13.6 (29.8) MB, pooled: 0 MB, 4.72 / 0.01 ms  (average mu = 1.000, current mu = 1.000) allocation failure; 

FATAL ERROR: MarkCompactCollector: young object promotion failed Allocation failed - JavaScript heap out of memory
----- Native stack trace -----

