
 Network mini-drop-clean-3184027a8c906d91_default  Creating
 Network mini-drop-clean-3184027a8c906d91_default  Created
 Volume "mini-drop-clean-3184027a8c906d91_agentoutbox"  Creating
 Volume "mini-drop-clean-3184027a8c906d91_agentoutbox"  Created
 Volume "mini-drop-clean-3184027a8c906d91_pgdata"  Creating
 Volume "mini-drop-clean-3184027a8c906d91_pgdata"  Created
 Volume "mini-drop-clean-3184027a8c906d91_miniodata"  Creating
 Volume "mini-drop-clean-3184027a8c906d91_miniodata"  Created
 Container mini-drop-clean-3184027a8c906d91-postgres-1  Creating
 Container mini-drop-clean-3184027a8c906d91-python-hotspot-1  Creating
 Container mini-drop-clean-3184027a8c906d91-minio-1  Creating
 Container mini-drop-clean-3184027a8c906d91-postgres-1  Created
 Container mini-drop-clean-3184027a8c906d91-minio-1  Created
 Container mini-drop-clean-3184027a8c906d91-migrate-1  Creating
 Container mini-drop-clean-3184027a8c906d91-python-hotspot-1  Created
 Container mini-drop-clean-3184027a8c906d91-migrate-1  Created
 Container mini-drop-clean-3184027a8c906d91-analyzer-1  Creating
 Container mini-drop-clean-3184027a8c906d91-diagnosis-worker-1  Creating
 Container mini-drop-clean-3184027a8c906d91-control-plane-1  Creating
 Container mini-drop-clean-3184027a8c906d91-control-plane-1  Created
 Container mini-drop-clean-3184027a8c906d91-native-agent-1  Creating
 Container mini-drop-clean-3184027a8c906d91-diagnosis-worker-1  Created
 Container mini-drop-clean-3184027a8c906d91-apiserver-1  Creating
 Container mini-drop-clean-3184027a8c906d91-analyzer-1  Created
 Container mini-drop-clean-3184027a8c906d91-apiserver-1  Created
 Container mini-drop-clean-3184027a8c906d91-native-agent-1  Created
 Container mini-drop-clean-3184027a8c906d91-web-1  Creating
 Container mini-drop-clean-3184027a8c906d91-web-1  Created
 Container mini-drop-clean-3184027a8c906d91-python-hotspot-1  Starting
 Container mini-drop-clean-3184027a8c906d91-minio-1  Starting
 Container mini-drop-clean-3184027a8c906d91-postgres-1  Starting
 Container mini-drop-clean-3184027a8c906d91-postgres-1  Started
 Container mini-drop-clean-3184027a8c906d91-minio-1  Started
 Container mini-drop-clean-3184027a8c906d91-postgres-1  Waiting
 Container mini-drop-clean-3184027a8c906d91-minio-1  Waiting
 Container mini-drop-clean-3184027a8c906d91-python-hotspot-1  Started
 Container mini-drop-clean-3184027a8c906d91-postgres-1  Healthy
 Container mini-drop-clean-3184027a8c906d91-minio-1  Healthy
 Container mini-drop-clean-3184027a8c906d91-migrate-1  Starting
 Container mini-drop-clean-3184027a8c906d91-migrate-1  Started
 Container mini-drop-clean-3184027a8c906d91-migrate-1  Waiting
 Container mini-drop-clean-3184027a8c906d91-minio-1  Waiting
 Container mini-drop-clean-3184027a8c906d91-postgres-1  Waiting
 Container mini-drop-clean-3184027a8c906d91-postgres-1  Waiting
 Container mini-drop-clean-3184027a8c906d91-migrate-1  Waiting
 Container mini-drop-clean-3184027a8c906d91-minio-1  Waiting
 Container mini-drop-clean-3184027a8c906d91-postgres-1  Waiting
 Container mini-drop-clean-3184027a8c906d91-migrate-1  Waiting
 Container mini-drop-clean-3184027a8c906d91-minio-1  Waiting
 Container mini-drop-clean-3184027a8c906d91-minio-1  Healthy
 Container mini-drop-clean-3184027a8c906d91-postgres-1  Healthy
 Container mini-drop-clean-3184027a8c906d91-postgres-1  Healthy
 Container mini-drop-clean-3184027a8c906d91-minio-1  Healthy
 Container mini-drop-clean-3184027a8c906d91-minio-1  Healthy
 Container mini-drop-clean-3184027a8c906d91-postgres-1  Healthy
 Container mini-drop-clean-3184027a8c906d91-migrate-1  Exited
 Container mini-drop-clean-3184027a8c906d91-control-plane-1  Starting
 Container mini-drop-clean-3184027a8c906d91-migrate-1  Exited
 Container mini-drop-clean-3184027a8c906d91-diagnosis-worker-1  Starting
 Container mini-drop-clean-3184027a8c906d91-migrate-1  Exited
 Container mini-drop-clean-3184027a8c906d91-analyzer-1  Starting
 Container mini-drop-clean-3184027a8c906d91-control-plane-1  Started
 Container mini-drop-clean-3184027a8c906d91-minio-1  Waiting
 Container mini-drop-clean-3184027a8c906d91-control-plane-1  Waiting
 Container mini-drop-clean-3184027a8c906d91-analyzer-1  Started
 Container mini-drop-clean-3184027a8c906d91-diagnosis-worker-1  Started
 Container mini-drop-clean-3184027a8c906d91-control-plane-1  Waiting
 Container mini-drop-clean-3184027a8c906d91-diagnosis-worker-1  Waiting
 Container mini-drop-clean-3184027a8c906d91-minio-1  Waiting
 Container mini-drop-clean-3184027a8c906d91-postgres-1  Waiting
 Container mini-drop-clean-3184027a8c906d91-minio-1  Healthy
 Container mini-drop-clean-3184027a8c906d91-minio-1  Healthy
 Container mini-drop-clean-3184027a8c906d91-postgres-1  Healthy
 Container mini-drop-clean-3184027a8c906d91-control-plane-1  Healthy
 Container mini-drop-clean-3184027a8c906d91-native-agent-1  Starting
 Container mini-drop-clean-3184027a8c906d91-control-plane-1  Healthy
 Container mini-drop-clean-3184027a8c906d91-native-agent-1  Started
 Container mini-drop-clean-3184027a8c906d91-diagnosis-worker-1  Healthy
 Container mini-drop-clean-3184027a8c906d91-apiserver-1  Starting
 Container mini-drop-clean-3184027a8c906d91-apiserver-1  Started
 Container mini-drop-clean-3184027a8c906d91-apiserver-1  Waiting
 Container mini-drop-clean-3184027a8c906d91-apiserver-1  Healthy
 Container mini-drop-clean-3184027a8c906d91-web-1  Starting
 Container mini-drop-clean-3184027a8c906d91-web-1  Started
