2026-10-02T09:49:43.5745274Z Current runner version: '2.337.0'
2026-10-02T09:49:43.5771927Z ##[group]Runner Image Provisioner
2026-10-02T09:49:43.5772782Z Hosted Compute Agent
2026-10-02T09:49:43.5773533Z Version: 20260901.588
2026-10-02T09:49:43.5774228Z Commit: f88ec8081b781fac6c440065ac7ff9e710ce3d0b
2026-10-02T09:49:43.5775095Z Build Date: 2026-09-01T19:56:44Z
2026-10-02T09:49:43.5775910Z Worker ID: {8de77769-0bf7-48ae-ba11-dc5356d623fa}
2026-10-02T09:49:43.5776642Z Azure Region: eastus
2026-10-02T09:49:43.5777589Z ##[endgroup]
2026-10-02T09:49:43.5779138Z ##[group]Operating System
2026-10-02T09:49:43.5779932Z Ubuntu
2026-10-02T09:49:43.5780599Z 22.04.5
2026-10-02T09:49:43.5781203Z LTS
2026-10-02T09:49:43.5781844Z ##[endgroup]
2026-10-02T09:49:43.5782435Z ##[group]Runner Image
2026-10-02T09:49:43.5783138Z Image: ubuntu-22.04
2026-10-02T09:49:43.5783774Z Version: 20260927.309.1
2026-10-02T09:49:43.5785141Z Included Software: https://github.com/actions/runner-images/blob/ubuntu22/20260927.309/images/ubuntu/Ubuntu2204-Readme.md
2026-10-02T09:49:43.5787020Z Image Release: https://github.com/actions/runner-images/releases/tag/ubuntu22%2F20260927.309
2026-10-02T09:49:43.5788348Z ##[endgroup]
2026-10-02T09:49:43.5789603Z ##[group]GITHUB_TOKEN Permissions
2026-10-02T09:49:43.5792261Z Contents: read
2026-10-02T09:49:43.5792948Z Metadata: read
2026-10-02T09:49:43.5793599Z Packages: read
2026-10-02T09:49:43.5794256Z ##[endgroup]
2026-10-02T09:49:43.5796412Z Secret source: Actions
2026-10-02T09:49:43.5797958Z Cache mode: write
2026-10-02T09:49:43.5799008Z Prepare workflow directory
2026-10-02T09:49:43.6138974Z Prepare all required actions
2026-10-02T09:49:43.6188219Z Getting action download info
2026-10-02T09:49:43.8630899Z Download action repository 'actions/checkout@v4' (SHA:11d5960a326750d5838078e36cf38b85af677262)
2026-10-02T09:49:44.0517171Z Download action repository 'actions/setup-python@v5' (SHA:a26af69be951a213d495a4c3e4e4022e16d87065)
2026-10-02T09:49:44.1939066Z Download action repository 'actions/upload-artifact@v4' (SHA:ea165f8d65b6e75b540449e92b4886f43607fa02)
2026-10-02T09:49:44.4803101Z Complete job name: Real Python Java C++ observation windows
2026-10-02T09:49:44.5673188Z ##[group]Run actions/checkout@v4
2026-10-02T09:49:44.5674342Z with:
2026-10-02T09:49:44.5674832Z   repository: llongwang751-arch/mini-drop
2026-10-02T09:49:44.5679064Z   token: ***
2026-10-02T09:49:44.5679518Z   ssh-strict: true
2026-10-02T09:49:44.5679958Z   ssh-user: git
2026-10-02T09:49:44.5680400Z   persist-credentials: true
2026-10-02T09:49:44.5680894Z   clean: true
2026-10-02T09:49:44.5681341Z   sparse-checkout-cone-mode: true
2026-10-02T09:49:44.5681859Z   fetch-depth: 1
2026-10-02T09:49:44.5682278Z   fetch-tags: false
2026-10-02T09:49:44.5682716Z   show-progress: true
2026-10-02T09:49:44.5683163Z   lfs: false
2026-10-02T09:49:44.5683571Z   submodules: false
2026-10-02T09:49:44.5684023Z   set-safe-directory: true
2026-10-02T09:49:44.5684529Z   allow-unsafe-pr-checkout: false
2026-10-02T09:49:44.5685393Z ##[endgroup]
2026-10-02T09:49:44.6888272Z Syncing repository: llongwang751-arch/mini-drop
2026-10-02T09:49:44.6890987Z ##[group]Getting Git version info
2026-10-02T09:49:44.6892206Z Working directory is '/home/runner/work/mini-drop/mini-drop'
2026-10-02T09:49:44.6893839Z [command]/usr/bin/git version
2026-10-02T09:49:44.6985300Z git version 2.55.0
2026-10-02T09:49:44.7008507Z ##[endgroup]
2026-10-02T09:49:44.7023636Z Temporarily overriding HOME='/home/runner/work/_temp/79110422-12dc-47f2-ade7-e5dc0bda1e36' before making global git config changes
2026-10-02T09:49:44.7025897Z Adding repository directory to the temporary git global config as a safe directory
2026-10-02T09:49:44.7029033Z [command]/usr/bin/git config --global --add safe.directory /home/runner/work/mini-drop/mini-drop
2026-10-02T09:49:44.7070964Z Deleting the contents of '/home/runner/work/mini-drop/mini-drop'
2026-10-02T09:49:44.7076134Z ##[group]Initializing the repository
2026-10-02T09:49:44.7080190Z [command]/usr/bin/git init /home/runner/work/mini-drop/mini-drop
2026-10-02T09:49:44.7198195Z hint: Using 'master' as the name for the initial branch. This default branch name
2026-10-02T09:49:44.7200365Z hint: will change to "main" in Git 3.0. To configure the initial branch name
2026-10-02T09:49:44.7202053Z hint: to use in all of your new repositories, which will suppress this warning,
2026-10-02T09:49:44.7203385Z hint: call:
2026-10-02T09:49:44.7204319Z hint:
2026-10-02T09:49:44.7205241Z hint: 	git config --global init.defaultBranch <name>
2026-10-02T09:49:44.7206350Z hint:
2026-10-02T09:49:44.7207697Z hint: Names commonly chosen instead of 'master' are 'main', 'trunk' and
2026-10-02T09:49:44.7209342Z hint: 'development'. The just-created branch can be renamed via this command:
2026-10-02T09:49:44.7210688Z hint:
2026-10-02T09:49:44.7211457Z hint: 	git branch -m <name>
2026-10-02T09:49:44.7212358Z hint:
2026-10-02T09:49:44.7213477Z hint: Disable this message with "git config set advice.defaultBranchName false"
2026-10-02T09:49:44.7215338Z Initialized empty Git repository in /home/runner/work/mini-drop/mini-drop/.git/
2026-10-02T09:49:44.7218709Z [command]/usr/bin/git remote add origin https://github.com/llongwang751-arch/mini-drop
2026-10-02T09:49:44.7255939Z ##[endgroup]
2026-10-02T09:49:44.7257575Z ##[group]Disabling automatic garbage collection
2026-10-02T09:49:44.7260338Z [command]/usr/bin/git config --local gc.auto 0
2026-10-02T09:49:44.7302739Z ##[endgroup]
2026-10-02T09:49:44.7304079Z ##[group]Setting up auth
2026-10-02T09:49:44.7311028Z [command]/usr/bin/git config --local --name-only --get-regexp core\.sshCommand
2026-10-02T09:49:44.7349634Z [command]/usr/bin/git submodule foreach --recursive sh -c "git config --local --name-only --get-regexp 'core\.sshCommand' && git config --local --unset-all 'core.sshCommand' || :"
2026-10-02T09:49:44.7808235Z [command]/usr/bin/git config --local --name-only --get-regexp http\.https\:\/\/github\.com\/\.extraheader
2026-10-02T09:49:44.7838492Z [command]/usr/bin/git submodule foreach --recursive sh -c "git config --local --name-only --get-regexp 'http\.https\:\/\/github\.com\/\.extraheader' && git config --local --unset-all 'http.https://github.com/.extraheader' || :"
2026-10-02T09:49:44.8116184Z [command]/usr/bin/git config --local --name-only --get-regexp ^includeIf\.gitdir:
2026-10-02T09:49:44.8157274Z [command]/usr/bin/git submodule foreach --recursive git config --local --show-origin --name-only --get-regexp remote.origin.url
2026-10-02T09:49:44.8417466Z [command]/usr/bin/git config --local http.https://github.com/.extraheader AUTHORIZATION: basic ***
2026-10-02T09:49:44.8462272Z ##[endgroup]
2026-10-02T09:49:44.8463072Z ##[group]Fetching the repository
2026-10-02T09:49:44.8472090Z [command]/usr/bin/git -c protocol.version=2 fetch --no-tags --prune --no-recurse-submodules --depth=1 origin +d2b5cacfa5ac3bd156736d41e248c7bbc77ebecf:refs/remotes/pull/1/merge
2026-10-02T09:49:52.0491945Z From https://github.com/llongwang751-arch/mini-drop
2026-10-02T09:49:52.0494246Z  * [new ref]         d2b5cacfa5ac3bd156736d41e248c7bbc77ebecf -> pull/1/merge
2026-10-02T09:49:52.0499834Z ##[endgroup]
2026-10-02T09:49:52.0502127Z ##[group]Determining the checkout info
2026-10-02T09:49:52.0504247Z ##[endgroup]
2026-10-02T09:49:52.0508073Z [command]/usr/bin/git sparse-checkout disable
2026-10-02T09:49:52.0573893Z [command]/usr/bin/git config --local --unset-all extensions.worktreeConfig
2026-10-02T09:49:52.0612329Z ##[group]Checking out the ref
2026-10-02T09:49:52.0615220Z [command]/usr/bin/git checkout --progress --force refs/remotes/pull/1/merge
2026-10-02T09:49:53.0715761Z Updating files:  66% (2912/4370)
2026-10-02T09:49:53.0770422Z Updating files:  67% (2928/4370)
2026-10-02T09:49:53.0805920Z Updating files:  68% (2972/4370)
2026-10-02T09:49:53.1019494Z Updating files:  69% (3016/4370)
2026-10-02T09:49:53.1328854Z Updating files:  70% (3059/4370)
2026-10-02T09:49:53.1519879Z Updating files:  71% (3103/4370)
2026-10-02T09:49:53.1574387Z Updating files:  72% (3147/4370)
2026-10-02T09:49:53.1637076Z Updating files:  73% (3191/4370)
2026-10-02T09:49:53.1704191Z Updating files:  74% (3234/4370)
2026-10-02T09:49:53.1827012Z Updating files:  75% (3278/4370)
2026-10-02T09:49:53.1882319Z Updating files:  76% (3322/4370)
2026-10-02T09:49:53.1926003Z Updating files:  77% (3365/4370)
2026-10-02T09:49:53.1947527Z Updating files:  78% (3409/4370)
2026-10-02T09:49:53.1997629Z Updating files:  79% (3453/4370)
2026-10-02T09:49:53.2039582Z Updating files:  80% (3496/4370)
2026-10-02T09:49:53.2079396Z Updating files:  81% (3540/4370)
2026-10-02T09:49:53.2146042Z Updating files:  82% (3584/4370)
2026-10-02T09:49:53.2186091Z Updating files:  83% (3628/4370)
2026-10-02T09:49:53.2241209Z Updating files:  84% (3671/4370)
2026-10-02T09:49:53.2341287Z Updating files:  85% (3715/4370)
2026-10-02T09:49:53.2398877Z Updating files:  86% (3759/4370)
2026-10-02T09:49:53.2457966Z Updating files:  87% (3802/4370)
2026-10-02T09:49:53.2489388Z Updating files:  88% (3846/4370)
2026-10-02T09:49:53.2525028Z Updating files:  89% (3890/4370)
2026-10-02T09:49:53.2556998Z Updating files:  90% (3933/4370)
2026-10-02T09:49:53.2608020Z Updating files:  91% (3977/4370)
2026-10-02T09:49:53.2635543Z Updating files:  92% (4021/4370)
2026-10-02T09:49:53.2665295Z Updating files:  93% (4065/4370)
2026-10-02T09:49:53.2694298Z Updating files:  94% (4108/4370)
2026-10-02T09:49:53.2728915Z Updating files:  95% (4152/4370)
2026-10-02T09:49:53.2872753Z Updating files:  96% (4196/4370)
2026-10-02T09:49:53.2911332Z Updating files:  97% (4239/4370)
2026-10-02T09:49:53.2953489Z Updating files:  98% (4283/4370)
2026-10-02T09:49:53.2980650Z Updating files:  99% (4327/4370)
2026-10-02T09:49:53.2998514Z Updating files: 100% (4370/4370)
2026-10-02T09:49:53.2999494Z Updating files: 100% (4370/4370), done.
2026-10-02T09:49:53.3050462Z Note: switching to 'refs/remotes/pull/1/merge'.
2026-10-02T09:49:53.3051511Z 
2026-10-02T09:49:53.3052369Z You are in 'detached HEAD' state. You can look around, make experimental
2026-10-02T09:49:53.3053465Z changes and commit them, and you can discard any commits you make in this
2026-10-02T09:49:53.3054457Z state without impacting any branches by switching back to a branch.
2026-10-02T09:49:53.3055062Z 
2026-10-02T09:49:53.3055812Z If you want to create a new branch to retain commits you create, you may
2026-10-02T09:49:53.3057099Z do so (now or later) by using -c with the switch command. Example:
2026-10-02T09:49:53.3057707Z 
2026-10-02T09:49:53.3057972Z   git switch -c <new-branch-name>
2026-10-02T09:49:53.3058370Z 
2026-10-02T09:49:53.3058612Z Or undo this operation with:
2026-10-02T09:49:53.3058959Z 
2026-10-02T09:49:53.3059158Z   git switch -
2026-10-02T09:49:53.3135181Z 
2026-10-02T09:49:53.3135672Z Turn off this advice by setting config variable advice.detachedHead to false
2026-10-02T09:49:53.3136417Z 
2026-10-02T09:49:53.3137454Z HEAD is now at d2b5cac Merge a6a3626094b8edbb5b9a48bef317153035ccca16 into 609ea8a73f845b496b59b5cae181f515c5919850
2026-10-02T09:49:53.3168637Z ##[endgroup]
2026-10-02T09:49:53.3224763Z [command]/usr/bin/git log -1 --format=%H
2026-10-02T09:49:53.3256145Z d2b5cacfa5ac3bd156736d41e248c7bbc77ebecf
2026-10-02T09:49:53.3537436Z ##[group]Run actions/setup-python@v5
2026-10-02T09:49:53.3537815Z with:
2026-10-02T09:49:53.3538065Z   python-version: 3.11
2026-10-02T09:49:53.3538350Z   check-latest: false
2026-10-02T09:49:53.3540892Z   token: ***
2026-10-02T09:49:53.3541155Z   update-environment: true
2026-10-02T09:49:53.3541457Z   allow-prereleases: false
2026-10-02T09:49:53.3541739Z   freethreaded: false
2026-10-02T09:49:53.3541998Z ##[endgroup]
2026-10-02T09:49:53.4929433Z ##[group]Installed versions
2026-10-02T09:49:53.5032177Z (node:2015) [DEP0040] DeprecationWarning: The `punycode` module is deprecated. Please use a userland alternative instead.
2026-10-02T09:49:53.5033488Z (Use `node --trace-deprecation ...` to show where the warning was created)
2026-10-02T09:49:53.5034271Z Successfully set up CPython (3.11.16)
2026-10-02T09:49:53.5035345Z ##[endgroup]
2026-10-02T09:49:53.5194959Z ##[group]Run docker build --build-arg ALPINE_MIRROR=https://dl-cdn.alpinelinux.org/alpine -t mini-drop-python-hotspot:ci demo/python-hotspot
2026-10-02T09:49:53.5196371Z [36;1mdocker build --build-arg ALPINE_MIRROR=https://dl-cdn.alpinelinux.org/alpine -t mini-drop-python-hotspot:ci demo/python-hotspot[0m
2026-10-02T09:49:53.5197888Z [36;1mdocker build --build-arg ALPINE_MIRROR=https://dl-cdn.alpinelinux.org/alpine -t mini-drop-java-hotspot:ci -f demo/java-hotspot/Dockerfile .[0m
2026-10-02T09:49:53.5198921Z [36;1mdocker build --build-arg ALPINE_MIRROR=https://dl-cdn.alpinelinux.org/alpine -t mini-drop-cpp-hotspot:ci demo/cpp-hotspot[0m
2026-10-02T09:49:53.5614986Z shell: /usr/bin/bash -e {0}
2026-10-02T09:49:53.5615334Z env:
2026-10-02T09:49:53.5615677Z   pythonLocation: /opt/hostedtoolcache/Python/3.11.16/x64
2026-10-02T09:49:53.5616190Z   PKG_CONFIG_PATH: /opt/hostedtoolcache/Python/3.11.16/x64/lib/pkgconfig
2026-10-02T09:49:53.5616977Z   Python_ROOT_DIR: /opt/hostedtoolcache/Python/3.11.16/x64
2026-10-02T09:49:53.5617438Z   Python2_ROOT_DIR: /opt/hostedtoolcache/Python/3.11.16/x64
2026-10-02T09:49:53.5617877Z   Python3_ROOT_DIR: /opt/hostedtoolcache/Python/3.11.16/x64
2026-10-02T09:49:53.5618327Z   LD_LIBRARY_PATH: /opt/hostedtoolcache/Python/3.11.16/x64/lib
2026-10-02T09:49:53.5618691Z ##[endgroup]
2026-10-02T09:49:54.1523290Z #0 building with "default" instance using docker driver
2026-10-02T09:49:54.1523651Z 
2026-10-02T09:49:54.1523802Z #1 [internal] load build definition from Dockerfile
2026-10-02T09:49:54.1524159Z #1 transferring dockerfile: 140B done
2026-10-02T09:49:54.1524431Z #1 DONE 0.0s
2026-10-02T09:49:54.1524558Z 
2026-10-02T09:49:54.1524737Z #2 [auth] library/python:pull token for registry-1.docker.io
2026-10-02T09:49:54.1525079Z #2 DONE 0.0s
2026-10-02T09:49:54.1525201Z 
2026-10-02T09:49:54.1525399Z #3 [internal] load metadata for docker.io/library/python:3.12-slim
2026-10-02T09:49:54.2837008Z #3 DONE 0.3s
2026-10-02T09:49:54.4054418Z 
2026-10-02T09:49:54.4055270Z #4 [internal] load .dockerignore
2026-10-02T09:49:54.4055840Z #4 transferring context: 2B done
2026-10-02T09:49:54.4056255Z #4 DONE 0.0s
2026-10-02T09:49:54.4056485Z 
2026-10-02T09:49:54.4057138Z #5 [internal] load build context
2026-10-02T09:49:54.4057651Z #5 transferring context: 33.94kB done
2026-10-02T09:49:54.4058178Z #5 DONE 0.0s
2026-10-02T09:49:54.4058383Z 
2026-10-02T09:49:54.4059033Z #6 [1/3] FROM docker.io/library/python:3.12-slim@sha256:dddfd7e07f9d15aeeca61529320492139d21cac7f0070c00609243e51e4e0016
2026-10-02T09:49:54.4060159Z #6 resolve docker.io/library/python:3.12-slim@sha256:dddfd7e07f9d15aeeca61529320492139d21cac7f0070c00609243e51e4e0016 done
2026-10-02T09:49:54.4060982Z #6 sha256:dddfd7e07f9d15aeeca61529320492139d21cac7f0070c00609243e51e4e0016 10.37kB / 10.37kB done
2026-10-02T09:49:54.4061693Z #6 sha256:6b1f85a08c199d29d5b6d71ab9c27bd5b3b393492e01216a15758ff69c4be8b8 1.75kB / 1.75kB done
2026-10-02T09:49:54.4062408Z #6 sha256:414a398990af718f018ff9c23cea0e7489b7986eb54f2b1d7cc874c99ebc7364 5.66kB / 5.66kB done
2026-10-02T09:49:54.4063099Z #6 sha256:6b37362b3da78869050b894b799ad4df04f1f3b52774087db0d81151570244c8 29.83MB / 29.83MB 0.1s
2026-10-02T09:49:54.4063777Z #6 sha256:a510a9ea6d60786b7cefdbf9577945344c72879881de8d32ef07ec38111fb045 4.27MB / 4.27MB 0.1s done
2026-10-02T09:49:54.4064520Z #6 sha256:e360d85fdc0f3910a4fe48ba2bb0865d5e618392ea8abfa424e66575e45273c0 12.12MB / 12.12MB 0.1s done
2026-10-02T09:49:54.4065413Z #6 sha256:5e62c0470a0973ad9561440c8a37984c3252eda1dd19e00ca7e76a37b62b5dc7 0B / 249B 0.1s
2026-10-02T09:49:54.5551338Z #6 sha256:6b37362b3da78869050b894b799ad4df04f1f3b52774087db0d81151570244c8 29.83MB / 29.83MB 0.1s done
2026-10-02T09:49:54.5553227Z #6 sha256:5e62c0470a0973ad9561440c8a37984c3252eda1dd19e00ca7e76a37b62b5dc7 249B / 249B 0.1s done
2026-10-02T09:49:54.5554228Z #6 extracting sha256:6b37362b3da78869050b894b799ad4df04f1f3b52774087db0d81151570244c8 0.1s
2026-10-02T09:49:55.3674959Z #6 extracting sha256:6b37362b3da78869050b894b799ad4df04f1f3b52774087db0d81151570244c8 0.9s done
2026-10-02T09:49:55.3676355Z #6 extracting sha256:a510a9ea6d60786b7cefdbf9577945344c72879881de8d32ef07ec38111fb045
2026-10-02T09:49:55.6573335Z #6 extracting sha256:a510a9ea6d60786b7cefdbf9577945344c72879881de8d32ef07ec38111fb045 0.1s done
2026-10-02T09:49:56.4920452Z #6 extracting sha256:e360d85fdc0f3910a4fe48ba2bb0865d5e618392ea8abfa424e66575e45273c0
2026-10-02T09:49:57.1280528Z #6 extracting sha256:e360d85fdc0f3910a4fe48ba2bb0865d5e618392ea8abfa424e66575e45273c0 0.5s done
2026-10-02T09:49:57.1281779Z #6 extracting sha256:5e62c0470a0973ad9561440c8a37984c3252eda1dd19e00ca7e76a37b62b5dc7 done
2026-10-02T09:49:57.1282563Z #6 DONE 2.8s
2026-10-02T09:49:57.1282775Z 
2026-10-02T09:49:57.1282923Z #7 [2/3] WORKDIR /app
2026-10-02T09:49:57.1283263Z #7 DONE 0.0s
2026-10-02T09:49:57.1283442Z 
2026-10-02T09:49:57.1283609Z #8 [3/3] COPY app.py /app/app.py
2026-10-02T09:49:57.1284018Z #8 DONE 0.0s
2026-10-02T09:49:57.2804986Z 
2026-10-02T09:49:57.2805916Z #9 exporting to image
2026-10-02T09:49:57.2807095Z #9 exporting layers
2026-10-02T09:49:58.0079503Z #9 exporting layers 0.9s done
2026-10-02T09:49:58.0234653Z #9 writing image sha256:93ce964c513d890b78791448875a7edd6fcf24cab20deb251336d8cc653f3e00 done
2026-10-02T09:49:58.0235279Z #9 naming to docker.io/library/mini-drop-python-hotspot:ci done
2026-10-02T09:49:58.0235635Z #9 DONE 0.9s
2026-10-02T09:49:58.3152189Z #0 building with "default" instance using docker driver
2026-10-02T09:49:58.3152652Z 
2026-10-02T09:49:58.3152803Z #1 [internal] load build definition from Dockerfile
2026-10-02T09:49:58.3153163Z #1 transferring dockerfile: 900B done
2026-10-02T09:49:58.3153554Z #1 DONE 0.0s
2026-10-02T09:49:58.3153666Z 
2026-10-02T09:49:58.3153869Z #2 [auth] library/eclipse-temurin:pull token for registry-1.docker.io
2026-10-02T09:49:58.3154234Z #2 DONE 0.0s
2026-10-02T09:49:58.3154340Z 
2026-10-02T09:49:58.3154584Z #3 [internal] load metadata for docker.io/library/eclipse-temurin:24.0.2_12-jdk-noble
2026-10-02T09:49:58.4563795Z #3 DONE 0.3s
2026-10-02T09:49:58.5750070Z 
2026-10-02T09:49:58.5751173Z #4 [internal] load .dockerignore
2026-10-02T09:49:58.5752634Z #4 transferring context: 653B done
2026-10-02T09:49:58.5753494Z #4 DONE 0.0s
2026-10-02T09:49:58.5754022Z 
2026-10-02T09:49:58.5764483Z #5 [internal] load build context
2026-10-02T09:49:58.5765162Z #5 transferring context: 466.39kB 0.0s done
2026-10-02T09:49:58.5765777Z #5 DONE 0.0s
2026-10-02T09:49:58.5766329Z 
2026-10-02T09:49:58.5789223Z #6 [build 1/6] FROM docker.io/library/eclipse-temurin:24.0.2_12-jdk-noble@sha256:dacac8e9a0df0d2bd24e702b4431132875c249930b70555ebd7ca285b5bee684
2026-10-02T09:49:58.5842442Z #6 resolve docker.io/library/eclipse-temurin:24.0.2_12-jdk-noble@sha256:dacac8e9a0df0d2bd24e702b4431132875c249930b70555ebd7ca285b5bee684 done
2026-10-02T09:49:58.5843871Z #6 sha256:dacac8e9a0df0d2bd24e702b4431132875c249930b70555ebd7ca285b5bee684 6.54kB / 6.54kB done
2026-10-02T09:49:58.5845050Z #6 sha256:14d6dcce8dfa01af324da353c44971570400490da416fb6b121a16fdf0178124 1.94kB / 1.94kB done
2026-10-02T09:49:58.5846075Z #6 sha256:19785d8f66fe4a41156f82a889524a8b03adeb6de31b6a9087a892e1c294b7d3 6.02kB / 6.02kB done
2026-10-02T09:49:58.5847440Z #6 sha256:953cdd4133718b72c5d0a78e754c1405c02510fdb5237265f7955863f1757f83 29.72MB / 29.72MB 0.1s
2026-10-02T09:49:58.5848616Z #6 sha256:4000407e97061a43c910eb593eb01a2814f47650259377239537c9ab38a9fcca 10.49MB / 21.33MB 0.1s
2026-10-02T09:49:58.5849763Z #6 sha256:b84e544576dd7113db8846bdf787740de90cf5a07f5602eaef536f03aa0051b7 17.83MB / 89.97MB 0.1s
2026-10-02T09:49:58.7609866Z #6 sha256:953cdd4133718b72c5d0a78e754c1405c02510fdb5237265f7955863f1757f83 29.72MB / 29.72MB 0.1s done
2026-10-02T09:49:58.7611256Z #6 sha256:4000407e97061a43c910eb593eb01a2814f47650259377239537c9ab38a9fcca 21.33MB / 21.33MB 0.1s done
2026-10-02T09:49:58.7613618Z #6 sha256:b84e544576dd7113db8846bdf787740de90cf5a07f5602eaef536f03aa0051b7 57.53MB / 89.97MB 0.2s
2026-10-02T09:49:58.7615033Z #6 extracting sha256:953cdd4133718b72c5d0a78e754c1405c02510fdb5237265f7955863f1757f83 0.1s
2026-10-02T09:49:58.7617611Z #6 sha256:4f4fb700ef54461cfa02571ae0db9a0dc1e0cdb5577484a6d75e68dc38e8acc1 32B / 32B 0.1s done
2026-10-02T09:49:58.7619719Z #6 sha256:e376267f7e6de41d3cd65d1f2f873ec0e882212dc2a38f2d750bbc87cd1c3693 2.28kB / 2.28kB 0.2s done
2026-10-02T09:49:58.8642754Z #6 sha256:b84e544576dd7113db8846bdf787740de90cf5a07f5602eaef536f03aa0051b7 89.97MB / 89.97MB 0.3s
2026-10-02T09:49:58.9666671Z #6 sha256:b84e544576dd7113db8846bdf787740de90cf5a07f5602eaef536f03aa0051b7 89.97MB / 89.97MB 0.3s done
2026-10-02T09:49:59.6400645Z #6 extracting sha256:953cdd4133718b72c5d0a78e754c1405c02510fdb5237265f7955863f1757f83 0.9s done
2026-10-02T09:49:59.6402063Z #6 extracting sha256:4000407e97061a43c910eb593eb01a2814f47650259377239537c9ab38a9fcca
2026-10-02T09:50:00.4919952Z #6 extracting sha256:4000407e97061a43c910eb593eb01a2814f47650259377239537c9ab38a9fcca 0.7s done
2026-10-02T09:50:00.5562059Z #6 extracting sha256:b84e544576dd7113db8846bdf787740de90cf5a07f5602eaef536f03aa0051b7
2026-10-02T09:50:01.7351437Z #6 extracting sha256:b84e544576dd7113db8846bdf787740de90cf5a07f5602eaef536f03aa0051b7 1.0s done
2026-10-02T09:50:01.9338865Z #6 extracting sha256:4f4fb700ef54461cfa02571ae0db9a0dc1e0cdb5577484a6d75e68dc38e8acc1
2026-10-02T09:50:02.1281793Z #6 extracting sha256:4f4fb700ef54461cfa02571ae0db9a0dc1e0cdb5577484a6d75e68dc38e8acc1 done
2026-10-02T09:50:02.1283499Z #6 extracting sha256:e376267f7e6de41d3cd65d1f2f873ec0e882212dc2a38f2d750bbc87cd1c3693 done
2026-10-02T09:50:02.1284614Z #6 DONE 3.5s
2026-10-02T09:50:02.1285005Z 
2026-10-02T09:50:02.1285188Z #7 [build 2/6] WORKDIR /src
2026-10-02T09:50:02.1285604Z #7 DONE 0.0s
2026-10-02T09:50:02.1285802Z 
2026-10-02T09:50:02.1285977Z #8 [stage-1 2/4] WORKDIR /app
2026-10-02T09:50:02.1286390Z #8 DONE 0.0s
2026-10-02T09:50:02.1286599Z 
2026-10-02T09:50:02.1287045Z #9 [build 3/6] COPY demo/java-hotspot/Hotspot.java ./
2026-10-02T09:50:02.1287596Z #9 DONE 0.0s
2026-10-02T09:50:02.1287801Z 
2026-10-02T09:50:02.1287978Z #10 [build 4/6] RUN javac Hotspot.java
2026-10-02T09:50:03.0815118Z #10 DONE 1.1s
2026-10-02T09:50:03.2499514Z 
2026-10-02T09:50:03.2501070Z #11 [build 5/6] COPY deploy/vendor/async-profiler-4.4-linux-x64.tar.gz /tmp/async-profiler.tar.gz
2026-10-02T09:50:03.2502024Z #11 DONE 0.0s
2026-10-02T09:50:03.2502223Z 
2026-10-02T09:50:03.2503933Z #12 [build 6/6] RUN echo "1233f26fc95753e75ce32733bbcaf8f0bedc2c098b0e798af87935b08a63b24e  /tmp/async-profiler.tar.gz" | sha256sum -c -     && mkdir -p /opt/async-profiler     && tar -xzf /tmp/async-profiler.tar.gz -C /opt/async-profiler --strip-components=1     && test -f /opt/async-profiler/lib/libasyncProfiler.so     && rm -f /tmp/async-profiler.tar.gz
2026-10-02T09:50:03.2542884Z #12 0.155 /tmp/async-profiler.tar.gz: OK
2026-10-02T09:50:03.4031627Z #12 DONE 0.2s
2026-10-02T09:50:03.4032034Z 
2026-10-02T09:50:03.4032267Z #13 [stage-1 3/4] COPY --from=build /src/Hotspot*.class ./
2026-10-02T09:50:03.5788039Z #13 DONE 0.0s
2026-10-02T09:50:03.5797571Z 
2026-10-02T09:50:03.5798271Z #14 [stage-1 4/4] COPY --from=build /opt/async-profiler /opt/async-profiler
2026-10-02T09:50:03.5799396Z #14 DONE 0.0s
2026-10-02T09:50:03.5799906Z 
2026-10-02T09:50:03.5800276Z #15 exporting to image
2026-10-02T09:50:03.5800925Z #15 exporting layers
2026-10-02T09:50:04.0079582Z #15 exporting layers 0.6s done
2026-10-02T09:50:04.0230020Z #15 writing image sha256:cf09d3bb2f78c0af3f35fef50471854d3ef8670e705f1edc9a7cb0260557351e done
2026-10-02T09:50:04.0231377Z #15 naming to docker.io/library/mini-drop-java-hotspot:ci done
2026-10-02T09:50:04.0231837Z #15 DONE 0.6s
2026-10-02T09:50:04.3169016Z #0 building with "default" instance using docker driver
2026-10-02T09:50:04.3169499Z 
2026-10-02T09:50:04.3169733Z #1 [internal] load build definition from Dockerfile
2026-10-02T09:50:04.3170213Z #1 transferring dockerfile: 475B done
2026-10-02T09:50:04.3170491Z #1 DONE 0.0s
2026-10-02T09:50:04.3170613Z 
2026-10-02T09:50:04.3170784Z #2 [auth] library/alpine:pull token for registry-1.docker.io
2026-10-02T09:50:04.3171125Z #2 DONE 0.0s
2026-10-02T09:50:04.3171237Z 
2026-10-02T09:50:04.3171864Z #3 [internal] load metadata for docker.io/library/alpine:3.24.1
2026-10-02T09:50:04.4257991Z #3 DONE 0.3s
2026-10-02T09:50:04.5385563Z 
2026-10-02T09:50:04.5386863Z #4 [internal] load .dockerignore
2026-10-02T09:50:04.5387553Z #4 transferring context: 2B done
2026-10-02T09:50:04.5387964Z #4 DONE 0.0s
2026-10-02T09:50:04.5388158Z 
2026-10-02T09:50:04.5388324Z #5 [internal] load build context
2026-10-02T09:50:04.5388774Z #5 transferring context: 24.05kB done
2026-10-02T09:50:04.5389205Z #5 DONE 0.0s
2026-10-02T09:50:04.5389384Z 
2026-10-02T09:50:04.5390067Z #6 [build 1/5] FROM docker.io/library/alpine:3.24.1@sha256:28bd5fe8b56d1bd048e5babf5b10710ebe0bae67db86916198a6eec434943f8b
2026-10-02T09:50:04.5391561Z #6 resolve docker.io/library/alpine:3.24.1@sha256:28bd5fe8b56d1bd048e5babf5b10710ebe0bae67db86916198a6eec434943f8b done
2026-10-02T09:50:04.5392820Z #6 extracting sha256:55afa1ecc21d2bb5e5045f32dafee56272ffd89860bac26f6c32123439af26a4
2026-10-02T09:50:04.5393934Z #6 sha256:d529dd0c6e5597ac7e4a3e2dea65c3fcc6173f4cae713c409265c1dd9914a11b 611B / 611B done
2026-10-02T09:50:04.5395151Z #6 sha256:55afa1ecc21d2bb5e5045f32dafee56272ffd89860bac26f6c32123439af26a4 3.85MB / 3.85MB 0.0s done
2026-10-02T09:50:04.5396383Z #6 sha256:28bd5fe8b56d1bd048e5babf5b10710ebe0bae67db86916198a6eec434943f8b 9.22kB / 9.22kB done
2026-10-02T09:50:04.5397826Z #6 sha256:79ff19e9084a00eece421b2523fb93e22d730e2c0e525905de047e848e56d95f 1.02kB / 1.02kB done
2026-10-02T09:50:04.7352849Z #6 extracting sha256:55afa1ecc21d2bb5e5045f32dafee56272ffd89860bac26f6c32123439af26a4 0.1s done
2026-10-02T09:50:04.7353401Z #6 DONE 0.2s
2026-10-02T09:50:04.7353529Z 
2026-10-02T09:50:04.7354109Z #7 [build 2/5] RUN sed -i "s|https://dl-cdn.alpinelinux.org/alpine|https://dl-cdn.alpinelinux.org/alpine|g" /etc/apk/repositories     && apk add --no-cache g++
2026-10-02T09:50:04.9970269Z #7 0.412 ( 1/16) Installing libgcc (15.2.0-r5)
2026-10-02T09:50:05.1687854Z #7 0.417 ( 2/16) Installing libstdc++ (15.2.0-r5)
2026-10-02T09:50:05.1688495Z #7 0.434 ( 3/16) Installing libstdc++-dev (15.2.0-r5)
2026-10-02T09:50:05.1750084Z #7 0.590 ( 4/16) Installing jansson (2.15.0-r0)
2026-10-02T09:50:05.2756840Z #7 0.594 ( 5/16) Installing zstd-libs (1.5.7-r2)
2026-10-02T09:50:05.2757460Z #7 0.603 ( 6/16) Installing binutils (2.45.1-r1)
2026-10-02T09:50:05.2758017Z #7 0.669 ( 7/16) Installing libgcc-static (15.2.0-r5)
2026-10-02T09:50:05.2758422Z #7 0.686 ( 8/16) Installing libgomp (15.2.0-r5)
2026-10-02T09:50:05.2758820Z #7 0.691 ( 9/16) Installing libatomic (15.2.0-r5)
2026-10-02T09:50:05.4595815Z #7 0.694 (10/16) Installing gmp (6.3.0-r4)
2026-10-02T09:50:05.4596202Z #7 0.699 (11/16) Installing isl26 (0.26-r2)
2026-10-02T09:50:05.4596508Z #7 0.714 (12/16) Installing mpfr4 (4.2.2-r0)
2026-10-02T09:50:05.4597186Z #7 0.721 (13/16) Installing mpc1 (1.3.1-r1)
2026-10-02T09:50:05.4597575Z #7 0.724 (14/16) Installing gcc (15.2.0-r5)
2026-10-02T09:50:06.2130369Z #7 1.628 (15/16) Installing musl-dev (1.2.6-r2)
2026-10-02T09:50:06.4228641Z #7 1.688 (16/16) Installing g++ (15.2.0-r5)
2026-10-02T09:50:06.5194109Z #7 1.935 Executing busybox-1.37.0-r31.trigger
2026-10-02T09:50:06.6769781Z #7 1.942 OK: 264.8 MiB in 32 packages
2026-10-02T09:50:06.9894152Z #7 DONE 2.4s
2026-10-02T09:50:07.1570984Z 
2026-10-02T09:50:07.1571440Z #8 [build 3/5] WORKDIR /src
2026-10-02T09:50:07.1571912Z #8 DONE 0.0s
2026-10-02T09:50:07.1572121Z 
2026-10-02T09:50:07.1572311Z #9 [build 4/5] COPY main.cpp build.sh ./
2026-10-02T09:50:07.1572783Z #9 DONE 0.0s
2026-10-02T09:50:07.1572983Z 
2026-10-02T09:50:07.1573291Z #10 [build 5/5] RUN chmod 0755 build.sh && ./build.sh /out/cpp-hotspot
2026-10-02T09:50:09.3794066Z #10 DONE 2.4s
2026-10-02T09:50:09.5541708Z 
2026-10-02T09:50:09.5542412Z #11 [stage-1 2/2] COPY --from=build /out/cpp-hotspot /usr/local/bin/cpp-hotspot
2026-10-02T09:50:09.5543121Z #11 DONE 0.0s
2026-10-02T09:50:09.5543256Z 
2026-10-02T09:50:09.5543353Z #12 exporting to image
2026-10-02T09:50:09.5543579Z #12 exporting layers
2026-10-02T09:50:10.0032151Z #12 exporting layers 0.6s done
2026-10-02T09:50:10.0033487Z #12 writing image sha256:2d976abc0942e9c887e30870fe794dfe7e8171a5756b3e2e277340823aefa3b3
2026-10-02T09:50:10.0165402Z #12 writing image sha256:2d976abc0942e9c887e30870fe794dfe7e8171a5756b3e2e277340823aefa3b3 done
2026-10-02T09:50:10.0166417Z #12 naming to docker.io/library/mini-drop-cpp-hotspot:ci done
2026-10-02T09:50:10.0167233Z #12 DONE 0.6s
2026-10-02T09:50:10.0269649Z ##[group]Run docker build --target analyzer-toolchain --build-arg ALPINE_MIRROR=https://dl-cdn.alpinelinux.org/alpine -t mini-drop-analyzer-toolchain:ci -f deploy/dockerfiles/python-worker.Dockerfile .
2026-10-02T09:50:10.0271156Z [36;1mdocker build --target analyzer-toolchain --build-arg ALPINE_MIRROR=https://dl-cdn.alpinelinux.org/alpine -t mini-drop-analyzer-toolchain:ci -f deploy/dockerfiles/python-worker.Dockerfile .[0m
2026-10-02T09:50:10.0347036Z shell: /usr/bin/bash -e {0}
2026-10-02T09:50:10.0347294Z env:
2026-10-02T09:50:10.0347557Z   pythonLocation: /opt/hostedtoolcache/Python/3.11.16/x64
2026-10-02T09:50:10.0348000Z   PKG_CONFIG_PATH: /opt/hostedtoolcache/Python/3.11.16/x64/lib/pkgconfig
2026-10-02T09:50:10.0348440Z   Python_ROOT_DIR: /opt/hostedtoolcache/Python/3.11.16/x64
2026-10-02T09:50:10.0348844Z   Python2_ROOT_DIR: /opt/hostedtoolcache/Python/3.11.16/x64
2026-10-02T09:50:10.0349236Z   Python3_ROOT_DIR: /opt/hostedtoolcache/Python/3.11.16/x64
2026-10-02T09:50:10.0349664Z   LD_LIBRARY_PATH: /opt/hostedtoolcache/Python/3.11.16/x64/lib
2026-10-02T09:50:10.0349993Z ##[endgroup]
2026-10-02T09:50:10.3167349Z #0 building with "default" instance using docker driver
2026-10-02T09:50:10.3168087Z 
2026-10-02T09:50:10.3168472Z #1 [internal] load build definition from python-worker.Dockerfile
2026-10-02T09:50:10.3169076Z #1 transferring dockerfile: 2.38kB done
2026-10-02T09:50:10.3169407Z #1 DONE 0.0s
2026-10-02T09:50:10.3169542Z 
2026-10-02T09:50:10.3169770Z #2 [internal] load metadata for docker.io/library/python:3.11-slim
2026-10-02T09:50:10.3806024Z #2 DONE 0.2s
2026-10-02T09:50:10.4921273Z 
2026-10-02T09:50:10.4921801Z #3 [internal] load .dockerignore
2026-10-02T09:50:10.4923317Z #3 transferring context: 653B done
2026-10-02T09:50:10.4923750Z #3 DONE 0.0s
2026-10-02T09:50:10.4923953Z 
2026-10-02T09:50:10.4924807Z #4 [analyzer-toolchain 1/3] FROM docker.io/library/python:3.11-slim@sha256:bab1b7ef4b450c81002278d035eff85ebe394ae94df904f7a3ba14f7e16e487b
2026-10-02T09:50:10.4926546Z #4 resolve docker.io/library/python:3.11-slim@sha256:bab1b7ef4b450c81002278d035eff85ebe394ae94df904f7a3ba14f7e16e487b done
2026-10-02T09:50:10.4927753Z #4 extracting sha256:f64163c1b799b4915c58c0439006ebe6e393a8c346d2393f08fa0ca74e306f6e
2026-10-02T09:50:10.4928844Z #4 sha256:d3846bce6e97d0ef5c32fc023300d5e39251ad791e6fdfaee41d2ba75246766e 5.49kB / 5.49kB done
2026-10-02T09:50:10.4930007Z #4 sha256:f64163c1b799b4915c58c0439006ebe6e393a8c346d2393f08fa0ca74e306f6e 4.27MB / 4.27MB 0.0s done
2026-10-02T09:50:10.4931182Z #4 sha256:295f1967d0454b54c78432d56f412a274da4b46e92cdf5679aea04fbd47b9c36 14.46MB / 14.46MB 0.1s done
2026-10-02T09:50:10.4932150Z #4 sha256:48355dfcbf9e05ad2daf9d9506583bdb41b02ff7d67a5f2b239217e09320604c 250B / 250B 0.0s done
2026-10-02T09:50:10.4933061Z #4 sha256:bab1b7ef4b450c81002278d035eff85ebe394ae94df904f7a3ba14f7e16e487b 10.37kB / 10.37kB done
2026-10-02T09:50:10.4934275Z #4 sha256:922f47525757de33aff59f24cdfc85f412ac4a06aa8af7c7e9028d584b7bcdeb 1.75kB / 1.75kB done
2026-10-02T09:50:10.6108138Z #4 extracting sha256:f64163c1b799b4915c58c0439006ebe6e393a8c346d2393f08fa0ca74e306f6e 0.2s done
2026-10-02T09:50:10.6109429Z #4 extracting sha256:295f1967d0454b54c78432d56f412a274da4b46e92cdf5679aea04fbd47b9c36
2026-10-02T09:50:11.3899692Z #4 extracting sha256:295f1967d0454b54c78432d56f412a274da4b46e92cdf5679aea04fbd47b9c36 0.7s done
2026-10-02T09:50:11.3901175Z #4 extracting sha256:48355dfcbf9e05ad2daf9d9506583bdb41b02ff7d67a5f2b239217e09320604c
2026-10-02T09:50:11.5358999Z #4 extracting sha256:48355dfcbf9e05ad2daf9d9506583bdb41b02ff7d67a5f2b239217e09320604c done
2026-10-02T09:50:11.5359902Z #4 DONE 1.0s
2026-10-02T09:50:11.5360182Z 
2026-10-02T09:50:11.5361642Z #5 [analyzer-toolchain 2/3] RUN if [ -n "" ]; then         find /etc/apt -type f ( -name '*.list' -o -name '*.sources' )           -exec sed -ri             -e "s@https?://deb.debian.org/debian@@g"             -e "s@https?://security.debian.org/debian-security@@g"             {} +;     fi
2026-10-02T09:50:11.5364251Z #5 DONE 0.1s
2026-10-02T09:50:11.6872492Z 
2026-10-02T09:50:11.6874145Z #6 [analyzer-toolchain 3/3] RUN apt-get update && apt-get install -y --no-install-recommends     bash gosu linux-perf perl binutils     && rm -rf /var/lib/apt/lists/*     && useradd --create-home --shell /bin/bash mini-drop
2026-10-02T09:50:11.7202999Z #6 0.184 Hit:1 http://deb.debian.org/debian trixie InRelease
2026-10-02T09:50:11.7204080Z #6 0.184 Get:2 http://deb.debian.org/debian trixie-updates InRelease [47.3 kB]
2026-10-02T09:50:11.9441446Z #6 0.186 Get:3 http://deb.debian.org/debian-security trixie-security InRelease [43.4 kB]
2026-10-02T09:50:11.9442411Z #6 0.202 Get:4 http://deb.debian.org/debian trixie/main amd64 Packages [9678 kB]
2026-10-02T09:50:11.9443264Z #6 0.257 Get:5 http://deb.debian.org/debian trixie-updates/main amd64 Packages [4412 B]
2026-10-02T09:50:11.9444332Z #6 0.257 Get:6 http://deb.debian.org/debian-security trixie-security/main amd64 Packages [263 kB]
2026-10-02T09:50:12.4499706Z #6 0.913 Fetched 10.0 MB in 1s (13.4 MB/s)
2026-10-02T09:50:12.9354195Z #6 0.913 Reading package lists...
2026-10-02T09:50:13.4410996Z #6 1.418 Reading package lists...
2026-10-02T09:50:13.5666815Z #6 1.917 Building dependency tree...
2026-10-02T09:50:13.7014101Z #6 2.030 Reading state information...
2026-10-02T09:50:13.7015430Z #6 2.165 bash is already the newest version (5.2.37-2+b10).
2026-10-02T09:50:13.7016697Z #6 2.165 bash set to manually installed.
2026-10-02T09:50:13.7018652Z #6 2.165 The following additional packages will be installed:
2026-10-02T09:50:13.8539145Z #6 2.165   binutils-common binutils-x86-64-linux-gnu libatomic1 libbabeltrace1
2026-10-02T09:50:13.8540212Z #6 2.165   libbinutils libbrotli1 libcom-err2 libctf-nobfd0 libctf0 libcurl3t64-gnutls
2026-10-02T09:50:13.8541235Z #6 2.165   libdebuginfod-common libdebuginfod1t64 libdw1t64 libelf1t64 libexpat1
2026-10-02T09:50:13.8542171Z #6 2.165   libgdbm-compat4t64 libglib2.0-0t64 libgnutls30t64 libgprofng0
2026-10-02T09:50:13.8543149Z #6 2.165   libgssapi-krb5-2 libidn2-0 libjansson4 libjson-c5 libk5crypto3 libkeyutils1
2026-10-02T09:50:13.8544188Z #6 2.165   libkrb5-3 libkrb5support0 libldap2 libnghttp2-14 libnghttp3-9 libngtcp2-16
2026-10-02T09:50:13.8545194Z #6 2.165   libngtcp2-crypto-gnutls8 libnuma1 libopencsd1 libp11-kit0 libperl5.40
2026-10-02T09:50:13.8546195Z #6 2.165   libproc2-0 libpsl5t64 libpython3-stdlib libpython3.13 libpython3.13-minimal
2026-10-02T09:50:13.8547433Z #6 2.166   libpython3.13-stdlib librtmp1 libsasl2-2 libsasl2-modules-db libsframe1
2026-10-02T09:50:13.8548336Z #6 2.166   libslang2 libssh2-1t64 libtasn1-6 libtext-charwidth-perl
2026-10-02T09:50:13.8549246Z #6 2.166   libtext-wrapi18n-perl libtraceevent1 libunistring5 libunwind8 media-types
2026-10-02T09:50:13.8550191Z #6 2.166   perl-modules-5.40 procps python3 python3-minimal python3.13
2026-10-02T09:50:13.8550899Z #6 2.166   python3.13-minimal sensible-utils ucf
2026-10-02T09:50:13.8551446Z #6 2.167 Suggested packages:
2026-10-02T09:50:13.8552102Z #6 2.167   binutils-doc gprofng-gui binutils-gold low-memory-monitor gnutls-bin
2026-10-02T09:50:13.8553249Z #6 2.167   krb5-doc krb5-user linux-doc-6.12 perl-doc libterm-readline-gnu-perl
2026-10-02T09:50:13.8554338Z #6 2.167   | libterm-readline-perl-perl make libtap-harness-archive-perl python3-doc
2026-10-02T09:50:13.8555477Z #6 2.167   python3-tk python3-venv python3.13-venv python3.13-doc binfmt-support
2026-10-02T09:50:13.8556297Z #6 2.167 Recommended packages:
2026-10-02T09:50:13.8557323Z #6 2.167   libglib2.0-data shared-mime-info xdg-user-dirs krb5-locales libldap-common
2026-10-02T09:50:13.8558301Z #6 2.167   publicsuffix libsasl2-modules psmisc linux-sysctl-defaults
2026-10-02T09:50:13.9930187Z #6 2.456 The following NEW packages will be installed:
2026-10-02T09:50:14.0941461Z #6 2.457   binutils binutils-common binutils-x86-64-linux-gnu gosu libatomic1
2026-10-02T09:50:14.0942738Z #6 2.457   libbabeltrace1 libbinutils libbrotli1 libcom-err2 libctf-nobfd0 libctf0
2026-10-02T09:50:14.0943667Z #6 2.457   libcurl3t64-gnutls libdebuginfod-common libdebuginfod1t64 libdw1t64
2026-10-02T09:50:14.0944614Z #6 2.457   libelf1t64 libexpat1 libgdbm-compat4t64 libglib2.0-0t64 libgnutls30t64
2026-10-02T09:50:14.0945797Z #6 2.457   libgprofng0 libgssapi-krb5-2 libidn2-0 libjansson4 libjson-c5 libk5crypto3
2026-10-02T09:50:14.0947202Z #6 2.457   libkeyutils1 libkrb5-3 libkrb5support0 libldap2 libnghttp2-14 libnghttp3-9
2026-10-02T09:50:14.0948453Z #6 2.457   libngtcp2-16 libngtcp2-crypto-gnutls8 libnuma1 libopencsd1 libp11-kit0
2026-10-02T09:50:14.0949095Z #6 2.457   libperl5.40 libproc2-0 libpsl5t64 libpython3-stdlib libpython3.13
2026-10-02T09:50:14.0949662Z #6 2.457   libpython3.13-minimal libpython3.13-stdlib librtmp1 libsasl2-2
2026-10-02T09:50:14.0950228Z #6 2.457   libsasl2-modules-db libsframe1 libslang2 libssh2-1t64 libtasn1-6
2026-10-02T09:50:14.0950793Z #6 2.457   libtext-charwidth-perl libtext-wrapi18n-perl libtraceevent1 libunistring5
2026-10-02T09:50:14.0951454Z #6 2.458   libunwind8 linux-perf media-types perl perl-modules-5.40 procps python3
2026-10-02T09:50:14.0952025Z #6 2.458   python3-minimal python3.13 python3.13-minimal sensible-utils ucf
2026-10-02T09:50:14.0952564Z #6 2.487 0 upgraded, 67 newly installed, 0 to remove and 1 not upgraded.
2026-10-02T09:50:14.0952927Z #6 2.487 Need to get 36.2 MB of archives.
2026-10-02T09:50:14.0953446Z #6 2.487 After this operation, 167 MB of additional disk space will be used.
2026-10-02T09:50:14.0954049Z #6 2.487 Get:1 http://deb.debian.org/debian trixie/main amd64 libtext-charwidth-perl amd64 0.04-11+b4 [9476 B]
2026-10-02T09:50:14.0954901Z #6 2.489 Get:2 http://deb.debian.org/debian trixie/main amd64 libtext-wrapi18n-perl all 0.06-10 [8808 B]
2026-10-02T09:50:14.0955642Z #6 2.490 Get:3 http://deb.debian.org/debian trixie/main amd64 libproc2-0 amd64 2:4.0.4-9 [65.6 kB]
2026-10-02T09:50:14.0956261Z #6 2.492 Get:4 http://deb.debian.org/debian trixie/main amd64 procps amd64 2:4.0.4-9 [882 kB]
2026-10-02T09:50:14.0957115Z #6 2.498 Get:5 http://deb.debian.org/debian trixie/main amd64 sensible-utils all 0.0.25 [25.0 kB]
2026-10-02T09:50:14.0957677Z #6 2.499 Get:6 http://deb.debian.org/debian trixie/main amd64 ucf all 3.0052 [43.3 kB]
2026-10-02T09:50:14.0958420Z #6 2.499 Get:7 http://deb.debian.org/debian trixie/main amd64 libdebuginfod-common all 0.192-4 [23.7 kB]
2026-10-02T09:50:14.0959051Z #6 2.500 Get:8 http://deb.debian.org/debian trixie/main amd64 libexpat1 amd64 2.8.3-1~deb13u1 [123 kB]
2026-10-02T09:50:14.0959864Z #6 2.501 Get:9 http://deb.debian.org/debian trixie/main amd64 libpython3.13-minimal amd64 3.13.5-2+deb13u5 [863 kB]
2026-10-02T09:50:14.0960710Z #6 2.504 Get:10 http://deb.debian.org/debian trixie/main amd64 python3.13-minimal amd64 3.13.5-2+deb13u5 [2225 kB]
2026-10-02T09:50:14.0961630Z #6 2.514 Get:11 http://deb.debian.org/debian trixie/main amd64 python3-minimal amd64 3.13.5-1 [27.2 kB]
2026-10-02T09:50:14.0981237Z #6 2.514 Get:12 http://deb.debian.org/debian trixie/main amd64 media-types all 13.0.0 [29.3 kB]
2026-10-02T09:50:14.0982276Z #6 2.515 Get:13 http://deb.debian.org/debian trixie/main amd64 libpython3.13-stdlib amd64 3.13.5-2+deb13u5 [1959 kB]
2026-10-02T09:50:14.0983030Z #6 2.523 Get:14 http://deb.debian.org/debian trixie/main amd64 python3.13 amd64 3.13.5-2+deb13u5 [757 kB]
2026-10-02T09:50:14.0983698Z #6 2.526 Get:15 http://deb.debian.org/debian trixie/main amd64 libpython3-stdlib amd64 3.13.5-1 [10.2 kB]
2026-10-02T09:50:14.0984317Z #6 2.526 Get:16 http://deb.debian.org/debian trixie/main amd64 python3 amd64 3.13.5-1 [28.2 kB]
2026-10-02T09:50:14.0984957Z #6 2.526 Get:17 http://deb.debian.org/debian trixie/main amd64 perl-modules-5.40 all 5.40.1-6+deb13u1 [3014 kB]
2026-10-02T09:50:14.0985621Z #6 2.538 Get:18 http://deb.debian.org/debian trixie/main amd64 libgdbm-compat4t64 amd64 1.24-2 [50.3 kB]
2026-10-02T09:50:14.0986262Z #6 2.539 Get:19 http://deb.debian.org/debian trixie/main amd64 libperl5.40 amd64 5.40.1-6+deb13u1 [4326 kB]
2026-10-02T09:50:14.0987425Z #6 2.557 Get:20 http://deb.debian.org/debian trixie/main amd64 perl amd64 5.40.1-6+deb13u1 [268 kB]
2026-10-02T09:50:14.0988179Z #6 2.558 Get:21 http://deb.debian.org/debian trixie/main amd64 libsframe1 amd64 2.44-3 [78.4 kB]
2026-10-02T09:50:14.3115512Z #6 2.558 Get:22 http://deb.debian.org/debian trixie/main amd64 binutils-common amd64 2.44-3 [2509 kB]
2026-10-02T09:50:14.3117199Z #6 2.570 Get:23 http://deb.debian.org/debian trixie/main amd64 libbinutils amd64 2.44-3 [534 kB]
2026-10-02T09:50:14.3118507Z #6 2.573 Get:24 http://deb.debian.org/debian trixie/main amd64 libgprofng0 amd64 2.44-3 [808 kB]
2026-10-02T09:50:14.3119903Z #6 2.577 Get:25 http://deb.debian.org/debian trixie/main amd64 libctf-nobfd0 amd64 2.44-3 [156 kB]
2026-10-02T09:50:14.3121189Z #6 2.578 Get:26 http://deb.debian.org/debian trixie/main amd64 libctf0 amd64 2.44-3 [88.6 kB]
2026-10-02T09:50:14.3122424Z #6 2.579 Get:27 http://deb.debian.org/debian trixie/main amd64 libjansson4 amd64 2.14-2+b3 [39.8 kB]
2026-10-02T09:50:14.3123819Z #6 2.579 Get:28 http://deb.debian.org/debian trixie/main amd64 binutils-x86-64-linux-gnu amd64 2.44-3 [1014 kB]
2026-10-02T09:50:14.3125064Z #6 2.583 Get:29 http://deb.debian.org/debian trixie/main amd64 binutils amd64 2.44-3 [265 kB]
2026-10-02T09:50:14.3126203Z #6 2.584 Get:30 http://deb.debian.org/debian trixie/main amd64 gosu amd64 1.17-3+b4 [940 kB]
2026-10-02T09:50:14.3127519Z #6 2.588 Get:31 http://deb.debian.org/debian trixie/main amd64 libatomic1 amd64 14.2.0-19 [9308 B]
2026-10-02T09:50:14.3128582Z #6 2.588 Get:32 http://deb.debian.org/debian trixie/main amd64 libelf1t64 amd64 0.192-4 [189 kB]
2026-10-02T09:50:14.3129634Z #6 2.590 Get:33 http://deb.debian.org/debian trixie/main amd64 libdw1t64 amd64 0.192-4 [255 kB]
2026-10-02T09:50:14.3130764Z #6 2.592 Get:34 http://deb.debian.org/debian trixie/main amd64 libglib2.0-0t64 amd64 2.84.4-3~deb13u5 [1521 kB]
2026-10-02T09:50:14.3131965Z #6 2.601 Get:35 http://deb.debian.org/debian trixie/main amd64 libbabeltrace1 amd64 1.5.11-4+b2 [176 kB]
2026-10-02T09:50:14.3133213Z #6 2.602 Get:36 http://deb.debian.org/debian trixie/main amd64 libbrotli1 amd64 1.1.0-2+b7 [307 kB]
2026-10-02T09:50:14.3134363Z #6 2.603 Get:37 http://deb.debian.org/debian trixie/main amd64 libcom-err2 amd64 1.47.2-3+b12 [25.0 kB]
2026-10-02T09:50:14.3135469Z #6 2.604 Get:38 http://deb.debian.org/debian trixie/main amd64 libunistring5 amd64 1.3-2 [477 kB]
2026-10-02T09:50:14.3136528Z #6 2.606 Get:39 http://deb.debian.org/debian trixie/main amd64 libidn2-0 amd64 2.3.8-2 [109 kB]
2026-10-02T09:50:14.3138079Z #6 2.607 Get:40 http://deb.debian.org/debian trixie/main amd64 libp11-kit0 amd64 0.25.5-3 [425 kB]
2026-10-02T09:50:14.3139116Z #6 2.610 Get:41 http://deb.debian.org/debian trixie/main amd64 libtasn1-6 amd64 4.20.0-2+deb13u1 [50.1 kB]
2026-10-02T09:50:14.3139838Z #6 2.610 Get:42 http://deb.debian.org/debian trixie/main amd64 libgnutls30t64 amd64 3.8.9-3+deb13u4 [1469 kB]
2026-10-02T09:50:14.3140586Z #6 2.616 Get:43 http://deb.debian.org/debian trixie/main amd64 libkrb5support0 amd64 1.21.3-5+deb13u1 [33.1 kB]
2026-10-02T09:50:14.3141340Z #6 2.617 Get:44 http://deb.debian.org/debian trixie/main amd64 libk5crypto3 amd64 1.21.3-5+deb13u1 [81.2 kB]
2026-10-02T09:50:14.3141980Z #6 2.617 Get:45 http://deb.debian.org/debian trixie/main amd64 libkeyutils1 amd64 1.6.3-6 [9456 B]
2026-10-02T09:50:14.3142607Z #6 2.617 Get:46 http://deb.debian.org/debian trixie/main amd64 libkrb5-3 amd64 1.21.3-5+deb13u1 [326 kB]
2026-10-02T09:50:14.3143301Z #6 2.619 Get:47 http://deb.debian.org/debian trixie/main amd64 libgssapi-krb5-2 amd64 1.21.3-5+deb13u1 [138 kB]
2026-10-02T09:50:14.3144012Z #6 2.619 Get:48 http://deb.debian.org/debian trixie/main amd64 libsasl2-modules-db amd64 2.1.28+dfsg1-9 [19.8 kB]
2026-10-02T09:50:14.3144697Z #6 2.620 Get:49 http://deb.debian.org/debian trixie/main amd64 libsasl2-2 amd64 2.1.28+dfsg1-9 [57.5 kB]
2026-10-02T09:50:14.3145350Z #6 2.620 Get:50 http://deb.debian.org/debian trixie/main amd64 libldap2 amd64 2.6.10+dfsg-1 [194 kB]
2026-10-02T09:50:14.3146377Z #6 2.621 Get:51 http://deb.debian.org/debian trixie/main amd64 libnghttp2-14 amd64 1.64.0-1.1+deb13u1 [76.2 kB]
2026-10-02T09:50:14.3147583Z #6 2.622 Get:52 http://deb.debian.org/debian trixie/main amd64 libnghttp3-9 amd64 1.8.0-1 [67.7 kB]
2026-10-02T09:50:14.3148256Z #6 2.623 Get:53 http://deb.debian.org/debian trixie/main amd64 libngtcp2-16 amd64 1.11.0-1+deb13u1 [132 kB]
2026-10-02T09:50:14.3148995Z #6 2.624 Get:54 http://deb.debian.org/debian trixie/main amd64 libngtcp2-crypto-gnutls8 amd64 1.11.0-1+deb13u1 [29.5 kB]
2026-10-02T09:50:14.3149703Z #6 2.624 Get:55 http://deb.debian.org/debian trixie/main amd64 libpsl5t64 amd64 0.21.2-1.1+b1 [57.2 kB]
2026-10-02T09:50:14.3150762Z #6 2.625 Get:56 http://deb.debian.org/debian trixie/main amd64 librtmp1 amd64 2.4+20151223.gitfa8646d.1-2+b5 [58.8 kB]
2026-10-02T09:50:14.3151808Z #6 2.625 Get:57 http://deb.debian.org/debian trixie/main amd64 libssh2-1t64 amd64 1.11.1-1+deb13u2 [245 kB]
2026-10-02T09:50:14.3152522Z #6 2.627 Get:58 http://deb.debian.org/debian trixie/main amd64 libcurl3t64-gnutls amd64 8.14.1-2+deb13u5 [384 kB]
2026-10-02T09:50:14.3153186Z #6 2.628 Get:59 http://deb.debian.org/debian trixie/main amd64 libjson-c5 amd64 0.18+ds-1 [46.0 kB]
2026-10-02T09:50:14.3153820Z #6 2.629 Get:60 http://deb.debian.org/debian trixie/main amd64 libdebuginfod1t64 amd64 0.192-4 [32.4 kB]
2026-10-02T09:50:14.3154429Z #6 2.630 Get:61 http://deb.debian.org/debian trixie/main amd64 libnuma1 amd64 2.0.19-1 [22.2 kB]
2026-10-02T09:50:14.3155016Z #6 2.630 Get:62 http://deb.debian.org/debian trixie/main amd64 libopencsd1 amd64 1.5.5-1 [197 kB]
2026-10-02T09:50:14.3155641Z #6 2.631 Get:63 http://deb.debian.org/debian trixie/main amd64 libpython3.13 amd64 3.13.5-2+deb13u5 [2160 kB]
2026-10-02T09:50:14.3156611Z #6 2.639 Get:64 http://deb.debian.org/debian trixie/main amd64 libslang2 amd64 2.3.3-5+b2 [549 kB]
2026-10-02T09:50:14.3157949Z #6 2.642 Get:65 http://deb.debian.org/debian trixie/main amd64 libtraceevent1 amd64 1:1.8.4-2 [57.3 kB]
2026-10-02T09:50:14.3159067Z #6 2.642 Get:66 http://deb.debian.org/debian trixie/main amd64 libunwind8 amd64 1.8.1-0.1 [56.3 kB]
2026-10-02T09:50:14.3160296Z #6 2.644 Get:67 http://deb.debian.org/debian-security trixie-security/main amd64 linux-perf amd64 6.12.111-1 [4993 kB]
2026-10-02T09:50:14.3161339Z #6 2.775 debconf: unable to initialize frontend: Dialog
2026-10-02T09:50:14.3162061Z #6 2.775 debconf: (TERM is not set, so the dialog frontend is not usable.)
2026-10-02T09:50:14.3162770Z #6 2.775 debconf: falling back to frontend: Readline
2026-10-02T09:50:14.4689958Z #6 2.775 debconf: unable to initialize frontend: Readline
2026-10-02T09:50:14.4692362Z #6 2.775 debconf: (Can't locate Term/ReadLine.pm in @INC (you may need to install the Term::ReadLine module) (@INC entries checked: /etc/perl /usr/local/lib/x86_64-linux-gnu/perl/5.40.1 /usr/local/share/perl/5.40.1 /usr/lib/x86_64-linux-gnu/perl5/5.40 /usr/share/perl5 /usr/lib/x86_64-linux-gnu/perl-base /usr/lib/x86_64-linux-gnu/perl/5.40 /usr/share/perl/5.40 /usr/local/lib/site_perl) at /usr/share/perl5/Debconf/FrontEnd/Readline.pm line 8, <STDIN> line 67.)
2026-10-02T09:50:14.4694226Z #6 2.775 debconf: falling back to frontend: Teletype
2026-10-02T09:50:14.4694612Z #6 2.782 debconf: unable to initialize frontend: Teletype
2026-10-02T09:50:14.4695010Z #6 2.782 debconf: (This frontend requires a controlling tty.)
2026-10-02T09:50:14.4695412Z #6 2.782 debconf: falling back to frontend: Noninteractive
2026-10-02T09:50:15.8154676Z #6 4.279 Preconfiguring packages ...
2026-10-02T09:50:15.9165259Z #6 4.326 Fetched 36.2 MB in 0s (196 MB/s)
2026-10-02T09:50:15.9166184Z #6 4.340 Selecting previously unselected package libtext-charwidth-perl:amd64.
2026-10-02T09:50:15.9167231Z #6 4.340 (Reading database ... 
2026-10-02T09:50:15.9167771Z (Reading database ... 5%
2026-10-02T09:50:15.9168190Z (Reading database ... 10%
2026-10-02T09:50:15.9168559Z (Reading database ... 15%
2026-10-02T09:50:15.9168906Z (Reading database ... 20%
2026-10-02T09:50:15.9169243Z (Reading database ... 25%
2026-10-02T09:50:15.9169952Z (Reading database ... 30%
2026-10-02T09:50:15.9170294Z (Reading database ... 35%
2026-10-02T09:50:15.9170626Z (Reading database ... 40%
2026-10-02T09:50:15.9171138Z (Reading database ... 45%
2026-10-02T09:50:15.9171502Z (Reading database ... 50%
2026-10-02T09:50:15.9171839Z (Reading database ... 55%
2026-10-02T09:50:15.9172174Z (Reading database ... 60%
2026-10-02T09:50:15.9172506Z (Reading database ... 65%
2026-10-02T09:50:15.9172841Z (Reading database ... 70%
2026-10-02T09:50:15.9173175Z (Reading database ... 75%
2026-10-02T09:50:15.9173510Z (Reading database ... 80%
2026-10-02T09:50:15.9173838Z (Reading database ... 85%
2026-10-02T09:50:15.9174178Z (Reading database ... 90%
2026-10-02T09:50:15.9174508Z (Reading database ... 95%
2026-10-02T09:50:15.9174840Z (Reading database ... 100%
2026-10-02T09:50:15.9175284Z (Reading database ... 5660 files and directories currently installed.)
2026-10-02T09:50:15.9175919Z #6 4.347 Preparing to unpack .../0-libtext-charwidth-perl_0.04-11+b4_amd64.deb ...
2026-10-02T09:50:15.9176521Z #6 4.348 Unpacking libtext-charwidth-perl:amd64 (0.04-11+b4) ...
2026-10-02T09:50:15.9177394Z #6 4.363 Selecting previously unselected package libtext-wrapi18n-perl.
2026-10-02T09:50:15.9178032Z #6 4.364 Preparing to unpack .../1-libtext-wrapi18n-perl_0.06-10_all.deb ...
2026-10-02T09:50:15.9178582Z #6 4.364 Unpacking libtext-wrapi18n-perl (0.06-10) ...
2026-10-02T09:50:15.9179091Z #6 4.378 Selecting previously unselected package libproc2-0:amd64.
2026-10-02T09:50:15.9179661Z #6 4.379 Preparing to unpack .../2-libproc2-0_2%3a4.0.4-9_amd64.deb ...
2026-10-02T09:50:15.9180170Z #6 4.380 Unpacking libproc2-0:amd64 (2:4.0.4-9) ...
2026-10-02T09:50:16.0281128Z #6 4.398 Selecting previously unselected package procps.
2026-10-02T09:50:16.0281774Z #6 4.399 Preparing to unpack .../3-procps_2%3a4.0.4-9_amd64.deb ...
2026-10-02T09:50:16.0282319Z #6 4.405 Unpacking procps (2:4.0.4-9) ...
2026-10-02T09:50:16.0282800Z #6 4.452 Selecting previously unselected package sensible-utils.
2026-10-02T09:50:16.0283388Z #6 4.453 Preparing to unpack .../4-sensible-utils_0.0.25_all.deb ...
2026-10-02T09:50:16.0283889Z #6 4.454 Unpacking sensible-utils (0.0.25) ...
2026-10-02T09:50:16.0284392Z #6 4.470 Selecting previously unselected package ucf.
2026-10-02T09:50:16.0284862Z #6 4.471 Preparing to unpack .../5-ucf_3.0052_all.deb ...
2026-10-02T09:50:16.0285308Z #6 4.473 Moving old data out of the way
2026-10-02T09:50:16.0285692Z #6 4.475 Unpacking ucf (3.0052) ...
2026-10-02T09:50:16.0286159Z #6 4.492 Selecting previously unselected package libdebuginfod-common.
2026-10-02T09:50:16.1472555Z #6 4.493 Preparing to unpack .../6-libdebuginfod-common_0.192-4_all.deb ...
2026-10-02T09:50:16.1473385Z #6 4.494 Unpacking libdebuginfod-common (0.192-4) ...
2026-10-02T09:50:16.1474071Z #6 4.509 Selecting previously unselected package libexpat1:amd64.
2026-10-02T09:50:16.1474878Z #6 4.510 Preparing to unpack .../7-libexpat1_2.8.3-1~deb13u1_amd64.deb ...
2026-10-02T09:50:16.1475386Z #6 4.511 Unpacking libexpat1:amd64 (2.8.3-1~deb13u1) ...
2026-10-02T09:50:16.1475849Z #6 4.531 Selecting previously unselected package libpython3.13-minimal:amd64.
2026-10-02T09:50:16.1476547Z #6 4.532 Preparing to unpack .../8-libpython3.13-minimal_3.13.5-2+deb13u5_amd64.deb ...
2026-10-02T09:50:16.1477380Z #6 4.533 Unpacking libpython3.13-minimal:amd64 (3.13.5-2+deb13u5) ...
2026-10-02T09:50:16.1477844Z #6 4.611 Selecting previously unselected package python3.13-minimal.
2026-10-02T09:50:16.2633108Z #6 4.612 Preparing to unpack .../9-python3.13-minimal_3.13.5-2+deb13u5_amd64.deb ...
2026-10-02T09:50:16.2633933Z #6 4.616 Unpacking python3.13-minimal (3.13.5-2+deb13u5) ...
2026-10-02T09:50:16.2634366Z #6 4.727 Setting up libpython3.13-minimal:amd64 (3.13.5-2+deb13u5) ...
2026-10-02T09:50:16.4187096Z #6 4.730 Setting up libexpat1:amd64 (2.8.3-1~deb13u1) ...
2026-10-02T09:50:16.4187770Z #6 4.732 Setting up python3.13-minimal (3.13.5-2+deb13u5) ...
2026-10-02T09:50:16.9199217Z #6 5.383 Selecting previously unselected package python3-minimal.
2026-10-02T09:50:17.0765196Z #6 5.383 (Reading database ... 
2026-10-02T09:50:17.0765838Z (Reading database ... 5%
2026-10-02T09:50:17.0766219Z (Reading database ... 10%
2026-10-02T09:50:17.0767358Z (Reading database ... 15%
2026-10-02T09:50:17.0767766Z (Reading database ... 20%
2026-10-02T09:50:17.0768112Z (Reading database ... 25%
2026-10-02T09:50:17.0768439Z (Reading database ... 30%
2026-10-02T09:50:17.0768764Z (Reading database ... 35%
2026-10-02T09:50:17.0769097Z (Reading database ... 40%
2026-10-02T09:50:17.0769423Z (Reading database ... 45%
2026-10-02T09:50:17.0769741Z (Reading database ... 50%
2026-10-02T09:50:17.0770062Z (Reading database ... 55%
2026-10-02T09:50:17.0770384Z (Reading database ... 60%
2026-10-02T09:50:17.0770706Z (Reading database ... 65%
2026-10-02T09:50:17.0771033Z (Reading database ... 70%
2026-10-02T09:50:17.0771356Z (Reading database ... 75%
2026-10-02T09:50:17.0771687Z (Reading database ... 80%
2026-10-02T09:50:17.0772015Z (Reading database ... 85%
2026-10-02T09:50:17.0772339Z (Reading database ... 90%
2026-10-02T09:50:17.0772674Z (Reading database ... 95%
2026-10-02T09:50:17.0772998Z (Reading database ... 100%
2026-10-02T09:50:17.0773493Z (Reading database ... 6265 files and directories currently installed.)
2026-10-02T09:50:17.0774192Z #6 5.390 Preparing to unpack .../python3-minimal_3.13.5-1_amd64.deb ...
2026-10-02T09:50:17.0774793Z #6 5.391 Unpacking python3-minimal (3.13.5-1) ...
2026-10-02T09:50:17.0775348Z #6 5.407 Selecting previously unselected package media-types.
2026-10-02T09:50:17.0775945Z #6 5.408 Preparing to unpack .../media-types_13.0.0_all.deb ...
2026-10-02T09:50:17.0776463Z #6 5.409 Unpacking media-types (13.0.0) ...
2026-10-02T09:50:17.0777377Z #6 5.423 Selecting previously unselected package libpython3.13-stdlib:amd64.
2026-10-02T09:50:17.0778703Z #6 5.424 Preparing to unpack .../libpython3.13-stdlib_3.13.5-2+deb13u5_amd64.deb ...
2026-10-02T09:50:17.0779470Z #6 5.425 Unpacking libpython3.13-stdlib:amd64 (3.13.5-2+deb13u5) ...
2026-10-02T09:50:17.0780120Z #6 5.540 Selecting previously unselected package python3.13.
2026-10-02T09:50:17.2392201Z #6 5.542 Preparing to unpack .../python3.13_3.13.5-2+deb13u5_amd64.deb ...
2026-10-02T09:50:17.2393607Z #6 5.543 Unpacking python3.13 (3.13.5-2+deb13u5) ...
2026-10-02T09:50:17.2394778Z #6 5.562 Selecting previously unselected package libpython3-stdlib:amd64.
2026-10-02T09:50:17.2395842Z #6 5.563 Preparing to unpack .../libpython3-stdlib_3.13.5-1_amd64.deb ...
2026-10-02T09:50:17.2397101Z #6 5.564 Unpacking libpython3-stdlib:amd64 (3.13.5-1) ...
2026-10-02T09:50:17.2398239Z #6 5.580 Setting up python3-minimal (3.13.5-1) ...
2026-10-02T09:50:17.2399047Z #6 5.703 Selecting previously unselected package python3.
2026-10-02T09:50:17.4196269Z #6 5.703 (Reading database ... 
2026-10-02T09:50:17.4196798Z (Reading database ... 5%
2026-10-02T09:50:17.4197404Z (Reading database ... 10%
2026-10-02T09:50:17.4197791Z (Reading database ... 15%
2026-10-02T09:50:17.4198168Z (Reading database ... 20%
2026-10-02T09:50:17.4198544Z (Reading database ... 25%
2026-10-02T09:50:17.4198947Z (Reading database ... 30%
2026-10-02T09:50:17.4199330Z (Reading database ... 35%
2026-10-02T09:50:17.4199706Z (Reading database ... 40%
2026-10-02T09:50:17.4200095Z (Reading database ... 45%
2026-10-02T09:50:17.4200481Z (Reading database ... 50%
2026-10-02T09:50:17.4200854Z (Reading database ... 55%
2026-10-02T09:50:17.4201228Z (Reading database ... 60%
2026-10-02T09:50:17.4201598Z (Reading database ... 65%
2026-10-02T09:50:17.4201971Z (Reading database ... 70%
2026-10-02T09:50:17.4202356Z (Reading database ... 75%
2026-10-02T09:50:17.4202746Z (Reading database ... 80%
2026-10-02T09:50:17.4202970Z (Reading database ... 85%
2026-10-02T09:50:17.4203188Z (Reading database ... 90%
2026-10-02T09:50:17.4203408Z (Reading database ... 95%
2026-10-02T09:50:17.4203631Z (Reading database ... 100%
2026-10-02T09:50:17.4203965Z (Reading database ... 6719 files and directories currently installed.)
2026-10-02T09:50:17.4204442Z #6 5.710 Preparing to unpack .../00-python3_3.13.5-1_amd64.deb ...
2026-10-02T09:50:17.4205121Z #6 5.714 Unpacking python3 (3.13.5-1) ...
2026-10-02T09:50:17.4205487Z #6 5.730 Selecting previously unselected package perl-modules-5.40.
2026-10-02T09:50:17.4206142Z #6 5.731 Preparing to unpack .../01-perl-modules-5.40_5.40.1-6+deb13u1_all.deb ...
2026-10-02T09:50:17.4206590Z #6 5.733 Unpacking perl-modules-5.40 (5.40.1-6+deb13u1) ...
2026-10-02T09:50:17.5509675Z #6 6.014 Selecting previously unselected package libgdbm-compat4t64:amd64.
2026-10-02T09:50:17.7229756Z #6 6.016 Preparing to unpack .../02-libgdbm-compat4t64_1.24-2_amd64.deb ...
2026-10-02T09:50:17.7230575Z #6 6.017 Unpacking libgdbm-compat4t64:amd64 (1.24-2) ...
2026-10-02T09:50:17.7231287Z #6 6.034 Selecting previously unselected package libperl5.40:amd64.
2026-10-02T09:50:17.7232112Z #6 6.035 Preparing to unpack .../03-libperl5.40_5.40.1-6+deb13u1_amd64.deb ...
2026-10-02T09:50:17.7232861Z #6 6.036 Unpacking libperl5.40:amd64 (5.40.1-6+deb13u1) ...
2026-10-02T09:50:17.8144741Z #6 6.278 Selecting previously unselected package perl.
2026-10-02T09:50:17.9798427Z #6 6.280 Preparing to unpack .../04-perl_5.40.1-6+deb13u1_amd64.deb ...
2026-10-02T09:50:17.9798956Z #6 6.280 Unpacking perl (5.40.1-6+deb13u1) ...
2026-10-02T09:50:17.9799368Z #6 6.305 Selecting previously unselected package libsframe1:amd64.
2026-10-02T09:50:17.9799814Z #6 6.306 Preparing to unpack .../05-libsframe1_2.44-3_amd64.deb ...
2026-10-02T09:50:17.9800186Z #6 6.307 Unpacking libsframe1:amd64 (2.44-3) ...
2026-10-02T09:50:17.9800575Z #6 6.323 Selecting previously unselected package binutils-common:amd64.
2026-10-02T09:50:17.9801026Z #6 6.324 Preparing to unpack .../06-binutils-common_2.44-3_amd64.deb ...
2026-10-02T09:50:17.9801420Z #6 6.325 Unpacking binutils-common:amd64 (2.44-3) ...
2026-10-02T09:50:17.9801801Z #6 6.443 Selecting previously unselected package libbinutils:amd64.
2026-10-02T09:50:18.0968687Z #6 6.445 Preparing to unpack .../07-libbinutils_2.44-3_amd64.deb ...
2026-10-02T09:50:18.0969403Z #6 6.446 Unpacking libbinutils:amd64 (2.44-3) ...
2026-10-02T09:50:18.0970003Z #6 6.484 Selecting previously unselected package libgprofng0:amd64.
2026-10-02T09:50:18.0970479Z #6 6.486 Preparing to unpack .../08-libgprofng0_2.44-3_amd64.deb ...
2026-10-02T09:50:18.0970907Z #6 6.487 Unpacking libgprofng0:amd64 (2.44-3) ...
2026-10-02T09:50:18.0971302Z #6 6.537 Selecting previously unselected package libctf-nobfd0:amd64.
2026-10-02T09:50:18.0971744Z #6 6.539 Preparing to unpack .../09-libctf-nobfd0_2.44-3_amd64.deb ...
2026-10-02T09:50:18.0972124Z #6 6.540 Unpacking libctf-nobfd0:amd64 (2.44-3) ...
2026-10-02T09:50:18.0972496Z #6 6.561 Selecting previously unselected package libctf0:amd64.
2026-10-02T09:50:18.2200648Z #6 6.562 Preparing to unpack .../10-libctf0_2.44-3_amd64.deb ...
2026-10-02T09:50:18.2201606Z #6 6.563 Unpacking libctf0:amd64 (2.44-3) ...
2026-10-02T09:50:18.2202399Z #6 6.580 Selecting previously unselected package libjansson4:amd64.
2026-10-02T09:50:18.2202881Z #6 6.581 Preparing to unpack .../11-libjansson4_2.14-2+b3_amd64.deb ...
2026-10-02T09:50:18.2203310Z #6 6.582 Unpacking libjansson4:amd64 (2.14-2+b3) ...
2026-10-02T09:50:18.2203726Z #6 6.597 Selecting previously unselected package binutils-x86-64-linux-gnu.
2026-10-02T09:50:18.2204253Z #6 6.598 Preparing to unpack .../12-binutils-x86-64-linux-gnu_2.44-3_amd64.deb ...
2026-10-02T09:50:18.2204698Z #6 6.599 Unpacking binutils-x86-64-linux-gnu (2.44-3) ...
2026-10-02T09:50:18.2205071Z #6 6.684 Selecting previously unselected package binutils.
2026-10-02T09:50:18.3240773Z #6 6.685 Preparing to unpack .../13-binutils_2.44-3_amd64.deb ...
2026-10-02T09:50:18.3241642Z #6 6.687 Unpacking binutils (2.44-3) ...
2026-10-02T09:50:18.3241993Z #6 6.714 Selecting previously unselected package gosu.
2026-10-02T09:50:18.3242409Z #6 6.715 Preparing to unpack .../14-gosu_1.17-3+b4_amd64.deb ...
2026-10-02T09:50:18.3242755Z #6 6.716 Unpacking gosu (1.17-3+b4) ...
2026-10-02T09:50:18.3243100Z #6 6.770 Selecting previously unselected package libatomic1:amd64.
2026-10-02T09:50:18.3243532Z #6 6.772 Preparing to unpack .../15-libatomic1_14.2.0-19_amd64.deb ...
2026-10-02T09:50:18.3244220Z #6 6.773 Unpacking libatomic1:amd64 (14.2.0-19) ...
2026-10-02T09:50:18.3244755Z #6 6.788 Selecting previously unselected package libelf1t64:amd64.
2026-10-02T09:50:18.4552561Z #6 6.789 Preparing to unpack .../16-libelf1t64_0.192-4_amd64.deb ...
2026-10-02T09:50:18.4553560Z #6 6.790 Unpacking libelf1t64:amd64 (0.192-4) ...
2026-10-02T09:50:18.4554328Z #6 6.813 Selecting previously unselected package libdw1t64:amd64.
2026-10-02T09:50:18.4555083Z #6 6.814 Preparing to unpack .../17-libdw1t64_0.192-4_amd64.deb ...
2026-10-02T09:50:18.4555695Z #6 6.815 Unpacking libdw1t64:amd64 (0.192-4) ...
2026-10-02T09:50:18.4556422Z #6 6.841 Selecting previously unselected package libglib2.0-0t64:amd64.
2026-10-02T09:50:18.4557539Z #6 6.842 Preparing to unpack .../18-libglib2.0-0t64_2.84.4-3~deb13u5_amd64.deb ...
2026-10-02T09:50:18.4558357Z #6 6.851 Unpacking libglib2.0-0t64:amd64 (2.84.4-3~deb13u5) ...
2026-10-02T09:50:18.4559102Z #6 6.919 Selecting previously unselected package libbabeltrace1:amd64.
2026-10-02T09:50:18.5662092Z #6 6.920 Preparing to unpack .../19-libbabeltrace1_1.5.11-4+b2_amd64.deb ...
2026-10-02T09:50:18.5662616Z #6 6.921 Unpacking libbabeltrace1:amd64 (1.5.11-4+b2) ...
2026-10-02T09:50:18.5663034Z #6 6.943 Selecting previously unselected package libbrotli1:amd64.
2026-10-02T09:50:18.5663491Z #6 6.945 Preparing to unpack .../20-libbrotli1_1.1.0-2+b7_amd64.deb ...
2026-10-02T09:50:18.5663892Z #6 6.945 Unpacking libbrotli1:amd64 (1.1.0-2+b7) ...
2026-10-02T09:50:18.5664282Z #6 6.973 Selecting previously unselected package libcom-err2:amd64.
2026-10-02T09:50:18.5664740Z #6 6.974 Preparing to unpack .../21-libcom-err2_1.47.2-3+b12_amd64.deb ...
2026-10-02T09:50:18.5665145Z #6 6.975 Unpacking libcom-err2:amd64 (1.47.2-3+b12) ...
2026-10-02T09:50:18.5665536Z #6 6.990 Selecting previously unselected package libunistring5:amd64.
2026-10-02T09:50:18.5665978Z #6 6.991 Preparing to unpack .../22-libunistring5_1.3-2_amd64.deb ...
2026-10-02T09:50:18.5666374Z #6 6.992 Unpacking libunistring5:amd64 (1.3-2) ...
2026-10-02T09:50:18.5667043Z #6 7.030 Selecting previously unselected package libidn2-0:amd64.
2026-10-02T09:50:18.6968621Z #6 7.031 Preparing to unpack .../23-libidn2-0_2.3.8-2_amd64.deb ...
2026-10-02T09:50:18.6969562Z #6 7.032 Unpacking libidn2-0:amd64 (2.3.8-2) ...
2026-10-02T09:50:18.6970504Z #6 7.053 Selecting previously unselected package libp11-kit0:amd64.
2026-10-02T09:50:18.6971028Z #6 7.054 Preparing to unpack .../24-libp11-kit0_0.25.5-3_amd64.deb ...
2026-10-02T09:50:18.6971438Z #6 7.055 Unpacking libp11-kit0:amd64 (0.25.5-3) ...
2026-10-02T09:50:18.6971831Z #6 7.086 Selecting previously unselected package libtasn1-6:amd64.
2026-10-02T09:50:18.6972282Z #6 7.087 Preparing to unpack .../25-libtasn1-6_4.20.0-2+deb13u1_amd64.deb ...
2026-10-02T09:50:18.6972707Z #6 7.088 Unpacking libtasn1-6:amd64 (4.20.0-2+deb13u1) ...
2026-10-02T09:50:18.6973107Z #6 7.105 Selecting previously unselected package libgnutls30t64:amd64.
2026-10-02T09:50:18.6973598Z #6 7.106 Preparing to unpack .../26-libgnutls30t64_3.8.9-3+deb13u4_amd64.deb ...
2026-10-02T09:50:18.6974057Z #6 7.106 Unpacking libgnutls30t64:amd64 (3.8.9-3+deb13u4) ...
2026-10-02T09:50:18.6974485Z #6 7.160 Selecting previously unselected package libkrb5support0:amd64.
2026-10-02T09:50:18.8077149Z #6 7.162 Preparing to unpack .../27-libkrb5support0_1.21.3-5+deb13u1_amd64.deb ...
2026-10-02T09:50:18.8078241Z #6 7.163 Unpacking libkrb5support0:amd64 (1.21.3-5+deb13u1) ...
2026-10-02T09:50:18.8079002Z #6 7.181 Selecting previously unselected package libk5crypto3:amd64.
2026-10-02T09:50:18.8079798Z #6 7.183 Preparing to unpack .../28-libk5crypto3_1.21.3-5+deb13u1_amd64.deb ...
2026-10-02T09:50:18.8080481Z #6 7.183 Unpacking libk5crypto3:amd64 (1.21.3-5+deb13u1) ...
2026-10-02T09:50:18.8081211Z #6 7.202 Selecting previously unselected package libkeyutils1:amd64.
2026-10-02T09:50:18.8081933Z #6 7.203 Preparing to unpack .../29-libkeyutils1_1.6.3-6_amd64.deb ...
2026-10-02T09:50:18.8082565Z #6 7.204 Unpacking libkeyutils1:amd64 (1.6.3-6) ...
2026-10-02T09:50:18.8083534Z #6 7.219 Selecting previously unselected package libkrb5-3:amd64.
2026-10-02T09:50:18.8084504Z #6 7.220 Preparing to unpack .../30-libkrb5-3_1.21.3-5+deb13u1_amd64.deb ...
2026-10-02T09:50:18.8085270Z #6 7.221 Unpacking libkrb5-3:amd64 (1.21.3-5+deb13u1) ...
2026-10-02T09:50:18.8085996Z #6 7.250 Selecting previously unselected package libgssapi-krb5-2:amd64.
2026-10-02T09:50:18.8087269Z #6 7.251 Preparing to unpack .../31-libgssapi-krb5-2_1.21.3-5+deb13u1_amd64.deb ...
2026-10-02T09:50:18.8088589Z #6 7.252 Unpacking libgssapi-krb5-2:amd64 (1.21.3-5+deb13u1) ...
2026-10-02T09:50:18.8089143Z #6 7.271 Selecting previously unselected package libsasl2-modules-db:amd64.
2026-10-02T09:50:18.9079090Z #6 7.273 Preparing to unpack .../32-libsasl2-modules-db_2.1.28+dfsg1-9_amd64.deb ...
2026-10-02T09:50:18.9079679Z #6 7.273 Unpacking libsasl2-modules-db:amd64 (2.1.28+dfsg1-9) ...
2026-10-02T09:50:18.9080394Z #6 7.289 Selecting previously unselected package libsasl2-2:amd64.
2026-10-02T09:50:18.9080889Z #6 7.290 Preparing to unpack .../33-libsasl2-2_2.1.28+dfsg1-9_amd64.deb ...
2026-10-02T09:50:18.9081324Z #6 7.291 Unpacking libsasl2-2:amd64 (2.1.28+dfsg1-9) ...
2026-10-02T09:50:18.9081701Z #6 7.308 Selecting previously unselected package libldap2:amd64.
2026-10-02T09:50:18.9082332Z #6 7.309 Preparing to unpack .../34-libldap2_2.6.10+dfsg-1_amd64.deb ...
2026-10-02T09:50:18.9082755Z #6 7.310 Unpacking libldap2:amd64 (2.6.10+dfsg-1) ...
2026-10-02T09:50:18.9083265Z #6 7.332 Selecting previously unselected package libnghttp2-14:amd64.
2026-10-02T09:50:18.9084074Z #6 7.333 Preparing to unpack .../35-libnghttp2-14_1.64.0-1.1+deb13u1_amd64.deb ...
2026-10-02T09:50:18.9084674Z #6 7.334 Unpacking libnghttp2-14:amd64 (1.64.0-1.1+deb13u1) ...
2026-10-02T09:50:18.9085273Z #6 7.351 Selecting previously unselected package libnghttp3-9:amd64.
2026-10-02T09:50:18.9086116Z #6 7.352 Preparing to unpack .../36-libnghttp3-9_1.8.0-1_amd64.deb ...
2026-10-02T09:50:18.9087185Z #6 7.353 Unpacking libnghttp3-9:amd64 (1.8.0-1) ...
2026-10-02T09:50:18.9087720Z #6 7.370 Selecting previously unselected package libngtcp2-16:amd64.
2026-10-02T09:50:18.9088185Z #6 7.372 Preparing to unpack .../37-libngtcp2-16_1.11.0-1+deb13u1_amd64.deb ...
2026-10-02T09:50:19.0078579Z #6 7.372 Unpacking libngtcp2-16:amd64 (1.11.0-1+deb13u1) ...
2026-10-02T09:50:19.0079478Z #6 7.392 Selecting previously unselected package libngtcp2-crypto-gnutls8:amd64.
2026-10-02T09:50:19.0080292Z #6 7.393 Preparing to unpack .../38-libngtcp2-crypto-gnutls8_1.11.0-1+deb13u1_amd64.deb ...
2026-10-02T09:50:19.0080951Z #6 7.394 Unpacking libngtcp2-crypto-gnutls8:amd64 (1.11.0-1+deb13u1) ...
2026-10-02T09:50:19.0081463Z #6 7.410 Selecting previously unselected package libpsl5t64:amd64.
2026-10-02T09:50:19.0082106Z #6 7.411 Preparing to unpack .../39-libpsl5t64_0.21.2-1.1+b1_amd64.deb ...
2026-10-02T09:50:19.0082517Z #6 7.412 Unpacking libpsl5t64:amd64 (0.21.2-1.1+b1) ...
2026-10-02T09:50:19.0083109Z #6 7.429 Selecting previously unselected package librtmp1:amd64.
2026-10-02T09:50:19.0084169Z #6 7.430 Preparing to unpack .../40-librtmp1_2.4+20151223.gitfa8646d.1-2+b5_amd64.deb ...
2026-10-02T09:50:19.0084757Z #6 7.430 Unpacking librtmp1:amd64 (2.4+20151223.gitfa8646d.1-2+b5) ...
2026-10-02T09:50:19.0085245Z #6 7.447 Selecting previously unselected package libssh2-1t64:amd64.
2026-10-02T09:50:19.0085845Z #6 7.448 Preparing to unpack .../41-libssh2-1t64_1.11.1-1+deb13u2_amd64.deb ...
2026-10-02T09:50:19.0086296Z #6 7.449 Unpacking libssh2-1t64:amd64 (1.11.1-1+deb13u2) ...
2026-10-02T09:50:19.0086996Z #6 7.470 Selecting previously unselected package libcurl3t64-gnutls:amd64.
2026-10-02T09:50:19.0087572Z #6 7.471 Preparing to unpack .../42-libcurl3t64-gnutls_8.14.1-2+deb13u5_amd64.deb ...
2026-10-02T09:50:19.0088417Z #6 7.472 Unpacking libcurl3t64-gnutls:amd64 (8.14.1-2+deb13u5) ...
2026-10-02T09:50:19.1190638Z #6 7.501 Selecting previously unselected package libjson-c5:amd64.
2026-10-02T09:50:19.1191601Z #6 7.502 Preparing to unpack .../43-libjson-c5_0.18+ds-1_amd64.deb ...
2026-10-02T09:50:19.1192633Z #6 7.503 Unpacking libjson-c5:amd64 (0.18+ds-1) ...
2026-10-02T09:50:19.1193687Z #6 7.520 Selecting previously unselected package libdebuginfod1t64:amd64.
2026-10-02T09:50:19.1194643Z #6 7.521 Preparing to unpack .../44-libdebuginfod1t64_0.192-4_amd64.deb ...
2026-10-02T09:50:19.1195251Z #6 7.522 Unpacking libdebuginfod1t64:amd64 (0.192-4) ...
2026-10-02T09:50:19.1196004Z #6 7.538 Selecting previously unselected package libnuma1:amd64.
2026-10-02T09:50:19.1197473Z #6 7.539 Preparing to unpack .../45-libnuma1_2.0.19-1_amd64.deb ...
2026-10-02T09:50:19.1198122Z #6 7.540 Unpacking libnuma1:amd64 (2.0.19-1) ...
2026-10-02T09:50:19.1198763Z #6 7.555 Selecting previously unselected package libopencsd1:amd64.
2026-10-02T09:50:19.1199510Z #6 7.557 Preparing to unpack .../46-libopencsd1_1.5.5-1_amd64.deb ...
2026-10-02T09:50:19.1200150Z #6 7.558 Unpacking libopencsd1:amd64 (1.5.5-1) ...
2026-10-02T09:50:19.1200810Z #6 7.583 Selecting previously unselected package libpython3.13:amd64.
2026-10-02T09:50:19.2303648Z #6 7.584 Preparing to unpack .../47-libpython3.13_3.13.5-2+deb13u5_amd64.deb ...
2026-10-02T09:50:19.2304236Z #6 7.585 Unpacking libpython3.13:amd64 (3.13.5-2+deb13u5) ...
2026-10-02T09:50:19.2304665Z #6 7.694 Selecting previously unselected package libslang2:amd64.
2026-10-02T09:50:19.3365179Z #6 7.696 Preparing to unpack .../48-libslang2_2.3.3-5+b2_amd64.deb ...
2026-10-02T09:50:19.3365821Z #6 7.696 Unpacking libslang2:amd64 (2.3.3-5+b2) ...
2026-10-02T09:50:19.3366246Z #6 7.735 Selecting previously unselected package libtraceevent1:amd64.
2026-10-02T09:50:19.3367062Z #6 7.737 Preparing to unpack .../49-libtraceevent1_1%3a1.8.4-2_amd64.deb ...
2026-10-02T09:50:19.3367822Z #6 7.737 Unpacking libtraceevent1:amd64 (1:1.8.4-2) ...
2026-10-02T09:50:19.3368503Z #6 7.754 Selecting previously unselected package libunwind8:amd64.
2026-10-02T09:50:19.3369027Z #6 7.755 Preparing to unpack .../50-libunwind8_1.8.1-0.1_amd64.deb ...
2026-10-02T09:50:19.3369433Z #6 7.756 Unpacking libunwind8:amd64 (1.8.1-0.1) ...
2026-10-02T09:50:19.3369833Z #6 7.776 Selecting previously unselected package linux-perf.
2026-10-02T09:50:19.3370452Z #6 7.777 Preparing to unpack .../51-linux-perf_6.12.111-1_amd64.deb ...
2026-10-02T09:50:19.3370974Z #6 7.786 Adding 'diversion of /usr/bin/perf to /usr/bin/perf.wrapper by linux-perf'
2026-10-02T09:50:19.3371916Z #6 7.793 Adding 'diversion of /usr/share/bash-completion/completions/perf to /usr/share/bash-completion/completions/perf.wrapper by linux-perf'
2026-10-02T09:50:19.3372833Z #6 7.800 Adding 'diversion of /usr/share/man/man1/perf.1.gz to /usr/share/man/man1/perf.wrapper.1.gz by linux-perf'
2026-10-02T09:50:19.4891113Z #6 7.802 Unpacking linux-perf (6.12.111-1) ...
2026-10-02T09:50:19.5227019Z #6 7.986 Setting up media-types (13.0.0) ...
2026-10-02T09:50:19.7718703Z #6 7.989 Setting up libtext-charwidth-perl:amd64 (0.04-11+b4) ...
2026-10-02T09:50:19.7719466Z #6 7.991 Setting up libkeyutils1:amd64 (1.6.3-6) ...
2026-10-02T09:50:19.7720129Z #6 7.993 Setting up libgdbm-compat4t64:amd64 (1.24-2) ...
2026-10-02T09:50:19.7720750Z #6 7.995 Setting up libbrotli1:amd64 (1.1.0-2+b7) ...
2026-10-02T09:50:19.7721390Z #6 7.997 Setting up binutils-common:amd64 (2.44-3) ...
2026-10-02T09:50:19.7722013Z #6 7.999 Setting up libnghttp2-14:amd64 (1.64.0-1.1+deb13u1) ...
2026-10-02T09:50:19.7722841Z #6 8.001 Setting up libctf-nobfd0:amd64 (2.44-3) ...
2026-10-02T09:50:19.7723597Z #6 8.003 Setting up libcom-err2:amd64 (1.47.2-3+b12) ...
2026-10-02T09:50:19.7724308Z #6 8.005 Setting up libunwind8:amd64 (1.8.1-0.1) ...
2026-10-02T09:50:19.7725073Z #6 8.007 Setting up libtext-wrapi18n-perl (0.06-10) ...
2026-10-02T09:50:19.7725820Z #6 8.008 Setting up libsframe1:amd64 (2.44-3) ...
2026-10-02T09:50:19.7726541Z #6 8.011 Setting up libelf1t64:amd64 (0.192-4) ...
2026-10-02T09:50:19.7727599Z #6 8.012 Setting up libjansson4:amd64 (2.14-2+b3) ...
2026-10-02T09:50:19.7728412Z #6 8.015 Setting up libkrb5support0:amd64 (1.21.3-5+deb13u1) ...
2026-10-02T09:50:19.7729211Z #6 8.016 Setting up libdw1t64:amd64 (0.192-4) ...
2026-10-02T09:50:19.7730427Z #6 8.018 Setting up libsasl2-modules-db:amd64 (2.1.28+dfsg1-9) ...
2026-10-02T09:50:19.7731518Z #6 8.020 Setting up libslang2:amd64 (2.3.3-5+b2) ...
2026-10-02T09:50:19.7732309Z #6 8.022 Setting up libopencsd1:amd64 (1.5.5-1) ...
2026-10-02T09:50:19.7732912Z #6 8.024 Setting up gosu (1.17-3+b4) ...
2026-10-02T09:50:19.7733467Z #6 8.026 Setting up libp11-kit0:amd64 (0.25.5-3) ...
2026-10-02T09:50:19.7734068Z #6 8.028 Setting up libproc2-0:amd64 (2:4.0.4-9) ...
2026-10-02T09:50:19.7734642Z #6 8.030 Setting up libunistring5:amd64 (1.3-2) ...
2026-10-02T09:50:19.7735242Z #6 8.031 Setting up libatomic1:amd64 (14.2.0-19) ...
2026-10-02T09:50:19.7735877Z #6 8.033 Setting up libk5crypto3:amd64 (1.21.3-5+deb13u1) ...
2026-10-02T09:50:19.7736538Z #6 8.035 Setting up libsasl2-2:amd64 (2.1.28+dfsg1-9) ...
2026-10-02T09:50:19.7737411Z #6 8.037 Setting up libnghttp3-9:amd64 (1.8.0-1) ...
2026-10-02T09:50:19.7738013Z #6 8.039 Setting up libnuma1:amd64 (2.0.19-1) ...
2026-10-02T09:50:19.7738671Z #6 8.041 Setting up perl-modules-5.40 (5.40.1-6+deb13u1) ...
2026-10-02T09:50:19.7739305Z #6 8.043 Setting up sensible-utils (0.0.25) ...
2026-10-02T09:50:19.7739924Z #6 8.045 Setting up libtraceevent1:amd64 (1:1.8.4-2) ...
2026-10-02T09:50:19.7740504Z #6 8.047 Setting up procps (2:4.0.4-9) ...
2026-10-02T09:50:19.7741082Z #6 8.063 Setting up libtasn1-6:amd64 (4.20.0-2+deb13u1) ...
2026-10-02T09:50:19.7741746Z #6 8.065 Setting up libngtcp2-16:amd64 (1.11.0-1+deb13u1) ...
2026-10-02T09:50:19.7742421Z #6 8.067 Setting up libkrb5-3:amd64 (1.21.3-5+deb13u1) ...
2026-10-02T09:50:19.7743092Z #6 8.069 Setting up libssh2-1t64:amd64 (1.11.1-1+deb13u2) ...
2026-10-02T09:50:19.7743721Z #6 8.071 Setting up libbinutils:amd64 (2.44-3) ...
2026-10-02T09:50:19.7744407Z #6 8.073 Setting up libpython3.13-stdlib:amd64 (3.13.5-2+deb13u5) ...
2026-10-02T09:50:19.7745110Z #6 8.075 Setting up libjson-c5:amd64 (0.18+ds-1) ...
2026-10-02T09:50:19.7745711Z #6 8.077 Setting up libldap2:amd64 (2.6.10+dfsg-1) ...
2026-10-02T09:50:19.7746350Z #6 8.079 Setting up libpython3-stdlib:amd64 (3.13.5-1) ...
2026-10-02T09:50:19.7747169Z #6 8.081 Setting up libctf0:amd64 (2.44-3) ...
2026-10-02T09:50:19.7747804Z #6 8.083 Setting up libpython3.13:amd64 (3.13.5-2+deb13u5) ...
2026-10-02T09:50:19.7748465Z #6 8.085 Setting up python3.13 (3.13.5-2+deb13u5) ...
2026-10-02T09:50:20.3249527Z #6 8.789 Setting up python3 (3.13.5-1) ...
2026-10-02T09:50:20.4587439Z #6 8.795 running python rtupdate hooks for python3.13...
2026-10-02T09:50:20.4587928Z #6 8.922 running python post-rtupdate hooks for python3.13...
2026-10-02T09:50:20.5640985Z #6 8.999 Setting up libidn2-0:amd64 (2.3.8-2) ...
2026-10-02T09:50:20.5641466Z #6 9.001 Setting up libperl5.40:amd64 (5.40.1-6+deb13u1) ...
2026-10-02T09:50:20.5641876Z #6 9.003 Setting up perl (5.40.1-6+deb13u1) ...
2026-10-02T09:50:20.5642507Z #6 9.008 Setting up libglib2.0-0t64:amd64 (2.84.4-3~deb13u5) ...
2026-10-02T09:50:20.5642916Z #6 9.013 No schema files found: doing nothing.
2026-10-02T09:50:20.5643303Z #6 9.017 Setting up libgprofng0:amd64 (2.44-3) ...
2026-10-02T09:50:20.5643784Z #6 9.019 Setting up libgssapi-krb5-2:amd64 (1.21.3-5+deb13u1) ...
2026-10-02T09:50:20.5644378Z #6 9.022 Setting up ucf (3.0052) ...
2026-10-02T09:50:20.5644933Z #6 9.028 Setting up libbabeltrace1:amd64 (1.5.11-4+b2) ...
2026-10-02T09:50:20.6725574Z #6 9.030 Setting up binutils-x86-64-linux-gnu (2.44-3) ...
2026-10-02T09:50:20.6726516Z #6 9.032 Setting up libgnutls30t64:amd64 (3.8.9-3+deb13u4) ...
2026-10-02T09:50:20.6727416Z #6 9.034 Setting up libdebuginfod-common (0.192-4) ...
2026-10-02T09:50:20.6727831Z #6 9.102 debconf: unable to initialize frontend: Dialog
2026-10-02T09:50:20.6728273Z #6 9.102 debconf: (TERM is not set, so the dialog frontend is not usable.)
2026-10-02T09:50:20.6728684Z #6 9.102 debconf: falling back to frontend: Readline
2026-10-02T09:50:20.6729031Z #6 9.109 debconf: unable to initialize frontend: Readline
2026-10-02T09:50:20.6729403Z #6 9.109 debconf: (This frontend requires a controlling tty.)
2026-10-02T09:50:20.6730069Z #6 9.109 debconf: falling back to frontend: Teletype
2026-10-02T09:50:20.6730594Z #6 9.114 debconf: unable to initialize frontend: Teletype
2026-10-02T09:50:20.6730992Z #6 9.114 debconf: (This frontend requires a controlling tty.)
2026-10-02T09:50:20.6731371Z #6 9.114 debconf: falling back to frontend: Noninteractive
2026-10-02T09:50:20.6731733Z #6 9.136 Setting up libpsl5t64:amd64 (0.21.2-1.1+b1) ...
2026-10-02T09:50:20.9194447Z #6 9.139 Setting up binutils (2.44-3) ...
2026-10-02T09:50:20.9195167Z #6 9.142 Setting up librtmp1:amd64 (2.4+20151223.gitfa8646d.1-2+b5) ...
2026-10-02T09:50:20.9196010Z #6 9.144 Setting up libngtcp2-crypto-gnutls8:amd64 (1.11.0-1+deb13u1) ...
2026-10-02T09:50:20.9198211Z #6 9.146 Setting up libcurl3t64-gnutls:amd64 (8.14.1-2+deb13u5) ...
2026-10-02T09:50:20.9198974Z #6 9.148 Setting up libdebuginfod1t64:amd64 (0.192-4) ...
2026-10-02T09:50:20.9199574Z #6 9.150 Setting up linux-perf (6.12.111-1) ...
2026-10-02T09:50:20.9200187Z #6 9.232 Processing triggers for libc-bin (2.41-12+deb13u4) ...
2026-10-02T09:50:20.9916349Z #6 DONE 9.5s
2026-10-02T09:50:21.1433958Z 
2026-10-02T09:50:21.1458265Z #7 exporting to image
2026-10-02T09:50:21.1458901Z #7 exporting layers
2026-10-02T09:50:21.9597935Z #7 exporting layers 1.0s done
2026-10-02T09:50:21.9775088Z #7 writing image sha256:4a2e1734c8b1a8b831c49b418a9193d8f1be41e553b074f62f8b0968bdb658b9 done
2026-10-02T09:50:21.9776144Z #7 naming to docker.io/library/mini-drop-analyzer-toolchain:ci done
2026-10-02T09:50:21.9777078Z #7 DONE 1.0s
2026-10-02T09:50:21.9865805Z ##[group]Run python scripts/verify_perf_source_toolchain.py --toolchain-image mini-drop-analyzer-toolchain:ci --cpp-image mini-drop-cpp-hotspot:ci --output output/quality-observation-controls/perf-source-toolchain
2026-10-02T09:50:21.9867678Z [36;1mpython scripts/verify_perf_source_toolchain.py --toolchain-image mini-drop-analyzer-toolchain:ci --cpp-image mini-drop-cpp-hotspot:ci --output output/quality-observation-controls/perf-source-toolchain[0m
2026-10-02T09:50:21.9941061Z shell: /usr/bin/bash -e {0}
2026-10-02T09:50:21.9941309Z env:
2026-10-02T09:50:21.9941577Z   pythonLocation: /opt/hostedtoolcache/Python/3.11.16/x64
2026-10-02T09:50:21.9942028Z   PKG_CONFIG_PATH: /opt/hostedtoolcache/Python/3.11.16/x64/lib/pkgconfig
2026-10-02T09:50:21.9942468Z   Python_ROOT_DIR: /opt/hostedtoolcache/Python/3.11.16/x64
2026-10-02T09:50:21.9942843Z   Python2_ROOT_DIR: /opt/hostedtoolcache/Python/3.11.16/x64
2026-10-02T09:50:21.9943266Z   Python3_ROOT_DIR: /opt/hostedtoolcache/Python/3.11.16/x64
2026-10-02T09:50:21.9943649Z   LD_LIBRARY_PATH: /opt/hostedtoolcache/Python/3.11.16/x64/lib
2026-10-02T09:50:21.9943972Z ##[endgroup]
2026-10-02T09:50:23.4168290Z {"scope": "TOOLCHAIN_SMOKE", "passed": true, "cleanup_verified": true}
2026-10-02T09:50:23.4273714Z ##[group]Run python scripts/verify_runtime_observation_controls.py --runtime python --image mini-drop-python-hotspot:ci --output output/quality-observation-controls/python
2026-10-02T09:50:23.4275012Z [36;1mpython scripts/verify_runtime_observation_controls.py --runtime python --image mini-drop-python-hotspot:ci --output output/quality-observation-controls/python[0m
2026-10-02T09:50:23.4276186Z [36;1mpython scripts/verify_runtime_observation_controls.py --runtime java --image mini-drop-java-hotspot:ci --output output/quality-observation-controls/java[0m
2026-10-02T09:50:23.4277586Z [36;1mpython scripts/verify_runtime_observation_controls.py --runtime cpp --image mini-drop-cpp-hotspot:ci --output output/quality-observation-controls/cpp[0m
2026-10-02T09:50:23.4350620Z shell: /usr/bin/bash -e {0}
2026-10-02T09:50:23.4350887Z env:
2026-10-02T09:50:23.4351172Z   pythonLocation: /opt/hostedtoolcache/Python/3.11.16/x64
2026-10-02T09:50:23.4351683Z   PKG_CONFIG_PATH: /opt/hostedtoolcache/Python/3.11.16/x64/lib/pkgconfig
2026-10-02T09:50:23.4352165Z   Python_ROOT_DIR: /opt/hostedtoolcache/Python/3.11.16/x64
2026-10-02T09:50:23.4352573Z   Python2_ROOT_DIR: /opt/hostedtoolcache/Python/3.11.16/x64
2026-10-02T09:50:23.4353175Z   Python3_ROOT_DIR: /opt/hostedtoolcache/Python/3.11.16/x64
2026-10-02T09:50:23.4353603Z   LD_LIBRARY_PATH: /opt/hostedtoolcache/Python/3.11.16/x64/lib
2026-10-02T09:50:23.4353955Z ##[endgroup]
2026-10-02T09:50:47.1269075Z {"runtime": "python", "passed": true, "cleanup": true}
2026-10-02T09:51:02.6704216Z {"runtime": "java", "passed": true, "cleanup": true}
2026-10-02T09:51:17.6127354Z {"runtime": "cpp", "passed": true, "cleanup": true}
2026-10-02T09:51:17.6315962Z ##[group]Run actions/upload-artifact@v4
2026-10-02T09:51:17.6316269Z with:
2026-10-02T09:51:17.6316598Z   name: observation-controls-d2b5cacfa5ac3bd156736d41e248c7bbc77ebecf-1
2026-10-02T09:51:17.6317322Z   path: output/quality-observation-controls/
2026-10-02T09:51:17.6317625Z   if-no-files-found: error
2026-10-02T09:51:17.6317857Z   retention-days: 14
2026-10-02T09:51:17.6318071Z   compression-level: 6
2026-10-02T09:51:17.6318279Z   overwrite: false
2026-10-02T09:51:17.6318486Z   include-hidden-files: false
2026-10-02T09:51:17.6318726Z env:
2026-10-02T09:51:17.6318980Z   pythonLocation: /opt/hostedtoolcache/Python/3.11.16/x64
2026-10-02T09:51:17.6319409Z   PKG_CONFIG_PATH: /opt/hostedtoolcache/Python/3.11.16/x64/lib/pkgconfig
2026-10-02T09:51:17.6319825Z   Python_ROOT_DIR: /opt/hostedtoolcache/Python/3.11.16/x64
2026-10-02T09:51:17.6320202Z   Python2_ROOT_DIR: /opt/hostedtoolcache/Python/3.11.16/x64
2026-10-02T09:51:17.6320618Z   Python3_ROOT_DIR: /opt/hostedtoolcache/Python/3.11.16/x64
2026-10-02T09:51:17.6321015Z   LD_LIBRARY_PATH: /opt/hostedtoolcache/Python/3.11.16/x64/lib
2026-10-02T09:51:17.6321340Z ##[endgroup]
2026-10-02T09:51:17.8156403Z (node:4466) [DEP0040] DeprecationWarning: The `punycode` module is deprecated. Please use a userland alternative instead.
2026-10-02T09:51:17.8157945Z (Use `node --trace-deprecation ...` to show where the warning was created)
2026-10-02T09:51:17.8289426Z With the provided path, there will be 7 files uploaded
2026-10-02T09:51:17.8289968Z Artifact name is valid!
2026-10-02T09:51:17.8290355Z Root directory input is valid!
2026-10-02T09:51:18.0205183Z Beginning upload of artifact content to blob storage
2026-10-02T09:51:18.1313823Z (node:4466) [DEP0169] DeprecationWarning: `url.parse()` behavior is not standardized and prone to errors that have security implications. Use the WHATWG URL API instead. CVEs are not issued for `url.parse()` vulnerabilities.
2026-10-02T09:51:18.1850724Z Uploaded bytes 868352
2026-10-02T09:51:18.1989143Z Finished uploading artifact content to blob storage!
2026-10-02T09:51:18.1990155Z SHA256 digest of uploaded artifact zip is bc20921bcea45cf1e9436151794b2a3762a48f934d8b00c6f81e46c5a2dcebea
2026-10-02T09:51:18.1992661Z Finalizing artifact upload
2026-10-02T09:51:18.4306176Z Artifact observation-controls-d2b5cacfa5ac3bd156736d41e248c7bbc77ebecf-1.zip successfully finalized. Artifact ID 11219967399
2026-10-02T09:51:18.4308166Z Artifact observation-controls-d2b5cacfa5ac3bd156736d41e248c7bbc77ebecf-1 has been successfully uploaded! Final size is 868352 bytes. Artifact ID is 11219967399
2026-10-02T09:51:18.4314509Z Artifact download URL: https://github.com/llongwang751-arch/mini-drop/actions/runs/36992014614/artifacts/11219967399
2026-10-02T09:51:18.4494773Z Post job cleanup.
2026-10-02T09:51:18.5751796Z (node:4479) [DEP0040] DeprecationWarning: The `punycode` module is deprecated. Please use a userland alternative instead.
2026-10-02T09:51:18.5752722Z (Use `node --trace-deprecation ...` to show where the warning was created)
2026-10-02T09:51:18.5907617Z Post job cleanup.
2026-10-02T09:51:18.6993456Z [command]/usr/bin/git version
2026-10-02T09:51:18.7045763Z git version 2.55.0
2026-10-02T09:51:18.7089427Z Temporarily overriding HOME='/home/runner/work/_temp/2808598c-db08-45f1-baac-ced178c19be7' before making global git config changes
2026-10-02T09:51:18.7093158Z Adding repository directory to the temporary git global config as a safe directory
2026-10-02T09:51:18.7096207Z [command]/usr/bin/git config --global --add safe.directory /home/runner/work/mini-drop/mini-drop
2026-10-02T09:51:18.7140751Z [command]/usr/bin/git config --local --name-only --get-regexp core\.sshCommand
2026-10-02T09:51:18.7182973Z [command]/usr/bin/git submodule foreach --recursive sh -c "git config --local --name-only --get-regexp 'core\.sshCommand' && git config --local --unset-all 'core.sshCommand' || :"
2026-10-02T09:51:18.7542475Z [command]/usr/bin/git config --local --name-only --get-regexp http\.https\:\/\/github\.com\/\.extraheader
2026-10-02T09:51:18.7564580Z http.https://github.com/.extraheader
2026-10-02T09:51:18.7577401Z [command]/usr/bin/git config --local --unset-all http.https://github.com/.extraheader
2026-10-02T09:51:18.7621015Z [command]/usr/bin/git submodule foreach --recursive sh -c "git config --local --name-only --get-regexp 'http\.https\:\/\/github\.com\/\.extraheader' && git config --local --unset-all 'http.https://github.com/.extraheader' || :"
2026-10-02T09:51:18.7957814Z [command]/usr/bin/git config --local --name-only --get-regexp ^includeIf\.gitdir:
2026-10-02T09:51:18.7998698Z [command]/usr/bin/git submodule foreach --recursive git config --local --show-origin --name-only --get-regexp remote.origin.url
2026-10-02T09:51:18.8497179Z Cleaning up orphan processes
2026-10-02T09:51:18.8872524Z ##[warning]Node.js 20 is deprecated. The following actions target Node.js 20 but are being forced to run on Node.js 24: actions/checkout@v4, actions/setup-python@v5, actions/upload-artifact@v4. For more information see: https://github.blog/changelog/2025-09-19-deprecation-of-node-20-on-github-actions-runners/
