2026-10-02T09:49:43.8873442Z Current runner version: '2.337.0'
2026-10-02T09:49:43.8899847Z ##[group]Runner Image Provisioner
2026-10-02T09:49:43.8901270Z Hosted Compute Agent
2026-10-02T09:49:43.8901928Z Version: 20260901.588
2026-10-02T09:49:43.8902573Z Commit: f88ec8081b781fac6c440065ac7ff9e710ce3d0b
2026-10-02T09:49:43.8903431Z Build Date: 2026-09-01T19:56:44Z
2026-10-02T09:49:43.8904163Z Worker ID: {13dfbc4a-2755-4329-a148-eb31fb45bf7a}
2026-10-02T09:49:43.8904968Z Azure Region: eastus
2026-10-02T09:49:43.8905604Z ##[endgroup]
2026-10-02T09:49:43.8907200Z ##[group]Operating System
2026-10-02T09:49:43.8908028Z Ubuntu
2026-10-02T09:49:43.8908563Z 22.04.5
2026-10-02T09:49:43.8909152Z LTS
2026-10-02T09:49:43.8909701Z ##[endgroup]
2026-10-02T09:49:43.8910635Z ##[group]Runner Image
2026-10-02T09:49:43.8911422Z Image: ubuntu-22.04
2026-10-02T09:49:43.8912012Z Version: 20260927.309.1
2026-10-02T09:49:43.8913395Z Included Software: https://github.com/actions/runner-images/blob/ubuntu22/20260927.309/images/ubuntu/Ubuntu2204-Readme.md
2026-10-02T09:49:43.8914979Z Image Release: https://github.com/actions/runner-images/releases/tag/ubuntu22%2F20260927.309
2026-10-02T09:49:43.8916084Z ##[endgroup]
2026-10-02T09:49:43.8917396Z ##[group]GITHUB_TOKEN Permissions
2026-10-02T09:49:43.8919809Z Contents: read
2026-10-02T09:49:43.8920678Z Metadata: read
2026-10-02T09:49:43.8921505Z Packages: read
2026-10-02T09:49:43.8922118Z ##[endgroup]
2026-10-02T09:49:43.8924363Z Secret source: Actions
2026-10-02T09:49:43.8925366Z Cache mode: write
2026-10-02T09:49:43.8926351Z Prepare workflow directory
2026-10-02T09:49:43.9288595Z Prepare all required actions
2026-10-02T09:49:43.9340126Z Getting action download info
2026-10-02T09:49:44.1815761Z Download action repository 'actions/checkout@v4' (SHA:11d5960a326750d5838078e36cf38b85af677262)
2026-10-02T09:49:44.2855939Z Download action repository 'actions/setup-node@v4' (SHA:49933ea5288caeca8642d1e84afbd3f7d6820020)
2026-10-02T09:49:44.4537714Z Download action repository 'actions/upload-artifact@v4' (SHA:ea165f8d65b6e75b540449e92b4886f43607fa02)
2026-10-02T09:49:44.6893042Z Complete job name: Web (real Chromium, synthetic fixtures)
2026-10-02T09:49:44.7775253Z ##[group]Run actions/checkout@v4
2026-10-02T09:49:44.7776194Z with:
2026-10-02T09:49:44.7776683Z   repository: llongwang751-arch/mini-drop
2026-10-02T09:49:44.7780775Z   token: ***
2026-10-02T09:49:44.7781240Z   ssh-strict: true
2026-10-02T09:49:44.7781683Z   ssh-user: git
2026-10-02T09:49:44.7782135Z   persist-credentials: true
2026-10-02T09:49:44.7782638Z   clean: true
2026-10-02T09:49:44.7783090Z   sparse-checkout-cone-mode: true
2026-10-02T09:49:44.7783618Z   fetch-depth: 1
2026-10-02T09:49:44.7784044Z   fetch-tags: false
2026-10-02T09:49:44.7784489Z   show-progress: true
2026-10-02T09:49:44.7784933Z   lfs: false
2026-10-02T09:49:44.7785339Z   submodules: false
2026-10-02T09:49:44.7785796Z   set-safe-directory: true
2026-10-02T09:49:44.7786306Z   allow-unsafe-pr-checkout: false
2026-10-02T09:49:44.7787133Z ##[endgroup]
2026-10-02T09:49:44.9008709Z Syncing repository: llongwang751-arch/mini-drop
2026-10-02T09:49:44.9012377Z ##[group]Getting Git version info
2026-10-02T09:49:44.9013786Z Working directory is '/home/runner/work/mini-drop/mini-drop'
2026-10-02T09:49:44.9015670Z [command]/usr/bin/git version
2026-10-02T09:49:44.9107841Z git version 2.55.0
2026-10-02T09:49:44.9187194Z ##[endgroup]
2026-10-02T09:49:44.9195185Z Temporarily overriding HOME='/home/runner/work/_temp/a53f88b1-9b01-4f08-9f76-0ae0d2a18f84' before making global git config changes
2026-10-02T09:49:44.9197891Z Adding repository directory to the temporary git global config as a safe directory
2026-10-02T09:49:44.9200642Z [command]/usr/bin/git config --global --add safe.directory /home/runner/work/mini-drop/mini-drop
2026-10-02T09:49:44.9254039Z Deleting the contents of '/home/runner/work/mini-drop/mini-drop'
2026-10-02T09:49:44.9259912Z ##[group]Initializing the repository
2026-10-02T09:49:44.9265734Z [command]/usr/bin/git init /home/runner/work/mini-drop/mini-drop
2026-10-02T09:49:44.9411796Z hint: Using 'master' as the name for the initial branch. This default branch name
2026-10-02T09:49:44.9433148Z hint: will change to "main" in Git 3.0. To configure the initial branch name
2026-10-02T09:49:44.9435129Z hint: to use in all of your new repositories, which will suppress this warning,
2026-10-02T09:49:44.9436543Z hint: call:
2026-10-02T09:49:44.9437355Z hint:
2026-10-02T09:49:44.9438316Z hint: 	git config --global init.defaultBranch <name>
2026-10-02T09:49:44.9439575Z hint:
2026-10-02T09:49:44.9441073Z hint: Names commonly chosen instead of 'master' are 'main', 'trunk' and
2026-10-02T09:49:44.9446817Z hint: 'development'. The just-created branch can be renamed via this command:
2026-10-02T09:49:44.9448239Z hint:
2026-10-02T09:49:44.9449137Z hint: 	git branch -m <name>
2026-10-02T09:49:44.9450131Z hint:
2026-10-02T09:49:44.9451746Z hint: Disable this message with "git config set advice.defaultBranchName false"
2026-10-02T09:49:44.9453970Z Initialized empty Git repository in /home/runner/work/mini-drop/mini-drop/.git/
2026-10-02T09:49:44.9466047Z [command]/usr/bin/git remote add origin https://github.com/llongwang751-arch/mini-drop
2026-10-02T09:49:44.9484183Z ##[endgroup]
2026-10-02T09:49:44.9485784Z ##[group]Disabling automatic garbage collection
2026-10-02T09:49:44.9489021Z [command]/usr/bin/git config --local gc.auto 0
2026-10-02T09:49:44.9540052Z ##[endgroup]
2026-10-02T09:49:44.9542111Z ##[group]Setting up auth
2026-10-02T09:49:44.9549948Z [command]/usr/bin/git config --local --name-only --get-regexp core\.sshCommand
2026-10-02T09:49:44.9624723Z [command]/usr/bin/git submodule foreach --recursive sh -c "git config --local --name-only --get-regexp 'core\.sshCommand' && git config --local --unset-all 'core.sshCommand' || :"
2026-10-02T09:49:45.0141271Z [command]/usr/bin/git config --local --name-only --get-regexp http\.https\:\/\/github\.com\/\.extraheader
2026-10-02T09:49:45.0186881Z [command]/usr/bin/git submodule foreach --recursive sh -c "git config --local --name-only --get-regexp 'http\.https\:\/\/github\.com\/\.extraheader' && git config --local --unset-all 'http.https://github.com/.extraheader' || :"
2026-10-02T09:49:45.0479159Z [command]/usr/bin/git config --local --name-only --get-regexp ^includeIf\.gitdir:
2026-10-02T09:49:45.0526139Z [command]/usr/bin/git submodule foreach --recursive git config --local --show-origin --name-only --get-regexp remote.origin.url
2026-10-02T09:49:45.0818080Z [command]/usr/bin/git config --local http.https://github.com/.extraheader AUTHORIZATION: basic ***
2026-10-02T09:49:45.0868075Z ##[endgroup]
2026-10-02T09:49:45.0868915Z ##[group]Fetching the repository
2026-10-02T09:49:45.0880493Z [command]/usr/bin/git -c protocol.version=2 fetch --no-tags --prune --no-recurse-submodules --depth=1 origin +d2b5cacfa5ac3bd156736d41e248c7bbc77ebecf:refs/remotes/pull/1/merge
2026-10-02T09:49:52.0892581Z From https://github.com/llongwang751-arch/mini-drop
2026-10-02T09:49:52.0895041Z  * [new ref]         d2b5cacfa5ac3bd156736d41e248c7bbc77ebecf -> pull/1/merge
2026-10-02T09:49:52.0900013Z ##[endgroup]
2026-10-02T09:49:52.0902390Z ##[group]Determining the checkout info
2026-10-02T09:49:52.0904854Z ##[endgroup]
2026-10-02T09:49:52.0906360Z [command]/usr/bin/git sparse-checkout disable
2026-10-02T09:49:52.1013586Z [command]/usr/bin/git config --local --unset-all extensions.worktreeConfig
2026-10-02T09:49:52.1060161Z ##[group]Checking out the ref
2026-10-02T09:49:52.1064916Z [command]/usr/bin/git checkout --progress --force refs/remotes/pull/1/merge
2026-10-02T09:49:53.1291195Z Updating files:  63% (2782/4370)
2026-10-02T09:49:53.1336921Z Updating files:  64% (2797/4370)
2026-10-02T09:49:53.1388653Z Updating files:  65% (2841/4370)
2026-10-02T09:49:53.1420972Z Updating files:  66% (2885/4370)
2026-10-02T09:49:53.1475712Z Updating files:  67% (2928/4370)
2026-10-02T09:49:53.1512171Z Updating files:  68% (2972/4370)
2026-10-02T09:49:53.1729911Z Updating files:  69% (3016/4370)
2026-10-02T09:49:53.2039155Z Updating files:  70% (3059/4370)
2026-10-02T09:49:53.2232113Z Updating files:  71% (3103/4370)
2026-10-02T09:49:53.2287350Z Updating files:  72% (3147/4370)
2026-10-02T09:49:53.2352906Z Updating files:  73% (3191/4370)
2026-10-02T09:49:53.2424111Z Updating files:  74% (3234/4370)
2026-10-02T09:49:53.2518290Z Updating files:  75% (3278/4370)
2026-10-02T09:49:53.2572298Z Updating files:  76% (3322/4370)
2026-10-02T09:49:53.2617696Z Updating files:  77% (3365/4370)
2026-10-02T09:49:53.2640050Z Updating files:  78% (3409/4370)
2026-10-02T09:49:53.2691311Z Updating files:  79% (3453/4370)
2026-10-02T09:49:53.2733075Z Updating files:  80% (3496/4370)
2026-10-02T09:49:53.2773907Z Updating files:  81% (3540/4370)
2026-10-02T09:49:53.2843637Z Updating files:  82% (3584/4370)
2026-10-02T09:49:53.2883877Z Updating files:  83% (3628/4370)
2026-10-02T09:49:53.2939314Z Updating files:  84% (3671/4370)
2026-10-02T09:49:53.3041702Z Updating files:  85% (3715/4370)
2026-10-02T09:49:53.3102567Z Updating files:  86% (3759/4370)
2026-10-02T09:49:53.3164928Z Updating files:  87% (3802/4370)
2026-10-02T09:49:53.3196002Z Updating files:  88% (3846/4370)
2026-10-02T09:49:53.3232287Z Updating files:  89% (3890/4370)
2026-10-02T09:49:53.3265748Z Updating files:  90% (3933/4370)
2026-10-02T09:49:53.3342358Z Updating files:  91% (3977/4370)
2026-10-02T09:49:53.3368332Z Updating files:  92% (4021/4370)
2026-10-02T09:49:53.3411620Z Updating files:  93% (4065/4370)
2026-10-02T09:49:53.3451012Z Updating files:  94% (4108/4370)
2026-10-02T09:49:53.3503275Z Updating files:  95% (4152/4370)
2026-10-02T09:49:53.3684338Z Updating files:  96% (4196/4370)
2026-10-02T09:49:53.3710519Z Updating files:  97% (4239/4370)
2026-10-02T09:49:53.3739799Z Updating files:  98% (4283/4370)
2026-10-02T09:49:53.3765558Z Updating files:  99% (4327/4370)
2026-10-02T09:49:53.3766170Z Updating files: 100% (4370/4370)
2026-10-02T09:49:53.3766717Z Updating files: 100% (4370/4370), done.
2026-10-02T09:49:53.3829716Z Note: switching to 'refs/remotes/pull/1/merge'.
2026-10-02T09:49:53.3830521Z 
2026-10-02T09:49:53.3830987Z You are in 'detached HEAD' state. You can look around, make experimental
2026-10-02T09:49:53.3832456Z changes and commit them, and you can discard any commits you make in this
2026-10-02T09:49:53.3939373Z state without impacting any branches by switching back to a branch.
2026-10-02T09:49:53.3940389Z 
2026-10-02T09:49:53.3940866Z If you want to create a new branch to retain commits you create, you may
2026-10-02T09:49:53.3941875Z do so (now or later) by using -c with the switch command. Example:
2026-10-02T09:49:53.3942409Z 
2026-10-02T09:49:53.3942669Z   git switch -c <new-branch-name>
2026-10-02T09:49:53.3943055Z 
2026-10-02T09:49:53.3943305Z Or undo this operation with:
2026-10-02T09:49:53.3943677Z 
2026-10-02T09:49:53.3943876Z   git switch -
2026-10-02T09:49:53.3944138Z 
2026-10-02T09:49:53.3944560Z Turn off this advice by setting config variable advice.detachedHead to false
2026-10-02T09:49:53.3945160Z 
2026-10-02T09:49:53.3945844Z HEAD is now at d2b5cac Merge a6a3626094b8edbb5b9a48bef317153035ccca16 into 609ea8a73f845b496b59b5cae181f515c5919850
2026-10-02T09:49:53.4027401Z ##[endgroup]
2026-10-02T09:49:53.4030984Z [command]/usr/bin/git log -1 --format=%H
2026-10-02T09:49:53.4064092Z d2b5cacfa5ac3bd156736d41e248c7bbc77ebecf
2026-10-02T09:49:53.4363415Z ##[group]Run actions/setup-node@v4
2026-10-02T09:49:53.4363817Z with:
2026-10-02T09:49:53.4364068Z   node-version: 22
2026-10-02T09:49:53.4364319Z   cache: npm
2026-10-02T09:49:53.4364611Z   cache-dependency-path: web/package-lock.json
2026-10-02T09:49:53.4364974Z   always-auth: false
2026-10-02T09:49:53.4365237Z   check-latest: false
2026-10-02T09:49:53.4367712Z   token: ***
2026-10-02T09:49:53.4367974Z ##[endgroup]
2026-10-02T09:49:53.6077253Z Found in cache @ /opt/hostedtoolcache/node/22.23.3/x64
2026-10-02T09:49:53.6084439Z (node:2011) [DEP0040] DeprecationWarning: The `punycode` module is deprecated. Please use a userland alternative instead.
2026-10-02T09:49:53.6085889Z (Use `node --trace-deprecation ...` to show where the warning was created)
2026-10-02T09:49:53.6092013Z ##[group]Environment details
2026-10-02T09:49:54.0450486Z node: v22.23.3
2026-10-02T09:49:54.0451148Z npm: 10.9.9
2026-10-02T09:49:54.0451581Z yarn: 1.22.22
2026-10-02T09:49:54.0453025Z ##[endgroup]
2026-10-02T09:49:54.0476149Z [command]/opt/hostedtoolcache/node/22.23.3/x64/bin/npm config get cache
2026-10-02T09:49:54.1707619Z /home/runner/.npm
2026-10-02T09:49:54.2573227Z Cache hit for: node-cache-Linux-x64-npm-a79428a48f53c819bdf3224c6f533bf526ae1b21f28f4ee918b0bcba5121d960
2026-10-02T09:49:54.2685303Z (node:2011) [DEP0169] DeprecationWarning: `url.parse()` behavior is not standardized and prone to errors that have security implications. Use the WHATWG URL API instead. CVEs are not issued for `url.parse()` vulnerabilities.
2026-10-02T09:49:54.6769728Z Received 52012766 of 52012766 (100.0%), 135.9 MBs/sec
2026-10-02T09:49:54.6771127Z Cache Size: ~50 MB (52012766 B)
2026-10-02T09:49:54.6801153Z [command]/usr/bin/tar -xf /home/runner/work/_temp/db5678c1-d574-46a1-b84f-aba8c1b42511/cache.tzst -P -C /home/runner/work/mini-drop/mini-drop --use-compress-program unzstd
2026-10-02T09:49:54.8353749Z Cache restored successfully
2026-10-02T09:49:54.8478739Z Cache restored from key: node-cache-Linux-x64-npm-a79428a48f53c819bdf3224c6f533bf526ae1b21f28f4ee918b0bcba5121d960
2026-10-02T09:49:54.8725219Z ##[group]Run npm --prefix web ci
2026-10-02T09:49:54.8725643Z [36;1mnpm --prefix web ci[0m
2026-10-02T09:49:54.9134355Z shell: /usr/bin/bash -e {0}
2026-10-02T09:49:54.9134721Z ##[endgroup]
2026-10-02T09:50:01.9586057Z 
2026-10-02T09:50:01.9593585Z added 346 packages, and audited 347 packages in 7s
2026-10-02T09:50:01.9593942Z 
2026-10-02T09:50:01.9594173Z 118 packages are looking for funding
2026-10-02T09:50:01.9594516Z   run `npm fund` for details
2026-10-02T09:50:01.9753821Z 
2026-10-02T09:50:01.9754618Z 2 vulnerabilities (1 low, 1 high)
2026-10-02T09:50:01.9754955Z 
2026-10-02T09:50:01.9755245Z To address all issues, run:
2026-10-02T09:50:01.9755609Z   npm audit fix
2026-10-02T09:50:01.9755787Z 
2026-10-02T09:50:01.9755962Z Run `npm audit` for details.
2026-10-02T09:50:02.0499680Z ##[group]Run npm --prefix web run build
2026-10-02T09:50:02.0500089Z [36;1mnpm --prefix web run build[0m
2026-10-02T09:50:02.0580692Z shell: /usr/bin/bash -e {0}
2026-10-02T09:50:02.0581036Z ##[endgroup]
2026-10-02T09:50:02.1747030Z 
2026-10-02T09:50:02.1747782Z > mini-drop-web@0.1.0 build
2026-10-02T09:50:02.1748326Z > vite build
2026-10-02T09:50:02.1748626Z 
2026-10-02T09:50:02.4663768Z [36mvite v8.2.2 [32mbuilding client environment for production...[36m[39m
2026-10-02T09:50:02.4776906Z transforming...
2026-10-02T09:50:03.1619740Z ✓ 4597 modules transformed.
2026-10-02T09:50:03.3773878Z rendering chunks...
2026-10-02T09:50:03.6127520Z computing gzip size...
2026-10-02T09:50:03.6328603Z dist/index.html                                0.79 kB │ gzip:   0.42 kB
2026-10-02T09:50:03.6329490Z dist/assets/parseJson.worker-mxB42-VK.js       0.83 kB
2026-10-02T09:50:03.6330817Z dist/assets/TaskResult-BAn5yWN7.css            0.32 kB │ gzip:   0.24 kB
2026-10-02T09:50:03.6332144Z dist/assets/flamegraph-VXIZzpiT.css            0.60 kB │ gzip:   0.32 kB
2026-10-02T09:50:03.6333429Z dist/assets/index-IZHbRe47.css                 8.44 kB │ gzip:   2.63 kB
2026-10-02T09:50:03.6334572Z dist/assets/AIDiagnosis-ChKDK5_y.css          90.44 kB │ gzip:  16.76 kB
2026-10-02T09:50:03.6335725Z dist/assets/ErrorAlert-903HQ4EN.js             0.23 kB │ gzip:   0.19 kB
2026-10-02T09:50:03.6336947Z dist/assets/ArrowLeftOutlined-D5Rce3sA.js      0.60 kB │ gzip:   0.44 kB
2026-10-02T09:50:03.6338136Z dist/assets/rolldown-runtime-B0Z9INg1.js       0.90 kB │ gzip:   0.51 kB
2026-10-02T09:50:03.6339287Z dist/assets/agentMetrics-CZoJGXne.js           1.09 kB │ gzip:   0.67 kB
2026-10-02T09:50:03.6340744Z dist/assets/CloudServerOutlined-nqMoSLwN.js    1.33 kB │ gzip:   0.78 kB
2026-10-02T09:50:03.6341976Z dist/assets/StatusTag-AVBiLPOz.js              2.03 kB │ gzip:   0.82 kB
2026-10-02T09:50:03.6343229Z dist/assets/AuditLogs-CLKuAA5c.js              3.87 kB │ gzip:   1.88 kB
2026-10-02T09:50:03.6344538Z dist/assets/row-D_0PZE5A.js                    5.51 kB │ gzip:   2.24 kB
2026-10-02T09:50:03.6346302Z dist/assets/collectors-9W4-i_vQ.js             6.12 kB │ gzip:   1.78 kB
2026-10-02T09:50:03.6347542Z dist/assets/alert-C2yT8MYA.js                  6.35 kB │ gzip:   2.66 kB
2026-10-02T09:50:03.6348767Z dist/assets/AgentDetail-jxoIQzEZ.js            7.71 kB │ gzip:   3.15 kB
2026-10-02T09:50:03.6350057Z dist/assets/ThunderboltOutlined-_zhhsc5p.js   10.29 kB │ gzip:   4.07 kB
2026-10-02T09:50:03.6351776Z dist/assets/usePolling-CeSosOBk.js            16.17 kB │ gzip:   6.83 kB
2026-10-02T09:50:03.6353026Z dist/assets/Schedules-10l6wFhc.js             17.26 kB │ gzip:   5.82 kB
2026-10-02T09:50:03.6354195Z dist/assets/input-number-BLKstg1f.js          23.73 kB │ gzip:   8.20 kB
2026-10-02T09:50:03.6355150Z dist/assets/modal-CGyc8tVo.js                 27.89 kB │ gzip:   9.27 kB
2026-10-02T09:50:03.6356229Z dist/assets/TaskResult-E3zDOq9_.js            29.61 kB │ gzip:  10.78 kB
2026-10-02T09:50:03.6357253Z dist/assets/d3-OVqjLuRP.js                    36.91 kB │ gzip:  12.52 kB
2026-10-02T09:50:03.6358407Z dist/assets/PlayCircleOutlined-DDH4N-mk.js    37.49 kB │ gzip:  12.80 kB
2026-10-02T09:50:03.6359465Z dist/assets/axios-B0fvnqBc.js                 49.95 kB │ gzip:  18.75 kB
2026-10-02T09:50:03.6360747Z dist/assets/Dashboard-BffNcTwA.js             50.52 kB │ gzip:  16.62 kB
2026-10-02T09:50:03.6361831Z dist/assets/index-B_X_9XCC.js                 92.29 kB │ gzip:  32.17 kB
2026-10-02T09:50:03.6362893Z dist/assets/flamegraph-CSYLKD5W.js            96.97 kB │ gzip:  32.80 kB
2026-10-02T09:50:03.6363865Z dist/assets/react-C8_Uech3.js                178.38 kB │ gzip:  58.94 kB
2026-10-02T09:50:03.6364803Z dist/assets/table-B3EaWpvJ.js                343.42 kB │ gzip: 105.31 kB
2026-10-02T09:50:03.6365773Z dist/assets/SafeMarkdown-DTMU3vYp.js         389.11 kB │ gzip: 122.02 kB
2026-10-02T09:50:03.6366751Z dist/assets/client-C9stzVXG.js               397.22 kB │ gzip: 127.31 kB
2026-10-02T09:50:03.6368117Z dist/assets/AIDiagnosis-DcyjBW3x.js          427.34 kB │ gzip: 135.21 kB
2026-10-02T09:50:03.6369040Z [33m[plugin builtin:vite-reporter] 
2026-10-02T09:50:03.6369756Z (!) Some chunks are larger than 600 kB after minification. Consider:
2026-10-02T09:50:03.6370765Z - Using dynamic import() to code-split the application
2026-10-02T09:50:03.6372091Z - Use build.rolldownOptions.output.codeSplitting to improve chunking: https://rolldown.rs/reference/OutputOptions.codeSplitting
2026-10-02T09:50:03.6373511Z - Adjust chunk size limit for this warning via build.chunkSizeWarningLimit.[39m
2026-10-02T09:50:03.6374570Z dist/assets/echarts-C79zCWSK.js              612.21 kB │ gzip: 206.37 kB
2026-10-02T09:50:03.6375027Z 
2026-10-02T09:50:03.6375281Z [32m✓ built in 1.17s[39m
2026-10-02T09:50:03.6787667Z ##[group]Run npx --yes playwright@1.55.0 install --with-deps chromium
2026-10-02T09:50:03.6788206Z [36;1mnpx --yes playwright@1.55.0 install --with-deps chromium[0m
2026-10-02T09:50:03.6861714Z shell: /usr/bin/bash -e {0}
2026-10-02T09:50:03.6862032Z ##[endgroup]
2026-10-02T09:50:06.8743042Z ╔═══════════════════════════════════════════════════════════════════════════════╗
2026-10-02T09:50:06.8744560Z ║ WARNING: It looks like you are running 'npx playwright install' without first ║
2026-10-02T09:50:06.8745961Z ║ installing your project's dependencies.                                       ║
2026-10-02T09:50:06.8747126Z ║                                                                               ║
2026-10-02T09:50:06.8748278Z ║ To avoid unexpected behavior, please install your dependencies first, and     ║
2026-10-02T09:50:06.8749612Z ║ then run Playwright's install command:                                        ║
2026-10-02T09:50:06.8751167Z ║                                                                               ║
2026-10-02T09:50:06.8752212Z ║     npm install                                                               ║
2026-10-02T09:50:06.8753269Z ║     npx playwright install                                                    ║
2026-10-02T09:50:06.8754957Z ║                                                                               ║
2026-10-02T09:50:06.8756062Z ║ If your project does not yet depend on Playwright, first install the          ║
2026-10-02T09:50:06.8757315Z ║ applicable npm package (most commonly @playwright/test), and                  ║
2026-10-02T09:50:06.8758571Z ║ then run Playwright's install command to download the browsers:               ║
2026-10-02T09:50:06.8759618Z ║                                                                               ║
2026-10-02T09:50:06.8760875Z ║     npm install @playwright/test                                              ║
2026-10-02T09:50:06.8762102Z ║     npx playwright install                                                    ║
2026-10-02T09:50:06.8763130Z ║                                                                               ║
2026-10-02T09:50:06.8764301Z ╚═══════════════════════════════════════════════════════════════════════════════╝
2026-10-02T09:50:06.8765089Z Installing dependencies...
2026-10-02T09:50:06.8873219Z Switching to root user to install dependencies...
2026-10-02T09:50:07.0032233Z Get:1 file:/etc/apt/apt-mirrors.txt Mirrorlist [144 B]
2026-10-02T09:50:07.0275684Z Get:6 https://packages.microsoft.com/ubuntu/22.04/prod jammy InRelease [3632 B]
2026-10-02T09:50:07.0401655Z Hit:2 http://azure.archive.ubuntu.com/ubuntu jammy InRelease
2026-10-02T09:50:07.0426902Z Get:3 http://azure.archive.ubuntu.com/ubuntu jammy-updates InRelease [128 kB]
2026-10-02T09:50:07.0453804Z Get:4 http://azure.archive.ubuntu.com/ubuntu jammy-backports InRelease [127 kB]
2026-10-02T09:50:07.0500908Z Get:5 http://azure.archive.ubuntu.com/ubuntu jammy-security InRelease [129 kB]
2026-10-02T09:50:07.1222176Z Get:7 https://packages.microsoft.com/ubuntu/22.04/prod jammy/main amd64 Packages [792 kB]
2026-10-02T09:50:07.1424818Z Get:8 https://packages.microsoft.com/ubuntu/22.04/prod jammy/main arm64 Packages [550 kB]
2026-10-02T09:50:07.3192577Z Get:9 http://azure.archive.ubuntu.com/ubuntu jammy-updates/main amd64 Packages [3899 kB]
2026-10-02T09:50:07.3404760Z Get:10 http://azure.archive.ubuntu.com/ubuntu jammy-updates/main Translation-en [575 kB]
2026-10-02T09:50:07.3492108Z Get:11 http://azure.archive.ubuntu.com/ubuntu jammy-updates/restricted amd64 Packages [6701 kB]
2026-10-02T09:50:07.3793249Z Get:12 http://azure.archive.ubuntu.com/ubuntu jammy-updates/restricted Translation-en [1287 kB]
2026-10-02T09:50:07.3865357Z Get:13 http://azure.archive.ubuntu.com/ubuntu jammy-updates/universe amd64 Packages [1285 kB]
2026-10-02T09:50:07.3929770Z Get:14 http://azure.archive.ubuntu.com/ubuntu jammy-updates/universe Translation-en [325 kB]
2026-10-02T09:50:07.5319088Z Get:15 http://azure.archive.ubuntu.com/ubuntu jammy-security/main amd64 Packages [3598 kB]
2026-10-02T09:50:07.5495997Z Get:16 http://azure.archive.ubuntu.com/ubuntu jammy-security/main Translation-en [504 kB]
2026-10-02T09:50:07.5541218Z Get:17 http://azure.archive.ubuntu.com/ubuntu jammy-security/restricted amd64 Packages [6410 kB]
2026-10-02T09:50:07.5853926Z Get:18 http://azure.archive.ubuntu.com/ubuntu jammy-security/restricted Translation-en [1232 kB]
2026-10-02T09:50:07.6359403Z Get:19 http://azure.archive.ubuntu.com/ubuntu jammy-security/universe amd64 Packages [1052 kB]
2026-10-02T09:50:07.6426099Z Get:20 http://azure.archive.ubuntu.com/ubuntu jammy-security/universe Translation-en [236 kB]
2026-10-02T09:50:14.1669639Z Fetched 28.8 MB in 3s (8938 kB/s)
2026-10-02T09:50:15.6651475Z Reading package lists...
2026-10-02T09:50:15.7323644Z Reading package lists...
2026-10-02T09:50:16.0424408Z Building dependency tree...
2026-10-02T09:50:16.0436560Z Reading state information...
2026-10-02T09:50:16.2901001Z fonts-liberation is already the newest version (1:1.07.4-11).
2026-10-02T09:50:16.2901555Z fonts-liberation set to manually installed.
2026-10-02T09:50:16.2902022Z libatk-bridge2.0-0 is already the newest version (2.38.0-3).
2026-10-02T09:50:16.2902466Z libatk-bridge2.0-0 set to manually installed.
2026-10-02T09:50:16.2903370Z libatk1.0-0 is already the newest version (2.36.0-3build1).
2026-10-02T09:50:16.2903774Z libatk1.0-0 set to manually installed.
2026-10-02T09:50:16.2904216Z libatspi2.0-0 is already the newest version (2.44.0-3).
2026-10-02T09:50:16.2904612Z libatspi2.0-0 set to manually installed.
2026-10-02T09:50:16.2905055Z libfontconfig1 is already the newest version (2.13.1-4.2ubuntu5).
2026-10-02T09:50:16.2905490Z libfontconfig1 set to manually installed.
2026-10-02T09:50:16.2905898Z libxcb1 is already the newest version (1.14-3ubuntu3).
2026-10-02T09:50:16.2906269Z libxcb1 set to manually installed.
2026-10-02T09:50:16.2906683Z libxcomposite1 is already the newest version (1:0.4.5-1build2).
2026-10-02T09:50:16.2907115Z libxcomposite1 set to manually installed.
2026-10-02T09:50:16.2907538Z libxdamage1 is already the newest version (1:1.1.5-2build2).
2026-10-02T09:50:16.2907931Z libxdamage1 set to manually installed.
2026-10-02T09:50:16.2908328Z libxext6 is already the newest version (2:1.3.4-1build1).
2026-10-02T09:50:16.2908716Z libxext6 set to manually installed.
2026-10-02T09:50:16.2909082Z libxfixes3 is already the newest version (1:6.0.0-1).
2026-10-02T09:50:16.2909447Z libxfixes3 set to manually installed.
2026-10-02T09:50:16.2909835Z libxkbcommon0 is already the newest version (1.4.0-1).
2026-10-02T09:50:16.2910540Z libxkbcommon0 set to manually installed.
2026-10-02T09:50:16.2911036Z libxrandr2 is already the newest version (2:1.5.2-1build1).
2026-10-02T09:50:16.2911433Z libxrandr2 set to manually installed.
2026-10-02T09:50:16.2911922Z fonts-noto-color-emoji is already the newest version (2.047-0ubuntu0.22.04.1).
2026-10-02T09:50:16.2912476Z libasound2 is already the newest version (1.2.6.1-1ubuntu1.2).
2026-10-02T09:50:16.2912887Z libasound2 set to manually installed.
2026-10-02T09:50:16.2913592Z libcairo2 is already the newest version (1.16.0-5ubuntu2.1).
2026-10-02T09:50:16.2914101Z libcairo2 set to manually installed.
2026-10-02T09:50:16.2914544Z libcups2 is already the newest version (2.4.1op1-1ubuntu4.21).
2026-10-02T09:50:16.2914956Z libcups2 set to manually installed.
2026-10-02T09:50:16.2915362Z libdbus-1-3 is already the newest version (1.12.20-2ubuntu4.1).
2026-10-02T09:50:16.2915759Z libdbus-1-3 set to manually installed.
2026-10-02T09:50:16.2916179Z libdrm2 is already the newest version (2.4.113-2~ubuntu0.22.04.1).
2026-10-02T09:50:16.2916579Z libdrm2 set to manually installed.
2026-10-02T09:50:16.2917031Z libfreetype6 is already the newest version (2.11.1+dfsg-1ubuntu0.3).
2026-10-02T09:50:16.2917577Z libfreetype6 set to manually installed.
2026-10-02T09:50:16.2918050Z libgbm1 is already the newest version (23.2.1-1ubuntu3.1~22.04.4).
2026-10-02T09:50:16.2918453Z libgbm1 set to manually installed.
2026-10-02T09:50:16.2919623Z libglib2.0-0 is already the newest version (2.72.4-0ubuntu2.10).
2026-10-02T09:50:16.2942792Z libglib2.0-0 set to manually installed.
2026-10-02T09:50:16.2943646Z libnspr4 is already the newest version (2:4.35-0ubuntu0.22.04.1).
2026-10-02T09:50:16.2944428Z libnss3 is already the newest version (2:3.98-0ubuntu0.22.04.4).
2026-10-02T09:50:16.2945217Z libpango-1.0-0 is already the newest version (1.50.6+ds-2ubuntu1).
2026-10-02T09:50:16.2945908Z libpango-1.0-0 set to manually installed.
2026-10-02T09:50:16.2946703Z libwayland-client0 is already the newest version (1.20.0-1ubuntu0.1).
2026-10-02T09:50:16.2947405Z libwayland-client0 set to manually installed.
2026-10-02T09:50:16.2947875Z libx11-6 is already the newest version (2:1.7.5-1ubuntu0.3).
2026-10-02T09:50:16.2948281Z libx11-6 set to manually installed.
2026-10-02T09:50:16.2948738Z xvfb is already the newest version (2:21.1.4-2ubuntu1.7~22.04.16).
2026-10-02T09:50:16.2949218Z The following additional packages will be installed:
2026-10-02T09:50:16.2949598Z   xfonts-encodings xfonts-utils
2026-10-02T09:50:16.2949893Z Recommended packages:
2026-10-02T09:50:16.2950494Z   fonts-ipafont-mincho fonts-tlwg-loma
2026-10-02T09:50:16.3203216Z The following NEW packages will be installed:
2026-10-02T09:50:16.3204176Z   fonts-freefont-ttf fonts-ipafont-gothic fonts-tlwg-loma-otf fonts-unifont
2026-10-02T09:50:16.3214104Z   fonts-wqy-zenhei xfonts-cyrillic xfonts-encodings xfonts-scalable
2026-10-02T09:50:16.3214580Z   xfonts-utils
2026-10-02T09:50:16.3466760Z 0 upgraded, 9 newly installed, 0 to remove and 20 not upgraded.
2026-10-02T09:50:16.3467522Z Need to get 18.4 MB of archives.
2026-10-02T09:50:16.3468282Z After this operation, 56.8 MB of additional disk space will be used.
2026-10-02T09:50:16.3469156Z Get:1 file:/etc/apt/apt-mirrors.txt Mirrorlist [144 B]
2026-10-02T09:50:16.5276174Z Get:2 http://azure.archive.ubuntu.com/ubuntu jammy/universe amd64 fonts-ipafont-gothic all 00303-21ubuntu1 [3513 kB]
2026-10-02T09:50:17.2576951Z Get:3 http://azure.archive.ubuntu.com/ubuntu jammy/main amd64 fonts-freefont-ttf all 20120503-10build1 [2388 kB]
2026-10-02T09:50:17.3714013Z Get:4 http://azure.archive.ubuntu.com/ubuntu jammy/universe amd64 fonts-tlwg-loma-otf all 1:0.7.3-1 [107 kB]
2026-10-02T09:50:17.4518011Z Get:5 http://azure.archive.ubuntu.com/ubuntu jammy/universe amd64 fonts-unifont all 1:14.0.01-1 [3551 kB]
2026-10-02T09:50:17.6895908Z Get:6 http://azure.archive.ubuntu.com/ubuntu jammy/universe amd64 fonts-wqy-zenhei all 0.9.45-8 [7472 kB]
2026-10-02T09:50:18.0889563Z Get:7 http://azure.archive.ubuntu.com/ubuntu jammy/main amd64 xfonts-encodings all 1:1.0.5-0ubuntu2 [578 kB]
2026-10-02T09:50:18.2142115Z Get:8 http://azure.archive.ubuntu.com/ubuntu jammy/main amd64 xfonts-utils amd64 1:7.7+6build2 [94.6 kB]
2026-10-02T09:50:18.3034200Z Get:9 http://azure.archive.ubuntu.com/ubuntu jammy/universe amd64 xfonts-cyrillic all 1:1.0.5 [386 kB]
2026-10-02T09:50:18.4075915Z Get:10 http://azure.archive.ubuntu.com/ubuntu jammy/main amd64 xfonts-scalable all 1:1.0.3-1.2ubuntu1 [306 kB]
2026-10-02T09:50:18.7768829Z Fetched 18.4 MB in 2s (8799 kB/s)
2026-10-02T09:50:18.8071257Z Selecting previously unselected package fonts-ipafont-gothic.
2026-10-02T09:50:18.8506736Z (Reading database ... 
2026-10-02T09:50:18.8507473Z (Reading database ... 5%
2026-10-02T09:50:18.8507908Z (Reading database ... 10%
2026-10-02T09:50:18.8508243Z (Reading database ... 15%
2026-10-02T09:50:18.8508563Z (Reading database ... 20%
2026-10-02T09:50:18.8508931Z (Reading database ... 25%
2026-10-02T09:50:18.8509336Z (Reading database ... 30%
2026-10-02T09:50:18.8509644Z (Reading database ... 35%
2026-10-02T09:50:18.8509931Z (Reading database ... 40%
2026-10-02T09:50:18.8510511Z (Reading database ... 45%
2026-10-02T09:50:18.8510824Z (Reading database ... 50%
2026-10-02T09:50:18.8949912Z (Reading database ... 55%
2026-10-02T09:50:19.1398762Z (Reading database ... 60%
2026-10-02T09:50:19.3298248Z (Reading database ... 65%
2026-10-02T09:50:19.5565820Z (Reading database ... 70%
2026-10-02T09:50:19.6880557Z (Reading database ... 75%
2026-10-02T09:50:19.7904561Z (Reading database ... 80%
2026-10-02T09:50:19.9391371Z (Reading database ... 85%
2026-10-02T09:50:20.1330522Z (Reading database ... 90%
2026-10-02T09:50:20.3008437Z (Reading database ... 95%
2026-10-02T09:50:20.3008970Z (Reading database ... 100%
2026-10-02T09:50:20.3009767Z (Reading database ... 260411 files and directories currently installed.)
2026-10-02T09:50:20.3065822Z Preparing to unpack .../0-fonts-ipafont-gothic_00303-21ubuntu1_all.deb ...
2026-10-02T09:50:20.3190138Z Unpacking fonts-ipafont-gothic (00303-21ubuntu1) ...
2026-10-02T09:50:20.5927059Z Selecting previously unselected package fonts-freefont-ttf.
2026-10-02T09:50:20.6219635Z Preparing to unpack .../1-fonts-freefont-ttf_20120503-10build1_all.deb ...
2026-10-02T09:50:20.6241715Z Unpacking fonts-freefont-ttf (20120503-10build1) ...
2026-10-02T09:50:20.8081395Z Selecting previously unselected package fonts-tlwg-loma-otf.
2026-10-02T09:50:20.8291847Z Preparing to unpack .../2-fonts-tlwg-loma-otf_1%3a0.7.3-1_all.deb ...
2026-10-02T09:50:20.8300134Z Unpacking fonts-tlwg-loma-otf (1:0.7.3-1) ...
2026-10-02T09:50:20.8563509Z Selecting previously unselected package fonts-unifont.
2026-10-02T09:50:20.8773859Z Preparing to unpack .../3-fonts-unifont_1%3a14.0.01-1_all.deb ...
2026-10-02T09:50:20.8780812Z Unpacking fonts-unifont (1:14.0.01-1) ...
2026-10-02T09:50:20.9732178Z Selecting previously unselected package fonts-wqy-zenhei.
2026-10-02T09:50:20.9941918Z Preparing to unpack .../4-fonts-wqy-zenhei_0.9.45-8_all.deb ...
2026-10-02T09:50:21.0067146Z Unpacking fonts-wqy-zenhei (0.9.45-8) ...
2026-10-02T09:50:21.5156641Z Selecting previously unselected package xfonts-encodings.
2026-10-02T09:50:21.5369074Z Preparing to unpack .../5-xfonts-encodings_1%3a1.0.5-0ubuntu2_all.deb ...
2026-10-02T09:50:21.5375963Z Unpacking xfonts-encodings (1:1.0.5-0ubuntu2) ...
2026-10-02T09:50:21.5721142Z Selecting previously unselected package xfonts-utils.
2026-10-02T09:50:21.5937884Z Preparing to unpack .../6-xfonts-utils_1%3a7.7+6build2_amd64.deb ...
2026-10-02T09:50:21.5946475Z Unpacking xfonts-utils (1:7.7+6build2) ...
2026-10-02T09:50:21.6372351Z Selecting previously unselected package xfonts-cyrillic.
2026-10-02T09:50:21.6581293Z Preparing to unpack .../7-xfonts-cyrillic_1%3a1.0.5_all.deb ...
2026-10-02T09:50:21.6587445Z Unpacking xfonts-cyrillic (1:1.0.5) ...
2026-10-02T09:50:21.7077522Z Selecting previously unselected package xfonts-scalable.
2026-10-02T09:50:21.7287987Z Preparing to unpack .../8-xfonts-scalable_1%3a1.0.3-1.2ubuntu1_all.deb ...
2026-10-02T09:50:21.7296487Z Unpacking xfonts-scalable (1:1.0.3-1.2ubuntu1) ...
2026-10-02T09:50:21.7872432Z Setting up fonts-wqy-zenhei (0.9.45-8) ...
2026-10-02T09:50:21.8003649Z Setting up fonts-freefont-ttf (20120503-10build1) ...
2026-10-02T09:50:21.8022291Z Setting up fonts-tlwg-loma-otf (1:0.7.3-1) ...
2026-10-02T09:50:21.8042954Z Setting up xfonts-encodings (1:1.0.5-0ubuntu2) ...
2026-10-02T09:50:21.8062901Z Setting up fonts-ipafont-gothic (00303-21ubuntu1) ...
2026-10-02T09:50:21.8172658Z update-alternatives: using /usr/share/fonts/opentype/ipafont-gothic/ipag.ttf to provide /usr/share/fonts/truetype/fonts-japanese-gothic.ttf (fonts-japanese-gothic.ttf) in auto mode
2026-10-02T09:50:21.8194602Z Setting up fonts-unifont (1:14.0.01-1) ...
2026-10-02T09:50:21.8215482Z Setting up xfonts-utils (1:7.7+6build2) ...
2026-10-02T09:50:21.8259473Z Setting up xfonts-cyrillic (1:1.0.5) ...
2026-10-02T09:50:21.8607758Z Setting up xfonts-scalable (1:1.0.3-1.2ubuntu1) ...
2026-10-02T09:50:21.8929341Z Processing triggers for man-db (2.10.2-1) ...
2026-10-02T09:50:21.8953150Z Not building database; man-db/auto-update is not 'true'.
2026-10-02T09:50:21.8968070Z Processing triggers for fontconfig (2.13.1-4.2ubuntu5) ...
2026-10-02T09:50:22.6572303Z 
2026-10-02T09:50:22.6573065Z Running kernel seems to be up-to-date.
2026-10-02T09:50:22.6573536Z 
2026-10-02T09:50:22.6573807Z No services need to be restarted.
2026-10-02T09:50:22.6574140Z 
2026-10-02T09:50:22.6574400Z No containers need to be restarted.
2026-10-02T09:50:22.6575102Z 
2026-10-02T09:50:22.6575469Z No user sessions are running outdated binaries.
2026-10-02T09:50:22.6575875Z 
2026-10-02T09:50:22.6580088Z No VM guests are running outdated hypervisor (qemu) binaries on this host.
2026-10-02T09:50:24.8718257Z Downloading Chromium 140.0.7339.16 (playwright build v1187) from https://cdn.playwright.dev/dbazure/download/playwright/builds/chromium/1187/chromium-linux.zip
2026-10-02T09:50:25.0215365Z |                                                                                |   0% of 173.7 MiB
2026-10-02T09:50:25.1585178Z |■■■■■■■■                                                                        |  10% of 173.7 MiB
2026-10-02T09:50:25.2614656Z |■■■■■■■■■■■■■■■■                                                                |  20% of 173.7 MiB
2026-10-02T09:50:25.3557173Z |■■■■■■■■■■■■■■■■■■■■■■■■                                                        |  30% of 173.7 MiB
2026-10-02T09:50:25.4363801Z |■■■■■■■■■■■■■■■■■■■■■■■■■■■■■■■■                                                |  40% of 173.7 MiB
2026-10-02T09:50:25.5200564Z |■■■■■■■■■■■■■■■■■■■■■■■■■■■■■■■■■■■■■■■■                                        |  50% of 173.7 MiB
2026-10-02T09:50:25.5961144Z |■■■■■■■■■■■■■■■■■■■■■■■■■■■■■■■■■■■■■■■■■■■■■■■■                                |  60% of 173.7 MiB
2026-10-02T09:50:25.6629349Z |■■■■■■■■■■■■■■■■■■■■■■■■■■■■■■■■■■■■■■■■■■■■■■■■■■■■■■■■                        |  70% of 173.7 MiB
2026-10-02T09:50:25.7423040Z |■■■■■■■■■■■■■■■■■■■■■■■■■■■■■■■■■■■■■■■■■■■■■■■■■■■■■■■■■■■■■■■■                |  80% of 173.7 MiB
2026-10-02T09:50:25.8111885Z |■■■■■■■■■■■■■■■■■■■■■■■■■■■■■■■■■■■■■■■■■■■■■■■■■■■■■■■■■■■■■■■■■■■■■■■■        |  90% of 173.7 MiB
2026-10-02T09:50:25.8838591Z |■■■■■■■■■■■■■■■■■■■■■■■■■■■■■■■■■■■■■■■■■■■■■■■■■■■■■■■■■■■■■■■■■■■■■■■■■■■■■■■■| 100% of 173.7 MiB
2026-10-02T09:50:29.2702972Z Chromium 140.0.7339.16 (playwright build v1187) downloaded to /home/runner/.cache/ms-playwright/chromium-1187
2026-10-02T09:50:29.2705817Z Downloading FFMPEG playwright build v1011 from https://cdn.playwright.dev/dbazure/download/playwright/builds/ffmpeg/1011/ffmpeg-linux.zip
2026-10-02T09:50:29.4053117Z |                                                                                |   0% of 2.3 MiB
2026-10-02T09:50:29.4108786Z |■■■■■■■■                                                                        |  10% of 2.3 MiB
2026-10-02T09:50:29.4151864Z |■■■■■■■■■■■■■■■■                                                                |  20% of 2.3 MiB
2026-10-02T09:50:29.4164657Z |■■■■■■■■■■■■■■■■■■■■■■■■                                                        |  30% of 2.3 MiB
2026-10-02T09:50:29.4196490Z |■■■■■■■■■■■■■■■■■■■■■■■■■■■■■■■■                                                |  40% of 2.3 MiB
2026-10-02T09:50:29.4211634Z |■■■■■■■■■■■■■■■■■■■■■■■■■■■■■■■■■■■■■■■■                                        |  50% of 2.3 MiB
2026-10-02T09:50:29.4224000Z |■■■■■■■■■■■■■■■■■■■■■■■■■■■■■■■■■■■■■■■■■■■■■■■■                                |  60% of 2.3 MiB
2026-10-02T09:50:29.4236660Z |■■■■■■■■■■■■■■■■■■■■■■■■■■■■■■■■■■■■■■■■■■■■■■■■■■■■■■■■                        |  70% of 2.3 MiB
2026-10-02T09:50:29.4256348Z |■■■■■■■■■■■■■■■■■■■■■■■■■■■■■■■■■■■■■■■■■■■■■■■■■■■■■■■■■■■■■■■■                |  80% of 2.3 MiB
2026-10-02T09:50:29.4268772Z |■■■■■■■■■■■■■■■■■■■■■■■■■■■■■■■■■■■■■■■■■■■■■■■■■■■■■■■■■■■■■■■■■■■■■■■■        |  90% of 2.3 MiB
2026-10-02T09:50:29.4285456Z |■■■■■■■■■■■■■■■■■■■■■■■■■■■■■■■■■■■■■■■■■■■■■■■■■■■■■■■■■■■■■■■■■■■■■■■■■■■■■■■■| 100% of 2.3 MiB
2026-10-02T09:50:29.4847327Z FFMPEG playwright build v1011 downloaded to /home/runner/.cache/ms-playwright/ffmpeg-1011
2026-10-02T09:50:29.4852475Z Downloading Chromium Headless Shell 140.0.7339.16 (playwright build v1187) from https://cdn.playwright.dev/dbazure/download/playwright/builds/chromium/1187/chromium-headless-shell-linux.zip
2026-10-02T09:50:29.6212869Z |                                                                                |   0% of 104.3 MiB
2026-10-02T09:50:29.7089632Z |■■■■■■■■                                                                        |  10% of 104.3 MiB
2026-10-02T09:50:29.7709418Z |■■■■■■■■■■■■■■■■                                                                |  20% of 104.3 MiB
2026-10-02T09:50:29.8264775Z |■■■■■■■■■■■■■■■■■■■■■■■■                                                        |  30% of 104.3 MiB
2026-10-02T09:50:29.8758058Z |■■■■■■■■■■■■■■■■■■■■■■■■■■■■■■■■                                                |  40% of 104.3 MiB
2026-10-02T09:50:29.9246955Z |■■■■■■■■■■■■■■■■■■■■■■■■■■■■■■■■■■■■■■■■                                        |  50% of 104.3 MiB
2026-10-02T09:50:29.9643067Z |■■■■■■■■■■■■■■■■■■■■■■■■■■■■■■■■■■■■■■■■■■■■■■■■                                |  60% of 104.3 MiB
2026-10-02T09:50:30.0032377Z |■■■■■■■■■■■■■■■■■■■■■■■■■■■■■■■■■■■■■■■■■■■■■■■■■■■■■■■■                        |  70% of 104.3 MiB
2026-10-02T09:50:30.0419784Z |■■■■■■■■■■■■■■■■■■■■■■■■■■■■■■■■■■■■■■■■■■■■■■■■■■■■■■■■■■■■■■■■                |  80% of 104.3 MiB
2026-10-02T09:50:30.0994823Z |■■■■■■■■■■■■■■■■■■■■■■■■■■■■■■■■■■■■■■■■■■■■■■■■■■■■■■■■■■■■■■■■■■■■■■■■        |  90% of 104.3 MiB
2026-10-02T09:50:30.1429656Z |■■■■■■■■■■■■■■■■■■■■■■■■■■■■■■■■■■■■■■■■■■■■■■■■■■■■■■■■■■■■■■■■■■■■■■■■■■■■■■■■| 100% of 104.3 MiB
2026-10-02T09:50:31.9496676Z Chromium Headless Shell 140.0.7339.16 (playwright build v1187) downloaded to /home/runner/.cache/ms-playwright/chromium_headless_shell-1187
2026-10-02T09:50:32.1321277Z ##[group]Run node scripts/verify_frontend_workbench.mjs --output output/web-browser
2026-10-02T09:50:32.1321948Z [36;1mnode scripts/verify_frontend_workbench.mjs --output output/web-browser[0m
2026-10-02T09:50:32.1398070Z shell: /usr/bin/bash -e {0}
2026-10-02T09:50:32.1398376Z ##[endgroup]
2026-10-02T09:50:47.4001698Z {"passed":true,"checks":["primary entry visible; example fills and focuses the visible composer","mobile no page overflow","check result visible in first viewport; persisted finding retained (top=511px)","active diagnosis fits narrow laptop and mobile","default workbench view renders the real parent-child tree","fullscreen tree canvas fills viewport (height=620px)","failed refresh retains report; retry clears warning","engineering scores 21/21, localization 6/21 and refutations 8 retain all 21 scenarios at four widths; no legacy score display or fetch despite mixed-version fixtures"],"output":"/home/runner/work/mini-drop/mini-drop/output/web-browser"}
2026-10-02T09:50:47.4634017Z ##[group]Run actions/upload-artifact@v4
2026-10-02T09:50:47.4634481Z with:
2026-10-02T09:50:47.4634918Z   name: web-browser-d2b5cacfa5ac3bd156736d41e248c7bbc77ebecf-1
2026-10-02T09:50:47.4635489Z   path: output/web-browser/
2026-10-02T09:50:47.4635883Z   if-no-files-found: error
2026-10-02T09:50:47.4636266Z   retention-days: 14
2026-10-02T09:50:47.4636623Z   compression-level: 6
2026-10-02T09:50:47.4636977Z   overwrite: false
2026-10-02T09:50:47.4637331Z   include-hidden-files: false
2026-10-02T09:50:47.4637730Z ##[endgroup]
2026-10-02T09:50:47.6576503Z (node:3148) [DEP0040] DeprecationWarning: The `punycode` module is deprecated. Please use a userland alternative instead.
2026-10-02T09:50:47.6578037Z (Use `node --trace-deprecation ...` to show where the warning was created)
2026-10-02T09:50:47.6731332Z With the provided path, there will be 13 files uploaded
2026-10-02T09:50:47.6732974Z Artifact name is valid!
2026-10-02T09:50:47.6733854Z Root directory input is valid!
2026-10-02T09:50:47.8805034Z Beginning upload of artifact content to blob storage
2026-10-02T09:50:47.9677702Z (node:3148) [DEP0169] DeprecationWarning: `url.parse()` behavior is not standardized and prone to errors that have security implications. Use the WHATWG URL API instead. CVEs are not issued for `url.parse()` vulnerabilities.
2026-10-02T09:50:48.0392708Z Uploaded bytes 1490777
2026-10-02T09:50:48.0536796Z Finished uploading artifact content to blob storage!
2026-10-02T09:50:48.0538089Z SHA256 digest of uploaded artifact zip is a9c8339a1288d3ccd170734431f6a6998dda3ed08632b7f2bc79c672044ae594
2026-10-02T09:50:48.0540635Z Finalizing artifact upload
2026-10-02T09:50:48.2734253Z Artifact web-browser-d2b5cacfa5ac3bd156736d41e248c7bbc77ebecf-1.zip successfully finalized. Artifact ID 11219619943
2026-10-02T09:50:48.2737603Z Artifact web-browser-d2b5cacfa5ac3bd156736d41e248c7bbc77ebecf-1 has been successfully uploaded! Final size is 1490777 bytes. Artifact ID is 11219619943
2026-10-02T09:50:48.2744390Z Artifact download URL: https://github.com/llongwang751-arch/mini-drop/actions/runs/36992014614/artifacts/11219619943
2026-10-02T09:50:48.2952013Z Post job cleanup.
2026-10-02T09:50:48.4435230Z (node:3160) [DEP0040] DeprecationWarning: The `punycode` module is deprecated. Please use a userland alternative instead.
2026-10-02T09:50:48.4436305Z (Use `node --trace-deprecation ...` to show where the warning was created)
2026-10-02T09:50:48.4439524Z Cache hit occurred on the primary key node-cache-Linux-x64-npm-a79428a48f53c819bdf3224c6f533bf526ae1b21f28f4ee918b0bcba5121d960, not saving cache.
2026-10-02T09:50:48.4597862Z Post job cleanup.
2026-10-02T09:50:48.5536425Z [command]/usr/bin/git version
2026-10-02T09:50:48.5588875Z git version 2.55.0
2026-10-02T09:50:48.5638180Z Temporarily overriding HOME='/home/runner/work/_temp/d828ca7d-721c-4137-97d6-2d173c9d45bd' before making global git config changes
2026-10-02T09:50:48.5639707Z Adding repository directory to the temporary git global config as a safe directory
2026-10-02T09:50:48.5645207Z [command]/usr/bin/git config --global --add safe.directory /home/runner/work/mini-drop/mini-drop
2026-10-02T09:50:48.5697538Z [command]/usr/bin/git config --local --name-only --get-regexp core\.sshCommand
2026-10-02T09:50:48.5750844Z [command]/usr/bin/git submodule foreach --recursive sh -c "git config --local --name-only --get-regexp 'core\.sshCommand' && git config --local --unset-all 'core.sshCommand' || :"
2026-10-02T09:50:48.6113969Z [command]/usr/bin/git config --local --name-only --get-regexp http\.https\:\/\/github\.com\/\.extraheader
2026-10-02T09:50:48.6150548Z http.https://github.com/.extraheader
2026-10-02T09:50:48.6167111Z [command]/usr/bin/git config --local --unset-all http.https://github.com/.extraheader
2026-10-02T09:50:48.6219875Z [command]/usr/bin/git submodule foreach --recursive sh -c "git config --local --name-only --get-regexp 'http\.https\:\/\/github\.com\/\.extraheader' && git config --local --unset-all 'http.https://github.com/.extraheader' || :"
2026-10-02T09:50:48.6528793Z [command]/usr/bin/git config --local --name-only --get-regexp ^includeIf\.gitdir:
2026-10-02T09:50:48.6577640Z [command]/usr/bin/git submodule foreach --recursive git config --local --show-origin --name-only --get-regexp remote.origin.url
2026-10-02T09:50:48.7051300Z Cleaning up orphan processes
2026-10-02T09:50:48.7390522Z ##[warning]Node.js 20 is deprecated. The following actions target Node.js 20 but are being forced to run on Node.js 24: actions/checkout@v4, actions/setup-node@v4, actions/upload-artifact@v4. For more information see: https://github.blog/changelog/2025-09-19-deprecation-of-node-20-on-github-actions-runners/
