2026-10-02T09:49:44.9312170Z Current runner version: '2.337.0'
2026-10-02T09:49:44.9338333Z ##[group]Runner Image Provisioner
2026-10-02T09:49:44.9339215Z Hosted Compute Agent
2026-10-02T09:49:44.9339977Z Version: 20260901.588
2026-10-02T09:49:44.9340639Z Commit: f88ec8081b781fac6c440065ac7ff9e710ce3d0b
2026-10-02T09:49:44.9341434Z Build Date: 2026-09-01T19:56:44Z
2026-10-02T09:49:44.9342234Z Worker ID: {9d709f68-88cb-4ce2-9f92-a8ce981cf4ac}
2026-10-02T09:49:44.9342953Z Azure Region: westus
2026-10-02T09:49:44.9343646Z ##[endgroup]
2026-10-02T09:49:44.9345177Z ##[group]Operating System
2026-10-02T09:49:44.9345911Z Ubuntu
2026-10-02T09:49:44.9346497Z 22.04.5
2026-10-02T09:49:44.9347035Z LTS
2026-10-02T09:49:44.9347646Z ##[endgroup]
2026-10-02T09:49:44.9348679Z ##[group]Runner Image
2026-10-02T09:49:44.9349492Z Image: ubuntu-22.04
2026-10-02T09:49:44.9350113Z Version: 20260927.309.1
2026-10-02T09:49:44.9351473Z Included Software: https://github.com/actions/runner-images/blob/ubuntu22/20260927.309/images/ubuntu/Ubuntu2204-Readme.md
2026-10-02T09:49:44.9353052Z Image Release: https://github.com/actions/runner-images/releases/tag/ubuntu22%2F20260927.309
2026-10-02T09:49:44.9354138Z ##[endgroup]
2026-10-02T09:49:44.9355359Z ##[group]GITHUB_TOKEN Permissions
2026-10-02T09:49:44.9357427Z Contents: read
2026-10-02T09:49:44.9358533Z Metadata: read
2026-10-02T09:49:44.9359181Z Packages: read
2026-10-02T09:49:44.9359835Z ##[endgroup]
2026-10-02T09:49:44.9362078Z Secret source: Actions
2026-10-02T09:49:44.9363205Z Cache mode: write
2026-10-02T09:49:44.9363946Z Prepare workflow directory
2026-10-02T09:49:44.9720103Z Prepare all required actions
2026-10-02T09:49:44.9769092Z Getting action download info
2026-10-02T09:49:45.3393408Z Download action repository 'actions/checkout@v4' (SHA:11d5960a326750d5838078e36cf38b85af677262)
2026-10-02T09:49:45.4329417Z Download action repository 'actions/upload-artifact@v4' (SHA:ea165f8d65b6e75b540449e92b4886f43607fa02)
2026-10-02T09:49:45.6536907Z Complete job name: Supply chain (trivy report)
2026-10-02T09:49:45.7339187Z ##[group]Run actions/checkout@v4
2026-10-02T09:49:45.7340637Z with:
2026-10-02T09:49:45.7341389Z   repository: llongwang751-arch/mini-drop
2026-10-02T09:49:45.7345705Z   token: ***
2026-10-02T09:49:45.7346139Z   ssh-strict: true
2026-10-02T09:49:45.7346575Z   ssh-user: git
2026-10-02T09:49:45.7347013Z   persist-credentials: true
2026-10-02T09:49:45.7347498Z   clean: true
2026-10-02T09:49:45.7347944Z   sparse-checkout-cone-mode: true
2026-10-02T09:49:45.7348787Z   fetch-depth: 1
2026-10-02T09:49:45.7349221Z   fetch-tags: false
2026-10-02T09:49:45.7349665Z   show-progress: true
2026-10-02T09:49:45.7350106Z   lfs: false
2026-10-02T09:49:45.7350512Z   submodules: false
2026-10-02T09:49:45.7350959Z   set-safe-directory: true
2026-10-02T09:49:45.7351458Z   allow-unsafe-pr-checkout: false
2026-10-02T09:49:45.7352325Z ##[endgroup]
2026-10-02T09:49:45.8445171Z Syncing repository: llongwang751-arch/mini-drop
2026-10-02T09:49:45.8447886Z ##[group]Getting Git version info
2026-10-02T09:49:45.8449478Z Working directory is '/home/runner/work/mini-drop/mini-drop'
2026-10-02T09:49:45.8451259Z [command]/usr/bin/git version
2026-10-02T09:49:45.8528521Z git version 2.55.0
2026-10-02T09:49:45.8551766Z ##[endgroup]
2026-10-02T09:49:45.8567678Z Temporarily overriding HOME='/home/runner/work/_temp/4e63afee-ee7f-4263-b554-486fe48886c8' before making global git config changes
2026-10-02T09:49:45.8570455Z Adding repository directory to the temporary git global config as a safe directory
2026-10-02T09:49:45.8573597Z [command]/usr/bin/git config --global --add safe.directory /home/runner/work/mini-drop/mini-drop
2026-10-02T09:49:45.8621526Z Deleting the contents of '/home/runner/work/mini-drop/mini-drop'
2026-10-02T09:49:45.8627477Z ##[group]Initializing the repository
2026-10-02T09:49:45.8642147Z [command]/usr/bin/git init /home/runner/work/mini-drop/mini-drop
2026-10-02T09:49:45.8749946Z hint: Using 'master' as the name for the initial branch. This default branch name
2026-10-02T09:49:45.8751955Z hint: will change to "main" in Git 3.0. To configure the initial branch name
2026-10-02T09:49:45.8754186Z hint: to use in all of your new repositories, which will suppress this warning,
2026-10-02T09:49:45.8757064Z hint: call:
2026-10-02T09:49:45.8757921Z hint:
2026-10-02T09:49:45.8759570Z hint: 	git config --global init.defaultBranch <name>
2026-10-02T09:49:45.8760763Z hint:
2026-10-02T09:49:45.8764099Z hint: Names commonly chosen instead of 'master' are 'main', 'trunk' and
2026-10-02T09:49:45.8765871Z hint: 'development'. The just-created branch can be renamed via this command:
2026-10-02T09:49:45.8767350Z hint:
2026-10-02T09:49:45.8768334Z hint: 	git branch -m <name>
2026-10-02T09:49:45.8769194Z hint:
2026-10-02T09:49:45.8770266Z hint: Disable this message with "git config set advice.defaultBranchName false"
2026-10-02T09:49:45.8772015Z Initialized empty Git repository in /home/runner/work/mini-drop/mini-drop/.git/
2026-10-02T09:49:45.8774902Z [command]/usr/bin/git remote add origin https://github.com/llongwang751-arch/mini-drop
2026-10-02T09:49:45.8810226Z ##[endgroup]
2026-10-02T09:49:45.8815339Z ##[group]Disabling automatic garbage collection
2026-10-02T09:49:45.8816573Z [command]/usr/bin/git config --local gc.auto 0
2026-10-02T09:49:45.8852797Z ##[endgroup]
2026-10-02T09:49:45.8854149Z ##[group]Setting up auth
2026-10-02T09:49:45.8861070Z [command]/usr/bin/git config --local --name-only --get-regexp core\.sshCommand
2026-10-02T09:49:45.8904499Z [command]/usr/bin/git submodule foreach --recursive sh -c "git config --local --name-only --get-regexp 'core\.sshCommand' && git config --local --unset-all 'core.sshCommand' || :"
2026-10-02T09:49:45.9346249Z [command]/usr/bin/git config --local --name-only --get-regexp http\.https\:\/\/github\.com\/\.extraheader
2026-10-02T09:49:45.9395395Z [command]/usr/bin/git submodule foreach --recursive sh -c "git config --local --name-only --get-regexp 'http\.https\:\/\/github\.com\/\.extraheader' && git config --local --unset-all 'http.https://github.com/.extraheader' || :"
2026-10-02T09:49:45.9679495Z [command]/usr/bin/git config --local --name-only --get-regexp ^includeIf\.gitdir:
2026-10-02T09:49:45.9723320Z [command]/usr/bin/git submodule foreach --recursive git config --local --show-origin --name-only --get-regexp remote.origin.url
2026-10-02T09:49:46.0027275Z [command]/usr/bin/git config --local http.https://github.com/.extraheader AUTHORIZATION: basic ***
2026-10-02T09:49:46.0084655Z ##[endgroup]
2026-10-02T09:49:46.0086133Z ##[group]Fetching the repository
2026-10-02T09:49:46.0096221Z [command]/usr/bin/git -c protocol.version=2 fetch --no-tags --prune --no-recurse-submodules --depth=1 origin +d2b5cacfa5ac3bd156736d41e248c7bbc77ebecf:refs/remotes/pull/1/merge
2026-10-02T09:49:55.5333751Z From https://github.com/llongwang751-arch/mini-drop
2026-10-02T09:49:55.5335859Z  * [new ref]         d2b5cacfa5ac3bd156736d41e248c7bbc77ebecf -> pull/1/merge
2026-10-02T09:49:55.5340632Z ##[endgroup]
2026-10-02T09:49:55.5342519Z ##[group]Determining the checkout info
2026-10-02T09:49:55.5344587Z ##[endgroup]
2026-10-02T09:49:55.5351180Z [command]/usr/bin/git sparse-checkout disable
2026-10-02T09:49:55.5413513Z [command]/usr/bin/git config --local --unset-all extensions.worktreeConfig
2026-10-02T09:49:55.5467585Z ##[group]Checking out the ref
2026-10-02T09:49:55.5471845Z [command]/usr/bin/git checkout --progress --force refs/remotes/pull/1/merge
2026-10-02T09:49:56.5618383Z Updating files:  63% (2785/4370)
2026-10-02T09:49:56.5663307Z Updating files:  64% (2797/4370)
2026-10-02T09:49:56.5714324Z Updating files:  65% (2841/4370)
2026-10-02T09:49:56.5746899Z Updating files:  66% (2885/4370)
2026-10-02T09:49:56.5801485Z Updating files:  67% (2928/4370)
2026-10-02T09:49:56.5839682Z Updating files:  68% (2972/4370)
2026-10-02T09:49:56.6055143Z Updating files:  69% (3016/4370)
2026-10-02T09:49:56.6365208Z Updating files:  70% (3059/4370)
2026-10-02T09:49:56.6558798Z Updating files:  71% (3103/4370)
2026-10-02T09:49:56.6612470Z Updating files:  72% (3147/4370)
2026-10-02T09:49:56.6678975Z Updating files:  73% (3191/4370)
2026-10-02T09:49:56.6749404Z Updating files:  74% (3234/4370)
2026-10-02T09:49:56.6842980Z Updating files:  75% (3278/4370)
2026-10-02T09:49:56.6896210Z Updating files:  76% (3322/4370)
2026-10-02T09:49:56.6940816Z Updating files:  77% (3365/4370)
2026-10-02T09:49:56.6962143Z Updating files:  78% (3409/4370)
2026-10-02T09:49:56.7012846Z Updating files:  79% (3453/4370)
2026-10-02T09:49:56.7054358Z Updating files:  80% (3496/4370)
2026-10-02T09:49:56.7094738Z Updating files:  81% (3540/4370)
2026-10-02T09:49:56.7162661Z Updating files:  82% (3584/4370)
2026-10-02T09:49:56.7202610Z Updating files:  83% (3628/4370)
2026-10-02T09:49:56.7256100Z Updating files:  84% (3671/4370)
2026-10-02T09:49:56.7354619Z Updating files:  85% (3715/4370)
2026-10-02T09:49:56.7412349Z Updating files:  86% (3759/4370)
2026-10-02T09:49:56.7471849Z Updating files:  87% (3802/4370)
2026-10-02T09:49:56.7503983Z Updating files:  88% (3846/4370)
2026-10-02T09:49:56.7539577Z Updating files:  89% (3890/4370)
2026-10-02T09:49:56.7571737Z Updating files:  90% (3933/4370)
2026-10-02T09:49:56.7622550Z Updating files:  91% (3977/4370)
2026-10-02T09:49:56.7649834Z Updating files:  92% (4021/4370)
2026-10-02T09:49:56.7678817Z Updating files:  93% (4065/4370)
2026-10-02T09:49:56.7707191Z Updating files:  94% (4108/4370)
2026-10-02T09:49:56.7742324Z Updating files:  95% (4152/4370)
2026-10-02T09:49:56.7876986Z Updating files:  96% (4196/4370)
2026-10-02T09:49:56.7904141Z Updating files:  97% (4239/4370)
2026-10-02T09:49:56.7932886Z Updating files:  98% (4283/4370)
2026-10-02T09:49:56.7958495Z Updating files:  99% (4327/4370)
2026-10-02T09:49:56.7959549Z Updating files: 100% (4370/4370)
2026-10-02T09:49:56.7960131Z Updating files: 100% (4370/4370), done.
2026-10-02T09:49:56.8024190Z Note: switching to 'refs/remotes/pull/1/merge'.
2026-10-02T09:49:56.8026025Z 
2026-10-02T09:49:56.8026774Z You are in 'detached HEAD' state. You can look around, make experimental
2026-10-02T09:49:56.8028714Z changes and commit them, and you can discard any commits you make in this
2026-10-02T09:49:56.8029869Z state without impacting any branches by switching back to a branch.
2026-10-02T09:49:56.8030430Z 
2026-10-02T09:49:56.8030798Z If you want to create a new branch to retain commits you create, you may
2026-10-02T09:49:56.8031662Z do so (now or later) by using -c with the switch command. Example:
2026-10-02T09:49:56.8032171Z 
2026-10-02T09:49:56.8032384Z   git switch -c <new-branch-name>
2026-10-02T09:49:56.8032710Z 
2026-10-02T09:49:56.8032900Z Or undo this operation with:
2026-10-02T09:49:56.8033201Z 
2026-10-02T09:49:56.8033356Z   git switch -
2026-10-02T09:49:56.8033585Z 
2026-10-02T09:49:56.8033972Z Turn off this advice by setting config variable advice.detachedHead to false
2026-10-02T09:49:56.8034553Z 
2026-10-02T09:49:56.8035177Z HEAD is now at d2b5cac Merge a6a3626094b8edbb5b9a48bef317153035ccca16 into 609ea8a73f845b496b59b5cae181f515c5919850
2026-10-02T09:49:56.8144561Z ##[endgroup]
2026-10-02T09:49:56.8205557Z [command]/usr/bin/git log -1 --format=%H
2026-10-02T09:49:56.8242814Z d2b5cacfa5ac3bd156736d41e248c7bbc77ebecf
2026-10-02T09:49:56.8483680Z ##[group]Run curl -sfL https://raw.githubusercontent.com/aquasecurity/trivy/main/contrib/install.sh | sh -s -- -b /usr/local/bin
2026-10-02T09:49:56.8484753Z [36;1mcurl -sfL https://raw.githubusercontent.com/aquasecurity/trivy/main/contrib/install.sh | sh -s -- -b /usr/local/bin[0m
2026-10-02T09:49:56.8832214Z shell: /usr/bin/bash -e {0}
2026-10-02T09:49:56.8832568Z ##[endgroup]
2026-10-02T09:49:57.1396865Z aquasecurity/trivy info checking GitHub for latest tag
2026-10-02T09:49:57.4506857Z aquasecurity/trivy info found version: 0.75.0 for v0.75.0/Linux/64bit
2026-10-02T09:49:59.3291630Z aquasecurity/trivy info installed /usr/local/bin/trivy
2026-10-02T09:49:59.3867916Z ##[group]Run trivy fs --scanners vuln,secret,misconfig --exit-code 0 \
2026-10-02T09:49:59.3868984Z [36;1mtrivy fs --scanners vuln,secret,misconfig --exit-code 0 \[0m
2026-10-02T09:49:59.3869518Z [36;1m  --format json --output output/trivy-fs.json .[0m
2026-10-02T09:49:59.3944219Z shell: /usr/bin/bash -e {0}
2026-10-02T09:49:59.3944494Z ##[endgroup]
2026-10-02T09:49:59.5004424Z 2026-10-02T09:49:59Z	INFO	[vulndb] Need to update DB
2026-10-02T09:49:59.5005101Z 2026-10-02T09:49:59Z	INFO	[vulndb] Downloading vulnerability DB...
2026-10-02T09:49:59.5005680Z 2026-10-02T09:49:59Z	INFO	[vulndb] Downloading artifact...	repo="mirror.gcr.io/aquasec/trivy-db:2"
2026-10-02T09:50:05.3010713Z 6.00 MiB / 120.57 MiB [--->__________________________________________________________] 4.98% ? p/s ?35.96 MiB / 120.57 MiB [----------------->__________________________________________] 29.83% ? p/s ?65.95 MiB / 120.57 MiB [-------------------------------->___________________________] 54.70% ? p/s ?96.51 MiB / 120.57 MiB [------------------------------------>_________] 80.04% 150.87 MiB p/s ETA 0s120.57 MiB / 120.57 MiB [------------------------------------------->] 100.00% 150.87 MiB p/s ETA 0s120.57 MiB / 120.57 MiB [------------------------------------------->] 100.00% 150.87 MiB p/s ETA 0s120.57 MiB / 120.57 MiB [------------------------------------------->] 100.00% 143.72 MiB p/s ETA 0s120.57 MiB / 120.57 MiB [------------------------------------------->] 100.00% 143.72 MiB p/s ETA 0s120.57 MiB / 120.57 MiB [------------------------------------------->] 100.00% 143.72 MiB p/s ETA 0s120.57 MiB / 120.57 MiB [------------------------------------------->] 100.00% 134.45 MiB p/s ETA 0s120.57 MiB / 120.57 MiB [------------------------------------------->] 100.00% 134.45 MiB p/s ETA 0s120.57 MiB / 120.57 MiB [------------------------------------------->] 100.00% 134.45 MiB p/s ETA 0s120.57 MiB / 120.57 MiB [------------------------------------------->] 100.00% 125.77 MiB p/s ETA 0s120.57 MiB / 120.57 MiB [------------------------------------------->] 100.00% 125.77 MiB p/s ETA 0s120.57 MiB / 120.57 MiB [------------------------------------------->] 100.00% 125.77 MiB p/s ETA 0s120.57 MiB / 120.57 MiB [------------------------------------------->] 100.00% 117.66 MiB p/s ETA 0s120.57 MiB / 120.57 MiB [------------------------------------------->] 100.00% 117.66 MiB p/s ETA 0s120.57 MiB / 120.57 MiB [------------------------------------------->] 100.00% 117.66 MiB p/s ETA 0s120.57 MiB / 120.57 MiB [------------------------------------------->] 100.00% 110.07 MiB p/s ETA 0s120.57 MiB / 120.57 MiB [------------------------------------------->] 100.00% 110.07 MiB p/s ETA 0s120.57 MiB / 120.57 MiB [------------------------------------------->] 100.00% 110.07 MiB p/s ETA 0s120.57 MiB / 120.57 MiB [------------------------------------------->] 100.00% 102.97 MiB p/s ETA 0s120.57 MiB / 120.57 MiB [------------------------------------------->] 100.00% 102.97 MiB p/s ETA 0s120.57 MiB / 120.57 MiB [-----------------------------------------------] 100.00% 26.51 MiB p/s 4.7s2026-10-02T09:50:05Z	INFO	[vulndb] Artifact successfully downloaded	repo="mirror.gcr.io/aquasec/trivy-db:2"
2026-10-02T09:50:05.3022542Z 2026-10-02T09:50:05Z	INFO	[vuln] Vulnerability scanning is enabled
2026-10-02T09:50:05.3039045Z 2026-10-02T09:50:05Z	INFO	[misconfig] Misconfiguration scanning is enabled
2026-10-02T09:50:05.3045955Z 2026-10-02T09:50:05Z	INFO	[checks-client] Need to update the checks bundle
2026-10-02T09:50:05.3046880Z 2026-10-02T09:50:05Z	INFO	[checks-client] Downloading the checks bundle...
2026-10-02T09:50:07.4580841Z 234.65 KiB / 234.65 KiB [------------------------------------------------------] 100.00% ? p/s 100ms2026-10-02T09:50:07Z	INFO	[secret] Secret scanning is enabled
2026-10-02T09:50:07.4582423Z 2026-10-02T09:50:07Z	INFO	[secret] If your scanning is slow, please try '--scanners vuln,misconfig' to disable secret scanning
2026-10-02T09:50:07.4584713Z 2026-10-02T09:50:07Z	INFO	[secret] Please see https://trivy.dev/docs/v0.75/guide/scanner/secret#recommendation for faster secret detection
2026-10-02T09:50:17.3962668Z 2026-10-02T09:50:17Z	INFO	[npm] Run "npm install" to collect the license information of packages	dir="web/node_modules"
2026-10-02T09:50:19.5666342Z 2026-10-02T09:50:19Z	INFO	Suppressing dependencies for development and testing. To display them, try the '--include-dev-deps' flag.
2026-10-02T09:50:19.5668360Z 2026-10-02T09:50:19Z	INFO	Number of language-specific files	num=3
2026-10-02T09:50:19.5669189Z 2026-10-02T09:50:19Z	INFO	[gomod] Detecting vulnerabilities...
2026-10-02T09:50:19.5682896Z 2026-10-02T09:50:19Z	INFO	[npm] Detecting vulnerabilities...
2026-10-02T09:50:19.5723892Z 2026-10-02T09:50:19Z	INFO	Detected config files	num=28
2026-10-02T09:50:19.5738311Z 2026-10-02T09:50:19Z	WARN	Using severities from other vendors for some vulnerabilities. Read https://trivy.dev/docs/v0.75/guide/scanner/vulnerability#severity-selection for details.
2026-10-02T09:50:19.6083372Z ##[group]Run actions/upload-artifact@v4
2026-10-02T09:50:19.6084005Z with:
2026-10-02T09:50:19.6084532Z   name: trivy-fs-d2b5cacfa5ac3bd156736d41e248c7bbc77ebecf
2026-10-02T09:50:19.6085252Z   path: output/trivy-fs.json
2026-10-02T09:50:19.6085835Z   if-no-files-found: warn
2026-10-02T09:50:19.6086315Z   compression-level: 6
2026-10-02T09:50:19.6086758Z   overwrite: false
2026-10-02T09:50:19.6087226Z   include-hidden-files: false
2026-10-02T09:50:19.6087596Z ##[endgroup]
2026-10-02T09:50:19.7941620Z (node:2150) [DEP0040] DeprecationWarning: The `punycode` module is deprecated. Please use a userland alternative instead.
2026-10-02T09:50:19.7942608Z (Use `node --trace-deprecation ...` to show where the warning was created)
2026-10-02T09:50:19.7993596Z With the provided path, there will be 1 file uploaded
2026-10-02T09:50:19.8005326Z Artifact name is valid!
2026-10-02T09:50:19.8006595Z Root directory input is valid!
2026-10-02T09:50:20.1707712Z Beginning upload of artifact content to blob storage
2026-10-02T09:50:20.1983593Z (node:2150) [DEP0169] DeprecationWarning: `url.parse()` behavior is not standardized and prone to errors that have security implications. Use the WHATWG URL API instead. CVEs are not issued for `url.parse()` vulnerabilities.
2026-10-02T09:50:20.5659177Z Uploaded bytes 41491
2026-10-02T09:50:20.6459340Z Finished uploading artifact content to blob storage!
2026-10-02T09:50:20.6460814Z SHA256 digest of uploaded artifact zip is aa785f53baa56f623ec31ede1e008900fbe55b13596e1f8d84acd3b4336e90a3
2026-10-02T09:50:20.6462571Z Finalizing artifact upload
2026-10-02T09:50:20.9183276Z Artifact trivy-fs-d2b5cacfa5ac3bd156736d41e248c7bbc77ebecf.zip successfully finalized. Artifact ID 11220115700
2026-10-02T09:50:20.9185124Z Artifact trivy-fs-d2b5cacfa5ac3bd156736d41e248c7bbc77ebecf has been successfully uploaded! Final size is 41491 bytes. Artifact ID is 11220115700
2026-10-02T09:50:20.9191908Z Artifact download URL: https://github.com/llongwang751-arch/mini-drop/actions/runs/36992014614/artifacts/11220115700
2026-10-02T09:50:20.9418884Z Post job cleanup.
2026-10-02T09:50:21.0360378Z [command]/usr/bin/git version
2026-10-02T09:50:21.0408469Z git version 2.55.0
2026-10-02T09:50:21.0454620Z Temporarily overriding HOME='/home/runner/work/_temp/41035e8b-7d1f-404b-9f71-d33e5888cb42' before making global git config changes
2026-10-02T09:50:21.0455721Z Adding repository directory to the temporary git global config as a safe directory
2026-10-02T09:50:21.0461421Z [command]/usr/bin/git config --global --add safe.directory /home/runner/work/mini-drop/mini-drop
2026-10-02T09:50:21.0506492Z [command]/usr/bin/git config --local --name-only --get-regexp core\.sshCommand
2026-10-02T09:50:21.0547554Z [command]/usr/bin/git submodule foreach --recursive sh -c "git config --local --name-only --get-regexp 'core\.sshCommand' && git config --local --unset-all 'core.sshCommand' || :"
2026-10-02T09:50:21.0861275Z [command]/usr/bin/git config --local --name-only --get-regexp http\.https\:\/\/github\.com\/\.extraheader
2026-10-02T09:50:21.0891236Z http.https://github.com/.extraheader
2026-10-02T09:50:21.0903738Z [command]/usr/bin/git config --local --unset-all http.https://github.com/.extraheader
2026-10-02T09:50:21.0943659Z [command]/usr/bin/git submodule foreach --recursive sh -c "git config --local --name-only --get-regexp 'http\.https\:\/\/github\.com\/\.extraheader' && git config --local --unset-all 'http.https://github.com/.extraheader' || :"
2026-10-02T09:50:21.1253049Z [command]/usr/bin/git config --local --name-only --get-regexp ^includeIf\.gitdir:
2026-10-02T09:50:21.1296091Z [command]/usr/bin/git submodule foreach --recursive git config --local --show-origin --name-only --get-regexp remote.origin.url
2026-10-02T09:50:21.1856614Z Cleaning up orphan processes
2026-10-02T09:50:21.2175200Z ##[warning]Node.js 20 is deprecated. The following actions target Node.js 20 but are being forced to run on Node.js 24: actions/checkout@v4, actions/upload-artifact@v4. For more information see: https://github.blog/changelog/2025-09-19-deprecation-of-node-20-on-github-actions-runners/
