2026-10-01T17:10:02.1353147Z Current runner version: '2.337.0'
2026-10-01T17:10:02.1374302Z ##[group]Runner Image Provisioner
2026-10-01T17:10:02.1375043Z Hosted Compute Agent
2026-10-01T17:10:02.1375539Z Version: 20260901.588
2026-10-01T17:10:02.1376155Z Commit: f88ec8081b781fac6c440065ac7ff9e710ce3d0b
2026-10-01T17:10:02.1376777Z Build Date: 2026-09-01T19:56:44Z
2026-10-01T17:10:02.1377385Z Worker ID: {1175fa78-de16-4112-9f18-a5c5dc45c404}
2026-10-01T17:10:02.1377991Z Azure Region: westus3
2026-10-01T17:10:02.1378490Z ##[endgroup]
2026-10-01T17:10:02.1379861Z ##[group]Operating System
2026-10-01T17:10:02.1380452Z Ubuntu
2026-10-01T17:10:02.1380945Z 22.04.5
2026-10-01T17:10:02.1381398Z LTS
2026-10-01T17:10:02.1381869Z ##[endgroup]
2026-10-01T17:10:02.1382397Z ##[group]Runner Image
2026-10-01T17:10:02.1382932Z Image: ubuntu-22.04
2026-10-01T17:10:02.1383391Z Version: 20260927.309.1
2026-10-01T17:10:02.1384539Z Included Software: https://github.com/actions/runner-images/blob/ubuntu22/20260927.309/images/ubuntu/Ubuntu2204-Readme.md
2026-10-01T17:10:02.1385881Z Image Release: https://github.com/actions/runner-images/releases/tag/ubuntu22%2F20260927.309
2026-10-01T17:10:02.1386678Z ##[endgroup]
2026-10-01T17:10:02.1387734Z ##[group]GITHUB_TOKEN Permissions
2026-10-01T17:10:02.1389579Z Contents: read
2026-10-01T17:10:02.1390068Z Metadata: read
2026-10-01T17:10:02.1390682Z Packages: read
2026-10-01T17:10:02.1391200Z ##[endgroup]
2026-10-01T17:10:02.1392989Z Secret source: Actions
2026-10-01T17:10:02.1393750Z Cache mode: write
2026-10-01T17:10:02.1394346Z Prepare workflow directory
2026-10-01T17:10:02.1675831Z Prepare all required actions
2026-10-01T17:10:02.1730506Z Getting action download info
2026-10-01T17:10:02.4946185Z Download action repository 'actions/checkout@v4' (SHA:11d5960a326750d5838078e36cf38b85af677262)
2026-10-01T17:10:02.5783842Z Download action repository 'actions/setup-node@v4' (SHA:49933ea5288caeca8642d1e84afbd3f7d6820020)
2026-10-01T17:10:02.6838710Z Download action repository 'actions/upload-artifact@v4' (SHA:ea165f8d65b6e75b540449e92b4886f43607fa02)
2026-10-01T17:10:02.9044944Z Complete job name: Web (real Chromium, synthetic fixtures)
2026-10-01T17:10:02.9650199Z ##[group]Run actions/checkout@v4
2026-10-01T17:10:02.9650831Z with:
2026-10-01T17:10:02.9651191Z   repository: llongwang751-arch/mini-drop
2026-10-01T17:10:02.9654367Z   token: ***
2026-10-01T17:10:02.9654708Z   ssh-strict: true
2026-10-01T17:10:02.9655047Z   ssh-user: git
2026-10-01T17:10:02.9655391Z   persist-credentials: true
2026-10-01T17:10:02.9655768Z   clean: true
2026-10-01T17:10:02.9656117Z   sparse-checkout-cone-mode: true
2026-10-01T17:10:02.9656572Z   fetch-depth: 1
2026-10-01T17:10:02.9656903Z   fetch-tags: false
2026-10-01T17:10:02.9657245Z   show-progress: true
2026-10-01T17:10:02.9657590Z   lfs: false
2026-10-01T17:10:02.9657907Z   submodules: false
2026-10-01T17:10:02.9658251Z   set-safe-directory: true
2026-10-01T17:10:02.9658633Z   allow-unsafe-pr-checkout: false
2026-10-01T17:10:02.9659431Z ##[endgroup]
2026-10-01T17:10:03.0495137Z Syncing repository: llongwang751-arch/mini-drop
2026-10-01T17:10:03.0497171Z ##[group]Getting Git version info
2026-10-01T17:10:03.0498081Z Working directory is '/home/runner/work/mini-drop/mini-drop'
2026-10-01T17:10:03.0499527Z [command]/usr/bin/git version
2026-10-01T17:10:03.0544262Z git version 2.55.0
2026-10-01T17:10:03.0560455Z ##[endgroup]
2026-10-01T17:10:03.0573433Z Temporarily overriding HOME='/home/runner/work/_temp/5aca8728-905e-4f9b-815d-a307b4e444bd' before making global git config changes
2026-10-01T17:10:03.0575193Z Adding repository directory to the temporary git global config as a safe directory
2026-10-01T17:10:03.0577722Z [command]/usr/bin/git config --global --add safe.directory /home/runner/work/mini-drop/mini-drop
2026-10-01T17:10:03.0612875Z Deleting the contents of '/home/runner/work/mini-drop/mini-drop'
2026-10-01T17:10:03.0627089Z ##[group]Initializing the repository
2026-10-01T17:10:03.0627945Z [command]/usr/bin/git init /home/runner/work/mini-drop/mini-drop
2026-10-01T17:10:03.0705214Z hint: Using 'master' as the name for the initial branch. This default branch name
2026-10-01T17:10:03.0707222Z hint: will change to "main" in Git 3.0. To configure the initial branch name
2026-10-01T17:10:03.0708636Z hint: to use in all of your new repositories, which will suppress this warning,
2026-10-01T17:10:03.0710254Z hint: call:
2026-10-01T17:10:03.0710966Z hint:
2026-10-01T17:10:03.0711817Z hint: 	git config --global init.defaultBranch <name>
2026-10-01T17:10:03.0712756Z hint:
2026-10-01T17:10:03.0713622Z hint: Names commonly chosen instead of 'master' are 'main', 'trunk' and
2026-10-01T17:10:03.0714962Z hint: 'development'. The just-created branch can be renamed via this command:
2026-10-01T17:10:03.0716174Z hint:
2026-10-01T17:10:03.0716963Z hint: 	git branch -m <name>
2026-10-01T17:10:03.0717858Z hint:
2026-10-01T17:10:03.0718812Z hint: Disable this message with "git config set advice.defaultBranchName false"
2026-10-01T17:10:03.0720658Z Initialized empty Git repository in /home/runner/work/mini-drop/mini-drop/.git/
2026-10-01T17:10:03.0733656Z [command]/usr/bin/git remote add origin https://github.com/llongwang751-arch/mini-drop
2026-10-01T17:10:03.0755135Z ##[endgroup]
2026-10-01T17:10:03.0756538Z ##[group]Disabling automatic garbage collection
2026-10-01T17:10:03.0758651Z [command]/usr/bin/git config --local gc.auto 0
2026-10-01T17:10:03.0791283Z ##[endgroup]
2026-10-01T17:10:03.0792160Z ##[group]Setting up auth
2026-10-01T17:10:03.0796744Z [command]/usr/bin/git config --local --name-only --get-regexp core\.sshCommand
2026-10-01T17:10:03.0828659Z [command]/usr/bin/git submodule foreach --recursive sh -c "git config --local --name-only --get-regexp 'core\.sshCommand' && git config --local --unset-all 'core.sshCommand' || :"
2026-10-01T17:10:03.1146611Z [command]/usr/bin/git config --local --name-only --get-regexp http\.https\:\/\/github\.com\/\.extraheader
2026-10-01T17:10:03.1206149Z [command]/usr/bin/git submodule foreach --recursive sh -c "git config --local --name-only --get-regexp 'http\.https\:\/\/github\.com\/\.extraheader' && git config --local --unset-all 'http.https://github.com/.extraheader' || :"
2026-10-01T17:10:03.1443731Z [command]/usr/bin/git config --local --name-only --get-regexp ^includeIf\.gitdir:
2026-10-01T17:10:03.1477580Z [command]/usr/bin/git submodule foreach --recursive git config --local --show-origin --name-only --get-regexp remote.origin.url
2026-10-01T17:10:03.1696412Z [command]/usr/bin/git config --local http.https://github.com/.extraheader AUTHORIZATION: basic ***
2026-10-01T17:10:03.1735212Z ##[endgroup]
2026-10-01T17:10:03.1736119Z ##[group]Fetching the repository
2026-10-01T17:10:03.1743686Z [command]/usr/bin/git -c protocol.version=2 fetch --no-tags --prune --no-recurse-submodules --depth=1 origin +2e7db027048535fb70b4d2db7e0986b17225cb2c:refs/remotes/pull/1/merge
2026-10-01T17:10:11.2821142Z From https://github.com/llongwang751-arch/mini-drop
2026-10-01T17:10:11.2823234Z  * [new ref]         2e7db027048535fb70b4d2db7e0986b17225cb2c -> pull/1/merge
2026-10-01T17:10:11.2827646Z ##[endgroup]
2026-10-01T17:10:11.2828605Z ##[group]Determining the checkout info
2026-10-01T17:10:11.2829793Z ##[endgroup]
2026-10-01T17:10:11.2831728Z [command]/usr/bin/git sparse-checkout disable
2026-10-01T17:10:11.2881799Z [command]/usr/bin/git config --local --unset-all extensions.worktreeConfig
2026-10-01T17:10:11.2912428Z ##[group]Checking out the ref
2026-10-01T17:10:11.2915041Z [command]/usr/bin/git checkout --progress --force refs/remotes/pull/1/merge
2026-10-01T17:10:12.1156874Z Note: switching to 'refs/remotes/pull/1/merge'.
2026-10-01T17:10:12.1157357Z 
2026-10-01T17:10:12.1157571Z You are in 'detached HEAD' state. You can look around, make experimental
2026-10-01T17:10:12.1158075Z changes and commit them, and you can discard any commits you make in this
2026-10-01T17:10:12.1158758Z state without impacting any branches by switching back to a branch.
2026-10-01T17:10:12.1159308Z 
2026-10-01T17:10:12.1159611Z If you want to create a new branch to retain commits you create, you may
2026-10-01T17:10:12.1160340Z do so (now or later) by using -c with the switch command. Example:
2026-10-01T17:10:12.1160562Z 
2026-10-01T17:10:12.1160709Z   git switch -c <new-branch-name>
2026-10-01T17:10:12.1160899Z 
2026-10-01T17:10:12.1161023Z Or undo this operation with:
2026-10-01T17:10:12.1161174Z 
2026-10-01T17:10:12.1161272Z   git switch -
2026-10-01T17:10:12.1161419Z 
2026-10-01T17:10:12.1161674Z Turn off this advice by setting config variable advice.detachedHead to false
2026-10-01T17:10:12.1161943Z 
2026-10-01T17:10:12.1162235Z HEAD is now at 2e7db02 Merge b7a545abd9d5a64e8899f8508941d46ce47e4605 into 609ea8a73f845b496b59b5cae181f515c5919850
2026-10-01T17:10:12.1277274Z ##[endgroup]
2026-10-01T17:10:12.1280435Z [command]/usr/bin/git log -1 --format=%H
2026-10-01T17:10:12.1307219Z 2e7db027048535fb70b4d2db7e0986b17225cb2c
2026-10-01T17:10:12.1617298Z ##[group]Run actions/setup-node@v4
2026-10-01T17:10:12.1617590Z with:
2026-10-01T17:10:12.1617791Z   node-version: 22
2026-10-01T17:10:12.1617992Z   cache: npm
2026-10-01T17:10:12.1618252Z   cache-dependency-path: web/package-lock.json
2026-10-01T17:10:12.1618529Z   always-auth: false
2026-10-01T17:10:12.1618741Z   check-latest: false
2026-10-01T17:10:12.1621040Z   token: ***
2026-10-01T17:10:12.1621243Z ##[endgroup]
2026-10-01T17:10:12.2803778Z Found in cache @ /opt/hostedtoolcache/node/22.23.3/x64
2026-10-01T17:10:12.2806305Z (node:1970) [DEP0040] DeprecationWarning: The `punycode` module is deprecated. Please use a userland alternative instead.
2026-10-01T17:10:12.2806911Z (Use `node --trace-deprecation ...` to show where the warning was created)
2026-10-01T17:10:12.2809536Z ##[group]Environment details
2026-10-01T17:10:12.6587113Z node: v22.23.3
2026-10-01T17:10:12.6587503Z npm: 10.9.9
2026-10-01T17:10:12.6587772Z yarn: 1.22.22
2026-10-01T17:10:12.6588626Z ##[endgroup]
2026-10-01T17:10:12.6602603Z [command]/opt/hostedtoolcache/node/22.23.3/x64/bin/npm config get cache
2026-10-01T17:10:12.7444555Z /home/runner/.npm
2026-10-01T17:10:12.9580400Z Cache hit for: node-cache-Linux-x64-npm-a79428a48f53c819bdf3224c6f533bf526ae1b21f28f4ee918b0bcba5121d960
2026-10-01T17:10:12.9660157Z (node:1970) [DEP0169] DeprecationWarning: `url.parse()` behavior is not standardized and prone to errors that have security implications. Use the WHATWG URL API instead. CVEs are not issued for `url.parse()` vulnerabilities.
2026-10-01T17:10:14.1051875Z Received 52012766 of 52012766 (100.0%), 52.8 MBs/sec
2026-10-01T17:10:14.1052543Z Cache Size: ~50 MB (52012766 B)
2026-10-01T17:10:14.1149351Z [command]/usr/bin/tar -xf /home/runner/work/_temp/31a60ab4-c112-4244-aedf-a6848bc40d37/cache.tzst -P -C /home/runner/work/mini-drop/mini-drop --use-compress-program unzstd
2026-10-01T17:10:14.2347084Z Cache restored successfully
2026-10-01T17:10:14.2449998Z Cache restored from key: node-cache-Linux-x64-npm-a79428a48f53c819bdf3224c6f533bf526ae1b21f28f4ee918b0bcba5121d960
2026-10-01T17:10:14.2596136Z ##[group]Run npm --prefix web ci
2026-10-01T17:10:14.2596454Z [36;1mnpm --prefix web ci[0m
2026-10-01T17:10:14.3144364Z shell: /usr/bin/bash -e {0}
2026-10-01T17:10:14.3144638Z ##[endgroup]
2026-10-01T17:10:19.2663496Z 
2026-10-01T17:10:19.2670275Z added 346 packages, and audited 347 packages in 5s
2026-10-01T17:10:19.2670625Z 
2026-10-01T17:10:19.2670800Z 118 packages are looking for funding
2026-10-01T17:10:19.2671068Z   run `npm fund` for details
2026-10-01T17:10:19.2767079Z 
2026-10-01T17:10:19.2767633Z 2 vulnerabilities (1 low, 1 high)
2026-10-01T17:10:19.2767939Z 
2026-10-01T17:10:19.2768148Z To address all issues, run:
2026-10-01T17:10:19.2768381Z   npm audit fix
2026-10-01T17:10:19.2768502Z 
2026-10-01T17:10:19.2768608Z Run `npm audit` for details.
2026-10-01T17:10:19.3336812Z ##[group]Run npm --prefix web run build
2026-10-01T17:10:19.3337116Z [36;1mnpm --prefix web run build[0m
2026-10-01T17:10:19.3402857Z shell: /usr/bin/bash -e {0}
2026-10-01T17:10:19.3403088Z ##[endgroup]
2026-10-01T17:10:19.4235882Z 
2026-10-01T17:10:19.4236332Z > mini-drop-web@0.1.0 build
2026-10-01T17:10:19.4236766Z > vite build
2026-10-01T17:10:19.4237391Z 
2026-10-01T17:10:19.6215036Z [36mvite v8.2.2 [32mbuilding client environment for production...[36m[39m
2026-10-01T17:10:19.6318302Z transforming...
2026-10-01T17:10:20.1986622Z ✓ 4596 modules transformed.
2026-10-01T17:10:20.3685255Z rendering chunks...
2026-10-01T17:10:20.5500612Z computing gzip size...
2026-10-01T17:10:20.5658604Z dist/index.html                                0.79 kB │ gzip:   0.42 kB
2026-10-01T17:10:20.5659424Z dist/assets/parseJson.worker-mxB42-VK.js       0.83 kB
2026-10-01T17:10:20.5660211Z dist/assets/TaskResult-BAn5yWN7.css            0.32 kB │ gzip:   0.24 kB
2026-10-01T17:10:20.5661127Z dist/assets/flamegraph-VXIZzpiT.css            0.60 kB │ gzip:   0.32 kB
2026-10-01T17:10:20.5661950Z dist/assets/index-IZHbRe47.css                 8.44 kB │ gzip:   2.63 kB
2026-10-01T17:10:20.5662754Z dist/assets/AIDiagnosis-ChKDK5_y.css          90.44 kB │ gzip:  16.76 kB
2026-10-01T17:10:20.5663566Z dist/assets/ErrorAlert-903HQ4EN.js             0.23 kB │ gzip:   0.19 kB
2026-10-01T17:10:20.5664404Z dist/assets/ArrowLeftOutlined-D5Rce3sA.js      0.60 kB │ gzip:   0.44 kB
2026-10-01T17:10:20.5665194Z dist/assets/rolldown-runtime-B0Z9INg1.js       0.90 kB │ gzip:   0.51 kB
2026-10-01T17:10:20.5665917Z dist/assets/agentMetrics-CZoJGXne.js           1.09 kB │ gzip:   0.67 kB
2026-10-01T17:10:20.5666696Z dist/assets/CloudServerOutlined-nqMoSLwN.js    1.33 kB │ gzip:   0.78 kB
2026-10-01T17:10:20.5667500Z dist/assets/StatusTag-AVBiLPOz.js              2.03 kB │ gzip:   0.82 kB
2026-10-01T17:10:20.5668355Z dist/assets/AuditLogs-DN8rUm9t.js              3.87 kB │ gzip:   1.88 kB
2026-10-01T17:10:20.5669360Z dist/assets/row-D_0PZE5A.js                    5.51 kB │ gzip:   2.24 kB
2026-10-01T17:10:20.5670144Z dist/assets/collectors-9W4-i_vQ.js             6.12 kB │ gzip:   1.78 kB
2026-10-01T17:10:20.5670928Z dist/assets/alert-C2yT8MYA.js                  6.35 kB │ gzip:   2.66 kB
2026-10-01T17:10:20.5671696Z dist/assets/AgentDetail-CO3mTvBz.js            7.71 kB │ gzip:   3.15 kB
2026-10-01T17:10:20.5672510Z dist/assets/ThunderboltOutlined-_zhhsc5p.js   10.29 kB │ gzip:   4.07 kB
2026-10-01T17:10:20.5673433Z dist/assets/usePolling-CeSosOBk.js            16.17 kB │ gzip:   6.83 kB
2026-10-01T17:10:20.5674232Z dist/assets/Schedules-B8XBUGUf.js             17.26 kB │ gzip:   5.81 kB
2026-10-01T17:10:20.5675039Z dist/assets/input-number-BLKstg1f.js          23.73 kB │ gzip:   8.20 kB
2026-10-01T17:10:20.5675799Z dist/assets/modal-CGyc8tVo.js                 27.89 kB │ gzip:   9.27 kB
2026-10-01T17:10:20.5676579Z dist/assets/TaskResult-Dtno8wRA.js            29.61 kB │ gzip:  10.78 kB
2026-10-01T17:10:20.5677379Z dist/assets/d3-OVqjLuRP.js                    36.91 kB │ gzip:  12.52 kB
2026-10-01T17:10:20.5678179Z dist/assets/PlayCircleOutlined-DDH4N-mk.js    37.49 kB │ gzip:  12.80 kB
2026-10-01T17:10:20.5679775Z dist/assets/axios-B0fvnqBc.js                 49.95 kB │ gzip:  18.75 kB
2026-10-01T17:10:20.5680714Z dist/assets/Dashboard-C1lqSszR.js             50.52 kB │ gzip:  16.62 kB
2026-10-01T17:10:20.5681551Z dist/assets/index-BavQDGiu.js                 92.29 kB │ gzip:  32.17 kB
2026-10-01T17:10:20.5682353Z dist/assets/flamegraph-CSYLKD5W.js            96.97 kB │ gzip:  32.80 kB
2026-10-01T17:10:20.5683134Z dist/assets/react-C8_Uech3.js                178.38 kB │ gzip:  58.94 kB
2026-10-01T17:10:20.5683907Z dist/assets/table-B3EaWpvJ.js                343.42 kB │ gzip: 105.31 kB
2026-10-01T17:10:20.5684707Z dist/assets/SafeMarkdown-B8og5GV4.js         389.11 kB │ gzip: 122.02 kB
2026-10-01T17:10:20.5685511Z dist/assets/client-C9stzVXG.js               397.22 kB │ gzip: 127.31 kB
2026-10-01T17:10:20.5686666Z dist/assets/AIDiagnosis-CsqmrEI9.js          429.05 kB │ gzip: 135.64 kB
2026-10-01T17:10:20.5687496Z dist/assets/echarts-C79zCWSK.js              612.21 kB │ gzip: 206.37 kB
2026-10-01T17:10:20.5687837Z 
2026-10-01T17:10:20.5688092Z [32m✓ built in 946ms[39m
2026-10-01T17:10:20.5699780Z [33m[plugin builtin:vite-reporter] 
2026-10-01T17:10:20.5730053Z (!) Some chunks are larger than 600 kB after minification. Consider:
2026-10-01T17:10:20.5731128Z - Using dynamic import() to code-split the application
2026-10-01T17:10:20.5733706Z - Use build.rolldownOptions.output.codeSplitting to improve chunking: https://rolldown.rs/reference/OutputOptions.codeSplitting
2026-10-01T17:10:20.5734851Z - Adjust chunk size limit for this warning via build.chunkSizeWarningLimit.[39m
2026-10-01T17:10:20.6058631Z ##[group]Run npx --yes playwright@1.55.0 install --with-deps chromium
2026-10-01T17:10:20.6060285Z [36;1mnpx --yes playwright@1.55.0 install --with-deps chromium[0m
2026-10-01T17:10:20.6121250Z shell: /usr/bin/bash -e {0}
2026-10-01T17:10:20.6121485Z ##[endgroup]
2026-10-01T17:10:23.4471779Z ╔═══════════════════════════════════════════════════════════════════════════════╗
2026-10-01T17:10:23.4472614Z ║ WARNING: It looks like you are running 'npx playwright install' without first ║
2026-10-01T17:10:23.4473363Z ║ installing your project's dependencies.                                       ║
2026-10-01T17:10:23.4474048Z ║                                                                               ║
2026-10-01T17:10:23.4474683Z ║ To avoid unexpected behavior, please install your dependencies first, and     ║
2026-10-01T17:10:23.4475542Z ║ then run Playwright's install command:                                        ║
2026-10-01T17:10:23.4476173Z ║                                                                               ║
2026-10-01T17:10:23.4476578Z ║     npm install                                                               ║
2026-10-01T17:10:23.4477007Z ║     npx playwright install                                                    ║
2026-10-01T17:10:23.4477450Z ║                                                                               ║
2026-10-01T17:10:23.4477905Z ║ If your project does not yet depend on Playwright, first install the          ║
2026-10-01T17:10:23.4478440Z ║ applicable npm package (most commonly @playwright/test), and                  ║
2026-10-01T17:10:23.4479221Z ║ then run Playwright's install command to download the browsers:               ║
2026-10-01T17:10:23.4479688Z ║                                                                               ║
2026-10-01T17:10:23.4480114Z ║     npm install @playwright/test                                              ║
2026-10-01T17:10:23.4480590Z ║     npx playwright install                                                    ║
2026-10-01T17:10:23.4480998Z ║                                                                               ║
2026-10-01T17:10:23.4481435Z ╚═══════════════════════════════════════════════════════════════════════════════╝
2026-10-01T17:10:23.4481765Z Installing dependencies...
2026-10-01T17:10:23.4570311Z Switching to root user to install dependencies...
2026-10-01T17:10:23.5381180Z Get:1 file:/etc/apt/apt-mirrors.txt Mirrorlist [144 B]
2026-10-01T17:10:23.5678648Z Get:6 https://packages.microsoft.com/ubuntu/22.04/prod jammy InRelease [3632 B]
2026-10-01T17:10:23.5763692Z Hit:2 http://azure.archive.ubuntu.com/ubuntu jammy InRelease
2026-10-01T17:10:23.5800502Z Get:3 http://azure.archive.ubuntu.com/ubuntu jammy-updates InRelease [128 kB]
2026-10-01T17:10:23.5836627Z Get:4 http://azure.archive.ubuntu.com/ubuntu jammy-backports InRelease [127 kB]
2026-10-01T17:10:23.5849325Z Get:5 http://azure.archive.ubuntu.com/ubuntu jammy-security InRelease [129 kB]
2026-10-01T17:10:23.6423164Z Get:7 https://packages.microsoft.com/ubuntu/22.04/prod jammy/main arm64 Packages [549 kB]
2026-10-01T17:10:23.6613436Z Get:8 https://packages.microsoft.com/ubuntu/22.04/prod jammy/main amd64 Packages [790 kB]
2026-10-01T17:10:23.7813317Z Get:9 http://azure.archive.ubuntu.com/ubuntu jammy-updates/main amd64 Packages [3900 kB]
2026-10-01T17:10:23.8037708Z Get:10 http://azure.archive.ubuntu.com/ubuntu jammy-updates/main Translation-en [575 kB]
2026-10-01T17:10:23.8070322Z Get:11 http://azure.archive.ubuntu.com/ubuntu jammy-updates/restricted amd64 Packages [6701 kB]
2026-10-01T17:10:23.8347280Z Get:12 http://azure.archive.ubuntu.com/ubuntu jammy-updates/restricted Translation-en [1287 kB]
2026-10-01T17:10:23.8419745Z Get:13 http://azure.archive.ubuntu.com/ubuntu jammy-updates/universe amd64 Packages [1285 kB]
2026-10-01T17:10:23.8469984Z Get:14 http://azure.archive.ubuntu.com/ubuntu jammy-updates/universe Translation-en [325 kB]
2026-10-01T17:10:23.9235135Z Get:15 http://azure.archive.ubuntu.com/ubuntu jammy-security/main amd64 Packages [3596 kB]
2026-10-01T17:10:23.9387315Z Get:16 http://azure.archive.ubuntu.com/ubuntu jammy-security/main Translation-en [504 kB]
2026-10-01T17:10:23.9411345Z Get:17 http://azure.archive.ubuntu.com/ubuntu jammy-security/restricted amd64 Packages [6410 kB]
2026-10-01T17:10:23.9659146Z Get:18 http://azure.archive.ubuntu.com/ubuntu jammy-security/restricted Translation-en [1232 kB]
2026-10-01T17:10:24.0503422Z Get:19 http://azure.archive.ubuntu.com/ubuntu jammy-security/universe amd64 Packages [1052 kB]
2026-10-01T17:10:24.0552829Z Get:20 http://azure.archive.ubuntu.com/ubuntu jammy-security/universe Translation-en [236 kB]
2026-10-01T17:10:32.7922564Z Fetched 28.8 MB in 3s (10.6 MB/s)
2026-10-01T17:10:33.8422359Z Reading package lists...
2026-10-01T17:10:33.8950604Z Reading package lists...
2026-10-01T17:10:34.1194581Z Building dependency tree...
2026-10-01T17:10:34.1204538Z Reading state information...
2026-10-01T17:10:34.2690636Z fonts-liberation is already the newest version (1:1.07.4-11).
2026-10-01T17:10:34.2691249Z fonts-liberation set to manually installed.
2026-10-01T17:10:34.2691759Z libatk-bridge2.0-0 is already the newest version (2.38.0-3).
2026-10-01T17:10:34.2692247Z libatk-bridge2.0-0 set to manually installed.
2026-10-01T17:10:34.2692737Z libatk1.0-0 is already the newest version (2.36.0-3build1).
2026-10-01T17:10:34.2693184Z libatk1.0-0 set to manually installed.
2026-10-01T17:10:34.2693625Z libatspi2.0-0 is already the newest version (2.44.0-3).
2026-10-01T17:10:34.2694084Z libatspi2.0-0 set to manually installed.
2026-10-01T17:10:34.2694615Z libfontconfig1 is already the newest version (2.13.1-4.2ubuntu5).
2026-10-01T17:10:34.2695108Z libfontconfig1 set to manually installed.
2026-10-01T17:10:34.2695571Z libxcb1 is already the newest version (1.14-3ubuntu3).
2026-10-01T17:10:34.2696035Z libxcb1 set to manually installed.
2026-10-01T17:10:34.2696565Z libxcomposite1 is already the newest version (1:0.4.5-1build2).
2026-10-01T17:10:34.2697109Z libxcomposite1 set to manually installed.
2026-10-01T17:10:34.2697601Z libxdamage1 is already the newest version (1:1.1.5-2build2).
2026-10-01T17:10:34.2698028Z libxdamage1 set to manually installed.
2026-10-01T17:10:34.2698465Z libxext6 is already the newest version (2:1.3.4-1build1).
2026-10-01T17:10:34.2699054Z libxext6 set to manually installed.
2026-10-01T17:10:34.2699476Z libxfixes3 is already the newest version (1:6.0.0-1).
2026-10-01T17:10:34.2699894Z libxfixes3 set to manually installed.
2026-10-01T17:10:34.2700306Z libxkbcommon0 is already the newest version (1.4.0-1).
2026-10-01T17:10:34.2700734Z libxkbcommon0 set to manually installed.
2026-10-01T17:10:34.2701192Z libxrandr2 is already the newest version (2:1.5.2-1build1).
2026-10-01T17:10:34.2701599Z libxrandr2 set to manually installed.
2026-10-01T17:10:34.2702047Z fonts-noto-color-emoji is already the newest version (2.047-0ubuntu0.22.04.1).
2026-10-01T17:10:34.2702476Z libasound2 is already the newest version (1.2.6.1-1ubuntu1.2).
2026-10-01T17:10:34.2702798Z libasound2 set to manually installed.
2026-10-01T17:10:34.2703114Z libcairo2 is already the newest version (1.16.0-5ubuntu2.1).
2026-10-01T17:10:34.2703422Z libcairo2 set to manually installed.
2026-10-01T17:10:34.2703746Z libcups2 is already the newest version (2.4.1op1-1ubuntu4.21).
2026-10-01T17:10:34.2704050Z libcups2 set to manually installed.
2026-10-01T17:10:34.2704519Z libdbus-1-3 is already the newest version (1.12.20-2ubuntu4.1).
2026-10-01T17:10:34.2704866Z libdbus-1-3 set to manually installed.
2026-10-01T17:10:34.2705192Z libdrm2 is already the newest version (2.4.113-2~ubuntu0.22.04.1).
2026-10-01T17:10:34.2705498Z libdrm2 set to manually installed.
2026-10-01T17:10:34.2706134Z libfreetype6 is already the newest version (2.11.1+dfsg-1ubuntu0.3).
2026-10-01T17:10:34.2706538Z libfreetype6 set to manually installed.
2026-10-01T17:10:34.2706891Z libgbm1 is already the newest version (23.2.1-1ubuntu3.1~22.04.4).
2026-10-01T17:10:34.2707204Z libgbm1 set to manually installed.
2026-10-01T17:10:34.2707682Z libglib2.0-0 is already the newest version (2.72.4-0ubuntu2.10).
2026-10-01T17:10:34.2707996Z libglib2.0-0 set to manually installed.
2026-10-01T17:10:34.2708326Z libnspr4 is already the newest version (2:4.35-0ubuntu0.22.04.1).
2026-10-01T17:10:34.2708695Z libnss3 is already the newest version (2:3.98-0ubuntu0.22.04.4).
2026-10-01T17:10:34.2709372Z libpango-1.0-0 is already the newest version (1.50.6+ds-2ubuntu1).
2026-10-01T17:10:34.2709832Z libpango-1.0-0 set to manually installed.
2026-10-01T17:10:34.2710356Z libwayland-client0 is already the newest version (1.20.0-1ubuntu0.1).
2026-10-01T17:10:34.2710894Z libwayland-client0 set to manually installed.
2026-10-01T17:10:34.2711381Z libx11-6 is already the newest version (2:1.7.5-1ubuntu0.3).
2026-10-01T17:10:34.2711848Z libx11-6 set to manually installed.
2026-10-01T17:10:34.2712203Z xvfb is already the newest version (2:21.1.4-2ubuntu1.7~22.04.16).
2026-10-01T17:10:34.2712554Z The following additional packages will be installed:
2026-10-01T17:10:34.2712858Z   xfonts-encodings xfonts-utils
2026-10-01T17:10:34.2713101Z Recommended packages:
2026-10-01T17:10:34.2713326Z   fonts-ipafont-mincho fonts-tlwg-loma
2026-10-01T17:10:34.2888976Z The following NEW packages will be installed:
2026-10-01T17:10:34.2889702Z   fonts-freefont-ttf fonts-ipafont-gothic fonts-tlwg-loma-otf fonts-unifont
2026-10-01T17:10:34.2893659Z   fonts-wqy-zenhei xfonts-cyrillic xfonts-encodings xfonts-scalable
2026-10-01T17:10:34.2893999Z   xfonts-utils
2026-10-01T17:10:34.3044675Z 0 upgraded, 9 newly installed, 0 to remove and 20 not upgraded.
2026-10-01T17:10:34.3045224Z Need to get 18.4 MB of archives.
2026-10-01T17:10:34.3045809Z After this operation, 56.8 MB of additional disk space will be used.
2026-10-01T17:10:34.3046441Z Get:1 file:/etc/apt/apt-mirrors.txt Mirrorlist [144 B]
2026-10-01T17:10:34.5815976Z Ign:2 http://azure.archive.ubuntu.com/ubuntu jammy/universe amd64 fonts-ipafont-gothic all 00303-21ubuntu1
2026-10-01T17:10:35.0909677Z Ign:3 http://azure.archive.ubuntu.com/ubuntu jammy/main amd64 fonts-freefont-ttf all 20120503-10build1
2026-10-01T17:10:35.5933835Z Ign:4 http://azure.archive.ubuntu.com/ubuntu jammy/universe amd64 fonts-tlwg-loma-otf all 1:0.7.3-1
2026-10-01T17:10:36.1135422Z Ign:5 http://azure.archive.ubuntu.com/ubuntu jammy/universe amd64 fonts-unifont all 1:14.0.01-1
2026-10-01T17:10:36.6189944Z Ign:6 http://azure.archive.ubuntu.com/ubuntu jammy/universe amd64 fonts-wqy-zenhei all 0.9.45-8
2026-10-01T17:10:37.1358508Z Ign:7 http://azure.archive.ubuntu.com/ubuntu jammy/main amd64 xfonts-encodings all 1:1.0.5-0ubuntu2
2026-10-01T17:10:37.6488266Z Ign:8 http://azure.archive.ubuntu.com/ubuntu jammy/main amd64 xfonts-utils amd64 1:7.7+6build2
2026-10-01T17:10:38.3401771Z Ign:9 http://azure.archive.ubuntu.com/ubuntu jammy/universe amd64 xfonts-cyrillic all 1:1.0.5
2026-10-01T17:10:38.9216182Z Ign:10 http://azure.archive.ubuntu.com/ubuntu jammy/main amd64 xfonts-scalable all 1:1.0.3-1.2ubuntu1
2026-10-01T17:10:39.4327021Z Ign:2 http://azure.archive.ubuntu.com/ubuntu jammy/universe amd64 fonts-ipafont-gothic all 00303-21ubuntu1
2026-10-01T17:10:39.8007437Z Get:2 https://archive.ubuntu.com/ubuntu jammy/universe amd64 fonts-ipafont-gothic all 00303-21ubuntu1 [3513 kB]
2026-10-01T17:10:39.9451430Z Ign:3 http://azure.archive.ubuntu.com/ubuntu jammy/main amd64 fonts-freefont-ttf all 20120503-10build1
2026-10-01T17:10:40.4877091Z Ign:4 http://azure.archive.ubuntu.com/ubuntu jammy/universe amd64 fonts-tlwg-loma-otf all 1:0.7.3-1
2026-10-01T17:10:40.9955372Z Ign:5 http://azure.archive.ubuntu.com/ubuntu jammy/universe amd64 fonts-unifont all 1:14.0.01-1
2026-10-01T17:10:41.5437429Z Ign:6 http://azure.archive.ubuntu.com/ubuntu jammy/universe amd64 fonts-wqy-zenhei all 0.9.45-8
2026-10-01T17:10:42.0600567Z Ign:7 http://azure.archive.ubuntu.com/ubuntu jammy/main amd64 xfonts-encodings all 1:1.0.5-0ubuntu2
2026-10-01T17:10:42.6145452Z Ign:8 http://azure.archive.ubuntu.com/ubuntu jammy/main amd64 xfonts-utils amd64 1:7.7+6build2
2026-10-01T17:10:43.1209995Z Ign:9 http://azure.archive.ubuntu.com/ubuntu jammy/universe amd64 xfonts-cyrillic all 1:1.0.5
2026-10-01T17:10:43.6458790Z Ign:10 http://azure.archive.ubuntu.com/ubuntu jammy/main amd64 xfonts-scalable all 1:1.0.3-1.2ubuntu1
2026-10-01T17:11:20.8361758Z Get:3 https://archive.ubuntu.com/ubuntu jammy/main amd64 fonts-freefont-ttf all 20120503-10build1 [2388 kB]
2026-10-01T17:11:51.7525360Z Get:4 https://archive.ubuntu.com/ubuntu jammy/universe amd64 fonts-tlwg-loma-otf all 1:0.7.3-1 [107 kB]
2026-10-01T17:11:53.2039402Z Get:5 https://archive.ubuntu.com/ubuntu jammy/universe amd64 fonts-unifont all 1:14.0.01-1 [3551 kB]
2026-10-01T17:12:35.4361573Z Get:6 https://archive.ubuntu.com/ubuntu jammy/universe amd64 fonts-wqy-zenhei all 0.9.45-8 [7472 kB]
2026-10-01T17:12:36.0532359Z Get:7 https://archive.ubuntu.com/ubuntu jammy/main amd64 xfonts-encodings all 1:1.0.5-0ubuntu2 [578 kB]
2026-10-01T17:12:36.1198992Z Get:8 https://archive.ubuntu.com/ubuntu jammy/main amd64 xfonts-utils amd64 1:7.7+6build2 [94.6 kB]
2026-10-01T17:12:36.1839474Z Get:9 https://archive.ubuntu.com/ubuntu jammy/universe amd64 xfonts-cyrillic all 1:1.0.5 [386 kB]
2026-10-01T17:12:36.2493725Z Get:10 https://archive.ubuntu.com/ubuntu jammy/main amd64 xfonts-scalable all 1:1.0.3-1.2ubuntu1 [306 kB]
2026-10-01T17:12:36.5237035Z Fetched 18.4 MB in 2min 2s (151 kB/s)
2026-10-01T17:12:36.5459340Z Selecting previously unselected package fonts-ipafont-gothic.
2026-10-01T17:12:36.5769548Z (Reading database ... 
2026-10-01T17:12:36.5769884Z (Reading database ... 5%
2026-10-01T17:12:36.5770120Z (Reading database ... 10%
2026-10-01T17:12:36.5770346Z (Reading database ... 15%
2026-10-01T17:12:36.5770552Z (Reading database ... 20%
2026-10-01T17:12:36.5770793Z (Reading database ... 25%
2026-10-01T17:12:36.5771109Z (Reading database ... 30%
2026-10-01T17:12:36.5771427Z (Reading database ... 35%
2026-10-01T17:12:36.5771735Z (Reading database ... 40%
2026-10-01T17:12:36.5772059Z (Reading database ... 45%
2026-10-01T17:12:36.5772364Z (Reading database ... 50%
2026-10-01T17:12:36.6787081Z (Reading database ... 55%
2026-10-01T17:12:36.8694196Z (Reading database ... 60%
2026-10-01T17:12:37.1210947Z (Reading database ... 65%
2026-10-01T17:12:37.3507068Z (Reading database ... 70%
2026-10-01T17:12:37.5610186Z (Reading database ... 75%
2026-10-01T17:12:37.7716763Z (Reading database ... 80%
2026-10-01T17:12:38.1035218Z (Reading database ... 85%
2026-10-01T17:12:38.3228097Z (Reading database ... 90%
2026-10-01T17:12:38.5834935Z (Reading database ... 95%
2026-10-01T17:12:38.5835234Z (Reading database ... 100%
2026-10-01T17:12:38.5835598Z (Reading database ... 260411 files and directories currently installed.)
2026-10-01T17:12:38.5892636Z Preparing to unpack .../0-fonts-ipafont-gothic_00303-21ubuntu1_all.deb ...
2026-10-01T17:12:38.5983149Z Unpacking fonts-ipafont-gothic (00303-21ubuntu1) ...
2026-10-01T17:12:38.8464542Z Selecting previously unselected package fonts-freefont-ttf.
2026-10-01T17:12:38.8647970Z Preparing to unpack .../1-fonts-freefont-ttf_20120503-10build1_all.deb ...
2026-10-01T17:12:38.8652944Z Unpacking fonts-freefont-ttf (20120503-10build1) ...
2026-10-01T17:12:39.0257388Z Selecting previously unselected package fonts-tlwg-loma-otf.
2026-10-01T17:12:39.0440300Z Preparing to unpack .../2-fonts-tlwg-loma-otf_1%3a0.7.3-1_all.deb ...
2026-10-01T17:12:39.0445591Z Unpacking fonts-tlwg-loma-otf (1:0.7.3-1) ...
2026-10-01T17:12:39.0661258Z Selecting previously unselected package fonts-unifont.
2026-10-01T17:12:39.0839646Z Preparing to unpack .../3-fonts-unifont_1%3a14.0.01-1_all.deb ...
2026-10-01T17:12:39.0845279Z Unpacking fonts-unifont (1:14.0.01-1) ...
2026-10-01T17:12:39.2265631Z Selecting previously unselected package fonts-wqy-zenhei.
2026-10-01T17:12:39.2448798Z Preparing to unpack .../4-fonts-wqy-zenhei_0.9.45-8_all.deb ...
2026-10-01T17:12:39.2547766Z Unpacking fonts-wqy-zenhei (0.9.45-8) ...
2026-10-01T17:12:39.7430125Z Selecting previously unselected package xfonts-encodings.
2026-10-01T17:12:39.7608183Z Preparing to unpack .../5-xfonts-encodings_1%3a1.0.5-0ubuntu2_all.deb ...
2026-10-01T17:12:39.7614066Z Unpacking xfonts-encodings (1:1.0.5-0ubuntu2) ...
2026-10-01T17:12:39.7874826Z Selecting previously unselected package xfonts-utils.
2026-10-01T17:12:39.8052241Z Preparing to unpack .../6-xfonts-utils_1%3a7.7+6build2_amd64.deb ...
2026-10-01T17:12:39.8057489Z Unpacking xfonts-utils (1:7.7+6build2) ...
2026-10-01T17:12:39.8358176Z Selecting previously unselected package xfonts-cyrillic.
2026-10-01T17:12:39.8534455Z Preparing to unpack .../7-xfonts-cyrillic_1%3a1.0.5_all.deb ...
2026-10-01T17:12:39.8540350Z Unpacking xfonts-cyrillic (1:1.0.5) ...
2026-10-01T17:12:39.8937700Z Selecting previously unselected package xfonts-scalable.
2026-10-01T17:12:39.9113672Z Preparing to unpack .../8-xfonts-scalable_1%3a1.0.3-1.2ubuntu1_all.deb ...
2026-10-01T17:12:39.9119655Z Unpacking xfonts-scalable (1:1.0.3-1.2ubuntu1) ...
2026-10-01T17:12:39.9601591Z Setting up fonts-wqy-zenhei (0.9.45-8) ...
2026-10-01T17:12:39.9703161Z Setting up fonts-freefont-ttf (20120503-10build1) ...
2026-10-01T17:12:39.9717224Z Setting up fonts-tlwg-loma-otf (1:0.7.3-1) ...
2026-10-01T17:12:39.9731209Z Setting up xfonts-encodings (1:1.0.5-0ubuntu2) ...
2026-10-01T17:12:39.9745534Z Setting up fonts-ipafont-gothic (00303-21ubuntu1) ...
2026-10-01T17:12:39.9814830Z update-alternatives: using /usr/share/fonts/opentype/ipafont-gothic/ipag.ttf to provide /usr/share/fonts/truetype/fonts-japanese-gothic.ttf (fonts-japanese-gothic.ttf) in auto mode
2026-10-01T17:12:39.9830831Z Setting up fonts-unifont (1:14.0.01-1) ...
2026-10-01T17:12:39.9845294Z Setting up xfonts-utils (1:7.7+6build2) ...
2026-10-01T17:12:39.9877518Z Setting up xfonts-cyrillic (1:1.0.5) ...
2026-10-01T17:12:40.0253234Z Setting up xfonts-scalable (1:1.0.3-1.2ubuntu1) ...
2026-10-01T17:12:40.0502605Z Processing triggers for man-db (2.10.2-1) ...
2026-10-01T17:12:40.0521007Z Not building database; man-db/auto-update is not 'true'.
2026-10-01T17:12:40.0530753Z Processing triggers for fontconfig (2.13.1-4.2ubuntu5) ...
2026-10-01T17:12:40.6205780Z 
2026-10-01T17:12:40.6206505Z Running kernel seems to be up-to-date.
2026-10-01T17:12:40.6206808Z 
2026-10-01T17:12:40.6207005Z No services need to be restarted.
2026-10-01T17:12:40.6207238Z 
2026-10-01T17:12:40.6207422Z No containers need to be restarted.
2026-10-01T17:12:40.6207657Z 
2026-10-01T17:12:40.6207887Z No user sessions are running outdated binaries.
2026-10-01T17:12:40.6208161Z 
2026-10-01T17:12:40.6208528Z No VM guests are running outdated hypervisor (qemu) binaries on this host.
2026-10-01T17:12:42.1118593Z Downloading Chromium 140.0.7339.16 (playwright build v1187) from https://cdn.playwright.dev/dbazure/download/playwright/builds/chromium/1187/chromium-linux.zip
2026-10-01T17:12:42.2212362Z |                                                                                |   0% of 173.7 MiB
2026-10-01T17:12:42.3395844Z |■■■■■■■■                                                                        |  10% of 173.7 MiB
2026-10-01T17:12:42.4103838Z |■■■■■■■■■■■■■■■■                                                                |  20% of 173.7 MiB
2026-10-01T17:12:42.4704722Z |■■■■■■■■■■■■■■■■■■■■■■■■                                                        |  30% of 173.7 MiB
2026-10-01T17:12:42.5201048Z |■■■■■■■■■■■■■■■■■■■■■■■■■■■■■■■■                                                |  40% of 173.7 MiB
2026-10-01T17:12:42.5760801Z |■■■■■■■■■■■■■■■■■■■■■■■■■■■■■■■■■■■■■■■■                                        |  50% of 173.7 MiB
2026-10-01T17:12:42.6522168Z |■■■■■■■■■■■■■■■■■■■■■■■■■■■■■■■■■■■■■■■■■■■■■■■■                                |  60% of 173.7 MiB
2026-10-01T17:12:42.7051408Z |■■■■■■■■■■■■■■■■■■■■■■■■■■■■■■■■■■■■■■■■■■■■■■■■■■■■■■■■                        |  70% of 173.7 MiB
2026-10-01T17:12:42.7581607Z |■■■■■■■■■■■■■■■■■■■■■■■■■■■■■■■■■■■■■■■■■■■■■■■■■■■■■■■■■■■■■■■■                |  80% of 173.7 MiB
2026-10-01T17:12:42.8104243Z |■■■■■■■■■■■■■■■■■■■■■■■■■■■■■■■■■■■■■■■■■■■■■■■■■■■■■■■■■■■■■■■■■■■■■■■■        |  90% of 173.7 MiB
2026-10-01T17:12:42.8995056Z |■■■■■■■■■■■■■■■■■■■■■■■■■■■■■■■■■■■■■■■■■■■■■■■■■■■■■■■■■■■■■■■■■■■■■■■■■■■■■■■■| 100% of 173.7 MiB
2026-10-01T17:12:45.3896629Z Chromium 140.0.7339.16 (playwright build v1187) downloaded to /home/runner/.cache/ms-playwright/chromium-1187
2026-10-01T17:12:45.3899576Z Downloading FFMPEG playwright build v1011 from https://cdn.playwright.dev/dbazure/download/playwright/builds/ffmpeg/1011/ffmpeg-linux.zip
2026-10-01T17:12:45.5353801Z |                                                                                |   0% of 2.3 MiB
2026-10-01T17:12:45.5535601Z |■■■■■■■■                                                                        |  10% of 2.3 MiB
2026-10-01T17:12:45.5615115Z |■■■■■■■■■■■■■■■■                                                                |  20% of 2.3 MiB
2026-10-01T17:12:45.5672234Z |■■■■■■■■■■■■■■■■■■■■■■■■                                                        |  30% of 2.3 MiB
2026-10-01T17:12:45.5693022Z |■■■■■■■■■■■■■■■■■■■■■■■■■■■■■■■■                                                |  40% of 2.3 MiB
2026-10-01T17:12:45.5715013Z |■■■■■■■■■■■■■■■■■■■■■■■■■■■■■■■■■■■■■■■■                                        |  50% of 2.3 MiB
2026-10-01T17:12:45.5751177Z |■■■■■■■■■■■■■■■■■■■■■■■■■■■■■■■■■■■■■■■■■■■■■■■■                                |  60% of 2.3 MiB
2026-10-01T17:12:45.5763405Z |■■■■■■■■■■■■■■■■■■■■■■■■■■■■■■■■■■■■■■■■■■■■■■■■■■■■■■■■                        |  70% of 2.3 MiB
2026-10-01T17:12:45.5782986Z |■■■■■■■■■■■■■■■■■■■■■■■■■■■■■■■■■■■■■■■■■■■■■■■■■■■■■■■■■■■■■■■■                |  80% of 2.3 MiB
2026-10-01T17:12:45.5795495Z |■■■■■■■■■■■■■■■■■■■■■■■■■■■■■■■■■■■■■■■■■■■■■■■■■■■■■■■■■■■■■■■■■■■■■■■■        |  90% of 2.3 MiB
2026-10-01T17:12:45.5809153Z |■■■■■■■■■■■■■■■■■■■■■■■■■■■■■■■■■■■■■■■■■■■■■■■■■■■■■■■■■■■■■■■■■■■■■■■■■■■■■■■■| 100% of 2.3 MiB
2026-10-01T17:12:45.6251118Z FFMPEG playwright build v1011 downloaded to /home/runner/.cache/ms-playwright/ffmpeg-1011
2026-10-01T17:12:45.6253662Z Downloading Chromium Headless Shell 140.0.7339.16 (playwright build v1187) from https://cdn.playwright.dev/dbazure/download/playwright/builds/chromium/1187/chromium-headless-shell-linux.zip
2026-10-01T17:12:45.7488331Z |                                                                                |   0% of 104.3 MiB
2026-10-01T17:12:45.8417278Z |■■■■■■■■                                                                        |  10% of 104.3 MiB
2026-10-01T17:12:45.8904183Z |■■■■■■■■■■■■■■■■                                                                |  20% of 104.3 MiB
2026-10-01T17:12:45.9345142Z |■■■■■■■■■■■■■■■■■■■■■■■■                                                        |  30% of 104.3 MiB
2026-10-01T17:12:45.9763075Z |■■■■■■■■■■■■■■■■■■■■■■■■■■■■■■■■                                                |  40% of 104.3 MiB
2026-10-01T17:12:46.0182130Z |■■■■■■■■■■■■■■■■■■■■■■■■■■■■■■■■■■■■■■■■                                        |  50% of 104.3 MiB
2026-10-01T17:12:46.0570304Z |■■■■■■■■■■■■■■■■■■■■■■■■■■■■■■■■■■■■■■■■■■■■■■■■                                |  60% of 104.3 MiB
2026-10-01T17:12:46.0919506Z |■■■■■■■■■■■■■■■■■■■■■■■■■■■■■■■■■■■■■■■■■■■■■■■■■■■■■■■■                        |  70% of 104.3 MiB
2026-10-01T17:12:46.1301579Z |■■■■■■■■■■■■■■■■■■■■■■■■■■■■■■■■■■■■■■■■■■■■■■■■■■■■■■■■■■■■■■■■                |  80% of 104.3 MiB
2026-10-01T17:12:46.1636683Z |■■■■■■■■■■■■■■■■■■■■■■■■■■■■■■■■■■■■■■■■■■■■■■■■■■■■■■■■■■■■■■■■■■■■■■■■        |  90% of 104.3 MiB
2026-10-01T17:12:46.1937210Z |■■■■■■■■■■■■■■■■■■■■■■■■■■■■■■■■■■■■■■■■■■■■■■■■■■■■■■■■■■■■■■■■■■■■■■■■■■■■■■■■| 100% of 104.3 MiB
2026-10-01T17:12:47.6364764Z Chromium Headless Shell 140.0.7339.16 (playwright build v1187) downloaded to /home/runner/.cache/ms-playwright/chromium_headless_shell-1187
2026-10-01T17:12:47.7710897Z ##[group]Run node scripts/verify_frontend_workbench.mjs --output output/web-browser
2026-10-01T17:12:47.7711701Z [36;1mnode scripts/verify_frontend_workbench.mjs --output output/web-browser[0m
2026-10-01T17:12:47.7793381Z shell: /usr/bin/bash -e {0}
2026-10-01T17:12:47.7793724Z ##[endgroup]
2026-10-01T17:12:57.8929472Z {"passed":true,"checks":["primary entry visible; example fills and focuses the visible composer","mobile no page overflow","check result visible in first viewport; persisted finding retained (top=505px)","active diagnosis fits narrow laptop and mobile","default workbench view renders the real parent-child tree","fullscreen tree canvas fills viewport (height=620px)","failed refresh retains report; retry clears warning"],"output":"/home/runner/work/mini-drop/mini-drop/output/web-browser"}
2026-10-01T17:12:57.9346538Z ##[group]Run actions/upload-artifact@v4
2026-10-01T17:12:57.9346784Z with:
2026-10-01T17:12:57.9347008Z   name: web-browser-2e7db027048535fb70b4d2db7e0986b17225cb2c-1
2026-10-01T17:12:57.9347294Z   path: output/web-browser/
2026-10-01T17:12:57.9347666Z   if-no-files-found: error
2026-10-01T17:12:57.9347868Z   retention-days: 14
2026-10-01T17:12:57.9348048Z   compression-level: 6
2026-10-01T17:12:57.9348229Z   overwrite: false
2026-10-01T17:12:57.9348414Z   include-hidden-files: false
2026-10-01T17:12:57.9348615Z ##[endgroup]
2026-10-01T17:12:58.0801309Z (node:3155) [DEP0040] DeprecationWarning: The `punycode` module is deprecated. Please use a userland alternative instead.
2026-10-01T17:12:58.0801961Z (Use `node --trace-deprecation ...` to show where the warning was created)
2026-10-01T17:12:58.0865869Z With the provided path, there will be 9 files uploaded
2026-10-01T17:12:58.0876295Z Artifact name is valid!
2026-10-01T17:12:58.0876687Z Root directory input is valid!
2026-10-01T17:12:58.4282310Z Beginning upload of artifact content to blob storage
2026-10-01T17:12:58.4760195Z (node:3155) [DEP0169] DeprecationWarning: `url.parse()` behavior is not standardized and prone to errors that have security implications. Use the WHATWG URL API instead. CVEs are not issued for `url.parse()` vulnerabilities.
2026-10-01T17:12:58.9082397Z Uploaded bytes 872724
2026-10-01T17:12:58.9685148Z Finished uploading artifact content to blob storage!
2026-10-01T17:12:58.9686099Z SHA256 digest of uploaded artifact zip is 12b88558e3a03954ac1cba3c106252b7e53af983c70927de9d77000ff535042e
2026-10-01T17:12:58.9686921Z Finalizing artifact upload
2026-10-01T17:12:59.2333932Z Artifact web-browser-2e7db027048535fb70b4d2db7e0986b17225cb2c-1.zip successfully finalized. Artifact ID 11179957189
2026-10-01T17:12:59.2335357Z Artifact web-browser-2e7db027048535fb70b4d2db7e0986b17225cb2c-1 has been successfully uploaded! Final size is 872724 bytes. Artifact ID is 11179957189
2026-10-01T17:12:59.2340087Z Artifact download URL: https://github.com/llongwang751-arch/mini-drop/actions/runs/36897365758/artifacts/11179957189
2026-10-01T17:12:59.2495908Z Post job cleanup.
2026-10-01T17:12:59.3529921Z (node:3167) [DEP0040] DeprecationWarning: The `punycode` module is deprecated. Please use a userland alternative instead.
2026-10-01T17:12:59.3530706Z (Use `node --trace-deprecation ...` to show where the warning was created)
2026-10-01T17:12:59.3532402Z Cache hit occurred on the primary key node-cache-Linux-x64-npm-a79428a48f53c819bdf3224c6f533bf526ae1b21f28f4ee918b0bcba5121d960, not saving cache.
2026-10-01T17:12:59.3656035Z Post job cleanup.
2026-10-01T17:12:59.4373889Z [command]/usr/bin/git version
2026-10-01T17:12:59.4410114Z git version 2.55.0
2026-10-01T17:12:59.4446066Z Temporarily overriding HOME='/home/runner/work/_temp/48333896-bfc6-43ab-955a-c5354e7fe714' before making global git config changes
2026-10-01T17:12:59.4447275Z Adding repository directory to the temporary git global config as a safe directory
2026-10-01T17:12:59.4449315Z [command]/usr/bin/git config --global --add safe.directory /home/runner/work/mini-drop/mini-drop
2026-10-01T17:12:59.4485843Z [command]/usr/bin/git config --local --name-only --get-regexp core\.sshCommand
2026-10-01T17:12:59.4517629Z [command]/usr/bin/git submodule foreach --recursive sh -c "git config --local --name-only --get-regexp 'core\.sshCommand' && git config --local --unset-all 'core.sshCommand' || :"
2026-10-01T17:12:59.4788025Z [command]/usr/bin/git config --local --name-only --get-regexp http\.https\:\/\/github\.com\/\.extraheader
2026-10-01T17:12:59.4817847Z http.https://github.com/.extraheader
2026-10-01T17:12:59.4826822Z [command]/usr/bin/git config --local --unset-all http.https://github.com/.extraheader
2026-10-01T17:12:59.4860845Z [command]/usr/bin/git submodule foreach --recursive sh -c "git config --local --name-only --get-regexp 'http\.https\:\/\/github\.com\/\.extraheader' && git config --local --unset-all 'http.https://github.com/.extraheader' || :"
2026-10-01T17:12:59.5145722Z [command]/usr/bin/git config --local --name-only --get-regexp ^includeIf\.gitdir:
2026-10-01T17:12:59.5182605Z [command]/usr/bin/git submodule foreach --recursive git config --local --show-origin --name-only --get-regexp remote.origin.url
2026-10-01T17:12:59.5568136Z Cleaning up orphan processes
2026-10-01T17:12:59.5845825Z ##[warning]Node.js 20 is deprecated. The following actions target Node.js 20 but are being forced to run on Node.js 24: actions/checkout@v4, actions/setup-node@v4, actions/upload-artifact@v4. For more information see: https://github.blog/changelog/2025-09-19-deprecation-of-node-20-on-github-actions-runners/
