2026-10-01T17:10:01.0286729Z Current runner version: '2.337.0'
2026-10-01T17:10:01.0307069Z ##[group]Runner Image Provisioner
2026-10-01T17:10:01.0307737Z Hosted Compute Agent
2026-10-01T17:10:01.0308201Z Version: 20260901.588
2026-10-01T17:10:01.0308687Z Commit: f88ec8081b781fac6c440065ac7ff9e710ce3d0b
2026-10-01T17:10:01.0309211Z Build Date: 2026-09-01T19:56:44Z
2026-10-01T17:10:01.0309711Z Worker ID: {e761c443-4517-4cec-907a-d68085dfa08f}
2026-10-01T17:10:01.0310201Z Azure Region: centralus
2026-10-01T17:10:01.0310641Z ##[endgroup]
2026-10-01T17:10:01.0311610Z ##[group]Operating System
2026-10-01T17:10:01.0312015Z Ubuntu
2026-10-01T17:10:01.0312404Z 22.04.5
2026-10-01T17:10:01.0312760Z LTS
2026-10-01T17:10:01.0313141Z ##[endgroup]
2026-10-01T17:10:01.0313563Z ##[group]Runner Image
2026-10-01T17:10:01.0313969Z Image: ubuntu-22.04
2026-10-01T17:10:01.0314407Z Version: 20260927.309.1
2026-10-01T17:10:01.0315303Z Included Software: https://github.com/actions/runner-images/blob/ubuntu22/20260927.309/images/ubuntu/Ubuntu2204-Readme.md
2026-10-01T17:10:01.0316718Z Image Release: https://github.com/actions/runner-images/releases/tag/ubuntu22%2F20260927.309
2026-10-01T17:10:01.0317379Z ##[endgroup]
2026-10-01T17:10:01.0318229Z ##[group]GITHUB_TOKEN Permissions
2026-10-01T17:10:01.0319910Z Contents: read
2026-10-01T17:10:01.0320341Z Metadata: read
2026-10-01T17:10:01.0320740Z Packages: read
2026-10-01T17:10:01.0321130Z ##[endgroup]
2026-10-01T17:10:01.0322726Z Secret source: Actions
2026-10-01T17:10:01.0323395Z Cache mode: write
2026-10-01T17:10:01.0323896Z Prepare workflow directory
2026-10-01T17:10:01.0592367Z Prepare all required actions
2026-10-01T17:10:01.0629901Z Getting action download info
2026-10-01T17:10:01.3521641Z Download action repository 'actions/checkout@v4' (SHA:11d5960a326750d5838078e36cf38b85af677262)
2026-10-01T17:10:01.4678226Z Download action repository 'actions/upload-artifact@v4' (SHA:ea165f8d65b6e75b540449e92b4886f43607fa02)
2026-10-01T17:10:01.6752259Z Complete job name: Native (C++ control, build only)
2026-10-01T17:10:01.7271139Z ##[group]Run actions/checkout@v4
2026-10-01T17:10:01.7271777Z with:
2026-10-01T17:10:01.7272188Z   repository: llongwang751-arch/mini-drop
2026-10-01T17:10:01.7275063Z   token: ***
2026-10-01T17:10:01.7275468Z   ssh-strict: true
2026-10-01T17:10:01.7276022Z   ssh-user: git
2026-10-01T17:10:01.7276399Z   persist-credentials: true
2026-10-01T17:10:01.7276949Z   clean: true
2026-10-01T17:10:01.7277319Z   sparse-checkout-cone-mode: true
2026-10-01T17:10:01.7277761Z   fetch-depth: 1
2026-10-01T17:10:01.7278112Z   fetch-tags: false
2026-10-01T17:10:01.7278458Z   show-progress: true
2026-10-01T17:10:01.7278860Z   lfs: false
2026-10-01T17:10:01.7279231Z   submodules: false
2026-10-01T17:10:01.7279623Z   set-safe-directory: true
2026-10-01T17:10:01.7280028Z   allow-unsafe-pr-checkout: false
2026-10-01T17:10:01.7280630Z ##[endgroup]
2026-10-01T17:10:01.8101975Z Syncing repository: llongwang751-arch/mini-drop
2026-10-01T17:10:01.8103451Z ##[group]Getting Git version info
2026-10-01T17:10:01.8104173Z Working directory is '/home/runner/work/mini-drop/mini-drop'
2026-10-01T17:10:01.8105055Z [command]/usr/bin/git version
2026-10-01T17:10:01.8159432Z git version 2.55.0
2026-10-01T17:10:01.8175195Z ##[endgroup]
2026-10-01T17:10:01.8186551Z Temporarily overriding HOME='/home/runner/work/_temp/abb81d39-5f01-4643-b755-6b905468ec20' before making global git config changes
2026-10-01T17:10:01.8188301Z Adding repository directory to the temporary git global config as a safe directory
2026-10-01T17:10:01.8190140Z [command]/usr/bin/git config --global --add safe.directory /home/runner/work/mini-drop/mini-drop
2026-10-01T17:10:01.8224463Z Deleting the contents of '/home/runner/work/mini-drop/mini-drop'
2026-10-01T17:10:01.8230084Z ##[group]Initializing the repository
2026-10-01T17:10:01.8234113Z [command]/usr/bin/git init /home/runner/work/mini-drop/mini-drop
2026-10-01T17:10:01.8308594Z hint: Using 'master' as the name for the initial branch. This default branch name
2026-10-01T17:10:01.8309676Z hint: will change to "main" in Git 3.0. To configure the initial branch name
2026-10-01T17:10:01.8310885Z hint: to use in all of your new repositories, which will suppress this warning,
2026-10-01T17:10:01.8311570Z hint: call:
2026-10-01T17:10:01.8311986Z hint:
2026-10-01T17:10:01.8312410Z hint: 	git config --global init.defaultBranch <name>
2026-10-01T17:10:01.8313020Z hint:
2026-10-01T17:10:01.8313670Z hint: Names commonly chosen instead of 'master' are 'main', 'trunk' and
2026-10-01T17:10:01.8314486Z hint: 'development'. The just-created branch can be renamed via this command:
2026-10-01T17:10:01.8315032Z hint:
2026-10-01T17:10:01.8315414Z hint: 	git branch -m <name>
2026-10-01T17:10:01.8315941Z hint:
2026-10-01T17:10:01.8316473Z hint: Disable this message with "git config set advice.defaultBranchName false"
2026-10-01T17:10:01.8317236Z Initialized empty Git repository in /home/runner/work/mini-drop/mini-drop/.git/
2026-10-01T17:10:01.8318862Z [command]/usr/bin/git remote add origin https://github.com/llongwang751-arch/mini-drop
2026-10-01T17:10:01.8356778Z ##[endgroup]
2026-10-01T17:10:01.8357466Z ##[group]Disabling automatic garbage collection
2026-10-01T17:10:01.8360954Z [command]/usr/bin/git config --local gc.auto 0
2026-10-01T17:10:01.8387479Z ##[endgroup]
2026-10-01T17:10:01.8388045Z ##[group]Setting up auth
2026-10-01T17:10:01.8394817Z [command]/usr/bin/git config --local --name-only --get-regexp core\.sshCommand
2026-10-01T17:10:01.8420814Z [command]/usr/bin/git submodule foreach --recursive sh -c "git config --local --name-only --get-regexp 'core\.sshCommand' && git config --local --unset-all 'core.sshCommand' || :"
2026-10-01T17:10:01.8683912Z [command]/usr/bin/git config --local --name-only --get-regexp http\.https\:\/\/github\.com\/\.extraheader
2026-10-01T17:10:01.8706981Z [command]/usr/bin/git submodule foreach --recursive sh -c "git config --local --name-only --get-regexp 'http\.https\:\/\/github\.com\/\.extraheader' && git config --local --unset-all 'http.https://github.com/.extraheader' || :"
2026-10-01T17:10:01.8864918Z [command]/usr/bin/git config --local --name-only --get-regexp ^includeIf\.gitdir:
2026-10-01T17:10:01.8889509Z [command]/usr/bin/git submodule foreach --recursive git config --local --show-origin --name-only --get-regexp remote.origin.url
2026-10-01T17:10:01.9038843Z [command]/usr/bin/git config --local http.https://github.com/.extraheader AUTHORIZATION: basic ***
2026-10-01T17:10:01.9078122Z ##[endgroup]
2026-10-01T17:10:01.9079152Z ##[group]Fetching the repository
2026-10-01T17:10:01.9085292Z [command]/usr/bin/git -c protocol.version=2 fetch --no-tags --prune --no-recurse-submodules --depth=1 origin +2e7db027048535fb70b4d2db7e0986b17225cb2c:refs/remotes/pull/1/merge
2026-10-01T17:10:47.3565460Z From https://github.com/llongwang751-arch/mini-drop
2026-10-01T17:10:47.3566575Z  * [new ref]         2e7db027048535fb70b4d2db7e0986b17225cb2c -> pull/1/merge
2026-10-01T17:10:47.3570031Z ##[endgroup]
2026-10-01T17:10:47.3570986Z ##[group]Determining the checkout info
2026-10-01T17:10:47.3572297Z ##[endgroup]
2026-10-01T17:10:47.3578771Z [command]/usr/bin/git sparse-checkout disable
2026-10-01T17:10:47.3627406Z [command]/usr/bin/git config --local --unset-all extensions.worktreeConfig
2026-10-01T17:10:47.3651996Z ##[group]Checking out the ref
2026-10-01T17:10:47.3654660Z [command]/usr/bin/git checkout --progress --force refs/remotes/pull/1/merge
2026-10-01T17:10:48.1707240Z Note: switching to 'refs/remotes/pull/1/merge'.
2026-10-01T17:10:48.1707874Z 
2026-10-01T17:10:48.1708144Z You are in 'detached HEAD' state. You can look around, make experimental
2026-10-01T17:10:48.1708760Z changes and commit them, and you can discard any commits you make in this
2026-10-01T17:10:48.1709432Z state without impacting any branches by switching back to a branch.
2026-10-01T17:10:48.1709754Z 
2026-10-01T17:10:48.1710074Z If you want to create a new branch to retain commits you create, you may
2026-10-01T17:10:48.1710678Z do so (now or later) by using -c with the switch command. Example:
2026-10-01T17:10:48.1710964Z 
2026-10-01T17:10:48.1711897Z   git switch -c <new-branch-name>
2026-10-01T17:10:48.1712145Z 
2026-10-01T17:10:48.1712295Z Or undo this operation with:
2026-10-01T17:10:48.1712522Z 
2026-10-01T17:10:48.1712700Z   git switch -
2026-10-01T17:10:48.1713039Z 
2026-10-01T17:10:48.1713296Z Turn off this advice by setting config variable advice.detachedHead to false
2026-10-01T17:10:48.1713637Z 
2026-10-01T17:10:48.1714112Z HEAD is now at 2e7db02 Merge b7a545abd9d5a64e8899f8508941d46ce47e4605 into 609ea8a73f845b496b59b5cae181f515c5919850
2026-10-01T17:10:48.1751501Z ##[endgroup]
2026-10-01T17:10:48.1784533Z [command]/usr/bin/git log -1 --format=%H
2026-10-01T17:10:48.1804444Z 2e7db027048535fb70b4d2db7e0986b17225cb2c
2026-10-01T17:10:48.1978413Z ##[group]Run sudo apt-get update
2026-10-01T17:10:48.1978877Z [36;1msudo apt-get update[0m
2026-10-01T17:10:48.1979258Z [36;1msudo apt-get install -y --no-install-recommends \[0m
2026-10-01T17:10:48.1979731Z [36;1m  build-essential cmake libgrpc++-dev libprotobuf-dev libpqxx-dev \[0m
2026-10-01T17:10:48.1980237Z [36;1m  nlohmann-json3-dev pkg-config protobuf-compiler protobuf-compiler-grpc[0m
2026-10-01T17:10:48.2203735Z shell: /usr/bin/bash -e {0}
2026-10-01T17:10:48.2204096Z ##[endgroup]
2026-10-01T17:10:48.2956487Z Get:1 file:/etc/apt/apt-mirrors.txt Mirrorlist [144 B]
2026-10-01T17:10:48.3381103Z Hit:2 http://azure.archive.ubuntu.com/ubuntu jammy InRelease
2026-10-01T17:10:48.3401591Z Get:3 http://azure.archive.ubuntu.com/ubuntu jammy-updates InRelease [128 kB]
2026-10-01T17:10:48.3429231Z Get:4 http://azure.archive.ubuntu.com/ubuntu jammy-backports InRelease [127 kB]
2026-10-01T17:10:48.3446880Z Get:5 http://azure.archive.ubuntu.com/ubuntu jammy-security InRelease [129 kB]
2026-10-01T17:10:48.3559130Z Get:6 https://packages.microsoft.com/ubuntu/22.04/prod jammy InRelease [3632 B]
2026-10-01T17:10:48.4464651Z Get:7 http://azure.archive.ubuntu.com/ubuntu jammy-updates/main amd64 Packages [3900 kB]
2026-10-01T17:10:48.4667363Z Get:8 http://azure.archive.ubuntu.com/ubuntu jammy-updates/main Translation-en [575 kB]
2026-10-01T17:10:48.4706955Z Get:9 http://azure.archive.ubuntu.com/ubuntu jammy-updates/restricted amd64 Packages [6701 kB]
2026-10-01T17:10:48.4934467Z Get:10 http://azure.archive.ubuntu.com/ubuntu jammy-updates/restricted Translation-en [1287 kB]
2026-10-01T17:10:48.5000868Z Get:11 http://azure.archive.ubuntu.com/ubuntu jammy-updates/universe amd64 Packages [1285 kB]
2026-10-01T17:10:48.5031100Z Get:12 http://azure.archive.ubuntu.com/ubuntu jammy-updates/universe Translation-en [325 kB]
2026-10-01T17:10:48.5498574Z Get:13 http://azure.archive.ubuntu.com/ubuntu jammy-security/main amd64 Packages [3596 kB]
2026-10-01T17:10:48.5623556Z Get:14 http://azure.archive.ubuntu.com/ubuntu jammy-security/main Translation-en [504 kB]
2026-10-01T17:10:48.5636795Z Get:15 http://azure.archive.ubuntu.com/ubuntu jammy-security/restricted amd64 Packages [6410 kB]
2026-10-01T17:10:48.5850090Z Get:16 http://azure.archive.ubuntu.com/ubuntu jammy-security/restricted Translation-en [1232 kB]
2026-10-01T17:10:48.5933043Z Get:19 https://packages.microsoft.com/ubuntu/22.04/prod jammy/main amd64 Packages [790 kB]
2026-10-01T17:10:48.6183796Z Get:20 https://packages.microsoft.com/ubuntu/22.04/prod jammy/main arm64 Packages [549 kB]
2026-10-01T17:10:48.6330067Z Get:17 http://azure.archive.ubuntu.com/ubuntu jammy-security/universe amd64 Packages [1052 kB]
2026-10-01T17:10:48.6372553Z Get:18 http://azure.archive.ubuntu.com/ubuntu jammy-security/universe Translation-en [236 kB]
2026-10-01T17:10:56.2628487Z Fetched 28.8 MB in 3s (11.3 MB/s)
2026-10-01T17:10:57.3273357Z Reading package lists...
2026-10-01T17:10:57.3793708Z Reading package lists...
2026-10-01T17:10:57.6321099Z Building dependency tree...
2026-10-01T17:10:57.6330703Z Reading state information...
2026-10-01T17:10:57.8216336Z build-essential is already the newest version (12.9ubuntu3).
2026-10-01T17:10:57.8217416Z build-essential set to manually installed.
2026-10-01T17:10:57.8218196Z The following additional packages will be installed:
2026-10-01T17:10:57.8219722Z   cmake-data dh-elpa-helper libabsl20210324 libgrpc++1 libgrpc-dev libgrpc10
2026-10-01T17:10:57.8227419Z   libjsoncpp25 libpqxx-6.4 libprotobuf23 libprotoc23 librhash0
2026-10-01T17:10:57.8234578Z Suggested packages:
2026-10-01T17:10:57.8235063Z   cmake-doc ninja-build cmake-format libpqxx-doc protobuf-mode-el
2026-10-01T17:10:57.8436142Z The following packages will be REMOVED:
2026-10-01T17:10:57.8437072Z   pkgconf r-base-dev
2026-10-01T17:10:57.8437673Z The following NEW packages will be installed:
2026-10-01T17:10:57.8441957Z   cmake cmake-data dh-elpa-helper libabsl20210324 libgrpc++-dev libgrpc++1
2026-10-01T17:10:57.8457637Z   libgrpc-dev libgrpc10 libjsoncpp25 libpqxx-6.4 libpqxx-dev libprotobuf-dev
2026-10-01T17:10:57.8458226Z   libprotobuf23 libprotoc23 librhash0 nlohmann-json3-dev pkg-config
2026-10-01T17:10:57.8458629Z   protobuf-compiler protobuf-compiler-grpc
2026-10-01T17:10:57.8602021Z 0 upgraded, 19 newly installed, 2 to remove and 20 not upgraded.
2026-10-01T17:10:57.8602623Z Need to get 14.7 MB of archives.
2026-10-01T17:10:57.8603031Z After this operation, 81.5 MB of additional disk space will be used.
2026-10-01T17:10:57.8603462Z Get:1 file:/etc/apt/apt-mirrors.txt Mirrorlist [144 B]
2026-10-01T17:10:57.9625372Z Get:2 http://azure.archive.ubuntu.com/ubuntu jammy/main amd64 pkg-config amd64 0.29.2-1ubuntu3 [48.2 kB]
2026-10-01T17:10:57.9956704Z Get:3 http://azure.archive.ubuntu.com/ubuntu jammy/main amd64 libjsoncpp25 amd64 1.9.5-3 [80.0 kB]
2026-10-01T17:10:58.0238526Z Get:4 http://azure.archive.ubuntu.com/ubuntu jammy/main amd64 librhash0 amd64 1.4.2-1ubuntu1 [125 kB]
2026-10-01T17:10:58.0521661Z Get:5 http://azure.archive.ubuntu.com/ubuntu jammy/main amd64 dh-elpa-helper all 2.0.9ubuntu1 [7610 B]
2026-10-01T17:10:58.0798438Z Get:6 http://azure.archive.ubuntu.com/ubuntu jammy-updates/main amd64 cmake-data all 3.22.1-1ubuntu1.22.04.2 [1913 kB]
2026-10-01T17:10:58.1186044Z Get:7 http://azure.archive.ubuntu.com/ubuntu jammy-updates/main amd64 cmake amd64 3.22.1-1ubuntu1.22.04.2 [5010 kB]
2026-10-01T17:10:58.1876285Z Get:8 http://azure.archive.ubuntu.com/ubuntu jammy-updates/main amd64 libabsl20210324 amd64 0~20210324.2-2ubuntu0.3 [386 kB]
2026-10-01T17:10:58.2168688Z Get:9 http://azure.archive.ubuntu.com/ubuntu jammy/universe amd64 libgrpc10 amd64 1.30.2-3build6 [1470 kB]
2026-10-01T17:10:58.2517798Z Get:10 http://azure.archive.ubuntu.com/ubuntu jammy-updates/main amd64 libprotobuf23 amd64 3.12.4-1ubuntu7.22.04.6 [877 kB]
2026-10-01T17:10:58.2829954Z Get:11 http://azure.archive.ubuntu.com/ubuntu jammy/universe amd64 libgrpc++1 amd64 1.30.2-3build6 [402 kB]
2026-10-01T17:10:58.3198970Z Get:12 http://azure.archive.ubuntu.com/ubuntu jammy/universe amd64 libgrpc-dev amd64 1.30.2-3build6 [1066 kB]
2026-10-01T17:10:58.3856010Z Get:13 http://azure.archive.ubuntu.com/ubuntu jammy/universe amd64 libgrpc++-dev amd64 1.30.2-3build6 [564 kB]
2026-10-01T17:10:58.4338748Z Get:14 http://azure.archive.ubuntu.com/ubuntu jammy/universe amd64 libpqxx-6.4 amd64 6.4.5-2build1 [155 kB]
2026-10-01T17:10:58.4737455Z Get:15 http://azure.archive.ubuntu.com/ubuntu jammy/universe amd64 libpqxx-dev amd64 6.4.5-2build1 [243 kB]
2026-10-01T17:10:58.5090947Z Get:16 http://azure.archive.ubuntu.com/ubuntu jammy-updates/main amd64 libprotoc23 amd64 3.12.4-1ubuntu7.22.04.6 [662 kB]
2026-10-01T17:10:58.5428827Z Get:17 http://azure.archive.ubuntu.com/ubuntu jammy/universe amd64 nlohmann-json3-dev all 3.10.5-2 [167 kB]
2026-10-01T17:10:58.6141030Z Get:18 http://azure.archive.ubuntu.com/ubuntu jammy-updates/universe amd64 protobuf-compiler amd64 3.12.4-1ubuntu7.22.04.6 [29.2 kB]
2026-10-01T17:10:58.6907603Z Get:19 http://azure.archive.ubuntu.com/ubuntu jammy/universe amd64 protobuf-compiler-grpc amd64 1.30.2-3build6 [185 kB]
2026-10-01T17:10:58.8561789Z Get:20 http://azure.archive.ubuntu.com/ubuntu jammy-updates/main amd64 libprotobuf-dev amd64 3.12.4-1ubuntu7.22.04.6 [1347 kB]
2026-10-01T17:10:59.1633485Z Fetched 14.7 MB in 1s (14.6 MB/s)
2026-10-01T17:10:59.1967448Z (Reading database ... 
2026-10-01T17:10:59.1967993Z (Reading database ... 5%
2026-10-01T17:10:59.1968963Z (Reading database ... 10%
2026-10-01T17:10:59.1969284Z (Reading database ... 15%
2026-10-01T17:10:59.1969584Z (Reading database ... 20%
2026-10-01T17:10:59.1969886Z (Reading database ... 25%
2026-10-01T17:10:59.1970143Z (Reading database ... 30%
2026-10-01T17:10:59.1970469Z (Reading database ... 35%
2026-10-01T17:10:59.1970766Z (Reading database ... 40%
2026-10-01T17:10:59.1971046Z (Reading database ... 45%
2026-10-01T17:10:59.1971434Z (Reading database ... 50%
2026-10-01T17:10:59.2726362Z (Reading database ... 55%
2026-10-01T17:10:59.4754469Z (Reading database ... 60%
2026-10-01T17:10:59.7227887Z (Reading database ... 65%
2026-10-01T17:10:59.9348709Z (Reading database ... 70%
2026-10-01T17:11:00.1154008Z (Reading database ... 75%
2026-10-01T17:11:00.2686788Z (Reading database ... 80%
2026-10-01T17:11:00.4144446Z (Reading database ... 85%
2026-10-01T17:11:00.6180529Z (Reading database ... 90%
2026-10-01T17:11:00.7880310Z (Reading database ... 95%
2026-10-01T17:11:00.7880916Z (Reading database ... 100%
2026-10-01T17:11:00.7881297Z (Reading database ... 260410 files and directories currently installed.)
2026-10-01T17:11:00.7944447Z Removing r-base-dev (4.6.1-6.2204.0) ...
2026-10-01T17:11:00.8952661Z dpkg: pkgconf: dependency problems, but removing anyway as you requested:
2026-10-01T17:11:00.8953509Z  php8.1-dev depends on pkg-config; however:
2026-10-01T17:11:00.8953965Z   Package pkg-config is not installed.
2026-10-01T17:11:00.8954454Z   Package pkgconf which provides pkg-config is to be removed.
2026-10-01T17:11:00.8954971Z  mono-devel depends on pkg-config; however:
2026-10-01T17:11:00.8955389Z   Package pkg-config is not installed.
2026-10-01T17:11:00.8956077Z   Package pkgconf which provides pkg-config is to be removed.
2026-10-01T17:11:00.8956660Z  libmagickwand-6.q16-dev:amd64 depends on pkg-config; however:
2026-10-01T17:11:00.8957188Z   Package pkg-config is not installed.
2026-10-01T17:11:00.8957678Z   Package pkgconf which provides pkg-config is to be removed.
2026-10-01T17:11:00.8958259Z  libmagickcore-6.q16-dev:amd64 depends on pkg-config; however:
2026-10-01T17:11:00.8958718Z   Package pkg-config is not installed.
2026-10-01T17:11:00.8959237Z   Package pkgconf which provides pkg-config is to be removed.
2026-10-01T17:11:00.8959734Z  libglib2.0-dev:amd64 depends on pkg-config; however:
2026-10-01T17:11:00.8960206Z   Package pkg-config is not installed.
2026-10-01T17:11:00.8960690Z   Package pkgconf which provides pkg-config is to be removed.
2026-10-01T17:11:00.8961220Z  libfontconfig-dev:amd64 depends on pkg-config; however:
2026-10-01T17:11:00.8961724Z   Package pkg-config is not installed.
2026-10-01T17:11:00.8962343Z   Package pkgconf which provides pkg-config is to be removed.
2026-10-01T17:11:00.8962683Z 
2026-10-01T17:11:00.9024040Z Removing pkgconf (1.8.0-1) ...
2026-10-01T17:11:00.9697481Z Removing 'diversion of /usr/bin/pkg-config to /usr/bin/pkg-config.real by pkgconf'
2026-10-01T17:11:00.9792681Z Removing 'diversion of /usr/share/aclocal/pkg.m4 to /usr/share/aclocal/pkg.real.m4 by pkgconf'
2026-10-01T17:11:00.9884581Z Removing 'diversion of /usr/share/man/man1/pkg-config.1.gz to /usr/share/man/man1/pkg-config.real.1.gz by pkgconf'
2026-10-01T17:11:00.9980507Z Removing 'diversion of /usr/share/pkg-config-crosswrapper to /usr/share/pkg-config-crosswrapper.real by pkgconf'
2026-10-01T17:11:01.0550377Z Selecting previously unselected package pkg-config.
2026-10-01T17:11:01.0585256Z (Reading database ... 
2026-10-01T17:11:01.0585840Z (Reading database ... 5%
2026-10-01T17:11:01.0586198Z (Reading database ... 10%
2026-10-01T17:11:01.0586443Z (Reading database ... 15%
2026-10-01T17:11:01.0586689Z (Reading database ... 20%
2026-10-01T17:11:01.0587016Z (Reading database ... 25%
2026-10-01T17:11:01.0587241Z (Reading database ... 30%
2026-10-01T17:11:01.0587502Z (Reading database ... 35%
2026-10-01T17:11:01.0587744Z (Reading database ... 40%
2026-10-01T17:11:01.0587984Z (Reading database ... 45%
2026-10-01T17:11:01.0588235Z (Reading database ... 50%
2026-10-01T17:11:01.0611495Z (Reading database ... 55%
2026-10-01T17:11:01.0632147Z (Reading database ... 60%
2026-10-01T17:11:01.0649072Z (Reading database ... 65%
2026-10-01T17:11:01.0743193Z (Reading database ... 70%
2026-10-01T17:11:01.0776913Z (Reading database ... 75%
2026-10-01T17:11:01.0831418Z (Reading database ... 80%
2026-10-01T17:11:01.1151347Z (Reading database ... 85%
2026-10-01T17:11:01.1164722Z (Reading database ... 90%
2026-10-01T17:11:01.1509225Z (Reading database ... 95%
2026-10-01T17:11:01.1509687Z (Reading database ... 100%
2026-10-01T17:11:01.1510032Z (Reading database ... 260388 files and directories currently installed.)
2026-10-01T17:11:01.1574238Z Preparing to unpack .../00-pkg-config_0.29.2-1ubuntu3_amd64.deb ...
2026-10-01T17:11:01.1586603Z Unpacking pkg-config (0.29.2-1ubuntu3) ...
2026-10-01T17:11:01.1834686Z Selecting previously unselected package libjsoncpp25:amd64.
2026-10-01T17:11:01.1976356Z Preparing to unpack .../01-libjsoncpp25_1.9.5-3_amd64.deb ...
2026-10-01T17:11:01.2002164Z Unpacking libjsoncpp25:amd64 (1.9.5-3) ...
2026-10-01T17:11:01.2208757Z Selecting previously unselected package librhash0:amd64.
2026-10-01T17:11:01.2351869Z Preparing to unpack .../02-librhash0_1.4.2-1ubuntu1_amd64.deb ...
2026-10-01T17:11:01.2364017Z Unpacking librhash0:amd64 (1.4.2-1ubuntu1) ...
2026-10-01T17:11:01.2544882Z Selecting previously unselected package dh-elpa-helper.
2026-10-01T17:11:01.2681777Z Preparing to unpack .../03-dh-elpa-helper_2.0.9ubuntu1_all.deb ...
2026-10-01T17:11:01.2690604Z Unpacking dh-elpa-helper (2.0.9ubuntu1) ...
2026-10-01T17:11:01.2874718Z Selecting previously unselected package cmake-data.
2026-10-01T17:11:01.3018135Z Preparing to unpack .../04-cmake-data_3.22.1-1ubuntu1.22.04.2_all.deb ...
2026-10-01T17:11:01.3075820Z Unpacking cmake-data (3.22.1-1ubuntu1.22.04.2) ...
2026-10-01T17:11:01.6026795Z Selecting previously unselected package cmake.
2026-10-01T17:11:01.6221832Z Preparing to unpack .../05-cmake_3.22.1-1ubuntu1.22.04.2_amd64.deb ...
2026-10-01T17:11:01.6233124Z Unpacking cmake (3.22.1-1ubuntu1.22.04.2) ...
2026-10-01T17:11:01.7613510Z Selecting previously unselected package libabsl20210324:amd64.
2026-10-01T17:11:01.7755896Z Preparing to unpack .../06-libabsl20210324_0~20210324.2-2ubuntu0.3_amd64.deb ...
2026-10-01T17:11:01.7765756Z Unpacking libabsl20210324:amd64 (0~20210324.2-2ubuntu0.3) ...
2026-10-01T17:11:01.8076034Z Selecting previously unselected package libgrpc10:amd64.
2026-10-01T17:11:01.8220302Z Preparing to unpack .../07-libgrpc10_1.30.2-3build6_amd64.deb ...
2026-10-01T17:11:01.8231854Z Unpacking libgrpc10:amd64 (1.30.2-3build6) ...
2026-10-01T17:11:01.8773141Z Selecting previously unselected package libprotobuf23:amd64.
2026-10-01T17:11:01.8922972Z Preparing to unpack .../08-libprotobuf23_3.12.4-1ubuntu7.22.04.6_amd64.deb ...
2026-10-01T17:11:01.8934163Z Unpacking libprotobuf23:amd64 (3.12.4-1ubuntu7.22.04.6) ...
2026-10-01T17:11:01.9271768Z Selecting previously unselected package libgrpc++1:amd64.
2026-10-01T17:11:01.9413585Z Preparing to unpack .../09-libgrpc++1_1.30.2-3build6_amd64.deb ...
2026-10-01T17:11:01.9426758Z Unpacking libgrpc++1:amd64 (1.30.2-3build6) ...
2026-10-01T17:11:01.9735403Z Selecting previously unselected package libgrpc-dev:amd64.
2026-10-01T17:11:01.9882686Z Preparing to unpack .../10-libgrpc-dev_1.30.2-3build6_amd64.deb ...
2026-10-01T17:11:01.9893696Z Unpacking libgrpc-dev:amd64 (1.30.2-3build6) ...
2026-10-01T17:11:02.0784267Z Selecting previously unselected package libgrpc++-dev:amd64.
2026-10-01T17:11:02.0934203Z Preparing to unpack .../11-libgrpc++-dev_1.30.2-3build6_amd64.deb ...
2026-10-01T17:11:02.0944299Z Unpacking libgrpc++-dev:amd64 (1.30.2-3build6) ...
2026-10-01T17:11:02.1543413Z Selecting previously unselected package libpqxx-6.4.
2026-10-01T17:11:02.1692134Z Preparing to unpack .../12-libpqxx-6.4_6.4.5-2build1_amd64.deb ...
2026-10-01T17:11:02.1701085Z Unpacking libpqxx-6.4 (6.4.5-2build1) ...
2026-10-01T17:11:02.1954720Z Selecting previously unselected package libpqxx-dev.
2026-10-01T17:11:02.2095838Z Preparing to unpack .../13-libpqxx-dev_6.4.5-2build1_amd64.deb ...
2026-10-01T17:11:02.2105848Z Unpacking libpqxx-dev (6.4.5-2build1) ...
2026-10-01T17:11:02.2444499Z Selecting previously unselected package libprotoc23:amd64.
2026-10-01T17:11:02.2590991Z Preparing to unpack .../14-libprotoc23_3.12.4-1ubuntu7.22.04.6_amd64.deb ...
2026-10-01T17:11:02.2601748Z Unpacking libprotoc23:amd64 (3.12.4-1ubuntu7.22.04.6) ...
2026-10-01T17:11:02.2860937Z Selecting previously unselected package nlohmann-json3-dev.
2026-10-01T17:11:02.2997435Z Preparing to unpack .../15-nlohmann-json3-dev_3.10.5-2_all.deb ...
2026-10-01T17:11:02.3006369Z Unpacking nlohmann-json3-dev (3.10.5-2) ...
2026-10-01T17:11:02.3435333Z Selecting previously unselected package protobuf-compiler.
2026-10-01T17:11:02.3585350Z Preparing to unpack .../16-protobuf-compiler_3.12.4-1ubuntu7.22.04.6_amd64.deb ...
2026-10-01T17:11:02.3592254Z Unpacking protobuf-compiler (3.12.4-1ubuntu7.22.04.6) ...
2026-10-01T17:11:02.3760718Z Selecting previously unselected package protobuf-compiler-grpc.
2026-10-01T17:11:02.3908338Z Preparing to unpack .../17-protobuf-compiler-grpc_1.30.2-3build6_amd64.deb ...
2026-10-01T17:11:02.3916292Z Unpacking protobuf-compiler-grpc (1.30.2-3build6) ...
2026-10-01T17:11:02.4084857Z Selecting previously unselected package libprotobuf-dev:amd64.
2026-10-01T17:11:02.4226210Z Preparing to unpack .../18-libprotobuf-dev_3.12.4-1ubuntu7.22.04.6_amd64.deb ...
2026-10-01T17:11:02.4233675Z Unpacking libprotobuf-dev:amd64 (3.12.4-1ubuntu7.22.04.6) ...
2026-10-01T17:11:02.5589706Z Setting up libprotobuf23:amd64 (3.12.4-1ubuntu7.22.04.6) ...
2026-10-01T17:11:02.5615265Z Setting up libprotobuf-dev:amd64 (3.12.4-1ubuntu7.22.04.6) ...
2026-10-01T17:11:02.5637436Z Setting up dh-elpa-helper (2.0.9ubuntu1) ...
2026-10-01T17:11:02.5661153Z Setting up libprotoc23:amd64 (3.12.4-1ubuntu7.22.04.6) ...
2026-10-01T17:11:02.5683663Z Setting up libjsoncpp25:amd64 (1.9.5-3) ...
2026-10-01T17:11:02.5704687Z Setting up pkg-config (0.29.2-1ubuntu3) ...
2026-10-01T17:11:02.5946683Z Setting up libabsl20210324:amd64 (0~20210324.2-2ubuntu0.3) ...
2026-10-01T17:11:02.5968558Z Setting up libpqxx-6.4 (6.4.5-2build1) ...
2026-10-01T17:11:02.5989125Z Setting up librhash0:amd64 (1.4.2-1ubuntu1) ...
2026-10-01T17:11:02.6011329Z Setting up cmake-data (3.22.1-1ubuntu1.22.04.2) ...
2026-10-01T17:11:02.6422490Z Setting up nlohmann-json3-dev (3.10.5-2) ...
2026-10-01T17:11:02.6446062Z Setting up libpqxx-dev (6.4.5-2build1) ...
2026-10-01T17:11:02.6468176Z Setting up protobuf-compiler (3.12.4-1ubuntu7.22.04.6) ...
2026-10-01T17:11:02.6488845Z Setting up protobuf-compiler-grpc (1.30.2-3build6) ...
2026-10-01T17:11:02.6509627Z Setting up libgrpc10:amd64 (1.30.2-3build6) ...
2026-10-01T17:11:02.6531547Z Setting up cmake (3.22.1-1ubuntu1.22.04.2) ...
2026-10-01T17:11:02.6554533Z Setting up libgrpc++1:amd64 (1.30.2-3build6) ...
2026-10-01T17:11:02.6575280Z Setting up libgrpc-dev:amd64 (1.30.2-3build6) ...
2026-10-01T17:11:02.6597712Z Setting up libgrpc++-dev:amd64 (1.30.2-3build6) ...
2026-10-01T17:11:02.6624135Z Processing triggers for man-db (2.10.2-1) ...
2026-10-01T17:11:02.6645432Z Not building database; man-db/auto-update is not 'true'.
2026-10-01T17:11:02.6660293Z Processing triggers for libc-bin (2.35-0ubuntu3.15) ...
2026-10-01T17:11:03.3394834Z 
2026-10-01T17:11:03.3395814Z Running kernel seems to be up-to-date.
2026-10-01T17:11:03.3396137Z 
2026-10-01T17:11:03.3396471Z No services need to be restarted.
2026-10-01T17:11:03.3396730Z 
2026-10-01T17:11:03.3396885Z No containers need to be restarted.
2026-10-01T17:11:03.3397082Z 
2026-10-01T17:11:03.3397282Z No user sessions are running outdated binaries.
2026-10-01T17:11:03.3397602Z 
2026-10-01T17:11:03.3397894Z No VM guests are running outdated hypervisor (qemu) binaries on this host.
2026-10-01T17:11:04.7882400Z ##[group]Run cmake -S native/control -B /tmp/build-control -DCMAKE_BUILD_TYPE=Release
2026-10-01T17:11:04.7882948Z [36;1mcmake -S native/control -B /tmp/build-control -DCMAKE_BUILD_TYPE=Release[0m
2026-10-01T17:11:04.7919440Z shell: /usr/bin/bash -e {0}
2026-10-01T17:11:04.7919903Z ##[endgroup]
2026-10-01T17:11:05.4366828Z -- The CXX compiler identification is GNU 11.4.0
2026-10-01T17:11:05.5193402Z -- Detecting CXX compiler ABI info
2026-10-01T17:11:05.5986375Z -- Detecting CXX compiler ABI info - done
2026-10-01T17:11:05.6096536Z -- Check for working CXX compiler: /usr/bin/c++ - skipped
2026-10-01T17:11:05.6155101Z -- Detecting CXX compile features
2026-10-01T17:11:05.6161778Z -- Detecting CXX compile features - done
2026-10-01T17:11:05.6373004Z -- Found PkgConfig: /usr/bin/pkg-config (found version "0.29.2")
2026-10-01T17:11:05.6377646Z -- Checking for module 'grpc++'
2026-10-01T17:11:05.6439225Z --   Found grpc++, version 1.30.2
2026-10-01T17:11:05.6626175Z -- Checking for module 'protobuf'
2026-10-01T17:11:05.6685996Z --   Found protobuf, version 3.12.4
2026-10-01T17:11:05.6822014Z -- Checking for module 'libpqxx'
2026-10-01T17:11:05.6884578Z --   Found libpqxx, version 6.4.5
2026-10-01T17:11:05.7326579Z -- Found OpenSSL: /usr/lib/x86_64-linux-gnu/libcrypto.so (found version "3.0.2")
2026-10-01T17:11:05.7331686Z -- Configuring done (0.6s)
2026-10-01T17:11:05.7361368Z -- Generating done (0.0s)
2026-10-01T17:11:05.7363329Z -- Build files have been written to: /tmp/build-control
2026-10-01T17:11:05.7421327Z ##[group]Run cmake --build /tmp/build-control --parallel
2026-10-01T17:11:05.7421712Z [36;1mcmake --build /tmp/build-control --parallel[0m
2026-10-01T17:11:05.7456540Z shell: /usr/bin/bash -e {0}
2026-10-01T17:11:05.7456876Z ##[endgroup]
2026-10-01T17:11:05.7597357Z [  5%] Generating generated/common.pb.cc, generated/common.grpc.pb.cc, generated/errorcode.pb.cc, generated/errorcode.grpc.pb.cc, generated/taskkind.pb.cc, generated/taskkind.grpc.pb.cc, generated/hotmethod.pb.cc, generated/hotmethod.grpc.pb.cc, generated/healthcheck.pb.cc, generated/healthcheck.grpc.pb.cc, generated/init.pb.cc, generated/init.grpc.pb.cc, generated/control.pb.cc, generated/control.grpc.pb.cc
2026-10-01T17:11:05.7920900Z [ 11%] Building CXX object CMakeFiles/mini-drop-native-control.dir/src/main.cpp.o
2026-10-01T17:11:05.7922153Z [ 17%] Building CXX object CMakeFiles/mini-drop-native-control.dir/generated/common.pb.cc.o
2026-10-01T17:11:05.7922961Z [ 23%] Building CXX object CMakeFiles/mini-drop-native-control.dir/generated/common.grpc.pb.cc.o
2026-10-01T17:11:05.7934617Z [ 29%] Building CXX object CMakeFiles/mini-drop-native-control.dir/generated/errorcode.pb.cc.o
2026-10-01T17:11:05.7966570Z [ 35%] Building CXX object CMakeFiles/mini-drop-native-control.dir/generated/errorcode.grpc.pb.cc.o
2026-10-01T17:11:05.8014572Z [ 41%] Building CXX object CMakeFiles/mini-drop-native-control.dir/generated/taskkind.pb.cc.o
2026-10-01T17:11:05.8042866Z [ 47%] Building CXX object CMakeFiles/mini-drop-native-control.dir/generated/hotmethod.pb.cc.o
2026-10-01T17:11:05.8063091Z [ 52%] Building CXX object CMakeFiles/mini-drop-native-control.dir/generated/taskkind.grpc.pb.cc.o
2026-10-01T17:11:05.8076506Z [ 58%] Building CXX object CMakeFiles/mini-drop-native-control.dir/generated/healthcheck.pb.cc.o
2026-10-01T17:11:05.8078809Z [ 64%] Building CXX object CMakeFiles/mini-drop-native-control.dir/generated/hotmethod.grpc.pb.cc.o
2026-10-01T17:11:05.8079721Z [ 70%] Building CXX object CMakeFiles/mini-drop-native-control.dir/generated/healthcheck.grpc.pb.cc.o
2026-10-01T17:11:05.8174102Z [ 76%] Building CXX object CMakeFiles/mini-drop-native-control.dir/generated/init.pb.cc.o
2026-10-01T17:11:05.8239804Z [ 82%] Building CXX object CMakeFiles/mini-drop-native-control.dir/generated/init.grpc.pb.cc.o
2026-10-01T17:11:05.8277215Z [ 88%] Building CXX object CMakeFiles/mini-drop-native-control.dir/generated/control.grpc.pb.cc.o
2026-10-01T17:11:05.8336970Z [ 94%] Building CXX object CMakeFiles/mini-drop-native-control.dir/generated/control.pb.cc.o
2026-10-01T17:11:08.0087152Z In file included from /tmp/build-control/generated/hotmethod.pb.cc:4:
2026-10-01T17:11:08.0185097Z /tmp/build-control/generated/hotmethod.pb.h: In member function ‘mini_drop::RecordArgv* mini_drop::TaskDesc::release_sample_argv()’:
2026-10-01T17:11:08.0247654Z /tmp/build-control/generated/hotmethod.pb.h:3159:47: warning: ‘mini_drop::RecordArgv* mini_drop::TaskDesc::unsafe_arena_release_sample_argv()’ is deprecated [-Wdeprecated-declarations]
2026-10-01T17:11:08.0306637Z  3159 |   auto temp = unsafe_arena_release_sample_argv();
2026-10-01T17:11:08.0446441Z       |               ~~~~~~~~~~~~~~~~~~~~~~~~~~~~~~~~^~
2026-10-01T17:11:08.0516520Z /tmp/build-control/generated/hotmethod.pb.h:449:48: note: declared here
2026-10-01T17:11:08.0617185Z   449 |   PROTOBUF_DEPRECATED ::mini_drop::RecordArgv* unsafe_arena_release_sample_argv();
2026-10-01T17:11:08.0686379Z       |                                                ^~~~~~~~~~~~~~~~~~~~~~~~~~~~~~~~
2026-10-01T17:11:08.0747338Z /tmp/build-control/generated/hotmethod.pb.h: In member function ‘mini_drop::CosConfig* mini_drop::TaskDesc::release_cos_config()’:
2026-10-01T17:11:08.0748922Z /tmp/build-control/generated/hotmethod.pb.h:3355:46: warning: ‘mini_drop::CosConfig* mini_drop::TaskDesc::unsafe_arena_release_cos_config()’ is deprecated [-Wdeprecated-declarations]
2026-10-01T17:11:08.0749833Z  3355 |   auto temp = unsafe_arena_release_cos_config();
2026-10-01T17:11:08.0750924Z       |               ~~~~~~~~~~~~~~~~~~~~~~~~~~~~~~~^~
2026-10-01T17:11:08.0751389Z /tmp/build-control/generated/hotmethod.pb.h:467:47: note: declared here
2026-10-01T17:11:08.0752164Z   467 |   PROTOBUF_DEPRECATED ::mini_drop::CosConfig* unsafe_arena_release_cos_config();
2026-10-01T17:11:08.0753174Z       |                                               ^~~~~~~~~~~~~~~~~~~~~~~~~~~~~~~
2026-10-01T17:11:08.2038669Z /tmp/build-control/generated/hotmethod.pb.cc: In member function ‘virtual google::protobuf::uint8* mini_drop::TaskDesc::_InternalSerialize(google::protobuf::uint8*, google::protobuf::io::EpsCopyOutputStream*) const’:
2026-10-01T17:11:08.2067990Z /tmp/build-control/generated/hotmethod.pb.cc:1228:28: warning: ‘bool mini_drop::TaskDesc::has_sample_argv() const’ is deprecated [-Wdeprecated-declarations]
2026-10-01T17:11:08.2236721Z  1228 |   if (this->has_sample_argv()) {
2026-10-01T17:11:08.2296480Z       |       ~~~~~~~~~~~~~~~~~~~~~^~
2026-10-01T17:11:08.2336373Z In file included from /tmp/build-control/generated/hotmethod.pb.cc:4:
2026-10-01T17:11:08.2396567Z /tmp/build-control/generated/hotmethod.pb.h:3127:13: note: declared here
2026-10-01T17:11:08.2486355Z  3127 | inline bool TaskDesc::has_sample_argv() const {
2026-10-01T17:11:08.2536259Z       |             ^~~~~~~~
2026-10-01T17:11:08.2577219Z /tmp/build-control/generated/hotmethod.pb.cc:1258:27: warning: ‘bool mini_drop::TaskDesc::has_cos_config() const’ is deprecated [-Wdeprecated-declarations]
2026-10-01T17:11:08.2666177Z  1258 |   if (this->has_cos_config()) {
2026-10-01T17:11:08.2726255Z       |       ~~~~~~~~~~~~~~~~~~~~^~
2026-10-01T17:11:08.2786260Z In file included from /tmp/build-control/generated/hotmethod.pb.cc:4:
2026-10-01T17:11:08.2846309Z /tmp/build-control/generated/hotmethod.pb.h:3329:13: note: declared here
2026-10-01T17:11:08.2956376Z  3329 | inline bool TaskDesc::has_cos_config() const {
2026-10-01T17:11:08.2966147Z       |             ^~~~~~~~
2026-10-01T17:11:08.3087121Z /tmp/build-control/generated/hotmethod.pb.cc: In member function ‘virtual size_t mini_drop::TaskDesc::ByteSizeLong() const’:
2026-10-01T17:11:08.3146998Z /tmp/build-control/generated/hotmethod.pb.cc:1451:28: warning: ‘bool mini_drop::TaskDesc::has_sample_argv() const’ is deprecated [-Wdeprecated-declarations]
2026-10-01T17:11:08.3196173Z  1451 |   if (this->has_sample_argv()) {
2026-10-01T17:11:08.3256250Z       |       ~~~~~~~~~~~~~~~~~~~~~^~
2026-10-01T17:11:08.3346280Z In file included from /tmp/build-control/generated/hotmethod.pb.cc:4:
2026-10-01T17:11:08.3406397Z /tmp/build-control/generated/hotmethod.pb.h:3127:13: note: declared here
2026-10-01T17:11:08.3466406Z  3127 | inline bool TaskDesc::has_sample_argv() const {
2026-10-01T17:11:08.3526222Z       |             ^~~~~~~~
2026-10-01T17:11:08.3597170Z /tmp/build-control/generated/hotmethod.pb.cc:1458:27: warning: ‘bool mini_drop::TaskDesc::has_cos_config() const’ is deprecated [-Wdeprecated-declarations]
2026-10-01T17:11:08.3646141Z  1458 |   if (this->has_cos_config()) {
2026-10-01T17:11:08.3736189Z       |       ~~~~~~~~~~~~~~~~~~~~^~
2026-10-01T17:11:08.3796363Z In file included from /tmp/build-control/generated/hotmethod.pb.cc:4:
2026-10-01T17:11:08.3826241Z /tmp/build-control/generated/hotmethod.pb.h:3329:13: note: declared here
2026-10-01T17:11:08.3916334Z  3329 | inline bool TaskDesc::has_cos_config() const {
2026-10-01T17:11:08.3976128Z       |             ^~~~~~~~
2026-10-01T17:11:08.4037054Z /tmp/build-control/generated/hotmethod.pb.cc: In member function ‘void mini_drop::TaskDesc::MergeFrom(const mini_drop::TaskDesc&)’:
2026-10-01T17:11:08.4127006Z /tmp/build-control/generated/hotmethod.pb.cc:1609:27: warning: ‘bool mini_drop::TaskDesc::has_sample_argv() const’ is deprecated [-Wdeprecated-declarations]
2026-10-01T17:11:08.4156101Z  1609 |   if (from.has_sample_argv()) {
2026-10-01T17:11:08.4226140Z       |       ~~~~~~~~~~~~~~~~~~~~^~
2026-10-01T17:11:08.4276261Z In file included from /tmp/build-control/generated/hotmethod.pb.cc:4:
2026-10-01T17:11:08.4336399Z /tmp/build-control/generated/hotmethod.pb.h:3127:13: note: declared here
2026-10-01T17:11:08.4427114Z  3127 | inline bool TaskDesc::has_sample_argv() const {
2026-10-01T17:11:08.4456104Z       |             ^~~~~~~~
2026-10-01T17:11:08.4547194Z /tmp/build-control/generated/hotmethod.pb.cc:1612:26: warning: ‘bool mini_drop::TaskDesc::has_cos_config() const’ is deprecated [-Wdeprecated-declarations]
2026-10-01T17:11:08.4596269Z  1612 |   if (from.has_cos_config()) {
2026-10-01T17:11:08.4666320Z       |       ~~~~~~~~~~~~~~~~~~~^~
2026-10-01T17:11:08.4726373Z In file included from /tmp/build-control/generated/hotmethod.pb.cc:4:
2026-10-01T17:11:08.4786333Z /tmp/build-control/generated/hotmethod.pb.h:3329:13: note: declared here
2026-10-01T17:11:08.4867962Z  3329 | inline bool TaskDesc::has_cos_config() const {
2026-10-01T17:11:08.4906137Z       |             ^~~~~~~~
2026-10-01T17:11:08.4996440Z In file included from /tmp/build-control/generated/healthcheck.pb.h:37,
2026-10-01T17:11:08.5056381Z                  from /tmp/build-control/generated/healthcheck.grpc.pb.cc:5:
2026-10-01T17:11:08.5117018Z /tmp/build-control/generated/hotmethod.pb.h: In member function ‘mini_drop::RecordArgv* mini_drop::TaskDesc::release_sample_argv()’:
2026-10-01T17:11:08.5197008Z /tmp/build-control/generated/hotmethod.pb.h:3159:47: warning: ‘mini_drop::RecordArgv* mini_drop::TaskDesc::unsafe_arena_release_sample_argv()’ is deprecated [-Wdeprecated-declarations]
2026-10-01T17:11:08.5226232Z  3159 |   auto temp = unsafe_arena_release_sample_argv();
2026-10-01T17:11:08.5286340Z       |               ~~~~~~~~~~~~~~~~~~~~~~~~~~~~~~~~^~
2026-10-01T17:11:08.5346300Z /tmp/build-control/generated/hotmethod.pb.h:449:48: note: declared here
2026-10-01T17:11:08.5406343Z   449 |   PROTOBUF_DEPRECATED ::mini_drop::RecordArgv* unsafe_arena_release_sample_argv();
2026-10-01T17:11:08.5496189Z       |                                                ^~~~~~~~~~~~~~~~~~~~~~~~~~~~~~~~
2026-10-01T17:11:08.5527032Z /tmp/build-control/generated/hotmethod.pb.h: In member function ‘mini_drop::CosConfig* mini_drop::TaskDesc::release_cos_config()’:
2026-10-01T17:11:08.5617287Z /tmp/build-control/generated/hotmethod.pb.h:3355:46: warning: ‘mini_drop::CosConfig* mini_drop::TaskDesc::unsafe_arena_release_cos_config()’ is deprecated [-Wdeprecated-declarations]
2026-10-01T17:11:08.5676161Z  3355 |   auto temp = unsafe_arena_release_cos_config();
2026-10-01T17:11:08.5746262Z       |               ~~~~~~~~~~~~~~~~~~~~~~~~~~~~~~~^~
2026-10-01T17:11:08.5796337Z /tmp/build-control/generated/hotmethod.pb.h:467:47: note: declared here
2026-10-01T17:11:08.5876319Z   467 |   PROTOBUF_DEPRECATED ::mini_drop::CosConfig* unsafe_arena_release_cos_config();
2026-10-01T17:11:08.5946351Z       |                                               ^~~~~~~~~~~~~~~~~~~~~~~~~~~~~~~
2026-10-01T17:11:08.5976260Z In file included from /tmp/build-control/generated/healthcheck.pb.h:37,
2026-10-01T17:11:08.6066206Z                  from /tmp/build-control/generated/healthcheck.pb.cc:4:
2026-10-01T17:11:08.6126928Z /tmp/build-control/generated/hotmethod.pb.h: In member function ‘mini_drop::RecordArgv* mini_drop::TaskDesc::release_sample_argv()’:
2026-10-01T17:11:08.6186880Z /tmp/build-control/generated/hotmethod.pb.h:3159:47: warning: ‘mini_drop::RecordArgv* mini_drop::TaskDesc::unsafe_arena_release_sample_argv()’ is deprecated [-Wdeprecated-declarations]
2026-10-01T17:11:08.6246349Z  3159 |   auto temp = unsafe_arena_release_sample_argv();
2026-10-01T17:11:08.6296263Z       |               ~~~~~~~~~~~~~~~~~~~~~~~~~~~~~~~~^~
2026-10-01T17:11:08.6366367Z /tmp/build-control/generated/hotmethod.pb.h:449:48: note: declared here
2026-10-01T17:11:08.6426674Z   449 |   PROTOBUF_DEPRECATED ::mini_drop::RecordArgv* unsafe_arena_release_sample_argv();
2026-10-01T17:11:08.6461078Z       |                                                ^~~~~~~~~~~~~~~~~~~~~~~~~~~~~~~~
2026-10-01T17:11:08.6577080Z /tmp/build-control/generated/hotmethod.pb.h: In member function ‘mini_drop::CosConfig* mini_drop::TaskDesc::release_cos_config()’:
2026-10-01T17:11:08.6607456Z /tmp/build-control/generated/hotmethod.pb.h:3355:46: warning: ‘mini_drop::CosConfig* mini_drop::TaskDesc::unsafe_arena_release_cos_config()’ is deprecated [-Wdeprecated-declarations]
2026-10-01T17:11:08.6608383Z  3355 |   auto temp = unsafe_arena_release_cos_config();
2026-10-01T17:11:08.6608924Z       |               ~~~~~~~~~~~~~~~~~~~~~~~~~~~~~~~^~
2026-10-01T17:11:08.6609413Z /tmp/build-control/generated/hotmethod.pb.h:467:47: note: declared here
2026-10-01T17:11:08.6610074Z   467 |   PROTOBUF_DEPRECATED ::mini_drop::CosConfig* unsafe_arena_release_cos_config();
2026-10-01T17:11:08.6610655Z       |                                               ^~~~~~~~~~~~~~~~~~~~~~~~~~~~~~~
2026-10-01T17:11:08.6611177Z In file included from /tmp/build-control/generated/control.pb.h:36,
2026-10-01T17:11:08.6611735Z                  from /tmp/build-control/generated/control.grpc.pb.cc:5:
2026-10-01T17:11:08.6612710Z /tmp/build-control/generated/hotmethod.pb.h: In member function ‘mini_drop::RecordArgv* mini_drop::TaskDesc::release_sample_argv()’:
2026-10-01T17:11:08.6614092Z /tmp/build-control/generated/hotmethod.pb.h:3159:47: warning: ‘mini_drop::RecordArgv* mini_drop::TaskDesc::unsafe_arena_release_sample_argv()’ is deprecated [-Wdeprecated-declarations]
2026-10-01T17:11:08.6614959Z  3159 |   auto temp = unsafe_arena_release_sample_argv();
2026-10-01T17:11:08.6615389Z       |               ~~~~~~~~~~~~~~~~~~~~~~~~~~~~~~~~^~
2026-10-01T17:11:08.6616243Z /tmp/build-control/generated/hotmethod.pb.h:449:48: note: declared here
2026-10-01T17:11:08.6616929Z   449 |   PROTOBUF_DEPRECATED ::mini_drop::RecordArgv* unsafe_arena_release_sample_argv();
2026-10-01T17:11:08.6617495Z       |                                                ^~~~~~~~~~~~~~~~~~~~~~~~~~~~~~~~
2026-10-01T17:11:08.6618486Z /tmp/build-control/generated/hotmethod.pb.h: In member function ‘mini_drop::CosConfig* mini_drop::TaskDesc::release_cos_config()’:
2026-10-01T17:11:08.6676966Z /tmp/build-control/generated/hotmethod.pb.h:3355:46: warning: ‘mini_drop::CosConfig* mini_drop::TaskDesc::unsafe_arena_release_cos_config()’ is deprecated [-Wdeprecated-declarations]
2026-10-01T17:11:08.6736273Z  3355 |   auto temp = unsafe_arena_release_cos_config();
2026-10-01T17:11:08.6816245Z       |               ~~~~~~~~~~~~~~~~~~~~~~~~~~~~~~~^~
2026-10-01T17:11:08.6857130Z /tmp/build-control/generated/hotmethod.pb.h:467:47: note: declared here
2026-10-01T17:11:08.6916314Z   467 |   PROTOBUF_DEPRECATED ::mini_drop::CosConfig* unsafe_arena_release_cos_config();
2026-10-01T17:11:08.7006250Z       |                                               ^~~~~~~~~~~~~~~~~~~~~~~~~~~~~~~
2026-10-01T17:11:08.7086226Z In file included from /tmp/build-control/generated/hotmethod.grpc.pb.cc:5:
2026-10-01T17:11:08.7116940Z /tmp/build-control/generated/hotmethod.pb.h: In member function ‘mini_drop::RecordArgv* mini_drop::TaskDesc::release_sample_argv()’:
2026-10-01T17:11:08.7177051Z /tmp/build-control/generated/hotmethod.pb.h:3159:47: warning: ‘mini_drop::RecordArgv* mini_drop::TaskDesc::unsafe_arena_release_sample_argv()’ is deprecated [-Wdeprecated-declarations]
2026-10-01T17:11:08.7178013Z  3159 |   auto temp = unsafe_arena_release_sample_argv();
2026-10-01T17:11:08.7178560Z       |               ~~~~~~~~~~~~~~~~~~~~~~~~~~~~~~~~^~
2026-10-01T17:11:08.7179062Z /tmp/build-control/generated/hotmethod.pb.h:449:48: note: declared here
2026-10-01T17:11:08.7179700Z   449 |   PROTOBUF_DEPRECATED ::mini_drop::RecordArgv* unsafe_arena_release_sample_argv();
2026-10-01T17:11:08.7180306Z       |                                                ^~~~~~~~~~~~~~~~~~~~~~~~~~~~~~~~
2026-10-01T17:11:08.7181536Z /tmp/build-control/generated/common.pb.cc: In member function ‘virtual google::protobuf::uint8* mini_drop::CosConfig::_InternalSerialize(google::protobuf::uint8*, google::protobuf::io::EpsCopyOutputStream*) const’:
2026-10-01T17:11:08.7183021Z /tmp/build-control/generated/common.pb.cc:664:23: warning: ‘const string& mini_drop::CosConfig::access_key() const’ is deprecated [-Wdeprecated-declarations]
2026-10-01T17:11:08.7183826Z   664 |   if (this->access_key().size() > 0) {
2026-10-01T17:11:08.7184504Z       |       ~~~~~~~~~~~~~~~~^~
2026-10-01T17:11:08.7184961Z In file included from /tmp/build-control/generated/common.pb.cc:4:
2026-10-01T17:11:08.7185765Z /tmp/build-control/generated/common.pb.h:1130:27: note: declared here
2026-10-01T17:11:08.7186283Z  1130 | inline const std::string& CosConfig::access_key() const {
2026-10-01T17:11:08.7186719Z       |                           ^~~~~~~~~
2026-10-01T17:11:08.7187650Z /tmp/build-control/generated/common.pb.cc:674:23: warning: ‘const string& mini_drop::CosConfig::secret_key() const’ is deprecated [-Wdeprecated-declarations]
2026-10-01T17:11:08.7188451Z   674 |   if (this->secret_key().size() > 0) {
2026-10-01T17:11:08.7188819Z       |       ~~~~~~~~~~~~~~~~^~
2026-10-01T17:11:08.7189254Z In file included from /tmp/build-control/generated/common.pb.cc:4:
2026-10-01T17:11:08.7189837Z /tmp/build-control/generated/common.pb.h:1211:27: note: declared here
2026-10-01T17:11:08.7190375Z  1211 | inline const std::string& CosConfig::secret_key() const {
2026-10-01T17:11:08.7190843Z       |                           ^~~~~~~~~
2026-10-01T17:11:08.7191628Z /tmp/build-control/generated/common.pb.cc: In member function ‘virtual size_t mini_drop::CosConfig::ByteSizeLong() const’:
2026-10-01T17:11:08.7192819Z /tmp/build-control/generated/common.pb.cc:727:23: warning: ‘const string& mini_drop::CosConfig::access_key() const’ is deprecated [-Wdeprecated-declarations]
2026-10-01T17:11:08.7193561Z   727 |   if (this->access_key().size() > 0) {
2026-10-01T17:11:08.7193958Z       |       ~~~~~~~~~~~~~~~~^~
2026-10-01T17:11:08.7194763Z /tmp/build-control/generated/hotmethod.pb.h: In member function ‘mini_drop::CosConfig* mini_drop::TaskDesc::release_cos_config()’:
2026-10-01T17:11:08.7196226Z /tmp/build-control/generated/hotmethod.pb.h:3355:46: warning: ‘mini_drop::CosConfig* mini_drop::TaskDesc::unsafe_arena_release_cos_config()’ is deprecated [-Wdeprecated-declarations]
2026-10-01T17:11:08.7197240Z  3355 |   auto temp = unsafe_arena_release_cos_config();
2026-10-01T17:11:08.7316209Z       |               ~~~~~~~~~~~~~~~~~~~~~~~~~~~~~~~^~
2026-10-01T17:11:08.7386227Z In file included from /tmp/build-control/generated/common.pb.cc:4:
2026-10-01T17:11:08.7436382Z /tmp/build-control/generated/common.pb.h:1130:27: note: declared here
2026-10-01T17:11:08.7523286Z  1130 | inline const std::string& CosConfig::access_key() const {
2026-10-01T17:11:08.7589622Z       |                           ^~~~~~~~~
2026-10-01T17:11:08.7696346Z /tmp/build-control/generated/hotmethod.pb.h:467:47: note: declared here
2026-10-01T17:11:08.7756388Z   467 |   PROTOBUF_DEPRECATED ::mini_drop::CosConfig* unsafe_arena_release_cos_config();
2026-10-01T17:11:08.7816472Z       |                                               ^~~~~~~~~~~~~~~~~~~~~~~~~~~~~~~
2026-10-01T17:11:08.7907122Z /tmp/build-control/generated/common.pb.cc:734:23: warning: ‘const string& mini_drop::CosConfig::secret_key() const’ is deprecated [-Wdeprecated-declarations]
2026-10-01T17:11:08.8026321Z   734 |   if (this->secret_key().size() > 0) {
2026-10-01T17:11:08.8066211Z       |       ~~~~~~~~~~~~~~~~^~
2026-10-01T17:11:08.8116312Z In file included from /tmp/build-control/generated/common.pb.cc:4:
2026-10-01T17:11:08.8117080Z /tmp/build-control/generated/common.pb.h:1211:27: note: declared here
2026-10-01T17:11:08.8117639Z  1211 | inline const std::string& CosConfig::secret_key() const {
2026-10-01T17:11:08.8118057Z       |                           ^~~~~~~~~
2026-10-01T17:11:08.8119215Z /tmp/build-control/generated/common.pb.cc: In member function ‘void mini_drop::CosConfig::MergeFrom(const mini_drop::CosConfig&)’:
2026-10-01T17:11:08.8120400Z /tmp/build-control/generated/common.pb.cc:788:22: warning: ‘const string& mini_drop::CosConfig::access_key() const’ is deprecated [-Wdeprecated-declarations]
2026-10-01T17:11:08.8121320Z   788 |   if (from.access_key().size() > 0) {
2026-10-01T17:11:08.8121711Z       |       ~~~~~~~~~~~~~~~^~
2026-10-01T17:11:08.8122100Z In file included from /tmp/build-control/generated/common.pb.cc:4:
2026-10-01T17:11:08.8123152Z /tmp/build-control/generated/common.pb.h:1130:27: note: declared here
2026-10-01T17:11:08.8123682Z  1130 | inline const std::string& CosConfig::access_key() const {
2026-10-01T17:11:08.8124124Z       |                           ^~~~~~~~~
2026-10-01T17:11:08.8125119Z /tmp/build-control/generated/common.pb.cc:791:22: warning: ‘const string& mini_drop::CosConfig::secret_key() const’ is deprecated [-Wdeprecated-declarations]
2026-10-01T17:11:08.8126248Z   791 |   if (from.secret_key().size() > 0) {
2026-10-01T17:11:08.8126679Z       |       ~~~~~~~~~~~~~~~^~
2026-10-01T17:11:08.8127106Z In file included from /tmp/build-control/generated/common.pb.cc:4:
2026-10-01T17:11:08.8127697Z /tmp/build-control/generated/common.pb.h:1211:27: note: declared here
2026-10-01T17:11:08.8128258Z  1211 | inline const std::string& CosConfig::secret_key() const {
2026-10-01T17:11:08.8128711Z       |                           ^~~~~~~~~
2026-10-01T17:11:09.1037082Z In file included from /tmp/build-control/generated/control.pb.h:36,
2026-10-01T17:11:09.1126680Z                  from /tmp/build-control/generated/control.pb.cc:4:
2026-10-01T17:11:09.1169453Z /tmp/build-control/generated/hotmethod.pb.h: In member function ‘mini_drop::RecordArgv* mini_drop::TaskDesc::release_sample_argv()’:
2026-10-01T17:11:09.1307462Z /tmp/build-control/generated/hotmethod.pb.h:3159:47: warning: ‘mini_drop::RecordArgv* mini_drop::TaskDesc::unsafe_arena_release_sample_argv()’ is deprecated [-Wdeprecated-declarations]
2026-10-01T17:11:09.1366510Z  3159 |   auto temp = unsafe_arena_release_sample_argv();
2026-10-01T17:11:09.1456505Z       |               ~~~~~~~~~~~~~~~~~~~~~~~~~~~~~~~~^~
2026-10-01T17:11:09.1506499Z /tmp/build-control/generated/hotmethod.pb.h:449:48: note: declared here
2026-10-01T17:11:09.1546420Z   449 |   PROTOBUF_DEPRECATED ::mini_drop::RecordArgv* unsafe_arena_release_sample_argv();
2026-10-01T17:11:09.1636331Z       |                                                ^~~~~~~~~~~~~~~~~~~~~~~~~~~~~~~~
2026-10-01T17:11:09.1697217Z /tmp/build-control/generated/hotmethod.pb.h: In member function ‘mini_drop::CosConfig* mini_drop::TaskDesc::release_cos_config()’:
2026-10-01T17:11:09.1737055Z /tmp/build-control/generated/hotmethod.pb.h:3355:46: warning: ‘mini_drop::CosConfig* mini_drop::TaskDesc::unsafe_arena_release_cos_config()’ is deprecated [-Wdeprecated-declarations]
2026-10-01T17:11:09.1816334Z  3355 |   auto temp = unsafe_arena_release_cos_config();
2026-10-01T17:11:09.1906277Z       |               ~~~~~~~~~~~~~~~~~~~~~~~~~~~~~~~^~
2026-10-01T17:11:09.1916434Z /tmp/build-control/generated/hotmethod.pb.h:467:47: note: declared here
2026-10-01T17:11:09.1917243Z   467 |   PROTOBUF_DEPRECATED ::mini_drop::CosConfig* unsafe_arena_release_cos_config();
2026-10-01T17:11:09.1917825Z       |                                               ^~~~~~~~~~~~~~~~~~~~~~~~~~~~~~~
2026-10-01T17:11:09.7676819Z In file included from /tmp/build-control/generated/healthcheck.pb.h:37,
2026-10-01T17:11:09.7736856Z                  from /tmp/build-control/generated/healthcheck.grpc.pb.h:15,
2026-10-01T17:11:09.7826885Z                  from /home/runner/work/mini-drop/mini-drop/native/control/src/main.cpp:10:
2026-10-01T17:11:09.7897271Z /tmp/build-control/generated/hotmethod.pb.h: In member function ‘mini_drop::RecordArgv* mini_drop::TaskDesc::release_sample_argv()’:
2026-10-01T17:11:09.7917130Z /tmp/build-control/generated/hotmethod.pb.h:3159:47: warning: ‘mini_drop::RecordArgv* mini_drop::TaskDesc::unsafe_arena_release_sample_argv()’ is deprecated [-Wdeprecated-declarations]
2026-10-01T17:11:09.8006263Z  3159 |   auto temp = unsafe_arena_release_sample_argv();
2026-10-01T17:11:09.8096143Z       |               ~~~~~~~~~~~~~~~~~~~~~~~~~~~~~~~~^~
2026-10-01T17:11:09.8126436Z /tmp/build-control/generated/hotmethod.pb.h:449:48: note: declared here
2026-10-01T17:11:09.8216345Z   449 |   PROTOBUF_DEPRECATED ::mini_drop::RecordArgv* unsafe_arena_release_sample_argv();
2026-10-01T17:11:09.8266719Z       |                                                ^~~~~~~~~~~~~~~~~~~~~~~~~~~~~~~~
2026-10-01T17:11:09.8307164Z /tmp/build-control/generated/hotmethod.pb.h: In member function ‘mini_drop::CosConfig* mini_drop::TaskDesc::release_cos_config()’:
2026-10-01T17:11:09.8396948Z /tmp/build-control/generated/hotmethod.pb.h:3355:46: warning: ‘mini_drop::CosConfig* mini_drop::TaskDesc::unsafe_arena_release_cos_config()’ is deprecated [-Wdeprecated-declarations]
2026-10-01T17:11:09.8456402Z  3355 |   auto temp = unsafe_arena_release_cos_config();
2026-10-01T17:11:09.8506414Z       |               ~~~~~~~~~~~~~~~~~~~~~~~~~~~~~~~^~
2026-10-01T17:11:09.8576234Z /tmp/build-control/generated/hotmethod.pb.h:467:47: note: declared here
2026-10-01T17:11:09.8636338Z   467 |   PROTOBUF_DEPRECATED ::mini_drop::CosConfig* unsafe_arena_release_cos_config();
2026-10-01T17:11:09.8716346Z       |                                               ^~~~~~~~~~~~~~~~~~~~~~~~~~~~~~~
2026-10-01T17:11:12.9203892Z /home/runner/work/mini-drop/mini-drop/native/control/src/main.cpp: In member function ‘virtual grpc::Status {anonymous}::HealthService::Do(grpc::ServerContext*, const mini_drop::HealthCheckRequest*, mini_drop::HealthCheckResponse*)’:
2026-10-01T17:11:12.9228001Z /home/runner/work/mini-drop/mini-drop/native/control/src/main.cpp:894:47: warning: ‘mini_drop::RecordArgv* mini_drop::TaskDesc::mutable_sample_argv()’ is deprecated [-Wdeprecated-declarations]
2026-10-01T17:11:12.9229171Z   894 |       auto* sample = desc->mutable_sample_argv();
2026-10-01T17:11:12.9266235Z       |                      ~~~~~~~~~~~~~~~~~~~~~~~~~^~
2026-10-01T17:11:12.9306667Z In file included from /tmp/build-control/generated/healthcheck.pb.h:37,
2026-10-01T17:11:12.9316273Z                  from /tmp/build-control/generated/healthcheck.grpc.pb.h:15,
2026-10-01T17:11:12.9336320Z                  from /home/runner/work/mini-drop/mini-drop/native/control/src/main.cpp:10:
2026-10-01T17:11:12.9356975Z /tmp/build-control/generated/hotmethod.pb.h:3180:33: note: declared here
2026-10-01T17:11:12.9366363Z  3180 | inline ::mini_drop::RecordArgv* TaskDesc::mutable_sample_argv() {
2026-10-01T17:11:12.9406314Z       |                                 ^~~~~~~~
2026-10-01T17:11:18.7183040Z [100%] Linking CXX executable mini-drop-native-control
2026-10-01T17:11:18.8418110Z [100%] Built target mini-drop-native-control
2026-10-01T17:11:18.8610218Z Post job cleanup.
2026-10-01T17:11:18.9242427Z [command]/usr/bin/git version
2026-10-01T17:11:18.9271368Z git version 2.55.0
2026-10-01T17:11:18.9296922Z Temporarily overriding HOME='/home/runner/work/_temp/664f128c-38e3-4c3b-8605-663385644a28' before making global git config changes
2026-10-01T17:11:18.9297839Z Adding repository directory to the temporary git global config as a safe directory
2026-10-01T17:11:18.9301266Z [command]/usr/bin/git config --global --add safe.directory /home/runner/work/mini-drop/mini-drop
2026-10-01T17:11:18.9328068Z [command]/usr/bin/git config --local --name-only --get-regexp core\.sshCommand
2026-10-01T17:11:18.9351190Z [command]/usr/bin/git submodule foreach --recursive sh -c "git config --local --name-only --get-regexp 'core\.sshCommand' && git config --local --unset-all 'core.sshCommand' || :"
2026-10-01T17:11:18.9550486Z [command]/usr/bin/git config --local --name-only --get-regexp http\.https\:\/\/github\.com\/\.extraheader
2026-10-01T17:11:18.9569201Z http.https://github.com/.extraheader
2026-10-01T17:11:18.9578515Z [command]/usr/bin/git config --local --unset-all http.https://github.com/.extraheader
2026-10-01T17:11:18.9604735Z [command]/usr/bin/git submodule foreach --recursive sh -c "git config --local --name-only --get-regexp 'http\.https\:\/\/github\.com\/\.extraheader' && git config --local --unset-all 'http.https://github.com/.extraheader' || :"
2026-10-01T17:11:18.9783112Z [command]/usr/bin/git config --local --name-only --get-regexp ^includeIf\.gitdir:
2026-10-01T17:11:18.9803538Z [command]/usr/bin/git submodule foreach --recursive git config --local --show-origin --name-only --get-regexp remote.origin.url
2026-10-01T17:11:19.0096316Z Cleaning up orphan processes
2026-10-01T17:11:19.0300848Z ##[warning]Node.js 20 is deprecated. The following actions target Node.js 20 but are being forced to run on Node.js 24: actions/checkout@v4. For more information see: https://github.blog/changelog/2025-09-19-deprecation-of-node-20-on-github-actions-runners/
