2026-10-01T17:10:02.4971940Z Current runner version: '2.337.0'
2026-10-01T17:10:02.4995273Z ##[group]Runner Image Provisioner
2026-10-01T17:10:02.4996002Z Hosted Compute Agent
2026-10-01T17:10:02.4996498Z Version: 20260901.588
2026-10-01T17:10:02.4997116Z Commit: f88ec8081b781fac6c440065ac7ff9e710ce3d0b
2026-10-01T17:10:02.4997723Z Build Date: 2026-09-01T19:56:44Z
2026-10-01T17:10:02.4998338Z Worker ID: {41ced391-a545-4810-82a1-fb7516e3307c}
2026-10-01T17:10:02.4999021Z Azure Region: eastus
2026-10-01T17:10:02.4999663Z ##[endgroup]
2026-10-01T17:10:02.5000975Z ##[group]Operating System
2026-10-01T17:10:02.5001566Z Ubuntu
2026-10-01T17:10:02.5002063Z 22.04.5
2026-10-01T17:10:02.5002519Z LTS
2026-10-01T17:10:02.5002971Z ##[endgroup]
2026-10-01T17:10:02.5003489Z ##[group]Runner Image
2026-10-01T17:10:02.5004015Z Image: ubuntu-22.04
2026-10-01T17:10:02.5004685Z Version: 20260927.309.1
2026-10-01T17:10:02.5005923Z Included Software: https://github.com/actions/runner-images/blob/ubuntu22/20260927.309/images/ubuntu/Ubuntu2204-Readme.md
2026-10-01T17:10:02.5007228Z Image Release: https://github.com/actions/runner-images/releases/tag/ubuntu22%2F20260927.309
2026-10-01T17:10:02.5008030Z ##[endgroup]
2026-10-01T17:10:02.5009275Z ##[group]GITHUB_TOKEN Permissions
2026-10-01T17:10:02.5011361Z Contents: read
2026-10-01T17:10:02.5012030Z Metadata: read
2026-10-01T17:10:02.5012528Z Packages: read
2026-10-01T17:10:02.5013018Z ##[endgroup]
2026-10-01T17:10:02.5015549Z Secret source: Actions
2026-10-01T17:10:02.5016349Z Cache mode: write
2026-10-01T17:10:02.5017021Z Prepare workflow directory
2026-10-01T17:10:02.5335854Z Prepare all required actions
2026-10-01T17:10:02.5375834Z Getting action download info
2026-10-01T17:10:02.7449647Z Download action repository 'actions/checkout@v4' (SHA:11d5960a326750d5838078e36cf38b85af677262)
2026-10-01T17:10:03.1083837Z Download action repository 'actions/setup-python@v5' (SHA:a26af69be951a213d495a4c3e4e4022e16d87065)
2026-10-01T17:10:03.6139171Z Download action repository 'actions/upload-artifact@v4' (SHA:ea165f8d65b6e75b540449e92b4886f43607fa02)
2026-10-01T17:10:03.9181149Z Complete job name: Real Python Java C++ observation windows
2026-10-01T17:10:03.9917669Z ##[group]Run actions/checkout@v4
2026-10-01T17:10:03.9918724Z with:
2026-10-01T17:10:03.9919437Z   repository: llongwang751-arch/mini-drop
2026-10-01T17:10:03.9926443Z   token: ***
2026-10-01T17:10:03.9927133Z   ssh-strict: true
2026-10-01T17:10:03.9927836Z   ssh-user: git
2026-10-01T17:10:03.9928556Z   persist-credentials: true
2026-10-01T17:10:03.9929326Z   clean: true
2026-10-01T17:10:03.9930026Z   sparse-checkout-cone-mode: true
2026-10-01T17:10:03.9930869Z   fetch-depth: 1
2026-10-01T17:10:03.9931551Z   fetch-tags: false
2026-10-01T17:10:03.9932270Z   show-progress: true
2026-10-01T17:10:03.9932995Z   lfs: false
2026-10-01T17:10:03.9933648Z   submodules: false
2026-10-01T17:10:03.9934369Z   set-safe-directory: true
2026-10-01T17:10:03.9935359Z   allow-unsafe-pr-checkout: false
2026-10-01T17:10:03.9936426Z ##[endgroup]
2026-10-01T17:10:04.0817255Z Syncing repository: llongwang751-arch/mini-drop
2026-10-01T17:10:04.0819671Z ##[group]Getting Git version info
2026-10-01T17:10:04.0820997Z Working directory is '/home/runner/work/mini-drop/mini-drop'
2026-10-01T17:10:04.0823420Z [command]/usr/bin/git version
2026-10-01T17:10:04.0873929Z git version 2.55.0
2026-10-01T17:10:04.0891776Z ##[endgroup]
2026-10-01T17:10:04.0904916Z Temporarily overriding HOME='/home/runner/work/_temp/8bd0c997-e966-448d-b7ed-2e8463b81848' before making global git config changes
2026-10-01T17:10:04.0907179Z Adding repository directory to the temporary git global config as a safe directory
2026-10-01T17:10:04.0909675Z [command]/usr/bin/git config --global --add safe.directory /home/runner/work/mini-drop/mini-drop
2026-10-01T17:10:04.0943030Z Deleting the contents of '/home/runner/work/mini-drop/mini-drop'
2026-10-01T17:10:04.0948167Z ##[group]Initializing the repository
2026-10-01T17:10:04.0951464Z [command]/usr/bin/git init /home/runner/work/mini-drop/mini-drop
2026-10-01T17:10:04.1033821Z hint: Using 'master' as the name for the initial branch. This default branch name
2026-10-01T17:10:04.1035997Z hint: will change to "main" in Git 3.0. To configure the initial branch name
2026-10-01T17:10:04.1037493Z hint: to use in all of your new repositories, which will suppress this warning,
2026-10-01T17:10:04.1038659Z hint: call:
2026-10-01T17:10:04.1039547Z hint:
2026-10-01T17:10:04.1040370Z hint: 	git config --global init.defaultBranch <name>
2026-10-01T17:10:04.1041341Z hint:
2026-10-01T17:10:04.1042253Z hint: Names commonly chosen instead of 'master' are 'main', 'trunk' and
2026-10-01T17:10:04.1043704Z hint: 'development'. The just-created branch can be renamed via this command:
2026-10-01T17:10:04.1045267Z hint:
2026-10-01T17:10:04.1045948Z hint: 	git branch -m <name>
2026-10-01T17:10:04.1046703Z hint:
2026-10-01T17:10:04.1047689Z hint: Disable this message with "git config set advice.defaultBranchName false"
2026-10-01T17:10:04.1053028Z Initialized empty Git repository in /home/runner/work/mini-drop/mini-drop/.git/
2026-10-01T17:10:04.1063725Z [command]/usr/bin/git remote add origin https://github.com/llongwang751-arch/mini-drop
2026-10-01T17:10:04.1099202Z ##[endgroup]
2026-10-01T17:10:04.1100509Z ##[group]Disabling automatic garbage collection
2026-10-01T17:10:04.1101976Z [command]/usr/bin/git config --local gc.auto 0
2026-10-01T17:10:04.1132039Z ##[endgroup]
2026-10-01T17:10:04.1133186Z ##[group]Setting up auth
2026-10-01T17:10:04.1138083Z [command]/usr/bin/git config --local --name-only --get-regexp core\.sshCommand
2026-10-01T17:10:04.1169494Z [command]/usr/bin/git submodule foreach --recursive sh -c "git config --local --name-only --get-regexp 'core\.sshCommand' && git config --local --unset-all 'core.sshCommand' || :"
2026-10-01T17:10:04.1702879Z [command]/usr/bin/git config --local --name-only --get-regexp http\.https\:\/\/github\.com\/\.extraheader
2026-10-01T17:10:04.1739587Z [command]/usr/bin/git submodule foreach --recursive sh -c "git config --local --name-only --get-regexp 'http\.https\:\/\/github\.com\/\.extraheader' && git config --local --unset-all 'http.https://github.com/.extraheader' || :"
2026-10-01T17:10:04.1960023Z [command]/usr/bin/git config --local --name-only --get-regexp ^includeIf\.gitdir:
2026-10-01T17:10:04.1995112Z [command]/usr/bin/git submodule foreach --recursive git config --local --show-origin --name-only --get-regexp remote.origin.url
2026-10-01T17:10:04.2215503Z [command]/usr/bin/git config --local http.https://github.com/.extraheader AUTHORIZATION: basic ***
2026-10-01T17:10:04.2255254Z ##[endgroup]
2026-10-01T17:10:04.2256443Z ##[group]Fetching the repository
2026-10-01T17:10:04.2262817Z [command]/usr/bin/git -c protocol.version=2 fetch --no-tags --prune --no-recurse-submodules --depth=1 origin +2e7db027048535fb70b4d2db7e0986b17225cb2c:refs/remotes/pull/1/merge
2026-10-01T17:11:16.8190525Z From https://github.com/llongwang751-arch/mini-drop
2026-10-01T17:11:16.8191206Z  * [new ref]         2e7db027048535fb70b4d2db7e0986b17225cb2c -> pull/1/merge
2026-10-01T17:11:16.8201662Z ##[endgroup]
2026-10-01T17:11:16.8202137Z ##[group]Determining the checkout info
2026-10-01T17:11:16.8202662Z ##[endgroup]
2026-10-01T17:11:16.8203087Z [command]/usr/bin/git sparse-checkout disable
2026-10-01T17:11:16.8243931Z [command]/usr/bin/git config --local --unset-all extensions.worktreeConfig
2026-10-01T17:11:16.8281241Z ##[group]Checking out the ref
2026-10-01T17:11:16.8284740Z [command]/usr/bin/git checkout --progress --force refs/remotes/pull/1/merge
2026-10-01T17:11:17.6473119Z Note: switching to 'refs/remotes/pull/1/merge'.
2026-10-01T17:11:17.6473500Z 
2026-10-01T17:11:17.6473776Z You are in 'detached HEAD' state. You can look around, make experimental
2026-10-01T17:11:17.6474385Z changes and commit them, and you can discard any commits you make in this
2026-10-01T17:11:17.6475128Z state without impacting any branches by switching back to a branch.
2026-10-01T17:11:17.6475482Z 
2026-10-01T17:11:17.6475753Z If you want to create a new branch to retain commits you create, you may
2026-10-01T17:11:17.6476534Z do so (now or later) by using -c with the switch command. Example:
2026-10-01T17:11:17.6476738Z 
2026-10-01T17:11:17.6476847Z   git switch -c <new-branch-name>
2026-10-01T17:11:17.6476981Z 
2026-10-01T17:11:17.6477074Z Or undo this operation with:
2026-10-01T17:11:17.6477208Z 
2026-10-01T17:11:17.6477293Z   git switch -
2026-10-01T17:11:17.6477437Z 
2026-10-01T17:11:17.6477613Z Turn off this advice by setting config variable advice.detachedHead to false
2026-10-01T17:11:17.6477860Z 
2026-10-01T17:11:17.6478127Z HEAD is now at 2e7db02 Merge b7a545abd9d5a64e8899f8508941d46ce47e4605 into 609ea8a73f845b496b59b5cae181f515c5919850
2026-10-01T17:11:17.6555533Z ##[endgroup]
2026-10-01T17:11:17.6603380Z [command]/usr/bin/git log -1 --format=%H
2026-10-01T17:11:17.6629990Z 2e7db027048535fb70b4d2db7e0986b17225cb2c
2026-10-01T17:11:17.6926692Z ##[group]Run actions/setup-python@v5
2026-10-01T17:11:17.6926927Z with:
2026-10-01T17:11:17.6927100Z   python-version: 3.11
2026-10-01T17:11:17.6927284Z   check-latest: false
2026-10-01T17:11:17.6929312Z   token: ***
2026-10-01T17:11:17.6929490Z   update-environment: true
2026-10-01T17:11:17.6929691Z   allow-prereleases: false
2026-10-01T17:11:17.6929902Z   freethreaded: false
2026-10-01T17:11:17.6930072Z ##[endgroup]
2026-10-01T17:11:17.8034458Z ##[group]Installed versions
2026-10-01T17:11:17.8120577Z (node:1851) [DEP0040] DeprecationWarning: The `punycode` module is deprecated. Please use a userland alternative instead.
2026-10-01T17:11:17.8121139Z (Use `node --trace-deprecation ...` to show where the warning was created)
2026-10-01T17:11:17.8121854Z Successfully set up CPython (3.11.16)
2026-10-01T17:11:17.8122419Z ##[endgroup]
2026-10-01T17:11:17.8298901Z ##[group]Run docker build -t mini-drop-python-hotspot:ci demo/python-hotspot
2026-10-01T17:11:17.8299667Z [36;1mdocker build -t mini-drop-python-hotspot:ci demo/python-hotspot[0m
2026-10-01T17:11:17.8300361Z [36;1mdocker build -t mini-drop-java-hotspot:ci -f demo/java-hotspot/Dockerfile .[0m
2026-10-01T17:11:17.8301040Z [36;1mdocker build -t mini-drop-cpp-hotspot:ci demo/cpp-hotspot[0m
2026-10-01T17:11:17.8761478Z shell: /usr/bin/bash -e {0}
2026-10-01T17:11:17.8761763Z env:
2026-10-01T17:11:17.8762004Z   pythonLocation: /opt/hostedtoolcache/Python/3.11.16/x64
2026-10-01T17:11:17.8762380Z   PKG_CONFIG_PATH: /opt/hostedtoolcache/Python/3.11.16/x64/lib/pkgconfig
2026-10-01T17:11:17.8762738Z   Python_ROOT_DIR: /opt/hostedtoolcache/Python/3.11.16/x64
2026-10-01T17:11:17.8763041Z   Python2_ROOT_DIR: /opt/hostedtoolcache/Python/3.11.16/x64
2026-10-01T17:11:17.8763347Z   Python3_ROOT_DIR: /opt/hostedtoolcache/Python/3.11.16/x64
2026-10-01T17:11:17.8763709Z   LD_LIBRARY_PATH: /opt/hostedtoolcache/Python/3.11.16/x64/lib
2026-10-01T17:11:17.8763975Z ##[endgroup]
2026-10-01T17:11:18.9656757Z #0 building with "default" instance using docker driver
2026-10-01T17:11:18.9657042Z 
2026-10-01T17:11:18.9657166Z #1 [internal] load build definition from Dockerfile
2026-10-01T17:11:18.9787057Z #1 transferring dockerfile:
2026-10-01T17:11:19.1854644Z #1 transferring dockerfile: 140B done
2026-10-01T17:11:19.1855016Z #1 DONE 0.2s
2026-10-01T17:11:19.1855121Z 
2026-10-01T17:11:19.1855267Z #2 [auth] library/python:pull token for registry-1.docker.io
2026-10-01T17:11:19.1855538Z #2 DONE 0.0s
2026-10-01T17:11:19.1855632Z 
2026-10-01T17:11:19.1855774Z #3 [internal] load metadata for docker.io/library/python:3.12-slim
2026-10-01T17:11:19.3886724Z #3 DONE 0.4s
2026-10-01T17:11:19.5330294Z 
2026-10-01T17:11:19.5330931Z #4 [internal] load .dockerignore
2026-10-01T17:11:19.5331330Z #4 transferring context: 2B done
2026-10-01T17:11:19.5331662Z #4 DONE 0.0s
2026-10-01T17:11:19.5331804Z 
2026-10-01T17:11:19.5331936Z #5 [internal] load build context
2026-10-01T17:11:19.5332160Z #5 transferring context: 33.94kB done
2026-10-01T17:11:19.5332369Z #5 DONE 0.0s
2026-10-01T17:11:19.5332461Z 
2026-10-01T17:11:19.5332763Z #6 [1/3] FROM docker.io/library/python:3.12-slim@sha256:f77ac9e44ae96ef2c90b8053ea08c31f8be030f824196b0ae4db6d462c84e51f
2026-10-01T17:11:19.5333642Z #6 resolve docker.io/library/python:3.12-slim@sha256:f77ac9e44ae96ef2c90b8053ea08c31f8be030f824196b0ae4db6d462c84e51f done
2026-10-01T17:11:19.5334225Z #6 sha256:3764a9a7d1e8a98213ab2201a41dbf3da9c60240ea35a5ea96ab994555070a70 1.29MB / 1.29MB 0.0s done
2026-10-01T17:11:19.5334909Z #6 sha256:b0dc7f87bef15c2536cb182d6c48b52f90a0522884ec9eb222f833fa97ffebf0 12.12MB / 12.12MB 0.1s
2026-10-01T17:11:19.5335418Z #6 sha256:06ad939ed42b51caafb25b14810875d14e0ee0c441d3e2e5e46475fb8c150bca 249B / 249B 0.1s done
2026-10-01T17:11:19.5335910Z #6 sha256:f77ac9e44ae96ef2c90b8053ea08c31f8be030f824196b0ae4db6d462c84e51f 10.37kB / 10.37kB done
2026-10-01T17:11:19.5336407Z #6 sha256:44ff437bba879d4941b710a369a8f19266aea34b29002807f0c487fabc9eec9b 1.75kB / 1.75kB done
2026-10-01T17:11:19.5336970Z #6 sha256:9e87977b867847e186d066f531ef783b006d582a985c341c269446088d90f2c4 5.65kB / 5.65kB done
2026-10-01T17:11:19.5337495Z #6 sha256:6b37362b3da78869050b894b799ad4df04f1f3b52774087db0d81151570244c8 29.83MB / 29.83MB 0.1s
2026-10-01T17:11:19.8620321Z #6 sha256:b0dc7f87bef15c2536cb182d6c48b52f90a0522884ec9eb222f833fa97ffebf0 12.12MB / 12.12MB 0.3s done
2026-10-01T17:11:19.8621275Z #6 sha256:6b37362b3da78869050b894b799ad4df04f1f3b52774087db0d81151570244c8 29.83MB / 29.83MB 0.3s done
2026-10-01T17:11:19.8622187Z #6 extracting sha256:6b37362b3da78869050b894b799ad4df04f1f3b52774087db0d81151570244c8 0.1s
2026-10-01T17:11:20.5046067Z #6 extracting sha256:6b37362b3da78869050b894b799ad4df04f1f3b52774087db0d81151570244c8 0.7s done
2026-10-01T17:11:20.5046884Z #6 extracting sha256:3764a9a7d1e8a98213ab2201a41dbf3da9c60240ea35a5ea96ab994555070a70
2026-10-01T17:11:20.7327713Z #6 extracting sha256:3764a9a7d1e8a98213ab2201a41dbf3da9c60240ea35a5ea96ab994555070a70 0.1s done
2026-10-01T17:11:23.2872446Z #6 extracting sha256:b0dc7f87bef15c2536cb182d6c48b52f90a0522884ec9eb222f833fa97ffebf0
2026-10-01T17:11:23.8561268Z #6 extracting sha256:b0dc7f87bef15c2536cb182d6c48b52f90a0522884ec9eb222f833fa97ffebf0 0.4s done
2026-10-01T17:11:24.1825284Z #6 extracting sha256:06ad939ed42b51caafb25b14810875d14e0ee0c441d3e2e5e46475fb8c150bca
2026-10-01T17:11:24.2839023Z #6 extracting sha256:06ad939ed42b51caafb25b14810875d14e0ee0c441d3e2e5e46475fb8c150bca done
2026-10-01T17:11:24.2839782Z #6 DONE 4.8s
2026-10-01T17:11:24.2839924Z 
2026-10-01T17:11:24.2840019Z #7 [2/3] WORKDIR /app
2026-10-01T17:11:24.2840242Z #7 DONE 0.0s
2026-10-01T17:11:24.4026864Z 
2026-10-01T17:11:24.4027578Z #8 [3/3] COPY app.py /app/app.py
2026-10-01T17:11:24.4027974Z #8 DONE 0.1s
2026-10-01T17:11:24.5535115Z 
2026-10-01T17:11:24.5535769Z #9 exporting to image
2026-10-01T17:11:24.5536120Z #9 exporting layers
2026-10-01T17:11:25.2066282Z #9 exporting layers 0.8s done
2026-10-01T17:11:25.2211018Z #9 writing image sha256:0708619aba4147cb16acc19785f9ba112b0fcdfd10898833d9d36b0db0c22953 done
2026-10-01T17:11:25.2211708Z #9 naming to docker.io/library/mini-drop-python-hotspot:ci done
2026-10-01T17:11:25.2212171Z #9 DONE 0.8s
2026-10-01T17:11:25.3162100Z #0 building with "default" instance using docker driver
2026-10-01T17:11:25.3162522Z 
2026-10-01T17:11:25.3162708Z #1 [internal] load build definition from Dockerfile
2026-10-01T17:11:25.4886609Z #1 transferring dockerfile: 900B done
2026-10-01T17:11:25.4886971Z #1 DONE 0.0s
2026-10-01T17:11:25.4887102Z 
2026-10-01T17:11:25.4887327Z #2 [auth] library/eclipse-temurin:pull token for registry-1.docker.io
2026-10-01T17:11:25.4887710Z #2 DONE 0.0s
2026-10-01T17:11:25.4887835Z 
2026-10-01T17:11:25.4888075Z #3 [internal] load metadata for docker.io/library/eclipse-temurin:24.0.2_12-jdk-noble
2026-10-01T17:11:25.7617402Z #3 DONE 0.4s
2026-10-01T17:11:25.8738058Z 
2026-10-01T17:11:25.8738567Z #4 [internal] load .dockerignore
2026-10-01T17:11:25.8739032Z #4 transferring context: 653B done
2026-10-01T17:11:25.8739528Z #4 DONE 0.0s
2026-10-01T17:11:25.8740056Z 
2026-10-01T17:11:25.8740402Z #5 [internal] load build context
2026-10-01T17:11:25.8740889Z #5 transferring context: 466.39kB done
2026-10-01T17:11:25.8741495Z #5 DONE 0.0s
2026-10-01T17:11:25.8741763Z 
2026-10-01T17:11:25.8742795Z #6 [build 1/6] FROM docker.io/library/eclipse-temurin:24.0.2_12-jdk-noble@sha256:dacac8e9a0df0d2bd24e702b4431132875c249930b70555ebd7ca285b5bee684
2026-10-01T17:11:25.8744223Z #6 resolve docker.io/library/eclipse-temurin:24.0.2_12-jdk-noble@sha256:dacac8e9a0df0d2bd24e702b4431132875c249930b70555ebd7ca285b5bee684 done
2026-10-01T17:11:25.8745581Z #6 sha256:4000407e97061a43c910eb593eb01a2814f47650259377239537c9ab38a9fcca 19.77MB / 21.33MB 0.1s
2026-10-01T17:11:25.8746594Z #6 sha256:b84e544576dd7113db8846bdf787740de90cf5a07f5602eaef536f03aa0051b7 11.53MB / 89.97MB 0.1s
2026-10-01T17:11:25.8747618Z #6 sha256:dacac8e9a0df0d2bd24e702b4431132875c249930b70555ebd7ca285b5bee684 6.54kB / 6.54kB done
2026-10-01T17:11:25.8748621Z #6 sha256:14d6dcce8dfa01af324da353c44971570400490da416fb6b121a16fdf0178124 1.94kB / 1.94kB done
2026-10-01T17:11:25.8749636Z #6 sha256:19785d8f66fe4a41156f82a889524a8b03adeb6de31b6a9087a892e1c294b7d3 6.02kB / 6.02kB done
2026-10-01T17:11:25.8750625Z #6 sha256:953cdd4133718b72c5d0a78e754c1405c02510fdb5237265f7955863f1757f83 19.94MB / 29.72MB 0.1s
2026-10-01T17:11:26.0742711Z #6 sha256:4000407e97061a43c910eb593eb01a2814f47650259377239537c9ab38a9fcca 21.33MB / 21.33MB 0.3s
2026-10-01T17:11:26.0743295Z #6 sha256:b84e544576dd7113db8846bdf787740de90cf5a07f5602eaef536f03aa0051b7 89.97MB / 89.97MB 0.3s
2026-10-01T17:11:26.0743788Z #6 sha256:953cdd4133718b72c5d0a78e754c1405c02510fdb5237265f7955863f1757f83 29.72MB / 29.72MB 0.3s
2026-10-01T17:11:26.4745960Z #6 sha256:4000407e97061a43c910eb593eb01a2814f47650259377239537c9ab38a9fcca 21.33MB / 21.33MB 0.4s done
2026-10-01T17:11:26.6358967Z #6 extracting sha256:953cdd4133718b72c5d0a78e754c1405c02510fdb5237265f7955863f1757f83
2026-10-01T17:11:26.7394419Z #6 sha256:b84e544576dd7113db8846bdf787740de90cf5a07f5602eaef536f03aa0051b7 89.97MB / 89.97MB 0.8s done
2026-10-01T17:11:26.7395506Z #6 sha256:953cdd4133718b72c5d0a78e754c1405c02510fdb5237265f7955863f1757f83 29.72MB / 29.72MB 0.8s done
2026-10-01T17:11:26.7396170Z #6 sha256:e376267f7e6de41d3cd65d1f2f873ec0e882212dc2a38f2d750bbc87cd1c3693 2.28kB / 2.28kB 0.9s
2026-10-01T17:11:26.8428848Z #6 sha256:e376267f7e6de41d3cd65d1f2f873ec0e882212dc2a38f2d750bbc87cd1c3693 2.28kB / 2.28kB 0.9s done
2026-10-01T17:11:26.8432646Z #6 sha256:4f4fb700ef54461cfa02571ae0db9a0dc1e0cdb5577484a6d75e68dc38e8acc1 32B / 32B 0.8s done
2026-10-01T17:11:27.3388134Z #6 extracting sha256:953cdd4133718b72c5d0a78e754c1405c02510fdb5237265f7955863f1757f83 0.7s done
2026-10-01T17:11:27.5099402Z #6 extracting sha256:4000407e97061a43c910eb593eb01a2814f47650259377239537c9ab38a9fcca 0.1s
2026-10-01T17:11:28.1101984Z #6 extracting sha256:4000407e97061a43c910eb593eb01a2814f47650259377239537c9ab38a9fcca 0.6s done
2026-10-01T17:11:28.9632587Z #6 extracting sha256:b84e544576dd7113db8846bdf787740de90cf5a07f5602eaef536f03aa0051b7
2026-10-01T17:11:29.9793751Z #6 extracting sha256:b84e544576dd7113db8846bdf787740de90cf5a07f5602eaef536f03aa0051b7 0.9s done
2026-10-01T17:11:31.1382372Z #6 extracting sha256:4f4fb700ef54461cfa02571ae0db9a0dc1e0cdb5577484a6d75e68dc38e8acc1
2026-10-01T17:11:31.3298584Z #6 extracting sha256:4f4fb700ef54461cfa02571ae0db9a0dc1e0cdb5577484a6d75e68dc38e8acc1 done
2026-10-01T17:11:31.3299146Z #6 extracting sha256:e376267f7e6de41d3cd65d1f2f873ec0e882212dc2a38f2d750bbc87cd1c3693 done
2026-10-01T17:11:31.3299508Z #6 DONE 5.4s
2026-10-01T17:11:31.3299616Z 
2026-10-01T17:11:31.3299710Z #7 [stage-1 2/4] WORKDIR /app
2026-10-01T17:11:31.3299904Z #7 DONE 0.0s
2026-10-01T17:11:31.3299997Z 
2026-10-01T17:11:31.3300082Z #8 [build 2/6] WORKDIR /src
2026-10-01T17:11:31.3300271Z #8 DONE 0.0s
2026-10-01T17:11:31.3300367Z 
2026-10-01T17:11:31.3300481Z #9 [build 3/6] COPY demo/java-hotspot/Hotspot.java ./
2026-10-01T17:11:31.3300750Z #9 DONE 0.0s
2026-10-01T17:11:31.3300850Z 
2026-10-01T17:11:31.3300932Z #10 [build 4/6] RUN javac Hotspot.java
2026-10-01T17:11:32.0139809Z #10 DONE 0.8s
2026-10-01T17:11:32.1140460Z 
2026-10-01T17:11:32.1141732Z #11 [build 5/6] COPY deploy/vendor/async-profiler-4.4-linux-x64.tar.gz /tmp/async-profiler.tar.gz
2026-10-01T17:11:32.1142681Z #11 DONE 0.1s
2026-10-01T17:11:32.1142818Z 
2026-10-01T17:11:32.1145347Z #12 [build 6/6] RUN echo "1233f26fc95753e75ce32733bbcaf8f0bedc2c098b0e798af87935b08a63b24e  /tmp/async-profiler.tar.gz" | sha256sum -c -     && mkdir -p /opt/async-profiler     && tar -xzf /tmp/async-profiler.tar.gz -C /opt/async-profiler --strip-components=1     && test -f /opt/async-profiler/lib/libasyncProfiler.so     && rm -f /tmp/async-profiler.tar.gz
2026-10-01T17:11:32.2543088Z #12 0.140 /tmp/async-profiler.tar.gz: OK
2026-10-01T17:11:32.4290344Z #12 DONE 0.2s
2026-10-01T17:11:32.5127820Z 
2026-10-01T17:11:32.5128369Z #13 [stage-1 3/4] COPY --from=build /src/Hotspot*.class ./
2026-10-01T17:11:32.6306023Z #13 DONE 0.0s
2026-10-01T17:11:32.6306222Z 
2026-10-01T17:11:32.6306511Z #14 [stage-1 4/4] COPY --from=build /opt/async-profiler /opt/async-profiler
2026-10-01T17:11:32.6306978Z #14 DONE 0.1s
2026-10-01T17:11:32.7819339Z 
2026-10-01T17:11:32.7819836Z #15 exporting to image
2026-10-01T17:11:32.7820193Z #15 exporting layers
2026-10-01T17:11:33.0430056Z #15 exporting layers 0.4s done
2026-10-01T17:11:33.1980760Z #15 writing image sha256:15e8239fce8bb37f23f5024359993a4b8fb20a0af9eda9e807d3b0c729eef0a7 done
2026-10-01T17:11:33.1981249Z #15 naming to docker.io/library/mini-drop-java-hotspot:ci done
2026-10-01T17:11:33.1981525Z #15 DONE 0.4s
2026-10-01T17:11:33.5112538Z #0 building with "default" instance using docker driver
2026-10-01T17:11:33.5112792Z 
2026-10-01T17:11:33.5112910Z #1 [internal] load build definition from Dockerfile
2026-10-01T17:11:33.5113178Z #1 transferring dockerfile: 475B done
2026-10-01T17:11:33.5113401Z #1 DONE 0.0s
2026-10-01T17:11:33.5113496Z 
2026-10-01T17:11:33.5113932Z #2 [auth] library/alpine:pull token for registry-1.docker.io
2026-10-01T17:11:33.5114198Z #2 DONE 0.0s
2026-10-01T17:11:33.5114460Z 
2026-10-01T17:11:33.5114937Z #3 [internal] load metadata for docker.io/library/alpine:3.24.1
2026-10-01T17:11:33.8226105Z #3 DONE 0.5s
2026-10-01T17:11:33.9485503Z 
2026-10-01T17:11:33.9485899Z #4 [internal] load .dockerignore
2026-10-01T17:11:33.9486334Z #4 transferring context: 2B done
2026-10-01T17:11:33.9487304Z #4 DONE 0.0s
2026-10-01T17:11:33.9487497Z 
2026-10-01T17:11:33.9487617Z #5 [internal] load build context
2026-10-01T17:11:33.9487992Z #5 transferring context: 24.05kB done
2026-10-01T17:11:33.9488252Z #5 DONE 0.0s
2026-10-01T17:11:33.9488343Z 
2026-10-01T17:11:33.9488869Z #6 [build 1/5] FROM docker.io/library/alpine:3.24.1@sha256:28bd5fe8b56d1bd048e5babf5b10710ebe0bae67db86916198a6eec434943f8b
2026-10-01T17:11:33.9489969Z #6 resolve docker.io/library/alpine:3.24.1@sha256:28bd5fe8b56d1bd048e5babf5b10710ebe0bae67db86916198a6eec434943f8b 0.0s done
2026-10-01T17:11:33.9490634Z #6 extracting sha256:55afa1ecc21d2bb5e5045f32dafee56272ffd89860bac26f6c32123439af26a4
2026-10-01T17:11:33.9491213Z #6 sha256:79ff19e9084a00eece421b2523fb93e22d730e2c0e525905de047e848e56d95f 1.02kB / 1.02kB done
2026-10-01T17:11:33.9491887Z #6 sha256:d529dd0c6e5597ac7e4a3e2dea65c3fcc6173f4cae713c409265c1dd9914a11b 611B / 611B done
2026-10-01T17:11:33.9492488Z #6 sha256:55afa1ecc21d2bb5e5045f32dafee56272ffd89860bac26f6c32123439af26a4 3.85MB / 3.85MB 0.0s done
2026-10-01T17:11:33.9492999Z #6 sha256:28bd5fe8b56d1bd048e5babf5b10710ebe0bae67db86916198a6eec434943f8b 9.22kB / 9.22kB done
2026-10-01T17:11:34.1397990Z #6 extracting sha256:55afa1ecc21d2bb5e5045f32dafee56272ffd89860bac26f6c32123439af26a4 0.1s done
2026-10-01T17:11:34.1398413Z #6 DONE 0.2s
2026-10-01T17:11:34.1398515Z 
2026-10-01T17:11:34.1399179Z #7 [build 2/5] RUN sed -i "s|https://dl-cdn.alpinelinux.org/alpine|https://mirrors.aliyun.com/alpine|g" /etc/apk/repositories     && apk add --no-cache g++
2026-10-01T17:11:50.5282333Z #7 16.54 ( 1/16) Installing libgcc (15.2.0-r5)
2026-10-01T17:11:50.7507053Z #7 16.76 ( 2/16) Installing libstdc++ (15.2.0-r5)
2026-10-01T17:11:55.7981089Z #7 21.81 ( 3/16) Installing libstdc++-dev (15.2.0-r5)
2026-10-01T17:12:21.5778084Z #7 47.59 ( 4/16) Installing jansson (2.15.0-r0)
2026-10-01T17:12:21.7988314Z #7 47.81 ( 5/16) Installing zstd-libs (1.5.7-r2)
2026-10-01T17:12:24.0319787Z #7 50.04 ( 6/16) Installing binutils (2.45.1-r1)
2026-10-01T17:12:45.5809713Z #7 71.59 ( 7/16) Installing libgcc-static (15.2.0-r5)
2026-10-01T17:12:59.3068597Z #7 85.32 ( 8/16) Installing libgomp (15.2.0-r5)
2026-10-01T17:13:00.1325635Z #7 86.14 ( 9/16) Installing libatomic (15.2.0-r5)
2026-10-01T17:13:00.3544970Z #7 86.36 (10/16) Installing gmp (6.3.0-r4)
2026-10-01T17:13:01.3803737Z #7 87.39 (11/16) Installing isl26 (0.26-r2)
2026-10-01T17:13:06.8232080Z #7 92.83 (12/16) Installing mpfr4 (4.2.2-r0)
2026-10-01T17:13:08.4545856Z #7 94.47 (13/16) Installing mpc1 (1.3.1-r1)
2026-10-01T17:13:08.6293257Z #7 94.49 (14/16) Installing gcc (15.2.0-r5)
2026-10-01T17:18:34.3530016Z #7 420.4 (15/16) Installing musl-dev (1.2.6-r2)
2026-10-01T17:18:52.6934899Z #7 438.7 (16/16) Installing g++ (15.2.0-r5)
2026-10-01T17:20:27.4361408Z #7 533.4 Executing busybox-1.37.0-r31.trigger
2026-10-01T17:20:27.6734436Z #7 533.5 OK: 264.8 MiB in 32 packages
2026-10-01T17:20:27.6734992Z #7 DONE 533.5s
2026-10-01T17:20:27.6735181Z 
2026-10-01T17:20:27.6735273Z #8 [build 3/5] WORKDIR /src
2026-10-01T17:20:27.6735470Z #8 DONE 0.0s
2026-10-01T17:20:27.6735566Z 
2026-10-01T17:20:27.6735672Z #9 [build 4/5] COPY main.cpp build.sh ./
2026-10-01T17:20:27.6735893Z #9 DONE 0.0s
2026-10-01T17:20:27.6735985Z 
2026-10-01T17:20:27.6736121Z #10 [build 5/5] RUN chmod 0755 build.sh && ./build.sh /out/cpp-hotspot
2026-10-01T17:20:29.4657347Z #10 DONE 1.9s
2026-10-01T17:20:29.6511879Z 
2026-10-01T17:20:29.6512531Z #11 [stage-1 2/2] COPY --from=build /out/cpp-hotspot /usr/local/bin/cpp-hotspot
2026-10-01T17:20:29.6512897Z #11 DONE 0.0s
2026-10-01T17:20:29.6512993Z 
2026-10-01T17:20:29.6513547Z #12 exporting to image
2026-10-01T17:20:29.6513741Z #12 exporting layers
2026-10-01T17:20:30.0098629Z #12 exporting layers 0.5s done
2026-10-01T17:20:30.0220781Z #12 writing image sha256:cbff0f7d7ce47c6e653c9328364acc297ec8b774294db17d90e89fa5aa34d264 done
2026-10-01T17:20:30.0221552Z #12 naming to docker.io/library/mini-drop-cpp-hotspot:ci done
2026-10-01T17:20:30.0221970Z #12 DONE 0.5s
2026-10-01T17:20:30.0312108Z ##[group]Run python scripts/verify_runtime_observation_controls.py --runtime python --image mini-drop-python-hotspot:ci --output output/quality-observation-controls/python
2026-10-01T17:20:30.0314006Z [36;1mpython scripts/verify_runtime_observation_controls.py --runtime python --image mini-drop-python-hotspot:ci --output output/quality-observation-controls/python[0m
2026-10-01T17:20:30.0316945Z [36;1mpython scripts/verify_runtime_observation_controls.py --runtime java --image mini-drop-java-hotspot:ci --output output/quality-observation-controls/java[0m
2026-10-01T17:20:30.0318913Z [36;1mpython scripts/verify_runtime_observation_controls.py --runtime cpp --image mini-drop-cpp-hotspot:ci --output output/quality-observation-controls/cpp[0m
2026-10-01T17:20:30.0421360Z shell: /usr/bin/bash -e {0}
2026-10-01T17:20:30.0421577Z env:
2026-10-01T17:20:30.0421797Z   pythonLocation: /opt/hostedtoolcache/Python/3.11.16/x64
2026-10-01T17:20:30.0422226Z   PKG_CONFIG_PATH: /opt/hostedtoolcache/Python/3.11.16/x64/lib/pkgconfig
2026-10-01T17:20:30.0422561Z   Python_ROOT_DIR: /opt/hostedtoolcache/Python/3.11.16/x64
2026-10-01T17:20:30.0422859Z   Python2_ROOT_DIR: /opt/hostedtoolcache/Python/3.11.16/x64
2026-10-01T17:20:30.0423458Z   Python3_ROOT_DIR: /opt/hostedtoolcache/Python/3.11.16/x64
2026-10-01T17:20:30.0423958Z   LD_LIBRARY_PATH: /opt/hostedtoolcache/Python/3.11.16/x64/lib
2026-10-01T17:20:30.0424217Z ##[endgroup]
2026-10-01T17:20:54.6846436Z {"runtime": "python", "passed": true, "cleanup": true}
2026-10-01T17:21:10.3608695Z {"runtime": "java", "passed": true, "cleanup": true}
2026-10-01T17:21:25.2584113Z {"runtime": "cpp", "passed": true, "cleanup": true}
2026-10-01T17:21:25.2740920Z ##[group]Run actions/upload-artifact@v4
2026-10-01T17:21:25.2741161Z with:
2026-10-01T17:21:25.2741412Z   name: observation-controls-2e7db027048535fb70b4d2db7e0986b17225cb2c-1
2026-10-01T17:21:25.2741738Z   path: output/quality-observation-controls/
2026-10-01T17:21:25.2742166Z   if-no-files-found: error
2026-10-01T17:21:25.2742350Z   retention-days: 14
2026-10-01T17:21:25.2742522Z   compression-level: 6
2026-10-01T17:21:25.2742694Z   overwrite: false
2026-10-01T17:21:25.2742861Z   include-hidden-files: false
2026-10-01T17:21:25.2743051Z env:
2026-10-01T17:21:25.2743248Z   pythonLocation: /opt/hostedtoolcache/Python/3.11.16/x64
2026-10-01T17:21:25.2743575Z   PKG_CONFIG_PATH: /opt/hostedtoolcache/Python/3.11.16/x64/lib/pkgconfig
2026-10-01T17:21:25.2743892Z   Python_ROOT_DIR: /opt/hostedtoolcache/Python/3.11.16/x64
2026-10-01T17:21:25.2744179Z   Python2_ROOT_DIR: /opt/hostedtoolcache/Python/3.11.16/x64
2026-10-01T17:21:25.2744637Z   Python3_ROOT_DIR: /opt/hostedtoolcache/Python/3.11.16/x64
2026-10-01T17:21:25.2744946Z   LD_LIBRARY_PATH: /opt/hostedtoolcache/Python/3.11.16/x64/lib
2026-10-01T17:21:25.2745202Z ##[endgroup]
2026-10-01T17:21:25.4210605Z (node:3226) [DEP0040] DeprecationWarning: The `punycode` module is deprecated. Please use a userland alternative instead.
2026-10-01T17:21:25.4211523Z (Use `node --trace-deprecation ...` to show where the warning was created)
2026-10-01T17:21:25.4280451Z With the provided path, there will be 3 files uploaded
2026-10-01T17:21:25.4285416Z Artifact name is valid!
2026-10-01T17:21:25.4285926Z Root directory input is valid!
2026-10-01T17:21:25.6620329Z Beginning upload of artifact content to blob storage
2026-10-01T17:21:25.6815087Z (node:3226) [DEP0169] DeprecationWarning: `url.parse()` behavior is not standardized and prone to errors that have security implications. Use the WHATWG URL API instead. CVEs are not issued for `url.parse()` vulnerabilities.
2026-10-01T17:21:25.7237240Z Uploaded bytes 5995
2026-10-01T17:21:25.7407079Z Finished uploading artifact content to blob storage!
2026-10-01T17:21:25.7407876Z SHA256 digest of uploaded artifact zip is 642447525f052772b3cbe19d9af780f5cadc9be48a316688372ea3010a74080f
2026-10-01T17:21:25.7408523Z Finalizing artifact upload
2026-10-01T17:21:25.9621048Z Artifact observation-controls-2e7db027048535fb70b4d2db7e0986b17225cb2c-1.zip successfully finalized. Artifact ID 11180497153
2026-10-01T17:21:25.9622394Z Artifact observation-controls-2e7db027048535fb70b4d2db7e0986b17225cb2c-1 has been successfully uploaded! Final size is 5995 bytes. Artifact ID is 11180497153
2026-10-01T17:21:25.9635631Z Artifact download URL: https://github.com/llongwang751-arch/mini-drop/actions/runs/36897365758/artifacts/11180497153
2026-10-01T17:21:25.9787294Z Post job cleanup.
2026-10-01T17:21:26.0866517Z (node:3239) [DEP0040] DeprecationWarning: The `punycode` module is deprecated. Please use a userland alternative instead.
2026-10-01T17:21:26.0867148Z (Use `node --trace-deprecation ...` to show where the warning was created)
2026-10-01T17:21:26.0987311Z Post job cleanup.
2026-10-01T17:21:26.1754943Z [command]/usr/bin/git version
2026-10-01T17:21:26.1800286Z git version 2.55.0
2026-10-01T17:21:26.1839151Z Temporarily overriding HOME='/home/runner/work/_temp/d5b7c248-f634-41c8-be97-bc6e2a42a1d6' before making global git config changes
2026-10-01T17:21:26.1840403Z Adding repository directory to the temporary git global config as a safe directory
2026-10-01T17:21:26.1842518Z [command]/usr/bin/git config --global --add safe.directory /home/runner/work/mini-drop/mini-drop
2026-10-01T17:21:26.1892408Z [command]/usr/bin/git config --local --name-only --get-regexp core\.sshCommand
2026-10-01T17:21:26.1956081Z [command]/usr/bin/git submodule foreach --recursive sh -c "git config --local --name-only --get-regexp 'core\.sshCommand' && git config --local --unset-all 'core.sshCommand' || :"
2026-10-01T17:21:26.2252053Z [command]/usr/bin/git config --local --name-only --get-regexp http\.https\:\/\/github\.com\/\.extraheader
2026-10-01T17:21:26.2281200Z http.https://github.com/.extraheader
2026-10-01T17:21:26.2291489Z [command]/usr/bin/git config --local --unset-all http.https://github.com/.extraheader
2026-10-01T17:21:26.2332556Z [command]/usr/bin/git submodule foreach --recursive sh -c "git config --local --name-only --get-regexp 'http\.https\:\/\/github\.com\/\.extraheader' && git config --local --unset-all 'http.https://github.com/.extraheader' || :"
2026-10-01T17:21:26.2595796Z [command]/usr/bin/git config --local --name-only --get-regexp ^includeIf\.gitdir:
2026-10-01T17:21:26.2645921Z [command]/usr/bin/git submodule foreach --recursive git config --local --show-origin --name-only --get-regexp remote.origin.url
2026-10-01T17:21:26.3030384Z Cleaning up orphan processes
2026-10-01T17:21:26.3400934Z ##[warning]Node.js 20 is deprecated. The following actions target Node.js 20 but are being forced to run on Node.js 24: actions/checkout@v4, actions/setup-python@v5, actions/upload-artifact@v4. For more information see: https://github.blog/changelog/2025-09-19-deprecation-of-node-20-on-github-actions-runners/
