2026-10-02T09:44:27.8397995Z Current runner version: '2.337.0'
2026-10-02T09:44:27.8417743Z ##[group]Runner Image Provisioner
2026-10-02T09:44:27.8418467Z Hosted Compute Agent
2026-10-02T09:44:27.8418948Z Version: 20260901.588
2026-10-02T09:44:27.8419575Z Commit: f88ec8081b781fac6c440065ac7ff9e710ce3d0b
2026-10-02T09:44:27.8420179Z Build Date: 2026-09-01T19:56:44Z
2026-10-02T09:44:27.8420778Z Worker ID: {a324966a-b762-4754-91e7-19e27b67f69b}
2026-10-02T09:44:27.8421620Z Azure Region: westus3
2026-10-02T09:44:27.8422140Z ##[endgroup]
2026-10-02T09:44:27.8423324Z ##[group]Operating System
2026-10-02T09:44:27.8423856Z Ubuntu
2026-10-02T09:44:27.8424396Z 22.04.5
2026-10-02T09:44:27.8424873Z LTS
2026-10-02T09:44:27.8425320Z ##[endgroup]
2026-10-02T09:44:27.8425862Z ##[group]Runner Image
2026-10-02T09:44:27.8426361Z Image: ubuntu-22.04
2026-10-02T09:44:27.8426840Z Version: 20260927.309.1
2026-10-02T09:44:27.8427948Z Included Software: https://github.com/actions/runner-images/blob/ubuntu22/20260927.309/images/ubuntu/Ubuntu2204-Readme.md
2026-10-02T09:44:27.8429271Z Image Release: https://github.com/actions/runner-images/releases/tag/ubuntu22%2F20260927.309
2026-10-02T09:44:27.8430069Z ##[endgroup]
2026-10-02T09:44:27.8431384Z ##[group]GITHUB_TOKEN Permissions
2026-10-02T09:44:27.8432929Z Contents: read
2026-10-02T09:44:27.8433577Z Metadata: read
2026-10-02T09:44:27.8434075Z Packages: read
2026-10-02T09:44:27.8434559Z ##[endgroup]
2026-10-02T09:44:27.8436290Z Secret source: Actions
2026-10-02T09:44:27.8437071Z Cache mode: write
2026-10-02T09:44:27.8437732Z Prepare workflow directory
2026-10-02T09:44:27.8763735Z Prepare all required actions
2026-10-02T09:44:27.8801947Z Getting action download info
2026-10-02T09:44:28.1609396Z Download action repository 'actions/checkout@v4' (SHA:11d5960a326750d5838078e36cf38b85af677262)
2026-10-02T09:44:28.2773011Z Download action repository 'actions/setup-node@v4' (SHA:49933ea5288caeca8642d1e84afbd3f7d6820020)
2026-10-02T09:44:28.5887394Z Complete job name: Web (React)
2026-10-02T09:44:28.6489519Z ##[group]Run actions/checkout@v4
2026-10-02T09:44:28.6490165Z with:
2026-10-02T09:44:28.6490525Z   repository: llongwang751-arch/mini-drop
2026-10-02T09:44:28.6493991Z   token: ***
2026-10-02T09:44:28.6494339Z   ssh-strict: true
2026-10-02T09:44:28.6494678Z   ssh-user: git
2026-10-02T09:44:28.6495018Z   persist-credentials: true
2026-10-02T09:44:28.6495394Z   clean: true
2026-10-02T09:44:28.6495740Z   sparse-checkout-cone-mode: true
2026-10-02T09:44:28.6496138Z   fetch-depth: 1
2026-10-02T09:44:28.6496470Z   fetch-tags: false
2026-10-02T09:44:28.6496809Z   show-progress: true
2026-10-02T09:44:28.6497149Z   lfs: false
2026-10-02T09:44:28.6497469Z   submodules: false
2026-10-02T09:44:28.6497821Z   set-safe-directory: true
2026-10-02T09:44:28.6498211Z   allow-unsafe-pr-checkout: false
2026-10-02T09:44:28.6498795Z ##[endgroup]
2026-10-02T09:44:28.7365903Z Syncing repository: llongwang751-arch/mini-drop
2026-10-02T09:44:28.7367927Z ##[group]Getting Git version info
2026-10-02T09:44:28.7368864Z Working directory is '/home/runner/work/mini-drop/mini-drop'
2026-10-02T09:44:28.7370093Z [command]/usr/bin/git version
2026-10-02T09:44:28.7393907Z git version 2.55.0
2026-10-02T09:44:28.7411516Z ##[endgroup]
2026-10-02T09:44:28.7423366Z Temporarily overriding HOME='/home/runner/work/_temp/557a98f3-6895-4fc7-871d-dbde340b9246' before making global git config changes
2026-10-02T09:44:28.7428401Z Adding repository directory to the temporary git global config as a safe directory
2026-10-02T09:44:28.7429515Z [command]/usr/bin/git config --global --add safe.directory /home/runner/work/mini-drop/mini-drop
2026-10-02T09:44:28.7460032Z Deleting the contents of '/home/runner/work/mini-drop/mini-drop'
2026-10-02T09:44:28.7464482Z ##[group]Initializing the repository
2026-10-02T09:44:28.7467783Z [command]/usr/bin/git init /home/runner/work/mini-drop/mini-drop
2026-10-02T09:44:28.7536385Z hint: Using 'master' as the name for the initial branch. This default branch name
2026-10-02T09:44:28.7537801Z hint: will change to "main" in Git 3.0. To configure the initial branch name
2026-10-02T09:44:28.7539731Z hint: to use in all of your new repositories, which will suppress this warning,
2026-10-02T09:44:28.7541221Z hint: call:
2026-10-02T09:44:28.7541760Z hint:
2026-10-02T09:44:28.7542376Z hint: 	git config --global init.defaultBranch <name>
2026-10-02T09:44:28.7543127Z hint:
2026-10-02T09:44:28.7543834Z hint: Names commonly chosen instead of 'master' are 'main', 'trunk' and
2026-10-02T09:44:28.7544950Z hint: 'development'. The just-created branch can be renamed via this command:
2026-10-02T09:44:28.7545523Z hint:
2026-10-02T09:44:28.7545852Z hint: 	git branch -m <name>
2026-10-02T09:44:28.7546386Z hint:
2026-10-02T09:44:28.7547175Z hint: Disable this message with "git config set advice.defaultBranchName false"
2026-10-02T09:44:28.7548052Z Initialized empty Git repository in /home/runner/work/mini-drop/mini-drop/.git/
2026-10-02T09:44:28.7549466Z [command]/usr/bin/git remote add origin https://github.com/llongwang751-arch/mini-drop
2026-10-02T09:44:28.7583235Z ##[endgroup]
2026-10-02T09:44:28.7584208Z ##[group]Disabling automatic garbage collection
2026-10-02T09:44:28.7586326Z [command]/usr/bin/git config --local gc.auto 0
2026-10-02T09:44:28.7615997Z ##[endgroup]
2026-10-02T09:44:28.7616882Z ##[group]Setting up auth
2026-10-02T09:44:28.7621842Z [command]/usr/bin/git config --local --name-only --get-regexp core\.sshCommand
2026-10-02T09:44:28.7653593Z [command]/usr/bin/git submodule foreach --recursive sh -c "git config --local --name-only --get-regexp 'core\.sshCommand' && git config --local --unset-all 'core.sshCommand' || :"
2026-10-02T09:44:28.7940853Z [command]/usr/bin/git config --local --name-only --get-regexp http\.https\:\/\/github\.com\/\.extraheader
2026-10-02T09:44:28.7973763Z [command]/usr/bin/git submodule foreach --recursive sh -c "git config --local --name-only --get-regexp 'http\.https\:\/\/github\.com\/\.extraheader' && git config --local --unset-all 'http.https://github.com/.extraheader' || :"
2026-10-02T09:44:28.8227692Z [command]/usr/bin/git config --local --name-only --get-regexp ^includeIf\.gitdir:
2026-10-02T09:44:28.8266430Z [command]/usr/bin/git submodule foreach --recursive git config --local --show-origin --name-only --get-regexp remote.origin.url
2026-10-02T09:44:28.8482536Z [command]/usr/bin/git config --local http.https://github.com/.extraheader AUTHORIZATION: basic ***
2026-10-02T09:44:28.8520042Z ##[endgroup]
2026-10-02T09:44:28.8520672Z ##[group]Fetching the repository
2026-10-02T09:44:28.8527230Z [command]/usr/bin/git -c protocol.version=2 fetch --no-tags --prune --no-recurse-submodules --depth=1 origin +73130b62473064f3ed3933b236243ecb314b4830:refs/remotes/pull/1/merge
2026-10-02T09:44:38.4388744Z From https://github.com/llongwang751-arch/mini-drop
2026-10-02T09:44:38.4390159Z  * [new ref]         73130b62473064f3ed3933b236243ecb314b4830 -> pull/1/merge
2026-10-02T09:44:38.4394598Z ##[endgroup]
2026-10-02T09:44:38.4395870Z ##[group]Determining the checkout info
2026-10-02T09:44:38.4397393Z ##[endgroup]
2026-10-02T09:44:38.4399367Z [command]/usr/bin/git sparse-checkout disable
2026-10-02T09:44:38.4443895Z [command]/usr/bin/git config --local --unset-all extensions.worktreeConfig
2026-10-02T09:44:38.4476866Z ##[group]Checking out the ref
2026-10-02T09:44:38.4477848Z [command]/usr/bin/git checkout --progress --force refs/remotes/pull/1/merge
2026-10-02T09:44:39.4559105Z Updating files:  97% (4264/4370)
2026-10-02T09:44:39.4581240Z Updating files:  98% (4283/4370)
2026-10-02T09:44:39.4600077Z Updating files:  99% (4327/4370)
2026-10-02T09:44:39.4600506Z Updating files: 100% (4370/4370)
2026-10-02T09:44:39.4600935Z Updating files: 100% (4370/4370), done.
2026-10-02T09:44:39.4649770Z Note: switching to 'refs/remotes/pull/1/merge'.
2026-10-02T09:44:39.4650179Z 
2026-10-02T09:44:39.4650475Z You are in 'detached HEAD' state. You can look around, make experimental
2026-10-02T09:44:39.4651186Z changes and commit them, and you can discard any commits you make in this
2026-10-02T09:44:39.4651896Z state without impacting any branches by switching back to a branch.
2026-10-02T09:44:39.4652567Z 
2026-10-02T09:44:39.4652808Z If you want to create a new branch to retain commits you create, you may
2026-10-02T09:44:39.4653198Z do so (now or later) by using -c with the switch command. Example:
2026-10-02T09:44:39.4653428Z 
2026-10-02T09:44:39.4653579Z   git switch -c <new-branch-name>
2026-10-02T09:44:39.4653732Z 
2026-10-02T09:44:39.4653842Z Or undo this operation with:
2026-10-02T09:44:39.4654013Z 
2026-10-02T09:44:39.4654116Z   git switch -
2026-10-02T09:44:39.4654238Z 
2026-10-02T09:44:39.4654506Z Turn off this advice by setting config variable advice.detachedHead to false
2026-10-02T09:44:39.4654798Z 
2026-10-02T09:44:39.4655094Z HEAD is now at 73130b6 Merge b398e16465f66ad267c5fb4a6c203f651c17e3a2 into 609ea8a73f845b496b59b5cae181f515c5919850
2026-10-02T09:44:39.4743414Z ##[endgroup]
2026-10-02T09:44:39.4784225Z [command]/usr/bin/git log -1 --format=%H
2026-10-02T09:44:39.4809833Z 73130b62473064f3ed3933b236243ecb314b4830
2026-10-02T09:44:39.5032987Z ##[group]Run actions/setup-node@v4
2026-10-02T09:44:39.5033279Z with:
2026-10-02T09:44:39.5033497Z   node-version: 22
2026-10-02T09:44:39.5033698Z   cache: npm
2026-10-02T09:44:39.5033926Z   cache-dependency-path: web/package-lock.json
2026-10-02T09:44:39.5034200Z   always-auth: false
2026-10-02T09:44:39.5034409Z   check-latest: false
2026-10-02T09:44:39.5036520Z   token: ***
2026-10-02T09:44:39.5036714Z ##[endgroup]
2026-10-02T09:44:39.6296451Z Found in cache @ /opt/hostedtoolcache/node/22.23.3/x64
2026-10-02T09:44:39.6299763Z (node:1908) [DEP0040] DeprecationWarning: The `punycode` module is deprecated. Please use a userland alternative instead.
2026-10-02T09:44:39.6300733Z (Use `node --trace-deprecation ...` to show where the warning was created)
2026-10-02T09:44:39.6302531Z ##[group]Environment details
2026-10-02T09:44:42.2035070Z node: v22.23.3
2026-10-02T09:44:42.2035450Z npm: 10.9.9
2026-10-02T09:44:42.2035691Z yarn: 1.22.22
2026-10-02T09:44:42.2037181Z ##[endgroup]
2026-10-02T09:44:42.2050681Z [command]/opt/hostedtoolcache/node/22.23.3/x64/bin/npm config get cache
2026-10-02T09:44:42.5736729Z /home/runner/.npm
2026-10-02T09:44:42.7884508Z Cache hit for: node-cache-Linux-x64-npm-a79428a48f53c819bdf3224c6f533bf526ae1b21f28f4ee918b0bcba5121d960
2026-10-02T09:44:42.7968046Z (node:1908) [DEP0169] DeprecationWarning: `url.parse()` behavior is not standardized and prone to errors that have security implications. Use the WHATWG URL API instead. CVEs are not issued for `url.parse()` vulnerabilities.
2026-10-02T09:44:43.9481915Z Received 52012766 of 52012766 (100.0%), 51.9 MBs/sec
2026-10-02T09:44:43.9482442Z Cache Size: ~50 MB (52012766 B)
2026-10-02T09:44:43.9598650Z [command]/usr/bin/tar -xf /home/runner/work/_temp/36a29fdd-0dc6-423e-a379-0f7680cfcb9f/cache.tzst -P -C /home/runner/work/mini-drop/mini-drop --use-compress-program unzstd
2026-10-02T09:44:44.0917258Z Cache restored successfully
2026-10-02T09:44:44.1020379Z Cache restored from key: node-cache-Linux-x64-npm-a79428a48f53c819bdf3224c6f533bf526ae1b21f28f4ee918b0bcba5121d960
2026-10-02T09:44:44.1162605Z ##[group]Run npm ci
2026-10-02T09:44:44.1162890Z [36;1mnpm ci[0m
2026-10-02T09:44:44.1908564Z shell: /usr/bin/bash -e {0}
2026-10-02T09:44:44.1908820Z ##[endgroup]
2026-10-02T09:44:50.4382021Z 
2026-10-02T09:44:50.4387128Z added 346 packages, and audited 347 packages in 6s
2026-10-02T09:44:50.4387419Z 
2026-10-02T09:44:50.4387592Z 118 packages are looking for funding
2026-10-02T09:44:50.4387869Z   run `npm fund` for details
2026-10-02T09:44:50.4507316Z 
2026-10-02T09:44:50.4507744Z 2 vulnerabilities (1 low, 1 high)
2026-10-02T09:44:50.4507963Z 
2026-10-02T09:44:50.4508127Z To address all issues, run:
2026-10-02T09:44:50.4508370Z   npm audit fix
2026-10-02T09:44:50.4508485Z 
2026-10-02T09:44:50.4508598Z Run `npm audit` for details.
2026-10-02T09:44:50.5078038Z ##[group]Run npx vitest run
2026-10-02T09:44:50.5078307Z [36;1mnpx vitest run[0m
2026-10-02T09:44:50.5142284Z shell: /usr/bin/bash -e {0}
2026-10-02T09:44:50.5142511Z ##[endgroup]
2026-10-02T09:44:51.1330895Z 
2026-10-02T09:44:51.1333840Z [1m[30m[46m RUN [49m[39m[22m [36mv4.1.11 [39m[90m/home/runner/work/mini-drop/mini-drop/web[39m
2026-10-02T09:44:51.1334210Z 
2026-10-02T09:44:55.4593266Z Not implemented: Window's getComputedStyle() method: with pseudo-elements
2026-10-02T09:44:56.1465277Z Not implemented: Window's getComputedStyle() method: with pseudo-elements
2026-10-02T09:44:56.3845136Z Not implemented: Window's getComputedStyle() method: with pseudo-elements
2026-10-02T09:44:56.4193624Z [90mstderr[2m | src/components/ActualExplorationTree.test.jsx[2m > [22m[2mActualExplorationTree[2m > [22m[2mshows Skill retrieval, full-body loading and cross-round reuse inside the dynamic tree
2026-10-02T09:44:56.4213600Z [22m[39mWarning: [antd: Descriptions] Sum of column `span` in a line not match `column` of Descriptions.
2026-10-02T09:44:56.4242093Z Warning: [antd: Descriptions] Sum of column `span` in a line not match `column` of Descriptions.
2026-10-02T09:44:56.4256527Z 
2026-10-02T09:44:56.7098312Z  [32m✓[39m src/components/ActualExplorationTree.test.jsx [2m([22m[2m13 tests[22m[2m)[22m[33m 2862[2mms[22m[39m
2026-10-02T09:44:56.7099449Z      [33m[2m✓[22m[39m uses stable tool IDs and distinguishes failed probes from counter-evidence [33m 785[2mms[22m[39m
2026-10-02T09:44:56.7100396Z      [33m[2m✓[22m[39m renders server-provided LATS phase, best path and node scores without flattening the tree [33m 314[2mms[22m[39m
2026-10-02T09:44:57.9974584Z Not implemented: Window's getComputedStyle() method: with pseudo-elements
2026-10-02T09:44:59.8412458Z Not implemented: Window's getComputedStyle() method: with pseudo-elements
2026-10-02T09:45:00.1573970Z [90mstderr[2m | src/pages/AIDiagnosis.test.jsx[2m > [22m[2mAIDiagnosis V2 workspace[2m > [22m[2mdoes not submit while confirming a Chinese IME composition
2026-10-02T09:45:00.1602818Z [22m[39mWarning: An update to AIDiagnosis inside a test was not wrapped in act(...).
2026-10-02T09:45:00.1603515Z 
2026-10-02T09:45:00.1607391Z When testing, code that causes React state updates should be wrapped into act(...):
2026-10-02T09:45:00.1607939Z 
2026-10-02T09:45:00.1608257Z act(() => {
2026-10-02T09:45:00.1608557Z   /* fire events that update state */
2026-10-02T09:45:00.1608865Z });
2026-10-02T09:45:00.1609118Z /* assert on the output */
2026-10-02T09:45:00.1609282Z 
2026-10-02T09:45:00.1610090Z This ensures that you're testing the behavior the user would see in the browser. Learn more at https://reactjs.org/link/wrap-tests-with-act
2026-10-02T09:45:00.1611455Z     at AIDiagnosis (/home/runner/work/mini-drop/mini-drop/web/src/pages/AIDiagnosis.jsx:196:68)
2026-10-02T09:45:00.1612303Z Warning: An update to AIDiagnosis inside a test was not wrapped in act(...).
2026-10-02T09:45:00.1612690Z 
2026-10-02T09:45:00.1613095Z When testing, code that causes React state updates should be wrapped into act(...):
2026-10-02T09:45:00.1613505Z 
2026-10-02T09:45:00.1613634Z act(() => {
2026-10-02T09:45:00.1613930Z   /* fire events that update state */
2026-10-02T09:45:00.1614281Z });
2026-10-02T09:45:00.1614584Z /* assert on the output */
2026-10-02T09:45:00.1614779Z 
2026-10-02T09:45:00.1615483Z This ensures that you're testing the behavior the user would see in the browser. Learn more at https://reactjs.org/link/wrap-tests-with-act
2026-10-02T09:45:00.1616530Z     at AIDiagnosis (/home/runner/work/mini-drop/mini-drop/web/src/pages/AIDiagnosis.jsx:196:68)
2026-10-02T09:45:00.1617450Z Warning: An update to AIDiagnosis inside a test was not wrapped in act(...).
2026-10-02T09:45:00.1617843Z 
2026-10-02T09:45:00.1618247Z When testing, code that causes React state updates should be wrapped into act(...):
2026-10-02T09:45:00.1618646Z 
2026-10-02T09:45:00.1618760Z act(() => {
2026-10-02T09:45:00.1619579Z   /* fire events that update state */
2026-10-02T09:45:00.1619971Z });
2026-10-02T09:45:00.1620254Z /* assert on the output */
2026-10-02T09:45:00.1620465Z 
2026-10-02T09:45:00.1621365Z This ensures that you're testing the behavior the user would see in the browser. Learn more at https://reactjs.org/link/wrap-tests-with-act
2026-10-02T09:45:00.1622686Z     at AIDiagnosis (/home/runner/work/mini-drop/mini-drop/web/src/pages/AIDiagnosis.jsx:196:68)
2026-10-02T09:45:00.1623543Z Warning: An update to AIDiagnosis inside a test was not wrapped in act(...).
2026-10-02T09:45:00.1623920Z 
2026-10-02T09:45:00.1624334Z When testing, code that causes React state updates should be wrapped into act(...):
2026-10-02T09:45:00.1624741Z 
2026-10-02T09:45:00.1624857Z act(() => {
2026-10-02T09:45:00.1625177Z   /* fire events that update state */
2026-10-02T09:45:00.1625504Z });
2026-10-02T09:45:00.1625773Z /* assert on the output */
2026-10-02T09:45:00.1625971Z 
2026-10-02T09:45:00.1626687Z This ensures that you're testing the behavior the user would see in the browser. Learn more at https://reactjs.org/link/wrap-tests-with-act
2026-10-02T09:45:00.1627726Z     at AIDiagnosis (/home/runner/work/mini-drop/mini-drop/web/src/pages/AIDiagnosis.jsx:196:68)
2026-10-02T09:45:00.1628574Z Warning: An update to ForwardRef inside a test was not wrapped in act(...).
2026-10-02T09:45:00.1628956Z 
2026-10-02T09:45:00.1629373Z When testing, code that causes React state updates should be wrapped into act(...):
2026-10-02T09:45:00.1629791Z 
2026-10-02T09:45:00.1629905Z act(() => {
2026-10-02T09:45:00.1630206Z   /* fire events that update state */
2026-10-02T09:45:00.1630546Z });
2026-10-02T09:45:00.1630813Z /* assert on the output */
2026-10-02T09:45:00.1632028Z 
2026-10-02T09:45:00.1632805Z This ensures that you're testing the behavior the user would see in the browser. Learn more at https://reactjs.org/link/wrap-tests-with-act
2026-10-02T09:45:00.1633919Z     at /home/runner/work/mini-drop/mini-drop/web/node_modules/antd/lib/message/useMessage.js:52:5
2026-10-02T09:45:00.1634516Z     at div
2026-10-02T09:45:00.1635076Z     at AIDiagnosis (/home/runner/work/mini-drop/mini-drop/web/src/pages/AIDiagnosis.jsx:196:68)
2026-10-02T09:45:00.1635555Z 
2026-10-02T09:45:00.3244738Z Not implemented: Window's getComputedStyle() method: with pseudo-elements
2026-10-02T09:45:01.5982635Z Not implemented: Window's getComputedStyle() method: with pseudo-elements
2026-10-02T09:45:02.2086324Z Not implemented: Window's getComputedStyle() method: with pseudo-elements
2026-10-02T09:45:02.5420492Z  [32m✓[39m src/components/FaultPlazaPanel.test.jsx [2m([22m[2m14 tests[22m[2m)[22m[33m 2929[2mms[22m[39m
2026-10-02T09:45:02.5422179Z      [33m[2m✓[22m[39m prefers current engineering localization over a frozen strict failure [33m 510[2mms[22m[39m
2026-10-02T09:45:02.5423322Z      [33m[2m✓[22m[39m keeps all 21 current engineering scenario grades independent of old failures [33m 888[2mms[22m[39m
2026-10-02T09:45:03.4064500Z Not implemented: Window's getComputedStyle() method: with pseudo-elements
2026-10-02T09:45:04.2583902Z  [32m✓[39m src/pages/AIDiagnosis.test.jsx [2m([22m[2m20 tests[22m[2m)[22m[33m 8468[2mms[22m[39m
2026-10-02T09:45:04.2584699Z      [33m[2m✓[22m[39m finishes a measured healthy check without a root report and offers fresh sampling [33m 1386[2mms[22m[39m
2026-10-02T09:45:04.2585477Z      [33m[2m✓[22m[39m retains the requested case while React replays asynchronous state updates [33m 314[2mms[22m[39m
2026-10-02T09:45:04.2586215Z      [33m[2m✓[22m[39m confirms cancellation with session version and refreshes the terminal record [33m 602[2mms[22m[39m
2026-10-02T09:45:04.2587065Z      [33m[2m✓[22m[39m preserves a same-session report on partial and core refresh failures, but clears it when switching sessions [33m 996[2mms[22m[39m
2026-10-02T09:45:04.2587763Z      [33m[2m✓[22m[39m renders only Drop Insight V2 diagnoses [33m 935[2mms[22m[39m
2026-10-02T09:45:04.2589266Z      [33m[2m✓[22m[39m uses a full-width primary view and only splits when the user asks [33m 533[2mms[22m[39m
2026-10-02T09:45:04.2590388Z      [33m[2m✓[22m[39m lets the user review and edit a tree intervention before starting a new round [33m 688[2mms[22m[39m
2026-10-02T09:45:04.2592105Z      [33m[2m✓[22m[39m merges the active diagnosis replay, exploration tree and Skill decision in a modal [33m 564[2mms[22m[39m
2026-10-02T09:45:04.2593332Z      [33m[2m✓[22m[39m lets the user challenge the current plan from the persistent composer [33m 342[2mms[22m[39m
2026-10-02T09:45:05.7625213Z Not implemented: Window's getComputedStyle() method: with pseudo-elements
2026-10-02T09:45:05.9053506Z Not implemented: Window's getComputedStyle() method: with pseudo-elements
2026-10-02T09:45:06.0292691Z Not implemented: Window's getComputedStyle() method: with pseudo-elements
2026-10-02T09:45:06.1414160Z Not implemented: Window's getComputedStyle() method: with pseudo-elements
2026-10-02T09:45:06.3189578Z Not implemented: Window's getComputedStyle() method: with pseudo-elements
2026-10-02T09:45:06.3262720Z Not implemented: Window's getComputedStyle() method: with pseudo-elements
2026-10-02T09:45:06.3473975Z [90mstderr[2m | src/components/AgentCockpit.test.jsx[2m > [22m[2mAgentCockpit[2m > [22m[2mopens 查看规划假设 in an inspectable modal
2026-10-02T09:45:06.3475962Z [22m[39mWarning: [antd: Table] `index` parameter of `rowKey` function is deprecated. There is no guarantee that it will work as expected.
2026-10-02T09:45:06.3477547Z Warning: [antd: Table] `index` parameter of `rowKey` function is deprecated. There is no guarantee that it will work as expected.
2026-10-02T09:45:06.3478376Z 
2026-10-02T09:45:06.4521572Z Not implemented: Window's getComputedStyle() method: with pseudo-elements
2026-10-02T09:45:06.4545963Z Not implemented: Window's getComputedStyle() method: with pseudo-elements
2026-10-02T09:45:06.4683760Z [90mstderr[2m | src/components/AgentCockpit.test.jsx[2m > [22m[2mAgentCockpit[2m > [22m[2mopens 查看工具调用 in an inspectable modal
2026-10-02T09:45:06.4687875Z [22m[39mWarning: [antd: Table] `index` parameter of `rowKey` function is deprecated. There is no guarantee that it will work as expected.
2026-10-02T09:45:06.4742101Z Warning: [antd: Table] `index` parameter of `rowKey` function is deprecated. There is no guarantee that it will work as expected.
2026-10-02T09:45:06.4757661Z 
2026-10-02T09:45:06.5580060Z Not implemented: Window's getComputedStyle() method: with pseudo-elements
2026-10-02T09:45:06.5604040Z Not implemented: Window's getComputedStyle() method: with pseudo-elements
2026-10-02T09:45:06.5719851Z [90mstderr[2m | src/components/AgentCockpit.test.jsx[2m > [22m[2mAgentCockpit[2m > [22m[2mopens 查看证据 in an inspectable modal
2026-10-02T09:45:06.5742432Z [22m[39mWarning: [antd: Table] `index` parameter of `rowKey` function is deprecated. There is no guarantee that it will work as expected.
2026-10-02T09:45:06.5760876Z Warning: [antd: Table] `index` parameter of `rowKey` function is deprecated. There is no guarantee that it will work as expected.
2026-10-02T09:45:06.5761975Z 
2026-10-02T09:45:06.6744292Z Not implemented: Window's getComputedStyle() method: with pseudo-elements
2026-10-02T09:45:06.8911951Z Not implemented: Window's getComputedStyle() method: with pseudo-elements
2026-10-02T09:45:06.8932169Z Not implemented: Window's getComputedStyle() method: with pseudo-elements
2026-10-02T09:45:06.9108717Z [90mstderr[2m | src/components/AgentCockpit.test.jsx[2m > [22m[2mAgentCockpit[2m > [22m[2mrenders evidence roles and gate states as Chinese labels
2026-10-02T09:45:06.9110495Z [22m[39mWarning: [antd: Table] `index` parameter of `rowKey` function is deprecated. There is no guarantee that it will work as expected.
2026-10-02T09:45:06.9124858Z Warning: [antd: Table] `index` parameter of `rowKey` function is deprecated. There is no guarantee that it will work as expected.
2026-10-02T09:45:06.9125678Z 
2026-10-02T09:45:07.1595730Z Not implemented: Window's getComputedStyle() method: with pseudo-elements
2026-10-02T09:45:07.2955747Z Not implemented: Window's getComputedStyle() method: with pseudo-elements
2026-10-02T09:45:07.3826482Z  [32m✓[39m src/components/ObservabilityOverview.test.jsx [2m([22m[2m16 tests[22m[2m)[22m[33m 543[2mms[22m[39m
2026-10-02T09:45:07.4171215Z Not implemented: Window's getComputedStyle() method: with pseudo-elements
2026-10-02T09:45:07.4333217Z  [32m✓[39m src/components/AgentCockpit.test.jsx [2m([22m[2m13 tests[22m[2m)[22m[33m 2209[2mms[22m[39m
2026-10-02T09:45:07.4335019Z      [33m[2m✓[22m[39m shows eight real metric buttons, including LATS, and the persisted runtime identity [33m 390[2mms[22m[39m
2026-10-02T09:45:07.4358650Z      [33m[2m✓[22m[39m shows derived evaluation rates and keeps Skill publication human-controlled [33m 301[2mms[22m[39m
2026-10-02T09:45:11.6205709Z [90mstderr[2m | src/components/ScopeCard.test.jsx[2m > [22m[2mScopeCard secure target discovery[2m > [22m[2mrequires an explicit closed selection when multiple candidates are eligible
2026-10-02T09:45:11.6222197Z [22m[39mWarning: An update to InternalFormItem inside a test was not wrapped in act(...).
2026-10-02T09:45:11.6231358Z 
2026-10-02T09:45:11.6232029Z When testing, code that causes React state updates should be wrapped into act(...):
2026-10-02T09:45:11.6232635Z 
2026-10-02T09:45:11.6232893Z act(() => {
2026-10-02T09:45:11.6233363Z   /* fire events that update state */
2026-10-02T09:45:11.6233832Z });
2026-10-02T09:45:11.6234232Z /* assert on the output */
2026-10-02T09:45:11.6234570Z 
2026-10-02T09:45:11.6235318Z This ensures that you're testing the behavior the user would see in the browser. Learn more at https://reactjs.org/link/wrap-tests-with-act
2026-10-02T09:45:11.6236474Z     at InternalFormItem (/home/runner/work/mini-drop/mini-drop/web/node_modules/antd/lib/form/FormItem/index.js:58:5)
2026-10-02T09:45:11.6237158Z     at div
2026-10-02T09:45:11.6237679Z     at /home/runner/work/mini-drop/mini-drop/web/node_modules/antd/lib/grid/col.js:40:13
2026-10-02T09:45:11.6238223Z     at div
2026-10-02T09:45:11.6238736Z     at /home/runner/work/mini-drop/mini-drop/web/node_modules/antd/lib/grid/row.js:57:18
2026-10-02T09:45:11.6239353Z     at form
2026-10-02T09:45:11.6240035Z     at Form (/home/runner/work/mini-drop/mini-drop/web/node_modules/rc-field-form/lib/Form.js:21:19)
2026-10-02T09:45:11.6247423Z     at NoFormStyle (/home/runner/work/mini-drop/mini-drop/web/node_modules/antd/lib/form/context.js:32:3)
2026-10-02T09:45:11.6248060Z     at FormProvider (/home/runner/work/mini-drop/mini-drop/web/node_modules/rc-field-form/lib/FormContext.js:19:31)
2026-10-02T09:45:11.6248469Z     at FormProvider
2026-10-02T09:45:11.6248950Z     at DisabledContextProvider (/home/runner/work/mini-drop/mini-drop/web/node_modules/antd/lib/config-provider/DisabledContext.js:12:3)
2026-10-02T09:45:11.6249588Z     at InternalForm (/home/runner/work/mini-drop/mini-drop/web/node_modules/antd/lib/form/Form.js:50:33)
2026-10-02T09:45:11.6249953Z     at div
2026-10-02T09:45:11.6250287Z     at Item (/home/runner/work/mini-drop/mini-drop/web/node_modules/antd/lib/space/Item.js:12:3)
2026-10-02T09:45:11.6250619Z     at div
2026-10-02T09:45:11.6250935Z     at /home/runner/work/mini-drop/mini-drop/web/node_modules/antd/lib/space/index.js:44:39
2026-10-02T09:45:11.6251484Z     at div
2026-10-02T09:45:11.6251636Z     at div
2026-10-02T09:45:11.6251950Z     at /home/runner/work/mini-drop/mini-drop/web/node_modules/antd/lib/card/Card.js:53:18
2026-10-02T09:45:11.6252445Z     at ScopeCard (/home/runner/work/mini-drop/mini-drop/web/src/components/ScopeCard.jsx:56:22)
2026-10-02T09:45:11.6252924Z Warning: An update to Field inside a test was not wrapped in act(...).
2026-10-02T09:45:11.6253144Z 
2026-10-02T09:45:11.6253391Z When testing, code that causes React state updates should be wrapped into act(...):
2026-10-02T09:45:11.6253642Z 
2026-10-02T09:45:11.6253712Z act(() => {
2026-10-02T09:45:11.6253911Z   /* fire events that update state */
2026-10-02T09:45:11.6254119Z });
2026-10-02T09:45:11.6254558Z /* assert on the output */
2026-10-02T09:45:11.6254688Z 
2026-10-02T09:45:11.6255107Z This ensures that you're testing the behavior the user would see in the browser. Learn more at https://reactjs.org/link/wrap-tests-with-act
2026-10-02T09:45:11.6255757Z     at Field (/home/runner/work/mini-drop/mini-drop/web/node_modules/rc-field-form/lib/Field.js:49:34)
2026-10-02T09:45:11.6256481Z     at WrapperField (/home/runner/work/mini-drop/mini-drop/web/node_modules/rc-field-form/lib/Field.js:598:20)
2026-10-02T09:45:11.6257100Z     at InternalFormItem (/home/runner/work/mini-drop/mini-drop/web/node_modules/antd/lib/form/FormItem/index.js:58:5)
2026-10-02T09:45:11.6257488Z     at div
2026-10-02T09:45:11.6257788Z     at /home/runner/work/mini-drop/mini-drop/web/node_modules/antd/lib/grid/col.js:40:13
2026-10-02T09:45:11.6258106Z     at div
2026-10-02T09:45:11.6258395Z     at /home/runner/work/mini-drop/mini-drop/web/node_modules/antd/lib/grid/row.js:57:18
2026-10-02T09:45:11.6258705Z     at form
2026-10-02T09:45:11.6259055Z     at Form (/home/runner/work/mini-drop/mini-drop/web/node_modules/rc-field-form/lib/Form.js:21:19)
2026-10-02T09:45:11.6259597Z     at NoFormStyle (/home/runner/work/mini-drop/mini-drop/web/node_modules/antd/lib/form/context.js:32:3)
2026-10-02T09:45:11.6260181Z     at FormProvider (/home/runner/work/mini-drop/mini-drop/web/node_modules/rc-field-form/lib/FormContext.js:19:31)
2026-10-02T09:45:11.6260581Z     at FormProvider
2026-10-02T09:45:11.6261373Z     at DisabledContextProvider (/home/runner/work/mini-drop/mini-drop/web/node_modules/antd/lib/config-provider/DisabledContext.js:12:3)
2026-10-02T09:45:11.6262375Z     at InternalForm (/home/runner/work/mini-drop/mini-drop/web/node_modules/antd/lib/form/Form.js:50:33)
2026-10-02T09:45:11.6262920Z     at div
2026-10-02T09:45:11.6263601Z     at Item (/home/runner/work/mini-drop/mini-drop/web/node_modules/antd/lib/space/Item.js:12:3)
2026-10-02T09:45:11.6264105Z     at div
2026-10-02T09:45:11.6264593Z     at /home/runner/work/mini-drop/mini-drop/web/node_modules/antd/lib/space/index.js:44:39
2026-10-02T09:45:11.6265062Z     at div
2026-10-02T09:45:11.6265257Z     at div
2026-10-02T09:45:11.6265700Z     at /home/runner/work/mini-drop/mini-drop/web/node_modules/antd/lib/card/Card.js:53:18
2026-10-02T09:45:11.6266453Z     at ScopeCard (/home/runner/work/mini-drop/mini-drop/web/src/components/ScopeCard.jsx:56:22)
2026-10-02T09:45:11.6266904Z 
2026-10-02T09:45:12.8444265Z [90mstderr[2m | src/components/ManagedServicesPanel.test.jsx[2m > [22m[2msubmits only the selected request ID and rejects an expired selection
2026-10-02T09:45:12.8445977Z [22m[39mWarning: An update to ForwardRef inside a test was not wrapped in act(...).
2026-10-02T09:45:12.8446689Z 
2026-10-02T09:45:12.8447316Z When testing, code that causes React state updates should be wrapped into act(...):
2026-10-02T09:45:12.8447771Z 
2026-10-02T09:45:12.8447895Z act(() => {
2026-10-02T09:45:12.8448213Z   /* fire events that update state */
2026-10-02T09:45:12.8448526Z });
2026-10-02T09:45:12.8448808Z /* assert on the output */
2026-10-02T09:45:12.8448991Z 
2026-10-02T09:45:12.8449710Z This ensures that you're testing the behavior the user would see in the browser. Learn more at https://reactjs.org/link/wrap-tests-with-act
2026-10-02T09:45:12.8450662Z     at /home/runner/work/mini-drop/mini-drop/web/node_modules/antd/lib/message/index.js:68:60
2026-10-02T09:45:12.8451590Z Warning: An update to ForwardRef inside a test was not wrapped in act(...).
2026-10-02T09:45:12.8451949Z 
2026-10-02T09:45:12.8452332Z When testing, code that causes React state updates should be wrapped into act(...):
2026-10-02T09:45:12.8452712Z 
2026-10-02T09:45:12.8452812Z act(() => {
2026-10-02T09:45:12.8453107Z   /* fire events that update state */
2026-10-02T09:45:12.8453439Z });
2026-10-02T09:45:12.8453724Z /* assert on the output */
2026-10-02T09:45:12.8453922Z 
2026-10-02T09:45:12.8454596Z This ensures that you're testing the behavior the user would see in the browser. Learn more at https://reactjs.org/link/wrap-tests-with-act
2026-10-02T09:45:12.8455959Z     at /home/runner/work/mini-drop/mini-drop/web/node_modules/antd/lib/message/useMessage.js:52:5
2026-10-02T09:45:12.8456827Z     at /home/runner/work/mini-drop/mini-drop/web/node_modules/antd/lib/message/index.js:41:5
2026-10-02T09:45:12.8458026Z     at MotionWrapper (/home/runner/work/mini-drop/mini-drop/web/node_modules/antd/lib/config-provider/MotionWrapper.js:17:30)
2026-10-02T09:45:12.8459116Z     at ProviderChildren (/home/runner/work/mini-drop/mini-drop/web/node_modules/antd/lib/config-provider/index.js:142:5)
2026-10-02T09:45:12.8460137Z     at ConfigProvider (/home/runner/work/mini-drop/mini-drop/web/node_modules/antd/lib/config-provider/index.js:444:25)
2026-10-02T09:45:12.8461209Z     at /home/runner/work/mini-drop/mini-drop/web/node_modules/antd/lib/message/index.js:68:60
2026-10-02T09:45:12.8462010Z Warning: An update to ForwardRef inside a test was not wrapped in act(...).
2026-10-02T09:45:12.8462387Z 
2026-10-02T09:45:12.8462801Z When testing, code that causes React state updates should be wrapped into act(...):
2026-10-02T09:45:12.8463213Z 
2026-10-02T09:45:12.8463319Z act(() => {
2026-10-02T09:45:12.8463614Z   /* fire events that update state */
2026-10-02T09:45:12.8463935Z });
2026-10-02T09:45:12.8464209Z /* assert on the output */
2026-10-02T09:45:12.8464409Z 
2026-10-02T09:45:12.8465108Z This ensures that you're testing the behavior the user would see in the browser. Learn more at https://reactjs.org/link/wrap-tests-with-act
2026-10-02T09:45:12.8466091Z     at /home/runner/work/mini-drop/mini-drop/web/node_modules/antd/lib/message/useMessage.js:52:5
2026-10-02T09:45:12.8466932Z     at /home/runner/work/mini-drop/mini-drop/web/node_modules/antd/lib/message/index.js:41:5
2026-10-02T09:45:12.8467913Z     at MotionWrapper (/home/runner/work/mini-drop/mini-drop/web/node_modules/antd/lib/config-provider/MotionWrapper.js:17:30)
2026-10-02T09:45:12.8468972Z     at ProviderChildren (/home/runner/work/mini-drop/mini-drop/web/node_modules/antd/lib/config-provider/index.js:142:5)
2026-10-02T09:45:12.8470021Z     at ConfigProvider (/home/runner/work/mini-drop/mini-drop/web/node_modules/antd/lib/config-provider/index.js:444:25)
2026-10-02T09:45:12.8471311Z     at /home/runner/work/mini-drop/mini-drop/web/node_modules/antd/lib/message/index.js:68:60
2026-10-02T09:45:12.8472154Z Warning: An update to Notifications inside a test was not wrapped in act(...).
2026-10-02T09:45:12.8472529Z 
2026-10-02T09:45:12.8472939Z When testing, code that causes React state updates should be wrapped into act(...):
2026-10-02T09:45:12.8473313Z 
2026-10-02T09:45:12.8473414Z act(() => {
2026-10-02T09:45:12.8473707Z   /* fire events that update state */
2026-10-02T09:45:12.8474014Z });
2026-10-02T09:45:12.8474272Z /* assert on the output */
2026-10-02T09:45:12.8474460Z 
2026-10-02T09:45:12.8475111Z This ensures that you're testing the behavior the user would see in the browser. Learn more at https://reactjs.org/link/wrap-tests-with-act
2026-10-02T09:45:12.8476128Z     at /home/runner/work/mini-drop/mini-drop/web/node_modules/rc-notification/lib/Notifications.js:19:32
2026-10-02T09:45:12.8477020Z     at /home/runner/work/mini-drop/mini-drop/web/node_modules/antd/lib/message/useMessage.js:52:5
2026-10-02T09:45:12.8477847Z     at /home/runner/work/mini-drop/mini-drop/web/node_modules/antd/lib/message/index.js:41:5
2026-10-02T09:45:12.8478795Z     at MotionWrapper (/home/runner/work/mini-drop/mini-drop/web/node_modules/antd/lib/config-provider/MotionWrapper.js:17:30)
2026-10-02T09:45:12.8479953Z     at ProviderChildren (/home/runner/work/mini-drop/mini-drop/web/node_modules/antd/lib/config-provider/index.js:142:5)
2026-10-02T09:45:12.8481326Z     at ConfigProvider (/home/runner/work/mini-drop/mini-drop/web/node_modules/antd/lib/config-provider/index.js:444:25)
2026-10-02T09:45:12.8482297Z     at /home/runner/work/mini-drop/mini-drop/web/node_modules/antd/lib/message/index.js:68:60
2026-10-02T09:45:12.8483180Z Warning: An update to ForwardRef inside a test was not wrapped in act(...).
2026-10-02T09:45:12.8483558Z 
2026-10-02T09:45:12.8484194Z When testing, code that causes React state updates should be wrapped into act(...):
2026-10-02T09:45:12.8484610Z 
2026-10-02T09:45:12.8484715Z act(() => {
2026-10-02T09:45:12.8485025Z   /* fire events that update state */
2026-10-02T09:45:12.8485524Z });
2026-10-02T09:45:12.8485792Z /* assert on the output */
2026-10-02T09:45:12.8485988Z 
2026-10-02T09:45:12.8486643Z This ensures that you're testing the behavior the user would see in the browser. Learn more at https://reactjs.org/link/wrap-tests-with-act
2026-10-02T09:45:12.8487673Z     at /home/runner/work/mini-drop/mini-drop/web/node_modules/antd/lib/message/useMessage.js:52:5
2026-10-02T09:45:12.8488483Z     at /home/runner/work/mini-drop/mini-drop/web/node_modules/antd/lib/message/index.js:41:5
2026-10-02T09:45:12.8489391Z     at MotionWrapper (/home/runner/work/mini-drop/mini-drop/web/node_modules/antd/lib/config-provider/MotionWrapper.js:17:30)
2026-10-02T09:45:12.8490429Z     at ProviderChildren (/home/runner/work/mini-drop/mini-drop/web/node_modules/antd/lib/config-provider/index.js:142:5)
2026-10-02T09:45:12.8491633Z     at ConfigProvider (/home/runner/work/mini-drop/mini-drop/web/node_modules/antd/lib/config-provider/index.js:444:25)
2026-10-02T09:45:12.8492588Z     at /home/runner/work/mini-drop/mini-drop/web/node_modules/antd/lib/message/index.js:68:60
2026-10-02T09:45:12.8493052Z 
2026-10-02T09:45:13.4108189Z  [32m✓[39m src/components/ScopeCard.test.jsx [2m([22m[2m13 tests[22m[2m)[22m[33m 3313[2mms[22m[39m
2026-10-02T09:45:13.4109597Z      [33m[2m✓[22m[39m hides raw authority clarification prompts resolved by secure discovery [33m 812[2mms[22m[39m
2026-10-02T09:45:13.4110859Z      [33m[2m✓[22m[39m requires an explicit closed selection when multiple candidates are eligible [33m 503[2mms[22m[39m
2026-10-02T09:45:13.6562337Z  [32m✓[39m src/components/ManagedServicesPanel.test.jsx [2m([22m[2m12 tests[22m[2m)[22m[33m 3513[2mms[22m[39m
2026-10-02T09:45:13.6563608Z    [33m[2m✓[22m[39m switches the service inspector and sends the selected service identity [33m 949[2mms[22m[39m
2026-10-02T09:45:13.6564697Z    [33m[2m✓[22m[39m shows real RAG stages and leaves unavailable stages empty [33m 338[2mms[22m[39m
2026-10-02T09:45:13.6565659Z    [33m[2m✓[22m[39m submits only the selected request ID and rejects an expired selection [33m 325[2mms[22m[39m
2026-10-02T09:45:16.9210430Z [90mstderr[2m | src/components/SkillABPanel.test.jsx[2m > [22m[2mSkillABPanel[2m > [22m[2mcreates real AUTO and DISABLED diagnoses and reports only observed metrics
2026-10-02T09:45:16.9212225Z [22m[39mWarning: [antd: Card] `bordered` is deprecated. Please use `variant` instead.
2026-10-02T09:45:16.9222732Z Warning: [antd: Card] `bordered` is deprecated. Please use `variant` instead.
2026-10-02T09:45:16.9223915Z Warning: [antd: Card] `bordered` is deprecated. Please use `variant` instead.
2026-10-02T09:45:16.9224674Z 
2026-10-02T09:45:16.9254007Z [90mstderr[2m | src/components/SkillABPanel.test.jsx[2m > [22m[2mSkillABPanel[2m > [22m[2mcreates real AUTO and DISABLED diagnoses and reports only observed metrics
2026-10-02T09:45:16.9255535Z [22m[39mWarning: [antd: Card] `bordered` is deprecated. Please use `variant` instead.
2026-10-02T09:45:16.9256230Z 
2026-10-02T09:45:17.0322990Z [90mstderr[2m | src/components/SkillABPanel.test.jsx[2m > [22m[2mSkillABPanel[2m > [22m[2mcreates real AUTO and DISABLED diagnoses and reports only observed metrics
2026-10-02T09:45:17.0324569Z [22m[39mWarning: [antd: Card] `bordered` is deprecated. Please use `variant` instead.
2026-10-02T09:45:17.0325258Z 
2026-10-02T09:45:17.0507320Z [90mstderr[2m | src/components/SkillABPanel.test.jsx[2m > [22m[2mSkillABPanel[2m > [22m[2mcreates real AUTO and DISABLED diagnoses and reports only observed metrics
2026-10-02T09:45:17.0510092Z [22m[39mWarning: [antd: Card] `bordered` is deprecated. Please use `variant` instead.
2026-10-02T09:45:17.0510755Z 
2026-10-02T09:45:17.0843594Z [90mstderr[2m | src/components/SkillABPanel.test.jsx[2m > [22m[2mSkillABPanel[2m > [22m[2mcreates real AUTO and DISABLED diagnoses and reports only observed metrics
2026-10-02T09:45:17.0845132Z  [32m✓[39m src/components/ConclusionCard.test.jsx [2m([22m[2m10 tests[22m[2m)[22m[33m 668[2mms[22m[39m
2026-10-02T09:45:17.0854631Z [22m[39mWarning: [antd: Card] `bordered` is deprecated. Please use `variant` instead.
2026-10-02T09:45:17.0855275Z      [33m[2m✓[22m[39m explains that inclusive Go function shares overlap [33m 336[2mms[22m[39m
2026-10-02T09:45:17.0855884Z 
2026-10-02T09:45:17.1426875Z [90mstderr[2m | src/components/SkillABPanel.test.jsx[2m > [22m[2mSkillABPanel[2m > [22m[2mcreates real AUTO and DISABLED diagnoses and reports only observed metrics
2026-10-02T09:45:17.1442420Z [22m[39mWarning: [antd: Card] `bordered` is deprecated. Please use `variant` instead.
2026-10-02T09:45:17.1442863Z 
2026-10-02T09:45:17.1630670Z [90mstderr[2m | src/components/SkillABPanel.test.jsx[2m > [22m[2mSkillABPanel[2m > [22m[2mcreates real AUTO and DISABLED diagnoses and reports only observed metrics
2026-10-02T09:45:17.1632409Z [22m[39mWarning: [antd: Card] `bordered` is deprecated. Please use `variant` instead.
2026-10-02T09:45:17.1636351Z 
2026-10-02T09:45:17.1866237Z [90mstderr[2m | src/components/SkillABPanel.test.jsx[2m > [22m[2mSkillABPanel[2m > [22m[2mcreates real AUTO and DISABLED diagnoses and reports only observed metrics
2026-10-02T09:45:17.1867905Z [22m[39mWarning: [antd: Card] `bordered` is deprecated. Please use `variant` instead.
2026-10-02T09:45:17.1868853Z 
2026-10-02T09:45:17.4713513Z [90mstderr[2m | src/components/SkillABPanel.test.jsx[2m > [22m[2mSkillABPanel[2m > [22m[2mkeeps an earlier supported hypothesis visible when a later branch is insufficient
2026-10-02T09:45:17.4715418Z [22m[39mWarning: [antd: Card] `bordered` is deprecated. Please use `variant` instead.
2026-10-02T09:45:17.4716450Z Warning: [antd: Card] `bordered` is deprecated. Please use `variant` instead.
2026-10-02T09:45:17.4717497Z Warning: [antd: Card] `bordered` is deprecated. Please use `variant` instead.
2026-10-02T09:45:17.4718457Z Warning: [antd: Card] `bordered` is deprecated. Please use `variant` instead.
2026-10-02T09:45:17.4719054Z 
2026-10-02T09:45:17.4754068Z [90mstderr[2m | src/components/SkillABPanel.test.jsx[2m > [22m[2mSkillABPanel[2m > [22m[2mkeeps an earlier supported hypothesis visible when a later branch is insufficient
2026-10-02T09:45:17.4757152Z [22m[39mWarning: [antd: Card] `bordered` is deprecated. Please use `variant` instead.
2026-10-02T09:45:17.4757695Z 
2026-10-02T09:45:17.5321669Z [90mstderr[2m | src/components/SkillABPanel.test.jsx[2m > [22m[2mSkillABPanel[2m > [22m[2mkeeps an earlier supported hypothesis visible when a later branch is insufficient
2026-10-02T09:45:17.5323410Z [22m[39mWarning: [antd: Card] `bordered` is deprecated. Please use `variant` instead.
2026-10-02T09:45:17.5324327Z 
2026-10-02T09:45:17.5628032Z [90mstderr[2m | src/components/SkillABPanel.test.jsx[2m > [22m[2mSkillABPanel[2m > [22m[2mkeeps an earlier supported hypothesis visible when a later branch is insufficient
2026-10-02T09:45:17.5629818Z [22m[39mWarning: [antd: Card] `bordered` is deprecated. Please use `variant` instead.
2026-10-02T09:45:17.5630460Z 
2026-10-02T09:45:17.5793625Z [90mstderr[2m | src/components/SkillABPanel.test.jsx[2m > [22m[2mSkillABPanel[2m > [22m[2mkeeps an earlier supported hypothesis visible when a later branch is insufficient
2026-10-02T09:45:17.5810826Z [22m[39mWarning: [antd: Card] `bordered` is deprecated. Please use `variant` instead.
2026-10-02T09:45:17.5811541Z 
2026-10-02T09:45:17.6242292Z [90mstderr[2m | src/components/SkillABPanel.test.jsx[2m > [22m[2mSkillABPanel[2m > [22m[2mkeeps an earlier supported hypothesis visible when a later branch is insufficient
2026-10-02T09:45:17.6244227Z [22m[39mWarning: [antd: Card] `bordered` is deprecated. Please use `variant` instead.
2026-10-02T09:45:17.6244848Z 
2026-10-02T09:45:17.6426439Z [90mstderr[2m | src/components/SkillABPanel.test.jsx[2m > [22m[2mSkillABPanel[2m > [22m[2mkeeps an earlier supported hypothesis visible when a later branch is insufficient
2026-10-02T09:45:17.6462158Z [22m[39mWarning: [antd: Card] `bordered` is deprecated. Please use `variant` instead.
2026-10-02T09:45:17.6496267Z 
2026-10-02T09:45:17.6618693Z [90mstderr[2m | src/components/SkillABPanel.test.jsx[2m > [22m[2mSkillABPanel[2m > [22m[2mkeeps an earlier supported hypothesis visible when a later branch is insufficient
2026-10-02T09:45:17.6619890Z [22m[39mWarning: [antd: Card] `bordered` is deprecated. Please use `variant` instead.
2026-10-02T09:45:17.6620515Z 
2026-10-02T09:45:17.8068737Z [90mstderr[2m | src/components/SkillABPanel.test.jsx[2m > [22m[2mSkillABPanel[2m > [22m[2mrestores a real A/B pair after leaving and returning to the validation center
2026-10-02T09:45:17.8070388Z [22m[39mWarning: [antd: Card] `bordered` is deprecated. Please use `variant` instead.
2026-10-02T09:45:17.8071771Z Warning: [antd: Card] `bordered` is deprecated. Please use `variant` instead.
2026-10-02T09:45:17.8072761Z Warning: [antd: Card] `bordered` is deprecated. Please use `variant` instead.
2026-10-02T09:45:17.8073707Z Warning: [antd: Card] `bordered` is deprecated. Please use `variant` instead.
2026-10-02T09:45:17.8074332Z 
2026-10-02T09:45:17.8083643Z [90mstderr[2m | src/components/SkillABPanel.test.jsx[2m > [22m[2mSkillABPanel[2m > [22m[2mrestores a real A/B pair after leaving and returning to the validation center
2026-10-02T09:45:17.8085961Z [22m[39mWarning: [antd: Card] `bordered` is deprecated. Please use `variant` instead.
2026-10-02T09:45:17.8086656Z 
2026-10-02T09:45:17.8571510Z [90mstderr[2m | src/components/SkillABPanel.test.jsx[2m > [22m[2mSkillABPanel[2m > [22m[2mrestores a real A/B pair after leaving and returning to the validation center
2026-10-02T09:45:17.8572873Z [22m[39mWarning: [antd: Card] `bordered` is deprecated. Please use `variant` instead.
2026-10-02T09:45:17.8573335Z 
2026-10-02T09:45:17.8662526Z [90mstderr[2m | src/components/SkillABPanel.test.jsx[2m > [22m[2mSkillABPanel[2m > [22m[2mrestores a real A/B pair after leaving and returning to the validation center
2026-10-02T09:45:17.8663905Z [22m[39mWarning: [antd: Card] `bordered` is deprecated. Please use `variant` instead.
2026-10-02T09:45:17.8664477Z 
2026-10-02T09:45:17.9062459Z [90mstderr[2m | src/components/SkillABPanel.test.jsx[2m > [22m[2mSkillABPanel[2m > [22m[2mrestores a real A/B pair after leaving and returning to the validation center
2026-10-02T09:45:17.9075778Z [22m[39mWarning: [antd: Card] `bordered` is deprecated. Please use `variant` instead.
2026-10-02T09:45:17.9076634Z 
2026-10-02T09:45:17.9488027Z [90mstderr[2m | src/components/SkillABPanel.test.jsx[2m > [22m[2mSkillABPanel[2m > [22m[2mrestores a real A/B pair after leaving and returning to the validation center
2026-10-02T09:45:17.9505676Z [22m[39mWarning: [antd: Card] `bordered` is deprecated. Please use `variant` instead.
2026-10-02T09:45:17.9506155Z 
2026-10-02T09:45:17.9692729Z [90mstderr[2m | src/components/SkillABPanel.test.jsx[2m > [22m[2mSkillABPanel[2m > [22m[2mrestores a real A/B pair after leaving and returning to the validation center
2026-10-02T09:45:17.9722047Z [22m[39mWarning: [antd: Card] `bordered` is deprecated. Please use `variant` instead.
2026-10-02T09:45:17.9792162Z 
2026-10-02T09:45:18.0000373Z [90mstderr[2m | src/components/SkillABPanel.test.jsx[2m > [22m[2mSkillABPanel[2m > [22m[2mrestores a real A/B pair after leaving and returning to the validation center
2026-10-02T09:45:18.0002319Z [22m[39mWarning: [antd: Card] `bordered` is deprecated. Please use `variant` instead.
2026-10-02T09:45:18.0003012Z 
2026-10-02T09:45:18.1442210Z  [32m✓[39m src/hooks/useSSE.test.jsx [2m([22m[2m13 tests[22m[2m)[22m[32m 51[2mms[22m[39m
2026-10-02T09:45:18.1708853Z [90mstderr[2m | src/components/SkillABPanel.test.jsx[2m > [22m[2mSkillABPanel[2m > [22m[2mrestores a real A/B pair after leaving and returning to the validation center
2026-10-02T09:45:18.1712294Z [22m[39mWarning: [antd: Card] `bordered` is deprecated. Please use `variant` instead.
2026-10-02T09:45:18.1739898Z Warning: [antd: Card] `bordered` is deprecated. Please use `variant` instead.
2026-10-02T09:45:18.1740816Z 
2026-10-02T09:45:18.1744017Z [90mstderr[2m | src/components/SkillABPanel.test.jsx[2m > [22m[2mSkillABPanel[2m > [22m[2mrestores a real A/B pair after leaving and returning to the validation center
2026-10-02T09:45:18.1745136Z [22m[39mWarning: [antd: Card] `bordered` is deprecated. Please use `variant` instead.
2026-10-02T09:45:18.1745542Z 
2026-10-02T09:45:18.1967096Z [90mstderr[2m | src/components/SkillABPanel.test.jsx[2m > [22m[2mSkillABPanel[2m > [22m[2mrestores a real A/B pair after leaving and returning to the validation center
2026-10-02T09:45:18.1968125Z [22m[39mWarning: [antd: Card] `bordered` is deprecated. Please use `variant` instead.
2026-10-02T09:45:18.1968723Z 
2026-10-02T09:45:18.2204776Z [90mstderr[2m | src/components/SkillABPanel.test.jsx[2m > [22m[2mSkillABPanel[2m > [22m[2mrestores a real A/B pair after leaving and returning to the validation center
2026-10-02T09:45:18.2218625Z [22m[39mWarning: [antd: Card] `bordered` is deprecated. Please use `variant` instead.
2026-10-02T09:45:18.2219282Z 
2026-10-02T09:45:18.2536246Z  [32m✓[39m src/components/SkillABPanel.test.jsx [2m([22m[2m5 tests[22m[2m)[22m[33m 2150[2mms[22m[39m
2026-10-02T09:45:18.2538642Z      [33m[2m✓[22m[39m creates real AUTO and DISABLED diagnoses and reports only observed metrics [33m 1188[2mms[22m[39m
2026-10-02T09:45:18.2539764Z      [33m[2m✓[22m[39m keeps an earlier supported hypothesis visible when a later branch is insufficient [33m 391[2mms[22m[39m
2026-10-02T09:45:18.2559428Z      [33m[2m✓[22m[39m restores a real A/B pair after leaving and returning to the validation center [33m 566[2mms[22m[39m
2026-10-02T09:45:18.9945865Z  [32m✓[39m src/utils/reportPresentation.test.js [2m([22m[2m31 tests[22m[2m)[22m[32m 10[2mms[22m[39m
2026-10-02T09:45:19.8189824Z  [32m✓[39m src/utils/observationAssessment.test.js [2m([22m[2m20 tests[22m[2m)[22m[32m 6[2mms[22m[39m
2026-10-02T09:45:22.2709009Z Not implemented: Window's getComputedStyle() method: with pseudo-elements
2026-10-02T09:45:22.6331195Z  [32m✓[39m src/components/ChatThread.test.jsx [2m([22m[2m9 tests[22m[2m)[22m[33m 1050[2mms[22m[39m
2026-10-02T09:45:22.6352979Z      [33m[2m✓[22m[39m keeps fix verification disabled for an observation in simple mode [33m 355[2mms[22m[39m
2026-10-02T09:45:22.8654751Z Not implemented: Window's getComputedStyle() method: with pseudo-elements
2026-10-02T09:45:23.0303212Z Not implemented: Window's getComputedStyle() method: with pseudo-elements
2026-10-02T09:45:23.0724597Z  [32m✓[39m src/components/EngineeringDiagnosisSummary.test.jsx [2m([22m[2m5 tests[22m[2m)[22m[33m 1417[2mms[22m[39m
2026-10-02T09:45:23.0727153Z    [33m[2m✓[22m[39m shows engineering acceptance separately from localization, refutation and untouched cases [33m 1101[2mms[22m[39m
2026-10-02T09:45:23.9407200Z  [32m✓[39m src/utils/diagnosisDisplay.test.js [2m([22m[2m6 tests[22m[2m)[22m[32m 10[2mms[22m[39m
2026-10-02T09:45:26.0732503Z  [32m✓[39m src/components/LatsReplayPanel.test.jsx [2m([22m[2m2 tests[22m[2m)[22m[33m 665[2mms[22m[39m
2026-10-02T09:45:26.0752458Z      [33m[2m✓[22m[39m creates a fresh UUID session and opens the returned diagnosis immediately [33m 579[2mms[22m[39m
2026-10-02T09:45:28.2395053Z Not implemented: Window's getComputedStyle() method: with pseudo-elements
2026-10-02T09:45:28.2620671Z [90mstderr[2m | src/pages/TaskResult.test.jsx[2m > [22m[2mTaskResult collection boundary[2m > [22m[2mrejects an explicit zero-sample artifact instead of rendering an empty flamegraph
2026-10-02T09:45:28.2623166Z [22m[39mWarning: [antd: Table] `index` parameter of `rowKey` function is deprecated. There is no guarantee that it will work as expected.
2026-10-02T09:45:28.2651458Z 
2026-10-02T09:45:28.2653141Z [90mstderr[2m | src/pages/TaskResult.test.jsx[2m > [22m[2mTaskResult collection boundary[2m > [22m[2mrejects an explicit zero-sample artifact instead of rendering an empty flamegraph
2026-10-02T09:45:28.2663901Z [22m[39mWarning: [antd: Table] `index` parameter of `rowKey` function is deprecated. There is no guarantee that it will work as expected.
2026-10-02T09:45:28.2664781Z 
2026-10-02T09:45:28.6801826Z Not implemented: Window's getComputedStyle() method: with pseudo-elements
2026-10-02T09:45:28.6985721Z Not implemented: Window's getComputedStyle() method: with pseudo-elements
2026-10-02T09:45:28.7103284Z [90mstderr[2m | src/pages/TaskResult.test.jsx[2m > [22m[2mTaskResult collection boundary[2m > [22m[2mrenders continuous window outcomes in Chinese
2026-10-02T09:45:28.7105146Z [22m[39mWarning: [antd: Table] `index` parameter of `rowKey` function is deprecated. There is no guarantee that it will work as expected.
2026-10-02T09:45:28.7106064Z 
2026-10-02T09:45:28.7305135Z [90mstderr[2m | src/pages/TaskResult.test.jsx[2m > [22m[2mTaskResult collection boundary[2m > [22m[2mrenders continuous window outcomes in Chinese
2026-10-02T09:45:28.7311831Z [22m[39mWarning: [antd: Table] `index` parameter of `rowKey` function is deprecated. There is no guarantee that it will work as expected.
2026-10-02T09:45:28.7312744Z 
2026-10-02T09:45:28.7541217Z  [32m✓[39m src/pages/TaskResult.test.jsx [2m([22m[2m4 tests[22m[2m)[22m[33m 1379[2mms[22m[39m
2026-10-02T09:45:28.7562252Z      [33m[2m✓[22m[39m renders collection results and points diagnosis to the V2 workspace [33m 602[2mms[22m[39m
2026-10-02T09:45:28.7563538Z      [33m[2m✓[22m[39m rejects an explicit zero-sample artifact instead of rendering an empty flamegraph [33m 537[2mms[22m[39m
2026-10-02T09:45:28.8533173Z  [32m✓[39m src/components/HealthCheckActions.test.jsx [2m([22m[2m5 tests[22m[2m)[22m[33m 805[2mms[22m[39m
2026-10-02T09:45:28.8534362Z      [33m[2m✓[22m[39m creates a fresh sampling session for NORMAL_OBSERVED [33m 563[2mms[22m[39m
2026-10-02T09:45:29.7903307Z  [32m✓[39m src/hooks/SSEContext.test.jsx [2m([22m[2m4 tests[22m[2m)[22m[32m 153[2mms[22m[39m
2026-10-02T09:45:32.7202075Z  [32m✓[39m src/components/EngineeringCasesPanel.test.jsx [2m([22m[2m11 tests[22m[2m)[22m[33m 1075[2mms[22m[39m
2026-10-02T09:45:32.7202907Z    [33m[2m✓[22m[39m shows actual before/after evidence and does not claim automated AI root acceptance [33m 750[2mms[22m[39m
2026-10-02T09:45:33.0878918Z Not implemented: Window's getComputedStyle() method: with pseudo-elements
2026-10-02T09:45:33.3226161Z  [32m✓[39m src/components/ToolCallCard.test.jsx [2m([22m[2m3 tests[22m[2m)[22m[33m 1183[2mms[22m[39m
2026-10-02T09:45:33.3240634Z      [33m[2m✓[22m[39m shows approve/reject for a pending approval tool [33m 511[2mms[22m[39m
2026-10-02T09:45:33.3243266Z      [33m[2m✓[22m[39m keeps the server-bound agent and PID immutable while editing sampling parameters [33m 620[2mms[22m[39m
2026-10-02T09:45:36.8489171Z  [32m✓[39m src/components/AppLayout.test.jsx [2m([22m[2m4 tests[22m[2m)[22m[33m 739[2mms[22m[39m
2026-10-02T09:45:36.8490312Z      [33m[2m✓[22m[39m shows the fallback indicator until the shared stream opens [33m 478[2mms[22m[39m
2026-10-02T09:45:37.8591898Z  [32m✓[39m src/components/FlamegraphViewer.test.jsx [2m([22m[2m4 tests[22m[2m)[22m[33m 2239[2mms[22m[39m
2026-10-02T09:45:37.8592972Z      [33m[2m✓[22m[39m renders a 10k-node flamegraph without crashing [33m 486[2mms[22m[39m
2026-10-02T09:45:37.8594015Z      [33m[2m✓[22m[39m renders Java HTML as SVG data without inserting an executable iframe [33m 834[2mms[22m[39m
2026-10-02T09:45:37.8594857Z      [33m[2m✓[22m[39m does not show a late response from the previously selected task [33m 897[2mms[22m[39m
2026-10-02T09:45:40.0763146Z Not implemented: Window's getComputedStyle() method: with pseudo-elements
2026-10-02T09:45:40.3946929Z Not implemented: Window's getComputedStyle() method: with pseudo-elements
2026-10-02T09:45:40.5714810Z Not implemented: Window's getComputedStyle() method: with pseudo-elements
2026-10-02T09:45:40.7083413Z  [32m✓[39m src/components/MentorComplexShowcase.test.jsx [2m([22m[2m2 tests[22m[2m)[22m[33m 1331[2mms[22m[39m
2026-10-02T09:45:40.7084743Z      [33m[2m✓[22m[39m replays only the diagnosis passed by the active workspace [33m 794[2mms[22m[39m
2026-10-02T09:45:40.7086123Z      [33m[2m✓[22m[39m shows the candidate Skill produced by the same diagnosis [33m 534[2mms[22m[39m
2026-10-02T09:45:40.7222166Z Not implemented: Window's getComputedStyle() method: with pseudo-elements
2026-10-02T09:45:40.7997497Z  [32m✓[39m src/components/BusinessAcceptancePanel.test.jsx [2m([22m[2m4 tests[22m[2m)[22m[33m 1099[2mms[22m[39m
2026-10-02T09:45:40.7998980Z    [33m[2m✓[22m[39m does not turn missing evidence into a passing result [33m 553[2mms[22m[39m
2026-10-02T09:45:40.7999947Z    [33m[2m✓[22m[39m shows fallback separately from full recovery and AI diagnosis [33m 325[2mms[22m[39m
2026-10-02T09:45:44.1803405Z Not implemented: Window's getComputedStyle() method: with pseudo-elements
2026-10-02T09:45:44.1893102Z [90mstderr[2m | src/pages/AgentDetail.test.jsx[2m > [22m[2mignores late responses from another agent and resets the trend on navigation
2026-10-02T09:45:44.1894608Z [22m[39mWarning: [antd: Descriptions] `labelStyle` is deprecated. Please use `styles={{ label: {} }}` instead.
2026-10-02T09:45:44.1895767Z Warning: [antd: Descriptions] `contentStyle` is deprecated. Please use `styles={{ content: {} }}` instead.
2026-10-02T09:45:44.1896903Z Warning: [antd: Descriptions] Sum of column `span` in a line not match `column` of Descriptions.
2026-10-02T09:45:44.1897356Z 
2026-10-02T09:45:44.2002424Z [90mstderr[2m | src/pages/AgentDetail.test.jsx[2m > [22m[2mignores late responses from another agent and resets the trend on navigation
2026-10-02T09:45:44.2057228Z [22m[39mWarning: [antd: Descriptions] `labelStyle` is deprecated. Please use `styles={{ label: {} }}` instead.
2026-10-02T09:45:44.2063675Z Warning: [antd: Descriptions] `contentStyle` is deprecated. Please use `styles={{ content: {} }}` instead.
2026-10-02T09:45:44.2091789Z Warning: [antd: Descriptions] Sum of column `span` in a line not match `column` of Descriptions.
2026-10-02T09:45:44.2092259Z 
2026-10-02T09:45:44.2162158Z [90mstderr[2m | src/pages/AgentDetail.test.jsx[2m > [22m[2mignores late responses from another agent and resets the trend on navigation
2026-10-02T09:45:44.2163525Z [22m[39mWarning: [antd: Descriptions] `labelStyle` is deprecated. Please use `styles={{ label: {} }}` instead.
2026-10-02T09:45:44.2164697Z Warning: [antd: Descriptions] `contentStyle` is deprecated. Please use `styles={{ content: {} }}` instead.
2026-10-02T09:45:44.2165853Z Warning: [antd: Descriptions] Sum of column `span` in a line not match `column` of Descriptions.
2026-10-02T09:45:44.2191400Z 
2026-10-02T09:45:44.2348379Z [90mstderr[2m | src/pages/AgentDetail.test.jsx[2m > [22m[2mignores late responses from another agent and resets the trend on navigation
2026-10-02T09:45:44.2350224Z [22m[39mWarning: [antd: Descriptions] `labelStyle` is deprecated. Please use `styles={{ label: {} }}` instead.
2026-10-02T09:45:44.2351462Z Warning: [antd: Descriptions] `contentStyle` is deprecated. Please use `styles={{ content: {} }}` instead.
2026-10-02T09:45:44.2352438Z Warning: [antd: Descriptions] Sum of column `span` in a line not match `column` of Descriptions.
2026-10-02T09:45:44.2352892Z 
2026-10-02T09:45:44.4479940Z [90mstderr[2m | src/pages/AgentDetail.test.jsx[2m > [22m[2mignores late responses from another agent and resets the trend on navigation
2026-10-02T09:45:44.4481687Z [22m[39mWarning: [antd: Descriptions] `labelStyle` is deprecated. Please use `styles={{ label: {} }}` instead.
2026-10-02T09:45:44.4483435Z Warning: [antd: Descriptions] `contentStyle` is deprecated. Please use `styles={{ content: {} }}` instead.
2026-10-02T09:45:44.4484673Z Warning: [antd: Descriptions] Sum of column `span` in a line not match `column` of Descriptions.
2026-10-02T09:45:44.4485297Z 
2026-10-02T09:45:44.5491474Z Not implemented: Window's getComputedStyle() method: with pseudo-elements
2026-10-02T09:45:44.5592812Z [90mstderr[2m | src/pages/AgentDetail.test.jsx[2m > [22m[2mignores late responses from another agent and resets the trend on navigation
2026-10-02T09:45:44.5622493Z [22m[39mWarning: [antd: Descriptions] `labelStyle` is deprecated. Please use `styles={{ label: {} }}` instead.
2026-10-02T09:45:44.5652011Z Warning: [antd: Descriptions] `contentStyle` is deprecated. Please use `styles={{ content: {} }}` instead.
2026-10-02T09:45:44.5653068Z Warning: [antd: Descriptions] Sum of column `span` in a line not match `column` of Descriptions.
2026-10-02T09:45:44.5653508Z 
2026-10-02T09:45:44.5654441Z [90mstderr[2m | src/pages/AgentDetail.test.jsx[2m > [22m[2mignores late responses from another agent and resets the trend on navigation
2026-10-02T09:45:44.5655676Z [22m[39mWarning: [antd: Descriptions] `labelStyle` is deprecated. Please use `styles={{ label: {} }}` instead.
2026-10-02T09:45:44.5656719Z Warning: [antd: Descriptions] `contentStyle` is deprecated. Please use `styles={{ content: {} }}` instead.
2026-10-02T09:45:44.5657620Z Warning: [antd: Descriptions] Sum of column `span` in a line not match `column` of Descriptions.
2026-10-02T09:45:44.5658024Z 
2026-10-02T09:45:44.7713273Z  [32m✓[39m src/components/PlanningOutputCard.test.jsx [2m([22m[2m10 tests[22m[2m)[22m[33m 575[2mms[22m[39m
2026-10-02T09:45:44.7877312Z Not implemented: Window's getComputedStyle() method: with pseudo-elements
2026-10-02T09:45:44.7984055Z [90mstderr[2m | src/pages/AgentDetail.test.jsx[2m > [22m[2mshows a request error and retry instead of only claiming the agent does not exist
2026-10-02T09:45:44.7986813Z [22m[39mWarning: [antd: Descriptions] `labelStyle` is deprecated. Please use `styles={{ label: {} }}` instead.
2026-10-02T09:45:44.7988088Z Warning: [antd: Descriptions] `contentStyle` is deprecated. Please use `styles={{ content: {} }}` instead.
2026-10-02T09:45:44.7989213Z Warning: [antd: Descriptions] Sum of column `span` in a line not match `column` of Descriptions.
2026-10-02T09:45:44.7989876Z 
2026-10-02T09:45:44.8048747Z [90mstderr[2m | src/pages/AgentDetail.test.jsx[2m > [22m[2mshows a request error and retry instead of only claiming the agent does not exist
2026-10-02T09:45:44.8052986Z [22m[39mWarning: [antd: Descriptions] `labelStyle` is deprecated. Please use `styles={{ label: {} }}` instead.
2026-10-02T09:45:44.8054147Z Warning: [antd: Descriptions] `contentStyle` is deprecated. Please use `styles={{ content: {} }}` instead.
2026-10-02T09:45:44.8055131Z Warning: [antd: Descriptions] Sum of column `span` in a line not match `column` of Descriptions.
2026-10-02T09:45:44.8055700Z 
2026-10-02T09:45:44.8099929Z  [32m✓[39m src/pages/AgentDetail.test.jsx [2m([22m[2m2 tests[22m[2m)[22m[33m 1402[2mms[22m[39m
2026-10-02T09:45:44.8119378Z    [33m[2m✓[22m[39m ignores late responses from another agent and resets the trend on navigation [33m 1178[2mms[22m[39m
2026-10-02T09:45:47.8672858Z  [32m✓[39m src/components/EvalPanel.test.jsx [2m([22m[2m2 tests[22m[2m)[22m[33m 399[2mms[22m[39m
2026-10-02T09:45:47.8702795Z      [33m[2m✓[22m[39m defaults to performance experiments and keeps engineering regressions separate [33m 346[2mms[22m[39m
2026-10-02T09:45:47.9787854Z  [32m✓[39m src/components/DiagnosisSkillOutcomeCard.test.jsx [2m([22m[2m2 tests[22m[2m)[22m[33m 847[2mms[22m[39m
2026-10-02T09:45:47.9789145Z      [33m[2m✓[22m[39m shows the Skill produced by a verified diagnosis and exposes its gates [33m 720[2mms[22m[39m
2026-10-02T09:45:48.8525924Z  [32m✓[39m src/hooks/usePolling.test.jsx [2m([22m[2m3 tests[22m[2m)[22m[32m 41[2mms[22m[39m
2026-10-02T09:45:50.2404831Z  [32m✓[39m src/components/DiagnosisPathPanel.test.jsx [2m([22m[2m2 tests[22m[2m)[22m[33m 430[2mms[22m[39m
2026-10-02T09:45:50.2406274Z      [33m[2m✓[22m[39m shows Chinese event and actor labels, with raw protocol codes in secondary details [33m 424[2mms[22m[39m
2026-10-02T09:45:51.9811800Z [90mstderr[2m | src/components/SkillExperimentPanel.test.jsx[2m > [22m[2mSkillExperimentPanel[2m > [22m[2muses the server-assigned arm and never asks the browser to choose one
2026-10-02T09:45:51.9813480Z [22m[39mWarning: [antd: Card] `bordered` is deprecated. Please use `variant` instead.
2026-10-02T09:45:51.9814597Z Warning: [antd: Card] `bordered` is deprecated. Please use `variant` instead.
2026-10-02T09:45:51.9815176Z 
2026-10-02T09:45:52.2591171Z Not implemented: Window's getComputedStyle() method: with pseudo-elements
2026-10-02T09:45:52.2628304Z [90mstderr[2m | src/components/SkillExperimentPanel.test.jsx[2m > [22m[2mSkillExperimentPanel[2m > [22m[2muses the server-assigned arm and never asks the browser to choose one
2026-10-02T09:45:52.2629217Z [22m[39mWarning: [antd: Card] `bordered` is deprecated. Please use `variant` instead.
2026-10-02T09:45:52.2629487Z 
2026-10-02T09:45:52.4521771Z [90mstderr[2m | src/components/SkillExperimentPanel.test.jsx[2m > [22m[2mSkillExperimentPanel[2m > [22m[2muses the server-assigned arm and never asks the browser to choose one
2026-10-02T09:45:52.4523567Z [22m[39mWarning: [antd: Card] `bordered` is deprecated. Please use `variant` instead.
2026-10-02T09:45:52.4524248Z 
2026-10-02T09:45:52.4656391Z [90mstderr[2m | src/components/SkillExperimentPanel.test.jsx[2m > [22m[2mSkillExperimentPanel[2m > [22m[2muses the server-assigned arm and never asks the browser to choose one
2026-10-02T09:45:52.4682114Z [22m[39mWarning: [antd: Card] `bordered` is deprecated. Please use `variant` instead.
2026-10-02T09:45:52.4711428Z 
2026-10-02T09:45:52.4803702Z [90mstderr[2m | src/components/SkillExperimentPanel.test.jsx[2m > [22m[2mSkillExperimentPanel[2m > [22m[2muses the server-assigned arm and never asks the browser to choose one
2026-10-02T09:45:52.4806239Z [22m[39mWarning: [antd: Card] `bordered` is deprecated. Please use `variant` instead.
2026-10-02T09:45:52.4806984Z 
2026-10-02T09:45:52.5015473Z  [32m✓[39m src/components/SkillExperimentPanel.test.jsx [2m([22m[2m1 test[22m[2m)[22m[33m 990[2mms[22m[39m
2026-10-02T09:45:52.5017411Z      [33m[2m✓[22m[39m uses the server-assigned arm and never asks the browser to choose one [33m 987[2mms[22m[39m
2026-10-02T09:45:53.4139888Z Not implemented: Window's getComputedStyle() method: with pseudo-elements
2026-10-02T09:45:53.4940021Z Not implemented: Window's getComputedStyle() method: with pseudo-elements
2026-10-02T09:45:53.8504267Z Not implemented: Window's getComputedStyle() method: with pseudo-elements
2026-10-02T09:45:53.9092230Z  [32m✓[39m src/components/FixVerificationPanel.test.jsx [2m([22m[2m3 tests[22m[2m)[22m[33m 874[2mms[22m[39m
2026-10-02T09:45:53.9093649Z      [33m[2m✓[22m[39m shows an explicit unverified outcome when no repair records exist [33m 407[2mms[22m[39m
2026-10-02T09:45:54.8493318Z  [32m✓[39m src/components/PlannerBlock.test.jsx [2m([22m[2m1 test[22m[2m)[22m[33m 347[2mms[22m[39m
2026-10-02T09:45:54.8513093Z      [33m[2m✓[22m[39m merges cross-round paraphrases while keeping the latest state and unique causes [33m 344[2mms[22m[39m
2026-10-02T09:45:55.7205169Z  [32m✓[39m src/components/PerformanceDiagnosisSummary.test.jsx [2m([22m[2m3 tests[22m[2m)[22m[32m 33[2mms[22m[39m
2026-10-02T09:45:56.8695021Z  [32m✓[39m src/components/EvidenceCard.test.jsx [2m([22m[2m2 tests[22m[2m)[22m[32m 278[2mms[22m[39m
2026-10-02T09:45:57.6635277Z  [32m✓[39m src/utils/asyncProfiler.test.js [2m([22m[2m8 tests[22m[2m)[22m[32m 8[2mms[22m[39m
2026-10-02T09:45:58.9635019Z Not implemented: Window's getComputedStyle() method: with pseudo-elements
2026-10-02T09:45:59.1204633Z Not implemented: Window's getComputedStyle() method: with pseudo-elements
2026-10-02T09:45:59.2235048Z Not implemented: Window's getComputedStyle() method: with pseudo-elements
2026-10-02T09:45:59.5285329Z Not implemented: Window's getComputedStyle() method: with pseudo-elements
2026-10-02T09:45:59.5662250Z  [32m✓[39m src/pages/Schedules.test.jsx [2m([22m[2m3 tests[22m[2m)[22m[33m 1162[2mms[22m[39m
2026-10-02T09:45:59.5663503Z      [33m[2m✓[22m[39m renders the schedule list [33m 652[2mms[22m[39m
2026-10-02T09:45:59.5667330Z      [33m[2m✓[22m[39m opens the creation drawer from the primary action [33m 401[2mms[22m[39m
2026-10-02T09:45:59.9379516Z  [32m✓[39m src/components/DiagnosisFinding.test.jsx [2m([22m[2m2 tests[22m[2m)[22m[32m 201[2mms[22m[39m
2026-10-02T09:46:00.5817099Z  [32m✓[39m src/components/SafeMarkdown.test.jsx [2m([22m[2m4 tests[22m[2m)[22m[32m 60[2mms[22m[39m
2026-10-02T09:46:00.7905438Z  [32m✓[39m src/utils/sysMetrics.test.js [2m([22m[2m3 tests[22m[2m)[22m[32m 5[2mms[22m[39m
2026-10-02T09:46:03.1093049Z  [32m✓[39m src/components/EngineeringDiagnosisSummary.integrity.test.jsx [2m([22m[2m4 tests[22m[2m)[22m[33m 484[2mms[22m[39m
2026-10-02T09:46:03.1093847Z    [33m[2m✓[22m[39m rejects an inconsistent refutation aggregate: inflated [33m 388[2mms[22m[39m
2026-10-02T09:46:03.7643777Z  [32m✓[39m src/components/DiagnosisCaseList.test.jsx [2m([22m[2m1 test[22m[2m)[22m[33m 450[2mms[22m[39m
2026-10-02T09:46:03.7644555Z      [33m[2m✓[22m[39m separates FULL_LATS frozen replay sessions from ordinary live diagnoses [33m 447[2mms[22m[39m
2026-10-02T09:46:03.9761986Z  [32m✓[39m src/utils/latsReplay.test.js [2m([22m[2m3 tests[22m[2m)[22m[32m 4[2mms[22m[39m
2026-10-02T09:46:04.8049139Z  [32m✓[39m src/utils/parseJsonPayload.test.js [2m([22m[2m2 tests[22m[2m)[22m[32m 4[2mms[22m[39m
2026-10-02T09:46:05.5983794Z  [32m✓[39m src/utils/agentMetrics.test.js [2m([22m[2m2 tests[22m[2m)[22m[32m 3[2mms[22m[39m
2026-10-02T09:46:05.9086267Z  [32m✓[39m src/components/RetrievalOutcomeNotice.test.jsx [2m([22m[2m3 tests[22m[2m)[22m[32m 178[2mms[22m[39m
2026-10-02T09:46:06.4524904Z  [32m✓[39m src/utils/parseJsonOffMainThread.test.js [2m([22m[2m1 test[22m[2m)[22m[32m 6[2mms[22m[39m
2026-10-02T09:46:06.7641600Z  [32m✓[39m src/utils/diagnosisQuery.test.js [2m([22m[2m3 tests[22m[2m)[22m[32m 3[2mms[22m[39m
2026-10-02T09:46:07.7513913Z  [32m✓[39m src/utils/skillBenchmark.test.js [2m([22m[2m7 tests[22m[2m)[22m[32m 4[2mms[22m[39m
2026-10-02T09:46:08.5442732Z  [32m✓[39m src/utils/latsSearch.test.js [2m([22m[2m8 tests[22m[2m)[22m[32m 4[2mms[22m[39m
2026-10-02T09:46:08.6387283Z  [32m✓[39m src/components/StatusTag.test.jsx [2m([22m[2m2 tests[22m[2m)[22m[32m 214[2mms[22m[39m
2026-10-02T09:46:08.6418654Z 
2026-10-02T09:46:08.6423491Z [2m Test Files [22m [1m[32m52 passed[39m[22m[90m (52)[39m
2026-10-02T09:46:08.6425047Z [2m      Tests [22m [1m[32m330 passed[39m[22m[90m (330)[39m
2026-10-02T09:46:08.6425654Z [2m   Start at [22m 09:44:51
2026-10-02T09:46:08.6427308Z [2m   Duration [22m 77.50s[2m (transform 1.84s, setup 5.26s, import 63.13s, tests 48.87s, environment 31.45s)[22m
2026-10-02T09:46:08.6428943Z 
2026-10-02T09:46:08.6928142Z ##[group]Run npm run audit:prod
2026-10-02T09:46:08.6928413Z [36;1mnpm run audit:prod[0m
2026-10-02T09:46:08.6989002Z shell: /usr/bin/bash -e {0}
2026-10-02T09:46:08.6989222Z ##[endgroup]
2026-10-02T09:46:08.7803864Z 
2026-10-02T09:46:08.7804439Z > mini-drop-web@0.1.0 audit:prod
2026-10-02T09:46:08.7805189Z > npm audit --omit=dev --audit-level=high --registry=https://registry.npmjs.org
2026-10-02T09:46:08.7805617Z 
2026-10-02T09:46:09.1499450Z # npm audit report
2026-10-02T09:46:09.1499642Z 
2026-10-02T09:46:09.1499757Z dompurify  3.4.13 - 3.4.15
2026-10-02T09:46:09.1500473Z DOMPurify: IN_PLACE: node-removing afterSanitize hook leaves detached subtree event handlers armed, causing DOM XSS - https://github.com/advisories/GHSA-p98j-92pf-mc4p
2026-10-02T09:46:09.1501261Z fix available via `npm audit fix`
2026-10-02T09:46:09.1501502Z node_modules/dompurify
2026-10-02T09:46:09.1501615Z 
2026-10-02T09:46:09.1501715Z 1 low severity vulnerability
2026-10-02T09:46:09.1501850Z 
2026-10-02T09:46:09.1502017Z To address all issues, run:
2026-10-02T09:46:09.1502492Z   npm audit fix
2026-10-02T09:46:09.1660566Z ##[group]Run npm run build:check
2026-10-02T09:46:09.1660819Z [36;1mnpm run build:check[0m
2026-10-02T09:46:09.1723368Z shell: /usr/bin/bash -e {0}
2026-10-02T09:46:09.1723584Z ##[endgroup]
2026-10-02T09:46:09.2536521Z 
2026-10-02T09:46:09.2537110Z > mini-drop-web@0.1.0 build:check
2026-10-02T09:46:09.2537669Z > vite build && node ../scripts/check_web_bundle.mjs
2026-10-02T09:46:09.2537862Z 
2026-10-02T09:46:09.4422874Z [36mvite v8.2.2 [32mbuilding client environment for production...[36m[39m
2026-10-02T09:46:09.4492576Z transforming...
2026-10-02T09:46:09.9648651Z ✓ 4597 modules transformed.
2026-10-02T09:46:10.1315452Z rendering chunks...
2026-10-02T09:46:10.3022121Z computing gzip size...
2026-10-02T09:46:10.3172482Z dist/index.html                                0.79 kB │ gzip:   0.42 kB
2026-10-02T09:46:10.3173052Z dist/assets/parseJson.worker-mxB42-VK.js       0.83 kB
2026-10-02T09:46:10.3173525Z dist/assets/TaskResult-BAn5yWN7.css            0.32 kB │ gzip:   0.24 kB
2026-10-02T09:46:10.3174136Z dist/assets/flamegraph-VXIZzpiT.css            0.60 kB │ gzip:   0.32 kB
2026-10-02T09:46:10.3174605Z dist/assets/index-IZHbRe47.css                 8.44 kB │ gzip:   2.63 kB
2026-10-02T09:46:10.3175063Z dist/assets/AIDiagnosis-ChKDK5_y.css          90.44 kB │ gzip:  16.76 kB
2026-10-02T09:46:10.3175543Z dist/assets/ErrorAlert-903HQ4EN.js             0.23 kB │ gzip:   0.19 kB
2026-10-02T09:46:10.3176138Z dist/assets/ArrowLeftOutlined-D5Rce3sA.js      0.60 kB │ gzip:   0.44 kB
2026-10-02T09:46:10.3176686Z dist/assets/rolldown-runtime-B0Z9INg1.js       0.90 kB │ gzip:   0.51 kB
2026-10-02T09:46:10.3177230Z dist/assets/agentMetrics-CZoJGXne.js           1.09 kB │ gzip:   0.67 kB
2026-10-02T09:46:10.3177699Z dist/assets/CloudServerOutlined-nqMoSLwN.js    1.33 kB │ gzip:   0.78 kB
2026-10-02T09:46:10.3178169Z dist/assets/StatusTag-AVBiLPOz.js              2.03 kB │ gzip:   0.82 kB
2026-10-02T09:46:10.3178630Z dist/assets/AuditLogs-CLKuAA5c.js              3.87 kB │ gzip:   1.88 kB
2026-10-02T09:46:10.3179088Z dist/assets/row-D_0PZE5A.js                    5.51 kB │ gzip:   2.24 kB
2026-10-02T09:46:10.3179524Z dist/assets/collectors-9W4-i_vQ.js             6.12 kB │ gzip:   1.78 kB
2026-10-02T09:46:10.3179968Z dist/assets/alert-C2yT8MYA.js                  6.35 kB │ gzip:   2.66 kB
2026-10-02T09:46:10.3180411Z dist/assets/AgentDetail-jxoIQzEZ.js            7.71 kB │ gzip:   3.15 kB
2026-10-02T09:46:10.3180872Z dist/assets/ThunderboltOutlined-_zhhsc5p.js   10.29 kB │ gzip:   4.07 kB
2026-10-02T09:46:10.3181547Z dist/assets/usePolling-CeSosOBk.js            16.17 kB │ gzip:   6.83 kB
2026-10-02T09:46:10.3182003Z dist/assets/Schedules-10l6wFhc.js             17.26 kB │ gzip:   5.82 kB
2026-10-02T09:46:10.3182449Z dist/assets/input-number-BLKstg1f.js          23.73 kB │ gzip:   8.20 kB
2026-10-02T09:46:10.3182887Z dist/assets/modal-CGyc8tVo.js                 27.89 kB │ gzip:   9.27 kB
2026-10-02T09:46:10.3183330Z dist/assets/TaskResult-E3zDOq9_.js            29.61 kB │ gzip:  10.78 kB
2026-10-02T09:46:10.3183790Z dist/assets/d3-OVqjLuRP.js                    36.91 kB │ gzip:  12.52 kB
2026-10-02T09:46:10.3184256Z dist/assets/PlayCircleOutlined-DDH4N-mk.js    37.49 kB │ gzip:  12.80 kB
2026-10-02T09:46:10.3184715Z dist/assets/axios-B0fvnqBc.js                 49.95 kB │ gzip:  18.75 kB
2026-10-02T09:46:10.3185257Z dist/assets/Dashboard-BffNcTwA.js             50.52 kB │ gzip:  16.62 kB
2026-10-02T09:46:10.3185830Z dist/assets/index-B_X_9XCC.js                 92.29 kB │ gzip:  32.17 kB
2026-10-02T09:46:10.3186440Z dist/assets/flamegraph-CSYLKD5W.js            96.97 kB │ gzip:  32.80 kB
2026-10-02T09:46:10.3187008Z dist/assets/react-C8_Uech3.js                178.38 kB │ gzip:  58.94 kB
2026-10-02T09:46:10.3187554Z dist/assets/table-B3EaWpvJ.js                343.42 kB │ gzip: 105.31 kB
2026-10-02T09:46:10.3188123Z dist/assets/SafeMarkdown-DTMU3vYp.js         389.11 kB │ gzip: 122.02 kB
2026-10-02T09:46:10.3188708Z dist/assets/client-C9stzVXG.js               397.22 kB │ gzip: 127.31 kB
2026-10-02T09:46:10.3190005Z dist/assets/AIDiagnosis-DcyjBW3x.js          427.34 kB │ gzip: 135.21 kB
2026-10-02T09:46:10.3190579Z dist/assets/echarts-C79zCWSK.js              612.21 kB │ gzip: 206.37 kB
2026-10-02T09:46:10.3190842Z 
2026-10-02T09:46:10.3191416Z [33m[plugin builtin:vite-reporter] 
2026-10-02T09:46:10.3191853Z (!) Some chunks are larger than 600 kB after minification. Consider:
2026-10-02T09:46:10.3192316Z - Using dynamic import() to code-split the application
2026-10-02T09:46:10.3193088Z - Use build.rolldownOptions.output.codeSplitting to improve chunking: https://rolldown.rs/reference/OutputOptions.codeSplitting
2026-10-02T09:46:10.3193965Z - Adjust chunk size limit for this warning via build.chunkSizeWarningLimit.[39m
2026-10-02T09:46:10.3194416Z [32m✓ built in 876ms[39m
2026-10-02T09:46:10.3741707Z web bundle check passed: entry 701.9 KiB across 5 files; largest chunk echarts-C79zCWSK.js 597.9 KiB
2026-10-02T09:46:10.3909040Z Post job cleanup.
2026-10-02T09:46:10.4939017Z (node:2514) [DEP0040] DeprecationWarning: The `punycode` module is deprecated. Please use a userland alternative instead.
2026-10-02T09:46:10.4939669Z (Use `node --trace-deprecation ...` to show where the warning was created)
2026-10-02T09:46:10.4941897Z Cache hit occurred on the primary key node-cache-Linux-x64-npm-a79428a48f53c819bdf3224c6f533bf526ae1b21f28f4ee918b0bcba5121d960, not saving cache.
2026-10-02T09:46:10.5087519Z Post job cleanup.
2026-10-02T09:46:10.5809020Z [command]/usr/bin/git version
2026-10-02T09:46:10.5846583Z git version 2.55.0
2026-10-02T09:46:10.5878896Z Temporarily overriding HOME='/home/runner/work/_temp/178b82f0-5616-4bc4-b021-6a36ec83d561' before making global git config changes
2026-10-02T09:46:10.5879872Z Adding repository directory to the temporary git global config as a safe directory
2026-10-02T09:46:10.5883984Z [command]/usr/bin/git config --global --add safe.directory /home/runner/work/mini-drop/mini-drop
2026-10-02T09:46:10.5920627Z [command]/usr/bin/git config --local --name-only --get-regexp core\.sshCommand
2026-10-02T09:46:10.5952952Z [command]/usr/bin/git submodule foreach --recursive sh -c "git config --local --name-only --get-regexp 'core\.sshCommand' && git config --local --unset-all 'core.sshCommand' || :"
2026-10-02T09:46:10.6202138Z [command]/usr/bin/git config --local --name-only --get-regexp http\.https\:\/\/github\.com\/\.extraheader
2026-10-02T09:46:10.6225704Z http.https://github.com/.extraheader
2026-10-02T09:46:10.6235099Z [command]/usr/bin/git config --local --unset-all http.https://github.com/.extraheader
2026-10-02T09:46:10.6270938Z [command]/usr/bin/git submodule foreach --recursive sh -c "git config --local --name-only --get-regexp 'http\.https\:\/\/github\.com\/\.extraheader' && git config --local --unset-all 'http.https://github.com/.extraheader' || :"
2026-10-02T09:46:10.6516359Z [command]/usr/bin/git config --local --name-only --get-regexp ^includeIf\.gitdir:
2026-10-02T09:46:10.6549099Z [command]/usr/bin/git submodule foreach --recursive git config --local --show-origin --name-only --get-regexp remote.origin.url
2026-10-02T09:46:10.6920569Z Cleaning up orphan processes
2026-10-02T09:46:10.7168373Z ##[warning]Node.js 20 is deprecated. The following actions target Node.js 20 but are being forced to run on Node.js 24: actions/checkout@v4, actions/setup-node@v4. For more information see: https://github.blog/changelog/2025-09-19-deprecation-of-node-20-on-github-actions-runners/
