2026-10-02T09:44:27.8168431Z Current runner version: '2.337.0'
2026-10-02T09:44:27.8187101Z ##[group]Runner Image Provisioner
2026-10-02T09:44:27.8187728Z Hosted Compute Agent
2026-10-02T09:44:27.8188205Z Version: 20260901.588
2026-10-02T09:44:27.8188634Z Commit: f88ec8081b781fac6c440065ac7ff9e710ce3d0b
2026-10-02T09:44:27.8189128Z Build Date: 2026-09-01T19:56:44Z
2026-10-02T09:44:27.8189674Z Worker ID: {abdb3ad1-da02-4534-81f0-6c0af6d0beb3}
2026-10-02T09:44:27.8190177Z Azure Region: centralus
2026-10-02T09:44:27.8190608Z ##[endgroup]
2026-10-02T09:44:27.8191541Z ##[group]Operating System
2026-10-02T09:44:27.8191941Z Ubuntu
2026-10-02T09:44:27.8192350Z 22.04.5
2026-10-02T09:44:27.8193017Z LTS
2026-10-02T09:44:27.8193430Z ##[endgroup]
2026-10-02T09:44:27.8193819Z ##[group]Runner Image
2026-10-02T09:44:27.8194247Z Image: ubuntu-22.04
2026-10-02T09:44:27.8194680Z Version: 20260927.309.1
2026-10-02T09:44:27.8195555Z Included Software: https://github.com/actions/runner-images/blob/ubuntu22/20260927.309/images/ubuntu/Ubuntu2204-Readme.md
2026-10-02T09:44:27.8196624Z Image Release: https://github.com/actions/runner-images/releases/tag/ubuntu22%2F20260927.309
2026-10-02T09:44:27.8197277Z ##[endgroup]
2026-10-02T09:44:27.8198117Z ##[group]GITHUB_TOKEN Permissions
2026-10-02T09:44:27.8199763Z Contents: read
2026-10-02T09:44:27.8200191Z Metadata: read
2026-10-02T09:44:27.8200584Z Packages: read
2026-10-02T09:44:27.8200966Z ##[endgroup]
2026-10-02T09:44:27.8202838Z Secret source: Actions
2026-10-02T09:44:27.8203525Z Cache mode: write
2026-10-02T09:44:27.8204025Z Prepare workflow directory
2026-10-02T09:44:27.8441991Z Prepare all required actions
2026-10-02T09:44:27.8481613Z Getting action download info
2026-10-02T09:44:28.1133251Z Download action repository 'actions/checkout@v4' (SHA:11d5960a326750d5838078e36cf38b85af677262)
2026-10-02T09:44:28.5144611Z Download action repository 'actions/upload-artifact@v4' (SHA:ea165f8d65b6e75b540449e92b4886f43607fa02)
2026-10-02T09:44:28.7472287Z Complete job name: Native (C++ agent, build + CTest)
2026-10-02T09:44:28.8010881Z ##[group]Run actions/checkout@v4
2026-10-02T09:44:28.8011544Z with:
2026-10-02T09:44:28.8011934Z   repository: llongwang751-arch/mini-drop
2026-10-02T09:44:28.8014893Z   token: ***
2026-10-02T09:44:28.8015327Z   ssh-strict: true
2026-10-02T09:44:28.8015705Z   ssh-user: git
2026-10-02T09:44:28.8016088Z   persist-credentials: true
2026-10-02T09:44:28.8016483Z   clean: true
2026-10-02T09:44:28.8016831Z   sparse-checkout-cone-mode: true
2026-10-02T09:44:28.8017281Z   fetch-depth: 1
2026-10-02T09:44:28.8017627Z   fetch-tags: false
2026-10-02T09:44:28.8018042Z   show-progress: true
2026-10-02T09:44:28.8018452Z   lfs: false
2026-10-02T09:44:28.8018773Z   submodules: false
2026-10-02T09:44:28.8019171Z   set-safe-directory: true
2026-10-02T09:44:28.8019575Z   allow-unsafe-pr-checkout: false
2026-10-02T09:44:28.8020189Z ##[endgroup]
2026-10-02T09:44:28.8832059Z Syncing repository: llongwang751-arch/mini-drop
2026-10-02T09:44:28.8833935Z ##[group]Getting Git version info
2026-10-02T09:44:28.8834813Z Working directory is '/home/runner/work/mini-drop/mini-drop'
2026-10-02T09:44:28.8835710Z [command]/usr/bin/git version
2026-10-02T09:44:29.0218705Z git version 2.55.0
2026-10-02T09:44:29.0234991Z ##[endgroup]
2026-10-02T09:44:29.0249868Z Temporarily overriding HOME='/home/runner/work/_temp/c173c944-c908-4f53-9cb0-05477b7aab13' before making global git config changes
2026-10-02T09:44:29.0251204Z Adding repository directory to the temporary git global config as a safe directory
2026-10-02T09:44:29.0255250Z [command]/usr/bin/git config --global --add safe.directory /home/runner/work/mini-drop/mini-drop
2026-10-02T09:44:29.0285565Z Deleting the contents of '/home/runner/work/mini-drop/mini-drop'
2026-10-02T09:44:29.0292817Z ##[group]Initializing the repository
2026-10-02T09:44:29.0293566Z [command]/usr/bin/git init /home/runner/work/mini-drop/mini-drop
2026-10-02T09:44:29.0373016Z hint: Using 'master' as the name for the initial branch. This default branch name
2026-10-02T09:44:29.0373868Z hint: will change to "main" in Git 3.0. To configure the initial branch name
2026-10-02T09:44:29.0375047Z hint: to use in all of your new repositories, which will suppress this warning,
2026-10-02T09:44:29.0375681Z hint: call:
2026-10-02T09:44:29.0376230Z hint:
2026-10-02T09:44:29.0376743Z hint: 	git config --global init.defaultBranch <name>
2026-10-02T09:44:29.0377287Z hint:
2026-10-02T09:44:29.0377777Z hint: Names commonly chosen instead of 'master' are 'main', 'trunk' and
2026-10-02T09:44:29.0378429Z hint: 'development'. The just-created branch can be renamed via this command:
2026-10-02T09:44:29.0379006Z hint:
2026-10-02T09:44:29.0379340Z hint: 	git branch -m <name>
2026-10-02T09:44:29.0379711Z hint:
2026-10-02T09:44:29.0380204Z hint: Disable this message with "git config set advice.defaultBranchName false"
2026-10-02T09:44:29.0381157Z Initialized empty Git repository in /home/runner/work/mini-drop/mini-drop/.git/
2026-10-02T09:44:29.0385555Z [command]/usr/bin/git remote add origin https://github.com/llongwang751-arch/mini-drop
2026-10-02T09:44:29.0429998Z ##[endgroup]
2026-10-02T09:44:29.0430949Z ##[group]Disabling automatic garbage collection
2026-10-02T09:44:29.0433365Z [command]/usr/bin/git config --local gc.auto 0
2026-10-02T09:44:29.0457241Z ##[endgroup]
2026-10-02T09:44:29.0457915Z ##[group]Setting up auth
2026-10-02T09:44:29.0461954Z [command]/usr/bin/git config --local --name-only --get-regexp core\.sshCommand
2026-10-02T09:44:29.0489624Z [command]/usr/bin/git submodule foreach --recursive sh -c "git config --local --name-only --get-regexp 'core\.sshCommand' && git config --local --unset-all 'core.sshCommand' || :"
2026-10-02T09:44:29.0740502Z [command]/usr/bin/git config --local --name-only --get-regexp http\.https\:\/\/github\.com\/\.extraheader
2026-10-02T09:44:29.0763195Z [command]/usr/bin/git submodule foreach --recursive sh -c "git config --local --name-only --get-regexp 'http\.https\:\/\/github\.com\/\.extraheader' && git config --local --unset-all 'http.https://github.com/.extraheader' || :"
2026-10-02T09:44:29.0917444Z [command]/usr/bin/git config --local --name-only --get-regexp ^includeIf\.gitdir:
2026-10-02T09:44:29.0941925Z [command]/usr/bin/git submodule foreach --recursive git config --local --show-origin --name-only --get-regexp remote.origin.url
2026-10-02T09:44:29.1100120Z [command]/usr/bin/git config --local http.https://github.com/.extraheader AUTHORIZATION: basic ***
2026-10-02T09:44:29.1135334Z ##[endgroup]
2026-10-02T09:44:29.1142848Z ##[group]Fetching the repository
2026-10-02T09:44:29.1144185Z [command]/usr/bin/git -c protocol.version=2 fetch --no-tags --prune --no-recurse-submodules --depth=1 origin +73130b62473064f3ed3933b236243ecb314b4830:refs/remotes/pull/1/merge
2026-10-02T09:44:37.6692371Z From https://github.com/llongwang751-arch/mini-drop
2026-10-02T09:44:37.6694303Z  * [new ref]         73130b62473064f3ed3933b236243ecb314b4830 -> pull/1/merge
2026-10-02T09:44:37.6697259Z ##[endgroup]
2026-10-02T09:44:37.6698423Z ##[group]Determining the checkout info
2026-10-02T09:44:37.6699627Z ##[endgroup]
2026-10-02T09:44:37.6705485Z [command]/usr/bin/git sparse-checkout disable
2026-10-02T09:44:37.7145783Z [command]/usr/bin/git config --local --unset-all extensions.worktreeConfig
2026-10-02T09:44:37.7184080Z ##[group]Checking out the ref
2026-10-02T09:44:37.7185875Z [command]/usr/bin/git checkout --progress --force refs/remotes/pull/1/merge
2026-10-02T09:44:38.7262308Z Updating files:  87% (3833/4370)
2026-10-02T09:44:38.7279787Z Updating files:  88% (3846/4370)
2026-10-02T09:44:38.7300559Z Updating files:  89% (3890/4370)
2026-10-02T09:44:38.7319400Z Updating files:  90% (3933/4370)
2026-10-02T09:44:38.7354181Z Updating files:  91% (3977/4370)
2026-10-02T09:44:38.7367686Z Updating files:  92% (4021/4370)
2026-10-02T09:44:38.7384432Z Updating files:  93% (4065/4370)
2026-10-02T09:44:38.7399990Z Updating files:  94% (4108/4370)
2026-10-02T09:44:38.7420415Z Updating files:  95% (4152/4370)
2026-10-02T09:44:38.7526668Z Updating files:  96% (4196/4370)
2026-10-02T09:44:38.7541326Z Updating files:  97% (4239/4370)
2026-10-02T09:44:38.7556970Z Updating files:  98% (4283/4370)
2026-10-02T09:44:38.7570403Z Updating files:  99% (4327/4370)
2026-10-02T09:44:38.7570784Z Updating files: 100% (4370/4370)
2026-10-02T09:44:38.7571216Z Updating files: 100% (4370/4370), done.
2026-10-02T09:44:38.7614307Z Note: switching to 'refs/remotes/pull/1/merge'.
2026-10-02T09:44:38.7614670Z 
2026-10-02T09:44:38.7615025Z You are in 'detached HEAD' state. You can look around, make experimental
2026-10-02T09:44:38.7615523Z changes and commit them, and you can discard any commits you make in this
2026-10-02T09:44:38.7615976Z state without impacting any branches by switching back to a branch.
2026-10-02T09:44:38.7616276Z 
2026-10-02T09:44:38.7616491Z If you want to create a new branch to retain commits you create, you may
2026-10-02T09:44:38.7616931Z do so (now or later) by using -c with the switch command. Example:
2026-10-02T09:44:38.7617276Z 
2026-10-02T09:44:38.7617490Z   git switch -c <new-branch-name>
2026-10-02T09:44:38.7617696Z 
2026-10-02T09:44:38.7617865Z Or undo this operation with:
2026-10-02T09:44:38.7618015Z 
2026-10-02T09:44:38.7618199Z   git switch -
2026-10-02T09:44:38.7618352Z 
2026-10-02T09:44:38.7618581Z Turn off this advice by setting config variable advice.detachedHead to false
2026-10-02T09:44:38.7618851Z 
2026-10-02T09:44:38.7619142Z HEAD is now at 73130b6 Merge b398e16465f66ad267c5fb4a6c203f651c17e3a2 into 609ea8a73f845b496b59b5cae181f515c5919850
2026-10-02T09:44:38.7664027Z ##[endgroup]
2026-10-02T09:44:38.7696793Z [command]/usr/bin/git log -1 --format=%H
2026-10-02T09:44:38.7722832Z 73130b62473064f3ed3933b236243ecb314b4830
2026-10-02T09:44:38.7900874Z ##[group]Run sudo apt-get update
2026-10-02T09:44:38.7901266Z [36;1msudo apt-get update[0m
2026-10-02T09:44:38.7901678Z [36;1msudo apt-get install -y --no-install-recommends \[0m
2026-10-02T09:44:38.7902104Z [36;1m  build-essential cmake libgrpc++-dev libprotobuf-dev libpqxx-dev \[0m
2026-10-02T09:44:38.7902737Z [36;1m  nlohmann-json3-dev pkg-config protobuf-compiler protobuf-compiler-grpc[0m
2026-10-02T09:44:38.8599187Z shell: /usr/bin/bash -e {0}
2026-10-02T09:44:38.8600173Z ##[endgroup]
2026-10-02T09:44:39.1699020Z Get:1 file:/etc/apt/apt-mirrors.txt Mirrorlist [144 B]
2026-10-02T09:44:39.2427665Z Get:6 https://packages.microsoft.com/ubuntu/22.04/prod jammy InRelease [3632 B]
2026-10-02T09:44:39.2488781Z Hit:2 http://azure.archive.ubuntu.com/ubuntu jammy InRelease
2026-10-02T09:44:39.2497594Z Get:3 http://azure.archive.ubuntu.com/ubuntu jammy-updates InRelease [128 kB]
2026-10-02T09:44:39.2513688Z Get:4 http://azure.archive.ubuntu.com/ubuntu jammy-backports InRelease [127 kB]
2026-10-02T09:44:39.2526738Z Get:5 http://azure.archive.ubuntu.com/ubuntu jammy-security InRelease [129 kB]
2026-10-02T09:44:39.2859000Z Get:7 https://packages.microsoft.com/ubuntu/22.04/prod jammy/main amd64 Packages [792 kB]
2026-10-02T09:44:39.2990178Z Get:8 https://packages.microsoft.com/ubuntu/22.04/prod jammy/main arm64 Packages [550 kB]
2026-10-02T09:44:39.5246581Z Get:9 http://azure.archive.ubuntu.com/ubuntu jammy-updates/main amd64 Packages [3899 kB]
2026-10-02T09:44:39.5371184Z Get:10 http://azure.archive.ubuntu.com/ubuntu jammy-updates/main Translation-en [575 kB]
2026-10-02T09:44:39.5395907Z Get:11 http://azure.archive.ubuntu.com/ubuntu jammy-updates/restricted amd64 Packages [6701 kB]
2026-10-02T09:44:39.5647189Z Get:12 http://azure.archive.ubuntu.com/ubuntu jammy-updates/restricted Translation-en [1287 kB]
2026-10-02T09:44:39.6602818Z Get:13 http://azure.archive.ubuntu.com/ubuntu jammy-updates/universe amd64 Packages [1285 kB]
2026-10-02T09:44:39.6653768Z Get:14 http://azure.archive.ubuntu.com/ubuntu jammy-updates/universe Translation-en [325 kB]
2026-10-02T09:44:39.6668812Z Get:15 http://azure.archive.ubuntu.com/ubuntu jammy-security/main amd64 Packages [3598 kB]
2026-10-02T09:44:39.6791147Z Get:16 http://azure.archive.ubuntu.com/ubuntu jammy-security/main Translation-en [504 kB]
2026-10-02T09:44:39.6813904Z Get:17 http://azure.archive.ubuntu.com/ubuntu jammy-security/restricted amd64 Packages [6410 kB]
2026-10-02T09:44:39.7019119Z Get:18 http://azure.archive.ubuntu.com/ubuntu jammy-security/restricted Translation-en [1232 kB]
2026-10-02T09:44:39.7471271Z Get:19 http://azure.archive.ubuntu.com/ubuntu jammy-security/universe amd64 Packages [1052 kB]
2026-10-02T09:44:39.7509198Z Get:20 http://azure.archive.ubuntu.com/ubuntu jammy-security/universe Translation-en [236 kB]
2026-10-02T09:44:48.1420029Z Fetched 28.8 MB in 3s (10.4 MB/s)
2026-10-02T09:44:49.1796760Z Reading package lists...
2026-10-02T09:44:49.2320118Z Reading package lists...
2026-10-02T09:44:49.4528431Z Building dependency tree...
2026-10-02T09:44:49.4538987Z Reading state information...
2026-10-02T09:44:49.6348286Z build-essential is already the newest version (12.9ubuntu3).
2026-10-02T09:44:49.6349967Z build-essential set to manually installed.
2026-10-02T09:44:49.6351151Z The following additional packages will be installed:
2026-10-02T09:44:49.6352319Z   cmake-data dh-elpa-helper libabsl20210324 libgrpc++1 libgrpc-dev libgrpc10
2026-10-02T09:44:49.6357307Z   libjsoncpp25 libpqxx-6.4 libprotobuf23 libprotoc23 librhash0
2026-10-02T09:44:49.6363834Z Suggested packages:
2026-10-02T09:44:49.6364573Z   cmake-doc ninja-build cmake-format libpqxx-doc protobuf-mode-el
2026-10-02T09:44:49.6543195Z The following packages will be REMOVED:
2026-10-02T09:44:49.6543714Z   pkgconf r-base-dev
2026-10-02T09:44:49.6553868Z The following NEW packages will be installed:
2026-10-02T09:44:49.6574072Z   cmake cmake-data dh-elpa-helper libabsl20210324 libgrpc++-dev libgrpc++1
2026-10-02T09:44:49.6575484Z   libgrpc-dev libgrpc10 libjsoncpp25 libpqxx-6.4 libpqxx-dev libprotobuf-dev
2026-10-02T09:44:49.6576159Z   libprotobuf23 libprotoc23 librhash0 nlohmann-json3-dev pkg-config
2026-10-02T09:44:49.6577347Z   protobuf-compiler protobuf-compiler-grpc
2026-10-02T09:44:49.6700210Z 0 upgraded, 19 newly installed, 2 to remove and 20 not upgraded.
2026-10-02T09:44:49.6700680Z Need to get 14.7 MB of archives.
2026-10-02T09:44:49.6701195Z After this operation, 81.5 MB of additional disk space will be used.
2026-10-02T09:44:49.6701794Z Get:1 file:/etc/apt/apt-mirrors.txt Mirrorlist [144 B]
2026-10-02T09:44:49.7307642Z Get:2 http://azure.archive.ubuntu.com/ubuntu jammy/main amd64 pkg-config amd64 0.29.2-1ubuntu3 [48.2 kB]
2026-10-02T09:44:49.7647541Z Get:3 http://azure.archive.ubuntu.com/ubuntu jammy/main amd64 libjsoncpp25 amd64 1.9.5-3 [80.0 kB]
2026-10-02T09:44:49.7928309Z Get:4 http://azure.archive.ubuntu.com/ubuntu jammy/main amd64 librhash0 amd64 1.4.2-1ubuntu1 [125 kB]
2026-10-02T09:44:49.8210186Z Get:5 http://azure.archive.ubuntu.com/ubuntu jammy/main amd64 dh-elpa-helper all 2.0.9ubuntu1 [7610 B]
2026-10-02T09:44:49.8487258Z Get:6 http://azure.archive.ubuntu.com/ubuntu jammy-updates/main amd64 cmake-data all 3.22.1-1ubuntu1.22.04.2 [1913 kB]
2026-10-02T09:44:49.8931323Z Get:7 http://azure.archive.ubuntu.com/ubuntu jammy-updates/main amd64 cmake amd64 3.22.1-1ubuntu1.22.04.2 [5010 kB]
2026-10-02T09:44:49.9679714Z Get:8 http://azure.archive.ubuntu.com/ubuntu jammy-updates/main amd64 libabsl20210324 amd64 0~20210324.2-2ubuntu0.3 [386 kB]
2026-10-02T09:44:49.9989872Z Get:9 http://azure.archive.ubuntu.com/ubuntu jammy/universe amd64 libgrpc10 amd64 1.30.2-3build6 [1470 kB]
2026-10-02T09:44:50.0384426Z Get:10 http://azure.archive.ubuntu.com/ubuntu jammy-updates/main amd64 libprotobuf23 amd64 3.12.4-1ubuntu7.22.04.6 [877 kB]
2026-10-02T09:44:50.0729295Z Get:11 http://azure.archive.ubuntu.com/ubuntu jammy/universe amd64 libgrpc++1 amd64 1.30.2-3build6 [402 kB]
2026-10-02T09:44:50.1036138Z Get:12 http://azure.archive.ubuntu.com/ubuntu jammy/universe amd64 libgrpc-dev amd64 1.30.2-3build6 [1066 kB]
2026-10-02T09:44:50.1466843Z Get:13 http://azure.archive.ubuntu.com/ubuntu jammy/universe amd64 libgrpc++-dev amd64 1.30.2-3build6 [564 kB]
2026-10-02T09:44:50.1872073Z Get:14 http://azure.archive.ubuntu.com/ubuntu jammy/universe amd64 libpqxx-6.4 amd64 6.4.5-2build1 [155 kB]
2026-10-02T09:44:50.2228145Z Get:15 http://azure.archive.ubuntu.com/ubuntu jammy/universe amd64 libpqxx-dev amd64 6.4.5-2build1 [243 kB]
2026-10-02T09:44:50.2588649Z Get:16 http://azure.archive.ubuntu.com/ubuntu jammy-updates/main amd64 libprotoc23 amd64 3.12.4-1ubuntu7.22.04.6 [662 kB]
2026-10-02T09:44:50.3319516Z Get:17 http://azure.archive.ubuntu.com/ubuntu jammy/universe amd64 nlohmann-json3-dev all 3.10.5-2 [167 kB]
2026-10-02T09:44:50.4797271Z Get:18 http://azure.archive.ubuntu.com/ubuntu jammy-updates/universe amd64 protobuf-compiler amd64 3.12.4-1ubuntu7.22.04.6 [29.2 kB]
2026-10-02T09:44:50.5164191Z Get:19 http://azure.archive.ubuntu.com/ubuntu jammy/universe amd64 protobuf-compiler-grpc amd64 1.30.2-3build6 [185 kB]
2026-10-02T09:44:50.6148694Z Get:20 http://azure.archive.ubuntu.com/ubuntu jammy-updates/main amd64 libprotobuf-dev amd64 3.12.4-1ubuntu7.22.04.6 [1347 kB]
2026-10-02T09:44:51.0710089Z Fetched 14.7 MB in 1s (14.1 MB/s)
2026-10-02T09:44:51.1039539Z (Reading database ... 
2026-10-02T09:44:51.1040301Z (Reading database ... 5%
2026-10-02T09:44:51.1040614Z (Reading database ... 10%
2026-10-02T09:44:51.1041006Z (Reading database ... 15%
2026-10-02T09:44:51.1041255Z (Reading database ... 20%
2026-10-02T09:44:51.1041474Z (Reading database ... 25%
2026-10-02T09:44:51.1041753Z (Reading database ... 30%
2026-10-02T09:44:51.1041983Z (Reading database ... 35%
2026-10-02T09:44:51.1042209Z (Reading database ... 40%
2026-10-02T09:44:51.1042454Z (Reading database ... 45%
2026-10-02T09:44:51.1042930Z (Reading database ... 50%
2026-10-02T09:44:51.1958990Z (Reading database ... 55%
2026-10-02T09:44:51.7553565Z (Reading database ... 60%
2026-10-02T09:44:51.9928705Z (Reading database ... 65%
2026-10-02T09:44:52.5068873Z (Reading database ... 70%
2026-10-02T09:44:53.0973311Z (Reading database ... 75%
2026-10-02T09:44:53.4785144Z (Reading database ... 80%
2026-10-02T09:44:53.7428366Z (Reading database ... 85%
2026-10-02T09:44:54.0009607Z (Reading database ... 90%
2026-10-02T09:44:54.5506741Z (Reading database ... 95%
2026-10-02T09:44:54.5507163Z (Reading database ... 100%
2026-10-02T09:44:54.5507848Z (Reading database ... 260410 files and directories currently installed.)
2026-10-02T09:44:54.5573013Z Removing r-base-dev (4.6.1-6.2204.0) ...
2026-10-02T09:44:54.7489358Z dpkg: pkgconf: dependency problems, but removing anyway as you requested:
2026-10-02T09:44:54.7490166Z  php8.1-dev depends on pkg-config; however:
2026-10-02T09:44:54.7490544Z   Package pkg-config is not installed.
2026-10-02T09:44:54.7490904Z   Package pkgconf which provides pkg-config is to be removed.
2026-10-02T09:44:54.7491436Z  mono-devel depends on pkg-config; however:
2026-10-02T09:44:54.7491841Z   Package pkg-config is not installed.
2026-10-02T09:44:54.7492357Z   Package pkgconf which provides pkg-config is to be removed.
2026-10-02T09:44:54.7493066Z  libmagickwand-6.q16-dev:amd64 depends on pkg-config; however:
2026-10-02T09:44:54.7493544Z   Package pkg-config is not installed.
2026-10-02T09:44:54.7493980Z   Package pkgconf which provides pkg-config is to be removed.
2026-10-02T09:44:54.7494489Z  libmagickcore-6.q16-dev:amd64 depends on pkg-config; however:
2026-10-02T09:44:54.7494886Z   Package pkg-config is not installed.
2026-10-02T09:44:54.7495228Z   Package pkgconf which provides pkg-config is to be removed.
2026-10-02T09:44:54.7495579Z  libglib2.0-dev:amd64 depends on pkg-config; however:
2026-10-02T09:44:54.7495931Z   Package pkg-config is not installed.
2026-10-02T09:44:54.7496300Z   Package pkgconf which provides pkg-config is to be removed.
2026-10-02T09:44:54.7496698Z  libfontconfig-dev:amd64 depends on pkg-config; however:
2026-10-02T09:44:54.7497036Z   Package pkg-config is not installed.
2026-10-02T09:44:54.7497360Z   Package pkgconf which provides pkg-config is to be removed.
2026-10-02T09:44:54.7497651Z 
2026-10-02T09:44:54.7564182Z Removing pkgconf (1.8.0-1) ...
2026-10-02T09:44:54.8643356Z Removing 'diversion of /usr/bin/pkg-config to /usr/bin/pkg-config.real by pkgconf'
2026-10-02T09:44:54.8737606Z Removing 'diversion of /usr/share/aclocal/pkg.m4 to /usr/share/aclocal/pkg.real.m4 by pkgconf'
2026-10-02T09:44:54.8822675Z Removing 'diversion of /usr/share/man/man1/pkg-config.1.gz to /usr/share/man/man1/pkg-config.real.1.gz by pkgconf'
2026-10-02T09:44:54.8916007Z Removing 'diversion of /usr/share/pkg-config-crosswrapper to /usr/share/pkg-config-crosswrapper.real by pkgconf'
2026-10-02T09:44:54.9668918Z Selecting previously unselected package pkg-config.
2026-10-02T09:44:54.9705263Z (Reading database ... 
2026-10-02T09:44:54.9705609Z (Reading database ... 5%
2026-10-02T09:44:54.9705859Z (Reading database ... 10%
2026-10-02T09:44:54.9706132Z (Reading database ... 15%
2026-10-02T09:44:54.9706373Z (Reading database ... 20%
2026-10-02T09:44:54.9706643Z (Reading database ... 25%
2026-10-02T09:44:54.9706888Z (Reading database ... 30%
2026-10-02T09:44:54.9707128Z (Reading database ... 35%
2026-10-02T09:44:54.9707370Z (Reading database ... 40%
2026-10-02T09:44:54.9707609Z (Reading database ... 45%
2026-10-02T09:44:54.9707823Z (Reading database ... 50%
2026-10-02T09:44:54.9729930Z (Reading database ... 55%
2026-10-02T09:44:54.9750519Z (Reading database ... 60%
2026-10-02T09:44:54.9767909Z (Reading database ... 65%
2026-10-02T09:44:54.9860403Z (Reading database ... 70%
2026-10-02T09:44:54.9892916Z (Reading database ... 75%
2026-10-02T09:44:54.9942698Z (Reading database ... 80%
2026-10-02T09:44:55.0238337Z (Reading database ... 85%
2026-10-02T09:44:55.0250870Z (Reading database ... 90%
2026-10-02T09:44:55.0570586Z (Reading database ... 95%
2026-10-02T09:44:55.0571042Z (Reading database ... 100%
2026-10-02T09:44:55.0571515Z (Reading database ... 260388 files and directories currently installed.)
2026-10-02T09:44:55.0627578Z Preparing to unpack .../00-pkg-config_0.29.2-1ubuntu3_amd64.deb ...
2026-10-02T09:44:55.0768937Z Unpacking pkg-config (0.29.2-1ubuntu3) ...
2026-10-02T09:44:55.1015692Z Selecting previously unselected package libjsoncpp25:amd64.
2026-10-02T09:44:55.1159456Z Preparing to unpack .../01-libjsoncpp25_1.9.5-3_amd64.deb ...
2026-10-02T09:44:55.1197013Z Unpacking libjsoncpp25:amd64 (1.9.5-3) ...
2026-10-02T09:44:55.1383561Z Selecting previously unselected package librhash0:amd64.
2026-10-02T09:44:55.1523630Z Preparing to unpack .../02-librhash0_1.4.2-1ubuntu1_amd64.deb ...
2026-10-02T09:44:55.1539719Z Unpacking librhash0:amd64 (1.4.2-1ubuntu1) ...
2026-10-02T09:44:55.2056603Z Selecting previously unselected package dh-elpa-helper.
2026-10-02T09:44:55.2195087Z Preparing to unpack .../03-dh-elpa-helper_2.0.9ubuntu1_all.deb ...
2026-10-02T09:44:55.2204723Z Unpacking dh-elpa-helper (2.0.9ubuntu1) ...
2026-10-02T09:44:55.2454981Z Selecting previously unselected package cmake-data.
2026-10-02T09:44:55.2595139Z Preparing to unpack .../04-cmake-data_3.22.1-1ubuntu1.22.04.2_all.deb ...
2026-10-02T09:44:55.2654179Z Unpacking cmake-data (3.22.1-1ubuntu1.22.04.2) ...
2026-10-02T09:44:55.8873596Z Selecting previously unselected package cmake.
2026-10-02T09:44:55.9031207Z Preparing to unpack .../05-cmake_3.22.1-1ubuntu1.22.04.2_amd64.deb ...
2026-10-02T09:44:55.9040866Z Unpacking cmake (3.22.1-1ubuntu1.22.04.2) ...
2026-10-02T09:44:56.1460993Z Selecting previously unselected package libabsl20210324:amd64.
2026-10-02T09:44:56.1607125Z Preparing to unpack .../06-libabsl20210324_0~20210324.2-2ubuntu0.3_amd64.deb ...
2026-10-02T09:44:56.1617899Z Unpacking libabsl20210324:amd64 (0~20210324.2-2ubuntu0.3) ...
2026-10-02T09:44:56.1956434Z Selecting previously unselected package libgrpc10:amd64.
2026-10-02T09:44:56.2100327Z Preparing to unpack .../07-libgrpc10_1.30.2-3build6_amd64.deb ...
2026-10-02T09:44:56.3466939Z Unpacking libgrpc10:amd64 (1.30.2-3build6) ...
2026-10-02T09:44:56.4121123Z Selecting previously unselected package libprotobuf23:amd64.
2026-10-02T09:44:56.4264490Z Preparing to unpack .../08-libprotobuf23_3.12.4-1ubuntu7.22.04.6_amd64.deb ...
2026-10-02T09:44:56.4276169Z Unpacking libprotobuf23:amd64 (3.12.4-1ubuntu7.22.04.6) ...
2026-10-02T09:44:56.7226640Z Selecting previously unselected package libgrpc++1:amd64.
2026-10-02T09:44:56.7384436Z Preparing to unpack .../09-libgrpc++1_1.30.2-3build6_amd64.deb ...
2026-10-02T09:44:56.7895343Z Unpacking libgrpc++1:amd64 (1.30.2-3build6) ...
2026-10-02T09:44:56.8450637Z Selecting previously unselected package libgrpc-dev:amd64.
2026-10-02T09:44:56.8590726Z Preparing to unpack .../10-libgrpc-dev_1.30.2-3build6_amd64.deb ...
2026-10-02T09:44:56.8599757Z Unpacking libgrpc-dev:amd64 (1.30.2-3build6) ...
2026-10-02T09:44:56.9854843Z Selecting previously unselected package libgrpc++-dev:amd64.
2026-10-02T09:44:57.0000231Z Preparing to unpack .../11-libgrpc++-dev_1.30.2-3build6_amd64.deb ...
2026-10-02T09:44:57.0009141Z Unpacking libgrpc++-dev:amd64 (1.30.2-3build6) ...
2026-10-02T09:44:57.0893206Z Selecting previously unselected package libpqxx-6.4.
2026-10-02T09:44:57.1043303Z Preparing to unpack .../12-libpqxx-6.4_6.4.5-2build1_amd64.deb ...
2026-10-02T09:44:57.1050880Z Unpacking libpqxx-6.4 (6.4.5-2build1) ...
2026-10-02T09:44:57.2110448Z Selecting previously unselected package libpqxx-dev.
2026-10-02T09:44:57.2252938Z Preparing to unpack .../13-libpqxx-dev_6.4.5-2build1_amd64.deb ...
2026-10-02T09:44:57.2260740Z Unpacking libpqxx-dev (6.4.5-2build1) ...
2026-10-02T09:44:57.2606650Z Selecting previously unselected package libprotoc23:amd64.
2026-10-02T09:44:57.2750513Z Preparing to unpack .../14-libprotoc23_3.12.4-1ubuntu7.22.04.6_amd64.deb ...
2026-10-02T09:44:57.2758971Z Unpacking libprotoc23:amd64 (3.12.4-1ubuntu7.22.04.6) ...
2026-10-02T09:44:57.3106163Z Selecting previously unselected package nlohmann-json3-dev.
2026-10-02T09:44:57.3246768Z Preparing to unpack .../15-nlohmann-json3-dev_3.10.5-2_all.deb ...
2026-10-02T09:44:57.3254581Z Unpacking nlohmann-json3-dev (3.10.5-2) ...
2026-10-02T09:44:57.4558477Z Selecting previously unselected package protobuf-compiler.
2026-10-02T09:44:57.4718558Z Preparing to unpack .../16-protobuf-compiler_3.12.4-1ubuntu7.22.04.6_amd64.deb ...
2026-10-02T09:44:57.4726545Z Unpacking protobuf-compiler (3.12.4-1ubuntu7.22.04.6) ...
2026-10-02T09:44:57.4908762Z Selecting previously unselected package protobuf-compiler-grpc.
2026-10-02T09:44:57.5048120Z Preparing to unpack .../17-protobuf-compiler-grpc_1.30.2-3build6_amd64.deb ...
2026-10-02T09:44:57.5055317Z Unpacking protobuf-compiler-grpc (1.30.2-3build6) ...
2026-10-02T09:44:57.5227886Z Selecting previously unselected package libprotobuf-dev:amd64.
2026-10-02T09:44:57.5367531Z Preparing to unpack .../18-libprotobuf-dev_3.12.4-1ubuntu7.22.04.6_amd64.deb ...
2026-10-02T09:44:57.5374754Z Unpacking libprotobuf-dev:amd64 (3.12.4-1ubuntu7.22.04.6) ...
2026-10-02T09:44:57.6676503Z Setting up libprotobuf23:amd64 (3.12.4-1ubuntu7.22.04.6) ...
2026-10-02T09:44:57.6700600Z Setting up libprotobuf-dev:amd64 (3.12.4-1ubuntu7.22.04.6) ...
2026-10-02T09:44:57.6973982Z Setting up dh-elpa-helper (2.0.9ubuntu1) ...
2026-10-02T09:44:57.6995048Z Setting up libprotoc23:amd64 (3.12.4-1ubuntu7.22.04.6) ...
2026-10-02T09:44:57.7017294Z Setting up libjsoncpp25:amd64 (1.9.5-3) ...
2026-10-02T09:44:57.7041865Z Setting up pkg-config (0.29.2-1ubuntu3) ...
2026-10-02T09:44:57.7298348Z Setting up libabsl20210324:amd64 (0~20210324.2-2ubuntu0.3) ...
2026-10-02T09:44:57.7319580Z Setting up libpqxx-6.4 (6.4.5-2build1) ...
2026-10-02T09:44:57.7402197Z Setting up librhash0:amd64 (1.4.2-1ubuntu1) ...
2026-10-02T09:44:57.7427574Z Setting up cmake-data (3.22.1-1ubuntu1.22.04.2) ...
2026-10-02T09:44:57.8082003Z Setting up nlohmann-json3-dev (3.10.5-2) ...
2026-10-02T09:44:57.8104733Z Setting up libpqxx-dev (6.4.5-2build1) ...
2026-10-02T09:44:57.8127617Z Setting up protobuf-compiler (3.12.4-1ubuntu7.22.04.6) ...
2026-10-02T09:44:57.8150107Z Setting up protobuf-compiler-grpc (1.30.2-3build6) ...
2026-10-02T09:44:57.8170364Z Setting up libgrpc10:amd64 (1.30.2-3build6) ...
2026-10-02T09:44:57.8190842Z Setting up cmake (3.22.1-1ubuntu1.22.04.2) ...
2026-10-02T09:44:57.8209065Z Setting up libgrpc++1:amd64 (1.30.2-3build6) ...
2026-10-02T09:44:57.8231593Z Setting up libgrpc-dev:amd64 (1.30.2-3build6) ...
2026-10-02T09:44:57.8251583Z Setting up libgrpc++-dev:amd64 (1.30.2-3build6) ...
2026-10-02T09:44:57.8276655Z Processing triggers for man-db (2.10.2-1) ...
2026-10-02T09:44:57.8542139Z Not building database; man-db/auto-update is not 'true'.
2026-10-02T09:44:57.8562891Z Processing triggers for libc-bin (2.35-0ubuntu3.15) ...
2026-10-02T09:44:58.9916171Z 
2026-10-02T09:44:58.9917064Z Running kernel seems to be up-to-date.
2026-10-02T09:44:58.9917386Z 
2026-10-02T09:44:58.9917532Z No services need to be restarted.
2026-10-02T09:44:58.9918003Z 
2026-10-02T09:44:58.9918165Z No containers need to be restarted.
2026-10-02T09:44:58.9918381Z 
2026-10-02T09:44:58.9918524Z No user sessions are running outdated binaries.
2026-10-02T09:44:58.9918783Z 
2026-10-02T09:44:58.9919012Z No VM guests are running outdated hypervisor (qemu) binaries on this host.
2026-10-02T09:45:00.4218842Z ##[group]Run cmake -S native/agent -B /tmp/build-agent -DCMAKE_BUILD_TYPE=Release
2026-10-02T09:45:00.4219308Z [36;1mcmake -S native/agent -B /tmp/build-agent -DCMAKE_BUILD_TYPE=Release[0m
2026-10-02T09:45:00.4255843Z shell: /usr/bin/bash -e {0}
2026-10-02T09:45:00.4256183Z ##[endgroup]
2026-10-02T09:45:01.4620225Z -- The CXX compiler identification is GNU 11.4.0
2026-10-02T09:45:01.5036550Z -- Detecting CXX compiler ABI info
2026-10-02T09:45:01.5748194Z -- Detecting CXX compiler ABI info - done
2026-10-02T09:45:01.5857487Z -- Check for working CXX compiler: /usr/bin/c++ - skipped
2026-10-02T09:45:01.5913158Z -- Detecting CXX compile features
2026-10-02T09:45:01.5921999Z -- Detecting CXX compile features - done
2026-10-02T09:45:01.6094698Z -- Found PkgConfig: /usr/bin/pkg-config (found version "0.29.2")
2026-10-02T09:45:01.6098822Z -- Checking for module 'grpc++'
2026-10-02T09:45:01.6158665Z --   Found grpc++, version 1.30.2
2026-10-02T09:45:01.6341148Z -- Checking for module 'protobuf'
2026-10-02T09:45:01.6398453Z --   Found protobuf, version 3.12.4
2026-10-02T09:45:01.6540988Z -- Configuring done (0.8s)
2026-10-02T09:45:01.6598123Z -- Generating done (0.0s)
2026-10-02T09:45:01.6599935Z -- Build files have been written to: /tmp/build-agent
2026-10-02T09:45:01.6654768Z ##[group]Run cmake --build /tmp/build-agent --parallel
2026-10-02T09:45:01.6655194Z [36;1mcmake --build /tmp/build-agent --parallel[0m
2026-10-02T09:45:01.6688370Z shell: /usr/bin/bash -e {0}
2026-10-02T09:45:01.6688745Z ##[endgroup]
2026-10-02T09:45:01.6831935Z [  2%] Generating generated/common.pb.cc, generated/common.grpc.pb.cc, generated/errorcode.pb.cc, generated/errorcode.grpc.pb.cc, generated/taskkind.pb.cc, generated/taskkind.grpc.pb.cc, generated/hotmethod.pb.cc, generated/hotmethod.grpc.pb.cc, generated/healthcheck.pb.cc, generated/healthcheck.grpc.pb.cc, generated/init.pb.cc, generated/init.grpc.pb.cc
2026-10-02T09:45:01.6866417Z [  5%] Building CXX object CMakeFiles/self-metrics-test.dir/tests/self_metrics_test.cpp.o
2026-10-02T09:45:01.6883987Z [  8%] Building CXX object CMakeFiles/result-outbox-test.dir/tests/result_outbox_test.cpp.o
2026-10-02T09:45:01.6943386Z [ 10%] Building CXX object CMakeFiles/result-outbox-test.dir/src/result_outbox.cpp.o
2026-10-02T09:45:01.6964702Z [ 13%] Building CXX object CMakeFiles/process-snapshot-test.dir/tests/process_snapshot_test.cpp.o
2026-10-02T09:45:01.7003812Z [ 16%] Building CXX object CMakeFiles/process-snapshot-test.dir/src/process_snapshot.cpp.o
2026-10-02T09:45:01.7005998Z [ 18%] Building CXX object CMakeFiles/perf-samples-test.dir/tests/perf_samples_test.cpp.o
2026-10-02T09:45:01.7006950Z [ 21%] Building CXX object CMakeFiles/runtime-guard-test.dir/tests/runtime_guard_test.cpp.o
2026-10-02T09:45:01.7273915Z [ 24%] Building CXX object CMakeFiles/mini-drop-native-agent.dir/src/config.cpp.o
2026-10-02T09:45:01.7283029Z [ 27%] Building CXX object CMakeFiles/mini-drop-native-agent.dir/src/main.cpp.o
2026-10-02T09:45:01.7284259Z [ 29%] Building CXX object CMakeFiles/mini-drop-native-agent.dir/src/process_runner.cpp.o
2026-10-02T09:45:01.7288985Z [ 32%] Building CXX object CMakeFiles/mini-drop-native-agent.dir/src/process_snapshot.cpp.o
2026-10-02T09:45:01.7296203Z [ 35%] Building CXX object CMakeFiles/mini-drop-native-agent.dir/src/artifact_uploader.cpp.o
2026-10-02T09:45:01.7349153Z [ 37%] Building CXX object CMakeFiles/mini-drop-native-agent.dir/src/collector_registry.cpp.o
2026-10-02T09:45:01.7384228Z [ 40%] Building CXX object CMakeFiles/mini-drop-native-agent.dir/src/perf_collector.cpp.o
2026-10-02T09:45:01.7437584Z [ 43%] Building CXX object CMakeFiles/mini-drop-native-agent.dir/src/ebpf_io_collector.cpp.o
2026-10-02T09:45:01.7477931Z [ 45%] Building CXX object CMakeFiles/mini-drop-native-agent.dir/src/language_collectors.cpp.o
2026-10-02T09:45:01.7502872Z [ 48%] Building CXX object CMakeFiles/mini-drop-native-agent.dir/src/result_outbox.cpp.o
2026-10-02T09:45:01.7507148Z [ 51%] Building CXX object CMakeFiles/mini-drop-native-agent.dir/generated/common.pb.cc.o
2026-10-02T09:45:01.7513497Z [ 54%] Building CXX object CMakeFiles/mini-drop-native-agent.dir/generated/common.grpc.pb.cc.o
2026-10-02T09:45:01.7666347Z [ 56%] Building CXX object CMakeFiles/mini-drop-native-agent.dir/src/proc_collectors.cpp.o
2026-10-02T09:45:01.7688395Z [ 59%] Building CXX object CMakeFiles/mini-drop-native-agent.dir/generated/errorcode.pb.cc.o
2026-10-02T09:45:01.7833188Z [ 64%] Building CXX object CMakeFiles/mini-drop-native-agent.dir/generated/errorcode.grpc.pb.cc.o
2026-10-02T09:45:01.7910864Z [ 64%] Building CXX object CMakeFiles/mini-drop-native-agent.dir/generated/taskkind.pb.cc.o
2026-10-02T09:45:01.7911831Z [ 67%] Building CXX object CMakeFiles/mini-drop-native-agent.dir/generated/taskkind.grpc.pb.cc.o
2026-10-02T09:45:01.7913181Z [ 70%] Building CXX object CMakeFiles/mini-drop-native-agent.dir/generated/hotmethod.pb.cc.o
2026-10-02T09:45:01.7914044Z [ 72%] Building CXX object CMakeFiles/mini-drop-native-agent.dir/generated/hotmethod.grpc.pb.cc.o
2026-10-02T09:45:01.7953449Z [ 75%] Building CXX object CMakeFiles/mini-drop-native-agent.dir/generated/healthcheck.pb.cc.o
2026-10-02T09:45:01.8126661Z [ 78%] Building CXX object CMakeFiles/mini-drop-native-agent.dir/generated/init.pb.cc.o
2026-10-02T09:45:01.8173818Z [ 81%] Building CXX object CMakeFiles/mini-drop-native-agent.dir/generated/healthcheck.grpc.pb.cc.o
2026-10-02T09:45:01.8174593Z [ 83%] Building CXX object CMakeFiles/mini-drop-native-agent.dir/generated/init.grpc.pb.cc.o
2026-10-02T09:45:05.6243347Z /home/runner/work/mini-drop/mini-drop/native/agent/src/language_collectors.cpp: In member function ‘virtual mini_drop_native::TaskResult mini_drop_native::{anonymous}::PySpyCollector::collect(const mini_drop_native::Config&, const mini_drop_native::Task&, const std::atomic<bool>&, std::atomic<bool>&) const’:
2026-10-02T09:45:05.6385269Z /home/runner/work/mini-drop/mini-drop/native/agent/src/language_collectors.cpp:176:82: warning: missing initializer for member ‘mini_drop_native::TaskResult::task_attempt_authority’ [-Wmissing-field-initializers]
2026-10-02T09:45:05.6503766Z   176 |       return {task.id, false, "py-spy is not installed in native Agent image", ""};
2026-10-02T09:45:05.6634211Z       |                                                                                  ^
2026-10-02T09:45:05.6905490Z /home/runner/work/mini-drop/mini-drop/native/agent/src/language_collectors.cpp:176:82: warning: missing initializer for member ‘mini_drop_native::TaskResult::task_attempt_id’ [-Wmissing-field-initializers]
2026-10-02T09:45:05.6995257Z /home/runner/work/mini-drop/mini-drop/native/agent/src/language_collectors.cpp:176:82: warning: missing initializer for member ‘mini_drop_native::TaskResult::error_code’ [-Wmissing-field-initializers]
2026-10-02T09:45:05.7055060Z /home/runner/work/mini-drop/mini-drop/native/agent/src/language_collectors.cpp: In member function ‘virtual mini_drop_native::TaskResult mini_drop_native::{anonymous}::AsyncProfilerCollector::collect(const mini_drop_native::Config&, const mini_drop_native::Task&, const std::atomic<bool>&, std::atomic<bool>&) const’:
2026-10-02T09:45:05.7265186Z /home/runner/work/mini-drop/mini-drop/native/agent/src/language_collectors.cpp:202:17: warning: missing initializer for member ‘mini_drop_native::TaskResult::task_attempt_authority’ [-Wmissing-field-initializers]
2026-10-02T09:45:05.7393683Z   202 |               ""};
2026-10-02T09:45:05.7504031Z       |                 ^
2026-10-02T09:45:05.7655251Z /home/runner/work/mini-drop/mini-drop/native/agent/src/language_collectors.cpp:202:17: warning: missing initializer for member ‘mini_drop_native::TaskResult::task_attempt_id’ [-Wmissing-field-initializers]
2026-10-02T09:45:05.7755378Z /home/runner/work/mini-drop/mini-drop/native/agent/src/language_collectors.cpp:202:17: warning: missing initializer for member ‘mini_drop_native::TaskResult::error_code’ [-Wmissing-field-initializers]
2026-10-02T09:45:05.7874907Z /home/runner/work/mini-drop/mini-drop/native/agent/src/language_collectors.cpp:209:17: warning: missing initializer for member ‘mini_drop_native::TaskResult::task_attempt_authority’ [-Wmissing-field-initializers]
2026-10-02T09:45:05.8023443Z   209 |               ""};
2026-10-02T09:45:05.8093556Z       |                 ^
2026-10-02T09:45:05.8245001Z /home/runner/work/mini-drop/mini-drop/native/agent/src/language_collectors.cpp:209:17: warning: missing initializer for member ‘mini_drop_native::TaskResult::task_attempt_id’ [-Wmissing-field-initializers]
2026-10-02T09:45:05.8356006Z /home/runner/work/mini-drop/mini-drop/native/agent/src/language_collectors.cpp:209:17: warning: missing initializer for member ‘mini_drop_native::TaskResult::error_code’ [-Wmissing-field-initializers]
2026-10-02T09:45:05.8483775Z In file included from /tmp/build-agent/generated/healthcheck.pb.h:37,
2026-10-02T09:45:05.8633610Z                  from /tmp/build-agent/generated/healthcheck.pb.cc:4:
2026-10-02T09:45:05.8714489Z /tmp/build-agent/generated/hotmethod.pb.h: In member function ‘mini_drop::RecordArgv* mini_drop::TaskDesc::release_sample_argv()’:
2026-10-02T09:45:05.8824788Z /tmp/build-agent/generated/hotmethod.pb.h:3159:47: warning: ‘mini_drop::RecordArgv* mini_drop::TaskDesc::unsafe_arena_release_sample_argv()’ is deprecated [-Wdeprecated-declarations]
2026-10-02T09:45:05.8826221Z [ 86%] Linking CXX executable self-metrics-test
2026-10-02T09:45:05.8923494Z  3159 |   auto temp = unsafe_arena_release_sample_argv();
2026-10-02T09:45:05.9023434Z       |               ~~~~~~~~~~~~~~~~~~~~~~~~~~~~~~~~^~
2026-10-02T09:45:05.9143572Z /tmp/build-agent/generated/hotmethod.pb.h:449:48: note: declared here
2026-10-02T09:45:05.9233680Z   449 |   PROTOBUF_DEPRECATED ::mini_drop::RecordArgv* unsafe_arena_release_sample_argv();
2026-10-02T09:45:05.9373536Z       |                                                ^~~~~~~~~~~~~~~~~~~~~~~~~~~~~~~~
2026-10-02T09:45:05.9524319Z /tmp/build-agent/generated/hotmethod.pb.h: In member function ‘mini_drop::CosConfig* mini_drop::TaskDesc::release_cos_config()’:
2026-10-02T09:45:05.9564161Z /tmp/build-agent/generated/hotmethod.pb.h:3355:46: warning: ‘mini_drop::CosConfig* mini_drop::TaskDesc::unsafe_arena_release_cos_config()’ is deprecated [-Wdeprecated-declarations]
2026-10-02T09:45:05.9683390Z  3355 |   auto temp = unsafe_arena_release_cos_config();
2026-10-02T09:45:05.9743545Z       |               ~~~~~~~~~~~~~~~~~~~~~~~~~~~~~~~^~
2026-10-02T09:45:05.9893426Z /tmp/build-agent/generated/hotmethod.pb.h:467:47: note: declared here
2026-10-02T09:45:06.0023592Z   467 |   PROTOBUF_DEPRECATED ::mini_drop::CosConfig* unsafe_arena_release_cos_config();
2026-10-02T09:45:06.0073301Z       |                                               ^~~~~~~~~~~~~~~~~~~~~~~~~~~~~~~
2026-10-02T09:45:06.5914600Z [ 86%] Built target self-metrics-test
2026-10-02T09:45:06.7175406Z /tmp/build-agent/generated/common.pb.cc: In member function ‘virtual google::protobuf::uint8* mini_drop::CosConfig::_InternalSerialize(google::protobuf::uint8*, google::protobuf::io::EpsCopyOutputStream*) const’:
2026-10-02T09:45:06.7294941Z /tmp/build-agent/generated/common.pb.cc:664:23: warning: ‘const string& mini_drop::CosConfig::access_key() const’ is deprecated [-Wdeprecated-declarations]
2026-10-02T09:45:06.7443607Z   664 |   if (this->access_key().size() > 0) {
2026-10-02T09:45:06.7503773Z       |       ~~~~~~~~~~~~~~~~^~
2026-10-02T09:45:06.7683985Z In file included from /tmp/build-agent/generated/common.pb.cc:4:
2026-10-02T09:45:06.7824136Z /tmp/build-agent/generated/common.pb.h:1130:27: note: declared here
2026-10-02T09:45:06.7943912Z  1130 | inline const std::string& CosConfig::access_key() const {
2026-10-02T09:45:06.8043467Z       |                           ^~~~~~~~~
2026-10-02T09:45:06.8194885Z /tmp/build-agent/generated/common.pb.cc:674:23: warning: ‘const string& mini_drop::CosConfig::secret_key() const’ is deprecated [-Wdeprecated-declarations]
2026-10-02T09:45:06.8323527Z   674 |   if (this->secret_key().size() > 0) {
2026-10-02T09:45:06.8443553Z       |       ~~~~~~~~~~~~~~~~^~
2026-10-02T09:45:06.8653620Z In file included from /tmp/build-agent/generated/common.pb.cc:4:
2026-10-02T09:45:06.8803598Z /tmp/build-agent/generated/common.pb.h:1211:27: note: declared here
2026-10-02T09:45:06.8873482Z  1211 | inline const std::string& CosConfig::secret_key() const {
2026-10-02T09:45:06.9073596Z       |                           ^~~~~~~~~
2026-10-02T09:45:06.9103786Z [ 89%] Linking CXX executable perf-samples-test
2026-10-02T09:45:06.9224362Z /tmp/build-agent/generated/common.pb.cc: In member function ‘virtual size_t mini_drop::CosConfig::ByteSizeLong() const’:
2026-10-02T09:45:06.9344480Z /tmp/build-agent/generated/common.pb.cc:727:23: warning: ‘const string& mini_drop::CosConfig::access_key() const’ is deprecated [-Wdeprecated-declarations]
2026-10-02T09:45:06.9487523Z   727 |   if (this->access_key().size() > 0) {
2026-10-02T09:45:06.9663335Z       |       ~~~~~~~~~~~~~~~~^~
2026-10-02T09:45:06.9723327Z In file included from /tmp/build-agent/generated/common.pb.cc:4:
2026-10-02T09:45:06.9883570Z /tmp/build-agent/generated/common.pb.h:1130:27: note: declared here
2026-10-02T09:45:07.0033612Z  1130 | inline const std::string& CosConfig::access_key() const {
2026-10-02T09:45:07.0143403Z       |                           ^~~~~~~~~
2026-10-02T09:45:07.0236785Z /tmp/build-agent/generated/common.pb.cc:734:23: warning: ‘const string& mini_drop::CosConfig::secret_key() const’ is deprecated [-Wdeprecated-declarations]
2026-10-02T09:45:07.0403784Z   734 |   if (this->secret_key().size() > 0) {
2026-10-02T09:45:07.0603552Z       |       ~~~~~~~~~~~~~~~~^~
2026-10-02T09:45:07.0753665Z In file included from /tmp/build-agent/generated/common.pb.cc:4:
2026-10-02T09:45:07.0813604Z /tmp/build-agent/generated/common.pb.h:1211:27: note: declared here
2026-10-02T09:45:07.1023823Z  1211 | inline const std::string& CosConfig::secret_key() const {
2026-10-02T09:45:07.1113505Z       |                           ^~~~~~~~~
2026-10-02T09:45:07.1233436Z [ 91%] Linking CXX executable runtime-guard-test
2026-10-02T09:45:07.1284578Z /tmp/build-agent/generated/common.pb.cc: In member function ‘void mini_drop::CosConfig::MergeFrom(const mini_drop::CosConfig&)’:
2026-10-02T09:45:07.1494643Z /tmp/build-agent/generated/common.pb.cc:788:22: warning: ‘const string& mini_drop::CosConfig::access_key() const’ is deprecated [-Wdeprecated-declarations]
2026-10-02T09:45:07.1603795Z   788 |   if (from.access_key().size() > 0) {
2026-10-02T09:45:07.1793492Z       |       ~~~~~~~~~~~~~~~^~
2026-10-02T09:45:07.1883503Z In file included from /tmp/build-agent/generated/common.pb.cc:4:
2026-10-02T09:45:07.2043568Z /tmp/build-agent/generated/common.pb.h:1130:27: note: declared here
2026-10-02T09:45:07.2193939Z  1130 | inline const std::string& CosConfig::access_key() const {
2026-10-02T09:45:07.2403557Z       |                           ^~~~~~~~~
2026-10-02T09:45:07.2524771Z /tmp/build-agent/generated/common.pb.cc:791:22: warning: ‘const string& mini_drop::CosConfig::secret_key() const’ is deprecated [-Wdeprecated-declarations]
2026-10-02T09:45:07.2643621Z   791 |   if (from.secret_key().size() > 0) {
2026-10-02T09:45:07.2813394Z       |       ~~~~~~~~~~~~~~~^~
2026-10-02T09:45:07.2933870Z In file included from /tmp/build-agent/generated/common.pb.cc:4:
2026-10-02T09:45:07.3143647Z /tmp/build-agent/generated/common.pb.h:1211:27: note: declared here
2026-10-02T09:45:07.3233606Z  1211 | inline const std::string& CosConfig::secret_key() const {
2026-10-02T09:45:07.3443465Z       |                           ^~~~~~~~~
2026-10-02T09:45:07.3563753Z In file included from /tmp/build-agent/generated/hotmethod.grpc.pb.cc:5:
2026-10-02T09:45:07.3714524Z /tmp/build-agent/generated/hotmethod.pb.h: In member function ‘mini_drop::RecordArgv* mini_drop::TaskDesc::release_sample_argv()’:
2026-10-02T09:45:07.3865168Z /tmp/build-agent/generated/hotmethod.pb.h:3159:47: warning: ‘mini_drop::RecordArgv* mini_drop::TaskDesc::unsafe_arena_release_sample_argv()’ is deprecated [-Wdeprecated-declarations]
2026-10-02T09:45:07.4013588Z  3159 |   auto temp = unsafe_arena_release_sample_argv();
2026-10-02T09:45:07.4123594Z       |               ~~~~~~~~~~~~~~~~~~~~~~~~~~~~~~~~^~
2026-10-02T09:45:07.4313759Z /tmp/build-agent/generated/hotmethod.pb.h:449:48: note: declared here
2026-10-02T09:45:07.4468546Z   449 |   PROTOBUF_DEPRECATED ::mini_drop::RecordArgv* unsafe_arena_release_sample_argv();
2026-10-02T09:45:07.4573856Z       |                                                ^~~~~~~~~~~~~~~~~~~~~~~~~~~~~~~~
2026-10-02T09:45:07.4746557Z /tmp/build-agent/generated/hotmethod.pb.h: In member function ‘mini_drop::CosConfig* mini_drop::TaskDesc::release_cos_config()’:
2026-10-02T09:45:07.4874689Z /tmp/build-agent/generated/hotmethod.pb.h:3355:46: warning: ‘mini_drop::CosConfig* mini_drop::TaskDesc::unsafe_arena_release_cos_config()’ is deprecated [-Wdeprecated-declarations]
2026-10-02T09:45:07.4875903Z [ 91%] Built target perf-samples-test
2026-10-02T09:45:07.5003729Z  3355 |   auto temp = unsafe_arena_release_cos_config();
2026-10-02T09:45:07.5133400Z       |               ~~~~~~~~~~~~~~~~~~~~~~~~~~~~~~~^~
2026-10-02T09:45:07.5253643Z /tmp/build-agent/generated/hotmethod.pb.h:467:47: note: declared here
2026-10-02T09:45:07.5254395Z   467 |   PROTOBUF_DEPRECATED ::mini_drop::CosConfig* unsafe_arena_release_cos_config();
2026-10-02T09:45:07.5255211Z       |                                               ^~~~~~~~~~~~~~~~~~~~~~~~~~~~~~~
2026-10-02T09:45:07.5256072Z In file included from /tmp/build-agent/generated/healthcheck.pb.h:37,
2026-10-02T09:45:07.5256712Z                  from /tmp/build-agent/generated/healthcheck.grpc.pb.cc:5:
2026-10-02T09:45:07.5258068Z /tmp/build-agent/generated/hotmethod.pb.h: In member function ‘mini_drop::RecordArgv* mini_drop::TaskDesc::release_sample_argv()’:
2026-10-02T09:45:07.5259525Z /tmp/build-agent/generated/hotmethod.pb.h:3159:47: warning: ‘mini_drop::RecordArgv* mini_drop::TaskDesc::unsafe_arena_release_sample_argv()’ is deprecated [-Wdeprecated-declarations]
2026-10-02T09:45:07.5260556Z  3159 |   auto temp = unsafe_arena_release_sample_argv();
2026-10-02T09:45:07.5261083Z       |               ~~~~~~~~~~~~~~~~~~~~~~~~~~~~~~~~^~
2026-10-02T09:45:07.5261724Z /tmp/build-agent/generated/hotmethod.pb.h:449:48: note: declared here
2026-10-02T09:45:07.5413891Z   449 |   PROTOBUF_DEPRECATED ::mini_drop::RecordArgv* unsafe_arena_release_sample_argv();
2026-10-02T09:45:07.5503576Z       |                                                ^~~~~~~~~~~~~~~~~~~~~~~~~~~~~~~~
2026-10-02T09:45:07.5714677Z /tmp/build-agent/generated/hotmethod.pb.h: In member function ‘mini_drop::CosConfig* mini_drop::TaskDesc::release_cos_config()’:
2026-10-02T09:45:07.5874542Z /tmp/build-agent/generated/hotmethod.pb.h:3355:46: warning: ‘mini_drop::CosConfig* mini_drop::TaskDesc::unsafe_arena_release_cos_config()’ is deprecated [-Wdeprecated-declarations]
2026-10-02T09:45:07.5943583Z  3355 |   auto temp = unsafe_arena_release_cos_config();
2026-10-02T09:45:07.6103325Z       |               ~~~~~~~~~~~~~~~~~~~~~~~~~~~~~~~^~
2026-10-02T09:45:07.6193500Z [ 91%] Built target runtime-guard-test
2026-10-02T09:45:07.6253569Z /tmp/build-agent/generated/hotmethod.pb.h:467:47: note: declared here
2026-10-02T09:45:07.6423651Z   467 |   PROTOBUF_DEPRECATED ::mini_drop::CosConfig* unsafe_arena_release_cos_config();
2026-10-02T09:45:07.6513659Z       |                                               ^~~~~~~~~~~~~~~~~~~~~~~~~~~~~~~
2026-10-02T09:45:07.8154217Z In file included from /tmp/build-agent/generated/hotmethod.pb.cc:4:
2026-10-02T09:45:07.8304904Z /tmp/build-agent/generated/hotmethod.pb.h: In member function ‘mini_drop::RecordArgv* mini_drop::TaskDesc::release_sample_argv()’:
2026-10-02T09:45:07.8374668Z /tmp/build-agent/generated/hotmethod.pb.h:3159:47: warning: ‘mini_drop::RecordArgv* mini_drop::TaskDesc::unsafe_arena_release_sample_argv()’ is deprecated [-Wdeprecated-declarations]
2026-10-02T09:45:07.8513954Z  3159 |   auto temp = unsafe_arena_release_sample_argv();
2026-10-02T09:45:07.8743567Z       |               ~~~~~~~~~~~~~~~~~~~~~~~~~~~~~~~~^~
2026-10-02T09:45:07.8793685Z /tmp/build-agent/generated/hotmethod.pb.h:449:48: note: declared here
2026-10-02T09:45:07.8913759Z   449 |   PROTOBUF_DEPRECATED ::mini_drop::RecordArgv* unsafe_arena_release_sample_argv();
2026-10-02T09:45:07.9043441Z       |                                                ^~~~~~~~~~~~~~~~~~~~~~~~~~~~~~~~
2026-10-02T09:45:07.9134523Z /tmp/build-agent/generated/hotmethod.pb.h: In member function ‘mini_drop::CosConfig* mini_drop::TaskDesc::release_cos_config()’:
2026-10-02T09:45:07.9284420Z /tmp/build-agent/generated/hotmethod.pb.h:3355:46: warning: ‘mini_drop::CosConfig* mini_drop::TaskDesc::unsafe_arena_release_cos_config()’ is deprecated [-Wdeprecated-declarations]
2026-10-02T09:45:07.9393454Z  3355 |   auto temp = unsafe_arena_release_cos_config();
2026-10-02T09:45:07.9394151Z       |               ~~~~~~~~~~~~~~~~~~~~~~~~~~~~~~~^~
2026-10-02T09:45:07.9394660Z /tmp/build-agent/generated/hotmethod.pb.h:467:47: note: declared here
2026-10-02T09:45:07.9395404Z   467 |   PROTOBUF_DEPRECATED ::mini_drop::CosConfig* unsafe_arena_release_cos_config();
2026-10-02T09:45:07.9395995Z       |                                               ^~~~~~~~~~~~~~~~~~~~~~~~~~~~~~~
2026-10-02T09:45:08.1245457Z /tmp/build-agent/generated/hotmethod.pb.cc: In member function ‘virtual google::protobuf::uint8* mini_drop::TaskDesc::_InternalSerialize(google::protobuf::uint8*, google::protobuf::io::EpsCopyOutputStream*) const’:
2026-10-02T09:45:08.1425712Z /tmp/build-agent/generated/hotmethod.pb.cc:1228:28: warning: ‘bool mini_drop::TaskDesc::has_sample_argv() const’ is deprecated [-Wdeprecated-declarations]
2026-10-02T09:45:08.1483914Z  1228 |   if (this->has_sample_argv()) {
2026-10-02T09:45:08.1603793Z       |       ~~~~~~~~~~~~~~~~~~~~~^~
2026-10-02T09:45:08.1754126Z In file included from /tmp/build-agent/generated/hotmethod.pb.cc:4:
2026-10-02T09:45:08.1873820Z /tmp/build-agent/generated/hotmethod.pb.h:3127:13: note: declared here
2026-10-02T09:45:08.2023683Z  3127 | inline bool TaskDesc::has_sample_argv() const {
2026-10-02T09:45:08.2173543Z       |             ^~~~~~~~
2026-10-02T09:45:08.2264520Z /tmp/build-agent/generated/hotmethod.pb.cc:1258:27: warning: ‘bool mini_drop::TaskDesc::has_cos_config() const’ is deprecated [-Wdeprecated-declarations]
2026-10-02T09:45:08.2403523Z  1258 |   if (this->has_cos_config()) {
2026-10-02T09:45:08.2493444Z       |       ~~~~~~~~~~~~~~~~~~~~^~
2026-10-02T09:45:08.2643874Z In file included from /tmp/build-agent/generated/hotmethod.pb.cc:4:
2026-10-02T09:45:08.2773621Z /tmp/build-agent/generated/hotmethod.pb.h:3329:13: note: declared here
2026-10-02T09:45:08.2893555Z  3329 | inline bool TaskDesc::has_cos_config() const {
2026-10-02T09:45:08.3003639Z       |             ^~~~~~~~
2026-10-02T09:45:08.3124321Z /tmp/build-agent/generated/hotmethod.pb.cc: In member function ‘virtual size_t mini_drop::TaskDesc::ByteSizeLong() const’:
2026-10-02T09:45:08.3274717Z /tmp/build-agent/generated/hotmethod.pb.cc:1451:28: warning: ‘bool mini_drop::TaskDesc::has_sample_argv() const’ is deprecated [-Wdeprecated-declarations]
2026-10-02T09:45:08.3383520Z  1451 |   if (this->has_sample_argv()) {
2026-10-02T09:45:08.3523397Z       |       ~~~~~~~~~~~~~~~~~~~~~^~
2026-10-02T09:45:08.3524146Z In file included from /tmp/build-agent/generated/hotmethod.pb.cc:4:
2026-10-02T09:45:08.3524785Z /tmp/build-agent/generated/hotmethod.pb.h:3127:13: note: declared here
2026-10-02T09:45:08.3525440Z  3127 | inline bool TaskDesc::has_sample_argv() const {
2026-10-02T09:45:08.3525971Z       |             ^~~~~~~~
2026-10-02T09:45:08.3527258Z /tmp/build-agent/generated/hotmethod.pb.cc:1458:27: warning: ‘bool mini_drop::TaskDesc::has_cos_config() const’ is deprecated [-Wdeprecated-declarations]
2026-10-02T09:45:08.3528502Z  1458 |   if (this->has_cos_config()) {
2026-10-02T09:45:08.3528915Z       |       ~~~~~~~~~~~~~~~~~~~~^~
2026-10-02T09:45:08.3529343Z In file included from /tmp/build-agent/generated/hotmethod.pb.cc:4:
2026-10-02T09:45:08.3529994Z /tmp/build-agent/generated/hotmethod.pb.h:3329:13: note: declared here
2026-10-02T09:45:08.3530578Z  3329 | inline bool TaskDesc::has_cos_config() const {
2026-10-02T09:45:08.3531029Z       |             ^~~~~~~~
2026-10-02T09:45:08.3532004Z /tmp/build-agent/generated/hotmethod.pb.cc: In member function ‘void mini_drop::TaskDesc::MergeFrom(const mini_drop::TaskDesc&)’:
2026-10-02T09:45:08.3533653Z /tmp/build-agent/generated/hotmethod.pb.cc:1609:27: warning: ‘bool mini_drop::TaskDesc::has_sample_argv() const’ is deprecated [-Wdeprecated-declarations]
2026-10-02T09:45:08.3534548Z  1609 |   if (from.has_sample_argv()) {
2026-10-02T09:45:08.3534939Z       |       ~~~~~~~~~~~~~~~~~~~~^~
2026-10-02T09:45:08.3535427Z In file included from /tmp/build-agent/generated/hotmethod.pb.cc:4:
2026-10-02T09:45:08.3536042Z /tmp/build-agent/generated/hotmethod.pb.h:3127:13: note: declared here
2026-10-02T09:45:08.3536599Z  3127 | inline bool TaskDesc::has_sample_argv() const {
2026-10-02T09:45:08.3537084Z       |             ^~~~~~~~
2026-10-02T09:45:08.3538077Z /tmp/build-agent/generated/hotmethod.pb.cc:1612:26: warning: ‘bool mini_drop::TaskDesc::has_cos_config() const’ is deprecated [-Wdeprecated-declarations]
2026-10-02T09:45:08.3683779Z  1612 |   if (from.has_cos_config()) {
2026-10-02T09:45:08.3803331Z       |       ~~~~~~~~~~~~~~~~~~~^~
2026-10-02T09:45:08.3923465Z In file included from /tmp/build-agent/generated/hotmethod.pb.cc:4:
2026-10-02T09:45:08.4013664Z /tmp/build-agent/generated/hotmethod.pb.h:3329:13: note: declared here
2026-10-02T09:45:08.4133331Z  3329 | inline bool TaskDesc::has_cos_config() const {
2026-10-02T09:45:08.4283454Z       |             ^~~~~~~~
2026-10-02T09:45:09.3633978Z In file included from /tmp/build-agent/generated/healthcheck.pb.h:37,
2026-10-02T09:45:09.3774165Z                  from /tmp/build-agent/generated/healthcheck.grpc.pb.h:15,
2026-10-02T09:45:09.3833875Z                  from /home/runner/work/mini-drop/mini-drop/native/agent/src/main.cpp:10:
2026-10-02T09:45:09.3954928Z /tmp/build-agent/generated/hotmethod.pb.h: In member function ‘mini_drop::RecordArgv* mini_drop::TaskDesc::release_sample_argv()’:
2026-10-02T09:45:09.4064932Z /tmp/build-agent/generated/hotmethod.pb.h:3159:47: warning: ‘mini_drop::RecordArgv* mini_drop::TaskDesc::unsafe_arena_release_sample_argv()’ is deprecated [-Wdeprecated-declarations]
2026-10-02T09:45:09.4183638Z  3159 |   auto temp = unsafe_arena_release_sample_argv();
2026-10-02T09:45:09.4303780Z       |               ~~~~~~~~~~~~~~~~~~~~~~~~~~~~~~~~^~
2026-10-02T09:45:09.4373664Z /tmp/build-agent/generated/hotmethod.pb.h:449:48: note: declared here
2026-10-02T09:45:09.4484090Z   449 |   PROTOBUF_DEPRECATED ::mini_drop::RecordArgv* unsafe_arena_release_sample_argv();
2026-10-02T09:45:09.4553689Z       |                                                ^~~~~~~~~~~~~~~~~~~~~~~~~~~~~~~~
2026-10-02T09:45:09.4694266Z /tmp/build-agent/generated/hotmethod.pb.h: In member function ‘mini_drop::CosConfig* mini_drop::TaskDesc::release_cos_config()’:
2026-10-02T09:45:09.4814304Z /tmp/build-agent/generated/hotmethod.pb.h:3355:46: warning: ‘mini_drop::CosConfig* mini_drop::TaskDesc::unsafe_arena_release_cos_config()’ is deprecated [-Wdeprecated-declarations]
2026-10-02T09:45:09.4933717Z  3355 |   auto temp = unsafe_arena_release_cos_config();
2026-10-02T09:45:09.4993447Z       |               ~~~~~~~~~~~~~~~~~~~~~~~~~~~~~~~^~
2026-10-02T09:45:09.5143541Z /tmp/build-agent/generated/hotmethod.pb.h:467:47: note: declared here
2026-10-02T09:45:09.5203582Z   467 |   PROTOBUF_DEPRECATED ::mini_drop::CosConfig* unsafe_arena_release_cos_config();
2026-10-02T09:45:09.5323407Z       |                                               ^~~~~~~~~~~~~~~~~~~~~~~~~~~~~~~
2026-10-02T09:45:11.9625418Z /home/runner/work/mini-drop/mini-drop/native/agent/src/main.cpp: In function ‘mini_drop_native::Task {anonymous}::task_from_proto(const mini_drop::TaskDesc&)’:
2026-10-02T09:45:11.9634818Z /home/runner/work/mini-drop/mini-drop/native/agent/src/main.cpp:570:27: warning: ‘bool mini_drop::TaskDesc::has_sample_argv() const’ is deprecated [-Wdeprecated-declarations]
2026-10-02T09:45:11.9713750Z   570 |   if (desc.has_sample_argv()) {
2026-10-02T09:45:11.9803347Z       |       ~~~~~~~~~~~~~~~~~~~~^~
2026-10-02T09:45:11.9833903Z In file included from /tmp/build-agent/generated/healthcheck.pb.h:37,
2026-10-02T09:45:11.9893398Z                  from /tmp/build-agent/generated/healthcheck.grpc.pb.h:15,
2026-10-02T09:45:11.9983570Z                  from /home/runner/work/mini-drop/mini-drop/native/agent/src/main.cpp:10:
2026-10-02T09:45:12.0023340Z /tmp/build-agent/generated/hotmethod.pb.h:3127:13: note: declared here
2026-10-02T09:45:12.0023919Z  3127 | inline bool TaskDesc::has_sample_argv() const {
2026-10-02T09:45:12.0024511Z       |             ^~~~~~~~
2026-10-02T09:45:12.0025647Z /home/runner/work/mini-drop/mini-drop/native/agent/src/main.cpp:571:32: warning: ‘const mini_drop::RecordArgv& mini_drop::TaskDesc::sample_argv() const’ is deprecated [-Wdeprecated-declarations]
2026-10-02T09:45:12.0026481Z   571 |     task.pid = desc.sample_argv().pid();
2026-10-02T09:45:12.0026842Z       |                ~~~~~~~~~~~~~~~~^~
2026-10-02T09:45:12.0027347Z In file included from /tmp/build-agent/generated/healthcheck.pb.h:37,
2026-10-02T09:45:12.0027880Z                  from /tmp/build-agent/generated/healthcheck.grpc.pb.h:15,
2026-10-02T09:45:12.0028403Z                  from /home/runner/work/mini-drop/mini-drop/native/agent/src/main.cpp:10:
2026-10-02T09:45:12.0029230Z /tmp/build-agent/generated/hotmethod.pb.h:3141:39: note: declared here
2026-10-02T09:45:12.0029850Z  3141 | inline const ::mini_drop::RecordArgv& TaskDesc::sample_argv() const {
2026-10-02T09:45:12.0030389Z       |                                       ^~~~~~~~
2026-10-02T09:45:12.0031568Z /home/runner/work/mini-drop/mini-drop/native/agent/src/main.cpp:572:48: warning: ‘const mini_drop::RecordArgv& mini_drop::TaskDesc::sample_argv() const’ is deprecated [-Wdeprecated-declarations]
2026-10-02T09:45:12.0032539Z   572 |     task.hz = static_cast<int>(desc.sample_argv().hz());
2026-10-02T09:45:12.0033305Z       |                                ~~~~~~~~~~~~~~~~^~
2026-10-02T09:45:12.0033803Z In file included from /tmp/build-agent/generated/healthcheck.pb.h:37,
2026-10-02T09:45:12.0034384Z                  from /tmp/build-agent/generated/healthcheck.grpc.pb.h:15,
2026-10-02T09:45:12.0034939Z                  from /home/runner/work/mini-drop/mini-drop/native/agent/src/main.cpp:10:
2026-10-02T09:45:12.0035458Z /tmp/build-agent/generated/hotmethod.pb.h:3141:39: note: declared here
2026-10-02T09:45:12.0036042Z  3141 | inline const ::mini_drop::RecordArgv& TaskDesc::sample_argv() const {
2026-10-02T09:45:12.0036525Z       |                                       ^~~~~~~~
2026-10-02T09:45:12.0037614Z /home/runner/work/mini-drop/mini-drop/native/agent/src/main.cpp:573:54: warning: ‘const mini_drop::RecordArgv& mini_drop::TaskDesc::sample_argv() const’ is deprecated [-Wdeprecated-declarations]
2026-10-02T09:45:12.0038569Z   573 |     task.duration = static_cast<int>(desc.sample_argv().duration());
2026-10-02T09:45:12.0039069Z       |                                      ~~~~~~~~~~~~~~~~^~
2026-10-02T09:45:12.0039594Z In file included from /tmp/build-agent/generated/healthcheck.pb.h:37,
2026-10-02T09:45:12.0040123Z                  from /tmp/build-agent/generated/healthcheck.grpc.pb.h:15,
2026-10-02T09:45:12.0040682Z                  from /home/runner/work/mini-drop/mini-drop/native/agent/src/main.cpp:10:
2026-10-02T09:45:12.0041309Z /tmp/build-agent/generated/hotmethod.pb.h:3141:39: note: declared here
2026-10-02T09:45:12.0041878Z  3141 | inline const ::mini_drop::RecordArgv& TaskDesc::sample_argv() const {
2026-10-02T09:45:12.0042798Z       |                                       ^~~~~~~~
2026-10-02T09:45:12.0043974Z /home/runner/work/mini-drop/mini-drop/native/agent/src/main.cpp:574:38: warning: ‘const mini_drop::RecordArgv& mini_drop::TaskDesc::sample_argv() const’ is deprecated [-Wdeprecated-declarations]
2026-10-02T09:45:12.0123559Z   574 |     task.callgraph = desc.sample_argv().callgraph();
2026-10-02T09:45:12.0153284Z       |                      ~~~~~~~~~~~~~~~~^~
2026-10-02T09:45:12.0243468Z In file included from /tmp/build-agent/generated/healthcheck.pb.h:37,
2026-10-02T09:45:12.0303488Z                  from /tmp/build-agent/generated/healthcheck.grpc.pb.h:15,
2026-10-02T09:45:12.0343489Z                  from /home/runner/work/mini-drop/mini-drop/native/agent/src/main.cpp:10:
2026-10-02T09:45:12.0463585Z /tmp/build-agent/generated/hotmethod.pb.h:3141:39: note: declared here
2026-10-02T09:45:12.0493374Z  3141 | inline const ::mini_drop::RecordArgv& TaskDesc::sample_argv() const {
2026-10-02T09:45:12.0593256Z       |                                       ^~~~~~~~
2026-10-02T09:45:12.0654398Z /home/runner/work/mini-drop/mini-drop/native/agent/src/main.cpp:575:34: warning: ‘const mini_drop::RecordArgv& mini_drop::TaskDesc::sample_argv() const’ is deprecated [-Wdeprecated-declarations]
2026-10-02T09:45:12.0683283Z   575 |     task.event = desc.sample_argv().event();
2026-10-02T09:45:12.0683910Z       |                  ~~~~~~~~~~~~~~~~^~
2026-10-02T09:45:12.0773349Z In file included from /tmp/build-agent/generated/healthcheck.pb.h:37,
2026-10-02T09:45:12.0823308Z                  from /tmp/build-agent/generated/healthcheck.grpc.pb.h:15,
2026-10-02T09:45:12.0893308Z                  from /home/runner/work/mini-drop/mini-drop/native/agent/src/main.cpp:10:
2026-10-02T09:45:12.0923444Z /tmp/build-agent/generated/hotmethod.pb.h:3141:39: note: declared here
2026-10-02T09:45:12.0973848Z  3141 | inline const ::mini_drop::RecordArgv& TaskDesc::sample_argv() const {
2026-10-02T09:45:12.1023224Z       |                                       ^~~~~~~~
2026-10-02T09:45:12.3637140Z [ 94%] Linking CXX executable result-outbox-test
2026-10-02T09:45:12.5333718Z [ 94%] Built target result-outbox-test
2026-10-02T09:45:12.9224255Z [ 97%] Linking CXX executable process-snapshot-test
2026-10-02T09:45:14.2694351Z [ 97%] Built target process-snapshot-test
2026-10-02T09:45:15.7482313Z [100%] Linking CXX executable mini-drop-native-agent
2026-10-02T09:45:16.0218345Z [100%] Built target mini-drop-native-agent
2026-10-02T09:45:16.0405144Z ##[group]Run ctest --test-dir /tmp/build-agent --output-on-failure --no-tests=error --output-junit /tmp/build-agent/ctest.xml
2026-10-02T09:45:16.0405793Z [36;1mctest --test-dir /tmp/build-agent --output-on-failure --no-tests=error --output-junit /tmp/build-agent/ctest.xml[0m
2026-10-02T09:45:16.0440400Z shell: /usr/bin/bash -e {0}
2026-10-02T09:45:16.0440753Z ##[endgroup]
2026-10-02T09:45:16.6656003Z Internal ctest changing into directory: /tmp/build-agent
2026-10-02T09:45:16.6776463Z Test project /tmp/build-agent
2026-10-02T09:45:16.6883265Z     Start 1: self-metrics-test
2026-10-02T09:45:16.7054701Z 1/5 Test #1: self-metrics-test ................   Passed    0.00 sec
2026-10-02T09:45:16.7055146Z     Start 2: result-outbox-test
2026-10-02T09:45:17.4670818Z 2/5 Test #2: result-outbox-test ...............   Passed    0.76 sec
2026-10-02T09:45:17.4671290Z     Start 3: process-snapshot-test
2026-10-02T09:45:17.4711853Z 3/5 Test #3: process-snapshot-test ............   Passed    0.00 sec
2026-10-02T09:45:17.4712221Z     Start 4: perf-samples-test
2026-10-02T09:45:17.4883151Z 4/5 Test #4: perf-samples-test ................   Passed    0.02 sec
2026-10-02T09:45:17.4883869Z     Start 5: runtime-guard-test
2026-10-02T09:45:17.4920655Z 5/5 Test #5: runtime-guard-test ...............   Passed    0.00 sec
2026-10-02T09:45:17.4920938Z 
2026-10-02T09:45:17.4921274Z 100% tests passed, 0 tests failed out of 5
2026-10-02T09:45:17.4921517Z 
2026-10-02T09:45:17.4921629Z Total Test time (real) =   0.81 sec
2026-10-02T09:45:17.5094496Z ##[group]Run actions/upload-artifact@v4
2026-10-02T09:45:17.5094819Z with:
2026-10-02T09:45:17.5095165Z   name: native-agent-binary-73130b62473064f3ed3933b236243ecb314b4830-1
2026-10-02T09:45:17.5095703Z   path: /tmp/build-agent/mini-drop-native-agent
/tmp/build-agent/ctest.xml

2026-10-02T09:45:17.5096102Z   if-no-files-found: error
2026-10-02T09:45:17.5096346Z   retention-days: 14
2026-10-02T09:45:17.5096659Z   compression-level: 6
2026-10-02T09:45:17.5096920Z   overwrite: false
2026-10-02T09:45:17.5097227Z   include-hidden-files: false
2026-10-02T09:45:17.5097495Z ##[endgroup]
2026-10-02T09:45:17.6343071Z (node:2925) [DEP0040] DeprecationWarning: The `punycode` module is deprecated. Please use a userland alternative instead.
2026-10-02T09:45:17.6343645Z (Use `node --trace-deprecation ...` to show where the warning was created)
2026-10-02T09:45:17.6394111Z Multiple search paths detected. Calculating the least common ancestor of all paths
2026-10-02T09:45:17.6425557Z The least common ancestor is /tmp/build-agent. This will be the root directory of the artifact
2026-10-02T09:45:17.6426318Z With the provided path, there will be 2 files uploaded
2026-10-02T09:45:17.6427370Z Artifact name is valid!
2026-10-02T09:45:17.6427845Z Root directory input is valid!
2026-10-02T09:45:17.9040513Z Beginning upload of artifact content to blob storage
2026-10-02T09:45:17.9541840Z (node:2925) [DEP0169] DeprecationWarning: `url.parse()` behavior is not standardized and prone to errors that have security implications. Use the WHATWG URL API instead. CVEs are not issued for `url.parse()` vulnerabilities.
2026-10-02T09:45:18.1772767Z Uploaded bytes 437836
2026-10-02T09:45:18.2144758Z Finished uploading artifact content to blob storage!
2026-10-02T09:45:18.2145411Z SHA256 digest of uploaded artifact zip is d2fd8d55f1c256643ee184bddf62757ee21146b95a327db41c55c990f81622d6
2026-10-02T09:45:18.2146248Z Finalizing artifact upload
2026-10-02T09:45:18.4623446Z Artifact native-agent-binary-73130b62473064f3ed3933b236243ecb314b4830-1.zip successfully finalized. Artifact ID 11218734636
2026-10-02T09:45:18.4624305Z Artifact native-agent-binary-73130b62473064f3ed3933b236243ecb314b4830-1 has been successfully uploaded! Final size is 437836 bytes. Artifact ID is 11218734636
2026-10-02T09:45:18.4628396Z Artifact download URL: https://github.com/llongwang751-arch/mini-drop/actions/runs/36991509506/artifacts/11218734636
2026-10-02T09:45:18.4800321Z Post job cleanup.
2026-10-02T09:45:18.5442186Z [command]/usr/bin/git version
2026-10-02T09:45:18.5471203Z git version 2.55.0
2026-10-02T09:45:18.5498274Z Temporarily overriding HOME='/home/runner/work/_temp/d3e16c29-d896-4aad-ab6b-737d7200eb17' before making global git config changes
2026-10-02T09:45:18.5499486Z Adding repository directory to the temporary git global config as a safe directory
2026-10-02T09:45:18.5501975Z [command]/usr/bin/git config --global --add safe.directory /home/runner/work/mini-drop/mini-drop
2026-10-02T09:45:18.5530423Z [command]/usr/bin/git config --local --name-only --get-regexp core\.sshCommand
2026-10-02T09:45:18.5554192Z [command]/usr/bin/git submodule foreach --recursive sh -c "git config --local --name-only --get-regexp 'core\.sshCommand' && git config --local --unset-all 'core.sshCommand' || :"
2026-10-02T09:45:18.5719569Z [command]/usr/bin/git config --local --name-only --get-regexp http\.https\:\/\/github\.com\/\.extraheader
2026-10-02T09:45:18.5735363Z http.https://github.com/.extraheader
2026-10-02T09:45:18.5742139Z [command]/usr/bin/git config --local --unset-all http.https://github.com/.extraheader
2026-10-02T09:45:18.5767967Z [command]/usr/bin/git submodule foreach --recursive sh -c "git config --local --name-only --get-regexp 'http\.https\:\/\/github\.com\/\.extraheader' && git config --local --unset-all 'http.https://github.com/.extraheader' || :"
2026-10-02T09:45:18.5933296Z [command]/usr/bin/git config --local --name-only --get-regexp ^includeIf\.gitdir:
2026-10-02T09:45:18.5954255Z [command]/usr/bin/git submodule foreach --recursive git config --local --show-origin --name-only --get-regexp remote.origin.url
2026-10-02T09:45:18.6218803Z Cleaning up orphan processes
2026-10-02T09:45:18.6422238Z ##[warning]Node.js 20 is deprecated. The following actions target Node.js 20 but are being forced to run on Node.js 24: actions/checkout@v4, actions/upload-artifact@v4. For more information see: https://github.blog/changelog/2025-09-19-deprecation-of-node-20-on-github-actions-runners/
